#-----------------------------------------------------------
# xsim v2021.2 (64-bit)
# SW Build 3367213 on Tue Oct 19 02:47:39 MDT 2021
# IP Build 3369179 on Thu Oct 21 08:25:16 MDT 2021
# Start of session at: Wed Aug 12 21:05:17 2026
# Process ID: 186925
# Current directory: /home/lab_726/boom/hls_boom/build/gate5_3_fetch_buffer/b1/xsim
# Command line: xsim -log /home/lab_726/boom/hls_boom/reports/gate5_3_fetch_buffer/b1/logs/rtl_xsim.log -mode tcl -source {xsim.dir/fetch_buffer_rtl_snapshot/xsim_script.tcl}
# Log file: /home/lab_726/boom/hls_boom/reports/gate5_3_fetch_buffer/b1/logs/rtl_xsim.log
# Journal file: /home/lab_726/boom/hls_boom/build/gate5_3_fetch_buffer/b1/xsim/xsim.jou
# Running On: 726, OS: Linux, CPU Frequency: 2386.294 MHz, CPU Physical cores: 14, Host memory: 67148 MB
#-----------------------------------------------------------
source xsim.dir/fetch_buffer_rtl_snapshot/xsim_script.tcl
# xsim {fetch_buffer_rtl_snapshot} -autoloadwcfg -runall -onerror quit
Time resolution is 1 ps
run -all
WARNING: File ./synth_fetch_buffer_top_state_entries_pc_RAM_AUTO_1R1W.dat referenced on /home/lab_726/boom/hls_boom/build/gate5_3_fetch_buffer/b1/csynth/d8_auto/solution/syn/verilog/synth_fetch_buffer_top.v at line 1400 cannot be opened for reading. Please ensure that this file is available in the current working directory.
WARNING: File ./synth_fetch_buffer_top_state_entries_instruction_RAM_AUTO_1R1W.dat referenced on /home/lab_726/boom/hls_boom/build/gate5_3_fetch_buffer/b1/csynth/d8_auto/solution/syn/verilog/synth_fetch_buffer_top.v at line 1400 cannot be opened for reading. Please ensure that this file is available in the current working directory.
WARNING: File ./synth_fetch_buffer_top_state_entries_instruction_RAM_AUTO_1R1W.dat referenced on /home/lab_726/boom/hls_boom/build/gate5_3_fetch_buffer/b1/csynth/d8_auto/solution/syn/verilog/synth_fetch_buffer_top.v at line 1400 cannot be opened for reading. Please ensure that this file is available in the current working directory.
WARNING: File ./synth_fetch_buffer_top_state_entries_pc_RAM_AUTO_1R1W.dat referenced on /home/lab_726/boom/hls_boom/build/gate5_3_fetch_buffer/b1/csynth/d8_auto/solution/syn/verilog/synth_fetch_buffer_top.v at line 1400 cannot be opened for reading. Please ensure that this file is available in the current working directory.
WARNING: File ./synth_fetch_buffer_top_state_entries_is_rvc_RAM_AUTO_1R1W.dat referenced on /home/lab_726/boom/hls_boom/build/gate5_3_fetch_buffer/b1/csynth/d8_auto/solution/syn/verilog/synth_fetch_buffer_top.v at line 1400 cannot be opened for reading. Please ensure that this file is available in the current working directory.
WARNING: File ./synth_fetch_buffer_top_state_entries_is_rvc_RAM_AUTO_1R1W.dat referenced on /home/lab_726/boom/hls_boom/build/gate5_3_fetch_buffer/b1/csynth/d8_auto/solution/syn/verilog/synth_fetch_buffer_top.v at line 1400 cannot be opened for reading. Please ensure that this file is available in the current working directory.
CASE_PASS,runtime_reset,runtime reset clears control state
CASE_PASS,sparse_mask,partial packet compacts valid lanes
CASE_PASS,one_wide_drain,one instruction drains per invocation
CASE_PASS,full,two four-wide packets fill eight entries
CASE_PASS,backpressure,full queue atomically backpressures enqueue
CASE_PASS,capacity_reuse,dequeue capacity permits same-cycle enqueue
CASE_PASS,fifo_order,FIFO order survives full replacement
CASE_PASS,head_tail_wrap,head and tail wrap preserve FIFO order
CASE_PASS,flush_priority,flush removes all entries and rejects concurrent traffic
CASE_PASS,zero_mask,valid zero-mask packet is accepted no-op
GATE5_3_B1_FETCH_BUFFER_RTL_PASS cases=10
$finish called at time : 1686 ns : File "/home/lab_726/boom/hls_boom/rtl_tb/fetch_buffer_rtl_tb.sv" Line 180
exit
INFO: [Common 17-206] Exiting xsim at Wed Aug 12 21:05:21 2026...
