#-----------------------------------------------------------
# xsim v2021.2 (64-bit)
# SW Build 3367213 on Tue Oct 19 02:47:39 MDT 2021
# IP Build 3369179 on Thu Oct 21 08:25:16 MDT 2021
# Start of session at: Thu Jul 30 09:04:44 2026
# Process ID: 13336
# Current directory: /home/lab_726/boom/hls_boom/build/gate3_10/R1_RESET_INIT_PIPELINE/xsim
# Command line: xsim -log /home/lab_726/boom/hls_boom/reports/gate3_10/variants/R1_RESET_INIT_PIPELINE/logs/independent_alu_R7_RESET_TRACE_BACKPRESSURE.log -mode tcl -source {xsim.dir/gate3_10_snapshot/xsim_script.tcl}
# Log file: /home/lab_726/boom/hls_boom/reports/gate3_10/variants/R1_RESET_INIT_PIPELINE/logs/independent_alu_R7_RESET_TRACE_BACKPRESSURE.log
# Journal file: /home/lab_726/boom/hls_boom/build/gate3_10/R1_RESET_INIT_PIPELINE/xsim/xsim.jou
# Running On: 726, OS: Linux, CPU Frequency: 2042.762 MHz, CPU Physical cores: 14, Host memory: 67148 MB
#-----------------------------------------------------------
source xsim.dir/gate3_10_snapshot/xsim_script.tcl
# xsim {gate3_10_snapshot} -testplusarg PROGRAM=/home/lab_726/boom/hls_boom/build/gate3_10/R1_RESET_INIT_PIPELINE/xsim/independent_alu.readmemh -testplusarg PROGRAM_NAME=independent_alu -testplusarg SCENARIO=R7_RESET_TRACE_BACKPRESSURE -testplusarg MAX_CYCLES=50000 -testplusarg TRACE=/home/lab_726/boom/hls_boom/reports/gate3_10/variants/R1_RESET_INIT_PIPELINE/rtl_traces/independent_alu_R7_RESET_TRACE_BACKPRESSURE.jsonl -autoloadwcfg -runall -onerror quit
Time resolution is 1 ps
run -all
GATE3_8_IMEM program=/home/lab_726/boom/hls_boom/build/gate3_10/R1_RESET_INIT_PIPELINE/xsim/independent_alu.readmemh
GATE3_8_START scenario=R7_RESET_TRACE_BACKPRESSURE code=7 program=independent_alu max_cycles=50000
GATE3_8_PASS scenario=R7_RESET_TRACE_BACKPRESSURE cycles=13898 commits=12 resets=2 imem=14 dmem=1 loads=0 stores=1 tohost=0000000000000001
$finish called at time : 139025 ns : File "/home/lab_726/boom/hls_boom/rtl_tb/boom_core_rtl_tb.sv" Line 282
exit
INFO: [Common 17-206] Exiting xsim at Thu Jul 30 09:04:48 2026...
