#-----------------------------------------------------------
# xsim v2021.2 (64-bit)
# SW Build 3367213 on Tue Oct 19 02:47:39 MDT 2021
# IP Build 3369179 on Thu Oct 21 08:25:16 MDT 2021
# Start of session at: Wed Aug  5 20:54:45 2026
# Process ID: 51917
# Current directory: /home/lab_726/boom/hls_boom/build/gate4_1/m3c_full_core_rtl/base_m3b/xsim
# Command line: xsim -log /home/lab_726/boom/hls_boom/reports/gate4_1/m3/m3c/reset_rtl_49/logs/raw_chain_R3_RESET_IQ_NONEMPTY.log -mode tcl -source {xsim.dir/gate3_9_snapshot/xsim_script.tcl}
# Log file: /home/lab_726/boom/hls_boom/reports/gate4_1/m3/m3c/reset_rtl_49/logs/raw_chain_R3_RESET_IQ_NONEMPTY.log
# Journal file: /home/lab_726/boom/hls_boom/build/gate4_1/m3c_full_core_rtl/base_m3b/xsim/xsim.jou
# Running On: 726, OS: Linux, CPU Frequency: 5300.000 MHz, CPU Physical cores: 14, Host memory: 67148 MB
#-----------------------------------------------------------
source xsim.dir/gate3_9_snapshot/xsim_script.tcl
# xsim {gate3_9_snapshot} -testplusarg PROGRAM=/home/lab_726/boom/hls_boom/build/gate4_1/m3c_full_core_rtl/base_m3b/xsim/raw_chain.readmemh -testplusarg PROGRAM_NAME=raw_chain -testplusarg SCENARIO=R3_RESET_IQ_NONEMPTY -testplusarg MAX_CYCLES=50000 -testplusarg TRACE=/home/lab_726/boom/hls_boom/reports/gate4_1/m3/m3c/reset_rtl_49/rtl_traces/raw_chain_R3_RESET_IQ_NONEMPTY.jsonl -autoloadwcfg -runall -onerror quit
Time resolution is 1 ps
run -all
GATE3_8_IMEM program=/home/lab_726/boom/hls_boom/build/gate4_1/m3c_full_core_rtl/base_m3b/xsim/raw_chain.readmemh
GATE3_8_START scenario=R3_RESET_IQ_NONEMPTY code=3 program=raw_chain max_cycles=50000
GATE3_8_PASS scenario=R3_RESET_IQ_NONEMPTY cycles=28829 commits=14 resets=2 imem=16 dmem=1 loads=0 stores=1 tohost=0000000000000001
$finish called at time : 288335 ns : File "/home/lab_726/boom/hls_boom/rtl_tb/boom_core_rtl_tb.sv" Line 282
exit
INFO: [Common 17-206] Exiting xsim at Wed Aug  5 20:54:51 2026...
