

================================================================
== Vitis HLS Report for 'synth_mul_top'
================================================================
* Date:           Wed Aug  5 09:27:18 2026

* Version:        2021.2 (Build 3367213 on Tue Oct 19 02:47:39 MDT 2021)
* Project:        synth_mul_top
* Solution:       solution_gate4_1_m2c_word (Vivado IP Flow Target)
* Product family: zynquplus
* Target device:  xczu7ev-ffvc1156-2-e


================================================================
== Performance Estimates
================================================================
+ Timing: 
    * Summary: 
    +--------+----------+----------+------------+
    |  Clock |  Target  | Estimated| Uncertainty|
    +--------+----------+----------+------------+
    |ap_clk  |  10.00 ns|  6.488 ns|     2.70 ns|
    +--------+----------+----------+------------+

+ Latency: 
    * Summary: 
    +---------+---------+-----------+-----------+-----+-----+---------+
    |  Latency (cycles) |   Latency (absolute)  |  Interval | Pipeline|
    |   min   |   max   |    min    |    max    | min | max |   Type  |
    +---------+---------+-----------+-----------+-----+-----+---------+
    |        1|        1|  10.000 ns|  10.000 ns|    2|    2|       no|
    +---------+---------+-----------+-----------+-----+-----+---------+

    + Detail: 
        * Instance: 
        N/A

        * Loop: 
        N/A



================================================================
== Utilization Estimates
================================================================
* Summary: 
+-----------------+---------+------+--------+--------+-----+
|       Name      | BRAM_18K|  DSP |   FF   |   LUT  | URAM|
+-----------------+---------+------+--------+--------+-----+
|DSP              |        -|     -|       -|       -|    -|
|Expression       |        -|     -|       0|     621|    -|
|FIFO             |        -|     -|       -|       -|    -|
|Instance         |        -|    15|       0|      46|    -|
|Memory           |        -|     -|       -|       -|    -|
|Multiplexer      |        -|     -|       -|      14|    -|
|Register         |        -|     -|     260|       -|    -|
+-----------------+---------+------+--------+--------+-----+
|Total            |        0|    15|     260|     681|    0|
+-----------------+---------+------+--------+--------+-----+
|Available        |      624|  1728|  460800|  230400|   96|
+-----------------+---------+------+--------+--------+-----+
|Utilization (%)  |        0|    ~0|      ~0|      ~0|    0|
+-----------------+---------+------+--------+--------+-----+

+ Detail: 
    * Instance: 
    +--------------------------+-----------------------+---------+----+---+----+-----+
    |         Instance         |         Module        | BRAM_18K| DSP| FF| LUT| URAM|
    +--------------------------+-----------------------+---------+----+---+----+-----+
    |mul_64ns_64ns_128_1_1_U1  |mul_64ns_64ns_128_1_1  |        0|  15|  0|  46|    0|
    +--------------------------+-----------------------+---------+----+---+----+-----+
    |Total                     |                       |        0|  15|  0|  46|    0|
    +--------------------------+-----------------------+---------+----+---+----+-----+

    * DSP: 
    N/A

    * Memory: 
    N/A

    * FIFO: 
    N/A

    * Expression: 
    +-----------------------------+----------+----+---+----+------------+------------+
    |        Variable Name        | Operation| DSP| FF| LUT| Bitwidth P0| Bitwidth P1|
    +-----------------------------+----------+----+---+----+------------+------------+
    |high_1_fu_116_p2             |         -|   0|  0|  71|          64|          64|
    |high_3_fu_227_p2             |         -|   0|  0|  71|          64|          64|
    |icmp_ln1635_1_fu_140_p2      |      icmp|   0|  0|  11|           8|           2|
    |icmp_ln1635_2_fu_146_p2      |      icmp|   0|  0|  11|           8|           2|
    |icmp_ln1635_3_fu_152_p2      |      icmp|   0|  0|  11|           8|           1|
    |icmp_ln1635_4_fu_158_p2      |      icmp|   0|  0|  11|           8|           1|
    |icmp_ln1635_fu_134_p2        |      icmp|   0|  0|  11|           8|           3|
    |or_ln1635_1_fu_170_p2        |        or|   0|  0|   2|           1|           1|
    |or_ln1635_2_fu_176_p2        |        or|   0|  0|   2|           1|           1|
    |or_ln1635_fu_164_p2          |        or|   0|  0|   2|           1|           1|
    |valid                        |        or|   0|  0|   2|           1|           1|
    |high_5_fu_122_p3             |    select|   0|  0|  64|           1|          64|
    |high_6_fu_231_p3             |    select|   0|  0|  64|           1|          64|
    |response_result_5_fu_189_p3  |    select|   0|  0|  32|           1|          32|
    |response_result_6_fu_201_p3  |    select|   0|  0|  64|           1|          64|
    |response_result_7_fu_209_p3  |    select|   0|  0|  64|           1|          64|
    |response_result_8_fu_238_p3  |    select|   0|  0|  64|           1|          64|
    |result                       |    select|   0|  0|  64|           1|          64|
    +-----------------------------+----------+----+---+----+------------+------------+
    |Total                        |          |   0|  0| 621|         179|         557|
    +-----------------------------+----------+----+---+----+------------+------------+

    * Multiplexer: 
    +-----------+----+-----------+-----+-----------+
    |    Name   | LUT| Input Size| Bits| Total Bits|
    +-----------+----+-----------+-----+-----------+
    |ap_NS_fsm  |  14|          3|    1|          3|
    +-----------+----+-----------+-----+-----------+
    |Total      |  14|          3|    1|          3|
    +-----------+----+-----------+-----+-----------+

    * Register: 
    +---------------------------+-----+----+-----+-----------+
    |            Name           |  FF | LUT| Bits| Const Bits|
    +---------------------------+-----+----+-----+-----------+
    |ap_CS_fsm                  |    2|   0|    2|          0|
    |high_5_reg_267             |   64|   0|   64|          0|
    |icmp_ln1635_3_reg_273      |    1|   0|    1|          0|
    |icmp_ln1635_4_reg_278      |    1|   0|    1|          0|
    |response_result_7_reg_283  |   64|   0|   64|          0|
    |ret_reg_262                |  128|   0|  128|          0|
    +---------------------------+-----+----+-----+-----------+
    |Total                      |  260|   0|  260|          0|
    +---------------------------+-----+----+-----+-----------+



================================================================
== Interface
================================================================
* Summary: 
+-------------------+-----+-----+------------+---------------+--------------+
|     RTL Ports     | Dir | Bits|  Protocol  | Source Object |    C Type    |
+-------------------+-----+-----+------------+---------------+--------------+
|ap_local_block     |  out|    1|  ap_ctrl_hs|  synth_mul_top|  return value|
|ap_local_deadlock  |  out|    1|  ap_ctrl_hs|  synth_mul_top|  return value|
|ap_clk             |   in|    1|  ap_ctrl_hs|  synth_mul_top|  return value|
|ap_rst             |   in|    1|  ap_ctrl_hs|  synth_mul_top|  return value|
|ap_start           |   in|    1|  ap_ctrl_hs|  synth_mul_top|  return value|
|ap_done            |  out|    1|  ap_ctrl_hs|  synth_mul_top|  return value|
|ap_idle            |  out|    1|  ap_ctrl_hs|  synth_mul_top|  return value|
|ap_ready           |  out|    1|  ap_ctrl_hs|  synth_mul_top|  return value|
|operation          |   in|    8|     ap_none|      operation|        scalar|
|lhs                |   in|   64|     ap_none|            lhs|        scalar|
|rhs                |   in|   64|     ap_none|            rhs|        scalar|
|result             |  out|   64|      ap_vld|         result|       pointer|
|result_ap_vld      |  out|    1|      ap_vld|         result|       pointer|
|valid              |  out|    1|      ap_vld|          valid|       pointer|
|valid_ap_vld       |  out|    1|      ap_vld|          valid|       pointer|
+-------------------+-----+-----+------------+---------------+--------------+

