
****** Vitis HLS - High-Level Synthesis from C, C++ and OpenCL v2021.2 (64-bit)
  **** SW Build 3367213 on Tue Oct 19 02:47:39 MDT 2021
  **** IP Build 3369179 on Thu Oct 21 08:25:16 MDT 2021
    ** Copyright 1986-2021 Xilinx, Inc. All Rights Reserved.

source /home/lab_726/Xilinx/Vitis_HLS/2021.2/scripts/vitis_hls/hls.tcl -notrace
INFO: [HLS 200-10] Running '/home/lab_726/Xilinx/Vitis_HLS/2021.2/bin/unwrapped/lnx64.o/vitis_hls'
INFO: [HLS 200-10] For user 'lab_726' on host '726' (Linux_x86_64 version 6.8.0-136-generic) on Wed Aug 05 16:24:54 CST 2026
INFO: [HLS 200-10] On os Ubuntu 22.04.5 LTS
INFO: [HLS 200-10] In directory '/home/lab_726/boom/hls_boom/build/gate4_1/m3b_csim'
Sourcing Tcl script '/home/lab_726/boom/hls_boom/scripts/gate4_1/run_m3b_csim.tcl'
INFO: [HLS 200-1510] Running: open_project -reset m3b_full_core_csim 
INFO: [HLS 200-10] Creating and opening project '/home/lab_726/boom/hls_boom/build/gate4_1/m3b_csim/m3b_full_core_csim'.
INFO: [HLS 200-1510] Running: set_top boom_core_top 
INFO: [HLS 200-1510] Running: add_files -cflags -std=c++11 -I/home/lab_726/boom/hls_boom/include /home/lab_726/boom/hls_boom/src/boom_core_merged.cpp 
INFO: [HLS 200-10] Adding design file '/home/lab_726/boom/hls_boom/src/boom_core_merged.cpp' to the project
INFO: [HLS 200-1510] Running: add_files -tb -cflags -std=c++11 -I/home/lab_726/boom/hls_boom/include /home/lab_726/boom/hls_boom/tb/differential/divider_full_core_tests.cpp 
INFO: [HLS 200-10] Adding test bench file '/home/lab_726/boom/hls_boom/tb/differential/divider_full_core_tests.cpp' to the project
INFO: [HLS 200-1510] Running: open_solution -reset solution_m3b_csim 
INFO: [HLS 200-10] Creating and opening solution '/home/lab_726/boom/hls_boom/build/gate4_1/m3b_csim/m3b_full_core_csim/solution_m3b_csim'.
INFO: [HLS 200-10] Cleaning up the solution database.
WARNING: [HLS 200-40] No /home/lab_726/boom/hls_boom/build/gate4_1/m3b_csim/m3b_full_core_csim/solution_m3b_csim/solution_m3b_csim.aps file found.
INFO: [HLS 200-1505] Using default flow_target 'vivado'
Resolution: For help on HLS 200-1505 see www.xilinx.com/cgi-bin/docs/rdoc?v=2021.2;t=hls+guidance;d=200-1505.html
INFO: [HLS 200-1510] Running: set_part xczu7ev-ffvc1156-2-e 
INFO: [HLS 200-1611] Setting target device to 'xczu7ev-ffvc1156-2-e'
INFO: [HLS 200-1510] Running: create_clock -period 10 -name default 
INFO: [SYN 201-201] Setting up clock 'default' with a period of 10ns.
INFO: [HLS 200-1510] Running: csim_design 
INFO: [SIM 211-2] *************** CSIM start ***************
INFO: [SIM 211-4] CSIM will launch GCC as the compiler.
   Compiling ../../../../../../../tb/differential/divider_full_core_tests.cpp in debug mode
   Compiling ../../../../../../../src/boom_core_merged.cpp in debug mode
   Generating csim.exe
PASS div                    cycles=84 accept=1 wb=1 commit=1 max_latency=66 busy=64
PASS divu                   cycles=84 accept=1 wb=1 commit=1 max_latency=66 busy=64
PASS rem                    cycles=84 accept=1 wb=1 commit=1 max_latency=66 busy=64
PASS remu                   cycles=84 accept=1 wb=1 commit=1 max_latency=66 busy=64
PASS word_div_rem_mix       cycles=159 accept=4 wb=4 commit=4 max_latency=34 busy=32
WARNING: Hls::stream 'hls::stream<ImemRequest, 0>4' contains leftover data, which may result in RTL simulation hanging.
PASS divide_by_zero         cycles=45 accept=4 wb=4 commit=4 max_latency=2 busy=0
WARNING: Hls::stream 'hls::stream<ImemRequest, 0>5' contains leftover data, which may result in RTL simulation hanging.
PASS divide_overflow        cycles=53 accept=4 wb=4 commit=4 max_latency=2 busy=0
WARNING: Hls::stream 'hls::stream<ImemRequest, 0>6' contains leftover data, which may result in RTL simulation hanging.
PASS divide_dependency      cycles=218 accept=3 wb=3 commit=3 max_latency=66 busy=64
PASS divide_load_mix        cycles=167 accept=2 wb=2 commit=2 max_latency=66 busy=64
WARNING: Hls::stream 'hls::stream<ImemRequest, 0>8' contains leftover data, which may result in RTL simulation hanging.
PASS divide_branch_kill     cycles=121 accept=2 wb=1 commit=1 max_latency=66 busy=64
M3B native full-core divider programs: 10/10 PASS, commit/writeback checked, max latency 66 cycles
INFO: [SIM 211-1] CSim done with 0 errors.
INFO: [SIM 211-3] *************** CSIM finish ***************
INFO: [HLS 200-111] Finished Command csim_design CPU user time: 1.91 seconds. CPU system time: 0.25 seconds. Elapsed time: 1.63 seconds; current allocated memory: -937.109 MB.
INFO: [HLS 200-112] Total CPU user time: 3.19 seconds. Total CPU system time: 0.62 seconds. Total elapsed time: 2.63 seconds; peak allocated memory: 415.520 MB.
INFO: [Common 17-206] Exiting vitis_hls at Wed Aug  5 16:24:56 2026...
