#-----------------------------------------------------------
# xsim v2021.2 (64-bit)
# SW Build 3367213 on Tue Oct 19 02:47:39 MDT 2021
# IP Build 3369179 on Thu Oct 21 08:25:16 MDT 2021
# Start of session at: Wed Aug  5 21:49:30 2026
# Process ID: 62080
# Current directory: /home/lab_726/boom/hls_boom/build/gate4_1/m3c_w4_rtl/w3_current/xsim
# Command line: xsim -log /home/lab_726/boom/hls_boom/build/gate4_1/m3c_w4_rtl/w3_current/report_stage/logs/branch_kill.log -mode tcl -source {xsim.dir/w3_dual_execute_snapshot/xsim_script.tcl}
# Log file: /home/lab_726/boom/hls_boom/build/gate4_1/m3c_w4_rtl/w3_current/report_stage/logs/branch_kill.log
# Journal file: /home/lab_726/boom/hls_boom/build/gate4_1/m3c_w4_rtl/w3_current/xsim/xsim.jou
# Running On: 726, OS: Linux, CPU Frequency: 5300.000 MHz, CPU Physical cores: 14, Host memory: 67148 MB
#-----------------------------------------------------------
source xsim.dir/w3_dual_execute_snapshot/xsim_script.tcl
# xsim {w3_dual_execute_snapshot} -testplusarg SCENARIO=4 -testplusarg EXPECT=0000000008100400 -autoloadwcfg -runall -onerror quit
Time resolution is 1 ps
run -all
W3_RTL_PASS scenario=4 expected=0000000008100400 observed=0000000008100400
$finish called at time : 13975 ns : File "/home/lab_726/boom/hls_boom/rtl_tb/gate4_0/w3_dual_execute_tb.sv" Line 138
exit
INFO: [Common 17-206] Exiting xsim at Wed Aug  5 21:49:35 2026...
