#-----------------------------------------------------------
# xsim v2021.2 (64-bit)
# SW Build 3367213 on Tue Oct 19 02:47:39 MDT 2021
# IP Build 3369179 on Thu Oct 21 08:25:16 MDT 2021
# Start of session at: Wed Aug  5 09:50:35 2026
# Process ID: 11405
# Current directory: /home/lab_726/boom/hls_boom/build/gate4_1/m2c_final/rtl/core_xsim
# Command line: xsim -log /home/lab_726/boom/hls_boom/reports/gate4_1/m2/m2c/final/rtl/logs/full_core_B1_TRACE_STALL_1.log -mode tcl -source {xsim.dir/gate3_9_snapshot/xsim_script.tcl}
# Log file: /home/lab_726/boom/hls_boom/reports/gate4_1/m2/m2c/final/rtl/logs/full_core_B1_TRACE_STALL_1.log
# Journal file: /home/lab_726/boom/hls_boom/build/gate4_1/m2c_final/rtl/core_xsim/xsim.jou
# Running On: 726, OS: Linux, CPU Frequency: 798.769 MHz, CPU Physical cores: 14, Host memory: 67148 MB
#-----------------------------------------------------------
source xsim.dir/gate3_9_snapshot/xsim_script.tcl
# xsim {gate3_9_snapshot} -testplusarg PROGRAM=/home/lab_726/boom/hls_boom/build/gate4_1/m2c_final/rtl/core_xsim/m2b_mul_family.readmemh -testplusarg PROGRAM_NAME=m2b_mul_family -testplusarg SCENARIO=B1_TRACE_STALL_1 -testplusarg MAX_CYCLES=100000 -testplusarg TRACE=/home/lab_726/boom/hls_boom/reports/gate4_1/m2/m2c/final/rtl/traces/B1_TRACE_STALL_1.jsonl -autoloadwcfg -runall -onerror quit
Time resolution is 1 ps
run -all
GATE3_8_IMEM program=/home/lab_726/boom/hls_boom/build/gate4_1/m2c_final/rtl/core_xsim/m2b_mul_family.readmemh
GATE3_8_START scenario=B1_TRACE_STALL_1 code=11 program=m2b_mul_family max_cycles=100000
GATE3_8_PASS scenario=B1_TRACE_STALL_1 cycles=34915 commits=19 resets=1 imem=20 dmem=1 loads=0 stores=1 tohost=0000000000000001
$finish called at time : 349195 ns : File "/home/lab_726/boom/hls_boom/rtl_tb/boom_core_rtl_tb.sv" Line 282
exit
INFO: [Common 17-206] Exiting xsim at Wed Aug  5 09:50:41 2026...
