

================================================================
== Vitis HLS Report for 'divider_accept'
================================================================
* Date:           Wed Sep 16 19:43:46 2026

* Version:        2021.2 (Build 3367213 on Tue Oct 19 02:47:39 MDT 2021)
* Project:        boom_hls_g6_t0r_A5_canonical_boom_core_top
* Solution:       solution_module (Vivado IP Flow Target)
* Product family: zynquplus
* Target device:  xczu7ev-ffvc1156-2-e


================================================================
== Performance Estimates
================================================================
+ Timing: 
    * Summary: 
    +--------+----------+----------+------------+
    |  Clock |  Target  | Estimated| Uncertainty|
    +--------+----------+----------+------------+
    |ap_clk  |  10.00 ns|  4.830 ns|     2.70 ns|
    +--------+----------+----------+------------+

+ Latency: 
    * Summary: 
    +---------+---------+----------+----------+-----+-----+---------+
    |  Latency (cycles) |  Latency (absolute) |  Interval | Pipeline|
    |   min   |   max   |    min   |    max   | min | max |   Type  |
    +---------+---------+----------+----------+-----+-----+---------+
    |        0|        0|      0 ns|      0 ns|    0|    0|       no|
    +---------+---------+----------+----------+-----+-----+---------+

    + Detail: 
        * Instance: 
        N/A

        * Loop: 
        N/A

============================================================
+ Verbose Summary: Synthesis Manager
============================================================
InlineROM: 1
ExposeGlobal: 0
============================================================
+ Verbose Summary: CDFG Model
============================================================
IsTopModel: 0
ResetActiveHigh: 1
IsCombinational: 0
IsDatapathOnly: 0
HasWiredReturn: 1
HasMFsm: 0
HasVarLatency: 0
IsPipeline: 0
IsRtlPipelined: 0
IsInstanceOverlapped: 0
IsDontTouch: 0
HasImplIP: 0
IsGatedGlobalClock: 0


============================================================
+ Verbose Summary: Schedule
============================================================
* Number of FSM states : 1
* Pipeline : 0
* Dataflow Pipeline: 0

* FSM state transitions: 
1 --> 

* FSM state operations: 

State 1 <SV = 0> <Delay = 4.82>
ST_1 : Operation 2 [1/1] (0.00ns)   --->   "%p_read25 = read i64 @_ssdm_op_Read.ap_auto.i64, i64 %p_read2"   --->   Operation 2 'read' 'p_read25' <Predicate = true> <Delay = 0.00>
ST_1 : Operation 3 [1/1] (0.00ns)   --->   "%p_read14 = read i64 @_ssdm_op_Read.ap_auto.i64, i64 %p_read1"   --->   Operation 3 'read' 'p_read14' <Predicate = true> <Delay = 0.00>
ST_1 : Operation 4 [1/1] (0.00ns)   --->   "%p_read_39 = read i6 @_ssdm_op_Read.ap_auto.i6, i6 %p_read"   --->   Operation 4 'read' 'p_read_39' <Predicate = true> <Delay = 0.00>
ST_1 : Operation 5 [1/1] (0.00ns)   --->   "%state_execute_divider_arithmetic_busy_load = load i1 %state_execute_divider_arithmetic_busy" [/home/lab_726/boom/hls_boom/src/boom_core_merged.cpp:2929]   --->   Operation 5 'load' 'state_execute_divider_arithmetic_busy_load' <Predicate = true> <Delay = 0.00>
ST_1 : Operation 6 [1/1] (0.00ns)   --->   "%state_execute_divider_arithmetic_result_pending_load = load i1 %state_execute_divider_arithmetic_result_pending" [/home/lab_726/boom/hls_boom/src/boom_core_merged.cpp:2929]   --->   Operation 6 'load' 'state_execute_divider_arithmetic_result_pending_load' <Predicate = true> <Delay = 0.00>
ST_1 : Operation 7 [1/1] (0.28ns)   --->   "%or_ln2929 = or i1 %state_execute_divider_arithmetic_busy_load, i1 %state_execute_divider_arithmetic_result_pending_load" [/home/lab_726/boom/hls_boom/src/boom_core_merged.cpp:2929]   --->   Operation 7 'or' 'or_ln2929' <Predicate = true> <Delay = 0.28> <CoreInst = "LogicGate">   --->   Core 74 'LogicGate' <Latency = 0> <II = 1> <Delay = 0.28> <FuncUnit> <Opcode : 'and' 'or' 'xor'> <InPorts = 2> <OutPorts = 1>
ST_1 : Operation 8 [1/1] (0.78ns)   --->   "%empty = icmp_eq  i6 %p_read_39, i6 6"   --->   Operation 8 'icmp' 'empty' <Predicate = true> <Delay = 0.78> <CoreInst = "Cmp">   --->   Core 9 'Cmp' <Latency = 0> <II = 1> <Delay = 0.78> <FuncUnit> <Opcode : 'icmp'> <InPorts = 2> <OutPorts = 1>
ST_1 : Operation 9 [1/1] (0.78ns)   --->   "%empty_232 = icmp_eq  i6 %p_read_39, i6 2"   --->   Operation 9 'icmp' 'empty_232' <Predicate = true> <Delay = 0.78> <CoreInst = "Cmp">   --->   Core 9 'Cmp' <Latency = 0> <II = 1> <Delay = 0.78> <FuncUnit> <Opcode : 'icmp'> <InPorts = 2> <OutPorts = 1>
ST_1 : Operation 10 [1/1] (0.00ns)   --->   "%br_ln2929 = br i1 %or_ln2929, void, void %.critedge28" [/home/lab_726/boom/hls_boom/src/boom_core_merged.cpp:2929]   --->   Operation 10 'br' 'br_ln2929' <Predicate = true> <Delay = 0.00>
ST_1 : Operation 11 [1/1] (0.00ns)   --->   "%tmp = partselect i3 @_ssdm_op_PartSelect.i3.i6.i32.i32, i6 %p_read_39, i32 3, i32 5" [/home/lab_726/boom/hls_boom/src/boom_core_merged.cpp:2934]   --->   Operation 11 'partselect' 'tmp' <Predicate = (!or_ln2929)> <Delay = 0.00>
ST_1 : Operation 12 [1/1] (0.58ns)   --->   "%icmp_ln2934 = icmp_eq  i3 %tmp, i3 0" [/home/lab_726/boom/hls_boom/src/boom_core_merged.cpp:2934]   --->   Operation 12 'icmp' 'icmp_ln2934' <Predicate = (!or_ln2929)> <Delay = 0.58> <CoreInst = "Cmp">   --->   Core 9 'Cmp' <Latency = 0> <II = 1> <Delay = 0.78> <FuncUnit> <Opcode : 'icmp'> <InPorts = 2> <OutPorts = 1>
ST_1 : Operation 13 [1/1] (0.00ns)   --->   "%br_ln2933 = br i1 %icmp_ln2934, void %.critedge28, void" [/home/lab_726/boom/hls_boom/src/boom_core_merged.cpp:2933]   --->   Operation 13 'br' 'br_ln2933' <Predicate = (!or_ln2929)> <Delay = 0.00>
ST_1 : Operation 14 [1/1] (0.00ns)   --->   "%store_ln2939 = store i6 %p_read_39, i6 %state_execute_divider_arithmetic_operation" [/home/lab_726/boom/hls_boom/src/boom_core_merged.cpp:2939]   --->   Operation 14 'store' 'store_ln2939' <Predicate = (!or_ln2929 & icmp_ln2934)> <Delay = 0.00>
ST_1 : Operation 15 [1/1] (0.00ns)   --->   "%tmp_89 = bitselect i1 @_ssdm_op_BitSelect.i1.i6.i32, i6 %p_read_39, i32 2" [/home/lab_726/boom/hls_boom/src/boom_core_merged.cpp:2878]   --->   Operation 15 'bitselect' 'tmp_89' <Predicate = (!or_ln2929 & icmp_ln2934)> <Delay = 0.00>
ST_1 : Operation 16 [1/1] (0.00ns)   --->   "%store_ln2942 = store i1 %tmp_89, i1 %state_execute_divider_arithmetic_word_operation" [/home/lab_726/boom/hls_boom/src/boom_core_merged.cpp:2942]   --->   Operation 16 'store' 'store_ln2942' <Predicate = (!or_ln2929 & icmp_ln2934)> <Delay = 0.00>
ST_1 : Operation 17 [1/1] (0.00ns)   --->   "%store_ln2943 = store i8 0, i8 %state_execute_divider_arithmetic_iteration" [/home/lab_726/boom/hls_boom/src/boom_core_merged.cpp:2943]   --->   Operation 17 'store' 'store_ln2943' <Predicate = (!or_ln2929 & icmp_ln2934)> <Delay = 0.00>
ST_1 : Operation 18 [1/1] (0.00ns)   --->   "%store_ln2944 = store i63 0, i63 %state_execute_divider_arithmetic_quotient" [/home/lab_726/boom/hls_boom/src/boom_core_merged.cpp:2944]   --->   Operation 18 'store' 'store_ln2944' <Predicate = (!or_ln2929 & icmp_ln2934)> <Delay = 0.00>
ST_1 : Operation 19 [1/1] (0.00ns)   --->   "%store_ln2945 = store i64 0, i64 %state_execute_divider_arithmetic_remainder" [/home/lab_726/boom/hls_boom/src/boom_core_merged.cpp:2945]   --->   Operation 19 'store' 'store_ln2945' <Predicate = (!or_ln2929 & icmp_ln2934)> <Delay = 0.00>
ST_1 : Operation 20 [1/1] (0.43ns)   --->   "%operand_mask = select i1 %tmp_89, i33 4294967295, i33 8589934591" [/home/lab_726/boom/hls_boom/src/boom_core_merged.cpp:2949]   --->   Operation 20 'select' 'operand_mask' <Predicate = (!or_ln2929 & icmp_ln2934)> <Delay = 0.43> <CoreInst = "Sel">   --->   Core 73 'Sel' <Latency = 0> <II = 1> <Delay = 0.42> <FuncUnit> <Opcode : 'select'> <InPorts = 3> <OutPorts = 1>
ST_1 : Operation 21 [1/1] (0.43ns)   --->   "%select_ln2949_1 = select i1 %tmp_89, i64 4294967295, i64 18446744073709551615" [/home/lab_726/boom/hls_boom/src/boom_core_merged.cpp:2949]   --->   Operation 21 'select' 'select_ln2949_1' <Predicate = (!or_ln2929 & icmp_ln2934)> <Delay = 0.43> <CoreInst = "Sel">   --->   Core 73 'Sel' <Latency = 0> <II = 1> <Delay = 0.42> <FuncUnit> <Opcode : 'select'> <InPorts = 3> <OutPorts = 1>
ST_1 : Operation 22 [1/1] (0.42ns)   --->   "%sign_mask = select i1 %tmp_89, i64 2147483648, i64 9223372036854775808" [/home/lab_726/boom/hls_boom/src/boom_core_merged.cpp:2951]   --->   Operation 22 'select' 'sign_mask' <Predicate = (!or_ln2929 & icmp_ln2934)> <Delay = 0.42> <CoreInst = "Sel">   --->   Core 73 'Sel' <Latency = 0> <II = 1> <Delay = 0.42> <FuncUnit> <Opcode : 'select'> <InPorts = 3> <OutPorts = 1>
ST_1 : Operation 23 [1/1] (0.37ns)   --->   "%dividend = and i64 %select_ln2949_1, i64 %p_read14" [/home/lab_726/boom/hls_boom/src/boom_core_merged.cpp:2953]   --->   Operation 23 'and' 'dividend' <Predicate = (!or_ln2929 & icmp_ln2934)> <Delay = 0.37> <CoreInst = "LogicGate">   --->   Core 74 'LogicGate' <Latency = 0> <II = 1> <Delay = 0.28> <FuncUnit> <Opcode : 'and' 'or' 'xor'> <InPorts = 2> <OutPorts = 1>
ST_1 : Operation 24 [1/1] (0.37ns)   --->   "%divisor = and i64 %select_ln2949_1, i64 %p_read25" [/home/lab_726/boom/hls_boom/src/boom_core_merged.cpp:2954]   --->   Operation 24 'and' 'divisor' <Predicate = (!or_ln2929 & icmp_ln2934)> <Delay = 0.37> <CoreInst = "LogicGate">   --->   Core 74 'LogicGate' <Latency = 0> <II = 1> <Delay = 0.28> <FuncUnit> <Opcode : 'and' 'or' 'xor'> <InPorts = 2> <OutPorts = 1>
ST_1 : Operation 25 [1/1] (0.78ns)   --->   "%empty_233 = icmp_eq  i6 %p_read_39, i6 6"   --->   Operation 25 'icmp' 'empty_233' <Predicate = (!or_ln2929 & icmp_ln2934)> <Delay = 0.78> <CoreInst = "Cmp">   --->   Core 9 'Cmp' <Latency = 0> <II = 1> <Delay = 0.78> <FuncUnit> <Opcode : 'icmp'> <InPorts = 2> <OutPorts = 1>
ST_1 : Operation 26 [1/1] (0.78ns)   --->   "%empty_234 = icmp_eq  i6 %p_read_39, i6 4"   --->   Operation 26 'icmp' 'empty_234' <Predicate = (!or_ln2929 & icmp_ln2934)> <Delay = 0.78> <CoreInst = "Cmp">   --->   Core 9 'Cmp' <Latency = 0> <II = 1> <Delay = 0.78> <FuncUnit> <Opcode : 'icmp'> <InPorts = 2> <OutPorts = 1>
ST_1 : Operation 27 [1/1] (0.00ns) (grouped into LUT with out node empty_239)   --->   "%empty_235 = or i1 %empty_234, i1 %empty_233"   --->   Operation 27 'or' 'empty_235' <Predicate = (!or_ln2929 & icmp_ln2934)> <Delay = 0.00> <CoreInst = "LogicGate">   --->   Core 74 'LogicGate' <Latency = 0> <II = 1> <Delay = 0.28> <FuncUnit> <Opcode : 'and' 'or' 'xor'> <InPorts = 2> <OutPorts = 1>
ST_1 : Operation 28 [1/1] (0.78ns)   --->   "%empty_236 = icmp_eq  i6 %p_read_39, i6 2"   --->   Operation 28 'icmp' 'empty_236' <Predicate = (!or_ln2929 & icmp_ln2934)> <Delay = 0.78> <CoreInst = "Cmp">   --->   Core 9 'Cmp' <Latency = 0> <II = 1> <Delay = 0.78> <FuncUnit> <Opcode : 'icmp'> <InPorts = 2> <OutPorts = 1>
ST_1 : Operation 29 [1/1] (0.00ns) (grouped into LUT with out node empty_239)   --->   "%empty_237 = or i1 %empty_236, i1 %empty_235"   --->   Operation 29 'or' 'empty_237' <Predicate = (!or_ln2929 & icmp_ln2934)> <Delay = 0.00> <CoreInst = "LogicGate">   --->   Core 74 'LogicGate' <Latency = 0> <II = 1> <Delay = 0.28> <FuncUnit> <Opcode : 'and' 'or' 'xor'> <InPorts = 2> <OutPorts = 1>
ST_1 : Operation 30 [1/1] (0.78ns)   --->   "%empty_238 = icmp_eq  i6 %p_read_39, i6 0"   --->   Operation 30 'icmp' 'empty_238' <Predicate = (!or_ln2929 & icmp_ln2934)> <Delay = 0.78> <CoreInst = "Cmp">   --->   Core 9 'Cmp' <Latency = 0> <II = 1> <Delay = 0.78> <FuncUnit> <Opcode : 'icmp'> <InPorts = 2> <OutPorts = 1>
ST_1 : Operation 31 [1/1] (0.28ns) (out node of the LUT)   --->   "%empty_239 = or i1 %empty_238, i1 %empty_237"   --->   Operation 31 'or' 'empty_239' <Predicate = (!or_ln2929 & icmp_ln2934)> <Delay = 0.28> <CoreInst = "LogicGate">   --->   Core 74 'LogicGate' <Latency = 0> <II = 1> <Delay = 0.28> <FuncUnit> <Opcode : 'and' 'or' 'xor'> <InPorts = 2> <OutPorts = 1>
ST_1 : Operation 32 [1/1] (0.00ns)   --->   "%br_ln0 = br i1 %empty_239, void %.thread36, void %._crit_edge5"   --->   Operation 32 'br' 'br_ln0' <Predicate = (!or_ln2929 & icmp_ln2934)> <Delay = 0.00>
ST_1 : Operation 33 [1/1] (1.08ns)   --->   "%sub_ln2893 = sub i64 0, i64 %dividend" [/home/lab_726/boom/hls_boom/src/boom_core_merged.cpp:2893]   --->   Operation 33 'sub' 'sub_ln2893' <Predicate = (!or_ln2929 & icmp_ln2934 & !empty_239 & !sel_tmp34)> <Delay = 1.08> <CoreInst = "Adder">   --->   Core 1 'Adder' <Latency = 0> <II = 1> <Delay = 1.08> <FuncUnit> <Opcode : 'add' 'sub'> <InPorts = 2> <OutPorts = 1>
ST_1 : Operation 34 [1/1] (0.37ns)   --->   "%and_ln2959 = and i64 %select_ln2949_1, i64 %sub_ln2893" [/home/lab_726/boom/hls_boom/src/boom_core_merged.cpp:2959]   --->   Operation 34 'and' 'and_ln2959' <Predicate = (!or_ln2929 & icmp_ln2934 & !empty_239 & !sel_tmp34)> <Delay = 0.37> <CoreInst = "LogicGate">   --->   Core 74 'LogicGate' <Latency = 0> <II = 1> <Delay = 0.28> <FuncUnit> <Opcode : 'and' 'or' 'xor'> <InPorts = 2> <OutPorts = 1>
ST_1 : Operation 35 [1/1] (0.42ns)   --->   "%store_ln2958 = store i64 %dividend, i64 %state_execute_divider_arithmetic_dividend_magnitude" [/home/lab_726/boom/hls_boom/src/boom_core_merged.cpp:2958]   --->   Operation 35 'store' 'store_ln2958' <Predicate = (!or_ln2929 & icmp_ln2934 & !empty_239)> <Delay = 0.42>
ST_1 : Operation 36 [1/1] (0.47ns)   --->   "%br_ln2960 = br void %._crit_edge7" [/home/lab_726/boom/hls_boom/src/boom_core_merged.cpp:2960]   --->   Operation 36 'br' 'br_ln2960' <Predicate = (!or_ln2929 & icmp_ln2934 & !empty_239)> <Delay = 0.47>
ST_1 : Operation 37 [1/1] (0.00ns) (grouped into LUT with out node icmp_ln2955)   --->   "%and_ln2955 = and i64 %dividend, i64 %sign_mask" [/home/lab_726/boom/hls_boom/src/boom_core_merged.cpp:2955]   --->   Operation 37 'and' 'and_ln2955' <Predicate = (!or_ln2929 & icmp_ln2934 & empty_239)> <Delay = 0.00> <CoreInst = "LogicGate">   --->   Core 74 'LogicGate' <Latency = 0> <II = 1> <Delay = 0.28> <FuncUnit> <Opcode : 'and' 'or' 'xor'> <InPorts = 2> <OutPorts = 1>
ST_1 : Operation 38 [1/1] (1.13ns) (out node of the LUT)   --->   "%icmp_ln2955 = icmp_ne  i64 %and_ln2955, i64 0" [/home/lab_726/boom/hls_boom/src/boom_core_merged.cpp:2955]   --->   Operation 38 'icmp' 'icmp_ln2955' <Predicate = (!or_ln2929 & icmp_ln2934 & empty_239)> <Delay = 1.13> <CoreInst = "Cmp">   --->   Core 9 'Cmp' <Latency = 0> <II = 1> <Delay = 0.78> <FuncUnit> <Opcode : 'icmp'> <InPorts = 2> <OutPorts = 1>
ST_1 : Operation 39 [1/1] (0.00ns) (grouped into LUT with out node divisor_negative)   --->   "%and_ln2956 = and i64 %divisor, i64 %sign_mask" [/home/lab_726/boom/hls_boom/src/boom_core_merged.cpp:2956]   --->   Operation 39 'and' 'and_ln2956' <Predicate = (!or_ln2929 & icmp_ln2934 & empty_239)> <Delay = 0.00> <CoreInst = "LogicGate">   --->   Core 74 'LogicGate' <Latency = 0> <II = 1> <Delay = 0.28> <FuncUnit> <Opcode : 'and' 'or' 'xor'> <InPorts = 2> <OutPorts = 1>
ST_1 : Operation 40 [1/1] (1.13ns) (out node of the LUT)   --->   "%divisor_negative = icmp_ne  i64 %and_ln2956, i64 0" [/home/lab_726/boom/hls_boom/src/boom_core_merged.cpp:2956]   --->   Operation 40 'icmp' 'divisor_negative' <Predicate = (!or_ln2929 & icmp_ln2934 & empty_239)> <Delay = 1.13> <CoreInst = "Cmp">   --->   Core 9 'Cmp' <Latency = 0> <II = 1> <Delay = 0.78> <FuncUnit> <Opcode : 'icmp'> <InPorts = 2> <OutPorts = 1>
ST_1 : Operation 41 [1/1] (1.08ns)   --->   "%sub_ln2893_2 = sub i64 0, i64 %dividend" [/home/lab_726/boom/hls_boom/src/boom_core_merged.cpp:2893]   --->   Operation 41 'sub' 'sub_ln2893_2' <Predicate = (!or_ln2929 & icmp_ln2934 & empty_239)> <Delay = 1.08> <CoreInst = "Adder">   --->   Core 1 'Adder' <Latency = 0> <II = 1> <Delay = 1.08> <FuncUnit> <Opcode : 'add' 'sub'> <InPorts = 2> <OutPorts = 1>
ST_1 : Operation 42 [1/1] (0.37ns)   --->   "%and_ln2959_1 = and i64 %select_ln2949_1, i64 %sub_ln2893_2" [/home/lab_726/boom/hls_boom/src/boom_core_merged.cpp:2959]   --->   Operation 42 'and' 'and_ln2959_1' <Predicate = (!or_ln2929 & icmp_ln2934 & empty_239)> <Delay = 0.37> <CoreInst = "LogicGate">   --->   Core 74 'LogicGate' <Latency = 0> <II = 1> <Delay = 0.28> <FuncUnit> <Opcode : 'and' 'or' 'xor'> <InPorts = 2> <OutPorts = 1>
ST_1 : Operation 43 [1/1] (1.08ns)   --->   "%sub_ln2893_3 = sub i64 0, i64 %divisor" [/home/lab_726/boom/hls_boom/src/boom_core_merged.cpp:2893]   --->   Operation 43 'sub' 'sub_ln2893_3' <Predicate = (!or_ln2929 & icmp_ln2934 & empty_239)> <Delay = 1.08> <CoreInst = "Adder">   --->   Core 1 'Adder' <Latency = 0> <II = 1> <Delay = 1.08> <FuncUnit> <Opcode : 'add' 'sub'> <InPorts = 2> <OutPorts = 1>
ST_1 : Operation 44 [1/1] (0.37ns)   --->   "%and_ln2961 = and i64 %select_ln2949_1, i64 %sub_ln2893_3" [/home/lab_726/boom/hls_boom/src/boom_core_merged.cpp:2961]   --->   Operation 44 'and' 'and_ln2961' <Predicate = (!or_ln2929 & icmp_ln2934 & empty_239)> <Delay = 0.37> <CoreInst = "LogicGate">   --->   Core 74 'LogicGate' <Latency = 0> <II = 1> <Delay = 0.28> <FuncUnit> <Opcode : 'and' 'or' 'xor'> <InPorts = 2> <OutPorts = 1>
ST_1 : Operation 45 [1/1] (0.00ns)   --->   "%br_ln2958 = br i1 %icmp_ln2955, void, void" [/home/lab_726/boom/hls_boom/src/boom_core_merged.cpp:2958]   --->   Operation 45 'br' 'br_ln2958' <Predicate = (!or_ln2929 & icmp_ln2934 & empty_239)> <Delay = 0.00>
ST_1 : Operation 46 [1/1] (0.42ns)   --->   "%store_ln2958 = store i64 %dividend, i64 %state_execute_divider_arithmetic_dividend_magnitude" [/home/lab_726/boom/hls_boom/src/boom_core_merged.cpp:2958]   --->   Operation 46 'store' 'store_ln2958' <Predicate = (!or_ln2929 & icmp_ln2934 & empty_239 & !icmp_ln2955)> <Delay = 0.42>
ST_1 : Operation 47 [1/1] (0.47ns)   --->   "%br_ln2960 = br i1 %divisor_negative, void %._crit_edge7, void %._crit_edge6" [/home/lab_726/boom/hls_boom/src/boom_core_merged.cpp:2960]   --->   Operation 47 'br' 'br_ln2960' <Predicate = (!or_ln2929 & icmp_ln2934 & empty_239 & !icmp_ln2955)> <Delay = 0.47>
ST_1 : Operation 48 [1/1] (0.42ns)   --->   "%store_ln2958 = store i64 %and_ln2959_1, i64 %state_execute_divider_arithmetic_dividend_magnitude" [/home/lab_726/boom/hls_boom/src/boom_core_merged.cpp:2958]   --->   Operation 48 'store' 'store_ln2958' <Predicate = (!or_ln2929 & icmp_ln2934 & empty_239 & icmp_ln2955)> <Delay = 0.42>
ST_1 : Operation 49 [1/1] (0.47ns)   --->   "%br_ln2960 = br i1 %divisor_negative, void %._crit_edge7, void %._crit_edge6" [/home/lab_726/boom/hls_boom/src/boom_core_merged.cpp:2960]   --->   Operation 49 'br' 'br_ln2960' <Predicate = (!or_ln2929 & icmp_ln2934 & empty_239 & icmp_ln2955)> <Delay = 0.47>
ST_1 : Operation 50 [1/1] (0.47ns)   --->   "%br_ln2960 = br void %._crit_edge7" [/home/lab_726/boom/hls_boom/src/boom_core_merged.cpp:2960]   --->   Operation 50 'br' 'br_ln2960' <Predicate = (!or_ln2929 & icmp_ln2934 & empty_239 & divisor_negative)> <Delay = 0.47>
ST_1 : Operation 51 [1/1] (0.00ns)   --->   "%empty_240 = phi i1 %icmp_ln2955, void %._crit_edge6, i1 0, void %.thread36, i1 1, void, i1 0, void" [/home/lab_726/boom/hls_boom/src/boom_core_merged.cpp:2955]   --->   Operation 51 'phi' 'empty_240' <Predicate = (!or_ln2929 & icmp_ln2934)> <Delay = 0.00>
ST_1 : Operation 52 [1/1] (0.00ns)   --->   "%empty_241 = phi i1 1, void %._crit_edge6, i1 0, void %.thread36, i1 1, void, i1 1, void"   --->   Operation 52 'phi' 'empty_241' <Predicate = (!or_ln2929 & icmp_ln2934)> <Delay = 0.00>
ST_1 : Operation 53 [1/1] (0.00ns)   --->   "%cond7243144 = phi i33 %operand_mask, void %._crit_edge6, i33 %operand_mask, void %.thread36, i33 %operand_mask, void, i33 %operand_mask, void"   --->   Operation 53 'phi' 'cond7243144' <Predicate = (!or_ln2929 & icmp_ln2934)> <Delay = 0.00>
ST_1 : Operation 54 [1/1] (0.00ns)   --->   "%cond99223243 = phi i64 %sign_mask, void %._crit_edge6, i64 %sign_mask, void %.thread36, i64 %sign_mask, void, i64 %sign_mask, void"   --->   Operation 54 'phi' 'cond99223243' <Predicate = (!or_ln2929 & icmp_ln2934)> <Delay = 0.00>
ST_1 : Operation 55 [1/1] (0.00ns)   --->   "%and11203342 = phi i64 %dividend, void %._crit_edge6, i64 %dividend, void %.thread36, i64 %dividend, void, i64 %dividend, void"   --->   Operation 55 'phi' 'and11203342' <Predicate = (!or_ln2929 & icmp_ln2934)> <Delay = 0.00>
ST_1 : Operation 56 [1/1] (0.00ns)   --->   "%and1413183441 = phi i64 %divisor, void %._crit_edge6, i64 %divisor, void %.thread36, i64 %divisor, void, i64 %divisor, void"   --->   Operation 56 'phi' 'and1413183441' <Predicate = (!or_ln2929 & icmp_ln2934)> <Delay = 0.00>
ST_1 : Operation 57 [1/1] (0.00ns)   --->   "%empty_242 = phi i1 %divisor_negative, void %._crit_edge6, i1 0, void %.thread36, i1 0, void, i1 0, void"   --->   Operation 57 'phi' 'empty_242' <Predicate = (!or_ln2929 & icmp_ln2934)> <Delay = 0.00>
ST_1 : Operation 58 [1/1] (0.00ns)   --->   "%and203540 = phi i64 %and_ln2959_1, void %._crit_edge6, i64 %and_ln2959, void %.thread36, i64 %and_ln2959_1, void, i64 %and_ln2959_1, void" [/home/lab_726/boom/hls_boom/src/boom_core_merged.cpp:2959]   --->   Operation 58 'phi' 'and203540' <Predicate = (!or_ln2929 & icmp_ln2934 & !sel_tmp34)> <Delay = 0.00>
ST_1 : Operation 59 [1/1] (0.00ns)   --->   "%empty_243 = phi i64 %and_ln2961, void %._crit_edge6, i64 %divisor, void %.thread36, i64 %divisor, void, i64 %divisor, void"   --->   Operation 59 'phi' 'empty_243' <Predicate = (!or_ln2929 & icmp_ln2934)> <Delay = 0.00>
ST_1 : Operation 60 [1/1] (0.00ns)   --->   "%sext_ln2960 = sext i33 %cond7243144" [/home/lab_726/boom/hls_boom/src/boom_core_merged.cpp:2960]   --->   Operation 60 'sext' 'sext_ln2960' <Predicate = (!or_ln2929 & icmp_ln2934)> <Delay = 0.00>
ST_1 : Operation 61 [1/1] (0.00ns)   --->   "%store_ln2960 = store i64 %empty_243, i64 %state_execute_divider_arithmetic_divisor_magnitude" [/home/lab_726/boom/hls_boom/src/boom_core_merged.cpp:2960]   --->   Operation 61 'store' 'store_ln2960' <Predicate = (!or_ln2929 & icmp_ln2934)> <Delay = 0.00>
ST_1 : Operation 62 [1/1] (0.28ns)   --->   "%xor_ln2962 = xor i1 %empty_240, i1 %empty_242" [/home/lab_726/boom/hls_boom/src/boom_core_merged.cpp:2962]   --->   Operation 62 'xor' 'xor_ln2962' <Predicate = (!or_ln2929 & icmp_ln2934)> <Delay = 0.28> <CoreInst = "LogicGate">   --->   Core 74 'LogicGate' <Latency = 0> <II = 1> <Delay = 0.28> <FuncUnit> <Opcode : 'and' 'or' 'xor'> <InPorts = 2> <OutPorts = 1>
ST_1 : Operation 63 [1/1] (0.00ns)   --->   "%store_ln2962 = store i1 %xor_ln2962, i1 %state_execute_divider_arithmetic_quotient_negative" [/home/lab_726/boom/hls_boom/src/boom_core_merged.cpp:2962]   --->   Operation 63 'store' 'store_ln2962' <Predicate = (!or_ln2929 & icmp_ln2934)> <Delay = 0.00>
ST_1 : Operation 64 [1/1] (0.00ns)   --->   "%store_ln2963 = store i1 %empty_240, i1 %state_execute_divider_arithmetic_remainder_negative" [/home/lab_726/boom/hls_boom/src/boom_core_merged.cpp:2963]   --->   Operation 64 'store' 'store_ln2963' <Predicate = (!or_ln2929 & icmp_ln2934)> <Delay = 0.00>
ST_1 : Operation 65 [1/1] (1.13ns)   --->   "%icmp_ln2965 = icmp_eq  i64 %and1413183441, i64 0" [/home/lab_726/boom/hls_boom/src/boom_core_merged.cpp:2965]   --->   Operation 65 'icmp' 'icmp_ln2965' <Predicate = (!or_ln2929 & icmp_ln2934)> <Delay = 1.13> <CoreInst = "Cmp">   --->   Core 9 'Cmp' <Latency = 0> <II = 1> <Delay = 0.78> <FuncUnit> <Opcode : 'icmp'> <InPorts = 2> <OutPorts = 1>
ST_1 : Operation 66 [1/1] (0.00ns)   --->   "%br_ln2965 = br i1 %icmp_ln2965, void, void %_ifconv" [/home/lab_726/boom/hls_boom/src/boom_core_merged.cpp:2965]   --->   Operation 66 'br' 'br_ln2965' <Predicate = (!or_ln2929 & icmp_ln2934)> <Delay = 0.00>
ST_1 : Operation 67 [1/1] (1.13ns)   --->   "%icmp_ln2972 = icmp_eq  i64 %and11203342, i64 %cond99223243" [/home/lab_726/boom/hls_boom/src/boom_core_merged.cpp:2972]   --->   Operation 67 'icmp' 'icmp_ln2972' <Predicate = (!or_ln2929 & icmp_ln2934 & !icmp_ln2965)> <Delay = 1.13> <CoreInst = "Cmp">   --->   Core 9 'Cmp' <Latency = 0> <II = 1> <Delay = 0.78> <FuncUnit> <Opcode : 'icmp'> <InPorts = 2> <OutPorts = 1>
ST_1 : Operation 68 [1/1] (1.13ns)   --->   "%icmp_ln2973 = icmp_eq  i64 %and1413183441, i64 %sext_ln2960" [/home/lab_726/boom/hls_boom/src/boom_core_merged.cpp:2973]   --->   Operation 68 'icmp' 'icmp_ln2973' <Predicate = (!or_ln2929 & icmp_ln2934 & !icmp_ln2965)> <Delay = 1.13> <CoreInst = "Cmp">   --->   Core 9 'Cmp' <Latency = 0> <II = 1> <Delay = 0.78> <FuncUnit> <Opcode : 'icmp'> <InPorts = 2> <OutPorts = 1>
ST_1 : Operation 69 [1/1] (0.00ns) (grouped into LUT with out node and_ln2972_1)   --->   "%and_ln2972 = and i1 %icmp_ln2972, i1 %icmp_ln2973" [/home/lab_726/boom/hls_boom/src/boom_core_merged.cpp:2972]   --->   Operation 69 'and' 'and_ln2972' <Predicate = (!or_ln2929 & icmp_ln2934 & !icmp_ln2965)> <Delay = 0.00> <CoreInst = "LogicGate">   --->   Core 74 'LogicGate' <Latency = 0> <II = 1> <Delay = 0.28> <FuncUnit> <Opcode : 'and' 'or' 'xor'> <InPorts = 2> <OutPorts = 1>
ST_1 : Operation 70 [1/1] (0.28ns) (out node of the LUT)   --->   "%and_ln2972_1 = and i1 %and_ln2972, i1 %empty_241" [/home/lab_726/boom/hls_boom/src/boom_core_merged.cpp:2972]   --->   Operation 70 'and' 'and_ln2972_1' <Predicate = (!or_ln2929 & icmp_ln2934 & !icmp_ln2965)> <Delay = 0.28> <CoreInst = "LogicGate">   --->   Core 74 'LogicGate' <Latency = 0> <II = 1> <Delay = 0.28> <FuncUnit> <Opcode : 'and' 'or' 'xor'> <InPorts = 2> <OutPorts = 1>
ST_1 : Operation 71 [1/1] (0.00ns)   --->   "%br_ln2972 = br i1 %and_ln2972_1, void %.critedge, void %_ifconv8" [/home/lab_726/boom/hls_boom/src/boom_core_merged.cpp:2972]   --->   Operation 71 'br' 'br_ln2972' <Predicate = (!or_ln2929 & icmp_ln2934 & !icmp_ln2965)> <Delay = 0.00>
ST_1 : Operation 72 [1/1] (1.13ns)   --->   "%icmp_ln2979 = icmp_eq  i64 %and11203342, i64 0" [/home/lab_726/boom/hls_boom/src/boom_core_merged.cpp:2979]   --->   Operation 72 'icmp' 'icmp_ln2979' <Predicate = (!or_ln2929 & icmp_ln2934 & !icmp_ln2965 & !and_ln2972_1)> <Delay = 1.13> <CoreInst = "Cmp">   --->   Core 9 'Cmp' <Latency = 0> <II = 1> <Delay = 0.78> <FuncUnit> <Opcode : 'icmp'> <InPorts = 2> <OutPorts = 1>
ST_1 : Operation 73 [1/1] (0.00ns)   --->   "%br_ln2979 = br i1 %icmp_ln2979, void, void %_ZN4boomL14divider_finishERNS_12DividerStateEm.exit16" [/home/lab_726/boom/hls_boom/src/boom_core_merged.cpp:2979]   --->   Operation 73 'br' 'br_ln2979' <Predicate = (!or_ln2929 & icmp_ln2934 & !icmp_ln2965 & !and_ln2972_1)> <Delay = 0.00>
ST_1 : Operation 74 [1/1] (1.13ns)   --->   "%icmp_ln2984 = icmp_eq  i64 %empty_243, i64 1" [/home/lab_726/boom/hls_boom/src/boom_core_merged.cpp:2984]   --->   Operation 74 'icmp' 'icmp_ln2984' <Predicate = (!or_ln2929 & icmp_ln2934 & !icmp_ln2965 & !and_ln2972_1 & !icmp_ln2979)> <Delay = 1.13> <CoreInst = "Cmp">   --->   Core 9 'Cmp' <Latency = 0> <II = 1> <Delay = 0.78> <FuncUnit> <Opcode : 'icmp'> <InPorts = 2> <OutPorts = 1>
ST_1 : Operation 75 [1/1] (0.00ns)   --->   "%br_ln2984 = br i1 %icmp_ln2984, void, void %_ifconv17" [/home/lab_726/boom/hls_boom/src/boom_core_merged.cpp:2984]   --->   Operation 75 'br' 'br_ln2984' <Predicate = (!or_ln2929 & icmp_ln2934 & !icmp_ln2965 & !and_ln2972_1 & !icmp_ln2979)> <Delay = 0.00>
ST_1 : Operation 76 [1/1] (0.42ns)   --->   "%store_ln2994 = store i1 1, i1 %state_execute_divider_arithmetic_busy" [/home/lab_726/boom/hls_boom/src/boom_core_merged.cpp:2994]   --->   Operation 76 'store' 'store_ln2994' <Predicate = (!or_ln2929 & icmp_ln2934 & !icmp_ln2965 & !and_ln2972_1 & !icmp_ln2979 & !icmp_ln2984)> <Delay = 0.42>
ST_1 : Operation 77 [1/1] (0.57ns)   --->   "%br_ln2995 = br void" [/home/lab_726/boom/hls_boom/src/boom_core_merged.cpp:2995]   --->   Operation 77 'br' 'br_ln2995' <Predicate = (!or_ln2929 & icmp_ln2934 & !icmp_ln2965 & !and_ln2972_1 & !icmp_ln2979 & !icmp_ln2984)> <Delay = 0.57>
ST_1 : Operation 78 [1/1] (0.78ns)   --->   "%icmp_ln2888_11 = icmp_eq  i6 %p_read_39, i6 3" [/home/lab_726/boom/hls_boom/src/boom_core_merged.cpp:2888]   --->   Operation 78 'icmp' 'icmp_ln2888_11' <Predicate = (!or_ln2929 & icmp_ln2934 & !icmp_ln2965 & !and_ln2972_1 & !icmp_ln2979 & icmp_ln2984)> <Delay = 0.78> <CoreInst = "Cmp">   --->   Core 9 'Cmp' <Latency = 0> <II = 1> <Delay = 0.78> <FuncUnit> <Opcode : 'icmp'> <InPorts = 2> <OutPorts = 1>
ST_1 : Operation 79 [1/1] (0.78ns)   --->   "%icmp_ln2888_12 = icmp_eq  i6 %p_read_39, i6 7" [/home/lab_726/boom/hls_boom/src/boom_core_merged.cpp:2888]   --->   Operation 79 'icmp' 'icmp_ln2888_12' <Predicate = (!or_ln2929 & icmp_ln2934 & !icmp_ln2965 & !and_ln2972_1 & !icmp_ln2979 & icmp_ln2984)> <Delay = 0.78> <CoreInst = "Cmp">   --->   Core 9 'Cmp' <Latency = 0> <II = 1> <Delay = 0.78> <FuncUnit> <Opcode : 'icmp'> <InPorts = 2> <OutPorts = 1>
ST_1 : Operation 80 [1/1] (0.00ns) (grouped into LUT with out node or_ln2888_10)   --->   "%or_ln2888_8 = or i1 %icmp_ln2888_11, i1 %empty_232" [/home/lab_726/boom/hls_boom/src/boom_core_merged.cpp:2888]   --->   Operation 80 'or' 'or_ln2888_8' <Predicate = (!or_ln2929 & icmp_ln2934 & !icmp_ln2965 & !and_ln2972_1 & !icmp_ln2979 & icmp_ln2984)> <Delay = 0.00> <CoreInst = "LogicGate">   --->   Core 74 'LogicGate' <Latency = 0> <II = 1> <Delay = 0.28> <FuncUnit> <Opcode : 'and' 'or' 'xor'> <InPorts = 2> <OutPorts = 1>
ST_1 : Operation 81 [1/1] (0.00ns) (grouped into LUT with out node or_ln2888_10)   --->   "%or_ln2888_9 = or i1 %empty, i1 %icmp_ln2888_12" [/home/lab_726/boom/hls_boom/src/boom_core_merged.cpp:2888]   --->   Operation 81 'or' 'or_ln2888_9' <Predicate = (!or_ln2929 & icmp_ln2934 & !icmp_ln2965 & !and_ln2972_1 & !icmp_ln2979 & icmp_ln2984)> <Delay = 0.00> <CoreInst = "LogicGate">   --->   Core 74 'LogicGate' <Latency = 0> <II = 1> <Delay = 0.28> <FuncUnit> <Opcode : 'and' 'or' 'xor'> <InPorts = 2> <OutPorts = 1>
ST_1 : Operation 82 [1/1] (0.28ns) (out node of the LUT)   --->   "%or_ln2888_10 = or i1 %or_ln2888_9, i1 %or_ln2888_8" [/home/lab_726/boom/hls_boom/src/boom_core_merged.cpp:2888]   --->   Operation 82 'or' 'or_ln2888_10' <Predicate = (!or_ln2929 & icmp_ln2934 & !icmp_ln2965 & !and_ln2972_1 & !icmp_ln2979 & icmp_ln2984)> <Delay = 0.28> <CoreInst = "LogicGate">   --->   Core 74 'LogicGate' <Latency = 0> <II = 1> <Delay = 0.28> <FuncUnit> <Opcode : 'and' 'or' 'xor'> <InPorts = 2> <OutPorts = 1>
ST_1 : Operation 83 [1/1] (0.00ns) (grouped into LUT with out node result_2)   --->   "%select_ln2888 = select i1 %or_ln2888_10, i64 0, i64 %and11203342" [/home/lab_726/boom/hls_boom/src/boom_core_merged.cpp:2888]   --->   Operation 83 'select' 'select_ln2888' <Predicate = (!or_ln2929 & icmp_ln2934 & !icmp_ln2965 & !and_ln2972_1 & !icmp_ln2979 & icmp_ln2984 & sel_tmp34)> <Delay = 0.00> <CoreInst = "Sel">   --->   Core 73 'Sel' <Latency = 0> <II = 1> <Delay = 0.42> <FuncUnit> <Opcode : 'select'> <InPorts = 3> <OutPorts = 1>
ST_1 : Operation 84 [1/1] (0.00ns) (grouped into LUT with out node result_2)   --->   "%sel_tmp33 = xor i1 %empty_242, i1 1" [/home/lab_726/boom/hls_boom/src/boom_core_merged.cpp:2956]   --->   Operation 84 'xor' 'sel_tmp33' <Predicate = (!or_ln2929 & icmp_ln2934 & !icmp_ln2965 & !and_ln2972_1 & !icmp_ln2979 & icmp_ln2984)> <Delay = 0.00> <CoreInst = "LogicGate">   --->   Core 74 'LogicGate' <Latency = 0> <II = 1> <Delay = 0.28> <FuncUnit> <Opcode : 'and' 'or' 'xor'> <InPorts = 2> <OutPorts = 1>
ST_1 : Operation 85 [1/1] (0.00ns) (grouped into LUT with out node result_2)   --->   "%sel_tmp34 = or i1 %or_ln2888_10, i1 %sel_tmp33" [/home/lab_726/boom/hls_boom/src/boom_core_merged.cpp:2888]   --->   Operation 85 'or' 'sel_tmp34' <Predicate = (!or_ln2929 & icmp_ln2934 & !icmp_ln2965 & !and_ln2972_1 & !icmp_ln2979 & icmp_ln2984)> <Delay = 0.00> <CoreInst = "LogicGate">   --->   Core 74 'LogicGate' <Latency = 0> <II = 1> <Delay = 0.28> <FuncUnit> <Opcode : 'and' 'or' 'xor'> <InPorts = 2> <OutPorts = 1>
ST_1 : Operation 86 [1/1] (0.42ns) (out node of the LUT)   --->   "%result_2 = select i1 %sel_tmp34, i64 %select_ln2888, i64 %and203540" [/home/lab_726/boom/hls_boom/src/boom_core_merged.cpp:2888]   --->   Operation 86 'select' 'result_2' <Predicate = (!or_ln2929 & icmp_ln2934 & !icmp_ln2965 & !and_ln2972_1 & !icmp_ln2979 & icmp_ln2984)> <Delay = 0.42> <CoreInst = "Sel">   --->   Core 73 'Sel' <Latency = 0> <II = 1> <Delay = 0.42> <FuncUnit> <Opcode : 'select'> <InPorts = 3> <OutPorts = 1>
ST_1 : Operation 87 [1/1] (0.00ns) (grouped into LUT with out node select_ln2902_2)   --->   "%low_2 = trunc i64 %result_2" [/home/lab_726/boom/hls_boom/src/boom_core_merged.cpp:2985]   --->   Operation 87 'trunc' 'low_2' <Predicate = (!or_ln2929 & icmp_ln2934 & !icmp_ln2965 & !and_ln2972_1 & !icmp_ln2979 & icmp_ln2984 & !tmp_91 & tmp_89)> <Delay = 0.00>
ST_1 : Operation 88 [1/1] (0.00ns) (grouped into LUT with out node select_ln2902_2)   --->   "%zext_ln2897_1 = zext i32 %low_2" [/home/lab_726/boom/hls_boom/src/boom_core_merged.cpp:2897]   --->   Operation 88 'zext' 'zext_ln2897_1' <Predicate = (!or_ln2929 & icmp_ln2934 & !icmp_ln2965 & !and_ln2972_1 & !icmp_ln2979 & icmp_ln2984 & !tmp_91 & tmp_89)> <Delay = 0.00>
ST_1 : Operation 89 [1/1] (0.00ns) (grouped into LUT with out node select_ln2902_2)   --->   "%tmp_91 = bitselect i1 @_ssdm_op_BitSelect.i1.i64.i32, i64 %result_2, i32 31" [/home/lab_726/boom/hls_boom/src/boom_core_merged.cpp:2898]   --->   Operation 89 'bitselect' 'tmp_91' <Predicate = (!or_ln2929 & icmp_ln2934 & !icmp_ln2965 & !and_ln2972_1 & !icmp_ln2979 & icmp_ln2984 & tmp_89)> <Delay = 0.00>
ST_1 : Operation 90 [1/1] (0.00ns) (grouped into LUT with out node select_ln2902_2)   --->   "%or_ln2898_2 = or i64 %result_2, i64 18446744069414584320" [/home/lab_726/boom/hls_boom/src/boom_core_merged.cpp:2898]   --->   Operation 90 'or' 'or_ln2898_2' <Predicate = (!or_ln2929 & icmp_ln2934 & !icmp_ln2965 & !and_ln2972_1 & !icmp_ln2979 & icmp_ln2984 & tmp_91 & tmp_89)> <Delay = 0.00>
ST_1 : Operation 91 [1/1] (0.00ns) (grouped into LUT with out node select_ln2902_2)   --->   "%select_ln2898_2 = select i1 %tmp_91, i64 %or_ln2898_2, i64 %zext_ln2897_1" [/home/lab_726/boom/hls_boom/src/boom_core_merged.cpp:2898]   --->   Operation 91 'select' 'select_ln2898_2' <Predicate = (!or_ln2929 & icmp_ln2934 & !icmp_ln2965 & !and_ln2972_1 & !icmp_ln2979 & icmp_ln2984 & tmp_89)> <Delay = 0.00> <CoreInst = "Sel">   --->   Core 73 'Sel' <Latency = 0> <II = 1> <Delay = 0.42> <FuncUnit> <Opcode : 'select'> <InPorts = 3> <OutPorts = 1>
ST_1 : Operation 92 [1/1] (0.42ns) (out node of the LUT)   --->   "%select_ln2902_2 = select i1 %tmp_89, i64 %select_ln2898_2, i64 %result_2" [/home/lab_726/boom/hls_boom/src/boom_core_merged.cpp:2902]   --->   Operation 92 'select' 'select_ln2902_2' <Predicate = (!or_ln2929 & icmp_ln2934 & !icmp_ln2965 & !and_ln2972_1 & !icmp_ln2979 & icmp_ln2984)> <Delay = 0.42> <CoreInst = "Sel">   --->   Core 73 'Sel' <Latency = 0> <II = 1> <Delay = 0.42> <FuncUnit> <Opcode : 'select'> <InPorts = 3> <OutPorts = 1>
ST_1 : Operation 93 [1/1] (0.42ns)   --->   "%store_ln2904 = store i1 0, i1 %state_execute_divider_arithmetic_busy" [/home/lab_726/boom/hls_boom/src/boom_core_merged.cpp:2904]   --->   Operation 93 'store' 'store_ln2904' <Predicate = (!or_ln2929 & icmp_ln2934 & !icmp_ln2965 & !and_ln2972_1 & !icmp_ln2979 & icmp_ln2984)> <Delay = 0.42>
ST_1 : Operation 94 [1/1] (0.57ns)   --->   "%br_ln2991 = br void" [/home/lab_726/boom/hls_boom/src/boom_core_merged.cpp:2991]   --->   Operation 94 'br' 'br_ln2991' <Predicate = (!or_ln2929 & icmp_ln2934 & !icmp_ln2965 & !and_ln2972_1 & !icmp_ln2979 & icmp_ln2984)> <Delay = 0.57>
ST_1 : Operation 95 [1/1] (0.42ns)   --->   "%store_ln2904 = store i1 0, i1 %state_execute_divider_arithmetic_busy" [/home/lab_726/boom/hls_boom/src/boom_core_merged.cpp:2904]   --->   Operation 95 'store' 'store_ln2904' <Predicate = (!or_ln2929 & icmp_ln2934 & !icmp_ln2965 & !and_ln2972_1 & icmp_ln2979)> <Delay = 0.42>
ST_1 : Operation 96 [1/1] (0.57ns)   --->   "%br_ln2981 = br void" [/home/lab_726/boom/hls_boom/src/boom_core_merged.cpp:2981]   --->   Operation 96 'br' 'br_ln2981' <Predicate = (!or_ln2929 & icmp_ln2934 & !icmp_ln2965 & !and_ln2972_1 & icmp_ln2979)> <Delay = 0.57>
ST_1 : Operation 97 [1/1] (0.78ns)   --->   "%icmp_ln2888_9 = icmp_eq  i6 %p_read_39, i6 3" [/home/lab_726/boom/hls_boom/src/boom_core_merged.cpp:2888]   --->   Operation 97 'icmp' 'icmp_ln2888_9' <Predicate = (!or_ln2929 & icmp_ln2934 & !icmp_ln2965 & and_ln2972_1)> <Delay = 0.78> <CoreInst = "Cmp">   --->   Core 9 'Cmp' <Latency = 0> <II = 1> <Delay = 0.78> <FuncUnit> <Opcode : 'icmp'> <InPorts = 2> <OutPorts = 1>
ST_1 : Operation 98 [1/1] (0.78ns)   --->   "%icmp_ln2888_10 = icmp_eq  i6 %p_read_39, i6 7" [/home/lab_726/boom/hls_boom/src/boom_core_merged.cpp:2888]   --->   Operation 98 'icmp' 'icmp_ln2888_10' <Predicate = (!or_ln2929 & icmp_ln2934 & !icmp_ln2965 & and_ln2972_1)> <Delay = 0.78> <CoreInst = "Cmp">   --->   Core 9 'Cmp' <Latency = 0> <II = 1> <Delay = 0.78> <FuncUnit> <Opcode : 'icmp'> <InPorts = 2> <OutPorts = 1>
ST_1 : Operation 99 [1/1] (0.00ns) (grouped into LUT with out node result_1)   --->   "%or_ln2888_5 = or i1 %empty, i1 %icmp_ln2888_9" [/home/lab_726/boom/hls_boom/src/boom_core_merged.cpp:2888]   --->   Operation 99 'or' 'or_ln2888_5' <Predicate = (!or_ln2929 & icmp_ln2934 & !icmp_ln2965 & and_ln2972_1)> <Delay = 0.00> <CoreInst = "LogicGate">   --->   Core 74 'LogicGate' <Latency = 0> <II = 1> <Delay = 0.28> <FuncUnit> <Opcode : 'and' 'or' 'xor'> <InPorts = 2> <OutPorts = 1>
ST_1 : Operation 100 [1/1] (0.00ns) (grouped into LUT with out node result_1)   --->   "%or_ln2888_6 = or i1 %empty_232, i1 %icmp_ln2888_10" [/home/lab_726/boom/hls_boom/src/boom_core_merged.cpp:2888]   --->   Operation 100 'or' 'or_ln2888_6' <Predicate = (!or_ln2929 & icmp_ln2934 & !icmp_ln2965 & and_ln2972_1)> <Delay = 0.00> <CoreInst = "LogicGate">   --->   Core 74 'LogicGate' <Latency = 0> <II = 1> <Delay = 0.28> <FuncUnit> <Opcode : 'and' 'or' 'xor'> <InPorts = 2> <OutPorts = 1>
ST_1 : Operation 101 [1/1] (0.00ns) (grouped into LUT with out node result_1)   --->   "%or_ln2888_7 = or i1 %or_ln2888_6, i1 %or_ln2888_5" [/home/lab_726/boom/hls_boom/src/boom_core_merged.cpp:2888]   --->   Operation 101 'or' 'or_ln2888_7' <Predicate = (!or_ln2929 & icmp_ln2934 & !icmp_ln2965 & and_ln2972_1)> <Delay = 0.00> <CoreInst = "LogicGate">   --->   Core 74 'LogicGate' <Latency = 0> <II = 1> <Delay = 0.28> <FuncUnit> <Opcode : 'and' 'or' 'xor'> <InPorts = 2> <OutPorts = 1>
ST_1 : Operation 102 [1/1] (0.42ns) (out node of the LUT)   --->   "%result_1 = select i1 %or_ln2888_7, i64 0, i64 %cond99223243" [/home/lab_726/boom/hls_boom/src/boom_core_merged.cpp:2888]   --->   Operation 102 'select' 'result_1' <Predicate = (!or_ln2929 & icmp_ln2934 & !icmp_ln2965 & and_ln2972_1)> <Delay = 0.42> <CoreInst = "Sel">   --->   Core 73 'Sel' <Latency = 0> <II = 1> <Delay = 0.42> <FuncUnit> <Opcode : 'select'> <InPorts = 3> <OutPorts = 1>
ST_1 : Operation 103 [1/1] (0.00ns)   --->   "%low_1 = trunc i64 %result_1" [/home/lab_726/boom/hls_boom/src/boom_core_merged.cpp:2901]   --->   Operation 103 'trunc' 'low_1' <Predicate = (!or_ln2929 & icmp_ln2934 & !icmp_ln2965 & and_ln2972_1 & tmp_89)> <Delay = 0.00>
ST_1 : Operation 104 [1/1] (0.99ns)   --->   "%icmp_ln2898 = icmp_ne  i32 %low_1, i32 0" [/home/lab_726/boom/hls_boom/src/boom_core_merged.cpp:2898]   --->   Operation 104 'icmp' 'icmp_ln2898' <Predicate = (!or_ln2929 & icmp_ln2934 & !icmp_ln2965 & and_ln2972_1 & tmp_89)> <Delay = 0.99> <CoreInst = "Cmp">   --->   Core 9 'Cmp' <Latency = 0> <II = 1> <Delay = 0.78> <FuncUnit> <Opcode : 'icmp'> <InPorts = 2> <OutPorts = 1>
ST_1 : Operation 105 [1/1] (0.00ns) (grouped into LUT with out node select_ln2902_1)   --->   "%or_ln2898_1 = or i64 %result_1, i64 18446744069414584320" [/home/lab_726/boom/hls_boom/src/boom_core_merged.cpp:2898]   --->   Operation 105 'or' 'or_ln2898_1' <Predicate = (!or_ln2929 & icmp_ln2934 & !icmp_ln2965 & and_ln2972_1 & tmp_89 & icmp_ln2898)> <Delay = 0.00>
ST_1 : Operation 106 [1/1] (0.00ns) (grouped into LUT with out node select_ln2902_1)   --->   "%select_ln2898_1 = select i1 %icmp_ln2898, i64 %or_ln2898_1, i64 0" [/home/lab_726/boom/hls_boom/src/boom_core_merged.cpp:2898]   --->   Operation 106 'select' 'select_ln2898_1' <Predicate = (!or_ln2929 & icmp_ln2934 & !icmp_ln2965 & and_ln2972_1 & tmp_89)> <Delay = 0.00> <CoreInst = "Sel">   --->   Core 73 'Sel' <Latency = 0> <II = 1> <Delay = 0.42> <FuncUnit> <Opcode : 'select'> <InPorts = 3> <OutPorts = 1>
ST_1 : Operation 107 [1/1] (0.42ns) (out node of the LUT)   --->   "%select_ln2902_1 = select i1 %tmp_89, i64 %select_ln2898_1, i64 %result_1" [/home/lab_726/boom/hls_boom/src/boom_core_merged.cpp:2902]   --->   Operation 107 'select' 'select_ln2902_1' <Predicate = (!or_ln2929 & icmp_ln2934 & !icmp_ln2965 & and_ln2972_1)> <Delay = 0.42> <CoreInst = "Sel">   --->   Core 73 'Sel' <Latency = 0> <II = 1> <Delay = 0.42> <FuncUnit> <Opcode : 'select'> <InPorts = 3> <OutPorts = 1>
ST_1 : Operation 108 [1/1] (0.42ns)   --->   "%store_ln2904 = store i1 0, i1 %state_execute_divider_arithmetic_busy" [/home/lab_726/boom/hls_boom/src/boom_core_merged.cpp:2904]   --->   Operation 108 'store' 'store_ln2904' <Predicate = (!or_ln2929 & icmp_ln2934 & !icmp_ln2965 & and_ln2972_1)> <Delay = 0.42>
ST_1 : Operation 109 [1/1] (0.57ns)   --->   "%br_ln2976 = br void" [/home/lab_726/boom/hls_boom/src/boom_core_merged.cpp:2976]   --->   Operation 109 'br' 'br_ln2976' <Predicate = (!or_ln2929 & icmp_ln2934 & !icmp_ln2965 & and_ln2972_1)> <Delay = 0.57>
ST_1 : Operation 110 [1/1] (0.78ns)   --->   "%icmp_ln2888 = icmp_eq  i6 %p_read_39, i6 3" [/home/lab_726/boom/hls_boom/src/boom_core_merged.cpp:2888]   --->   Operation 110 'icmp' 'icmp_ln2888' <Predicate = (!or_ln2929 & icmp_ln2934 & icmp_ln2965)> <Delay = 0.78> <CoreInst = "Cmp">   --->   Core 9 'Cmp' <Latency = 0> <II = 1> <Delay = 0.78> <FuncUnit> <Opcode : 'icmp'> <InPorts = 2> <OutPorts = 1>
ST_1 : Operation 111 [1/1] (0.78ns)   --->   "%icmp_ln2888_8 = icmp_eq  i6 %p_read_39, i6 7" [/home/lab_726/boom/hls_boom/src/boom_core_merged.cpp:2888]   --->   Operation 111 'icmp' 'icmp_ln2888_8' <Predicate = (!or_ln2929 & icmp_ln2934 & icmp_ln2965)> <Delay = 0.78> <CoreInst = "Cmp">   --->   Core 9 'Cmp' <Latency = 0> <II = 1> <Delay = 0.78> <FuncUnit> <Opcode : 'icmp'> <InPorts = 2> <OutPorts = 1>
ST_1 : Operation 112 [1/1] (0.00ns) (grouped into LUT with out node result)   --->   "%or_ln2888 = or i1 %empty, i1 %icmp_ln2888" [/home/lab_726/boom/hls_boom/src/boom_core_merged.cpp:2888]   --->   Operation 112 'or' 'or_ln2888' <Predicate = (!or_ln2929 & icmp_ln2934 & icmp_ln2965)> <Delay = 0.00> <CoreInst = "LogicGate">   --->   Core 74 'LogicGate' <Latency = 0> <II = 1> <Delay = 0.28> <FuncUnit> <Opcode : 'and' 'or' 'xor'> <InPorts = 2> <OutPorts = 1>
ST_1 : Operation 113 [1/1] (0.00ns) (grouped into LUT with out node result)   --->   "%or_ln2888_3 = or i1 %empty_232, i1 %icmp_ln2888_8" [/home/lab_726/boom/hls_boom/src/boom_core_merged.cpp:2888]   --->   Operation 113 'or' 'or_ln2888_3' <Predicate = (!or_ln2929 & icmp_ln2934 & icmp_ln2965)> <Delay = 0.00> <CoreInst = "LogicGate">   --->   Core 74 'LogicGate' <Latency = 0> <II = 1> <Delay = 0.28> <FuncUnit> <Opcode : 'and' 'or' 'xor'> <InPorts = 2> <OutPorts = 1>
ST_1 : Operation 114 [1/1] (0.00ns) (grouped into LUT with out node result)   --->   "%or_ln2888_4 = or i1 %or_ln2888_3, i1 %or_ln2888" [/home/lab_726/boom/hls_boom/src/boom_core_merged.cpp:2888]   --->   Operation 114 'or' 'or_ln2888_4' <Predicate = (!or_ln2929 & icmp_ln2934 & icmp_ln2965)> <Delay = 0.00> <CoreInst = "LogicGate">   --->   Core 74 'LogicGate' <Latency = 0> <II = 1> <Delay = 0.28> <FuncUnit> <Opcode : 'and' 'or' 'xor'> <InPorts = 2> <OutPorts = 1>
ST_1 : Operation 115 [1/1] (0.42ns) (out node of the LUT)   --->   "%result = select i1 %or_ln2888_4, i64 %and11203342, i64 %sext_ln2960" [/home/lab_726/boom/hls_boom/src/boom_core_merged.cpp:2888]   --->   Operation 115 'select' 'result' <Predicate = (!or_ln2929 & icmp_ln2934 & icmp_ln2965)> <Delay = 0.42> <CoreInst = "Sel">   --->   Core 73 'Sel' <Latency = 0> <II = 1> <Delay = 0.42> <FuncUnit> <Opcode : 'select'> <InPorts = 3> <OutPorts = 1>
ST_1 : Operation 116 [1/1] (0.00ns) (grouped into LUT with out node select_ln2902)   --->   "%low = trunc i64 %result" [/home/lab_726/boom/hls_boom/src/boom_core_merged.cpp:2966]   --->   Operation 116 'trunc' 'low' <Predicate = (!or_ln2929 & icmp_ln2934 & icmp_ln2965 & tmp_89 & !tmp_90)> <Delay = 0.00>
ST_1 : Operation 117 [1/1] (0.00ns) (grouped into LUT with out node select_ln2902)   --->   "%zext_ln2897 = zext i32 %low" [/home/lab_726/boom/hls_boom/src/boom_core_merged.cpp:2897]   --->   Operation 117 'zext' 'zext_ln2897' <Predicate = (!or_ln2929 & icmp_ln2934 & icmp_ln2965 & tmp_89 & !tmp_90)> <Delay = 0.00>
ST_1 : Operation 118 [1/1] (0.00ns) (grouped into LUT with out node select_ln2902)   --->   "%tmp_90 = bitselect i1 @_ssdm_op_BitSelect.i1.i64.i32, i64 %result, i32 31" [/home/lab_726/boom/hls_boom/src/boom_core_merged.cpp:2898]   --->   Operation 118 'bitselect' 'tmp_90' <Predicate = (!or_ln2929 & icmp_ln2934 & icmp_ln2965 & tmp_89)> <Delay = 0.00>
ST_1 : Operation 119 [1/1] (0.00ns) (grouped into LUT with out node select_ln2902)   --->   "%or_ln2898 = or i64 %result, i64 18446744069414584320" [/home/lab_726/boom/hls_boom/src/boom_core_merged.cpp:2898]   --->   Operation 119 'or' 'or_ln2898' <Predicate = (!or_ln2929 & icmp_ln2934 & icmp_ln2965 & tmp_89 & tmp_90)> <Delay = 0.00>
ST_1 : Operation 120 [1/1] (0.00ns) (grouped into LUT with out node select_ln2902)   --->   "%select_ln2898 = select i1 %tmp_90, i64 %or_ln2898, i64 %zext_ln2897" [/home/lab_726/boom/hls_boom/src/boom_core_merged.cpp:2898]   --->   Operation 120 'select' 'select_ln2898' <Predicate = (!or_ln2929 & icmp_ln2934 & icmp_ln2965 & tmp_89)> <Delay = 0.00> <CoreInst = "Sel">   --->   Core 73 'Sel' <Latency = 0> <II = 1> <Delay = 0.42> <FuncUnit> <Opcode : 'select'> <InPorts = 3> <OutPorts = 1>
ST_1 : Operation 121 [1/1] (0.42ns) (out node of the LUT)   --->   "%select_ln2902 = select i1 %tmp_89, i64 %select_ln2898, i64 %result" [/home/lab_726/boom/hls_boom/src/boom_core_merged.cpp:2902]   --->   Operation 121 'select' 'select_ln2902' <Predicate = (!or_ln2929 & icmp_ln2934 & icmp_ln2965)> <Delay = 0.42> <CoreInst = "Sel">   --->   Core 73 'Sel' <Latency = 0> <II = 1> <Delay = 0.42> <FuncUnit> <Opcode : 'select'> <InPorts = 3> <OutPorts = 1>
ST_1 : Operation 122 [1/1] (0.42ns)   --->   "%store_ln2904 = store i1 0, i1 %state_execute_divider_arithmetic_busy" [/home/lab_726/boom/hls_boom/src/boom_core_merged.cpp:2904]   --->   Operation 122 'store' 'store_ln2904' <Predicate = (!or_ln2929 & icmp_ln2934 & icmp_ln2965)> <Delay = 0.42>
ST_1 : Operation 123 [1/1] (0.57ns)   --->   "%br_ln2969 = br void" [/home/lab_726/boom/hls_boom/src/boom_core_merged.cpp:2969]   --->   Operation 123 'br' 'br_ln2969' <Predicate = (!or_ln2929 & icmp_ln2934 & icmp_ln2965)> <Delay = 0.57>
ST_1 : Operation 124 [1/1] (0.57ns)   --->   "%br_ln2936 = br void" [/home/lab_726/boom/hls_boom/src/boom_core_merged.cpp:2936]   --->   Operation 124 'br' 'br_ln2936' <Predicate = (!icmp_ln2934) | (or_ln2929)> <Delay = 0.57>
ST_1 : Operation 125 [1/1] (0.00ns)   --->   "%state_execute_divider_arithmetic_result_pending_flag_0 = phi i1 0, void %.critedge28, i1 1, void %_ifconv, i1 1, void %_ifconv8, i1 1, void %_ZN4boomL14divider_finishERNS_12DividerStateEm.exit16, i1 1, void %_ifconv17, i1 1, void"   --->   Operation 125 'phi' 'state_execute_divider_arithmetic_result_pending_flag_0' <Predicate = true> <Delay = 0.00>
ST_1 : Operation 126 [1/1] (0.00ns)   --->   "%state_execute_divider_arithmetic_result_pending_new_0 = phi i1 0, void %.critedge28, i1 1, void %_ifconv, i1 1, void %_ifconv8, i1 1, void %_ZN4boomL14divider_finishERNS_12DividerStateEm.exit16, i1 1, void %_ifconv17, i1 0, void"   --->   Operation 126 'phi' 'state_execute_divider_arithmetic_result_pending_new_0' <Predicate = true> <Delay = 0.00>
ST_1 : Operation 127 [1/1] (0.00ns)   --->   "%state_execute_divider_arithmetic_original_dividend_new_0 = phi i64 0, void %.critedge28, i64 %select_ln2902, void %_ifconv, i64 %select_ln2902_1, void %_ifconv8, i64 0, void %_ZN4boomL14divider_finishERNS_12DividerStateEm.exit16, i64 %select_ln2902_2, void %_ifconv17, i64 %p_read14, void" [/home/lab_726/boom/hls_boom/src/boom_core_merged.cpp:2902]   --->   Operation 127 'phi' 'state_execute_divider_arithmetic_original_dividend_new_0' <Predicate = true> <Delay = 0.00>
ST_1 : Operation 128 [1/1] (0.00ns)   --->   "%br_ln0 = br i1 %state_execute_divider_arithmetic_result_pending_flag_0, void %.new, void %mergeST3"   --->   Operation 128 'br' 'br_ln0' <Predicate = true> <Delay = 0.00>
ST_1 : Operation 129 [1/1] (0.00ns)   --->   "%store_ln2940 = store i64 %state_execute_divider_arithmetic_original_dividend_new_0, i64 %state_execute_divider_arithmetic_original_dividend" [/home/lab_726/boom/hls_boom/src/boom_core_merged.cpp:2940]   --->   Operation 129 'store' 'store_ln2940' <Predicate = (state_execute_divider_arithmetic_result_pending_flag_0)> <Delay = 0.00>
ST_1 : Operation 130 [1/1] (0.00ns)   --->   "%store_ln2946 = store i1 %state_execute_divider_arithmetic_result_pending_new_0, i1 %state_execute_divider_arithmetic_result_pending" [/home/lab_726/boom/hls_boom/src/boom_core_merged.cpp:2946]   --->   Operation 130 'store' 'store_ln2946' <Predicate = (state_execute_divider_arithmetic_result_pending_flag_0)> <Delay = 0.00>
ST_1 : Operation 131 [1/1] (0.00ns)   --->   "%br_ln0 = br void %.new"   --->   Operation 131 'br' 'br_ln0' <Predicate = (state_execute_divider_arithmetic_result_pending_flag_0)> <Delay = 0.00>
ST_1 : Operation 132 [1/1] (0.00ns)   --->   "%ret_ln2996 = ret i1 %state_execute_divider_arithmetic_result_pending_flag_0" [/home/lab_726/boom/hls_boom/src/boom_core_merged.cpp:2996]   --->   Operation 132 'ret' 'ret_ln2996' <Predicate = true> <Delay = 0.00>


============================================================
+ Verbose Summary: Timing violations
============================================================
Target clock period: 10ns, clock uncertainty: 2.7ns.

 <State 1>: 4.83ns
The critical path consists of the following:
	wire read operation ('operation') on port 'p_read' [18]  (0 ns)
	'select' operation ('select_ln2949_1', /home/lab_726/boom/hls_boom/src/boom_core_merged.cpp:2949) [37]  (0.432 ns)
	'and' operation ('divisor', /home/lab_726/boom/hls_boom/src/boom_core_merged.cpp:2954) [40]  (0.379 ns)
	'and' operation ('and_ln2956', /home/lab_726/boom/hls_boom/src/boom_core_merged.cpp:2956) [57]  (0 ns)
	'icmp' operation ('divisor_negative', /home/lab_726/boom/hls_boom/src/boom_core_merged.cpp:2956) [58]  (1.13 ns)
	multiplexor before 'phi' operation ('sign_mask') with incoming values : ('sign_mask', /home/lab_726/boom/hls_boom/src/boom_core_merged.cpp:2951) [76]  (0.476 ns)
	'phi' operation ('sign_mask') with incoming values : ('sign_mask', /home/lab_726/boom/hls_boom/src/boom_core_merged.cpp:2951) [76]  (0 ns)
	'select' operation ('result', /home/lab_726/boom/hls_boom/src/boom_core_merged.cpp:2888) [131]  (0.424 ns)
	'icmp' operation ('icmp_ln2898', /home/lab_726/boom/hls_boom/src/boom_core_merged.cpp:2898) [133]  (0.991 ns)
	'select' operation ('select_ln2898_1', /home/lab_726/boom/hls_boom/src/boom_core_merged.cpp:2898) [135]  (0 ns)
	'select' operation ('select_ln2902_1', /home/lab_726/boom/hls_boom/src/boom_core_merged.cpp:2902) [136]  (0.424 ns)
	multiplexor before 'phi' operation ('state_execute_divider_arithmetic_original_dividend_new_0', /home/lab_726/boom/hls_boom/src/boom_core_merged.cpp:2902) with incoming values : ('p_read14') ('select_ln2902_2', /home/lab_726/boom/hls_boom/src/boom_core_merged.cpp:2902) ('select_ln2902_1', /home/lab_726/boom/hls_boom/src/boom_core_merged.cpp:2902) ('select_ln2902', /home/lab_726/boom/hls_boom/src/boom_core_merged.cpp:2902) [159]  (0.574 ns)
	'phi' operation ('state_execute_divider_arithmetic_original_dividend_new_0', /home/lab_726/boom/hls_boom/src/boom_core_merged.cpp:2902) with incoming values : ('p_read14') ('select_ln2902_2', /home/lab_726/boom/hls_boom/src/boom_core_merged.cpp:2902) ('select_ln2902_1', /home/lab_726/boom/hls_boom/src/boom_core_merged.cpp:2902) ('select_ln2902', /home/lab_726/boom/hls_boom/src/boom_core_merged.cpp:2902) [159]  (0 ns)
	'store' operation ('store_ln2940', /home/lab_726/boom/hls_boom/src/boom_core_merged.cpp:2940) of variable 'state_execute_divider_arithmetic_original_dividend_new_0', /home/lab_726/boom/hls_boom/src/boom_core_merged.cpp:2902 on static variable 'state_execute_divider_arithmetic_original_dividend' [162]  (0 ns)


============================================================
+ Verbose Summary: Binding
============================================================
N/A
* FSMD analyzer results:
  - Output states:
 - Input state : 
  - Chain level:
	State 1


============================================================
+ Verbose Summary: Datapath Resource usage 
============================================================
N/A
