

================================================================
== Vitis HLS Report for 'synth_decode_top'
================================================================
* Date:           Tue Aug  4 20:26:46 2026

* Version:        2021.2 (Build 3367213 on Tue Oct 19 02:47:39 MDT 2021)
* Project:        synth_decode_top
* Solution:       solution_gate4_1_m1 (Vivado IP Flow Target)
* Product family: zynquplus
* Target device:  xczu7ev-ffvc1156-2-e


================================================================
== Performance Estimates
================================================================
+ Timing: 
    * Summary: 
    +--------+----------+----------+------------+
    |  Clock |  Target  | Estimated| Uncertainty|
    +--------+----------+----------+------------+
    |ap_clk  |  10.00 ns|  1.526 ns|     2.70 ns|
    +--------+----------+----------+------------+

+ Latency: 
    * Summary: 
    +---------+---------+-----------+-----------+-----+-----+---------+
    |  Latency (cycles) |   Latency (absolute)  |  Interval | Pipeline|
    |   min   |   max   |    min    |    max    | min | max |   Type  |
    +---------+---------+-----------+-----------+-----+-----+---------+
    |        4|        5|  40.000 ns|  50.000 ns|    5|    6|       no|
    +---------+---------+-----------+-----------+-----+-----+---------+

    + Detail: 
        * Instance: 
        +-------------------------+---------------+---------+---------+-----------+-----------+-----+-----+---------+
        |                         |               |  Latency (cycles) |   Latency (absolute)  |  Interval | Pipeline|
        |         Instance        |     Module    |   min   |   max   |    min    |    max    | min | max |   Type  |
        +-------------------------+---------------+---------+---------+-----------+-----------+-----+-----+---------+
        |grp_decode_module_fu_61  |decode_module  |        1|        2|  10.000 ns|  20.000 ns|    1|    2|       no|
        +-------------------------+---------------+---------+---------+-----------+-----------+-----+-----+---------+

        * Loop: 
        N/A



================================================================
== Utilization Estimates
================================================================
* Summary: 
+-----------------+---------+------+--------+--------+-----+
|       Name      | BRAM_18K|  DSP |   FF   |   LUT  | URAM|
+-----------------+---------+------+--------+--------+-----+
|DSP              |        -|     -|       -|       -|    -|
|Expression       |        -|     -|       0|      64|    -|
|FIFO             |        -|     -|       -|       -|    -|
|Instance         |        -|     -|       6|     185|    -|
|Memory           |        -|     -|       -|       -|    -|
|Multiplexer      |        -|     -|       -|      26|    -|
|Register         |        -|     -|     167|       -|    -|
+-----------------+---------+------+--------+--------+-----+
|Total            |        0|     0|     173|     275|    0|
+-----------------+---------+------+--------+--------+-----+
|Available        |      624|  1728|  460800|  230400|   96|
+-----------------+---------+------+--------+--------+-----+
|Utilization (%)  |        0|     0|      ~0|      ~0|    0|
+-----------------+---------+------+--------+--------+-----+

+ Detail: 
    * Instance: 
    +-------------------------+---------------+---------+----+---+-----+-----+
    |         Instance        |     Module    | BRAM_18K| DSP| FF| LUT | URAM|
    +-------------------------+---------------+---------+----+---+-----+-----+
    |grp_decode_module_fu_61  |decode_module  |        0|   0|  6|  185|    0|
    +-------------------------+---------------+---------+----+---+-----+-----+
    |Total                    |               |        0|   0|  6|  185|    0|
    +-------------------------+---------------+---------+----+---+-----+-----+

    * DSP: 
    N/A

    * Memory: 
    N/A

    * FIFO: 
    N/A

    * Expression: 
    +--------------+----------+----+---+----+------------+------------+
    | Variable Name| Operation| DSP| FF| LUT| Bitwidth P0| Bitwidth P1|
    +--------------+----------+----+---+----+------------+------------+
    |observable    |    select|   0|  0|  64|           1|          64|
    +--------------+----------+----+---+----+------------+------------+
    |Total         |          |   0|  0|  64|           1|          64|
    +--------------+----------+----+---+----+------------+------------+

    * Multiplexer: 
    +-----------+----+-----------+-----+-----------+
    |    Name   | LUT| Input Size| Bits| Total Bits|
    +-----------+----+-----------+-----+-----------+
    |ap_NS_fsm  |  26|          5|    1|          5|
    +-----------+----+-----------+-----+-----------+
    |Total      |  26|          5|    1|          5|
    +-----------+----+-----------+-----+-----------+

    * Register: 
    +--------------------------------------+----+----+-----+-----------+
    |                 Name                 | FF | LUT| Bits| Const Bits|
    +--------------------------------------+----+----+-----+-----------+
    |ap_CS_fsm                             |   4|   0|    4|          0|
    |grp_decode_module_fu_61_ap_start_reg  |   1|   0|    1|          0|
    |state_decode_dec_uops_debug_pc_0      |  64|   0|   64|          0|
    |state_decode_dec_valids_0             |   1|   0|    1|          0|
    |state_frontend_fetch_packet_valid     |   1|   0|    1|          0|
    |state_frontend_fetch_uop_debug_pc     |  64|   0|   64|          0|
    |state_frontend_fetch_uop_inst         |  32|   0|   32|          0|
    +--------------------------------------+----+----+-----+-----------+
    |Total                                 | 167|   0|  167|          0|
    +--------------------------------------+----+----+-----+-----------+



================================================================
== Interface
================================================================
* Summary: 
+-------------------+-----+-----+------------+------------------+--------------+
|     RTL Ports     | Dir | Bits|  Protocol  |   Source Object  |    C Type    |
+-------------------+-----+-----+------------+------------------+--------------+
|ap_local_block     |  out|    1|  ap_ctrl_hs|  synth_decode_top|  return value|
|ap_local_deadlock  |  out|    1|  ap_ctrl_hs|  synth_decode_top|  return value|
|ap_clk             |   in|    1|  ap_ctrl_hs|  synth_decode_top|  return value|
|ap_rst             |   in|    1|  ap_ctrl_hs|  synth_decode_top|  return value|
|ap_start           |   in|    1|  ap_ctrl_hs|  synth_decode_top|  return value|
|ap_done            |  out|    1|  ap_ctrl_hs|  synth_decode_top|  return value|
|ap_idle            |  out|    1|  ap_ctrl_hs|  synth_decode_top|  return value|
|ap_ready           |  out|    1|  ap_ctrl_hs|  synth_decode_top|  return value|
|seed_inst          |   in|   32|     ap_none|         seed_inst|        scalar|
|seed_pc            |   in|   64|     ap_none|           seed_pc|        scalar|
|observable         |  out|   64|      ap_vld|        observable|       pointer|
|observable_ap_vld  |  out|    1|      ap_vld|        observable|       pointer|
+-------------------+-----+-----+------------+------------------+--------------+

