INFO: [VRFC 10-2263] Analyzing Verilog file "/home/lab_726/boom/hls_boom/build/gate4_1/m3c_rv64m_rtl/projects/synth_m3c_rv64m_top/solution_gate4_1_m3c_rtl/syn/verilog/synth_m3c_rv64m_top_apply_writeback_ports.v" into library work
INFO: [VRFC 10-311] analyzing module synth_m3c_rv64m_top_apply_writeback_ports
INFO: [VRFC 10-2263] Analyzing Verilog file "/home/lab_726/boom/hls_boom/build/gate4_1/m3c_rv64m_rtl/projects/synth_m3c_rv64m_top/solution_gate4_1_m3c_rtl/syn/verilog/synth_m3c_rv64m_top_begin_completion_cycle.v" into library work
INFO: [VRFC 10-311] analyzing module synth_m3c_rv64m_top_begin_completion_cycle
INFO: [VRFC 10-2263] Analyzing Verilog file "/home/lab_726/boom/hls_boom/build/gate4_1/m3c_rv64m_rtl/projects/synth_m3c_rv64m_top/solution_gate4_1_m3c_rtl/syn/verilog/synth_m3c_rv64m_top_branch_complete_event.v" into library work
INFO: [VRFC 10-311] analyzing module synth_m3c_rv64m_top_branch_complete_event
INFO: [VRFC 10-2263] Analyzing Verilog file "/home/lab_726/boom/hls_boom/build/gate4_1/m3c_rv64m_rtl/projects/synth_m3c_rv64m_top/solution_gate4_1_m3c_rtl/syn/verilog/synth_m3c_rv64m_top_clear_resolved_masks_in_state.v" into library work
INFO: [VRFC 10-311] analyzing module synth_m3c_rv64m_top_clear_resolved_masks_in_state
INFO: [VRFC 10-2263] Analyzing Verilog file "/home/lab_726/boom/hls_boom/build/gate4_1/m3c_rv64m_rtl/projects/synth_m3c_rv64m_top/solution_gate4_1_m3c_rtl/syn/verilog/synth_m3c_rv64m_top_compact_issue_queue_temp_uop_csr_addr_RAM_AUTO_1R1W.v" into library work
INFO: [VRFC 10-311] analyzing module synth_m3c_rv64m_top_compact_issue_queue_temp_uop_csr_addr_RAM_AUTO_1R1W
INFO: [VRFC 10-2263] Analyzing Verilog file "/home/lab_726/boom/hls_boom/build/gate4_1/m3c_rv64m_rtl/projects/synth_m3c_rv64m_top/solution_gate4_1_m3c_rtl/syn/verilog/synth_m3c_rv64m_top_compact_issue_queue_temp_uop_debug_pc_RAM_AUTO_1R1W.v" into library work
INFO: [VRFC 10-311] analyzing module synth_m3c_rv64m_top_compact_issue_queue_temp_uop_debug_pc_RAM_AUTO_1R1W
INFO: [VRFC 10-2263] Analyzing Verilog file "/home/lab_726/boom/hls_boom/build/gate4_1/m3c_rv64m_rtl/projects/synth_m3c_rv64m_top/solution_gate4_1_m3c_rtl/syn/verilog/synth_m3c_rv64m_top_compact_issue_queue_temp_uop_inst_RAM_AUTO_1R1W.v" into library work
INFO: [VRFC 10-311] analyzing module synth_m3c_rv64m_top_compact_issue_queue_temp_uop_inst_RAM_AUTO_1R1W
INFO: [VRFC 10-2263] Analyzing Verilog file "/home/lab_726/boom/hls_boom/build/gate4_1/m3c_rv64m_rtl/projects/synth_m3c_rv64m_top/solution_gate4_1_m3c_rtl/syn/verilog/synth_m3c_rv64m_top_compact_issue_queue_temp_uop_uopc_RAM_AUTO_1R1W.v" into library work
INFO: [VRFC 10-311] analyzing module synth_m3c_rv64m_top_compact_issue_queue_temp_uop_uopc_RAM_AUTO_1R1W
INFO: [VRFC 10-2263] Analyzing Verilog file "/home/lab_726/boom/hls_boom/build/gate4_1/m3c_rv64m_rtl/projects/synth_m3c_rv64m_top/solution_gate4_1_m3c_rtl/syn/verilog/synth_m3c_rv64m_top_compact_issue_queue_temp_valid_RAM_AUTO_1R1W.v" into library work
INFO: [VRFC 10-311] analyzing module synth_m3c_rv64m_top_compact_issue_queue_temp_valid_RAM_AUTO_1R1W
INFO: [VRFC 10-2263] Analyzing Verilog file "/home/lab_726/boom/hls_boom/build/gate4_1/m3c_rv64m_rtl/projects/synth_m3c_rv64m_top/solution_gate4_1_m3c_rtl/syn/verilog/synth_m3c_rv64m_top_compact_issue_queue.v" into library work
INFO: [VRFC 10-311] analyzing module synth_m3c_rv64m_top_compact_issue_queue
INFO: [VRFC 10-2263] Analyzing Verilog file "/home/lab_726/boom/hls_boom/build/gate4_1/m3c_rv64m_rtl/projects/synth_m3c_rv64m_top/solution_gate4_1_m3c_rtl/syn/verilog/synth_m3c_rv64m_top_completion_is_valid.v" into library work
INFO: [VRFC 10-311] analyzing module synth_m3c_rv64m_top_completion_is_valid
INFO: [VRFC 10-2263] Analyzing Verilog file "/home/lab_726/boom/hls_boom/build/gate4_1/m3c_rv64m_rtl/projects/synth_m3c_rv64m_top/solution_gate4_1_m3c_rtl/syn/verilog/synth_m3c_rv64m_top_divider_accept.v" into library work
INFO: [VRFC 10-311] analyzing module synth_m3c_rv64m_top_divider_accept
INFO: [VRFC 10-2263] Analyzing Verilog file "/home/lab_726/boom/hls_boom/build/gate4_1/m3c_rv64m_rtl/projects/synth_m3c_rv64m_top/solution_gate4_1_m3c_rtl/syn/verilog/synth_m3c_rv64m_top_execute_module.v" into library work
INFO: [VRFC 10-311] analyzing module synth_m3c_rv64m_top_execute_module
INFO: [VRFC 10-2263] Analyzing Verilog file "/home/lab_726/boom/hls_boom/build/gate4_1/m3c_rv64m_rtl/projects/synth_m3c_rv64m_top/solution_gate4_1_m3c_rtl/syn/verilog/synth_m3c_rv64m_top_kill_execute_state.v" into library work
INFO: [VRFC 10-311] analyzing module synth_m3c_rv64m_top_kill_execute_state
INFO: [VRFC 10-2263] Analyzing Verilog file "/home/lab_726/boom/hls_boom/build/gate4_1/m3c_rv64m_rtl/projects/synth_m3c_rv64m_top/solution_gate4_1_m3c_rtl/syn/verilog/synth_m3c_rv64m_top_kill_issue_state.v" into library work
INFO: [VRFC 10-311] analyzing module synth_m3c_rv64m_top_kill_issue_state
INFO: [VRFC 10-2263] Analyzing Verilog file "/home/lab_726/boom/hls_boom/build/gate4_1/m3c_rv64m_rtl/projects/synth_m3c_rv64m_top/solution_gate4_1_m3c_rtl/syn/verilog/synth_m3c_rv64m_top_kill_lsu_state.v" into library work
INFO: [VRFC 10-311] analyzing module synth_m3c_rv64m_top_kill_lsu_state
INFO: [VRFC 10-2263] Analyzing Verilog file "/home/lab_726/boom/hls_boom/build/gate4_1/m3c_rv64m_rtl/projects/synth_m3c_rv64m_top/solution_gate4_1_m3c_rtl/syn/verilog/synth_m3c_rv64m_top_kill_rob_younger_than.v" into library work
INFO: [VRFC 10-311] analyzing module synth_m3c_rv64m_top_kill_rob_younger_than
INFO: [VRFC 10-2263] Analyzing Verilog file "/home/lab_726/boom/hls_boom/build/gate4_1/m3c_rv64m_rtl/projects/synth_m3c_rv64m_top/solution_gate4_1_m3c_rtl/syn/verilog/synth_m3c_rv64m_top_lsu_accept_completion.v" into library work
INFO: [VRFC 10-311] analyzing module synth_m3c_rv64m_top_lsu_accept_completion
INFO: [VRFC 10-2263] Analyzing Verilog file "/home/lab_726/boom/hls_boom/build/gate4_1/m3c_rv64m_rtl/projects/synth_m3c_rv64m_top/solution_gate4_1_m3c_rtl/syn/verilog/synth_m3c_rv64m_top_mul_3ns_7ns_9_1_1.v" into library work
INFO: [VRFC 10-311] analyzing module synth_m3c_rv64m_top_mul_3ns_7ns_9_1_1
INFO: [VRFC 10-2263] Analyzing Verilog file "/home/lab_726/boom/hls_boom/build/gate4_1/m3c_rv64m_rtl/projects/synth_m3c_rv64m_top/solution_gate4_1_m3c_rtl/syn/verilog/synth_m3c_rv64m_top_mul_65s_65s_128_1_1.v" into library work
INFO: [VRFC 10-311] analyzing module synth_m3c_rv64m_top_mul_65s_65s_128_1_1
INFO: [VRFC 10-2263] Analyzing Verilog file "/home/lab_726/boom/hls_boom/build/gate4_1/m3c_rv64m_rtl/projects/synth_m3c_rv64m_top/solution_gate4_1_m3c_rtl/syn/verilog/synth_m3c_rv64m_top_mul_8ns_7ns_9_1_1.v" into library work
INFO: [VRFC 10-311] analyzing module synth_m3c_rv64m_top_mul_8ns_7ns_9_1_1
INFO: [VRFC 10-2263] Analyzing Verilog file "/home/lab_726/boom/hls_boom/build/gate4_1/m3c_rv64m_rtl/projects/synth_m3c_rv64m_top/solution_gate4_1_m3c_rtl/syn/verilog/synth_m3c_rv64m_top_mux_32_1_1_1.v" into library work
INFO: [VRFC 10-311] analyzing module synth_m3c_rv64m_top_mux_32_1_1_1
INFO: [VRFC 10-2263] Analyzing Verilog file "/home/lab_726/boom/hls_boom/build/gate4_1/m3c_rv64m_rtl/projects/synth_m3c_rv64m_top/solution_gate4_1_m3c_rtl/syn/verilog/synth_m3c_rv64m_top_mux_32_8_1_1.v" into library work
INFO: [VRFC 10-311] analyzing module synth_m3c_rv64m_top_mux_32_8_1_1
INFO: [VRFC 10-2263] Analyzing Verilog file "/home/lab_726/boom/hls_boom/build/gate4_1/m3c_rv64m_rtl/projects/synth_m3c_rv64m_top/solution_gate4_1_m3c_rtl/syn/verilog/synth_m3c_rv64m_top_mux_42_1_1_1.v" into library work
INFO: [VRFC 10-311] analyzing module synth_m3c_rv64m_top_mux_42_1_1_1
INFO: [VRFC 10-2263] Analyzing Verilog file "/home/lab_726/boom/hls_boom/build/gate4_1/m3c_rv64m_rtl/projects/synth_m3c_rv64m_top/solution_gate4_1_m3c_rtl/syn/verilog/synth_m3c_rv64m_top_mux_42_2_1_1.v" into library work
INFO: [VRFC 10-311] analyzing module synth_m3c_rv64m_top_mux_42_2_1_1
INFO: [VRFC 10-2263] Analyzing Verilog file "/home/lab_726/boom/hls_boom/build/gate4_1/m3c_rv64m_rtl/projects/synth_m3c_rv64m_top/solution_gate4_1_m3c_rtl/syn/verilog/synth_m3c_rv64m_top_mux_42_3_1_1.v" into library work
INFO: [VRFC 10-311] analyzing module synth_m3c_rv64m_top_mux_42_3_1_1
INFO: [VRFC 10-2263] Analyzing Verilog file "/home/lab_726/boom/hls_boom/build/gate4_1/m3c_rv64m_rtl/projects/synth_m3c_rv64m_top/solution_gate4_1_m3c_rtl/syn/verilog/synth_m3c_rv64m_top_mux_42_32_1_1.v" into library work
INFO: [VRFC 10-311] analyzing module synth_m3c_rv64m_top_mux_42_32_1_1
INFO: [VRFC 10-2263] Analyzing Verilog file "/home/lab_726/boom/hls_boom/build/gate4_1/m3c_rv64m_rtl/projects/synth_m3c_rv64m_top/solution_gate4_1_m3c_rtl/syn/verilog/synth_m3c_rv64m_top_mux_42_64_1_1.v" into library work
INFO: [VRFC 10-311] analyzing module synth_m3c_rv64m_top_mux_42_64_1_1
INFO: [VRFC 10-2263] Analyzing Verilog file "/home/lab_726/boom/hls_boom/build/gate4_1/m3c_rv64m_rtl/projects/synth_m3c_rv64m_top/solution_gate4_1_m3c_rtl/syn/verilog/synth_m3c_rv64m_top_mux_42_8_1_1.v" into library work
INFO: [VRFC 10-311] analyzing module synth_m3c_rv64m_top_mux_42_8_1_1
INFO: [VRFC 10-2263] Analyzing Verilog file "/home/lab_726/boom/hls_boom/build/gate4_1/m3c_rv64m_rtl/projects/synth_m3c_rv64m_top/solution_gate4_1_m3c_rtl/syn/verilog/synth_m3c_rv64m_top_recover_mispredict.v" into library work
INFO: [VRFC 10-311] analyzing module synth_m3c_rv64m_top_recover_mispredict
INFO: [VRFC 10-2263] Analyzing Verilog file "/home/lab_726/boom/hls_boom/build/gate4_1/m3c_rv64m_rtl/projects/synth_m3c_rv64m_top/solution_gate4_1_m3c_rtl/syn/verilog/synth_m3c_rv64m_top_service_pending.v" into library work
INFO: [VRFC 10-311] analyzing module synth_m3c_rv64m_top_service_pending
INFO: [VRFC 10-2263] Analyzing Verilog file "/home/lab_726/boom/hls_boom/build/gate4_1/m3c_rv64m_rtl/projects/synth_m3c_rv64m_top/solution_gate4_1_m3c_rtl/syn/verilog/synth_m3c_rv64m_top_state_branch_state_br_alloc_lists_RAM_AUTO_1R1W.v" into library work
INFO: [VRFC 10-311] analyzing module synth_m3c_rv64m_top_state_branch_state_br_alloc_lists_RAM_AUTO_1R1W
INFO: [VRFC 10-2263] Analyzing Verilog file "/home/lab_726/boom/hls_boom/build/gate4_1/m3c_rv64m_rtl/projects/synth_m3c_rv64m_top/solution_gate4_1_m3c_rtl/syn/verilog/synth_m3c_rv64m_top_state_int_rf_bank0_RAM_AUTO_1R1W.v" into library work
INFO: [VRFC 10-311] analyzing module synth_m3c_rv64m_top_state_int_rf_bank0_RAM_AUTO_1R1W
INFO: [VRFC 10-2263] Analyzing Verilog file "/home/lab_726/boom/hls_boom/build/gate4_1/m3c_rv64m_rtl/projects/synth_m3c_rv64m_top/solution_gate4_1_m3c_rtl/syn/verilog/synth_m3c_rv64m_top_state_issue_alu_iq_entries_uop_csr_addr_RAM_AUTO_1R1W.v" into library work
INFO: [VRFC 10-311] analyzing module synth_m3c_rv64m_top_state_issue_alu_iq_entries_uop_csr_addr_RAM_AUTO_1R1W
INFO: [VRFC 10-2263] Analyzing Verilog file "/home/lab_726/boom/hls_boom/build/gate4_1/m3c_rv64m_rtl/projects/synth_m3c_rv64m_top/solution_gate4_1_m3c_rtl/syn/verilog/synth_m3c_rv64m_top_state_issue_alu_iq_entries_uop_debug_pc_RAM_AUTO_1R1W.v" into library work
INFO: [VRFC 10-311] analyzing module synth_m3c_rv64m_top_state_issue_alu_iq_entries_uop_debug_pc_RAM_AUTO_1R1W
INFO: [VRFC 10-2263] Analyzing Verilog file "/home/lab_726/boom/hls_boom/build/gate4_1/m3c_rv64m_rtl/projects/synth_m3c_rv64m_top/solution_gate4_1_m3c_rtl/syn/verilog/synth_m3c_rv64m_top_state_issue_alu_iq_entries_uop_inst_RAM_AUTO_1R1W.v" into library work
INFO: [VRFC 10-311] analyzing module synth_m3c_rv64m_top_state_issue_alu_iq_entries_uop_inst_RAM_AUTO_1R1W
INFO: [VRFC 10-2263] Analyzing Verilog file "/home/lab_726/boom/hls_boom/build/gate4_1/m3c_rv64m_rtl/projects/synth_m3c_rv64m_top/solution_gate4_1_m3c_rtl/syn/verilog/synth_m3c_rv64m_top_state_issue_alu_iq_entries_uop_uopc_RAM_AUTO_1R1W.v" into library work
INFO: [VRFC 10-311] analyzing module synth_m3c_rv64m_top_state_issue_alu_iq_entries_uop_uopc_RAM_AUTO_1R1W
INFO: [VRFC 10-2263] Analyzing Verilog file "/home/lab_726/boom/hls_boom/build/gate4_1/m3c_rv64m_rtl/projects/synth_m3c_rv64m_top/solution_gate4_1_m3c_rtl/syn/verilog/synth_m3c_rv64m_top_state_issue_alu_iq_entries_valid_RAM_AUTO_1R1W.v" into library work
INFO: [VRFC 10-311] analyzing module synth_m3c_rv64m_top_state_issue_alu_iq_entries_valid_RAM_AUTO_1R1W
INFO: [VRFC 10-2263] Analyzing Verilog file "/home/lab_726/boom/hls_boom/build/gate4_1/m3c_rv64m_rtl/projects/synth_m3c_rv64m_top/solution_gate4_1_m3c_rtl/syn/verilog/synth_m3c_rv64m_top_state_rename_int_free_list_busy_table_RAM_AUTO_1R1W.v" into library work
INFO: [VRFC 10-311] analyzing module synth_m3c_rv64m_top_state_rename_int_free_list_busy_table_RAM_AUTO_1R1W
INFO: [VRFC 10-2263] Analyzing Verilog file "/home/lab_726/boom/hls_boom/build/gate4_1/m3c_rv64m_rtl/projects/synth_m3c_rv64m_top/solution_gate4_1_m3c_rtl/syn/verilog/synth_m3c_rv64m_top_state_rename_int_free_list_free_list_RAM_AUTO_1R1W.v" into library work
INFO: [VRFC 10-311] analyzing module synth_m3c_rv64m_top_state_rename_int_free_list_free_list_RAM_AUTO_1R1W
INFO: [VRFC 10-2263] Analyzing Verilog file "/home/lab_726/boom/hls_boom/build/gate4_1/m3c_rv64m_rtl/projects/synth_m3c_rv64m_top/solution_gate4_1_m3c_rtl/syn/verilog/synth_m3c_rv64m_top_state_rename_int_map_table_br_snapshots_RAM_AUTO_1R1W.v" into library work
INFO: [VRFC 10-311] analyzing module synth_m3c_rv64m_top_state_rename_int_map_table_br_snapshots_RAM_AUTO_1R1W
INFO: [VRFC 10-2263] Analyzing Verilog file "/home/lab_726/boom/hls_boom/build/gate4_1/m3c_rv64m_rtl/projects/synth_m3c_rv64m_top/solution_gate4_1_m3c_rtl/syn/verilog/synth_m3c_rv64m_top_state_rename_int_map_table_map_table_RAM_AUTO_1R1W.v" into library work
INFO: [VRFC 10-311] analyzing module synth_m3c_rv64m_top_state_rename_int_map_table_map_table_RAM_AUTO_1R1W
INFO: [VRFC 10-2263] Analyzing Verilog file "/home/lab_726/boom/hls_boom/build/gate4_1/m3c_rv64m_rtl/projects/synth_m3c_rv64m_top/solution_gate4_1_m3c_rtl/syn/verilog/synth_m3c_rv64m_top_state_rob_entries_uop_branch_br_mask_RAM_AUTO_1R1W.v" into library work
INFO: [VRFC 10-311] analyzing module synth_m3c_rv64m_top_state_rob_entries_uop_branch_br_mask_RAM_AUTO_1R1W
INFO: [VRFC 10-2263] Analyzing Verilog file "/home/lab_726/boom/hls_boom/build/gate4_1/m3c_rv64m_rtl/projects/synth_m3c_rv64m_top/solution_gate4_1_m3c_rtl/syn/verilog/synth_m3c_rv64m_top_state_rob_entries_uop_queue_rob_allocation_id_RAM_AUTO_1R1W.v" into library work
INFO: [VRFC 10-311] analyzing module synth_m3c_rv64m_top_state_rob_entries_uop_queue_rob_allocation_id_RAM_AUTO_1R1W
INFO: [VRFC 10-2263] Analyzing Verilog file "/home/lab_726/boom/hls_boom/build/gate4_1/m3c_rv64m_rtl/projects/synth_m3c_rv64m_top/solution_gate4_1_m3c_rtl/syn/verilog/synth_m3c_rv64m_top.v" into library work
INFO: [VRFC 10-311] analyzing module synth_m3c_rv64m_top
INFO: [VRFC 10-2263] Analyzing SystemVerilog file "/home/lab_726/boom/hls_boom/rtl_tb/rv64m_full_rtl_tb.sv" into library work
INFO: [VRFC 10-311] analyzing module rv64m_full_rtl_tb
Vivado Simulator v2021.2
Copyright 1986-1999, 2001-2021 Xilinx, Inc. All Rights Reserved.
Running: /home/lab_726/Xilinx/Vivado/2021.2/bin/unwrapped/lnx64.o/xelab rv64m_full_rtl_tb -s rv64m_full_rtl_snapshot -timescale 1ns/1ps 
Multi-threading is on. Using 18 slave threads.
Starting static elaboration
Pass Through NonSizing Optimizer
WARNING: [VRFC 10-3645] port 'ap_local_block' remains unconnected for this instance [/home/lab_726/boom/hls_boom/rtl_tb/rv64m_full_rtl_tb.sv:25]
Completed static elaboration
Starting simulation data flow analysis
Completed simulation data flow analysis
Time Resolution for simulation is 1ps
Compiling module work.synth_m3c_rv64m_top_state_rename...
Compiling module work.synth_m3c_rv64m_top_state_rename...
Compiling module work.synth_m3c_rv64m_top_state_rename...
Compiling module work.synth_m3c_rv64m_top_state_rename...
Compiling module work.synth_m3c_rv64m_top_state_issue_...
Compiling module work.synth_m3c_rv64m_top_state_issue_...
Compiling module work.synth_m3c_rv64m_top_state_issue_...
Compiling module work.synth_m3c_rv64m_top_state_issue_...
Compiling module work.synth_m3c_rv64m_top_state_issue_...
Compiling module work.synth_m3c_rv64m_top_state_rob_en...
Compiling module work.synth_m3c_rv64m_top_state_rob_en...
Compiling module work.synth_m3c_rv64m_top_state_branch...
Compiling module work.synth_m3c_rv64m_top_state_int_rf...
Compiling module work.synth_m3c_rv64m_top_divider_acce...
Compiling module work.synth_m3c_rv64m_top_mul_65s_65s_...
Compiling module work.synth_m3c_rv64m_top_mux_32_1_1_1...
Compiling module work.synth_m3c_rv64m_top_mux_32_8_1_1...
Compiling module work.synth_m3c_rv64m_top_execute_modu...
Compiling module work.synth_m3c_rv64m_top_clear_resolv...
Compiling module work.synth_m3c_rv64m_top_compact_issu...
Compiling module work.synth_m3c_rv64m_top_compact_issu...
Compiling module work.synth_m3c_rv64m_top_compact_issu...
Compiling module work.synth_m3c_rv64m_top_compact_issu...
Compiling module work.synth_m3c_rv64m_top_compact_issu...
Compiling module work.synth_m3c_rv64m_top_compact_issu...
Compiling module work.synth_m3c_rv64m_top_kill_issue_s...
Compiling module work.synth_m3c_rv64m_top_kill_execute...
Compiling module work.synth_m3c_rv64m_top_kill_lsu_sta...
Compiling module work.synth_m3c_rv64m_top_kill_rob_you...
Compiling module work.synth_m3c_rv64m_top_mul_8ns_7ns_...
Compiling module work.synth_m3c_rv64m_top_mul_3ns_7ns_...
Compiling module work.synth_m3c_rv64m_top_recover_misp...
Compiling module work.synth_m3c_rv64m_top_branch_compl...
Compiling module work.synth_m3c_rv64m_top_completion_i...
Compiling module work.synth_m3c_rv64m_top_lsu_accept_c...
Compiling module work.synth_m3c_rv64m_top_apply_writeb...
Compiling module work.synth_m3c_rv64m_top_mux_42_8_1_1...
Compiling module work.synth_m3c_rv64m_top_mux_42_32_1_...
Compiling module work.synth_m3c_rv64m_top_mux_42_3_1_1...
Compiling module work.synth_m3c_rv64m_top_mux_42_2_1_1...
Compiling module work.synth_m3c_rv64m_top_mux_42_1_1_1...
Compiling module work.synth_m3c_rv64m_top_mux_42_64_1_...
Compiling module work.synth_m3c_rv64m_top_service_pend...
Compiling module work.synth_m3c_rv64m_top_begin_comple...
Compiling module work.synth_m3c_rv64m_top
Compiling module work.rv64m_full_rtl_tb
Built simulation snapshot rv64m_full_rtl_snapshot
