INFO: [VRFC 10-2263] Analyzing Verilog file "/home/lab_726/boom/hls_boom/build/gate4_1/m3c_m2_rtl/projects/boom_core_top/solution_gate4_1_m2b_rtl/syn/verilog/boom_core_top_apply_writeback_ports.v" into library work
INFO: [VRFC 10-311] analyzing module boom_core_top_apply_writeback_ports
INFO: [VRFC 10-2263] Analyzing Verilog file "/home/lab_726/boom/hls_boom/build/gate4_1/m3c_m2_rtl/projects/boom_core_top/solution_gate4_1_m2b_rtl/syn/verilog/boom_core_top_boom_core_cycle_io.v" into library work
INFO: [VRFC 10-311] analyzing module boom_core_top_boom_core_cycle_io
INFO: [VRFC 10-2263] Analyzing Verilog file "/home/lab_726/boom/hls_boom/build/gate4_1/m3c_m2_rtl/projects/boom_core_top/solution_gate4_1_m2b_rtl/syn/verilog/boom_core_top_boom_core_reset_step.v" into library work
INFO: [VRFC 10-311] analyzing module boom_core_top_boom_core_reset_step
INFO: [VRFC 10-2263] Analyzing Verilog file "/home/lab_726/boom/hls_boom/build/gate4_1/m3c_m2_rtl/projects/boom_core_top/solution_gate4_1_m2b_rtl/syn/verilog/boom_core_top_boom_core_step.v" into library work
INFO: [VRFC 10-311] analyzing module boom_core_top_boom_core_step
INFO: [VRFC 10-2263] Analyzing Verilog file "/home/lab_726/boom/hls_boom/build/gate4_1/m3c_m2_rtl/projects/boom_core_top/solution_gate4_1_m2b_rtl/syn/verilog/boom_core_top_branch_complete_event.v" into library work
INFO: [VRFC 10-311] analyzing module boom_core_top_branch_complete_event
INFO: [VRFC 10-2263] Analyzing Verilog file "/home/lab_726/boom/hls_boom/build/gate4_1/m3c_m2_rtl/projects/boom_core_top/solution_gate4_1_m2b_rtl/syn/verilog/boom_core_top_clear_resolved_masks_in_state.v" into library work
INFO: [VRFC 10-311] analyzing module boom_core_top_clear_resolved_masks_in_state
INFO: [VRFC 10-2263] Analyzing Verilog file "/home/lab_726/boom/hls_boom/build/gate4_1/m3c_m2_rtl/projects/boom_core_top/solution_gate4_1_m2b_rtl/syn/verilog/boom_core_top_compact_iq.v" into library work
INFO: [VRFC 10-311] analyzing module boom_core_top_compact_iq
INFO: [VRFC 10-2263] Analyzing Verilog file "/home/lab_726/boom/hls_boom/build/gate4_1/m3c_m2_rtl/projects/boom_core_top/solution_gate4_1_m2b_rtl/syn/verilog/boom_core_top_compact_issue_queue_temp_uop_csr_addr_RAM_AUTO_1R1W.v" into library work
INFO: [VRFC 10-311] analyzing module boom_core_top_compact_issue_queue_temp_uop_csr_addr_RAM_AUTO_1R1W
INFO: [VRFC 10-2263] Analyzing Verilog file "/home/lab_726/boom/hls_boom/build/gate4_1/m3c_m2_rtl/projects/boom_core_top/solution_gate4_1_m2b_rtl/syn/verilog/boom_core_top_compact_issue_queue_temp_uop_debug_pc_RAM_AUTO_1R1W.v" into library work
INFO: [VRFC 10-311] analyzing module boom_core_top_compact_issue_queue_temp_uop_debug_pc_RAM_AUTO_1R1W
INFO: [VRFC 10-2263] Analyzing Verilog file "/home/lab_726/boom/hls_boom/build/gate4_1/m3c_m2_rtl/projects/boom_core_top/solution_gate4_1_m2b_rtl/syn/verilog/boom_core_top_compact_issue_queue_temp_uop_inst_RAM_AUTO_1R1W.v" into library work
INFO: [VRFC 10-311] analyzing module boom_core_top_compact_issue_queue_temp_uop_inst_RAM_AUTO_1R1W
INFO: [VRFC 10-2263] Analyzing Verilog file "/home/lab_726/boom/hls_boom/build/gate4_1/m3c_m2_rtl/projects/boom_core_top/solution_gate4_1_m2b_rtl/syn/verilog/boom_core_top_compact_issue_queue_temp_uop_uopc_RAM_AUTO_1R1W.v" into library work
INFO: [VRFC 10-311] analyzing module boom_core_top_compact_issue_queue_temp_uop_uopc_RAM_AUTO_1R1W
INFO: [VRFC 10-2263] Analyzing Verilog file "/home/lab_726/boom/hls_boom/build/gate4_1/m3c_m2_rtl/projects/boom_core_top/solution_gate4_1_m2b_rtl/syn/verilog/boom_core_top_compact_issue_queue_temp_valid_RAM_AUTO_1R1W.v" into library work
INFO: [VRFC 10-311] analyzing module boom_core_top_compact_issue_queue_temp_valid_RAM_AUTO_1R1W
INFO: [VRFC 10-2263] Analyzing Verilog file "/home/lab_726/boom/hls_boom/build/gate4_1/m3c_m2_rtl/projects/boom_core_top/solution_gate4_1_m2b_rtl/syn/verilog/boom_core_top_compact_issue_queue.v" into library work
INFO: [VRFC 10-311] analyzing module boom_core_top_compact_issue_queue
INFO: [VRFC 10-2263] Analyzing Verilog file "/home/lab_726/boom/hls_boom/build/gate4_1/m3c_m2_rtl/projects/boom_core_top/solution_gate4_1_m2b_rtl/syn/verilog/boom_core_top_completion_is_valid.v" into library work
INFO: [VRFC 10-311] analyzing module boom_core_top_completion_is_valid
INFO: [VRFC 10-2263] Analyzing Verilog file "/home/lab_726/boom/hls_boom/build/gate4_1/m3c_m2_rtl/projects/boom_core_top/solution_gate4_1_m2b_rtl/syn/verilog/boom_core_top_completion_service_cycle.v" into library work
INFO: [VRFC 10-311] analyzing module boom_core_top_completion_service_cycle
INFO: [VRFC 10-2263] Analyzing Verilog file "/home/lab_726/boom/hls_boom/build/gate4_1/m3c_m2_rtl/projects/boom_core_top/solution_gate4_1_m2b_rtl/syn/verilog/boom_core_top_decode_module.v" into library work
INFO: [VRFC 10-311] analyzing module boom_core_top_decode_module
INFO: [VRFC 10-2263] Analyzing Verilog file "/home/lab_726/boom/hls_boom/build/gate4_1/m3c_m2_rtl/projects/boom_core_top/solution_gate4_1_m2b_rtl/syn/verilog/boom_core_top_divider_accept.v" into library work
INFO: [VRFC 10-311] analyzing module boom_core_top_divider_accept
INFO: [VRFC 10-2263] Analyzing Verilog file "/home/lab_726/boom/hls_boom/build/gate4_1/m3c_m2_rtl/projects/boom_core_top/solution_gate4_1_m2b_rtl/syn/verilog/boom_core_top_execute_module.v" into library work
INFO: [VRFC 10-311] analyzing module boom_core_top_execute_module
INFO: [VRFC 10-2263] Analyzing Verilog file "/home/lab_726/boom/hls_boom/build/gate4_1/m3c_m2_rtl/projects/boom_core_top/solution_gate4_1_m2b_rtl/syn/verilog/boom_core_top_fifo_w193_d2_S.v" into library work
INFO: [VRFC 10-311] analyzing module boom_core_top_fifo_w193_d2_S_shiftReg
INFO: [VRFC 10-311] analyzing module boom_core_top_fifo_w193_d2_S
INFO: [VRFC 10-2263] Analyzing Verilog file "/home/lab_726/boom/hls_boom/build/gate4_1/m3c_m2_rtl/projects/boom_core_top/solution_gate4_1_m2b_rtl/syn/verilog/boom_core_top_fifo_w283_d2_S.v" into library work
INFO: [VRFC 10-311] analyzing module boom_core_top_fifo_w283_d2_S_shiftReg
INFO: [VRFC 10-311] analyzing module boom_core_top_fifo_w283_d2_S
INFO: [VRFC 10-2263] Analyzing Verilog file "/home/lab_726/boom/hls_boom/build/gate4_1/m3c_m2_rtl/projects/boom_core_top/solution_gate4_1_m2b_rtl/syn/verilog/boom_core_top_fifo_w289_d2_S.v" into library work
INFO: [VRFC 10-311] analyzing module boom_core_top_fifo_w289_d2_S_shiftReg
INFO: [VRFC 10-311] analyzing module boom_core_top_fifo_w289_d2_S
INFO: [VRFC 10-2263] Analyzing Verilog file "/home/lab_726/boom/hls_boom/build/gate4_1/m3c_m2_rtl/projects/boom_core_top/solution_gate4_1_m2b_rtl/syn/verilog/boom_core_top_fifo_w518_d2_S.v" into library work
INFO: [VRFC 10-311] analyzing module boom_core_top_fifo_w518_d2_S_shiftReg
INFO: [VRFC 10-311] analyzing module boom_core_top_fifo_w518_d2_S
INFO: [VRFC 10-2263] Analyzing Verilog file "/home/lab_726/boom/hls_boom/build/gate4_1/m3c_m2_rtl/projects/boom_core_top/solution_gate4_1_m2b_rtl/syn/verilog/boom_core_top_fifo_w97_d2_S.v" into library work
INFO: [VRFC 10-311] analyzing module boom_core_top_fifo_w97_d2_S_shiftReg
INFO: [VRFC 10-311] analyzing module boom_core_top_fifo_w97_d2_S
INFO: [VRFC 10-2263] Analyzing Verilog file "/home/lab_726/boom/hls_boom/build/gate4_1/m3c_m2_rtl/projects/boom_core_top/solution_gate4_1_m2b_rtl/syn/verilog/boom_core_top_frontend_module.v" into library work
INFO: [VRFC 10-311] analyzing module boom_core_top_frontend_module
INFO: [VRFC 10-2263] Analyzing Verilog file "/home/lab_726/boom/hls_boom/build/gate4_1/m3c_m2_rtl/projects/boom_core_top/solution_gate4_1_m2b_rtl/syn/verilog/boom_core_top_issue_module.v" into library work
INFO: [VRFC 10-311] analyzing module boom_core_top_issue_module
INFO: [VRFC 10-2263] Analyzing Verilog file "/home/lab_726/boom/hls_boom/build/gate4_1/m3c_m2_rtl/projects/boom_core_top/solution_gate4_1_m2b_rtl/syn/verilog/boom_core_top_kill_execute_state.v" into library work
INFO: [VRFC 10-311] analyzing module boom_core_top_kill_execute_state
INFO: [VRFC 10-2263] Analyzing Verilog file "/home/lab_726/boom/hls_boom/build/gate4_1/m3c_m2_rtl/projects/boom_core_top/solution_gate4_1_m2b_rtl/syn/verilog/boom_core_top_kill_issue_state.v" into library work
INFO: [VRFC 10-311] analyzing module boom_core_top_kill_issue_state
INFO: [VRFC 10-2263] Analyzing Verilog file "/home/lab_726/boom/hls_boom/build/gate4_1/m3c_m2_rtl/projects/boom_core_top/solution_gate4_1_m2b_rtl/syn/verilog/boom_core_top_kill_lsu_state.v" into library work
INFO: [VRFC 10-311] analyzing module boom_core_top_kill_lsu_state
INFO: [VRFC 10-2263] Analyzing Verilog file "/home/lab_726/boom/hls_boom/build/gate4_1/m3c_m2_rtl/projects/boom_core_top/solution_gate4_1_m2b_rtl/syn/verilog/boom_core_top_kill_rob_younger_than.v" into library work
INFO: [VRFC 10-311] analyzing module boom_core_top_kill_rob_younger_than
INFO: [VRFC 10-2263] Analyzing Verilog file "/home/lab_726/boom/hls_boom/build/gate4_1/m3c_m2_rtl/projects/boom_core_top/solution_gate4_1_m2b_rtl/syn/verilog/boom_core_top_lsu_accept_completion.v" into library work
INFO: [VRFC 10-311] analyzing module boom_core_top_lsu_accept_completion
INFO: [VRFC 10-2263] Analyzing Verilog file "/home/lab_726/boom/hls_boom/build/gate4_1/m3c_m2_rtl/projects/boom_core_top/solution_gate4_1_m2b_rtl/syn/verilog/boom_core_top_lsu_reclaim_store.v" into library work
INFO: [VRFC 10-311] analyzing module boom_core_top_lsu_reclaim_store
INFO: [VRFC 10-2263] Analyzing Verilog file "/home/lab_726/boom/hls_boom/build/gate4_1/m3c_m2_rtl/projects/boom_core_top/solution_gate4_1_m2b_rtl/syn/verilog/boom_core_top_mul_3ns_7ns_9_1_1.v" into library work
INFO: [VRFC 10-311] analyzing module boom_core_top_mul_3ns_7ns_9_1_1
INFO: [VRFC 10-2263] Analyzing Verilog file "/home/lab_726/boom/hls_boom/build/gate4_1/m3c_m2_rtl/projects/boom_core_top/solution_gate4_1_m2b_rtl/syn/verilog/boom_core_top_mul_65s_65s_128_1_1.v" into library work
INFO: [VRFC 10-311] analyzing module boom_core_top_mul_65s_65s_128_1_1
INFO: [VRFC 10-2263] Analyzing Verilog file "/home/lab_726/boom/hls_boom/build/gate4_1/m3c_m2_rtl/projects/boom_core_top/solution_gate4_1_m2b_rtl/syn/verilog/boom_core_top_mul_8ns_7ns_9_1_1.v" into library work
INFO: [VRFC 10-311] analyzing module boom_core_top_mul_8ns_7ns_9_1_1
INFO: [VRFC 10-2263] Analyzing Verilog file "/home/lab_726/boom/hls_boom/build/gate4_1/m3c_m2_rtl/projects/boom_core_top/solution_gate4_1_m2b_rtl/syn/verilog/boom_core_top_mux_32_1_1_1.v" into library work
INFO: [VRFC 10-311] analyzing module boom_core_top_mux_32_1_1_1
INFO: [VRFC 10-2263] Analyzing Verilog file "/home/lab_726/boom/hls_boom/build/gate4_1/m3c_m2_rtl/projects/boom_core_top/solution_gate4_1_m2b_rtl/syn/verilog/boom_core_top_mux_32_64_1_1.v" into library work
INFO: [VRFC 10-311] analyzing module boom_core_top_mux_32_64_1_1
INFO: [VRFC 10-2263] Analyzing Verilog file "/home/lab_726/boom/hls_boom/build/gate4_1/m3c_m2_rtl/projects/boom_core_top/solution_gate4_1_m2b_rtl/syn/verilog/boom_core_top_mux_32_8_1_1.v" into library work
INFO: [VRFC 10-311] analyzing module boom_core_top_mux_32_8_1_1
INFO: [VRFC 10-2263] Analyzing Verilog file "/home/lab_726/boom/hls_boom/build/gate4_1/m3c_m2_rtl/projects/boom_core_top/solution_gate4_1_m2b_rtl/syn/verilog/boom_core_top_mux_42_1_1_1.v" into library work
INFO: [VRFC 10-311] analyzing module boom_core_top_mux_42_1_1_1
INFO: [VRFC 10-2263] Analyzing Verilog file "/home/lab_726/boom/hls_boom/build/gate4_1/m3c_m2_rtl/projects/boom_core_top/solution_gate4_1_m2b_rtl/syn/verilog/boom_core_top_mux_42_2_1_1.v" into library work
INFO: [VRFC 10-311] analyzing module boom_core_top_mux_42_2_1_1
INFO: [VRFC 10-2263] Analyzing Verilog file "/home/lab_726/boom/hls_boom/build/gate4_1/m3c_m2_rtl/projects/boom_core_top/solution_gate4_1_m2b_rtl/syn/verilog/boom_core_top_mux_42_3_1_1.v" into library work
INFO: [VRFC 10-311] analyzing module boom_core_top_mux_42_3_1_1
INFO: [VRFC 10-2263] Analyzing Verilog file "/home/lab_726/boom/hls_boom/build/gate4_1/m3c_m2_rtl/projects/boom_core_top/solution_gate4_1_m2b_rtl/syn/verilog/boom_core_top_mux_42_32_1_1.v" into library work
INFO: [VRFC 10-311] analyzing module boom_core_top_mux_42_32_1_1
INFO: [VRFC 10-2263] Analyzing Verilog file "/home/lab_726/boom/hls_boom/build/gate4_1/m3c_m2_rtl/projects/boom_core_top/solution_gate4_1_m2b_rtl/syn/verilog/boom_core_top_mux_42_64_1_1.v" into library work
INFO: [VRFC 10-311] analyzing module boom_core_top_mux_42_64_1_1
INFO: [VRFC 10-2263] Analyzing Verilog file "/home/lab_726/boom/hls_boom/build/gate4_1/m3c_m2_rtl/projects/boom_core_top/solution_gate4_1_m2b_rtl/syn/verilog/boom_core_top_mux_42_8_1_1.v" into library work
INFO: [VRFC 10-311] analyzing module boom_core_top_mux_42_8_1_1
INFO: [VRFC 10-2263] Analyzing Verilog file "/home/lab_726/boom/hls_boom/build/gate4_1/m3c_m2_rtl/projects/boom_core_top/solution_gate4_1_m2b_rtl/syn/verilog/boom_core_top_reclaim_ldq.v" into library work
INFO: [VRFC 10-311] analyzing module boom_core_top_reclaim_ldq
INFO: [VRFC 10-2263] Analyzing Verilog file "/home/lab_726/boom/hls_boom/build/gate4_1/m3c_m2_rtl/projects/boom_core_top/solution_gate4_1_m2b_rtl/syn/verilog/boom_core_top_recover_mispredict.v" into library work
INFO: [VRFC 10-311] analyzing module boom_core_top_recover_mispredict
INFO: [VRFC 10-2263] Analyzing Verilog file "/home/lab_726/boom/hls_boom/build/gate4_1/m3c_m2_rtl/projects/boom_core_top/solution_gate4_1_m2b_rtl/syn/verilog/boom_core_top_regslice_both.v" into library work
INFO: [VRFC 10-311] analyzing module boom_core_top_regslice_both
INFO: [VRFC 10-311] analyzing module boom_core_top_regslice_both_w1
INFO: [VRFC 10-2263] Analyzing Verilog file "/home/lab_726/boom/hls_boom/build/gate4_1/m3c_m2_rtl/projects/boom_core_top/solution_gate4_1_m2b_rtl/syn/verilog/boom_core_top_rename_module.v" into library work
INFO: [VRFC 10-311] analyzing module boom_core_top_rename_module
INFO: [VRFC 10-2263] Analyzing Verilog file "/home/lab_726/boom/hls_boom/build/gate4_1/m3c_m2_rtl/projects/boom_core_top/solution_gate4_1_m2b_rtl/syn/verilog/boom_core_top_rob_allocate.v" into library work
INFO: [VRFC 10-311] analyzing module boom_core_top_rob_allocate
INFO: [VRFC 10-2263] Analyzing Verilog file "/home/lab_726/boom/hls_boom/build/gate4_1/m3c_m2_rtl/projects/boom_core_top/solution_gate4_1_m2b_rtl/syn/verilog/boom_core_top_rob_commit_module.v" into library work
INFO: [VRFC 10-311] analyzing module boom_core_top_rob_commit_module
INFO: [VRFC 10-2263] Analyzing Verilog file "/home/lab_726/boom/hls_boom/build/gate4_1/m3c_m2_rtl/projects/boom_core_top/solution_gate4_1_m2b_rtl/syn/verilog/boom_core_top_service_pending.v" into library work
INFO: [VRFC 10-311] analyzing module boom_core_top_service_pending
INFO: [VRFC 10-2263] Analyzing Verilog file "/home/lab_726/boom/hls_boom/build/gate4_1/m3c_m2_rtl/projects/boom_core_top/solution_gate4_1_m2b_rtl/syn/verilog/boom_core_top_state_branch_state_br_alloc_lists_RAM_AUTO_1R1W.v" into library work
INFO: [VRFC 10-311] analyzing module boom_core_top_state_branch_state_br_alloc_lists_RAM_AUTO_1R1W
INFO: [VRFC 10-2263] Analyzing Verilog file "/home/lab_726/boom/hls_boom/build/gate4_1/m3c_m2_rtl/projects/boom_core_top/solution_gate4_1_m2b_rtl/syn/verilog/boom_core_top_state_int_rf_bank0_RAM_AUTO_1R1W.v" into library work
INFO: [VRFC 10-311] analyzing module boom_core_top_state_int_rf_bank0_RAM_AUTO_1R1W
INFO: [VRFC 10-2263] Analyzing Verilog file "/home/lab_726/boom/hls_boom/build/gate4_1/m3c_m2_rtl/projects/boom_core_top/solution_gate4_1_m2b_rtl/syn/verilog/boom_core_top_state_issue_alu_iq_entries_uop_csr_addr_RAM_AUTO_1R1W.v" into library work
INFO: [VRFC 10-311] analyzing module boom_core_top_state_issue_alu_iq_entries_uop_csr_addr_RAM_AUTO_1R1W
INFO: [VRFC 10-2263] Analyzing Verilog file "/home/lab_726/boom/hls_boom/build/gate4_1/m3c_m2_rtl/projects/boom_core_top/solution_gate4_1_m2b_rtl/syn/verilog/boom_core_top_state_issue_alu_iq_entries_uop_debug_pc_RAM_AUTO_1R1W.v" into library work
INFO: [VRFC 10-311] analyzing module boom_core_top_state_issue_alu_iq_entries_uop_debug_pc_RAM_AUTO_1R1W
INFO: [VRFC 10-2263] Analyzing Verilog file "/home/lab_726/boom/hls_boom/build/gate4_1/m3c_m2_rtl/projects/boom_core_top/solution_gate4_1_m2b_rtl/syn/verilog/boom_core_top_state_issue_alu_iq_entries_uop_inst_RAM_AUTO_1R1W.v" into library work
INFO: [VRFC 10-311] analyzing module boom_core_top_state_issue_alu_iq_entries_uop_inst_RAM_AUTO_1R1W
INFO: [VRFC 10-2263] Analyzing Verilog file "/home/lab_726/boom/hls_boom/build/gate4_1/m3c_m2_rtl/projects/boom_core_top/solution_gate4_1_m2b_rtl/syn/verilog/boom_core_top_state_issue_alu_iq_entries_uop_uopc_RAM_AUTO_1R1W.v" into library work
INFO: [VRFC 10-311] analyzing module boom_core_top_state_issue_alu_iq_entries_uop_uopc_RAM_AUTO_1R1W
INFO: [VRFC 10-2263] Analyzing Verilog file "/home/lab_726/boom/hls_boom/build/gate4_1/m3c_m2_rtl/projects/boom_core_top/solution_gate4_1_m2b_rtl/syn/verilog/boom_core_top_state_issue_alu_iq_entries_valid_RAM_AUTO_1R1W.v" into library work
INFO: [VRFC 10-311] analyzing module boom_core_top_state_issue_alu_iq_entries_valid_RAM_AUTO_1R1W
INFO: [VRFC 10-2263] Analyzing Verilog file "/home/lab_726/boom/hls_boom/build/gate4_1/m3c_m2_rtl/projects/boom_core_top/solution_gate4_1_m2b_rtl/syn/verilog/boom_core_top_state_rename_int_free_list_busy_table_RAM_AUTO_1R1W.v" into library work
INFO: [VRFC 10-311] analyzing module boom_core_top_state_rename_int_free_list_busy_table_RAM_AUTO_1R1W
INFO: [VRFC 10-2263] Analyzing Verilog file "/home/lab_726/boom/hls_boom/build/gate4_1/m3c_m2_rtl/projects/boom_core_top/solution_gate4_1_m2b_rtl/syn/verilog/boom_core_top_state_rename_int_free_list_free_list_RAM_AUTO_1R1W.v" into library work
INFO: [VRFC 10-311] analyzing module boom_core_top_state_rename_int_free_list_free_list_RAM_AUTO_1R1W
INFO: [VRFC 10-2263] Analyzing Verilog file "/home/lab_726/boom/hls_boom/build/gate4_1/m3c_m2_rtl/projects/boom_core_top/solution_gate4_1_m2b_rtl/syn/verilog/boom_core_top_state_rename_int_map_table_br_snapshots_RAM_AUTO_1R1W.v" into library work
INFO: [VRFC 10-311] analyzing module boom_core_top_state_rename_int_map_table_br_snapshots_RAM_AUTO_1R1W
INFO: [VRFC 10-2263] Analyzing Verilog file "/home/lab_726/boom/hls_boom/build/gate4_1/m3c_m2_rtl/projects/boom_core_top/solution_gate4_1_m2b_rtl/syn/verilog/boom_core_top_state_rename_int_map_table_committed_map_table_RAM_AUTO_1R1W.v" into library work
INFO: [VRFC 10-311] analyzing module boom_core_top_state_rename_int_map_table_committed_map_table_RAM_AUTO_1R1W
INFO: [VRFC 10-2263] Analyzing Verilog file "/home/lab_726/boom/hls_boom/build/gate4_1/m3c_m2_rtl/projects/boom_core_top/solution_gate4_1_m2b_rtl/syn/verilog/boom_core_top_state_rename_int_map_table_map_table_RAM_AUTO_1R1W.v" into library work
INFO: [VRFC 10-311] analyzing module boom_core_top_state_rename_int_map_table_map_table_RAM_AUTO_1R1W
INFO: [VRFC 10-2263] Analyzing Verilog file "/home/lab_726/boom/hls_boom/build/gate4_1/m3c_m2_rtl/projects/boom_core_top/solution_gate4_1_m2b_rtl/syn/verilog/boom_core_top_state_rob_entries_uop_branch_br_tag_RAM_AUTO_1R1W.v" into library work
INFO: [VRFC 10-311] analyzing module boom_core_top_state_rob_entries_uop_branch_br_tag_RAM_AUTO_1R1W
INFO: [VRFC 10-2263] Analyzing Verilog file "/home/lab_726/boom/hls_boom/build/gate4_1/m3c_m2_rtl/projects/boom_core_top/solution_gate4_1_m2b_rtl/syn/verilog/boom_core_top_state_rob_entries_uop_debug_pc_RAM_AUTO_1R1W.v" into library work
INFO: [VRFC 10-311] analyzing module boom_core_top_state_rob_entries_uop_debug_pc_RAM_AUTO_1R1W
INFO: [VRFC 10-2263] Analyzing Verilog file "/home/lab_726/boom/hls_boom/build/gate4_1/m3c_m2_rtl/projects/boom_core_top/solution_gate4_1_m2b_rtl/syn/verilog/boom_core_top_state_rob_entries_uop_inst_RAM_AUTO_1R1W.v" into library work
INFO: [VRFC 10-311] analyzing module boom_core_top_state_rob_entries_uop_inst_RAM_AUTO_1R1W
INFO: [VRFC 10-2263] Analyzing Verilog file "/home/lab_726/boom/hls_boom/build/gate4_1/m3c_m2_rtl/projects/boom_core_top/solution_gate4_1_m2b_rtl/syn/verilog/boom_core_top_state_rob_entries_uop_queue_rob_idx_RAM_AUTO_1R1W.v" into library work
INFO: [VRFC 10-311] analyzing module boom_core_top_state_rob_entries_uop_queue_rob_idx_RAM_AUTO_1R1W
INFO: [VRFC 10-2263] Analyzing Verilog file "/home/lab_726/boom/hls_boom/build/gate4_1/m3c_m2_rtl/projects/boom_core_top/solution_gate4_1_m2b_rtl/syn/verilog/boom_core_top_state_rob_entries_uop_rename_dst_rtype_RAM_AUTO_1R1W.v" into library work
INFO: [VRFC 10-311] analyzing module boom_core_top_state_rob_entries_uop_rename_dst_rtype_RAM_AUTO_1R1W
INFO: [VRFC 10-2263] Analyzing Verilog file "/home/lab_726/boom/hls_boom/build/gate4_1/m3c_m2_rtl/projects/boom_core_top/solution_gate4_1_m2b_rtl/syn/verilog/boom_core_top_state_rob_entries_valid_RAM_AUTO_1R1W.v" into library work
INFO: [VRFC 10-311] analyzing module boom_core_top_state_rob_entries_valid_RAM_AUTO_1R1W
INFO: [VRFC 10-2263] Analyzing Verilog file "/home/lab_726/boom/hls_boom/build/gate4_1/m3c_m2_rtl/projects/boom_core_top/solution_gate4_1_m2b_rtl/syn/verilog/boom_core_top_try_issue_load.v" into library work
INFO: [VRFC 10-311] analyzing module boom_core_top_try_issue_load
INFO: [VRFC 10-2263] Analyzing Verilog file "/home/lab_726/boom/hls_boom/build/gate4_1/m3c_m2_rtl/projects/boom_core_top/solution_gate4_1_m2b_rtl/syn/verilog/boom_core_top.v" into library work
INFO: [VRFC 10-311] analyzing module boom_core_top
INFO: [VRFC 10-2263] Analyzing SystemVerilog file "/home/lab_726/boom/hls_boom/rtl_tb/axis_imem_model.sv" into library work
INFO: [VRFC 10-311] analyzing module axis_imem_model
INFO: [VRFC 10-2263] Analyzing SystemVerilog file "/home/lab_726/boom/hls_boom/rtl_tb/axis_dmem_model.sv" into library work
INFO: [VRFC 10-311] analyzing module axis_dmem_model
INFO: [VRFC 10-2263] Analyzing SystemVerilog file "/home/lab_726/boom/hls_boom/rtl_tb/commit_trace_monitor.sv" into library work
INFO: [VRFC 10-311] analyzing module commit_trace_monitor
INFO: [VRFC 10-2263] Analyzing SystemVerilog file "/home/lab_726/boom/hls_boom/rtl_tb/gate3_9/boom_core_rtl_harness.sv" into library work
INFO: [VRFC 10-311] analyzing module boom_core_rtl_harness
INFO: [VRFC 10-2263] Analyzing SystemVerilog file "/home/lab_726/boom/hls_boom/rtl_tb/boom_core_rtl_tb.sv" into library work
INFO: [VRFC 10-311] analyzing module boom_core_rtl_tb
Vivado Simulator v2021.2
Copyright 1986-1999, 2001-2021 Xilinx, Inc. All Rights Reserved.
Running: /home/lab_726/Xilinx/Vivado/2021.2/bin/unwrapped/lnx64.o/xelab boom_core_rtl_tb -s gate3_9_snapshot -timescale 1ns/1ps 
Multi-threading is on. Using 18 slave threads.
Starting static elaboration
Pass Through NonSizing Optimizer
Completed static elaboration
Starting simulation data flow analysis
Completed simulation data flow analysis
Time Resolution for simulation is 1ps
Compiling module work.boom_core_top_state_rename_int_m...
Compiling module work.boom_core_top_state_rename_int_m...
Compiling module work.boom_core_top_state_rename_int_m...
Compiling module work.boom_core_top_state_rename_int_f...
Compiling module work.boom_core_top_state_rename_int_f...
Compiling module work.boom_core_top_state_issue_alu_iq...
Compiling module work.boom_core_top_state_issue_alu_iq...
Compiling module work.boom_core_top_state_issue_alu_iq...
Compiling module work.boom_core_top_state_issue_alu_iq...
Compiling module work.boom_core_top_state_issue_alu_iq...
Compiling module work.boom_core_top_state_rob_entries_...
Compiling module work.boom_core_top_state_rob_entries_...
Compiling module work.boom_core_top_state_rob_entries_...
Compiling module work.boom_core_top_state_rob_entries_...
Compiling module work.boom_core_top_state_rob_entries_...
Compiling module work.boom_core_top_state_rob_entries_...
Compiling module work.boom_core_top_state_branch_state...
Compiling module work.boom_core_top_state_int_rf_bank0...
Compiling module work.boom_core_top_mux_32_8_1_1(ID=1,...
Compiling module work.boom_core_top_clear_resolved_mas...
Compiling module work.boom_core_top_compact_issue_queu...
Compiling module work.boom_core_top_compact_issue_queu...
Compiling module work.boom_core_top_compact_issue_queu...
Compiling module work.boom_core_top_compact_issue_queu...
Compiling module work.boom_core_top_compact_issue_queu...
Compiling module work.boom_core_top_compact_issue_queu...
Compiling module work.boom_core_top_mux_32_1_1_1(ID=1,...
Compiling module work.boom_core_top_kill_issue_state
Compiling module work.boom_core_top_kill_execute_state
Compiling module work.boom_core_top_kill_lsu_state
Compiling module work.boom_core_top_kill_rob_younger_t...
Compiling module work.boom_core_top_mul_8ns_7ns_9_1_1(...
Compiling module work.boom_core_top_mul_3ns_7ns_9_1_1(...
Compiling module work.boom_core_top_recover_mispredict
Compiling module work.boom_core_top_branch_complete_ev...
Compiling module work.boom_core_top_completion_is_vali...
Compiling module work.boom_core_top_lsu_accept_complet...
Compiling module work.boom_core_top_reclaim_ldq
Compiling module work.boom_core_top_apply_writeback_po...
Compiling module work.boom_core_top_mux_42_8_1_1(ID=1,...
Compiling module work.boom_core_top_mux_42_32_1_1(ID=1...
Compiling module work.boom_core_top_mux_42_1_1_1(ID=1,...
Compiling module work.boom_core_top_mux_42_3_1_1(ID=1,...
Compiling module work.boom_core_top_mux_42_2_1_1(ID=1,...
Compiling module work.boom_core_top_mux_42_64_1_1(ID=1...
Compiling module work.boom_core_top_service_pending
Compiling module work.boom_core_top_completion_service...
Compiling module work.boom_core_top_try_issue_load
Compiling module work.boom_core_top_lsu_reclaim_store
Compiling module work.boom_core_top_rob_commit_module
Compiling module work.boom_core_top_frontend_module
Compiling module work.boom_core_top_decode_module
Compiling module work.boom_core_top_rename_module
Compiling module work.boom_core_top_rob_allocate
Compiling module work.boom_core_top_compact_iq
Compiling module work.boom_core_top_mux_32_64_1_1(ID=1...
Compiling module work.boom_core_top_issue_module
Compiling module work.boom_core_top_divider_accept
Compiling module work.boom_core_top_mul_65s_65s_128_1_...
Compiling module work.boom_core_top_execute_module
Compiling module work.boom_core_top_boom_core_step
Compiling module work.boom_core_top_boom_core_cycle_io
Compiling module work.boom_core_top_boom_core_reset_st...
Compiling module work.boom_core_top_fifo_w97_d2_S_shif...
Compiling module work.boom_core_top_fifo_w97_d2_S
Compiling module work.boom_core_top_fifo_w193_d2_S_shi...
Compiling module work.boom_core_top_fifo_w193_d2_S
Compiling module work.boom_core_top_fifo_w283_d2_S_shi...
Compiling module work.boom_core_top_fifo_w283_d2_S
Compiling module work.boom_core_top_fifo_w289_d2_S_shi...
Compiling module work.boom_core_top_fifo_w289_d2_S
Compiling module work.boom_core_top_fifo_w518_d2_S_shi...
Compiling module work.boom_core_top_fifo_w518_d2_S
Compiling module work.boom_core_top_regslice_both(Data...
Compiling module work.boom_core_top_regslice_both(Data...
Compiling module work.boom_core_top_regslice_both(Data...
Compiling module work.boom_core_top_regslice_both(Data...
Compiling module work.boom_core_top_regslice_both(Data...
Compiling module work.boom_core_top
Compiling module work.axis_imem_model
Compiling module work.axis_dmem_model
Compiling module work.commit_trace_monitor
Compiling module work.boom_core_rtl_harness
Compiling module work.boom_core_rtl_tb
Built simulation snapshot gate3_9_snapshot
GATE3_9_XSIM_BUILD_PASS snapshot=/home/lab_726/boom/hls_boom/build/gate4_1/m3c_m2_rtl/core_xsim/gate3_9_snapshot
