

================================================================
== Vitis HLS Report for 'synth_lsu_top'
================================================================
* Date:           Fri Jul 31 19:22:03 2026

* Version:        2021.2 (Build 3367213 on Tue Oct 19 02:47:39 MDT 2021)
* Project:        synth_lsu_top
* Solution:       solution_w3_csynth (Vivado IP Flow Target)
* Product family: zynquplus
* Target device:  xczu7ev-ffvc1156-2-e


================================================================
== Performance Estimates
================================================================
+ Timing: 
    * Summary: 
    +--------+----------+----------+------------+
    |  Clock |  Target  | Estimated| Uncertainty|
    +--------+----------+----------+------------+
    |ap_clk  |  10.00 ns|  3.474 ns|     2.70 ns|
    +--------+----------+----------+------------+

+ Latency: 
    * Summary: 
    +---------+---------+-----------+-----------+-----+-----+---------+
    |  Latency (cycles) |   Latency (absolute)  |  Interval | Pipeline|
    |   min   |   max   |    min    |    max    | min | max |   Type  |
    +---------+---------+-----------+-----------+-----+-----+---------+
    |        1|        1|  10.000 ns|  10.000 ns|    2|    2|       no|
    +---------+---------+-----------+-----------+-----+-----+---------+

    + Detail: 
        * Instance: 
        +-------------------------------+------------+---------+---------+----------+----------+-----+-----+---------+
        |                               |            |  Latency (cycles) |  Latency (absolute) |  Interval | Pipeline|
        |            Instance           |   Module   |   min   |   max   |    min   |    max   | min | max |   Type  |
        +-------------------------------+------------+---------+---------+----------+----------+-----+-----+---------+
        |call_ln2052_lsu_module_fu_109  |lsu_module  |        0|        0|      0 ns|      0 ns|    0|    0|       no|
        +-------------------------------+------------+---------+---------+----------+----------+-----+-----+---------+

        * Loop: 
        N/A



================================================================
== Utilization Estimates
================================================================
* Summary: 
+-----------------+---------+------+--------+--------+-----+
|       Name      | BRAM_18K|  DSP |   FF   |   LUT  | URAM|
+-----------------+---------+------+--------+--------+-----+
|DSP              |        -|     -|       -|       -|    -|
|Expression       |        -|     -|       0|       8|    -|
|FIFO             |        -|     -|      99|      67|    -|
|Instance         |        -|     -|       1|      13|    -|
|Memory           |        -|     -|       -|       -|    -|
|Multiplexer      |        -|     -|       -|      41|    -|
|Register         |        -|     -|       2|       -|    -|
+-----------------+---------+------+--------+--------+-----+
|Total            |        0|     0|     102|     129|    0|
+-----------------+---------+------+--------+--------+-----+
|Available        |      624|  1728|  460800|  230400|   96|
+-----------------+---------+------+--------+--------+-----+
|Utilization (%)  |        0|     0|      ~0|      ~0|    0|
+-----------------+---------+------+--------+--------+-----+

+ Detail: 
    * Instance: 
    +-------------------------------+------------+---------+----+---+----+-----+
    |            Instance           |   Module   | BRAM_18K| DSP| FF| LUT| URAM|
    +-------------------------------+------------+---------+----+---+----+-----+
    |call_ln2052_lsu_module_fu_109  |lsu_module  |        0|   0|  1|  13|    0|
    +-------------------------------+------------+---------+----+---+----+-----+
    |Total                          |            |        0|   0|  1|  13|    0|
    +-------------------------------+------------+---------+----+---+----+-----+

    * DSP: 
    N/A

    * Memory: 
    N/A

    * FIFO: 
    +---------------+---------+----+----+-----+------+-----+---------+
    |      Name     | BRAM_18K| FF | LUT| URAM| Depth| Bits| Size:D*B|
    +---------------+---------+----+----+-----+------+-----+---------+
    |pipe_3_fifo_U  |        0|  99|   0|    -|     2|  289|      578|
    +---------------+---------+----+----+-----+------+-----+---------+
    |Total          |        0|  99|   0|    0|     2|  289|      578|
    +---------------+---------+----+----+-----+------+-----+---------+

    * Expression: 
    +--------------------------+----------+----+---+----+------------+------------+
    |       Variable Name      | Operation| DSP| FF| LUT| Bitwidth P0| Bitwidth P1|
    +--------------------------+----------+----+---+----+------------+------------+
    |tmp_1_nbreadreq_fu_81_p3  |       and|   0|  0|   2|           2|           0|
    |tmp_nbreadreq_fu_60_p3    |       and|   0|  0|   2|           1|           0|
    |ap_block_state1           |        or|   0|  0|   2|           1|           1|
    |ap_block_state2           |        or|   0|  0|   2|           1|           1|
    +--------------------------+----------+----+---+----+------------+------------+
    |Total                     |          |   0|  0|   8|           5|           2|
    +--------------------------+----------+----+---+----+------------+------------+

    * Multiplexer: 
    +--------------------+----+-----------+-----+-----------+
    |        Name        | LUT| Input Size| Bits| Total Bits|
    +--------------------+----+-----------+-----+-----------+
    |ap_NS_fsm           |  14|          3|    1|          3|
    |dmem_req_out_blk_n  |   9|          2|    1|          2|
    |dmem_resp_in_blk_n  |   9|          2|    1|          2|
    |pipe_3_read         |   9|          2|    1|          2|
    +--------------------+----+-----------+-----+-----------+
    |Total               |  41|          9|    4|          9|
    +--------------------+----+-----------+-----+-----------+

    * Register: 
    +-----------+---+----+-----+-----------+
    |    Name   | FF| LUT| Bits| Const Bits|
    +-----------+---+----+-----+-----------+
    |ap_CS_fsm  |  2|   0|    2|          0|
    +-----------+---+----+-----+-----------+
    |Total      |  2|   0|    2|          0|
    +-----------+---+----+-----+-----------+



================================================================
== Interface
================================================================
* Summary: 
+----------------------+-----+-----+------------+---------------+--------------+
|       RTL Ports      | Dir | Bits|  Protocol  | Source Object |    C Type    |
+----------------------+-----+-----+------------+---------------+--------------+
|ap_local_block        |  out|    1|  ap_ctrl_hs|  synth_lsu_top|  return value|
|ap_local_deadlock     |  out|    1|  ap_ctrl_hs|  synth_lsu_top|  return value|
|ap_clk                |   in|    1|  ap_ctrl_hs|  synth_lsu_top|  return value|
|ap_rst                |   in|    1|  ap_ctrl_hs|  synth_lsu_top|  return value|
|ap_start              |   in|    1|  ap_ctrl_hs|  synth_lsu_top|  return value|
|ap_done               |  out|    1|  ap_ctrl_hs|  synth_lsu_top|  return value|
|ap_idle               |  out|    1|  ap_ctrl_hs|  synth_lsu_top|  return value|
|ap_ready              |  out|    1|  ap_ctrl_hs|  synth_lsu_top|  return value|
|dmem_req_out_din      |  out|  283|     ap_fifo|   dmem_req_out|       pointer|
|dmem_req_out_full_n   |   in|    1|     ap_fifo|   dmem_req_out|       pointer|
|dmem_req_out_write    |  out|    1|     ap_fifo|   dmem_req_out|       pointer|
|dmem_resp_in_dout     |   in|  289|     ap_fifo|   dmem_resp_in|       pointer|
|dmem_resp_in_empty_n  |   in|    1|     ap_fifo|   dmem_resp_in|       pointer|
|dmem_resp_in_read     |  out|    1|     ap_fifo|   dmem_resp_in|       pointer|
|seed_addr             |   in|   64|     ap_none|      seed_addr|        scalar|
|observable            |  out|   64|      ap_vld|     observable|       pointer|
|observable_ap_vld     |  out|    1|      ap_vld|     observable|       pointer|
+----------------------+-----+-----+------------+---------------+--------------+

