

================================================================
== Vitis HLS Report for 'frontend_module'
================================================================
* Date:           Fri Jul 31 19:23:24 2026

* Version:        2021.2 (Build 3367213 on Tue Oct 19 02:47:39 MDT 2021)
* Project:        boom_core_top
* Solution:       solution_w3_csynth (Vivado IP Flow Target)
* Product family: zynquplus
* Target device:  xczu7ev-ffvc1156-2-e


================================================================
== Performance Estimates
================================================================
+ Timing: 
    * Summary: 
    +--------+----------+----------+------------+
    |  Clock |  Target  | Estimated| Uncertainty|
    +--------+----------+----------+------------+
    |ap_clk  |  10.00 ns|  3.354 ns|     2.70 ns|
    +--------+----------+----------+------------+

+ Latency: 
    * Summary: 
    +---------+---------+----------+----------+-----+-----+---------+
    |  Latency (cycles) |  Latency (absolute) |  Interval | Pipeline|
    |   min   |   max   |    min   |    max   | min | max |   Type  |
    +---------+---------+----------+----------+-----+-----+---------+
    |        0|        0|      0 ns|      0 ns|    0|    0|       no|
    +---------+---------+----------+----------+-----+-----+---------+

    + Detail: 
        * Instance: 
        N/A

        * Loop: 
        N/A

============================================================
+ Verbose Summary: Synthesis Manager
============================================================
InlineROM: 1
ExposeGlobal: 0
============================================================
+ Verbose Summary: CDFG Model
============================================================
IsTopModel: 0
ResetActiveHigh: 1
IsCombinational: 0
IsDatapathOnly: 0
HasWiredReturn: 1
HasMFsm: 0
HasVarLatency: 0
IsPipeline: 0
IsRtlPipelined: 0
IsInstanceOverlapped: 0
IsDontTouch: 0
HasImplIP: 0
IsGatedGlobalClock: 0


============================================================
+ Verbose Summary: Schedule
============================================================
* Number of FSM states : 1
* Pipeline : 0
* Dataflow Pipeline: 0

* FSM state transitions: 
1 --> 

* FSM state operations: 

State 1 <SV = 0> <Delay = 3.35>
ST_1 : Operation 2 [1/1] (0.00ns)   --->   "%specinterface_ln0 = specinterface void @_ssdm_op_SpecInterface, i97 %pipe_0, void @empty_45, i32 0, i32 0, void @empty_9, i32 0, i32 0, void @empty_9, void @empty_9, void @empty_9, i32 0, i32 0, i32 0, i32 0, void @empty_9, void @empty_9"   --->   Operation 2 'specinterface' 'specinterface_ln0' <Predicate = true> <Delay = 0.00>
ST_1 : Operation 3 [1/1] (0.00ns)   --->   "%specinterface_ln0 = specinterface void @_ssdm_op_SpecInterface, i193 %pipe_1, void @empty_45, i32 0, i32 0, void @empty_9, i32 0, i32 0, void @empty_9, void @empty_9, void @empty_9, i32 0, i32 0, i32 0, i32 0, void @empty_9, void @empty_9"   --->   Operation 3 'specinterface' 'specinterface_ln0' <Predicate = true> <Delay = 0.00>
ST_1 : Operation 4 [1/1] (0.00ns)   --->   "%state_frontend_reset_done_load = load i1 %state_frontend_reset_done" [/home/lab_726/boom/hls_boom/src/boom_core_merged.cpp:30]   --->   Operation 4 'load' 'state_frontend_reset_done_load' <Predicate = true> <Delay = 0.00>
ST_1 : Operation 5 [1/1] (0.00ns)   --->   "%state_frontend_pc_load = load i64 %state_frontend_pc" [/home/lab_726/boom/hls_boom/src/boom_core_merged.cpp:71]   --->   Operation 5 'load' 'state_frontend_pc_load' <Predicate = true> <Delay = 0.00>
ST_1 : Operation 6 [1/1] (0.00ns)   --->   "%state_frontend_fetch_id_load = load i32 %state_frontend_fetch_id" [/home/lab_726/boom/hls_boom/src/boom_core_merged.cpp:72]   --->   Operation 6 'load' 'state_frontend_fetch_id_load' <Predicate = true> <Delay = 0.00>
ST_1 : Operation 7 [1/1] (0.00ns)   --->   "%state_frontend_request_sent_load = load i1 %state_frontend_request_sent" [/home/lab_726/boom/hls_boom/src/boom_core_merged.cpp:64]   --->   Operation 7 'load' 'state_frontend_request_sent_load' <Predicate = true> <Delay = 0.00>
ST_1 : Operation 8 [1/1] (0.42ns)   --->   "%br_ln30 = br i1 %state_frontend_reset_done_load, void, void %._crit_edge_ifconv" [/home/lab_726/boom/hls_boom/src/boom_core_merged.cpp:30]   --->   Operation 8 'br' 'br_ln30' <Predicate = true> <Delay = 0.42>
ST_1 : Operation 9 [1/1] (0.00ns)   --->   "%store_ln33 = store i1 1, i1 %state_frontend_reset_done" [/home/lab_726/boom/hls_boom/src/boom_core_merged.cpp:33]   --->   Operation 9 'store' 'store_ln33' <Predicate = (!state_frontend_reset_done_load)> <Delay = 0.00>
ST_1 : Operation 10 [1/1] (0.42ns)   --->   "%br_ln35 = br void %._crit_edge_ifconv" [/home/lab_726/boom/hls_boom/src/boom_core_merged.cpp:35]   --->   Operation 10 'br' 'br_ln35' <Predicate = (!state_frontend_reset_done_load)> <Delay = 0.42>
ST_1 : Operation 11 [1/1] (0.00ns)   --->   "%state_frontend_pc_flag_0 = phi i1 0, void, i1 1, void"   --->   Operation 11 'phi' 'state_frontend_pc_flag_0' <Predicate = true> <Delay = 0.00>
ST_1 : Operation 12 [1/1] (0.00ns)   --->   "%state_frontend_pc_loc_0 = phi i64 %state_frontend_pc_load, void, i64 65600, void" [/home/lab_726/boom/hls_boom/src/boom_core_merged.cpp:71]   --->   Operation 12 'phi' 'state_frontend_pc_loc_0' <Predicate = true> <Delay = 0.00>
ST_1 : Operation 13 [1/1] (0.00ns)   --->   "%req_fetch_id = phi i32 %state_frontend_fetch_id_load, void, i32 0, void" [/home/lab_726/boom/hls_boom/src/boom_core_merged.cpp:72]   --->   Operation 13 'phi' 'req_fetch_id' <Predicate = true> <Delay = 0.00>
ST_1 : Operation 14 [1/1] (0.00ns) (grouped into LUT with out node and_ln37_1)   --->   "%state_frontend_request_sent_loc_0 = phi i1 %state_frontend_request_sent_load, void, i1 0, void" [/home/lab_726/boom/hls_boom/src/boom_core_merged.cpp:64]   --->   Operation 14 'phi' 'state_frontend_request_sent_loc_0' <Predicate = true> <Delay = 0.00>
ST_1 : Operation 15 [1/1] (0.00ns)   --->   "%state_brupdate_valid_load = load i1 %state_brupdate_valid" [/home/lab_726/boom/hls_boom/src/boom_core_merged.cpp:37]   --->   Operation 15 'load' 'state_brupdate_valid_load' <Predicate = true> <Delay = 0.00>
ST_1 : Operation 16 [1/1] (0.00ns)   --->   "%state_frontend_response_received_load = load i1 %state_frontend_response_received" [/home/lab_726/boom/hls_boom/src/boom_core_merged.cpp:95]   --->   Operation 16 'load' 'state_frontend_response_received_load' <Predicate = true> <Delay = 0.00>
ST_1 : Operation 17 [1/1] (0.00ns)   --->   "%state_frontend_fetch_packet_valid_load = load i1 %state_frontend_fetch_packet_valid" [/home/lab_726/boom/hls_boom/src/boom_core_merged.cpp:64]   --->   Operation 17 'load' 'state_frontend_fetch_packet_valid_load' <Predicate = true> <Delay = 0.00>
ST_1 : Operation 18 [1/1] (0.00ns)   --->   "%state_brupdate_mispredict_load = load i1 %state_brupdate_mispredict" [/home/lab_726/boom/hls_boom/src/boom_core_merged.cpp:37]   --->   Operation 18 'load' 'state_brupdate_mispredict_load' <Predicate = true> <Delay = 0.00>
ST_1 : Operation 19 [1/1] (0.00ns)   --->   "%state_brupdate_jalr_target_load = load i64 %state_brupdate_jalr_target" [/home/lab_726/boom/hls_boom/src/boom_core_merged.cpp:38]   --->   Operation 19 'load' 'state_brupdate_jalr_target_load' <Predicate = true> <Delay = 0.00>
ST_1 : Operation 20 [1/1] (0.00ns)   --->   "%tmp_2 = partselect i62 @_ssdm_op_PartSelect.i62.i64.i32.i32, i64 %state_brupdate_jalr_target_load, i32 2, i32 63" [/home/lab_726/boom/hls_boom/src/boom_core_merged.cpp:38]   --->   Operation 20 'partselect' 'tmp_2' <Predicate = true> <Delay = 0.00>
ST_1 : Operation 21 [1/1] (0.00ns)   --->   "%and_ln = bitconcatenate i64 @_ssdm_op_BitConcatenate.i64.i62.i2, i62 %tmp_2, i2 0" [/home/lab_726/boom/hls_boom/src/boom_core_merged.cpp:38]   --->   Operation 21 'bitconcatenate' 'and_ln' <Predicate = true> <Delay = 0.00>
ST_1 : Operation 22 [1/1] (0.28ns)   --->   "%and_ln37 = and i1 %state_brupdate_valid_load, i1 %state_brupdate_mispredict_load" [/home/lab_726/boom/hls_boom/src/boom_core_merged.cpp:37]   --->   Operation 22 'and' 'and_ln37' <Predicate = true> <Delay = 0.28> <CoreInst = "LogicGate">   --->   Core 74 'LogicGate' <Latency = 0> <II = 1> <Delay = 0.28> <FuncUnit> <Opcode : 'and' 'or' 'xor'> <InPorts = 2> <OutPorts = 1>
ST_1 : Operation 23 [1/1] (0.28ns)   --->   "%or_ln37 = or i1 %state_frontend_pc_flag_0, i1 %and_ln37" [/home/lab_726/boom/hls_boom/src/boom_core_merged.cpp:37]   --->   Operation 23 'or' 'or_ln37' <Predicate = true> <Delay = 0.28> <CoreInst = "LogicGate">   --->   Core 74 'LogicGate' <Latency = 0> <II = 1> <Delay = 0.28> <FuncUnit> <Opcode : 'and' 'or' 'xor'> <InPorts = 2> <OutPorts = 1>
ST_1 : Operation 24 [1/1] (0.00ns) (grouped into LUT with out node select_ln37_1)   --->   "%select_ln37 = select i1 %and_ln37, i64 %and_ln, i64 65600" [/home/lab_726/boom/hls_boom/src/boom_core_merged.cpp:37]   --->   Operation 24 'select' 'select_ln37' <Predicate = (state_brupdate_valid_load)> <Delay = 0.00> <CoreInst = "Sel">   --->   Core 73 'Sel' <Latency = 0> <II = 1> <Delay = 0.42> <FuncUnit> <Opcode : 'select'> <InPorts = 3> <OutPorts = 1>
ST_1 : Operation 25 [1/1] (0.42ns) (out node of the LUT)   --->   "%select_ln37_1 = select i1 %state_brupdate_valid_load, i64 %select_ln37, i64 65600" [/home/lab_726/boom/hls_boom/src/boom_core_merged.cpp:37]   --->   Operation 25 'select' 'select_ln37_1' <Predicate = true> <Delay = 0.42> <CoreInst = "Sel">   --->   Core 73 'Sel' <Latency = 0> <II = 1> <Delay = 0.42> <FuncUnit> <Opcode : 'select'> <InPorts = 3> <OutPorts = 1>
ST_1 : Operation 26 [1/1] (0.00ns) (grouped into LUT with out node req_address)   --->   "%select_ln37_2 = select i1 %and_ln37, i64 %and_ln, i64 %state_frontend_pc_loc_0" [/home/lab_726/boom/hls_boom/src/boom_core_merged.cpp:37]   --->   Operation 26 'select' 'select_ln37_2' <Predicate = (state_brupdate_valid_load)> <Delay = 0.00> <CoreInst = "Sel">   --->   Core 73 'Sel' <Latency = 0> <II = 1> <Delay = 0.42> <FuncUnit> <Opcode : 'select'> <InPorts = 3> <OutPorts = 1>
ST_1 : Operation 27 [1/1] (0.42ns) (out node of the LUT)   --->   "%req_address = select i1 %state_brupdate_valid_load, i64 %select_ln37_2, i64 %state_frontend_pc_loc_0" [/home/lab_726/boom/hls_boom/src/boom_core_merged.cpp:37]   --->   Operation 27 'select' 'req_address' <Predicate = true> <Delay = 0.42> <CoreInst = "Sel">   --->   Core 73 'Sel' <Latency = 0> <II = 1> <Delay = 0.42> <FuncUnit> <Opcode : 'select'> <InPorts = 3> <OutPorts = 1>
ST_1 : Operation 28 [1/1] (0.28ns)   --->   "%xor_ln37 = xor i1 %and_ln37, i1 1" [/home/lab_726/boom/hls_boom/src/boom_core_merged.cpp:37]   --->   Operation 28 'xor' 'xor_ln37' <Predicate = true> <Delay = 0.28> <CoreInst = "LogicGate">   --->   Core 74 'LogicGate' <Latency = 0> <II = 1> <Delay = 0.28> <FuncUnit> <Opcode : 'and' 'or' 'xor'> <InPorts = 2> <OutPorts = 1>
ST_1 : Operation 29 [1/1] (0.28ns) (out node of the LUT)   --->   "%and_ln37_1 = and i1 %state_frontend_request_sent_loc_0, i1 %xor_ln37" [/home/lab_726/boom/hls_boom/src/boom_core_merged.cpp:37]   --->   Operation 29 'and' 'and_ln37_1' <Predicate = true> <Delay = 0.28> <CoreInst = "LogicGate">   --->   Core 74 'LogicGate' <Latency = 0> <II = 1> <Delay = 0.28> <FuncUnit> <Opcode : 'and' 'or' 'xor'> <InPorts = 2> <OutPorts = 1>
ST_1 : Operation 30 [1/1] (0.28ns)   --->   "%and_ln37_2 = and i1 %state_frontend_response_received_load, i1 %xor_ln37" [/home/lab_726/boom/hls_boom/src/boom_core_merged.cpp:37]   --->   Operation 30 'and' 'and_ln37_2' <Predicate = true> <Delay = 0.28> <CoreInst = "LogicGate">   --->   Core 74 'LogicGate' <Latency = 0> <II = 1> <Delay = 0.28> <FuncUnit> <Opcode : 'and' 'or' 'xor'> <InPorts = 2> <OutPorts = 1>
ST_1 : Operation 31 [1/1] (0.28ns)   --->   "%and_ln37_3 = and i1 %state_frontend_fetch_packet_valid_load, i1 %xor_ln37" [/home/lab_726/boom/hls_boom/src/boom_core_merged.cpp:37]   --->   Operation 31 'and' 'and_ln37_3' <Predicate = true> <Delay = 0.28> <CoreInst = "LogicGate">   --->   Core 74 'LogicGate' <Latency = 0> <II = 1> <Delay = 0.28> <FuncUnit> <Opcode : 'and' 'or' 'xor'> <InPorts = 2> <OutPorts = 1>
ST_1 : Operation 32 [1/1] (0.00ns)   --->   "%state_rob_state_load = load i2 %state_rob_state" [/home/lab_726/boom/hls_boom/src/boom_core_merged.cpp:46]   --->   Operation 32 'load' 'state_rob_state_load' <Predicate = true> <Delay = 0.00>
ST_1 : Operation 33 [1/1] (0.44ns)   --->   "%icmp_ln46 = icmp_eq  i2 %state_rob_state_load, i2 3" [/home/lab_726/boom/hls_boom/src/boom_core_merged.cpp:46]   --->   Operation 33 'icmp' 'icmp_ln46' <Predicate = true> <Delay = 0.44> <CoreInst = "Cmp">   --->   Core 9 'Cmp' <Latency = 0> <II = 1> <Delay = 0.99> <FuncUnit> <Opcode : 'icmp'> <InPorts = 2> <OutPorts = 1>
ST_1 : Operation 34 [1/1] (0.52ns)   --->   "%br_ln46 = br i1 %icmp_ln46, void %._crit_edge3, void %._crit_edge4" [/home/lab_726/boom/hls_boom/src/boom_core_merged.cpp:46]   --->   Operation 34 'br' 'br_ln46' <Predicate = true> <Delay = 0.52>
ST_1 : Operation 35 [1/1] (0.00ns)   --->   "%state_rename_dispatch_packets_valid_0_load = load i1 %state_rename_dispatch_packets_valid_0" [/home/lab_726/boom/hls_boom/src/boom_core_merged.cpp:61]   --->   Operation 35 'load' 'state_rename_dispatch_packets_valid_0_load' <Predicate = (!icmp_ln46)> <Delay = 0.00>
ST_1 : Operation 36 [1/1] (0.00ns)   --->   "%state_decode_dec_valids_0_load = load i1 %state_decode_dec_valids_0" [/home/lab_726/boom/hls_boom/src/boom_core_merged.cpp:61]   --->   Operation 36 'load' 'state_decode_dec_valids_0_load' <Predicate = (!icmp_ln46)> <Delay = 0.00>
ST_1 : Operation 37 [1/1] (0.28ns)   --->   "%or_ln61 = or i1 %state_rename_dispatch_packets_valid_0_load, i1 %state_decode_dec_valids_0_load" [/home/lab_726/boom/hls_boom/src/boom_core_merged.cpp:61]   --->   Operation 37 'or' 'or_ln61' <Predicate = (!icmp_ln46)> <Delay = 0.28> <CoreInst = "LogicGate">   --->   Core 74 'LogicGate' <Latency = 0> <II = 1> <Delay = 0.28> <FuncUnit> <Opcode : 'and' 'or' 'xor'> <InPorts = 2> <OutPorts = 1>
ST_1 : Operation 38 [1/1] (0.52ns)   --->   "%br_ln62 = br i1 %or_ln61, void, void %._crit_edge4" [/home/lab_726/boom/hls_boom/src/boom_core_merged.cpp:62]   --->   Operation 38 'br' 'br_ln62' <Predicate = (!icmp_ln46)> <Delay = 0.52>
ST_1 : Operation 39 [1/1] (0.42ns)   --->   "%br_ln64 = br i1 %and_ln37_1, void %._crit_edge5, void %.critedge" [/home/lab_726/boom/hls_boom/src/boom_core_merged.cpp:64]   --->   Operation 39 'br' 'br_ln64' <Predicate = (!icmp_ln46 & !or_ln61)> <Delay = 0.42>
ST_1 : Operation 40 [1/1] (0.28ns)   --->   "%or_ln64 = or i1 %and_ln37_3, i1 %and_ln37" [/home/lab_726/boom/hls_boom/src/boom_core_merged.cpp:64]   --->   Operation 40 'or' 'or_ln64' <Predicate = (!icmp_ln46 & !or_ln61 & !and_ln37_1)> <Delay = 0.28> <CoreInst = "LogicGate">   --->   Core 74 'LogicGate' <Latency = 0> <II = 1> <Delay = 0.28> <FuncUnit> <Opcode : 'and' 'or' 'xor'> <InPorts = 2> <OutPorts = 1>
ST_1 : Operation 41 [1/1] (0.00ns) (grouped into LUT with out node and_ln64)   --->   "%xor_ln64 = xor i1 %state_frontend_fetch_packet_valid_load, i1 1" [/home/lab_726/boom/hls_boom/src/boom_core_merged.cpp:64]   --->   Operation 41 'xor' 'xor_ln64' <Predicate = (!icmp_ln46 & !or_ln61 & !and_ln37_1)> <Delay = 0.00> <CoreInst = "LogicGate">   --->   Core 74 'LogicGate' <Latency = 0> <II = 1> <Delay = 0.28> <FuncUnit> <Opcode : 'and' 'or' 'xor'> <InPorts = 2> <OutPorts = 1>
ST_1 : Operation 42 [1/1] (0.00ns) (grouped into LUT with out node and_ln64)   --->   "%or_ln64_1 = or i1 %and_ln37, i1 %xor_ln64" [/home/lab_726/boom/hls_boom/src/boom_core_merged.cpp:64]   --->   Operation 42 'or' 'or_ln64_1' <Predicate = (!icmp_ln46 & !or_ln61 & !and_ln37_1)> <Delay = 0.00> <CoreInst = "LogicGate">   --->   Core 74 'LogicGate' <Latency = 0> <II = 1> <Delay = 0.28> <FuncUnit> <Opcode : 'and' 'or' 'xor'> <InPorts = 2> <OutPorts = 1>
ST_1 : Operation 43 [1/1] (0.28ns) (out node of the LUT)   --->   "%and_ln64 = and i1 %and_ln37_2, i1 %or_ln64_1" [/home/lab_726/boom/hls_boom/src/boom_core_merged.cpp:64]   --->   Operation 43 'and' 'and_ln64' <Predicate = (!icmp_ln46 & !or_ln61 & !and_ln37_1)> <Delay = 0.28> <CoreInst = "LogicGate">   --->   Core 74 'LogicGate' <Latency = 0> <II = 1> <Delay = 0.28> <FuncUnit> <Opcode : 'and' 'or' 'xor'> <InPorts = 2> <OutPorts = 1>
ST_1 : Operation 44 [1/1] (0.00ns)   --->   "%tmp = nbwritereq i1 @_ssdm_op_NbWriteReq.ap_fifo.i97P0A, i97 %pipe_0, i32 1" [/home/lab_726/Xilinx/Vitis_HLS/2021.2/common/technology/autopilot/hls_stream_39.h:139]   --->   Operation 44 'nbwritereq' 'tmp' <Predicate = (!icmp_ln46 & !or_ln61 & !and_ln37_1)> <Delay = 0.00> <CoreInst = "FIFO_SRL">   --->   Core 81 'FIFO_SRL' <Latency = 0> <II = 1> <Delay = 1.83> <Storage> <Opcode : 'read' 'write' 'nbread' 'nbwrite'> <Ports = 0> <Width = 97> <Depth = 2> <FIFO>
ST_1 : Operation 45 [1/1] (0.42ns)   --->   "%br_ln74 = br i1 %tmp, void %.critedge, void" [/home/lab_726/boom/hls_boom/src/boom_core_merged.cpp:74]   --->   Operation 45 'br' 'br_ln74' <Predicate = (!icmp_ln46 & !or_ln61 & !and_ln37_1)> <Delay = 0.42>
ST_1 : Operation 46 [1/1] (0.00ns)   --->   "%tmp_1 = bitconcatenate i96 @_ssdm_op_BitConcatenate.i96.i32.i64, i32 %req_fetch_id, i64 %req_address" [/home/lab_726/Xilinx/Vitis_HLS/2021.2/common/technology/autopilot/hls_stream_39.h:173]   --->   Operation 46 'bitconcatenate' 'tmp_1' <Predicate = (!icmp_ln46 & !or_ln61 & !and_ln37_1 & tmp)> <Delay = 0.00>
ST_1 : Operation 47 [1/1] (0.00ns)   --->   "%zext_ln173 = zext i96 %tmp_1" [/home/lab_726/Xilinx/Vitis_HLS/2021.2/common/technology/autopilot/hls_stream_39.h:173]   --->   Operation 47 'zext' 'zext_ln173' <Predicate = (!icmp_ln46 & !or_ln61 & !and_ln37_1 & tmp)> <Delay = 0.00>
ST_1 : Operation 48 [1/1] (1.83ns)   --->   "%write_ln173 = write void @_ssdm_op_Write.ap_fifo.volatile.i97P0A, i97 %pipe_0, i97 %zext_ln173" [/home/lab_726/Xilinx/Vitis_HLS/2021.2/common/technology/autopilot/hls_stream_39.h:173]   --->   Operation 48 'write' 'write_ln173' <Predicate = (!icmp_ln46 & !or_ln61 & !and_ln37_1 & tmp)> <Delay = 1.83> <CoreInst = "FIFO_SRL">   --->   Core 81 'FIFO_SRL' <Latency = 0> <II = 1> <Delay = 1.83> <Storage> <Opcode : 'read' 'write' 'nbread' 'nbwrite'> <Ports = 0> <Width = 97> <Depth = 2> <FIFO>
ST_1 : Operation 49 [1/1] (0.00ns)   --->   "%store_ln76 = store i32 %req_fetch_id, i32 %state_frontend_pending_fetch_id" [/home/lab_726/boom/hls_boom/src/boom_core_merged.cpp:76]   --->   Operation 49 'store' 'store_ln76' <Predicate = (!icmp_ln46 & !or_ln61 & !and_ln37_1 & tmp)> <Delay = 0.00>
ST_1 : Operation 50 [1/1] (1.01ns)   --->   "%add_ln77 = add i32 %req_fetch_id, i32 1" [/home/lab_726/boom/hls_boom/src/boom_core_merged.cpp:77]   --->   Operation 50 'add' 'add_ln77' <Predicate = (!icmp_ln46 & !or_ln61 & !and_ln37_1 & tmp)> <Delay = 1.01> <CoreInst = "Adder">   --->   Core 1 'Adder' <Latency = 0> <II = 1> <Delay = 1.08> <FuncUnit> <Opcode : 'add' 'sub'> <InPorts = 2> <OutPorts = 1>
ST_1 : Operation 51 [1/1] (0.42ns)   --->   "%br_ln79 = br void %.critedge" [/home/lab_726/boom/hls_boom/src/boom_core_merged.cpp:79]   --->   Operation 51 'br' 'br_ln79' <Predicate = (!icmp_ln46 & !or_ln61 & !and_ln37_1 & tmp)> <Delay = 0.42>
ST_1 : Operation 52 [1/1] (0.00ns)   --->   "%state_frontend_fetch_id_flag_1 = phi i1 %state_frontend_pc_flag_0, void, i1 1, void, i1 %state_frontend_pc_flag_0, void %._crit_edge5"   --->   Operation 52 'phi' 'state_frontend_fetch_id_flag_1' <Predicate = (!icmp_ln46 & !or_ln61)> <Delay = 0.00>
ST_1 : Operation 53 [1/1] (0.00ns)   --->   "%state_frontend_fetch_id_new_1 = phi i32 0, void, i32 %add_ln77, void, i32 0, void %._crit_edge5" [/home/lab_726/boom/hls_boom/src/boom_core_merged.cpp:77]   --->   Operation 53 'phi' 'state_frontend_fetch_id_new_1' <Predicate = (!icmp_ln46 & !or_ln61)> <Delay = 0.00>
ST_1 : Operation 54 [1/1] (0.00ns)   --->   "%state_frontend_request_sent_flag_2 = phi i1 %or_ln37, void, i1 1, void, i1 %or_ln37, void %._crit_edge5" [/home/lab_726/boom/hls_boom/src/boom_core_merged.cpp:37]   --->   Operation 54 'phi' 'state_frontend_request_sent_flag_2' <Predicate = (!icmp_ln46 & !or_ln61)> <Delay = 0.00>
ST_1 : Operation 55 [1/1] (0.00ns)   --->   "%state_frontend_request_sent_new_2 = phi i1 0, void, i1 1, void, i1 0, void %._crit_edge5"   --->   Operation 55 'phi' 'state_frontend_request_sent_new_2' <Predicate = (!icmp_ln46 & !or_ln61)> <Delay = 0.00>
ST_1 : Operation 56 [1/1] (0.00ns)   --->   "%state_frontend_response_received_flag_2 = phi i1 %and_ln37, void, i1 %or_ln64, void, i1 %or_ln64, void %._crit_edge5" [/home/lab_726/boom/hls_boom/src/boom_core_merged.cpp:37]   --->   Operation 56 'phi' 'state_frontend_response_received_flag_2' <Predicate = (!icmp_ln46 & !or_ln61)> <Delay = 0.00>
ST_1 : Operation 57 [1/1] (0.00ns)   --->   "%state_frontend_response_received_loc_2 = phi i1 %and_ln37_2, void, i1 %and_ln64, void, i1 %and_ln64, void %._crit_edge5" [/home/lab_726/boom/hls_boom/src/boom_core_merged.cpp:37]   --->   Operation 57 'phi' 'state_frontend_response_received_loc_2' <Predicate = (!icmp_ln46 & !or_ln61)> <Delay = 0.00>
ST_1 : Operation 58 [1/1] (0.00ns)   --->   "%empty = phi i1 1, void, i1 1, void, i1 0, void %._crit_edge5"   --->   Operation 58 'phi' 'empty' <Predicate = (!icmp_ln46 & !or_ln61)> <Delay = 0.00>
ST_1 : Operation 59 [1/1] (0.00ns)   --->   "%tmp_s = nbreadreq i1 @_ssdm_op_NbReadReq.ap_fifo.i193P0A, i193 %pipe_1, i32 1" [/home/lab_726/Xilinx/Vitis_HLS/2021.2/common/technology/autopilot/hls_stream_39.h:135]   --->   Operation 59 'nbreadreq' 'tmp_s' <Predicate = (!icmp_ln46 & !or_ln61)> <Delay = 0.00> <CoreInst = "FIFO_SRL">   --->   Core 81 'FIFO_SRL' <Latency = 0> <II = 1> <Delay = 1.83> <Storage> <Opcode : 'read' 'write' 'nbread' 'nbwrite'> <Ports = 0> <Width = 193> <Depth = 2> <FIFO>
ST_1 : Operation 60 [1/1] (0.42ns)   --->   "%br_ln82 = br i1 %tmp_s, void %.critedge._crit_edge, void" [/home/lab_726/boom/hls_boom/src/boom_core_merged.cpp:82]   --->   Operation 60 'br' 'br_ln82' <Predicate = (!icmp_ln46 & !or_ln61)> <Delay = 0.42>
ST_1 : Operation 61 [1/1] (1.83ns)   --->   "%pipe_1_read = read i193 @_ssdm_op_Read.ap_fifo.volatile.i193P0A, i193 %pipe_1" [/home/lab_726/Xilinx/Vitis_HLS/2021.2/common/technology/autopilot/hls_stream_39.h:144]   --->   Operation 61 'read' 'pipe_1_read' <Predicate = (!icmp_ln46 & !or_ln61 & tmp_s)> <Delay = 1.83> <CoreInst = "FIFO_SRL">   --->   Core 81 'FIFO_SRL' <Latency = 0> <II = 1> <Delay = 1.83> <Storage> <Opcode : 'read' 'write' 'nbread' 'nbwrite'> <Ports = 0> <Width = 193> <Depth = 2> <FIFO>
ST_1 : Operation 62 [1/1] (0.00ns)   --->   "%resp_address = trunc i193 %pipe_1_read" [/home/lab_726/Xilinx/Vitis_HLS/2021.2/common/technology/autopilot/hls_stream_39.h:144]   --->   Operation 62 'trunc' 'resp_address' <Predicate = (!icmp_ln46 & !or_ln61 & tmp_s)> <Delay = 0.00>
ST_1 : Operation 63 [1/1] (0.00ns)   --->   "%resp_fetch_id = partselect i32 @_ssdm_op_PartSelect.i32.i193.i32.i32, i193 %pipe_1_read, i32 64, i32 95" [/home/lab_726/Xilinx/Vitis_HLS/2021.2/common/technology/autopilot/hls_stream_39.h:144]   --->   Operation 63 'partselect' 'resp_fetch_id' <Predicate = (!icmp_ln46 & !or_ln61 & tmp_s)> <Delay = 0.00>
ST_1 : Operation 64 [1/1] (0.00ns)   --->   "%resp_instruction = partselect i32 @_ssdm_op_PartSelect.i32.i193.i32.i32, i193 %pipe_1_read, i32 96, i32 127" [/home/lab_726/Xilinx/Vitis_HLS/2021.2/common/technology/autopilot/hls_stream_39.h:144]   --->   Operation 64 'partselect' 'resp_instruction' <Predicate = (!icmp_ln46 & !or_ln61 & tmp_s)> <Delay = 0.00>
ST_1 : Operation 65 [1/1] (0.42ns)   --->   "%br_ln84 = br i1 %empty, void %.critedge._crit_edge, void" [/home/lab_726/boom/hls_boom/src/boom_core_merged.cpp:84]   --->   Operation 65 'br' 'br_ln84' <Predicate = (!icmp_ln46 & !or_ln61 & tmp_s)> <Delay = 0.42>
ST_1 : Operation 66 [1/1] (0.00ns)   --->   "%state_frontend_pending_fetch_id_load = load i32 %state_frontend_pending_fetch_id" [/home/lab_726/boom/hls_boom/src/boom_core_merged.cpp:84]   --->   Operation 66 'load' 'state_frontend_pending_fetch_id_load' <Predicate = (!icmp_ln46 & !or_ln61 & tmp_s & empty)> <Delay = 0.00>
ST_1 : Operation 67 [1/1] (0.99ns)   --->   "%icmp_ln84 = icmp_eq  i32 %resp_fetch_id, i32 %state_frontend_pending_fetch_id_load" [/home/lab_726/boom/hls_boom/src/boom_core_merged.cpp:84]   --->   Operation 67 'icmp' 'icmp_ln84' <Predicate = (!icmp_ln46 & !or_ln61 & tmp_s & empty)> <Delay = 0.99> <CoreInst = "Cmp">   --->   Core 9 'Cmp' <Latency = 0> <II = 1> <Delay = 0.99> <FuncUnit> <Opcode : 'icmp'> <InPorts = 2> <OutPorts = 1>
ST_1 : Operation 68 [1/1] (0.52ns)   --->   "%br_ln84 = br i1 %icmp_ln84, void %._crit_edge4, void" [/home/lab_726/boom/hls_boom/src/boom_core_merged.cpp:84]   --->   Operation 68 'br' 'br_ln84' <Predicate = (!icmp_ln46 & !or_ln61 & tmp_s & empty)> <Delay = 0.52>
ST_1 : Operation 69 [1/1] (0.00ns)   --->   "%store_ln85 = store i64 %resp_address, i64 %state_frontend_resp_address" [/home/lab_726/boom/hls_boom/src/boom_core_merged.cpp:85]   --->   Operation 69 'store' 'store_ln85' <Predicate = (!icmp_ln46 & !or_ln61 & tmp_s & empty & icmp_ln84)> <Delay = 0.00>
ST_1 : Operation 70 [1/1] (0.00ns)   --->   "%store_ln86 = store i32 %resp_instruction, i32 %state_frontend_resp_instruction" [/home/lab_726/boom/hls_boom/src/boom_core_merged.cpp:86]   --->   Operation 70 'store' 'store_ln86' <Predicate = (!icmp_ln46 & !or_ln61 & tmp_s & empty & icmp_ln84)> <Delay = 0.00>
ST_1 : Operation 71 [1/1] (0.42ns)   --->   "%br_ln91 = br void %.critedge._crit_edge" [/home/lab_726/boom/hls_boom/src/boom_core_merged.cpp:91]   --->   Operation 71 'br' 'br_ln91' <Predicate = (!icmp_ln46 & !or_ln61 & tmp_s & empty & icmp_ln84)> <Delay = 0.42>
ST_1 : Operation 72 [1/1] (0.00ns)   --->   "%state_frontend_request_sent_flag_3 = phi i1 1, void, i1 %state_frontend_request_sent_flag_2, void, i1 %state_frontend_request_sent_flag_2, void %.critedge" [/home/lab_726/boom/hls_boom/src/boom_core_merged.cpp:37]   --->   Operation 72 'phi' 'state_frontend_request_sent_flag_3' <Predicate = (!icmp_ln46 & !or_ln61 & icmp_ln84) | (!icmp_ln46 & !or_ln61 & !empty) | (!icmp_ln46 & !or_ln61 & !tmp_s)> <Delay = 0.00>
ST_1 : Operation 73 [1/1] (0.00ns)   --->   "%state_frontend_request_sent_new_3 = phi i1 0, void, i1 %state_frontend_request_sent_new_2, void, i1 %state_frontend_request_sent_new_2, void %.critedge"   --->   Operation 73 'phi' 'state_frontend_request_sent_new_3' <Predicate = (!icmp_ln46 & !or_ln61 & icmp_ln84) | (!icmp_ln46 & !or_ln61 & !empty) | (!icmp_ln46 & !or_ln61 & !tmp_s)> <Delay = 0.00>
ST_1 : Operation 74 [1/1] (0.00ns)   --->   "%state_frontend_response_received_flag_3 = phi i1 1, void, i1 %state_frontend_response_received_flag_2, void, i1 %state_frontend_response_received_flag_2, void %.critedge" [/home/lab_726/boom/hls_boom/src/boom_core_merged.cpp:37]   --->   Operation 74 'phi' 'state_frontend_response_received_flag_3' <Predicate = (!icmp_ln46 & !or_ln61 & icmp_ln84) | (!icmp_ln46 & !or_ln61 & !empty) | (!icmp_ln46 & !or_ln61 & !tmp_s)> <Delay = 0.00>
ST_1 : Operation 75 [1/1] (0.00ns)   --->   "%state_frontend_response_received_new_3 = phi i1 1, void, i1 0, void, i1 0, void %.critedge"   --->   Operation 75 'phi' 'state_frontend_response_received_new_3' <Predicate = (!icmp_ln46 & !or_ln61 & icmp_ln84) | (!icmp_ln46 & !or_ln61 & !empty) | (!icmp_ln46 & !or_ln61 & !tmp_s)> <Delay = 0.00>
ST_1 : Operation 76 [1/1] (0.00ns) (grouped into LUT with out node or_ln95)   --->   "%state_frontend_response_received_loc_3 = phi i1 1, void, i1 %state_frontend_response_received_loc_2, void, i1 %state_frontend_response_received_loc_2, void %.critedge" [/home/lab_726/boom/hls_boom/src/boom_core_merged.cpp:37]   --->   Operation 76 'phi' 'state_frontend_response_received_loc_3' <Predicate = (!icmp_ln46 & !or_ln61 & icmp_ln84) | (!icmp_ln46 & !or_ln61 & !empty) | (!icmp_ln46 & !or_ln61 & !tmp_s)> <Delay = 0.00>
ST_1 : Operation 77 [1/1] (0.00ns) (grouped into LUT with out node or_ln95)   --->   "%empty_121 = phi i1 0, void, i1 0, void, i1 %empty, void %.critedge"   --->   Operation 77 'phi' 'empty_121' <Predicate = (!icmp_ln46 & !or_ln61 & icmp_ln84) | (!icmp_ln46 & !or_ln61 & !empty) | (!icmp_ln46 & !or_ln61 & !tmp_s)> <Delay = 0.00>
ST_1 : Operation 78 [1/1] (0.00ns) (grouped into LUT with out node or_ln95)   --->   "%xor_ln95 = xor i1 %state_frontend_response_received_loc_3, i1 1" [/home/lab_726/boom/hls_boom/src/boom_core_merged.cpp:95]   --->   Operation 78 'xor' 'xor_ln95' <Predicate = (!icmp_ln46 & !or_ln61 & icmp_ln84) | (!icmp_ln46 & !or_ln61 & !empty) | (!icmp_ln46 & !or_ln61 & !tmp_s)> <Delay = 0.00> <CoreInst = "LogicGate">   --->   Core 74 'LogicGate' <Latency = 0> <II = 1> <Delay = 0.28> <FuncUnit> <Opcode : 'and' 'or' 'xor'> <InPorts = 2> <OutPorts = 1>
ST_1 : Operation 79 [1/1] (0.28ns) (out node of the LUT)   --->   "%or_ln95 = or i1 %empty_121, i1 %xor_ln95" [/home/lab_726/boom/hls_boom/src/boom_core_merged.cpp:95]   --->   Operation 79 'or' 'or_ln95' <Predicate = (!icmp_ln46 & !or_ln61 & icmp_ln84) | (!icmp_ln46 & !or_ln61 & !empty) | (!icmp_ln46 & !or_ln61 & !tmp_s)> <Delay = 0.28> <CoreInst = "LogicGate">   --->   Core 74 'LogicGate' <Latency = 0> <II = 1> <Delay = 0.28> <FuncUnit> <Opcode : 'and' 'or' 'xor'> <InPorts = 2> <OutPorts = 1>
ST_1 : Operation 80 [1/1] (0.52ns)   --->   "%br_ln95 = br i1 %or_ln95, void, void %._crit_edge4" [/home/lab_726/boom/hls_boom/src/boom_core_merged.cpp:95]   --->   Operation 80 'br' 'br_ln95' <Predicate = (!icmp_ln46 & !or_ln61 & icmp_ln84) | (!icmp_ln46 & !or_ln61 & !empty) | (!icmp_ln46 & !or_ln61 & !tmp_s)> <Delay = 0.52>
ST_1 : Operation 81 [1/1] (0.00ns)   --->   "%uop_debug_pc = load i64 %state_frontend_resp_address" [/home/lab_726/boom/hls_boom/src/boom_core_merged.cpp:97]   --->   Operation 81 'load' 'uop_debug_pc' <Predicate = (!icmp_ln46 & !or_ln61 & icmp_ln84 & !or_ln95) | (!icmp_ln46 & !or_ln61 & !empty & !or_ln95) | (!icmp_ln46 & !or_ln61 & !tmp_s & !or_ln95)> <Delay = 0.00>
ST_1 : Operation 82 [1/1] (0.00ns)   --->   "%uop_inst = load i32 %state_frontend_resp_instruction" [/home/lab_726/boom/hls_boom/src/boom_core_merged.cpp:98]   --->   Operation 82 'load' 'uop_inst' <Predicate = (!icmp_ln46 & !or_ln61 & icmp_ln84 & !or_ln95) | (!icmp_ln46 & !or_ln61 & !empty & !or_ln95) | (!icmp_ln46 & !or_ln61 & !tmp_s & !or_ln95)> <Delay = 0.00>
ST_1 : Operation 83 [1/1] (0.00ns)   --->   "%store_ln100 = store i32 %uop_inst, i32 %state_frontend_fetch_uop_inst" [/home/lab_726/boom/hls_boom/src/boom_core_merged.cpp:100]   --->   Operation 83 'store' 'store_ln100' <Predicate = (!icmp_ln46 & !or_ln61 & icmp_ln84 & !or_ln95) | (!icmp_ln46 & !or_ln61 & !empty & !or_ln95) | (!icmp_ln46 & !or_ln61 & !tmp_s & !or_ln95)> <Delay = 0.00>
ST_1 : Operation 84 [1/1] (0.00ns)   --->   "%store_ln100 = store i64 %uop_debug_pc, i64 %state_frontend_fetch_uop_debug_pc" [/home/lab_726/boom/hls_boom/src/boom_core_merged.cpp:100]   --->   Operation 84 'store' 'store_ln100' <Predicate = (!icmp_ln46 & !or_ln61 & icmp_ln84 & !or_ln95) | (!icmp_ln46 & !or_ln61 & !empty & !or_ln95) | (!icmp_ln46 & !or_ln61 & !tmp_s & !or_ln95)> <Delay = 0.00>
ST_1 : Operation 85 [1/1] (1.08ns)   --->   "%add_ln102 = add i64 %uop_debug_pc, i64 4" [/home/lab_726/boom/hls_boom/src/boom_core_merged.cpp:102]   --->   Operation 85 'add' 'add_ln102' <Predicate = (!icmp_ln46 & !or_ln61 & icmp_ln84 & !or_ln95) | (!icmp_ln46 & !or_ln61 & !empty & !or_ln95) | (!icmp_ln46 & !or_ln61 & !tmp_s & !or_ln95)> <Delay = 1.08> <CoreInst = "Adder">   --->   Core 1 'Adder' <Latency = 0> <II = 1> <Delay = 1.08> <FuncUnit> <Opcode : 'add' 'sub'> <InPorts = 2> <OutPorts = 1>
ST_1 : Operation 86 [1/1] (0.52ns)   --->   "%br_ln104 = br void %._crit_edge4" [/home/lab_726/boom/hls_boom/src/boom_core_merged.cpp:104]   --->   Operation 86 'br' 'br_ln104' <Predicate = (!icmp_ln46 & !or_ln61 & icmp_ln84 & !or_ln95) | (!icmp_ln46 & !or_ln61 & !empty & !or_ln95) | (!icmp_ln46 & !or_ln61 & !tmp_s & !or_ln95)> <Delay = 0.52>
ST_1 : Operation 87 [1/1] (0.00ns)   --->   "%state_frontend_pc_flag_3 = phi i1 %or_ln37, void %._crit_edge3, i1 %or_ln37, void %._crit_edge_ifconv, i1 %or_ln37, void %.critedge._crit_edge, i1 1, void, i1 %or_ln37, void" [/home/lab_726/boom/hls_boom/src/boom_core_merged.cpp:37]   --->   Operation 87 'phi' 'state_frontend_pc_flag_3' <Predicate = true> <Delay = 0.00>
ST_1 : Operation 88 [1/1] (0.00ns)   --->   "%state_frontend_pc_new_3 = phi i64 %select_ln37_1, void %._crit_edge3, i64 %select_ln37_1, void %._crit_edge_ifconv, i64 %select_ln37_1, void %.critedge._crit_edge, i64 %add_ln102, void, i64 %select_ln37_1, void" [/home/lab_726/boom/hls_boom/src/boom_core_merged.cpp:37]   --->   Operation 88 'phi' 'state_frontend_pc_new_3' <Predicate = true> <Delay = 0.00>
ST_1 : Operation 89 [1/1] (0.00ns)   --->   "%state_frontend_fetch_id_flag_2 = phi i1 %state_frontend_pc_flag_0, void %._crit_edge3, i1 %state_frontend_pc_flag_0, void %._crit_edge_ifconv, i1 %state_frontend_fetch_id_flag_1, void %.critedge._crit_edge, i1 %state_frontend_fetch_id_flag_1, void, i1 %state_frontend_fetch_id_flag_1, void"   --->   Operation 89 'phi' 'state_frontend_fetch_id_flag_2' <Predicate = true> <Delay = 0.00>
ST_1 : Operation 90 [1/1] (0.00ns)   --->   "%state_frontend_fetch_id_new_2 = phi i32 0, void %._crit_edge3, i32 0, void %._crit_edge_ifconv, i32 %state_frontend_fetch_id_new_1, void %.critedge._crit_edge, i32 %state_frontend_fetch_id_new_1, void, i32 %state_frontend_fetch_id_new_1, void" [/home/lab_726/boom/hls_boom/src/boom_core_merged.cpp:77]   --->   Operation 90 'phi' 'state_frontend_fetch_id_new_2' <Predicate = true> <Delay = 0.00>
ST_1 : Operation 91 [1/1] (0.00ns)   --->   "%state_frontend_request_sent_flag_5 = phi i1 %or_ln37, void %._crit_edge3, i1 %or_ln37, void %._crit_edge_ifconv, i1 %state_frontend_request_sent_flag_3, void %.critedge._crit_edge, i1 %state_frontend_request_sent_flag_3, void, i1 %state_frontend_request_sent_flag_2, void" [/home/lab_726/boom/hls_boom/src/boom_core_merged.cpp:37]   --->   Operation 91 'phi' 'state_frontend_request_sent_flag_5' <Predicate = true> <Delay = 0.00>
ST_1 : Operation 92 [1/1] (0.00ns)   --->   "%state_frontend_request_sent_new_5 = phi i1 0, void %._crit_edge3, i1 0, void %._crit_edge_ifconv, i1 %state_frontend_request_sent_new_3, void %.critedge._crit_edge, i1 %state_frontend_request_sent_new_3, void, i1 %state_frontend_request_sent_new_2, void"   --->   Operation 92 'phi' 'state_frontend_request_sent_new_5' <Predicate = true> <Delay = 0.00>
ST_1 : Operation 93 [1/1] (0.00ns)   --->   "%state_frontend_response_received_flag_5 = phi i1 %and_ln37, void %._crit_edge3, i1 %and_ln37, void %._crit_edge_ifconv, i1 %state_frontend_response_received_flag_3, void %.critedge._crit_edge, i1 1, void, i1 %state_frontend_response_received_flag_2, void" [/home/lab_726/boom/hls_boom/src/boom_core_merged.cpp:37]   --->   Operation 93 'phi' 'state_frontend_response_received_flag_5' <Predicate = true> <Delay = 0.00>
ST_1 : Operation 94 [1/1] (0.00ns)   --->   "%state_frontend_response_received_new_5 = phi i1 0, void %._crit_edge3, i1 0, void %._crit_edge_ifconv, i1 %state_frontend_response_received_new_3, void %.critedge._crit_edge, i1 0, void, i1 0, void"   --->   Operation 94 'phi' 'state_frontend_response_received_new_5' <Predicate = true> <Delay = 0.00>
ST_1 : Operation 95 [1/1] (0.00ns)   --->   "%state_frontend_fetch_packet_valid_flag_2 = phi i1 %and_ln37, void %._crit_edge3, i1 1, void %._crit_edge_ifconv, i1 1, void %.critedge._crit_edge, i1 1, void, i1 1, void" [/home/lab_726/boom/hls_boom/src/boom_core_merged.cpp:37]   --->   Operation 95 'phi' 'state_frontend_fetch_packet_valid_flag_2' <Predicate = true> <Delay = 0.00>
ST_1 : Operation 96 [1/1] (0.00ns)   --->   "%state_frontend_fetch_packet_valid_new_2 = phi i1 0, void %._crit_edge3, i1 0, void %._crit_edge_ifconv, i1 0, void %.critedge._crit_edge, i1 1, void, i1 0, void"   --->   Operation 96 'phi' 'state_frontend_fetch_packet_valid_new_2' <Predicate = true> <Delay = 0.00>
ST_1 : Operation 97 [1/1] (0.00ns)   --->   "%br_ln37 = br i1 %state_frontend_fetch_packet_valid_flag_2, void %._crit_edge4.new8, void %mergeST7" [/home/lab_726/boom/hls_boom/src/boom_core_merged.cpp:37]   --->   Operation 97 'br' 'br_ln37' <Predicate = true> <Delay = 0.00>
ST_1 : Operation 98 [1/1] (0.00ns)   --->   "%store_ln41 = store i1 %state_frontend_fetch_packet_valid_new_2, i1 %state_frontend_fetch_packet_valid" [/home/lab_726/boom/hls_boom/src/boom_core_merged.cpp:41]   --->   Operation 98 'store' 'store_ln41' <Predicate = (state_frontend_fetch_packet_valid_flag_2)> <Delay = 0.00>
ST_1 : Operation 99 [1/1] (0.00ns)   --->   "%br_ln0 = br void %._crit_edge4.new8"   --->   Operation 99 'br' 'br_ln0' <Predicate = (state_frontend_fetch_packet_valid_flag_2)> <Delay = 0.00>
ST_1 : Operation 100 [1/1] (0.00ns)   --->   "%br_ln37 = br i1 %state_frontend_response_received_flag_5, void %._crit_edge4.new6, void %mergeST5" [/home/lab_726/boom/hls_boom/src/boom_core_merged.cpp:37]   --->   Operation 100 'br' 'br_ln37' <Predicate = true> <Delay = 0.00>
ST_1 : Operation 101 [1/1] (0.00ns)   --->   "%store_ln40 = store i1 %state_frontend_response_received_new_5, i1 %state_frontend_response_received" [/home/lab_726/boom/hls_boom/src/boom_core_merged.cpp:40]   --->   Operation 101 'store' 'store_ln40' <Predicate = (state_frontend_response_received_flag_5)> <Delay = 0.00>
ST_1 : Operation 102 [1/1] (0.00ns)   --->   "%br_ln0 = br void %._crit_edge4.new6"   --->   Operation 102 'br' 'br_ln0' <Predicate = (state_frontend_response_received_flag_5)> <Delay = 0.00>
ST_1 : Operation 103 [1/1] (0.00ns)   --->   "%br_ln37 = br i1 %state_frontend_request_sent_flag_5, void %._crit_edge4.new4, void %mergeST3" [/home/lab_726/boom/hls_boom/src/boom_core_merged.cpp:37]   --->   Operation 103 'br' 'br_ln37' <Predicate = true> <Delay = 0.00>
ST_1 : Operation 104 [1/1] (0.00ns)   --->   "%store_ln34 = store i1 %state_frontend_request_sent_new_5, i1 %state_frontend_request_sent" [/home/lab_726/boom/hls_boom/src/boom_core_merged.cpp:34]   --->   Operation 104 'store' 'store_ln34' <Predicate = (state_frontend_request_sent_flag_5)> <Delay = 0.00>
ST_1 : Operation 105 [1/1] (0.00ns)   --->   "%br_ln0 = br void %._crit_edge4.new4"   --->   Operation 105 'br' 'br_ln0' <Predicate = (state_frontend_request_sent_flag_5)> <Delay = 0.00>
ST_1 : Operation 106 [1/1] (0.00ns)   --->   "%br_ln0 = br i1 %state_frontend_fetch_id_flag_2, void %._crit_edge4.new2, void %mergeST1"   --->   Operation 106 'br' 'br_ln0' <Predicate = true> <Delay = 0.00>
ST_1 : Operation 107 [1/1] (0.00ns)   --->   "%store_ln32 = store i32 %state_frontend_fetch_id_new_2, i32 %state_frontend_fetch_id" [/home/lab_726/boom/hls_boom/src/boom_core_merged.cpp:32]   --->   Operation 107 'store' 'store_ln32' <Predicate = (state_frontend_fetch_id_flag_2)> <Delay = 0.00>
ST_1 : Operation 108 [1/1] (0.00ns)   --->   "%br_ln0 = br void %._crit_edge4.new2"   --->   Operation 108 'br' 'br_ln0' <Predicate = (state_frontend_fetch_id_flag_2)> <Delay = 0.00>
ST_1 : Operation 109 [1/1] (0.00ns)   --->   "%br_ln37 = br i1 %state_frontend_pc_flag_3, void %._crit_edge4.new, void %mergeST" [/home/lab_726/boom/hls_boom/src/boom_core_merged.cpp:37]   --->   Operation 109 'br' 'br_ln37' <Predicate = true> <Delay = 0.00>
ST_1 : Operation 110 [1/1] (0.00ns)   --->   "%store_ln31 = store i64 %state_frontend_pc_new_3, i64 %state_frontend_pc" [/home/lab_726/boom/hls_boom/src/boom_core_merged.cpp:31]   --->   Operation 110 'store' 'store_ln31' <Predicate = (state_frontend_pc_flag_3)> <Delay = 0.00>
ST_1 : Operation 111 [1/1] (0.00ns)   --->   "%br_ln0 = br void %._crit_edge4.new"   --->   Operation 111 'br' 'br_ln0' <Predicate = (state_frontend_pc_flag_3)> <Delay = 0.00>
ST_1 : Operation 112 [1/1] (0.00ns)   --->   "%ret_ln107 = ret" [/home/lab_726/boom/hls_boom/src/boom_core_merged.cpp:107]   --->   Operation 112 'ret' 'ret_ln107' <Predicate = true> <Delay = 0.00>


============================================================
+ Verbose Summary: Timing violations
============================================================
Target clock period: 10ns, clock uncertainty: 2.7ns.

 <State 1>: 3.35ns
The critical path consists of the following:
	fifo read operation ('pipe_1_read', /home/lab_726/Xilinx/Vitis_HLS/2021.2/common/technology/autopilot/hls_stream_39.h:144) on port 'pipe_1' (/home/lab_726/Xilinx/Vitis_HLS/2021.2/common/technology/autopilot/hls_stream_39.h:144) [87]  (1.84 ns)
	'icmp' operation ('icmp_ln84', /home/lab_726/boom/hls_boom/src/boom_core_merged.cpp:84) [94]  (0.991 ns)
	multiplexor before 'phi' operation ('state_frontend_fetch_packet_valid_new_2') [127]  (0.525 ns)
	'phi' operation ('state_frontend_fetch_packet_valid_new_2') [127]  (0 ns)
	'store' operation ('store_ln41', /home/lab_726/boom/hls_boom/src/boom_core_merged.cpp:41) of variable 'state_frontend_fetch_packet_valid_new_2' on static variable 'state_frontend_fetch_packet_valid' [130]  (0 ns)


============================================================
+ Verbose Summary: Binding
============================================================
N/A
* FSMD analyzer results:
  - Output states:
 - Input state : 
  - Chain level:
	State 1


============================================================
+ Verbose Summary: Datapath Resource usage 
============================================================
N/A
