

================================================================
== Vitis HLS Report for 'kill_execute_state'
================================================================
* Date:           Fri Jul 31 19:23:21 2026

* Version:        2021.2 (Build 3367213 on Tue Oct 19 02:47:39 MDT 2021)
* Project:        boom_core_top
* Solution:       solution_w3_csynth (Vivado IP Flow Target)
* Product family: zynquplus
* Target device:  xczu7ev-ffvc1156-2-e


================================================================
== Performance Estimates
================================================================
+ Timing: 
    * Summary: 
    +--------+----------+----------+------------+
    |  Clock |  Target  | Estimated| Uncertainty|
    +--------+----------+----------+------------+
    |ap_clk  |  10.00 ns|  1.325 ns|     2.70 ns|
    +--------+----------+----------+------------+

+ Latency: 
    * Summary: 
    +---------+---------+-----------+-----------+-----+-----+---------+
    |  Latency (cycles) |   Latency (absolute)  |  Interval | Pipeline|
    |   min   |   max   |    min    |    max    | min | max |   Type  |
    +---------+---------+-----------+-----------+-----+-----+---------+
    |        4|        4|  40.000 ns|  40.000 ns|    4|    4|       no|
    +---------+---------+-----------+-----------+-----+-----+---------+

    + Detail: 
        * Instance: 
        N/A

        * Loop: 
        +--------------------+---------+---------+----------+-----------+-----------+------+----------+
        |                    |  Latency (cycles) | Iteration|  Initiation Interval  | Trip |          |
        |      Loop Name     |   min   |   max   |  Latency |  achieved |   target  | Count| Pipelined|
        +--------------------+---------+---------+----------+-----------+-----------+------+----------+
        |- VITIS_LOOP_910_1  |        3|        3|         1|          -|          -|     3|        no|
        +--------------------+---------+---------+----------+-----------+-----------+------+----------+

============================================================
+ Verbose Summary: Synthesis Manager
============================================================
InlineROM: 1
ExposeGlobal: 0
============================================================
+ Verbose Summary: CDFG Model
============================================================
IsTopModel: 0
ResetActiveHigh: 1
IsCombinational: 0
IsDatapathOnly: 0
HasWiredReturn: 1
HasMFsm: 0
HasVarLatency: 1
IsPipeline: 0
IsRtlPipelined: 0
IsInstanceOverlapped: 0
IsDontTouch: 0
HasImplIP: 0
IsGatedGlobalClock: 0


============================================================
+ Verbose Summary: Schedule
============================================================
* Number of FSM states : 2
* Pipeline : 0
* Dataflow Pipeline: 0

* FSM state transitions: 
1 --> 2 
2 --> 2 

* FSM state operations: 

State 1 <SV = 0> <Delay = 0.42>
ST_1 : Operation 3 [1/1] (0.00ns)   --->   "%i = alloca i32 1"   --->   Operation 3 'alloca' 'i' <Predicate = true> <Delay = 0.00>
ST_1 : Operation 4 [1/1] (0.00ns)   --->   "%mispredict_mask_read = read i8 @_ssdm_op_Read.ap_auto.i8, i8 %mispredict_mask" [/home/lab_726/boom/hls_boom/src/boom_core_merged.cpp:910]   --->   Operation 4 'read' 'mispredict_mask_read' <Predicate = true> <Delay = 0.00>
ST_1 : Operation 5 [1/1] (0.42ns)   --->   "%store_ln910 = store i2 0, i2 %i" [/home/lab_726/boom/hls_boom/src/boom_core_merged.cpp:910]   --->   Operation 5 'store' 'store_ln910' <Predicate = true> <Delay = 0.42>
ST_1 : Operation 6 [1/1] (0.00ns)   --->   "%br_ln910 = br void" [/home/lab_726/boom/hls_boom/src/boom_core_merged.cpp:910]   --->   Operation 6 'br' 'br_ln910' <Predicate = true> <Delay = 0.00>

State 2 <SV = 1> <Delay = 1.32>
ST_2 : Operation 7 [1/1] (0.00ns)   --->   "%i_34 = load i2 %i" [/home/lab_726/boom/hls_boom/src/boom_core_merged.cpp:910]   --->   Operation 7 'load' 'i_34' <Predicate = true> <Delay = 0.00>
ST_2 : Operation 8 [1/1] (0.44ns)   --->   "%icmp_ln910 = icmp_eq  i2 %i_34, i2 3" [/home/lab_726/boom/hls_boom/src/boom_core_merged.cpp:910]   --->   Operation 8 'icmp' 'icmp_ln910' <Predicate = true> <Delay = 0.44> <CoreInst = "Cmp">   --->   Core 9 'Cmp' <Latency = 0> <II = 1> <Delay = 0.84> <FuncUnit> <Opcode : 'icmp'> <InPorts = 2> <OutPorts = 1>
ST_2 : Operation 9 [1/1] (0.00ns)   --->   "%empty = speclooptripcount i32 @_ssdm_op_SpecLoopTripCount, i64 3, i64 3, i64 3"   --->   Operation 9 'speclooptripcount' 'empty' <Predicate = true> <Delay = 0.00>
ST_2 : Operation 10 [1/1] (0.54ns)   --->   "%add_ln910 = add i2 %i_34, i2 1" [/home/lab_726/boom/hls_boom/src/boom_core_merged.cpp:910]   --->   Operation 10 'add' 'add_ln910' <Predicate = true> <Delay = 0.54> <CoreInst = "Adder">   --->   Core 1 'Adder' <Latency = 0> <II = 1> <Delay = 0.54> <FuncUnit> <Opcode : 'add' 'sub'> <InPorts = 2> <OutPorts = 1>
ST_2 : Operation 11 [1/1] (0.00ns)   --->   "%br_ln910 = br i1 %icmp_ln910, void %.split, void" [/home/lab_726/boom/hls_boom/src/boom_core_merged.cpp:910]   --->   Operation 11 'br' 'br_ln910' <Predicate = true> <Delay = 0.00>
ST_2 : Operation 12 [1/1] (0.00ns)   --->   "%specloopname_ln910 = specloopname void @_ssdm_op_SpecLoopName, void @empty_51" [/home/lab_726/boom/hls_boom/src/boom_core_merged.cpp:910]   --->   Operation 12 'specloopname' 'specloopname_ln910' <Predicate = (!icmp_ln910)> <Delay = 0.00>
ST_2 : Operation 13 [1/1] (0.00ns)   --->   "%state_execute_alu_results_valid_0_load = load i1 %state_execute_alu_results_valid_0" [/home/lab_726/boom/hls_boom/src/boom_core_merged.cpp:911]   --->   Operation 13 'load' 'state_execute_alu_results_valid_0_load' <Predicate = (!icmp_ln910)> <Delay = 0.00>
ST_2 : Operation 14 [1/1] (0.00ns)   --->   "%state_execute_alu_results_valid_1_load = load i1 %state_execute_alu_results_valid_1" [/home/lab_726/boom/hls_boom/src/boom_core_merged.cpp:911]   --->   Operation 14 'load' 'state_execute_alu_results_valid_1_load' <Predicate = (!icmp_ln910)> <Delay = 0.00>
ST_2 : Operation 15 [1/1] (0.47ns)   --->   "%tmp = mux i1 @_ssdm_op_Mux.ap_auto.3i1.i2, i1 %state_execute_alu_results_valid_0_load, i1 %state_execute_alu_results_valid_1_load, i1 0, i2 %i_34" [/home/lab_726/boom/hls_boom/src/boom_core_merged.cpp:911]   --->   Operation 15 'mux' 'tmp' <Predicate = (!icmp_ln910)> <Delay = 0.47> <CoreInst = "Multiplexer">   --->   Core 76 'Multiplexer' <Latency = 0> <II = 1> <Delay = 0.47> <FuncUnit> <Opcode : 'mux'> <InPorts = 2> <OutPorts = 1>
ST_2 : Operation 16 [1/1] (0.00ns)   --->   "%br_ln911 = br i1 %tmp, void %.split._crit_edge, void" [/home/lab_726/boom/hls_boom/src/boom_core_merged.cpp:911]   --->   Operation 16 'br' 'br_ln911' <Predicate = (!icmp_ln910)> <Delay = 0.00>
ST_2 : Operation 17 [1/1] (0.00ns)   --->   "%state_execute_alu_results_uop_branch_br_mask_0_load = load i8 %state_execute_alu_results_uop_branch_br_mask_0" [/home/lab_726/boom/hls_boom/src/boom_core_merged.cpp:819]   --->   Operation 17 'load' 'state_execute_alu_results_uop_branch_br_mask_0_load' <Predicate = (!icmp_ln910 & tmp)> <Delay = 0.00>
ST_2 : Operation 18 [1/1] (0.00ns)   --->   "%state_execute_alu_results_uop_branch_br_mask_1_load = load i8 %state_execute_alu_results_uop_branch_br_mask_1" [/home/lab_726/boom/hls_boom/src/boom_core_merged.cpp:819]   --->   Operation 18 'load' 'state_execute_alu_results_uop_branch_br_mask_1_load' <Predicate = (!icmp_ln910 & tmp)> <Delay = 0.00>
ST_2 : Operation 19 [1/1] (0.00ns)   --->   "%state_execute_alu_results_uop_branch_br_mask_2_load = load i8 %state_execute_alu_results_uop_branch_br_mask_2" [/home/lab_726/boom/hls_boom/src/boom_core_merged.cpp:819]   --->   Operation 19 'load' 'state_execute_alu_results_uop_branch_br_mask_2_load' <Predicate = (!icmp_ln910 & tmp)> <Delay = 0.00>
ST_2 : Operation 20 [1/1] (0.47ns)   --->   "%tmp_s = mux i8 @_ssdm_op_Mux.ap_auto.3i8.i2, i8 %state_execute_alu_results_uop_branch_br_mask_0_load, i8 %state_execute_alu_results_uop_branch_br_mask_1_load, i8 %state_execute_alu_results_uop_branch_br_mask_2_load, i2 %i_34" [/home/lab_726/boom/hls_boom/src/boom_core_merged.cpp:819]   --->   Operation 20 'mux' 'tmp_s' <Predicate = (!icmp_ln910 & tmp)> <Delay = 0.47> <CoreInst = "Multiplexer">   --->   Core 76 'Multiplexer' <Latency = 0> <II = 1> <Delay = 0.47> <FuncUnit> <Opcode : 'mux'> <InPorts = 2> <OutPorts = 1>
ST_2 : Operation 21 [1/1] (0.00ns) (grouped into LUT with out node icmp_ln819)   --->   "%and_ln819 = and i8 %tmp_s, i8 %mispredict_mask_read" [/home/lab_726/boom/hls_boom/src/boom_core_merged.cpp:819]   --->   Operation 21 'and' 'and_ln819' <Predicate = (!icmp_ln910 & tmp)> <Delay = 0.00> <CoreInst = "LogicGate">   --->   Core 74 'LogicGate' <Latency = 0> <II = 1> <Delay = 0.33> <FuncUnit> <Opcode : 'and' 'or' 'xor'> <InPorts = 2> <OutPorts = 1>
ST_2 : Operation 22 [1/1] (0.84ns) (out node of the LUT)   --->   "%icmp_ln819 = icmp_eq  i8 %and_ln819, i8 0" [/home/lab_726/boom/hls_boom/src/boom_core_merged.cpp:819]   --->   Operation 22 'icmp' 'icmp_ln819' <Predicate = (!icmp_ln910 & tmp)> <Delay = 0.84> <CoreInst = "Cmp">   --->   Core 9 'Cmp' <Latency = 0> <II = 1> <Delay = 0.84> <FuncUnit> <Opcode : 'icmp'> <InPorts = 2> <OutPorts = 1>
ST_2 : Operation 23 [1/1] (0.00ns)   --->   "%br_ln911 = br i1 %icmp_ln819, void, void %.split._crit_edge" [/home/lab_726/boom/hls_boom/src/boom_core_merged.cpp:911]   --->   Operation 23 'br' 'br_ln911' <Predicate = (!icmp_ln910 & tmp)> <Delay = 0.00>
ST_2 : Operation 24 [1/1] (0.58ns)   --->   "%switch_ln912 = switch i2 %i_34, void %branch2, i2 0, void %branch0, i2 1, void %branch1" [/home/lab_726/boom/hls_boom/src/boom_core_merged.cpp:912]   --->   Operation 24 'switch' 'switch_ln912' <Predicate = (!icmp_ln910 & tmp & !icmp_ln819)> <Delay = 0.58>
ST_2 : Operation 25 [1/1] (0.00ns)   --->   "%store_ln912 = store i1 0, i1 %state_execute_alu_results_valid_1" [/home/lab_726/boom/hls_boom/src/boom_core_merged.cpp:912]   --->   Operation 25 'store' 'store_ln912' <Predicate = (!icmp_ln910 & tmp & !icmp_ln819 & i_34 == 1)> <Delay = 0.00>
ST_2 : Operation 26 [1/1] (0.00ns)   --->   "%store_ln912 = store i8 0, i8 %state_execute_alu_results_uop_branch_br_mask_1" [/home/lab_726/boom/hls_boom/src/boom_core_merged.cpp:912]   --->   Operation 26 'store' 'store_ln912' <Predicate = (!icmp_ln910 & tmp & !icmp_ln819 & i_34 == 1)> <Delay = 0.00>
ST_2 : Operation 27 [1/1] (0.00ns)   --->   "%br_ln0 = br void"   --->   Operation 27 'br' 'br_ln0' <Predicate = (!icmp_ln910 & tmp & !icmp_ln819 & i_34 == 1)> <Delay = 0.00>
ST_2 : Operation 28 [1/1] (0.00ns)   --->   "%store_ln912 = store i1 0, i1 %state_execute_alu_results_valid_0" [/home/lab_726/boom/hls_boom/src/boom_core_merged.cpp:912]   --->   Operation 28 'store' 'store_ln912' <Predicate = (!icmp_ln910 & tmp & !icmp_ln819 & i_34 == 0)> <Delay = 0.00>
ST_2 : Operation 29 [1/1] (0.00ns)   --->   "%store_ln912 = store i8 0, i8 %state_execute_alu_results_uop_branch_br_mask_0" [/home/lab_726/boom/hls_boom/src/boom_core_merged.cpp:912]   --->   Operation 29 'store' 'store_ln912' <Predicate = (!icmp_ln910 & tmp & !icmp_ln819 & i_34 == 0)> <Delay = 0.00>
ST_2 : Operation 30 [1/1] (0.00ns)   --->   "%br_ln0 = br void"   --->   Operation 30 'br' 'br_ln0' <Predicate = (!icmp_ln910 & tmp & !icmp_ln819 & i_34 == 0)> <Delay = 0.00>
ST_2 : Operation 31 [1/1] (0.00ns)   --->   "%store_ln912 = store i8 0, i8 %state_execute_alu_results_uop_branch_br_mask_2" [/home/lab_726/boom/hls_boom/src/boom_core_merged.cpp:912]   --->   Operation 31 'store' 'store_ln912' <Predicate = (!icmp_ln910 & tmp & !icmp_ln819 & i_34 != 0 & i_34 != 1)> <Delay = 0.00>
ST_2 : Operation 32 [1/1] (0.00ns)   --->   "%br_ln0 = br void"   --->   Operation 32 'br' 'br_ln0' <Predicate = (!icmp_ln910 & tmp & !icmp_ln819 & i_34 != 0 & i_34 != 1)> <Delay = 0.00>
ST_2 : Operation 33 [1/1] (0.58ns)   --->   "%switch_ln912 = switch i2 %i_34, void %branch26, i2 0, void %branch24, i2 1, void %branch25" [/home/lab_726/boom/hls_boom/src/boom_core_merged.cpp:912]   --->   Operation 33 'switch' 'switch_ln912' <Predicate = (!icmp_ln910 & tmp & !icmp_ln819)> <Delay = 0.58>
ST_2 : Operation 34 [1/1] (0.00ns)   --->   "%store_ln912 = store i8 0, i8 %state_execute_alu_results_uop_branch_br_tag_1" [/home/lab_726/boom/hls_boom/src/boom_core_merged.cpp:912]   --->   Operation 34 'store' 'store_ln912' <Predicate = (!icmp_ln910 & tmp & !icmp_ln819 & i_34 == 1)> <Delay = 0.00>
ST_2 : Operation 35 [1/1] (0.00ns)   --->   "%br_ln912 = br void %branch26" [/home/lab_726/boom/hls_boom/src/boom_core_merged.cpp:912]   --->   Operation 35 'br' 'br_ln912' <Predicate = (!icmp_ln910 & tmp & !icmp_ln819 & i_34 == 1)> <Delay = 0.00>
ST_2 : Operation 36 [1/1] (0.00ns)   --->   "%store_ln912 = store i8 0, i8 %state_execute_alu_results_uop_branch_br_tag_0" [/home/lab_726/boom/hls_boom/src/boom_core_merged.cpp:912]   --->   Operation 36 'store' 'store_ln912' <Predicate = (!icmp_ln910 & tmp & !icmp_ln819 & i_34 == 0)> <Delay = 0.00>
ST_2 : Operation 37 [1/1] (0.00ns)   --->   "%br_ln912 = br void %branch26" [/home/lab_726/boom/hls_boom/src/boom_core_merged.cpp:912]   --->   Operation 37 'br' 'br_ln912' <Predicate = (!icmp_ln910 & tmp & !icmp_ln819 & i_34 == 0)> <Delay = 0.00>
ST_2 : Operation 38 [1/1] (0.58ns)   --->   "%switch_ln912 = switch i2 %i_34, void %branch23, i2 0, void %branch21, i2 1, void %branch22" [/home/lab_726/boom/hls_boom/src/boom_core_merged.cpp:912]   --->   Operation 38 'switch' 'switch_ln912' <Predicate = (!icmp_ln910 & tmp & !icmp_ln819)> <Delay = 0.58>
ST_2 : Operation 39 [1/1] (0.00ns)   --->   "%store_ln912 = store i1 0, i1 %state_execute_alu_results_uop_branch_is_br_1" [/home/lab_726/boom/hls_boom/src/boom_core_merged.cpp:912]   --->   Operation 39 'store' 'store_ln912' <Predicate = (!icmp_ln910 & tmp & !icmp_ln819 & i_34 == 1)> <Delay = 0.00>
ST_2 : Operation 40 [1/1] (0.00ns)   --->   "%br_ln912 = br void %branch23" [/home/lab_726/boom/hls_boom/src/boom_core_merged.cpp:912]   --->   Operation 40 'br' 'br_ln912' <Predicate = (!icmp_ln910 & tmp & !icmp_ln819 & i_34 == 1)> <Delay = 0.00>
ST_2 : Operation 41 [1/1] (0.00ns)   --->   "%store_ln912 = store i1 0, i1 %state_execute_alu_results_uop_branch_is_br_0" [/home/lab_726/boom/hls_boom/src/boom_core_merged.cpp:912]   --->   Operation 41 'store' 'store_ln912' <Predicate = (!icmp_ln910 & tmp & !icmp_ln819 & i_34 == 0)> <Delay = 0.00>
ST_2 : Operation 42 [1/1] (0.00ns)   --->   "%br_ln912 = br void %branch23" [/home/lab_726/boom/hls_boom/src/boom_core_merged.cpp:912]   --->   Operation 42 'br' 'br_ln912' <Predicate = (!icmp_ln910 & tmp & !icmp_ln819 & i_34 == 0)> <Delay = 0.00>
ST_2 : Operation 43 [1/1] (0.58ns)   --->   "%switch_ln912 = switch i2 %i_34, void %branch17, i2 0, void %branch15, i2 1, void %branch16" [/home/lab_726/boom/hls_boom/src/boom_core_merged.cpp:912]   --->   Operation 43 'switch' 'switch_ln912' <Predicate = (!icmp_ln910 & tmp & !icmp_ln819)> <Delay = 0.58>
ST_2 : Operation 44 [1/1] (0.00ns)   --->   "%store_ln912 = store i1 0, i1 %state_execute_alu_results_uop_branch_is_jalr_1" [/home/lab_726/boom/hls_boom/src/boom_core_merged.cpp:912]   --->   Operation 44 'store' 'store_ln912' <Predicate = (!icmp_ln910 & tmp & !icmp_ln819 & i_34 == 1)> <Delay = 0.00>
ST_2 : Operation 45 [1/1] (0.00ns)   --->   "%br_ln912 = br void %branch17" [/home/lab_726/boom/hls_boom/src/boom_core_merged.cpp:912]   --->   Operation 45 'br' 'br_ln912' <Predicate = (!icmp_ln910 & tmp & !icmp_ln819 & i_34 == 1)> <Delay = 0.00>
ST_2 : Operation 46 [1/1] (0.00ns)   --->   "%store_ln912 = store i1 0, i1 %state_execute_alu_results_uop_branch_is_jalr_0" [/home/lab_726/boom/hls_boom/src/boom_core_merged.cpp:912]   --->   Operation 46 'store' 'store_ln912' <Predicate = (!icmp_ln910 & tmp & !icmp_ln819 & i_34 == 0)> <Delay = 0.00>
ST_2 : Operation 47 [1/1] (0.00ns)   --->   "%br_ln912 = br void %branch17" [/home/lab_726/boom/hls_boom/src/boom_core_merged.cpp:912]   --->   Operation 47 'br' 'br_ln912' <Predicate = (!icmp_ln910 & tmp & !icmp_ln819 & i_34 == 0)> <Delay = 0.00>
ST_2 : Operation 48 [1/1] (0.58ns)   --->   "%switch_ln912 = switch i2 %i_34, void %branch20, i2 0, void %branch18, i2 1, void %branch19" [/home/lab_726/boom/hls_boom/src/boom_core_merged.cpp:912]   --->   Operation 48 'switch' 'switch_ln912' <Predicate = (!icmp_ln910 & tmp & !icmp_ln819)> <Delay = 0.58>
ST_2 : Operation 49 [1/1] (0.00ns)   --->   "%store_ln912 = store i1 0, i1 %state_execute_alu_results_uop_branch_is_jal_1" [/home/lab_726/boom/hls_boom/src/boom_core_merged.cpp:912]   --->   Operation 49 'store' 'store_ln912' <Predicate = (!icmp_ln910 & tmp & !icmp_ln819 & i_34 == 1)> <Delay = 0.00>
ST_2 : Operation 50 [1/1] (0.00ns)   --->   "%br_ln912 = br void %branch20" [/home/lab_726/boom/hls_boom/src/boom_core_merged.cpp:912]   --->   Operation 50 'br' 'br_ln912' <Predicate = (!icmp_ln910 & tmp & !icmp_ln819 & i_34 == 1)> <Delay = 0.00>
ST_2 : Operation 51 [1/1] (0.00ns)   --->   "%store_ln912 = store i1 0, i1 %state_execute_alu_results_uop_branch_is_jal_0" [/home/lab_726/boom/hls_boom/src/boom_core_merged.cpp:912]   --->   Operation 51 'store' 'store_ln912' <Predicate = (!icmp_ln910 & tmp & !icmp_ln819 & i_34 == 0)> <Delay = 0.00>
ST_2 : Operation 52 [1/1] (0.00ns)   --->   "%br_ln912 = br void %branch20" [/home/lab_726/boom/hls_boom/src/boom_core_merged.cpp:912]   --->   Operation 52 'br' 'br_ln912' <Predicate = (!icmp_ln910 & tmp & !icmp_ln819 & i_34 == 0)> <Delay = 0.00>
ST_2 : Operation 53 [1/1] (0.58ns)   --->   "%switch_ln912 = switch i2 %i_34, void %branch11, i2 0, void %branch9, i2 1, void %branch10" [/home/lab_726/boom/hls_boom/src/boom_core_merged.cpp:912]   --->   Operation 53 'switch' 'switch_ln912' <Predicate = (!icmp_ln910 & tmp & !icmp_ln819)> <Delay = 0.58>
ST_2 : Operation 54 [1/1] (0.00ns)   --->   "%store_ln912 = store i8 0, i8 %state_execute_alu_results_uop_queue_rob_idx_1" [/home/lab_726/boom/hls_boom/src/boom_core_merged.cpp:912]   --->   Operation 54 'store' 'store_ln912' <Predicate = (!icmp_ln910 & tmp & !icmp_ln819 & i_34 == 1)> <Delay = 0.00>
ST_2 : Operation 55 [1/1] (0.00ns)   --->   "%br_ln912 = br void %branch11" [/home/lab_726/boom/hls_boom/src/boom_core_merged.cpp:912]   --->   Operation 55 'br' 'br_ln912' <Predicate = (!icmp_ln910 & tmp & !icmp_ln819 & i_34 == 1)> <Delay = 0.00>
ST_2 : Operation 56 [1/1] (0.00ns)   --->   "%store_ln912 = store i8 0, i8 %state_execute_alu_results_uop_queue_rob_idx_0" [/home/lab_726/boom/hls_boom/src/boom_core_merged.cpp:912]   --->   Operation 56 'store' 'store_ln912' <Predicate = (!icmp_ln910 & tmp & !icmp_ln819 & i_34 == 0)> <Delay = 0.00>
ST_2 : Operation 57 [1/1] (0.00ns)   --->   "%br_ln912 = br void %branch11" [/home/lab_726/boom/hls_boom/src/boom_core_merged.cpp:912]   --->   Operation 57 'br' 'br_ln912' <Predicate = (!icmp_ln910 & tmp & !icmp_ln819 & i_34 == 0)> <Delay = 0.00>
ST_2 : Operation 58 [1/1] (0.58ns)   --->   "%switch_ln912 = switch i2 %i_34, void %branch14, i2 0, void %branch12, i2 1, void %branch13" [/home/lab_726/boom/hls_boom/src/boom_core_merged.cpp:912]   --->   Operation 58 'switch' 'switch_ln912' <Predicate = (!icmp_ln910 & tmp & !icmp_ln819)> <Delay = 0.58>
ST_2 : Operation 59 [1/1] (0.00ns)   --->   "%store_ln912 = store i32 0, i32 %state_execute_alu_results_uop_queue_rob_allocation_id_1" [/home/lab_726/boom/hls_boom/src/boom_core_merged.cpp:912]   --->   Operation 59 'store' 'store_ln912' <Predicate = (!icmp_ln910 & tmp & !icmp_ln819 & i_34 == 1)> <Delay = 0.00>
ST_2 : Operation 60 [1/1] (0.00ns)   --->   "%br_ln912 = br void %branch14" [/home/lab_726/boom/hls_boom/src/boom_core_merged.cpp:912]   --->   Operation 60 'br' 'br_ln912' <Predicate = (!icmp_ln910 & tmp & !icmp_ln819 & i_34 == 1)> <Delay = 0.00>
ST_2 : Operation 61 [1/1] (0.00ns)   --->   "%store_ln912 = store i32 0, i32 %state_execute_alu_results_uop_queue_rob_allocation_id_0" [/home/lab_726/boom/hls_boom/src/boom_core_merged.cpp:912]   --->   Operation 61 'store' 'store_ln912' <Predicate = (!icmp_ln910 & tmp & !icmp_ln819 & i_34 == 0)> <Delay = 0.00>
ST_2 : Operation 62 [1/1] (0.00ns)   --->   "%br_ln912 = br void %branch14" [/home/lab_726/boom/hls_boom/src/boom_core_merged.cpp:912]   --->   Operation 62 'br' 'br_ln912' <Predicate = (!icmp_ln910 & tmp & !icmp_ln819 & i_34 == 0)> <Delay = 0.00>
ST_2 : Operation 63 [1/1] (0.58ns)   --->   "%switch_ln912 = switch i2 %i_34, void %branch5, i2 0, void %branch3, i2 1, void %branch4" [/home/lab_726/boom/hls_boom/src/boom_core_merged.cpp:912]   --->   Operation 63 'switch' 'switch_ln912' <Predicate = (!icmp_ln910 & tmp & !icmp_ln819)> <Delay = 0.58>
ST_2 : Operation 64 [1/1] (0.00ns)   --->   "%store_ln912 = store i8 0, i8 %state_execute_alu_results_uop_rename_pdst_1" [/home/lab_726/boom/hls_boom/src/boom_core_merged.cpp:912]   --->   Operation 64 'store' 'store_ln912' <Predicate = (!icmp_ln910 & tmp & !icmp_ln819 & i_34 == 1)> <Delay = 0.00>
ST_2 : Operation 65 [1/1] (0.00ns)   --->   "%br_ln912 = br void %branch5" [/home/lab_726/boom/hls_boom/src/boom_core_merged.cpp:912]   --->   Operation 65 'br' 'br_ln912' <Predicate = (!icmp_ln910 & tmp & !icmp_ln819 & i_34 == 1)> <Delay = 0.00>
ST_2 : Operation 66 [1/1] (0.00ns)   --->   "%store_ln912 = store i8 0, i8 %state_execute_alu_results_uop_rename_pdst_0" [/home/lab_726/boom/hls_boom/src/boom_core_merged.cpp:912]   --->   Operation 66 'store' 'store_ln912' <Predicate = (!icmp_ln910 & tmp & !icmp_ln819 & i_34 == 0)> <Delay = 0.00>
ST_2 : Operation 67 [1/1] (0.00ns)   --->   "%br_ln912 = br void %branch5" [/home/lab_726/boom/hls_boom/src/boom_core_merged.cpp:912]   --->   Operation 67 'br' 'br_ln912' <Predicate = (!icmp_ln910 & tmp & !icmp_ln819 & i_34 == 0)> <Delay = 0.00>
ST_2 : Operation 68 [1/1] (0.58ns)   --->   "%switch_ln912 = switch i2 %i_34, void %branch8, i2 0, void %branch6, i2 1, void %branch7" [/home/lab_726/boom/hls_boom/src/boom_core_merged.cpp:912]   --->   Operation 68 'switch' 'switch_ln912' <Predicate = (!icmp_ln910 & tmp & !icmp_ln819)> <Delay = 0.58>
ST_2 : Operation 69 [1/1] (0.00ns)   --->   "%store_ln912 = store i8 0, i8 %state_execute_alu_results_uop_rename_dst_rtype_1" [/home/lab_726/boom/hls_boom/src/boom_core_merged.cpp:912]   --->   Operation 69 'store' 'store_ln912' <Predicate = (!icmp_ln910 & tmp & !icmp_ln819 & i_34 == 1)> <Delay = 0.00>
ST_2 : Operation 70 [1/1] (0.00ns)   --->   "%br_ln912 = br void %branch8" [/home/lab_726/boom/hls_boom/src/boom_core_merged.cpp:912]   --->   Operation 70 'br' 'br_ln912' <Predicate = (!icmp_ln910 & tmp & !icmp_ln819 & i_34 == 1)> <Delay = 0.00>
ST_2 : Operation 71 [1/1] (0.00ns)   --->   "%store_ln912 = store i8 0, i8 %state_execute_alu_results_uop_rename_dst_rtype_0" [/home/lab_726/boom/hls_boom/src/boom_core_merged.cpp:912]   --->   Operation 71 'store' 'store_ln912' <Predicate = (!icmp_ln910 & tmp & !icmp_ln819 & i_34 == 0)> <Delay = 0.00>
ST_2 : Operation 72 [1/1] (0.00ns)   --->   "%br_ln912 = br void %branch8" [/home/lab_726/boom/hls_boom/src/boom_core_merged.cpp:912]   --->   Operation 72 'br' 'br_ln912' <Predicate = (!icmp_ln910 & tmp & !icmp_ln819 & i_34 == 0)> <Delay = 0.00>
ST_2 : Operation 73 [1/1] (0.58ns)   --->   "%switch_ln912 = switch i2 %i_34, void %branch66, i2 0, void %branch36, i2 1, void %branch37" [/home/lab_726/boom/hls_boom/src/boom_core_merged.cpp:912]   --->   Operation 73 'switch' 'switch_ln912' <Predicate = (!icmp_ln910 & tmp & !icmp_ln819)> <Delay = 0.58>
ST_2 : Operation 74 [1/1] (0.00ns)   --->   "%store_ln912 = store i64 0, i64 %state_execute_alu_results_result_1" [/home/lab_726/boom/hls_boom/src/boom_core_merged.cpp:912]   --->   Operation 74 'store' 'store_ln912' <Predicate = (!icmp_ln910 & tmp & !icmp_ln819 & i_34 == 1)> <Delay = 0.00>
ST_2 : Operation 75 [1/1] (0.00ns)   --->   "%br_ln912 = br void %branch66" [/home/lab_726/boom/hls_boom/src/boom_core_merged.cpp:912]   --->   Operation 75 'br' 'br_ln912' <Predicate = (!icmp_ln910 & tmp & !icmp_ln819 & i_34 == 1)> <Delay = 0.00>
ST_2 : Operation 76 [1/1] (0.00ns)   --->   "%store_ln912 = store i64 0, i64 %state_execute_alu_results_result_0" [/home/lab_726/boom/hls_boom/src/boom_core_merged.cpp:912]   --->   Operation 76 'store' 'store_ln912' <Predicate = (!icmp_ln910 & tmp & !icmp_ln819 & i_34 == 0)> <Delay = 0.00>
ST_2 : Operation 77 [1/1] (0.00ns)   --->   "%br_ln912 = br void %branch66" [/home/lab_726/boom/hls_boom/src/boom_core_merged.cpp:912]   --->   Operation 77 'br' 'br_ln912' <Predicate = (!icmp_ln910 & tmp & !icmp_ln819 & i_34 == 0)> <Delay = 0.00>
ST_2 : Operation 78 [1/1] (0.58ns)   --->   "%switch_ln912 = switch i2 %i_34, void %branch44, i2 0, void %branch42, i2 1, void %branch43" [/home/lab_726/boom/hls_boom/src/boom_core_merged.cpp:912]   --->   Operation 78 'switch' 'switch_ln912' <Predicate = (!icmp_ln910 & tmp & !icmp_ln819)> <Delay = 0.58>
ST_2 : Operation 79 [1/1] (0.00ns)   --->   "%store_ln912 = store i1 0, i1 %state_execute_alu_results_mispredict_1" [/home/lab_726/boom/hls_boom/src/boom_core_merged.cpp:912]   --->   Operation 79 'store' 'store_ln912' <Predicate = (!icmp_ln910 & tmp & !icmp_ln819 & i_34 == 1)> <Delay = 0.00>
ST_2 : Operation 80 [1/1] (0.00ns)   --->   "%br_ln912 = br void %branch44" [/home/lab_726/boom/hls_boom/src/boom_core_merged.cpp:912]   --->   Operation 80 'br' 'br_ln912' <Predicate = (!icmp_ln910 & tmp & !icmp_ln819 & i_34 == 1)> <Delay = 0.00>
ST_2 : Operation 81 [1/1] (0.00ns)   --->   "%store_ln912 = store i1 0, i1 %state_execute_alu_results_mispredict_0" [/home/lab_726/boom/hls_boom/src/boom_core_merged.cpp:912]   --->   Operation 81 'store' 'store_ln912' <Predicate = (!icmp_ln910 & tmp & !icmp_ln819 & i_34 == 0)> <Delay = 0.00>
ST_2 : Operation 82 [1/1] (0.00ns)   --->   "%br_ln912 = br void %branch44" [/home/lab_726/boom/hls_boom/src/boom_core_merged.cpp:912]   --->   Operation 82 'br' 'br_ln912' <Predicate = (!icmp_ln910 & tmp & !icmp_ln819 & i_34 == 0)> <Delay = 0.00>
ST_2 : Operation 83 [1/1] (0.58ns)   --->   "%switch_ln912 = switch i2 %i_34, void %branch41, i2 0, void %branch39, i2 1, void %branch40" [/home/lab_726/boom/hls_boom/src/boom_core_merged.cpp:912]   --->   Operation 83 'switch' 'switch_ln912' <Predicate = (!icmp_ln910 & tmp & !icmp_ln819)> <Delay = 0.58>
ST_2 : Operation 84 [1/1] (0.00ns)   --->   "%store_ln912 = store i64 0, i64 %state_execute_alu_results_redirect_pc_1" [/home/lab_726/boom/hls_boom/src/boom_core_merged.cpp:912]   --->   Operation 84 'store' 'store_ln912' <Predicate = (!icmp_ln910 & tmp & !icmp_ln819 & i_34 == 1)> <Delay = 0.00>
ST_2 : Operation 85 [1/1] (0.00ns)   --->   "%br_ln912 = br void %branch41" [/home/lab_726/boom/hls_boom/src/boom_core_merged.cpp:912]   --->   Operation 85 'br' 'br_ln912' <Predicate = (!icmp_ln910 & tmp & !icmp_ln819 & i_34 == 1)> <Delay = 0.00>
ST_2 : Operation 86 [1/1] (0.00ns)   --->   "%store_ln912 = store i64 0, i64 %state_execute_alu_results_redirect_pc_0" [/home/lab_726/boom/hls_boom/src/boom_core_merged.cpp:912]   --->   Operation 86 'store' 'store_ln912' <Predicate = (!icmp_ln910 & tmp & !icmp_ln819 & i_34 == 0)> <Delay = 0.00>
ST_2 : Operation 87 [1/1] (0.00ns)   --->   "%br_ln912 = br void %branch41" [/home/lab_726/boom/hls_boom/src/boom_core_merged.cpp:912]   --->   Operation 87 'br' 'br_ln912' <Predicate = (!icmp_ln910 & tmp & !icmp_ln819 & i_34 == 0)> <Delay = 0.00>
ST_2 : Operation 88 [1/1] (0.58ns)   --->   "%switch_ln912 = switch i2 %i_34, void %branch47, i2 0, void %branch45, i2 1, void %branch46" [/home/lab_726/boom/hls_boom/src/boom_core_merged.cpp:912]   --->   Operation 88 'switch' 'switch_ln912' <Predicate = (!icmp_ln910 & tmp & !icmp_ln819)> <Delay = 0.58>
ST_2 : Operation 89 [1/1] (0.00ns)   --->   "%store_ln912 = store i1 0, i1 %state_execute_alu_results_memory_valid_1" [/home/lab_726/boom/hls_boom/src/boom_core_merged.cpp:912]   --->   Operation 89 'store' 'store_ln912' <Predicate = (!icmp_ln910 & tmp & !icmp_ln819 & i_34 == 1)> <Delay = 0.00>
ST_2 : Operation 90 [1/1] (0.00ns)   --->   "%br_ln912 = br void %branch47" [/home/lab_726/boom/hls_boom/src/boom_core_merged.cpp:912]   --->   Operation 90 'br' 'br_ln912' <Predicate = (!icmp_ln910 & tmp & !icmp_ln819 & i_34 == 1)> <Delay = 0.00>
ST_2 : Operation 91 [1/1] (0.00ns)   --->   "%store_ln912 = store i1 0, i1 %state_execute_alu_results_memory_valid_0" [/home/lab_726/boom/hls_boom/src/boom_core_merged.cpp:912]   --->   Operation 91 'store' 'store_ln912' <Predicate = (!icmp_ln910 & tmp & !icmp_ln819 & i_34 == 0)> <Delay = 0.00>
ST_2 : Operation 92 [1/1] (0.00ns)   --->   "%br_ln912 = br void %branch47" [/home/lab_726/boom/hls_boom/src/boom_core_merged.cpp:912]   --->   Operation 92 'br' 'br_ln912' <Predicate = (!icmp_ln910 & tmp & !icmp_ln819 & i_34 == 0)> <Delay = 0.00>
ST_2 : Operation 93 [1/1] (0.58ns)   --->   "%switch_ln912 = switch i2 %i_34, void %branch62, i2 0, void %branch60, i2 1, void %branch61" [/home/lab_726/boom/hls_boom/src/boom_core_merged.cpp:912]   --->   Operation 93 'switch' 'switch_ln912' <Predicate = (!icmp_ln910 & tmp & !icmp_ln819)> <Delay = 0.58>
ST_2 : Operation 94 [1/1] (0.00ns)   --->   "%store_ln912 = store i1 0, i1 %state_execute_alu_results_is_load_1" [/home/lab_726/boom/hls_boom/src/boom_core_merged.cpp:912]   --->   Operation 94 'store' 'store_ln912' <Predicate = (!icmp_ln910 & tmp & !icmp_ln819 & i_34 == 1)> <Delay = 0.00>
ST_2 : Operation 95 [1/1] (0.00ns)   --->   "%br_ln912 = br void %branch62" [/home/lab_726/boom/hls_boom/src/boom_core_merged.cpp:912]   --->   Operation 95 'br' 'br_ln912' <Predicate = (!icmp_ln910 & tmp & !icmp_ln819 & i_34 == 1)> <Delay = 0.00>
ST_2 : Operation 96 [1/1] (0.00ns)   --->   "%store_ln912 = store i1 0, i1 %state_execute_alu_results_is_load_0" [/home/lab_726/boom/hls_boom/src/boom_core_merged.cpp:912]   --->   Operation 96 'store' 'store_ln912' <Predicate = (!icmp_ln910 & tmp & !icmp_ln819 & i_34 == 0)> <Delay = 0.00>
ST_2 : Operation 97 [1/1] (0.00ns)   --->   "%br_ln912 = br void %branch62" [/home/lab_726/boom/hls_boom/src/boom_core_merged.cpp:912]   --->   Operation 97 'br' 'br_ln912' <Predicate = (!icmp_ln910 & tmp & !icmp_ln819 & i_34 == 0)> <Delay = 0.00>
ST_2 : Operation 98 [1/1] (0.58ns)   --->   "%switch_ln912 = switch i2 %i_34, void %branch59, i2 0, void %branch57, i2 1, void %branch58" [/home/lab_726/boom/hls_boom/src/boom_core_merged.cpp:912]   --->   Operation 98 'switch' 'switch_ln912' <Predicate = (!icmp_ln910 & tmp & !icmp_ln819)> <Delay = 0.58>
ST_2 : Operation 99 [1/1] (0.00ns)   --->   "%store_ln912 = store i1 0, i1 %state_execute_alu_results_is_store_1" [/home/lab_726/boom/hls_boom/src/boom_core_merged.cpp:912]   --->   Operation 99 'store' 'store_ln912' <Predicate = (!icmp_ln910 & tmp & !icmp_ln819 & i_34 == 1)> <Delay = 0.00>
ST_2 : Operation 100 [1/1] (0.00ns)   --->   "%br_ln912 = br void %branch59" [/home/lab_726/boom/hls_boom/src/boom_core_merged.cpp:912]   --->   Operation 100 'br' 'br_ln912' <Predicate = (!icmp_ln910 & tmp & !icmp_ln819 & i_34 == 1)> <Delay = 0.00>
ST_2 : Operation 101 [1/1] (0.00ns)   --->   "%store_ln912 = store i1 0, i1 %state_execute_alu_results_is_store_0" [/home/lab_726/boom/hls_boom/src/boom_core_merged.cpp:912]   --->   Operation 101 'store' 'store_ln912' <Predicate = (!icmp_ln910 & tmp & !icmp_ln819 & i_34 == 0)> <Delay = 0.00>
ST_2 : Operation 102 [1/1] (0.00ns)   --->   "%br_ln912 = br void %branch59" [/home/lab_726/boom/hls_boom/src/boom_core_merged.cpp:912]   --->   Operation 102 'br' 'br_ln912' <Predicate = (!icmp_ln910 & tmp & !icmp_ln819 & i_34 == 0)> <Delay = 0.00>
ST_2 : Operation 103 [1/1] (0.58ns)   --->   "%switch_ln912 = switch i2 %i_34, void %branch35, i2 0, void %branch33, i2 1, void %branch34" [/home/lab_726/boom/hls_boom/src/boom_core_merged.cpp:912]   --->   Operation 103 'switch' 'switch_ln912' <Predicate = (!icmp_ln910 & tmp & !icmp_ln819)> <Delay = 0.58>
ST_2 : Operation 104 [1/1] (0.00ns)   --->   "%store_ln912 = store i1 0, i1 %state_execute_alu_results_signed_load_1" [/home/lab_726/boom/hls_boom/src/boom_core_merged.cpp:912]   --->   Operation 104 'store' 'store_ln912' <Predicate = (!icmp_ln910 & tmp & !icmp_ln819 & i_34 == 1)> <Delay = 0.00>
ST_2 : Operation 105 [1/1] (0.00ns)   --->   "%br_ln912 = br void %branch35" [/home/lab_726/boom/hls_boom/src/boom_core_merged.cpp:912]   --->   Operation 105 'br' 'br_ln912' <Predicate = (!icmp_ln910 & tmp & !icmp_ln819 & i_34 == 1)> <Delay = 0.00>
ST_2 : Operation 106 [1/1] (0.00ns)   --->   "%store_ln912 = store i1 0, i1 %state_execute_alu_results_signed_load_0" [/home/lab_726/boom/hls_boom/src/boom_core_merged.cpp:912]   --->   Operation 106 'store' 'store_ln912' <Predicate = (!icmp_ln910 & tmp & !icmp_ln819 & i_34 == 0)> <Delay = 0.00>
ST_2 : Operation 107 [1/1] (0.00ns)   --->   "%br_ln912 = br void %branch35" [/home/lab_726/boom/hls_boom/src/boom_core_merged.cpp:912]   --->   Operation 107 'br' 'br_ln912' <Predicate = (!icmp_ln910 & tmp & !icmp_ln819 & i_34 == 0)> <Delay = 0.00>
ST_2 : Operation 108 [1/1] (0.58ns)   --->   "%switch_ln912 = switch i2 %i_34, void %branch56, i2 0, void %branch54, i2 1, void %branch55" [/home/lab_726/boom/hls_boom/src/boom_core_merged.cpp:912]   --->   Operation 108 'switch' 'switch_ln912' <Predicate = (!icmp_ln910 & tmp & !icmp_ln819)> <Delay = 0.58>
ST_2 : Operation 109 [1/1] (0.00ns)   --->   "%store_ln912 = store i64 0, i64 %state_execute_alu_results_memory_address_1" [/home/lab_726/boom/hls_boom/src/boom_core_merged.cpp:912]   --->   Operation 109 'store' 'store_ln912' <Predicate = (!icmp_ln910 & tmp & !icmp_ln819 & i_34 == 1)> <Delay = 0.00>
ST_2 : Operation 110 [1/1] (0.00ns)   --->   "%br_ln912 = br void %branch56" [/home/lab_726/boom/hls_boom/src/boom_core_merged.cpp:912]   --->   Operation 110 'br' 'br_ln912' <Predicate = (!icmp_ln910 & tmp & !icmp_ln819 & i_34 == 1)> <Delay = 0.00>
ST_2 : Operation 111 [1/1] (0.00ns)   --->   "%store_ln912 = store i64 0, i64 %state_execute_alu_results_memory_address_0" [/home/lab_726/boom/hls_boom/src/boom_core_merged.cpp:912]   --->   Operation 111 'store' 'store_ln912' <Predicate = (!icmp_ln910 & tmp & !icmp_ln819 & i_34 == 0)> <Delay = 0.00>
ST_2 : Operation 112 [1/1] (0.00ns)   --->   "%br_ln912 = br void %branch56" [/home/lab_726/boom/hls_boom/src/boom_core_merged.cpp:912]   --->   Operation 112 'br' 'br_ln912' <Predicate = (!icmp_ln910 & tmp & !icmp_ln819 & i_34 == 0)> <Delay = 0.00>
ST_2 : Operation 113 [1/1] (0.58ns)   --->   "%switch_ln912 = switch i2 %i_34, void %branch32, i2 0, void %branch30, i2 1, void %branch31" [/home/lab_726/boom/hls_boom/src/boom_core_merged.cpp:912]   --->   Operation 113 'switch' 'switch_ln912' <Predicate = (!icmp_ln910 & tmp & !icmp_ln819)> <Delay = 0.58>
ST_2 : Operation 114 [1/1] (0.00ns)   --->   "%store_ln912 = store i64 0, i64 %state_execute_alu_results_store_data_1" [/home/lab_726/boom/hls_boom/src/boom_core_merged.cpp:912]   --->   Operation 114 'store' 'store_ln912' <Predicate = (!icmp_ln910 & tmp & !icmp_ln819 & i_34 == 1)> <Delay = 0.00>
ST_2 : Operation 115 [1/1] (0.00ns)   --->   "%br_ln912 = br void %branch32" [/home/lab_726/boom/hls_boom/src/boom_core_merged.cpp:912]   --->   Operation 115 'br' 'br_ln912' <Predicate = (!icmp_ln910 & tmp & !icmp_ln819 & i_34 == 1)> <Delay = 0.00>
ST_2 : Operation 116 [1/1] (0.00ns)   --->   "%store_ln912 = store i64 0, i64 %state_execute_alu_results_store_data_0" [/home/lab_726/boom/hls_boom/src/boom_core_merged.cpp:912]   --->   Operation 116 'store' 'store_ln912' <Predicate = (!icmp_ln910 & tmp & !icmp_ln819 & i_34 == 0)> <Delay = 0.00>
ST_2 : Operation 117 [1/1] (0.00ns)   --->   "%br_ln912 = br void %branch32" [/home/lab_726/boom/hls_boom/src/boom_core_merged.cpp:912]   --->   Operation 117 'br' 'br_ln912' <Predicate = (!icmp_ln910 & tmp & !icmp_ln819 & i_34 == 0)> <Delay = 0.00>
ST_2 : Operation 118 [1/1] (0.58ns)   --->   "%switch_ln912 = switch i2 %i_34, void %branch53, i2 0, void %branch51, i2 1, void %branch52" [/home/lab_726/boom/hls_boom/src/boom_core_merged.cpp:912]   --->   Operation 118 'switch' 'switch_ln912' <Predicate = (!icmp_ln910 & tmp & !icmp_ln819)> <Delay = 0.58>
ST_2 : Operation 119 [1/1] (0.00ns)   --->   "%store_ln912 = store i5 0, i5 %state_execute_alu_results_memory_mask_1" [/home/lab_726/boom/hls_boom/src/boom_core_merged.cpp:912]   --->   Operation 119 'store' 'store_ln912' <Predicate = (!icmp_ln910 & tmp & !icmp_ln819 & i_34 == 1)> <Delay = 0.00>
ST_2 : Operation 120 [1/1] (0.00ns)   --->   "%br_ln912 = br void %branch53" [/home/lab_726/boom/hls_boom/src/boom_core_merged.cpp:912]   --->   Operation 120 'br' 'br_ln912' <Predicate = (!icmp_ln910 & tmp & !icmp_ln819 & i_34 == 1)> <Delay = 0.00>
ST_2 : Operation 121 [1/1] (0.00ns)   --->   "%store_ln912 = store i5 0, i5 %state_execute_alu_results_memory_mask_0" [/home/lab_726/boom/hls_boom/src/boom_core_merged.cpp:912]   --->   Operation 121 'store' 'store_ln912' <Predicate = (!icmp_ln910 & tmp & !icmp_ln819 & i_34 == 0)> <Delay = 0.00>
ST_2 : Operation 122 [1/1] (0.00ns)   --->   "%br_ln912 = br void %branch53" [/home/lab_726/boom/hls_boom/src/boom_core_merged.cpp:912]   --->   Operation 122 'br' 'br_ln912' <Predicate = (!icmp_ln910 & tmp & !icmp_ln819 & i_34 == 0)> <Delay = 0.00>
ST_2 : Operation 123 [1/1] (0.58ns)   --->   "%switch_ln912 = switch i2 %i_34, void %branch50, i2 0, void %branch48, i2 1, void %branch49" [/home/lab_726/boom/hls_boom/src/boom_core_merged.cpp:912]   --->   Operation 123 'switch' 'switch_ln912' <Predicate = (!icmp_ln910 & tmp & !icmp_ln819)> <Delay = 0.58>
ST_2 : Operation 124 [1/1] (0.00ns)   --->   "%store_ln912 = store i8 0, i8 %state_execute_alu_results_memory_size_1" [/home/lab_726/boom/hls_boom/src/boom_core_merged.cpp:912]   --->   Operation 124 'store' 'store_ln912' <Predicate = (!icmp_ln910 & tmp & !icmp_ln819 & i_34 == 1)> <Delay = 0.00>
ST_2 : Operation 125 [1/1] (0.00ns)   --->   "%br_ln912 = br void %branch50" [/home/lab_726/boom/hls_boom/src/boom_core_merged.cpp:912]   --->   Operation 125 'br' 'br_ln912' <Predicate = (!icmp_ln910 & tmp & !icmp_ln819 & i_34 == 1)> <Delay = 0.00>
ST_2 : Operation 126 [1/1] (0.00ns)   --->   "%store_ln912 = store i8 0, i8 %state_execute_alu_results_memory_size_0" [/home/lab_726/boom/hls_boom/src/boom_core_merged.cpp:912]   --->   Operation 126 'store' 'store_ln912' <Predicate = (!icmp_ln910 & tmp & !icmp_ln819 & i_34 == 0)> <Delay = 0.00>
ST_2 : Operation 127 [1/1] (0.00ns)   --->   "%br_ln912 = br void %branch50" [/home/lab_726/boom/hls_boom/src/boom_core_merged.cpp:912]   --->   Operation 127 'br' 'br_ln912' <Predicate = (!icmp_ln910 & tmp & !icmp_ln819 & i_34 == 0)> <Delay = 0.00>
ST_2 : Operation 128 [1/1] (0.00ns)   --->   "%br_ln913 = br void %.split._crit_edge" [/home/lab_726/boom/hls_boom/src/boom_core_merged.cpp:913]   --->   Operation 128 'br' 'br_ln913' <Predicate = (!icmp_ln910 & tmp & !icmp_ln819)> <Delay = 0.00>
ST_2 : Operation 129 [1/1] (0.42ns)   --->   "%store_ln910 = store i2 %add_ln910, i2 %i" [/home/lab_726/boom/hls_boom/src/boom_core_merged.cpp:910]   --->   Operation 129 'store' 'store_ln910' <Predicate = (!icmp_ln910)> <Delay = 0.42>
ST_2 : Operation 130 [1/1] (0.00ns)   --->   "%br_ln0 = br void"   --->   Operation 130 'br' 'br_ln0' <Predicate = (!icmp_ln910)> <Delay = 0.00>
ST_2 : Operation 131 [1/1] (0.00ns)   --->   "%ret_ln915 = ret" [/home/lab_726/boom/hls_boom/src/boom_core_merged.cpp:915]   --->   Operation 131 'ret' 'ret_ln915' <Predicate = (icmp_ln910)> <Delay = 0.00>


============================================================
+ Verbose Summary: Timing violations
============================================================
Target clock period: 10ns, clock uncertainty: 2.7ns.

 <State 1>: 0.427ns
The critical path consists of the following:
	'alloca' operation ('i') [45]  (0 ns)
	'store' operation ('store_ln910', /home/lab_726/boom/hls_boom/src/boom_core_merged.cpp:910) of constant 0 on local variable 'i' [47]  (0.427 ns)

 <State 2>: 1.32ns
The critical path consists of the following:
	'load' operation ('i', /home/lab_726/boom/hls_boom/src/boom_core_merged.cpp:910) on local variable 'i' [50]  (0 ns)
	'mux' operation ('tmp_s', /home/lab_726/boom/hls_boom/src/boom_core_merged.cpp:819) [65]  (0.476 ns)
	'and' operation ('and_ln819', /home/lab_726/boom/hls_boom/src/boom_core_merged.cpp:819) [66]  (0 ns)
	'icmp' operation ('icmp_ln819', /home/lab_726/boom/hls_boom/src/boom_core_merged.cpp:819) [67]  (0.849 ns)


============================================================
+ Verbose Summary: Binding
============================================================
N/A
* FSMD analyzer results:
  - Output states:
 - Input state : 
  - Chain level:
	State 1
	State 2


============================================================
+ Verbose Summary: Datapath Resource usage 
============================================================
N/A
