

================================================================
== Vitis HLS Report for 'lsu_module'
================================================================
* Date:           Fri Jul 31 19:23:23 2026

* Version:        2021.2 (Build 3367213 on Tue Oct 19 02:47:39 MDT 2021)
* Project:        boom_core_top
* Solution:       solution_w3_csynth (Vivado IP Flow Target)
* Product family: zynquplus
* Target device:  xczu7ev-ffvc1156-2-e


================================================================
== Performance Estimates
================================================================
+ Timing: 
    * Summary: 
    +--------+----------+----------+------------+
    |  Clock |  Target  | Estimated| Uncertainty|
    +--------+----------+----------+------------+
    |ap_clk  |  10.00 ns|  5.898 ns|     2.70 ns|
    +--------+----------+----------+------------+

+ Latency: 
    * Summary: 
    +---------+---------+----------+----------+-----+-----+---------+
    |  Latency (cycles) |  Latency (absolute) |  Interval | Pipeline|
    |   min   |   max   |    min   |    max   | min | max |   Type  |
    +---------+---------+----------+----------+-----+-----+---------+
    |        ?|        ?|         ?|         ?|    ?|    ?|       no|
    +---------+---------+----------+----------+-----+-----+---------+

    + Detail: 
        * Instance: 
        N/A

        * Loop: 
        +-----------------------+---------+---------+----------+-----------+-----------+--------+----------+
        |                       |  Latency (cycles) | Iteration|  Initiation Interval  |  Trip  |          |
        |       Loop Name       |   min   |   max   |  Latency |  achieved |   target  |  Count | Pipelined|
        +-----------------------+---------+---------+----------+-----------+-----------+--------+----------+
        |- LSU_LOAD_ISSUE_SCAN  |        6|     3458|   6 ~ 108|          -|          -|  1 ~ 32|        no|
        +-----------------------+---------+---------+----------+-----------+-----------+--------+----------+

============================================================
+ Verbose Summary: Synthesis Manager
============================================================
InlineROM: 1
ExposeGlobal: 0
============================================================
+ Verbose Summary: CDFG Model
============================================================
IsTopModel: 0
ResetActiveHigh: 1
IsCombinational: 0
IsDatapathOnly: 0
HasWiredReturn: 1
HasMFsm: 0
HasVarLatency: 1
IsPipeline: 0
IsRtlPipelined: 0
IsInstanceOverlapped: 0
IsDontTouch: 0
HasImplIP: 0
IsGatedGlobalClock: 0


============================================================
+ Verbose Summary: Schedule
============================================================
* Number of FSM states : 11
* Pipeline : 0
* Dataflow Pipeline: 0

* FSM state transitions: 
1 --> 8 2 
2 --> 3 7 
3 --> 4 7 
4 --> 5 7 
5 --> 6 7 
6 --> 7 
7 --> 8 
8 --> 9 
9 --> 10 11 
10 --> 11 
11 --> 9 

* FSM state operations: 

State 1 <SV = 0> <Delay = 3.40>
ST_1 : Operation 12 [1/1] (0.00ns)   --->   "%specinterface_ln0 = specinterface void @_ssdm_op_SpecInterface, i283 %pipe_2, void @empty_45, i32 0, i32 0, void @empty_9, i32 0, i32 0, void @empty_9, void @empty_9, void @empty_9, i32 0, i32 0, i32 0, i32 0, void @empty_9, void @empty_9"   --->   Operation 12 'specinterface' 'specinterface_ln0' <Predicate = true> <Delay = 0.00>
ST_1 : Operation 13 [1/1] (0.00ns)   --->   "%specinterface_ln0 = specinterface void @_ssdm_op_SpecInterface, i289 %pipe_3, void @empty_45, i32 0, i32 0, void @empty_9, i32 0, i32 0, void @empty_9, void @empty_9, void @empty_9, i32 0, i32 0, i32 0, i32 0, void @empty_9, void @empty_9"   --->   Operation 13 'specinterface' 'specinterface_ln0' <Predicate = true> <Delay = 0.00>
ST_1 : Operation 14 [1/1] (0.00ns)   --->   "%tmp = nbreadreq i1 @_ssdm_op_NbReadReq.ap_fifo.i289P0A, i289 %pipe_3, i32 1" [/home/lab_726/Xilinx/Vitis_HLS/2021.2/common/technology/autopilot/hls_stream_39.h:135]   --->   Operation 14 'nbreadreq' 'tmp' <Predicate = true> <Delay = 0.00> <CoreInst = "FIFO_SRL">   --->   Core 81 'FIFO_SRL' <Latency = 0> <II = 1> <Delay = 1.83> <Storage> <Opcode : 'read' 'write' 'nbread' 'nbwrite'> <Ports = 0> <Width = 289> <Depth = 2> <FIFO>
ST_1 : Operation 15 [1/1] (0.00ns)   --->   "%br_ln1264 = br i1 %tmp, void %._crit_edge, void" [/home/lab_726/boom/hls_boom/src/boom_core_merged.cpp:1264]   --->   Operation 15 'br' 'br_ln1264' <Predicate = true> <Delay = 0.00>
ST_1 : Operation 16 [1/1] (1.83ns)   --->   "%pipe_3_read = read i289 @_ssdm_op_Read.ap_fifo.volatile.i289P0A, i289 %pipe_3" [/home/lab_726/Xilinx/Vitis_HLS/2021.2/common/technology/autopilot/hls_stream_39.h:144]   --->   Operation 16 'read' 'pipe_3_read' <Predicate = (tmp)> <Delay = 1.83> <CoreInst = "FIFO_SRL">   --->   Core 81 'FIFO_SRL' <Latency = 0> <II = 1> <Delay = 1.83> <Storage> <Opcode : 'read' 'write' 'nbread' 'nbwrite'> <Ports = 0> <Width = 289> <Depth = 2> <FIFO>
ST_1 : Operation 17 [1/1] (0.00ns)   --->   "%resp_transaction_id = trunc i289 %pipe_3_read" [/home/lab_726/Xilinx/Vitis_HLS/2021.2/common/technology/autopilot/hls_stream_39.h:144]   --->   Operation 17 'trunc' 'resp_transaction_id' <Predicate = (tmp)> <Delay = 0.00>
ST_1 : Operation 18 [1/1] (0.00ns)   --->   "%resp_data = partselect i64 @_ssdm_op_PartSelect.i64.i289.i32.i32, i289 %pipe_3_read, i32 32, i32 95" [/home/lab_726/Xilinx/Vitis_HLS/2021.2/common/technology/autopilot/hls_stream_39.h:144]   --->   Operation 18 'partselect' 'resp_data' <Predicate = (tmp)> <Delay = 0.00>
ST_1 : Operation 19 [1/1] (0.00ns)   --->   "%resp_read_data = partselect i64 @_ssdm_op_PartSelect.i64.i289.i32.i32, i289 %pipe_3_read, i32 96, i32 159" [/home/lab_726/Xilinx/Vitis_HLS/2021.2/common/technology/autopilot/hls_stream_39.h:144]   --->   Operation 19 'partselect' 'resp_read_data' <Predicate = (tmp)> <Delay = 0.00>
ST_1 : Operation 20 [1/1] (0.00ns)   --->   "%resp_exception = bitselect i1 @_ssdm_op_BitSelect.i1.i289.i32, i289 %pipe_3_read, i32 160" [/home/lab_726/Xilinx/Vitis_HLS/2021.2/common/technology/autopilot/hls_stream_39.h:144]   --->   Operation 20 'bitselect' 'resp_exception' <Predicate = (tmp)> <Delay = 0.00>
ST_1 : Operation 21 [1/1] (0.00ns)   --->   "%state_lsu_load = load i1 %state_lsu_load_response_pending" [/home/lab_726/boom/hls_boom/src/boom_core_merged.cpp:1267]   --->   Operation 21 'load' 'state_lsu_load' <Predicate = (tmp)> <Delay = 0.00>
ST_1 : Operation 22 [1/1] (0.00ns)   --->   "%state_lsu_pending_load_transaction_id_load = load i32 %state_lsu_pending_load_transaction_id" [/home/lab_726/boom/hls_boom/src/boom_core_merged.cpp:1267]   --->   Operation 22 'load' 'state_lsu_pending_load_transaction_id_load' <Predicate = (tmp)> <Delay = 0.00>
ST_1 : Operation 23 [1/1] (0.99ns)   --->   "%icmp_ln1267 = icmp_eq  i32 %resp_transaction_id, i32 %state_lsu_pending_load_transaction_id_load" [/home/lab_726/boom/hls_boom/src/boom_core_merged.cpp:1267]   --->   Operation 23 'icmp' 'icmp_ln1267' <Predicate = (tmp)> <Delay = 0.99> <CoreInst = "Cmp">   --->   Core 9 'Cmp' <Latency = 0> <II = 1> <Delay = 0.78> <FuncUnit> <Opcode : 'icmp'> <InPorts = 2> <OutPorts = 1>
ST_1 : Operation 24 [1/1] (0.28ns)   --->   "%and_ln1267 = and i1 %state_lsu_load, i1 %icmp_ln1267" [/home/lab_726/boom/hls_boom/src/boom_core_merged.cpp:1267]   --->   Operation 24 'and' 'and_ln1267' <Predicate = (tmp)> <Delay = 0.28> <CoreInst = "LogicGate">   --->   Core 74 'LogicGate' <Latency = 0> <II = 1> <Delay = 0.28> <FuncUnit> <Opcode : 'and' 'or' 'xor'> <InPorts = 2> <OutPorts = 1>
ST_1 : Operation 25 [1/1] (0.00ns)   --->   "%br_ln1267 = br i1 %and_ln1267, void %._crit_edge2, void" [/home/lab_726/boom/hls_boom/src/boom_core_merged.cpp:1267]   --->   Operation 25 'br' 'br_ln1267' <Predicate = (tmp)> <Delay = 0.00>
ST_1 : Operation 26 [1/1] (0.00ns)   --->   "%rob_idx = load i5 %state_lsu_pending_load_rob_idx" [/home/lab_726/boom/hls_boom/src/boom_core_merged.cpp:1268]   --->   Operation 26 'load' 'rob_idx' <Predicate = (tmp & and_ln1267)> <Delay = 0.00>
ST_1 : Operation 27 [1/1] (0.00ns)   --->   "%zext_ln1271 = zext i5 %rob_idx" [/home/lab_726/boom/hls_boom/src/boom_core_merged.cpp:1271]   --->   Operation 27 'zext' 'zext_ln1271' <Predicate = (tmp & and_ln1267)> <Delay = 0.00>
ST_1 : Operation 28 [1/1] (0.00ns)   --->   "%state_rob_entries_valid_addr = getelementptr i1 %state_rob_entries_valid, i64 0, i64 %zext_ln1271" [/home/lab_726/boom/hls_boom/src/boom_core_merged.cpp:1272]   --->   Operation 28 'getelementptr' 'state_rob_entries_valid_addr' <Predicate = (tmp & and_ln1267)> <Delay = 0.00>
ST_1 : Operation 29 [2/2] (0.67ns)   --->   "%state_rob_entries_valid_load = load i5 %state_rob_entries_valid_addr" [/home/lab_726/boom/hls_boom/src/boom_core_merged.cpp:1272]   --->   Operation 29 'load' 'state_rob_entries_valid_load' <Predicate = (tmp & and_ln1267)> <Delay = 0.67> <CoreInst = "RAM">   --->   Core 83 'RAM' <Latency = 1> <II = 1> <Delay = 0.67> <Storage> <Opcode : 'load' 'store'> <Ports = 2> <Width = 1> <Depth = 32> <RAM>

State 2 <SV = 1> <Delay = 0.67>
ST_2 : Operation 30 [1/1] (0.00ns)   --->   "%allocation_id = load i32 %state_lsu_pending_load_allocation_id" [/home/lab_726/boom/hls_boom/src/boom_core_merged.cpp:1269]   --->   Operation 30 'load' 'allocation_id' <Predicate = true> <Delay = 0.00>
ST_2 : Operation 31 [1/2] (0.67ns)   --->   "%state_rob_entries_valid_load = load i5 %state_rob_entries_valid_addr" [/home/lab_726/boom/hls_boom/src/boom_core_merged.cpp:1272]   --->   Operation 31 'load' 'state_rob_entries_valid_load' <Predicate = true> <Delay = 0.67> <CoreInst = "RAM">   --->   Core 83 'RAM' <Latency = 1> <II = 1> <Delay = 0.67> <Storage> <Opcode : 'load' 'store'> <Ports = 2> <Width = 1> <Depth = 32> <RAM>
ST_2 : Operation 32 [1/1] (0.00ns)   --->   "%br_ln1272 = br i1 %state_rob_entries_valid_load, void %._crit_edge3, void" [/home/lab_726/boom/hls_boom/src/boom_core_merged.cpp:1272]   --->   Operation 32 'br' 'br_ln1272' <Predicate = true> <Delay = 0.00>
ST_2 : Operation 33 [1/1] (0.00ns)   --->   "%state_rob_entries_is_load_addr = getelementptr i1 %state_rob_entries_is_load, i64 0, i64 %zext_ln1271" [/home/lab_726/boom/hls_boom/src/boom_core_merged.cpp:1272]   --->   Operation 33 'getelementptr' 'state_rob_entries_is_load_addr' <Predicate = (state_rob_entries_valid_load)> <Delay = 0.00>
ST_2 : Operation 34 [2/2] (0.67ns)   --->   "%state_rob_entries_is_load_load = load i5 %state_rob_entries_is_load_addr" [/home/lab_726/boom/hls_boom/src/boom_core_merged.cpp:1272]   --->   Operation 34 'load' 'state_rob_entries_is_load_load' <Predicate = (state_rob_entries_valid_load)> <Delay = 0.67> <CoreInst = "RAM">   --->   Core 83 'RAM' <Latency = 1> <II = 1> <Delay = 0.67> <Storage> <Opcode : 'load' 'store'> <Ports = 2> <Width = 1> <Depth = 32> <RAM>

State 3 <SV = 2> <Delay = 0.67>
ST_3 : Operation 35 [1/2] (0.67ns)   --->   "%state_rob_entries_is_load_load = load i5 %state_rob_entries_is_load_addr" [/home/lab_726/boom/hls_boom/src/boom_core_merged.cpp:1272]   --->   Operation 35 'load' 'state_rob_entries_is_load_load' <Predicate = true> <Delay = 0.67> <CoreInst = "RAM">   --->   Core 83 'RAM' <Latency = 1> <II = 1> <Delay = 0.67> <Storage> <Opcode : 'load' 'store'> <Ports = 2> <Width = 1> <Depth = 32> <RAM>
ST_3 : Operation 36 [1/1] (0.00ns)   --->   "%br_ln1272 = br i1 %state_rob_entries_is_load_load, void %._crit_edge3, void" [/home/lab_726/boom/hls_boom/src/boom_core_merged.cpp:1272]   --->   Operation 36 'br' 'br_ln1272' <Predicate = true> <Delay = 0.00>
ST_3 : Operation 37 [1/1] (0.00ns)   --->   "%state_rob_entries_memory_request_sent_addr = getelementptr i1 %state_rob_entries_memory_request_sent, i64 0, i64 %zext_ln1271" [/home/lab_726/boom/hls_boom/src/boom_core_merged.cpp:1272]   --->   Operation 37 'getelementptr' 'state_rob_entries_memory_request_sent_addr' <Predicate = (state_rob_entries_is_load_load)> <Delay = 0.00>
ST_3 : Operation 38 [2/2] (0.67ns)   --->   "%state_rob_entries_memory_request_sent_load = load i5 %state_rob_entries_memory_request_sent_addr" [/home/lab_726/boom/hls_boom/src/boom_core_merged.cpp:1272]   --->   Operation 38 'load' 'state_rob_entries_memory_request_sent_load' <Predicate = (state_rob_entries_is_load_load)> <Delay = 0.67> <CoreInst = "RAM">   --->   Core 83 'RAM' <Latency = 1> <II = 1> <Delay = 0.67> <Storage> <Opcode : 'load' 'store'> <Ports = 2> <Width = 1> <Depth = 32> <RAM>

State 4 <SV = 3> <Delay = 1.23>
ST_4 : Operation 39 [1/2] (0.67ns)   --->   "%state_rob_entries_memory_request_sent_load = load i5 %state_rob_entries_memory_request_sent_addr" [/home/lab_726/boom/hls_boom/src/boom_core_merged.cpp:1272]   --->   Operation 39 'load' 'state_rob_entries_memory_request_sent_load' <Predicate = true> <Delay = 0.67> <CoreInst = "RAM">   --->   Core 83 'RAM' <Latency = 1> <II = 1> <Delay = 0.67> <Storage> <Opcode : 'load' 'store'> <Ports = 2> <Width = 1> <Depth = 32> <RAM>
ST_4 : Operation 40 [1/1] (0.00ns)   --->   "%br_ln1272 = br i1 %state_rob_entries_memory_request_sent_load, void %._crit_edge3, void" [/home/lab_726/boom/hls_boom/src/boom_core_merged.cpp:1272]   --->   Operation 40 'br' 'br_ln1272' <Predicate = true> <Delay = 0.00>
ST_4 : Operation 41 [1/1] (0.00ns)   --->   "%state_rob_entries_uop_queue_rob_allocation_id_addr = getelementptr i32 %state_rob_entries_uop_queue_rob_allocation_id, i64 0, i64 %zext_ln1271" [/home/lab_726/boom/hls_boom/src/boom_core_merged.cpp:1273]   --->   Operation 41 'getelementptr' 'state_rob_entries_uop_queue_rob_allocation_id_addr' <Predicate = (state_rob_entries_memory_request_sent_load)> <Delay = 0.00>
ST_4 : Operation 42 [2/2] (1.23ns)   --->   "%state_rob_entries_uop_queue_rob_allocation_id_load = load i5 %state_rob_entries_uop_queue_rob_allocation_id_addr" [/home/lab_726/boom/hls_boom/src/boom_core_merged.cpp:1273]   --->   Operation 42 'load' 'state_rob_entries_uop_queue_rob_allocation_id_load' <Predicate = (state_rob_entries_memory_request_sent_load)> <Delay = 1.23> <CoreInst = "RAM">   --->   Core 83 'RAM' <Latency = 1> <II = 1> <Delay = 1.23> <Storage> <Opcode : 'load' 'store'> <Ports = 2> <Width = 32> <Depth = 32> <RAM>

State 5 <SV = 4> <Delay = 2.22>
ST_5 : Operation 43 [1/2] (1.23ns)   --->   "%state_rob_entries_uop_queue_rob_allocation_id_load = load i5 %state_rob_entries_uop_queue_rob_allocation_id_addr" [/home/lab_726/boom/hls_boom/src/boom_core_merged.cpp:1273]   --->   Operation 43 'load' 'state_rob_entries_uop_queue_rob_allocation_id_load' <Predicate = true> <Delay = 1.23> <CoreInst = "RAM">   --->   Core 83 'RAM' <Latency = 1> <II = 1> <Delay = 1.23> <Storage> <Opcode : 'load' 'store'> <Ports = 2> <Width = 32> <Depth = 32> <RAM>
ST_5 : Operation 44 [1/1] (0.99ns)   --->   "%icmp_ln1273 = icmp_eq  i32 %state_rob_entries_uop_queue_rob_allocation_id_load, i32 %allocation_id" [/home/lab_726/boom/hls_boom/src/boom_core_merged.cpp:1273]   --->   Operation 44 'icmp' 'icmp_ln1273' <Predicate = true> <Delay = 0.99> <CoreInst = "Cmp">   --->   Core 9 'Cmp' <Latency = 0> <II = 1> <Delay = 0.78> <FuncUnit> <Opcode : 'icmp'> <InPorts = 2> <OutPorts = 1>
ST_5 : Operation 45 [1/1] (0.00ns)   --->   "%br_ln1273 = br i1 %icmp_ln1273, void %._crit_edge3, void" [/home/lab_726/boom/hls_boom/src/boom_core_merged.cpp:1273]   --->   Operation 45 'br' 'br_ln1273' <Predicate = true> <Delay = 0.00>
ST_5 : Operation 46 [1/1] (0.00ns)   --->   "%state_rob_entries_memory_transaction_id_addr = getelementptr i32 %state_rob_entries_memory_transaction_id, i64 0, i64 %zext_ln1271" [/home/lab_726/boom/hls_boom/src/boom_core_merged.cpp:1274]   --->   Operation 46 'getelementptr' 'state_rob_entries_memory_transaction_id_addr' <Predicate = (icmp_ln1273)> <Delay = 0.00>
ST_5 : Operation 47 [2/2] (1.23ns)   --->   "%state_rob_entries_memory_transaction_id_load = load i5 %state_rob_entries_memory_transaction_id_addr" [/home/lab_726/boom/hls_boom/src/boom_core_merged.cpp:1274]   --->   Operation 47 'load' 'state_rob_entries_memory_transaction_id_load' <Predicate = (icmp_ln1273)> <Delay = 1.23> <CoreInst = "RAM">   --->   Core 83 'RAM' <Latency = 1> <II = 1> <Delay = 1.23> <Storage> <Opcode : 'load' 'store'> <Ports = 2> <Width = 32> <Depth = 32> <RAM>

State 6 <SV = 5> <Delay = 2.90>
ST_6 : Operation 48 [1/2] (1.23ns)   --->   "%state_rob_entries_memory_transaction_id_load = load i5 %state_rob_entries_memory_transaction_id_addr" [/home/lab_726/boom/hls_boom/src/boom_core_merged.cpp:1274]   --->   Operation 48 'load' 'state_rob_entries_memory_transaction_id_load' <Predicate = true> <Delay = 1.23> <CoreInst = "RAM">   --->   Core 83 'RAM' <Latency = 1> <II = 1> <Delay = 1.23> <Storage> <Opcode : 'load' 'store'> <Ports = 2> <Width = 32> <Depth = 32> <RAM>
ST_6 : Operation 49 [1/1] (0.99ns)   --->   "%icmp_ln1274 = icmp_eq  i32 %state_rob_entries_memory_transaction_id_load, i32 %resp_transaction_id" [/home/lab_726/boom/hls_boom/src/boom_core_merged.cpp:1274]   --->   Operation 49 'icmp' 'icmp_ln1274' <Predicate = true> <Delay = 0.99> <CoreInst = "Cmp">   --->   Core 9 'Cmp' <Latency = 0> <II = 1> <Delay = 0.78> <FuncUnit> <Opcode : 'icmp'> <InPorts = 2> <OutPorts = 1>
ST_6 : Operation 50 [1/1] (0.00ns)   --->   "%br_ln1272 = br i1 %icmp_ln1274, void %._crit_edge3, void" [/home/lab_726/boom/hls_boom/src/boom_core_merged.cpp:1272]   --->   Operation 50 'br' 'br_ln1272' <Predicate = true> <Delay = 0.00>
ST_6 : Operation 51 [1/1] (0.00ns)   --->   "%br_ln1275 = br i1 %resp_exception, void %_ifconv, void" [/home/lab_726/boom/hls_boom/src/boom_core_merged.cpp:1275]   --->   Operation 51 'br' 'br_ln1275' <Predicate = (icmp_ln1274)> <Delay = 0.00>
ST_6 : Operation 52 [1/1] (0.00ns)   --->   "%state_rob_entries_memory_address_addr = getelementptr i64 %state_rob_entries_memory_address, i64 0, i64 %zext_ln1271" [/home/lab_726/boom/hls_boom/src/boom_core_merged.cpp:1281]   --->   Operation 52 'getelementptr' 'state_rob_entries_memory_address_addr' <Predicate = (icmp_ln1274 & !resp_exception)> <Delay = 0.00>
ST_6 : Operation 53 [2/2] (1.23ns)   --->   "%state_rob_entries_memory_address_load = load i5 %state_rob_entries_memory_address_addr" [/home/lab_726/boom/hls_boom/src/boom_core_merged.cpp:1281]   --->   Operation 53 'load' 'state_rob_entries_memory_address_load' <Predicate = (icmp_ln1274 & !resp_exception)> <Delay = 1.23> <CoreInst = "RAM">   --->   Core 83 'RAM' <Latency = 1> <II = 1> <Delay = 1.23> <Storage> <Opcode : 'load' 'store'> <Ports = 2> <Width = 64> <Depth = 32> <RAM>
ST_6 : Operation 54 [1/1] (0.00ns)   --->   "%state_rob_entries_memory_size_addr = getelementptr i8 %state_rob_entries_memory_size, i64 0, i64 %zext_ln1271" [/home/lab_726/boom/hls_boom/src/boom_core_merged.cpp:1281]   --->   Operation 54 'getelementptr' 'state_rob_entries_memory_size_addr' <Predicate = (icmp_ln1274 & !resp_exception)> <Delay = 0.00>
ST_6 : Operation 55 [2/2] (0.67ns)   --->   "%state_rob_entries_memory_size_load = load i5 %state_rob_entries_memory_size_addr" [/home/lab_726/boom/hls_boom/src/boom_core_merged.cpp:1281]   --->   Operation 55 'load' 'state_rob_entries_memory_size_load' <Predicate = (icmp_ln1274 & !resp_exception)> <Delay = 0.67> <CoreInst = "RAM">   --->   Core 83 'RAM' <Latency = 1> <II = 1> <Delay = 0.67> <Storage> <Opcode : 'load' 'store'> <Ports = 2> <Width = 8> <Depth = 32> <RAM>
ST_6 : Operation 56 [1/1] (0.00ns)   --->   "%state_rob_entries_signed_load_addr = getelementptr i1 %state_rob_entries_signed_load, i64 0, i64 %zext_ln1271" [/home/lab_726/boom/hls_boom/src/boom_core_merged.cpp:1281]   --->   Operation 56 'getelementptr' 'state_rob_entries_signed_load_addr' <Predicate = (icmp_ln1274 & !resp_exception)> <Delay = 0.00>
ST_6 : Operation 57 [2/2] (0.67ns)   --->   "%state_rob_entries_signed_load_load = load i5 %state_rob_entries_signed_load_addr" [/home/lab_726/boom/hls_boom/src/boom_core_merged.cpp:1281]   --->   Operation 57 'load' 'state_rob_entries_signed_load_load' <Predicate = (icmp_ln1274 & !resp_exception)> <Delay = 0.67> <CoreInst = "RAM">   --->   Core 83 'RAM' <Latency = 1> <II = 1> <Delay = 0.67> <Storage> <Opcode : 'load' 'store'> <Ports = 2> <Width = 1> <Depth = 32> <RAM>
ST_6 : Operation 58 [1/1] (0.00ns)   --->   "%state_rob_entries_uop_rename_pdst_addr = getelementptr i8 %state_rob_entries_uop_rename_pdst, i64 0, i64 %zext_ln1271" [/home/lab_726/boom/hls_boom/src/boom_core_merged.cpp:1282]   --->   Operation 58 'getelementptr' 'state_rob_entries_uop_rename_pdst_addr' <Predicate = (icmp_ln1274 & !resp_exception)> <Delay = 0.00>
ST_6 : Operation 59 [2/2] (0.67ns)   --->   "%state_rob_entries_uop_rename_pdst_load = load i5 %state_rob_entries_uop_rename_pdst_addr" [/home/lab_726/boom/hls_boom/src/boom_core_merged.cpp:1282]   --->   Operation 59 'load' 'state_rob_entries_uop_rename_pdst_load' <Predicate = (icmp_ln1274 & !resp_exception)> <Delay = 0.67> <CoreInst = "RAM">   --->   Core 83 'RAM' <Latency = 1> <II = 1> <Delay = 0.67> <Storage> <Opcode : 'load' 'store'> <Ports = 2> <Width = 8> <Depth = 32> <RAM>
ST_6 : Operation 60 [1/1] (0.00ns)   --->   "%state_rob_entries_exception_addr = getelementptr i1 %state_rob_entries_exception, i64 0, i64 %zext_ln1271" [/home/lab_726/boom/hls_boom/src/boom_core_merged.cpp:1276]   --->   Operation 60 'getelementptr' 'state_rob_entries_exception_addr' <Predicate = (icmp_ln1274 & resp_exception)> <Delay = 0.00>
ST_6 : Operation 61 [1/1] (0.67ns)   --->   "%store_ln1276 = store i1 1, i5 %state_rob_entries_exception_addr" [/home/lab_726/boom/hls_boom/src/boom_core_merged.cpp:1276]   --->   Operation 61 'store' 'store_ln1276' <Predicate = (icmp_ln1274 & resp_exception)> <Delay = 0.67> <CoreInst = "RAM">   --->   Core 83 'RAM' <Latency = 1> <II = 1> <Delay = 0.67> <Storage> <Opcode : 'load' 'store'> <Ports = 2> <Width = 1> <Depth = 32> <RAM>
ST_6 : Operation 62 [1/1] (0.00ns)   --->   "%br_ln1279 = br void" [/home/lab_726/boom/hls_boom/src/boom_core_merged.cpp:1279]   --->   Operation 62 'br' 'br_ln1279' <Predicate = (icmp_ln1274 & resp_exception)> <Delay = 0.00>

State 7 <SV = 6> <Delay = 5.89>
ST_7 : Operation 63 [1/1] (1.13ns)   --->   "%icmp_ln1280 = icmp_ne  i64 %resp_read_data, i64 0" [/home/lab_726/boom/hls_boom/src/boom_core_merged.cpp:1280]   --->   Operation 63 'icmp' 'icmp_ln1280' <Predicate = (state_rob_entries_valid_load & state_rob_entries_is_load_load & state_rob_entries_memory_request_sent_load & icmp_ln1273 & icmp_ln1274 & !resp_exception)> <Delay = 1.13> <CoreInst = "Cmp">   --->   Core 9 'Cmp' <Latency = 0> <II = 1> <Delay = 0.78> <FuncUnit> <Opcode : 'icmp'> <InPorts = 2> <OutPorts = 1>
ST_7 : Operation 64 [1/1] (0.00ns) (grouped into LUT with out node lshr_ln1112)   --->   "%data = select i1 %icmp_ln1280, i64 %resp_read_data, i64 %resp_data" [/home/lab_726/boom/hls_boom/src/boom_core_merged.cpp:1280]   --->   Operation 64 'select' 'data' <Predicate = (state_rob_entries_valid_load & state_rob_entries_is_load_load & state_rob_entries_memory_request_sent_load & icmp_ln1273 & icmp_ln1274 & !resp_exception)> <Delay = 0.00> <CoreInst = "Sel">   --->   Core 73 'Sel' <Latency = 0> <II = 1> <Delay = 0.42> <FuncUnit> <Opcode : 'select'> <InPorts = 3> <OutPorts = 1>
ST_7 : Operation 65 [1/2] (1.23ns)   --->   "%state_rob_entries_memory_address_load = load i5 %state_rob_entries_memory_address_addr" [/home/lab_726/boom/hls_boom/src/boom_core_merged.cpp:1281]   --->   Operation 65 'load' 'state_rob_entries_memory_address_load' <Predicate = (state_rob_entries_valid_load & state_rob_entries_is_load_load & state_rob_entries_memory_request_sent_load & icmp_ln1273 & icmp_ln1274 & !resp_exception)> <Delay = 1.23> <CoreInst = "RAM">   --->   Core 83 'RAM' <Latency = 1> <II = 1> <Delay = 1.23> <Storage> <Opcode : 'load' 'store'> <Ports = 2> <Width = 64> <Depth = 32> <RAM>
ST_7 : Operation 66 [1/2] (0.67ns)   --->   "%state_rob_entries_memory_size_load = load i5 %state_rob_entries_memory_size_addr" [/home/lab_726/boom/hls_boom/src/boom_core_merged.cpp:1281]   --->   Operation 66 'load' 'state_rob_entries_memory_size_load' <Predicate = (state_rob_entries_valid_load & state_rob_entries_is_load_load & state_rob_entries_memory_request_sent_load & icmp_ln1273 & icmp_ln1274 & !resp_exception)> <Delay = 0.67> <CoreInst = "RAM">   --->   Core 83 'RAM' <Latency = 1> <II = 1> <Delay = 0.67> <Storage> <Opcode : 'load' 'store'> <Ports = 2> <Width = 8> <Depth = 32> <RAM>
ST_7 : Operation 67 [1/1] (0.00ns)   --->   "%trunc_ln1281 = trunc i8 %state_rob_entries_memory_size_load" [/home/lab_726/boom/hls_boom/src/boom_core_merged.cpp:1281]   --->   Operation 67 'trunc' 'trunc_ln1281' <Predicate = (state_rob_entries_valid_load & state_rob_entries_is_load_load & state_rob_entries_memory_request_sent_load & icmp_ln1273 & icmp_ln1274 & !resp_exception)> <Delay = 0.00>
ST_7 : Operation 68 [1/2] (0.67ns)   --->   "%state_rob_entries_signed_load_load = load i5 %state_rob_entries_signed_load_addr" [/home/lab_726/boom/hls_boom/src/boom_core_merged.cpp:1281]   --->   Operation 68 'load' 'state_rob_entries_signed_load_load' <Predicate = (state_rob_entries_valid_load & state_rob_entries_is_load_load & state_rob_entries_memory_request_sent_load & icmp_ln1273 & icmp_ln1274 & !resp_exception)> <Delay = 0.67> <CoreInst = "RAM">   --->   Core 83 'RAM' <Latency = 1> <II = 1> <Delay = 0.67> <Storage> <Opcode : 'load' 'store'> <Ports = 2> <Width = 1> <Depth = 32> <RAM>
ST_7 : Operation 69 [1/1] (0.00ns) (grouped into LUT with out node lshr_ln1112)   --->   "%trunc_ln1109 = trunc i64 %state_rob_entries_memory_address_load" [/home/lab_726/boom/hls_boom/src/boom_core_merged.cpp:1109]   --->   Operation 69 'trunc' 'trunc_ln1109' <Predicate = (state_rob_entries_valid_load & state_rob_entries_is_load_load & state_rob_entries_memory_request_sent_load & icmp_ln1273 & icmp_ln1274 & !resp_exception)> <Delay = 0.00>
ST_7 : Operation 70 [1/1] (0.00ns) (grouped into LUT with out node lshr_ln1112)   --->   "%shift = bitconcatenate i6 @_ssdm_op_BitConcatenate.i6.i3.i3, i3 %trunc_ln1109, i3 0" [/home/lab_726/boom/hls_boom/src/boom_core_merged.cpp:1109]   --->   Operation 70 'bitconcatenate' 'shift' <Predicate = (state_rob_entries_valid_load & state_rob_entries_is_load_load & state_rob_entries_memory_request_sent_load & icmp_ln1273 & icmp_ln1274 & !resp_exception)> <Delay = 0.00>
ST_7 : Operation 71 [1/1] (0.00ns)   --->   "%zext_ln1099 = zext i2 %trunc_ln1281" [/home/lab_726/boom/hls_boom/src/boom_core_merged.cpp:1099]   --->   Operation 71 'zext' 'zext_ln1099' <Predicate = (state_rob_entries_valid_load & state_rob_entries_is_load_load & state_rob_entries_memory_request_sent_load & icmp_ln1273 & icmp_ln1274 & !resp_exception)> <Delay = 0.00>
ST_7 : Operation 72 [1/1] (0.51ns)   --->   "%shl_ln1099 = shl i4 1, i4 %zext_ln1099" [/home/lab_726/boom/hls_boom/src/boom_core_merged.cpp:1099]   --->   Operation 72 'shl' 'shl_ln1099' <Predicate = (state_rob_entries_valid_load & state_rob_entries_is_load_load & state_rob_entries_memory_request_sent_load & icmp_ln1273 & icmp_ln1274 & !resp_exception)> <Delay = 0.51> <CoreInst = "Shifter">   --->   Core 75 'Shifter' <Latency = 0> <II = 1> <Delay = 0.73> <FuncUnit> <Opcode : 'shl' 'lshr' 'ashr'> <InPorts = 2> <OutPorts = 1>
ST_7 : Operation 73 [1/1] (0.00ns) (grouped into LUT with out node mask)   --->   "%bits = bitconcatenate i7 @_ssdm_op_BitConcatenate.i7.i4.i3, i4 %shl_ln1099, i3 0" [/home/lab_726/boom/hls_boom/src/boom_core_merged.cpp:1110]   --->   Operation 73 'bitconcatenate' 'bits' <Predicate = (state_rob_entries_valid_load & state_rob_entries_is_load_load & state_rob_entries_memory_request_sent_load & icmp_ln1273 & icmp_ln1274 & !resp_exception)> <Delay = 0.00>
ST_7 : Operation 74 [1/1] (0.00ns)   --->   "%trunc_ln1111 = trunc i4 %shl_ln1099" [/home/lab_726/boom/hls_boom/src/boom_core_merged.cpp:1111]   --->   Operation 74 'trunc' 'trunc_ln1111' <Predicate = (state_rob_entries_valid_load & state_rob_entries_is_load_load & state_rob_entries_memory_request_sent_load & icmp_ln1273 & icmp_ln1274 & !resp_exception)> <Delay = 0.00>
ST_7 : Operation 75 [1/1] (0.00ns)   --->   "%trunc_ln2 = bitconcatenate i6 @_ssdm_op_BitConcatenate.i6.i3.i3, i3 %trunc_ln1111, i3 0" [/home/lab_726/boom/hls_boom/src/boom_core_merged.cpp:1111]   --->   Operation 75 'bitconcatenate' 'trunc_ln2' <Predicate = (state_rob_entries_valid_load & state_rob_entries_is_load_load & state_rob_entries_memory_request_sent_load & icmp_ln1273 & icmp_ln1274 & !resp_exception)> <Delay = 0.00>
ST_7 : Operation 76 [1/1] (0.00ns)   --->   "%tmp_6 = bitselect i1 @_ssdm_op_BitSelect.i1.i4.i32, i4 %shl_ln1099, i32 3" [/home/lab_726/boom/hls_boom/src/boom_core_merged.cpp:1111]   --->   Operation 76 'bitselect' 'tmp_6' <Predicate = (state_rob_entries_valid_load & state_rob_entries_is_load_load & state_rob_entries_memory_request_sent_load & icmp_ln1273 & icmp_ln1274 & !resp_exception)> <Delay = 0.00>
ST_7 : Operation 77 [1/1] (0.00ns) (grouped into LUT with out node lshr_ln1112)   --->   "%zext_ln1112 = zext i6 %shift" [/home/lab_726/boom/hls_boom/src/boom_core_merged.cpp:1112]   --->   Operation 77 'zext' 'zext_ln1112' <Predicate = (state_rob_entries_valid_load & state_rob_entries_is_load_load & state_rob_entries_memory_request_sent_load & icmp_ln1273 & icmp_ln1274 & !resp_exception)> <Delay = 0.00>
ST_7 : Operation 78 [1/1] (1.53ns) (out node of the LUT)   --->   "%lshr_ln1112 = lshr i64 %data, i64 %zext_ln1112" [/home/lab_726/boom/hls_boom/src/boom_core_merged.cpp:1112]   --->   Operation 78 'lshr' 'lshr_ln1112' <Predicate = (state_rob_entries_valid_load & state_rob_entries_is_load_load & state_rob_entries_memory_request_sent_load & icmp_ln1273 & icmp_ln1274 & !resp_exception)> <Delay = 1.53> <CoreInst = "Shifter">   --->   Core 75 'Shifter' <Latency = 0> <II = 1> <Delay = 0.73> <FuncUnit> <Opcode : 'shl' 'lshr' 'ashr'> <InPorts = 2> <OutPorts = 1>
ST_7 : Operation 79 [1/1] (0.00ns) (grouped into LUT with out node mask)   --->   "%zext_ln1111 = zext i7 %bits" [/home/lab_726/boom/hls_boom/src/boom_core_merged.cpp:1111]   --->   Operation 79 'zext' 'zext_ln1111' <Predicate = (state_rob_entries_valid_load & state_rob_entries_is_load_load & state_rob_entries_memory_request_sent_load & icmp_ln1273 & icmp_ln1274 & !resp_exception)> <Delay = 0.00>
ST_7 : Operation 80 [1/1] (0.00ns) (grouped into LUT with out node mask)   --->   "%shl_ln1111 = shl i64 1, i64 %zext_ln1111" [/home/lab_726/boom/hls_boom/src/boom_core_merged.cpp:1111]   --->   Operation 80 'shl' 'shl_ln1111' <Predicate = (state_rob_entries_valid_load & state_rob_entries_is_load_load & state_rob_entries_memory_request_sent_load & icmp_ln1273 & icmp_ln1274 & !resp_exception)> <Delay = 0.00> <CoreInst = "Shifter">   --->   Core 75 'Shifter' <Latency = 0> <II = 1> <Delay = 0.73> <FuncUnit> <Opcode : 'shl' 'lshr' 'ashr'> <InPorts = 2> <OutPorts = 1>
ST_7 : Operation 81 [1/1] (1.08ns) (out node of the LUT)   --->   "%mask = add i64 %shl_ln1111, i64 18446744073709551615" [/home/lab_726/boom/hls_boom/src/boom_core_merged.cpp:1111]   --->   Operation 81 'add' 'mask' <Predicate = (state_rob_entries_valid_load & state_rob_entries_is_load_load & state_rob_entries_memory_request_sent_load & icmp_ln1273 & icmp_ln1274 & !resp_exception)> <Delay = 1.08> <CoreInst = "Adder">   --->   Core 1 'Adder' <Latency = 0> <II = 1> <Delay = 0.78> <FuncUnit> <Opcode : 'add' 'sub'> <InPorts = 2> <OutPorts = 1>
ST_7 : Operation 82 [1/1] (0.37ns)   --->   "%value = and i64 %mask, i64 %lshr_ln1112" [/home/lab_726/boom/hls_boom/src/boom_core_merged.cpp:1112]   --->   Operation 82 'and' 'value' <Predicate = (state_rob_entries_valid_load & state_rob_entries_is_load_load & state_rob_entries_memory_request_sent_load & icmp_ln1273 & icmp_ln1274 & !resp_exception)> <Delay = 0.37> <CoreInst = "LogicGate">   --->   Core 74 'LogicGate' <Latency = 0> <II = 1> <Delay = 0.28> <FuncUnit> <Opcode : 'and' 'or' 'xor'> <InPorts = 2> <OutPorts = 1>
ST_7 : Operation 83 [1/1] (0.78ns)   --->   "%add_ln1104 = add i6 %trunc_ln2, i6 63" [/home/lab_726/boom/hls_boom/src/boom_core_merged.cpp:1104]   --->   Operation 83 'add' 'add_ln1104' <Predicate = (state_rob_entries_valid_load & state_rob_entries_is_load_load & state_rob_entries_memory_request_sent_load & icmp_ln1273 & icmp_ln1274 & !resp_exception)> <Delay = 0.78> <CoreInst = "Adder">   --->   Core 1 'Adder' <Latency = 0> <II = 1> <Delay = 0.78> <FuncUnit> <Opcode : 'add' 'sub'> <InPorts = 2> <OutPorts = 1>
ST_7 : Operation 84 [1/1] (0.00ns)   --->   "%zext_ln1104 = zext i6 %add_ln1104" [/home/lab_726/boom/hls_boom/src/boom_core_merged.cpp:1104]   --->   Operation 84 'zext' 'zext_ln1104' <Predicate = (state_rob_entries_valid_load & state_rob_entries_is_load_load & state_rob_entries_memory_request_sent_load & icmp_ln1273 & icmp_ln1274 & !resp_exception)> <Delay = 0.00>
ST_7 : Operation 85 [1/1] (0.73ns)   --->   "%mask_1 = shl i64 1, i64 %zext_ln1104" [/home/lab_726/boom/hls_boom/src/boom_core_merged.cpp:1104]   --->   Operation 85 'shl' 'mask_1' <Predicate = (state_rob_entries_valid_load & state_rob_entries_is_load_load & state_rob_entries_memory_request_sent_load & icmp_ln1273 & icmp_ln1274 & !resp_exception)> <Delay = 0.73> <CoreInst = "Shifter">   --->   Core 75 'Shifter' <Latency = 0> <II = 1> <Delay = 0.73> <FuncUnit> <Opcode : 'shl' 'lshr' 'ashr'> <InPorts = 2> <OutPorts = 1>
ST_7 : Operation 86 [1/1] (0.00ns) (grouped into LUT with out node sub_ln1105)   --->   "%xor_ln1105 = xor i64 %value, i64 %mask_1" [/home/lab_726/boom/hls_boom/src/boom_core_merged.cpp:1105]   --->   Operation 86 'xor' 'xor_ln1105' <Predicate = (state_rob_entries_valid_load & state_rob_entries_is_load_load & state_rob_entries_memory_request_sent_load & icmp_ln1273 & icmp_ln1274 & !resp_exception)> <Delay = 0.00> <CoreInst = "LogicGate">   --->   Core 74 'LogicGate' <Latency = 0> <II = 1> <Delay = 0.28> <FuncUnit> <Opcode : 'and' 'or' 'xor'> <InPorts = 2> <OutPorts = 1>
ST_7 : Operation 87 [1/1] (1.08ns) (out node of the LUT)   --->   "%sub_ln1105 = sub i64 %xor_ln1105, i64 %mask_1" [/home/lab_726/boom/hls_boom/src/boom_core_merged.cpp:1105]   --->   Operation 87 'sub' 'sub_ln1105' <Predicate = (state_rob_entries_valid_load & state_rob_entries_is_load_load & state_rob_entries_memory_request_sent_load & icmp_ln1273 & icmp_ln1274 & !resp_exception)> <Delay = 1.08> <CoreInst = "Adder">   --->   Core 1 'Adder' <Latency = 0> <II = 1> <Delay = 0.78> <FuncUnit> <Opcode : 'add' 'sub'> <InPorts = 2> <OutPorts = 1>
ST_7 : Operation 88 [1/1] (0.00ns) (grouped into LUT with out node value_1)   --->   "%xor_ln1111 = xor i1 %tmp_6, i1 1" [/home/lab_726/boom/hls_boom/src/boom_core_merged.cpp:1111]   --->   Operation 88 'xor' 'xor_ln1111' <Predicate = (state_rob_entries_valid_load & state_rob_entries_is_load_load & state_rob_entries_memory_request_sent_load & icmp_ln1273 & icmp_ln1274 & !resp_exception)> <Delay = 0.00> <CoreInst = "LogicGate">   --->   Core 74 'LogicGate' <Latency = 0> <II = 1> <Delay = 0.28> <FuncUnit> <Opcode : 'and' 'or' 'xor'> <InPorts = 2> <OutPorts = 1>
ST_7 : Operation 89 [1/1] (0.00ns) (grouped into LUT with out node value_1)   --->   "%and_ln1281 = and i1 %state_rob_entries_signed_load_load, i1 %xor_ln1111" [/home/lab_726/boom/hls_boom/src/boom_core_merged.cpp:1281]   --->   Operation 89 'and' 'and_ln1281' <Predicate = (state_rob_entries_valid_load & state_rob_entries_is_load_load & state_rob_entries_memory_request_sent_load & icmp_ln1273 & icmp_ln1274 & !resp_exception)> <Delay = 0.00> <CoreInst = "LogicGate">   --->   Core 74 'LogicGate' <Latency = 0> <II = 1> <Delay = 0.28> <FuncUnit> <Opcode : 'and' 'or' 'xor'> <InPorts = 2> <OutPorts = 1>
ST_7 : Operation 90 [1/1] (0.00ns) (grouped into LUT with out node value_1)   --->   "%select_ln1281 = select i1 %and_ln1281, i64 %sub_ln1105, i64 %value" [/home/lab_726/boom/hls_boom/src/boom_core_merged.cpp:1281]   --->   Operation 90 'select' 'select_ln1281' <Predicate = (state_rob_entries_valid_load & state_rob_entries_is_load_load & state_rob_entries_memory_request_sent_load & icmp_ln1273 & icmp_ln1274 & !resp_exception)> <Delay = 0.00> <CoreInst = "Sel">   --->   Core 73 'Sel' <Latency = 0> <II = 1> <Delay = 0.42> <FuncUnit> <Opcode : 'select'> <InPorts = 3> <OutPorts = 1>
ST_7 : Operation 91 [1/1] (0.42ns) (out node of the LUT)   --->   "%value_1 = select i1 %tmp_6, i64 %lshr_ln1112, i64 %select_ln1281" [/home/lab_726/boom/hls_boom/src/boom_core_merged.cpp:1111]   --->   Operation 91 'select' 'value_1' <Predicate = (state_rob_entries_valid_load & state_rob_entries_is_load_load & state_rob_entries_memory_request_sent_load & icmp_ln1273 & icmp_ln1274 & !resp_exception)> <Delay = 0.42> <CoreInst = "Sel">   --->   Core 73 'Sel' <Latency = 0> <II = 1> <Delay = 0.42> <FuncUnit> <Opcode : 'select'> <InPorts = 3> <OutPorts = 1>
ST_7 : Operation 92 [1/2] (0.67ns)   --->   "%state_rob_entries_uop_rename_pdst_load = load i5 %state_rob_entries_uop_rename_pdst_addr" [/home/lab_726/boom/hls_boom/src/boom_core_merged.cpp:1282]   --->   Operation 92 'load' 'state_rob_entries_uop_rename_pdst_load' <Predicate = (state_rob_entries_valid_load & state_rob_entries_is_load_load & state_rob_entries_memory_request_sent_load & icmp_ln1273 & icmp_ln1274 & !resp_exception)> <Delay = 0.67> <CoreInst = "RAM">   --->   Core 83 'RAM' <Latency = 1> <II = 1> <Delay = 0.67> <Storage> <Opcode : 'load' 'store'> <Ports = 2> <Width = 8> <Depth = 32> <RAM>
ST_7 : Operation 93 [1/1] (0.84ns)   --->   "%icmp_ln1282 = icmp_eq  i8 %state_rob_entries_uop_rename_pdst_load, i8 0" [/home/lab_726/boom/hls_boom/src/boom_core_merged.cpp:1282]   --->   Operation 93 'icmp' 'icmp_ln1282' <Predicate = (state_rob_entries_valid_load & state_rob_entries_is_load_load & state_rob_entries_memory_request_sent_load & icmp_ln1273 & icmp_ln1274 & !resp_exception)> <Delay = 0.84> <CoreInst = "Cmp">   --->   Core 9 'Cmp' <Latency = 0> <II = 1> <Delay = 0.78> <FuncUnit> <Opcode : 'icmp'> <InPorts = 2> <OutPorts = 1>
ST_7 : Operation 94 [1/1] (0.00ns)   --->   "%br_ln1282 = br i1 %icmp_ln1282, void, void %_ZN4boomL10load_valueEmmhb.exit._crit_edge" [/home/lab_726/boom/hls_boom/src/boom_core_merged.cpp:1282]   --->   Operation 94 'br' 'br_ln1282' <Predicate = (state_rob_entries_valid_load & state_rob_entries_is_load_load & state_rob_entries_memory_request_sent_load & icmp_ln1273 & icmp_ln1274 & !resp_exception)> <Delay = 0.00>
ST_7 : Operation 95 [1/1] (0.00ns)   --->   "%zext_ln1283 = zext i8 %state_rob_entries_uop_rename_pdst_load" [/home/lab_726/boom/hls_boom/src/boom_core_merged.cpp:1283]   --->   Operation 95 'zext' 'zext_ln1283' <Predicate = (state_rob_entries_valid_load & state_rob_entries_is_load_load & state_rob_entries_memory_request_sent_load & icmp_ln1273 & icmp_ln1274 & !resp_exception & !icmp_ln1282)> <Delay = 0.00>
ST_7 : Operation 96 [1/1] (0.00ns)   --->   "%state_int_rf_addr = getelementptr i64 %state_int_rf, i64 0, i64 %zext_ln1283" [/home/lab_726/boom/hls_boom/src/boom_core_merged.cpp:1283]   --->   Operation 96 'getelementptr' 'state_int_rf_addr' <Predicate = (state_rob_entries_valid_load & state_rob_entries_is_load_load & state_rob_entries_memory_request_sent_load & icmp_ln1273 & icmp_ln1274 & !resp_exception & !icmp_ln1282)> <Delay = 0.00>
ST_7 : Operation 97 [1/1] (1.23ns)   --->   "%store_ln1283 = store i64 %value_1, i6 %state_int_rf_addr" [/home/lab_726/boom/hls_boom/src/boom_core_merged.cpp:1283]   --->   Operation 97 'store' 'store_ln1283' <Predicate = (state_rob_entries_valid_load & state_rob_entries_is_load_load & state_rob_entries_memory_request_sent_load & icmp_ln1273 & icmp_ln1274 & !resp_exception & !icmp_ln1282)> <Delay = 1.23> <CoreInst = "RAM">   --->   Core 83 'RAM' <Latency = 1> <II = 1> <Delay = 1.23> <Storage> <Opcode : 'load' 'store'> <Ports = 2> <Width = 64> <Depth = 52> <RAM>
ST_7 : Operation 98 [1/1] (0.00ns)   --->   "%state_rename_int_free_list_busy_table_addr = getelementptr i1 %state_rename_int_free_list_busy_table, i64 0, i64 %zext_ln1283" [/home/lab_726/boom/hls_boom/src/boom_core_merged.cpp:1284]   --->   Operation 98 'getelementptr' 'state_rename_int_free_list_busy_table_addr' <Predicate = (state_rob_entries_valid_load & state_rob_entries_is_load_load & state_rob_entries_memory_request_sent_load & icmp_ln1273 & icmp_ln1274 & !resp_exception & !icmp_ln1282)> <Delay = 0.00>
ST_7 : Operation 99 [1/1] (0.67ns)   --->   "%store_ln1284 = store i1 0, i6 %state_rename_int_free_list_busy_table_addr" [/home/lab_726/boom/hls_boom/src/boom_core_merged.cpp:1284]   --->   Operation 99 'store' 'store_ln1284' <Predicate = (state_rob_entries_valid_load & state_rob_entries_is_load_load & state_rob_entries_memory_request_sent_load & icmp_ln1273 & icmp_ln1274 & !resp_exception & !icmp_ln1282)> <Delay = 0.67> <CoreInst = "RAM">   --->   Core 83 'RAM' <Latency = 1> <II = 1> <Delay = 0.67> <Storage> <Opcode : 'load' 'store'> <Ports = 2> <Width = 1> <Depth = 52> <RAM>
ST_7 : Operation 100 [1/1] (0.00ns)   --->   "%br_ln1285 = br void %_ZN4boomL10load_valueEmmhb.exit._crit_edge" [/home/lab_726/boom/hls_boom/src/boom_core_merged.cpp:1285]   --->   Operation 100 'br' 'br_ln1285' <Predicate = (state_rob_entries_valid_load & state_rob_entries_is_load_load & state_rob_entries_memory_request_sent_load & icmp_ln1273 & icmp_ln1274 & !resp_exception & !icmp_ln1282)> <Delay = 0.00>
ST_7 : Operation 101 [1/1] (0.00ns)   --->   "%state_rob_entries_memory_data_addr = getelementptr i64 %state_rob_entries_memory_data, i64 0, i64 %zext_ln1271" [/home/lab_726/boom/hls_boom/src/boom_core_merged.cpp:1286]   --->   Operation 101 'getelementptr' 'state_rob_entries_memory_data_addr' <Predicate = (state_rob_entries_valid_load & state_rob_entries_is_load_load & state_rob_entries_memory_request_sent_load & icmp_ln1273 & icmp_ln1274 & !resp_exception)> <Delay = 0.00>
ST_7 : Operation 102 [1/1] (1.23ns)   --->   "%store_ln1286 = store i64 %value_1, i5 %state_rob_entries_memory_data_addr" [/home/lab_726/boom/hls_boom/src/boom_core_merged.cpp:1286]   --->   Operation 102 'store' 'store_ln1286' <Predicate = (state_rob_entries_valid_load & state_rob_entries_is_load_load & state_rob_entries_memory_request_sent_load & icmp_ln1273 & icmp_ln1274 & !resp_exception)> <Delay = 1.23> <CoreInst = "RAM">   --->   Core 83 'RAM' <Latency = 1> <II = 1> <Delay = 1.23> <Storage> <Opcode : 'load' 'store'> <Ports = 2> <Width = 64> <Depth = 32> <RAM>
ST_7 : Operation 103 [1/1] (0.00ns)   --->   "%br_ln0 = br void"   --->   Operation 103 'br' 'br_ln0' <Predicate = (state_rob_entries_valid_load & state_rob_entries_is_load_load & state_rob_entries_memory_request_sent_load & icmp_ln1273 & icmp_ln1274 & !resp_exception)> <Delay = 0.00>
ST_7 : Operation 104 [1/1] (0.00ns)   --->   "%state_rob_entries_memory_completed_addr = getelementptr i1 %state_rob_entries_memory_completed, i64 0, i64 %zext_ln1271" [/home/lab_726/boom/hls_boom/src/boom_core_merged.cpp:1288]   --->   Operation 104 'getelementptr' 'state_rob_entries_memory_completed_addr' <Predicate = (state_rob_entries_valid_load & state_rob_entries_is_load_load & state_rob_entries_memory_request_sent_load & icmp_ln1273 & icmp_ln1274)> <Delay = 0.00>
ST_7 : Operation 105 [1/1] (0.67ns)   --->   "%store_ln1288 = store i1 1, i5 %state_rob_entries_memory_completed_addr" [/home/lab_726/boom/hls_boom/src/boom_core_merged.cpp:1288]   --->   Operation 105 'store' 'store_ln1288' <Predicate = (state_rob_entries_valid_load & state_rob_entries_is_load_load & state_rob_entries_memory_request_sent_load & icmp_ln1273 & icmp_ln1274)> <Delay = 0.67> <CoreInst = "RAM">   --->   Core 83 'RAM' <Latency = 1> <II = 1> <Delay = 0.67> <Storage> <Opcode : 'load' 'store'> <Ports = 2> <Width = 1> <Depth = 32> <RAM>
ST_7 : Operation 106 [1/1] (0.00ns)   --->   "%state_rob_entries_busy_addr = getelementptr i1 %state_rob_entries_busy, i64 0, i64 %zext_ln1271" [/home/lab_726/boom/hls_boom/src/boom_core_merged.cpp:1289]   --->   Operation 106 'getelementptr' 'state_rob_entries_busy_addr' <Predicate = (state_rob_entries_valid_load & state_rob_entries_is_load_load & state_rob_entries_memory_request_sent_load & icmp_ln1273 & icmp_ln1274)> <Delay = 0.00>
ST_7 : Operation 107 [1/1] (0.67ns)   --->   "%store_ln1289 = store i1 0, i5 %state_rob_entries_busy_addr" [/home/lab_726/boom/hls_boom/src/boom_core_merged.cpp:1289]   --->   Operation 107 'store' 'store_ln1289' <Predicate = (state_rob_entries_valid_load & state_rob_entries_is_load_load & state_rob_entries_memory_request_sent_load & icmp_ln1273 & icmp_ln1274)> <Delay = 0.67> <CoreInst = "RAM">   --->   Core 83 'RAM' <Latency = 1> <II = 1> <Delay = 0.67> <Storage> <Opcode : 'load' 'store'> <Ports = 2> <Width = 1> <Depth = 32> <RAM>
ST_7 : Operation 108 [1/1] (0.00ns)   --->   "%br_ln1290 = br void %._crit_edge3" [/home/lab_726/boom/hls_boom/src/boom_core_merged.cpp:1290]   --->   Operation 108 'br' 'br_ln1290' <Predicate = (state_rob_entries_valid_load & state_rob_entries_is_load_load & state_rob_entries_memory_request_sent_load & icmp_ln1273 & icmp_ln1274)> <Delay = 0.00>
ST_7 : Operation 109 [1/1] (0.00ns)   --->   "%store_ln1292 = store i1 0, i1 %state_lsu_load_response_pending" [/home/lab_726/boom/hls_boom/src/boom_core_merged.cpp:1292]   --->   Operation 109 'store' 'store_ln1292' <Predicate = true> <Delay = 0.00>
ST_7 : Operation 110 [1/1] (0.00ns)   --->   "%store_ln1293 = store i32 0, i32 %state_lsu_pending_load_transaction_id" [/home/lab_726/boom/hls_boom/src/boom_core_merged.cpp:1293]   --->   Operation 110 'store' 'store_ln1293' <Predicate = true> <Delay = 0.00>
ST_7 : Operation 111 [1/1] (0.00ns)   --->   "%store_ln1294 = store i5 0, i5 %state_lsu_pending_load_rob_idx" [/home/lab_726/boom/hls_boom/src/boom_core_merged.cpp:1294]   --->   Operation 111 'store' 'store_ln1294' <Predicate = true> <Delay = 0.00>
ST_7 : Operation 112 [1/1] (0.00ns)   --->   "%store_ln1295 = store i32 0, i32 %state_lsu_pending_load_allocation_id" [/home/lab_726/boom/hls_boom/src/boom_core_merged.cpp:1295]   --->   Operation 112 'store' 'store_ln1295' <Predicate = true> <Delay = 0.00>
ST_7 : Operation 113 [2/2] (0.00ns)   --->   "%call_ln1296 = call void @reclaim_ldq, i5 %rob_idx, i32 %allocation_id, i1 %state_lsu_ldq_valid, i8 %state_lsu_ldq_rob_idx, i32 %state_lsu_ldq_rob_allocation_id, i1 %state_lsu_ldq_signed_load, i1 %state_lsu_ldq_response_pending, i1 %state_lsu_ldq_completed, i1 %state_lsu_ldq_killed, i8 %state_lsu_ldq_size, i8 %state_lsu_ldq_branch_mask, i32 %state_lsu_ldq_transaction_id, i64 %state_lsu_ldq_address, i64 %state_lsu_ldq_result, i3 %state_lsu_ldq_tail, i8 %state_lsu_ldq_count" [/home/lab_726/boom/hls_boom/src/boom_core_merged.cpp:1296]   --->   Operation 113 'call' 'call_ln1296' <Predicate = true> <Delay = 0.00> <CoreType = "Generic">   --->   Core 0 '' <Latency = 0> <II = 1> <Delay = 1.00> <Generic> <Opcode : >

State 8 <SV = 7> <Delay = 0.42>
ST_8 : Operation 114 [1/2] (0.00ns)   --->   "%call_ln1296 = call void @reclaim_ldq, i5 %rob_idx, i32 %allocation_id, i1 %state_lsu_ldq_valid, i8 %state_lsu_ldq_rob_idx, i32 %state_lsu_ldq_rob_allocation_id, i1 %state_lsu_ldq_signed_load, i1 %state_lsu_ldq_response_pending, i1 %state_lsu_ldq_completed, i1 %state_lsu_ldq_killed, i8 %state_lsu_ldq_size, i8 %state_lsu_ldq_branch_mask, i32 %state_lsu_ldq_transaction_id, i64 %state_lsu_ldq_address, i64 %state_lsu_ldq_result, i3 %state_lsu_ldq_tail, i8 %state_lsu_ldq_count" [/home/lab_726/boom/hls_boom/src/boom_core_merged.cpp:1296]   --->   Operation 114 'call' 'call_ln1296' <Predicate = (tmp & and_ln1267)> <Delay = 0.00> <CoreType = "Generic">   --->   Core 0 '' <Latency = 0> <II = 1> <Delay = 1.00> <Generic> <Opcode : >
ST_8 : Operation 115 [1/1] (0.00ns)   --->   "%br_ln1297 = br void %._crit_edge2" [/home/lab_726/boom/hls_boom/src/boom_core_merged.cpp:1297]   --->   Operation 115 'br' 'br_ln1297' <Predicate = (tmp & and_ln1267)> <Delay = 0.00>
ST_8 : Operation 116 [1/1] (0.00ns)   --->   "%br_ln1298 = br void %._crit_edge" [/home/lab_726/boom/hls_boom/src/boom_core_merged.cpp:1298]   --->   Operation 116 'br' 'br_ln1298' <Predicate = (tmp)> <Delay = 0.00>
ST_8 : Operation 117 [1/1] (0.00ns)   --->   "%i_01 = alloca i32 1"   --->   Operation 117 'alloca' 'i_01' <Predicate = true> <Delay = 0.00>
ST_8 : Operation 118 [1/1] (0.42ns)   --->   "%store_ln1301 = store i6 0, i6 %i_01" [/home/lab_726/boom/hls_boom/src/boom_core_merged.cpp:1301]   --->   Operation 118 'store' 'store_ln1301' <Predicate = true> <Delay = 0.42>
ST_8 : Operation 119 [1/1] (0.00ns)   --->   "%br_ln1301 = br void" [/home/lab_726/boom/hls_boom/src/boom_core_merged.cpp:1301]   --->   Operation 119 'br' 'br_ln1301' <Predicate = true> <Delay = 0.00>

State 9 <SV = 8> <Delay = 1.46>
ST_9 : Operation 120 [1/1] (0.00ns)   --->   "%i = load i6 %i_01" [/home/lab_726/boom/hls_boom/src/boom_core_merged.cpp:1302]   --->   Operation 120 'load' 'i' <Predicate = true> <Delay = 0.00>
ST_9 : Operation 121 [1/1] (0.78ns)   --->   "%icmp_ln1301 = icmp_eq  i6 %i, i6 32" [/home/lab_726/boom/hls_boom/src/boom_core_merged.cpp:1301]   --->   Operation 121 'icmp' 'icmp_ln1301' <Predicate = true> <Delay = 0.78> <CoreInst = "Cmp">   --->   Core 9 'Cmp' <Latency = 0> <II = 1> <Delay = 0.78> <FuncUnit> <Opcode : 'icmp'> <InPorts = 2> <OutPorts = 1>
ST_9 : Operation 122 [1/1] (0.00ns)   --->   "%empty = speclooptripcount i32 @_ssdm_op_SpecLoopTripCount, i64 1, i64 32, i64 16"   --->   Operation 122 'speclooptripcount' 'empty' <Predicate = true> <Delay = 0.00>
ST_9 : Operation 123 [1/1] (0.78ns)   --->   "%i_22 = add i6 %i, i6 1" [/home/lab_726/boom/hls_boom/src/boom_core_merged.cpp:1301]   --->   Operation 123 'add' 'i_22' <Predicate = true> <Delay = 0.78> <CoreInst = "Adder">   --->   Core 1 'Adder' <Latency = 0> <II = 1> <Delay = 0.78> <FuncUnit> <Opcode : 'add' 'sub'> <InPorts = 2> <OutPorts = 1>
ST_9 : Operation 124 [1/1] (0.00ns)   --->   "%br_ln1301 = br i1 %icmp_ln1301, void %.split5, void %.loopexit" [/home/lab_726/boom/hls_boom/src/boom_core_merged.cpp:1301]   --->   Operation 124 'br' 'br_ln1301' <Predicate = true> <Delay = 0.00>
ST_9 : Operation 125 [1/1] (0.00ns)   --->   "%state_rob_head_load = load i5 %state_rob_head" [/home/lab_726/boom/hls_boom/src/boom_core_merged.cpp:1302]   --->   Operation 125 'load' 'state_rob_head_load' <Predicate = (!icmp_ln1301)> <Delay = 0.00>
ST_9 : Operation 126 [1/1] (0.00ns)   --->   "%trunc_ln1302 = trunc i6 %i" [/home/lab_726/boom/hls_boom/src/boom_core_merged.cpp:1302]   --->   Operation 126 'trunc' 'trunc_ln1302' <Predicate = (!icmp_ln1301)> <Delay = 0.00>
ST_9 : Operation 127 [1/1] (0.78ns)   --->   "%idx = add i5 %state_rob_head_load, i5 %trunc_ln1302" [/home/lab_726/boom/hls_boom/src/boom_core_merged.cpp:1302]   --->   Operation 127 'add' 'idx' <Predicate = (!icmp_ln1301)> <Delay = 0.78> <CoreInst = "Adder">   --->   Core 1 'Adder' <Latency = 0> <II = 1> <Delay = 0.78> <FuncUnit> <Opcode : 'add' 'sub'> <InPorts = 2> <OutPorts = 1>
ST_9 : Operation 128 [2/2] (0.67ns)   --->   "%call_ln1303 = call void @try_issue_load, i283 %pipe_2, i5 %idx, i1 %state_rob_entries_valid, i1 %state_rob_entries_is_load, i1 %state_rob_entries_memory_valid, i1 %state_rob_entries_memory_request_sent, i1 %state_lsu_load_response_pending, i5 %state_rob_head, i1 %state_rob_entries_uop_ctrl_is_sta, i32 %state_lsu_next_transaction_id, i64 %state_rob_entries_memory_address, i8 %state_rob_entries_memory_size, i5 %state_rob_entries_memory_mask, i1 %state_rob_entries_signed_load, i8 %state_rob_entries_uop_branch_br_mask, i32 %state_rob_entries_memory_transaction_id, i32 %state_lsu_pending_load_transaction_id, i5 %state_lsu_pending_load_rob_idx, i32 %state_rob_entries_uop_queue_rob_allocation_id, i32 %state_lsu_pending_load_allocation_id" [/home/lab_726/boom/hls_boom/src/boom_core_merged.cpp:1303]   --->   Operation 128 'call' 'call_ln1303' <Predicate = (!icmp_ln1301)> <Delay = 0.67> <CoreType = "Generic">   --->   Core 0 '' <Latency = 0> <II = 1> <Delay = 1.00> <Generic> <Opcode : >

State 10 <SV = 9> <Delay = 0.00>
ST_10 : Operation 129 [1/2] (0.00ns)   --->   "%call_ln1303 = call void @try_issue_load, i283 %pipe_2, i5 %idx, i1 %state_rob_entries_valid, i1 %state_rob_entries_is_load, i1 %state_rob_entries_memory_valid, i1 %state_rob_entries_memory_request_sent, i1 %state_lsu_load_response_pending, i5 %state_rob_head, i1 %state_rob_entries_uop_ctrl_is_sta, i32 %state_lsu_next_transaction_id, i64 %state_rob_entries_memory_address, i8 %state_rob_entries_memory_size, i5 %state_rob_entries_memory_mask, i1 %state_rob_entries_signed_load, i8 %state_rob_entries_uop_branch_br_mask, i32 %state_rob_entries_memory_transaction_id, i32 %state_lsu_pending_load_transaction_id, i5 %state_lsu_pending_load_rob_idx, i32 %state_rob_entries_uop_queue_rob_allocation_id, i32 %state_lsu_pending_load_allocation_id" [/home/lab_726/boom/hls_boom/src/boom_core_merged.cpp:1303]   --->   Operation 129 'call' 'call_ln1303' <Predicate = true> <Delay = 0.00> <CoreType = "Generic">   --->   Core 0 '' <Latency = 0> <II = 1> <Delay = 1.00> <Generic> <Opcode : >

State 11 <SV = 10> <Delay = 0.42>
ST_11 : Operation 130 [1/1] (0.00ns)   --->   "%specloopname_ln1301 = specloopname void @_ssdm_op_SpecLoopName, void @empty_15" [/home/lab_726/boom/hls_boom/src/boom_core_merged.cpp:1301]   --->   Operation 130 'specloopname' 'specloopname_ln1301' <Predicate = (!icmp_ln1301)> <Delay = 0.00>
ST_11 : Operation 131 [1/1] (0.00ns)   --->   "%state_lsu_load_1 = load i1 %state_lsu_load_response_pending" [/home/lab_726/boom/hls_boom/src/boom_core_merged.cpp:1304]   --->   Operation 131 'load' 'state_lsu_load_1' <Predicate = (!icmp_ln1301)> <Delay = 0.00>
ST_11 : Operation 132 [1/1] (0.00ns)   --->   "%br_ln1304 = br i1 %state_lsu_load_1, void, void %.loopexit" [/home/lab_726/boom/hls_boom/src/boom_core_merged.cpp:1304]   --->   Operation 132 'br' 'br_ln1304' <Predicate = (!icmp_ln1301)> <Delay = 0.00>
ST_11 : Operation 133 [1/1] (0.42ns)   --->   "%store_ln1301 = store i6 %i_22, i6 %i_01" [/home/lab_726/boom/hls_boom/src/boom_core_merged.cpp:1301]   --->   Operation 133 'store' 'store_ln1301' <Predicate = (!icmp_ln1301 & !state_lsu_load_1)> <Delay = 0.42>
ST_11 : Operation 134 [1/1] (0.00ns)   --->   "%br_ln0 = br void"   --->   Operation 134 'br' 'br_ln0' <Predicate = (!icmp_ln1301 & !state_lsu_load_1)> <Delay = 0.00>
ST_11 : Operation 135 [1/1] (0.00ns)   --->   "%ret_ln1306 = ret" [/home/lab_726/boom/hls_boom/src/boom_core_merged.cpp:1306]   --->   Operation 135 'ret' 'ret_ln1306' <Predicate = (state_lsu_load_1) | (icmp_ln1301)> <Delay = 0.00>


============================================================
+ Verbose Summary: Timing violations
============================================================
Target clock period: 10ns, clock uncertainty: 2.7ns.

 <State 1>: 3.4ns
The critical path consists of the following:
	fifo read operation ('pipe_3_read', /home/lab_726/Xilinx/Vitis_HLS/2021.2/common/technology/autopilot/hls_stream_39.h:144) on port 'pipe_3' (/home/lab_726/Xilinx/Vitis_HLS/2021.2/common/technology/autopilot/hls_stream_39.h:144) [47]  (1.84 ns)
	'icmp' operation ('icmp_ln1267', /home/lab_726/boom/hls_boom/src/boom_core_merged.cpp:1267) [54]  (0.991 ns)
	'and' operation ('and_ln1267', /home/lab_726/boom/hls_boom/src/boom_core_merged.cpp:1267) [55]  (0.287 ns)
	blocking operation 0.287 ns on control path)

 <State 2>: 0.677ns
The critical path consists of the following:
	'getelementptr' operation ('state_rob_entries_is_load_addr', /home/lab_726/boom/hls_boom/src/boom_core_merged.cpp:1272) [65]  (0 ns)
	'load' operation ('state_rob_entries_is_load_load', /home/lab_726/boom/hls_boom/src/boom_core_merged.cpp:1272) on array 'state_rob_entries_is_load' [66]  (0.677 ns)

 <State 3>: 0.677ns
The critical path consists of the following:
	'load' operation ('state_rob_entries_is_load_load', /home/lab_726/boom/hls_boom/src/boom_core_merged.cpp:1272) on array 'state_rob_entries_is_load' [66]  (0.677 ns)

 <State 4>: 1.24ns
The critical path consists of the following:
	'getelementptr' operation ('state_rob_entries_uop_queue_rob_allocation_id_addr', /home/lab_726/boom/hls_boom/src/boom_core_merged.cpp:1273) [73]  (0 ns)
	'load' operation ('state_rob_entries_uop_queue_rob_allocation_id_load', /home/lab_726/boom/hls_boom/src/boom_core_merged.cpp:1273) on array 'state_rob_entries_uop_queue_rob_allocation_id' [74]  (1.24 ns)

 <State 5>: 2.23ns
The critical path consists of the following:
	'load' operation ('state_rob_entries_uop_queue_rob_allocation_id_load', /home/lab_726/boom/hls_boom/src/boom_core_merged.cpp:1273) on array 'state_rob_entries_uop_queue_rob_allocation_id' [74]  (1.24 ns)
	'icmp' operation ('icmp_ln1273', /home/lab_726/boom/hls_boom/src/boom_core_merged.cpp:1273) [75]  (0.991 ns)

 <State 6>: 2.91ns
The critical path consists of the following:
	'load' operation ('state_rob_entries_memory_transaction_id_load', /home/lab_726/boom/hls_boom/src/boom_core_merged.cpp:1274) on array 'state_rob_entries_memory_transaction_id' [79]  (1.24 ns)
	'icmp' operation ('icmp_ln1274', /home/lab_726/boom/hls_boom/src/boom_core_merged.cpp:1274) [80]  (0.991 ns)
	blocking operation 0.677 ns on control path)

 <State 7>: 5.9ns
The critical path consists of the following:
	'load' operation ('address', /home/lab_726/boom/hls_boom/src/boom_core_merged.cpp:1281) on array 'state_rob_entries_memory_address' [88]  (1.24 ns)
	'lshr' operation ('lshr_ln1112', /home/lab_726/boom/hls_boom/src/boom_core_merged.cpp:1112) [103]  (1.54 ns)
	'and' operation ('value', /home/lab_726/boom/hls_boom/src/boom_core_merged.cpp:1112) [107]  (0.379 ns)
	'xor' operation ('xor_ln1105', /home/lab_726/boom/hls_boom/src/boom_core_merged.cpp:1105) [111]  (0 ns)
	'sub' operation ('sub_ln1105', /home/lab_726/boom/hls_boom/src/boom_core_merged.cpp:1105) [112]  (1.08 ns)
	'select' operation ('select_ln1281', /home/lab_726/boom/hls_boom/src/boom_core_merged.cpp:1281) [115]  (0 ns)
	'select' operation ('value', /home/lab_726/boom/hls_boom/src/boom_core_merged.cpp:1111) [116]  (0.424 ns)
	'store' operation ('store_ln1286', /home/lab_726/boom/hls_boom/src/boom_core_merged.cpp:1286) of variable 'value', /home/lab_726/boom/hls_boom/src/boom_core_merged.cpp:1111 on array 'state_rob_entries_memory_data' [130]  (1.24 ns)

 <State 8>: 0.427ns
The critical path consists of the following:
	'alloca' operation ('i') [152]  (0 ns)
	'store' operation ('store_ln1301', /home/lab_726/boom/hls_boom/src/boom_core_merged.cpp:1301) of constant 0 on local variable 'i' [153]  (0.427 ns)

 <State 9>: 1.47ns
The critical path consists of the following:
	'load' operation ('i', /home/lab_726/boom/hls_boom/src/boom_core_merged.cpp:1302) on local variable 'i' [156]  (0 ns)
	'add' operation ('idx', /home/lab_726/boom/hls_boom/src/boom_core_merged.cpp:1302) [165]  (0.789 ns)
	'call' operation ('call_ln1303', /home/lab_726/boom/hls_boom/src/boom_core_merged.cpp:1303) to 'try_issue_load' [166]  (0.677 ns)

 <State 10>: 0ns
The critical path consists of the following:

 <State 11>: 0.427ns
The critical path consists of the following:
	'store' operation ('store_ln1301', /home/lab_726/boom/hls_boom/src/boom_core_merged.cpp:1301) of variable 'i', /home/lab_726/boom/hls_boom/src/boom_core_merged.cpp:1301 on local variable 'i' [170]  (0.427 ns)


============================================================
+ Verbose Summary: Binding
============================================================
N/A
* FSMD analyzer results:
  - Output states:
 - Input state : 
  - Chain level:
	State 1
	State 2
	State 3
	State 4
	State 5
	State 6
	State 7
	State 8
	State 9
	State 10
	State 11


============================================================
+ Verbose Summary: Datapath Resource usage 
============================================================
N/A
