

================================================================
== Vitis HLS Report for 'lsu_accept_completion'
================================================================
* Date:           Fri Jul 31 19:23:22 2026

* Version:        2021.2 (Build 3367213 on Tue Oct 19 02:47:39 MDT 2021)
* Project:        boom_core_top
* Solution:       solution_w3_csynth (Vivado IP Flow Target)
* Product family: zynquplus
* Target device:  xczu7ev-ffvc1156-2-e


================================================================
== Performance Estimates
================================================================
+ Timing: 
    * Summary: 
    +--------+----------+----------+------------+
    |  Clock |  Target  | Estimated| Uncertainty|
    +--------+----------+----------+------------+
    |ap_clk  |  10.00 ns|  3.465 ns|     2.70 ns|
    +--------+----------+----------+------------+

+ Latency: 
    * Summary: 
    +---------+---------+-----------+-----------+-----+-----+---------+
    |  Latency (cycles) |   Latency (absolute)  |  Interval | Pipeline|
    |   min   |   max   |    min    |    max    | min | max |   Type  |
    +---------+---------+-----------+-----------+-----+-----+---------+
    |        1|        2|  10.000 ns|  20.000 ns|    1|    2|       no|
    +---------+---------+-----------+-----------+-----+-----+---------+

    + Detail: 
        * Instance: 
        N/A

        * Loop: 
        N/A

============================================================
+ Verbose Summary: Synthesis Manager
============================================================
InlineROM: 1
ExposeGlobal: 0
============================================================
+ Verbose Summary: CDFG Model
============================================================
IsTopModel: 0
ResetActiveHigh: 1
IsCombinational: 0
IsDatapathOnly: 0
HasWiredReturn: 1
HasMFsm: 0
HasVarLatency: 1
IsPipeline: 0
IsRtlPipelined: 0
IsInstanceOverlapped: 0
IsDontTouch: 0
HasImplIP: 0
IsGatedGlobalClock: 0


============================================================
+ Verbose Summary: Schedule
============================================================
* Number of FSM states : 3
* Pipeline : 0
* Dataflow Pipeline: 0

* FSM state transitions: 
1 --> 2 3 
2 --> 3 
3 --> 

* FSM state operations: 

State 1 <SV = 0> <Delay = 0.67>
ST_1 : Operation 4 [1/1] (0.00ns)   --->   "%p_read_1 = read i8 @_ssdm_op_Read.ap_auto.i8, i8 %p_read9" [/home/lab_726/boom/hls_boom/src/boom_core_merged.cpp:1199]   --->   Operation 4 'read' 'p_read_1' <Predicate = true> <Delay = 0.00>
ST_1 : Operation 5 [1/1] (0.00ns)   --->   "%p_read_2 = read i5 @_ssdm_op_Read.ap_auto.i5, i5 %p_read8" [/home/lab_726/boom/hls_boom/src/boom_core_merged.cpp:1199]   --->   Operation 5 'read' 'p_read_2' <Predicate = true> <Delay = 0.00>
ST_1 : Operation 6 [1/1] (0.00ns)   --->   "%p_read_3 = read i64 @_ssdm_op_Read.ap_auto.i64, i64 %p_read7" [/home/lab_726/boom/hls_boom/src/boom_core_merged.cpp:1199]   --->   Operation 6 'read' 'p_read_3' <Predicate = true> <Delay = 0.00>
ST_1 : Operation 7 [1/1] (0.00ns)   --->   "%p_read_4 = read i64 @_ssdm_op_Read.ap_auto.i64, i64 %p_read6" [/home/lab_726/boom/hls_boom/src/boom_core_merged.cpp:1199]   --->   Operation 7 'read' 'p_read_4' <Predicate = true> <Delay = 0.00>
ST_1 : Operation 8 [1/1] (0.00ns)   --->   "%p_read_5 = read i1 @_ssdm_op_Read.ap_auto.i1, i1 %p_read5" [/home/lab_726/boom/hls_boom/src/boom_core_merged.cpp:1199]   --->   Operation 8 'read' 'p_read_5' <Predicate = true> <Delay = 0.00>
ST_1 : Operation 9 [1/1] (0.00ns)   --->   "%p_read_6 = read i1 @_ssdm_op_Read.ap_auto.i1, i1 %p_read4" [/home/lab_726/boom/hls_boom/src/boom_core_merged.cpp:1199]   --->   Operation 9 'read' 'p_read_6' <Predicate = true> <Delay = 0.00>
ST_1 : Operation 10 [1/1] (0.00ns)   --->   "%p_read_7 = read i1 @_ssdm_op_Read.ap_auto.i1, i1 %p_read3" [/home/lab_726/boom/hls_boom/src/boom_core_merged.cpp:1199]   --->   Operation 10 'read' 'p_read_7' <Predicate = true> <Delay = 0.00>
ST_1 : Operation 11 [1/1] (0.00ns)   --->   "%p_read_8 = read i32 @_ssdm_op_Read.ap_auto.i32, i32 %p_read2" [/home/lab_726/boom/hls_boom/src/boom_core_merged.cpp:1199]   --->   Operation 11 'read' 'p_read_8' <Predicate = true> <Delay = 0.00>
ST_1 : Operation 12 [1/1] (0.00ns)   --->   "%p_read_9 = read i8 @_ssdm_op_Read.ap_auto.i8, i8 %p_read1" [/home/lab_726/boom/hls_boom/src/boom_core_merged.cpp:1199]   --->   Operation 12 'read' 'p_read_9' <Predicate = true> <Delay = 0.00>
ST_1 : Operation 13 [1/1] (0.00ns)   --->   "%p_read207 = read i8 @_ssdm_op_Read.ap_auto.i8, i8 %p_read" [/home/lab_726/boom/hls_boom/src/boom_core_merged.cpp:1199]   --->   Operation 13 'read' 'p_read207' <Predicate = true> <Delay = 0.00>
ST_1 : Operation 14 [1/1] (0.00ns)   --->   "%sext_ln1199 = sext i5 %p_read_2" [/home/lab_726/boom/hls_boom/src/boom_core_merged.cpp:1199]   --->   Operation 14 'sext' 'sext_ln1199' <Predicate = true> <Delay = 0.00>
ST_1 : Operation 15 [1/1] (0.00ns)   --->   "%tmp = partselect i3 @_ssdm_op_PartSelect.i3.i8.i32.i32, i8 %p_read_9, i32 5, i32 7" [/home/lab_726/boom/hls_boom/src/boom_core_merged.cpp:1200]   --->   Operation 15 'partselect' 'tmp' <Predicate = true> <Delay = 0.00>
ST_1 : Operation 16 [1/1] (0.58ns)   --->   "%icmp_ln1200 = icmp_eq  i3 %tmp, i3 0" [/home/lab_726/boom/hls_boom/src/boom_core_merged.cpp:1200]   --->   Operation 16 'icmp' 'icmp_ln1200' <Predicate = true> <Delay = 0.58> <CoreInst = "Cmp">   --->   Core 9 'Cmp' <Latency = 0> <II = 1> <Delay = 0.75> <FuncUnit> <Opcode : 'icmp'> <InPorts = 2> <OutPorts = 1>
ST_1 : Operation 17 [1/1] (0.00ns)   --->   "%br_ln1200 = br i1 %icmp_ln1200, void %._crit_edge, void" [/home/lab_726/boom/hls_boom/src/boom_core_merged.cpp:1200]   --->   Operation 17 'br' 'br_ln1200' <Predicate = true> <Delay = 0.00>
ST_1 : Operation 18 [1/1] (0.00ns)   --->   "%zext_ln1200 = zext i8 %p_read_9" [/home/lab_726/boom/hls_boom/src/boom_core_merged.cpp:1200]   --->   Operation 18 'zext' 'zext_ln1200' <Predicate = (icmp_ln1200)> <Delay = 0.00>
ST_1 : Operation 19 [1/1] (0.00ns)   --->   "%entry_valid = getelementptr i1 %state_rob_entries_valid, i64 0, i64 %zext_ln1200" [/home/lab_726/boom/hls_boom/src/boom_core_merged.cpp:1200]   --->   Operation 19 'getelementptr' 'entry_valid' <Predicate = (icmp_ln1200)> <Delay = 0.00>
ST_1 : Operation 20 [2/2] (0.67ns)   --->   "%state_rob_entries_valid_load = load i5 %entry_valid" [/home/lab_726/boom/hls_boom/src/boom_core_merged.cpp:1200]   --->   Operation 20 'load' 'state_rob_entries_valid_load' <Predicate = (icmp_ln1200)> <Delay = 0.67> <CoreInst = "RAM">   --->   Core 83 'RAM' <Latency = 1> <II = 1> <Delay = 0.67> <Storage> <Opcode : 'load' 'store'> <Ports = 2> <Width = 1> <Depth = 32> <RAM>

State 2 <SV = 1> <Delay = 1.23>
ST_2 : Operation 21 [1/2] (0.67ns)   --->   "%state_rob_entries_valid_load = load i5 %entry_valid" [/home/lab_726/boom/hls_boom/src/boom_core_merged.cpp:1200]   --->   Operation 21 'load' 'state_rob_entries_valid_load' <Predicate = true> <Delay = 0.67> <CoreInst = "RAM">   --->   Core 83 'RAM' <Latency = 1> <II = 1> <Delay = 0.67> <Storage> <Opcode : 'load' 'store'> <Ports = 2> <Width = 1> <Depth = 32> <RAM>
ST_2 : Operation 22 [1/1] (0.00ns)   --->   "%br_ln1200 = br i1 %state_rob_entries_valid_load, void %._crit_edge, void" [/home/lab_726/boom/hls_boom/src/boom_core_merged.cpp:1200]   --->   Operation 22 'br' 'br_ln1200' <Predicate = true> <Delay = 0.00>
ST_2 : Operation 23 [1/1] (0.00ns)   --->   "%entry_uop_queue_rob_allocation_id = getelementptr i32 %state_rob_entries_uop_queue_rob_allocation_id, i64 0, i64 %zext_ln1200" [/home/lab_726/boom/hls_boom/src/boom_core_merged.cpp:1201]   --->   Operation 23 'getelementptr' 'entry_uop_queue_rob_allocation_id' <Predicate = (state_rob_entries_valid_load)> <Delay = 0.00>
ST_2 : Operation 24 [2/2] (1.23ns)   --->   "%state_rob_entries_uop_queue_rob_allocation_id_load = load i5 %entry_uop_queue_rob_allocation_id" [/home/lab_726/boom/hls_boom/src/boom_core_merged.cpp:1201]   --->   Operation 24 'load' 'state_rob_entries_uop_queue_rob_allocation_id_load' <Predicate = (state_rob_entries_valid_load)> <Delay = 1.23> <CoreInst = "RAM">   --->   Core 83 'RAM' <Latency = 1> <II = 1> <Delay = 1.23> <Storage> <Opcode : 'load' 'store'> <Ports = 2> <Width = 32> <Depth = 32> <RAM>

State 3 <SV = 2> <Delay = 3.46>
ST_3 : Operation 25 [1/2] (1.23ns)   --->   "%state_rob_entries_uop_queue_rob_allocation_id_load = load i5 %entry_uop_queue_rob_allocation_id" [/home/lab_726/boom/hls_boom/src/boom_core_merged.cpp:1201]   --->   Operation 25 'load' 'state_rob_entries_uop_queue_rob_allocation_id_load' <Predicate = (icmp_ln1200 & state_rob_entries_valid_load)> <Delay = 1.23> <CoreInst = "RAM">   --->   Core 83 'RAM' <Latency = 1> <II = 1> <Delay = 1.23> <Storage> <Opcode : 'load' 'store'> <Ports = 2> <Width = 32> <Depth = 32> <RAM>
ST_3 : Operation 26 [1/1] (0.99ns)   --->   "%icmp_ln1201 = icmp_eq  i32 %state_rob_entries_uop_queue_rob_allocation_id_load, i32 %p_read_8" [/home/lab_726/boom/hls_boom/src/boom_core_merged.cpp:1201]   --->   Operation 26 'icmp' 'icmp_ln1201' <Predicate = (icmp_ln1200 & state_rob_entries_valid_load)> <Delay = 0.99> <CoreInst = "Cmp">   --->   Core 9 'Cmp' <Latency = 0> <II = 1> <Delay = 0.75> <FuncUnit> <Opcode : 'icmp'> <InPorts = 2> <OutPorts = 1>
ST_3 : Operation 27 [1/1] (0.00ns)   --->   "%br_ln1200 = br i1 %icmp_ln1201, void %._crit_edge, void" [/home/lab_726/boom/hls_boom/src/boom_core_merged.cpp:1200]   --->   Operation 27 'br' 'br_ln1200' <Predicate = (icmp_ln1200 & state_rob_entries_valid_load)> <Delay = 0.00>
ST_3 : Operation 28 [1/1] (0.42ns)   --->   "%br_ln1201 = br void %._crit_edge3" [/home/lab_726/boom/hls_boom/src/boom_core_merged.cpp:1201]   --->   Operation 28 'br' 'br_ln1201' <Predicate = (!icmp_ln1201) | (!state_rob_entries_valid_load) | (!icmp_ln1200)> <Delay = 0.42>
ST_3 : Operation 29 [1/1] (0.00ns)   --->   "%br_ln1202 = br i1 %p_read_6, void, void" [/home/lab_726/boom/hls_boom/src/boom_core_merged.cpp:1202]   --->   Operation 29 'br' 'br_ln1202' <Predicate = (icmp_ln1200 & state_rob_entries_valid_load & icmp_ln1201)> <Delay = 0.00>
ST_3 : Operation 30 [1/1] (0.00ns)   --->   "%br_ln1205 = br i1 %p_read_7, void %._crit_edge4, void" [/home/lab_726/boom/hls_boom/src/boom_core_merged.cpp:1205]   --->   Operation 30 'br' 'br_ln1205' <Predicate = (icmp_ln1200 & state_rob_entries_valid_load & icmp_ln1201 & !p_read_6)> <Delay = 0.00>
ST_3 : Operation 31 [1/1] (0.00ns)   --->   "%state_lsu_ldq_count_load = load i8 %state_lsu_ldq_count" [/home/lab_726/boom/hls_boom/src/boom_core_merged.cpp:1206]   --->   Operation 31 'load' 'state_lsu_ldq_count_load' <Predicate = (icmp_ln1200 & state_rob_entries_valid_load & icmp_ln1201 & !p_read_6 & p_read_7)> <Delay = 0.00>
ST_3 : Operation 32 [1/1] (0.00ns)   --->   "%trunc_ln1206 = trunc i8 %state_lsu_ldq_count_load" [/home/lab_726/boom/hls_boom/src/boom_core_merged.cpp:1206]   --->   Operation 32 'trunc' 'trunc_ln1206' <Predicate = (icmp_ln1200 & state_rob_entries_valid_load & icmp_ln1201 & !p_read_6 & p_read_7)> <Delay = 0.00>
ST_3 : Operation 33 [1/1] (0.00ns)   --->   "%tmp_8 = partselect i5 @_ssdm_op_PartSelect.i5.i8.i32.i32, i8 %state_lsu_ldq_count_load, i32 3, i32 7" [/home/lab_726/boom/hls_boom/src/boom_core_merged.cpp:1206]   --->   Operation 33 'partselect' 'tmp_8' <Predicate = (icmp_ln1200 & state_rob_entries_valid_load & icmp_ln1201 & !p_read_6 & p_read_7)> <Delay = 0.00>
ST_3 : Operation 34 [1/1] (0.75ns)   --->   "%icmp_ln1206 = icmp_eq  i5 %tmp_8, i5 0" [/home/lab_726/boom/hls_boom/src/boom_core_merged.cpp:1206]   --->   Operation 34 'icmp' 'icmp_ln1206' <Predicate = (icmp_ln1200 & state_rob_entries_valid_load & icmp_ln1201 & !p_read_6 & p_read_7)> <Delay = 0.75> <CoreInst = "Cmp">   --->   Core 9 'Cmp' <Latency = 0> <II = 1> <Delay = 0.75> <FuncUnit> <Opcode : 'icmp'> <InPorts = 2> <OutPorts = 1>
ST_3 : Operation 35 [1/1] (0.42ns)   --->   "%br_ln1206 = br i1 %icmp_ln1206, void %._crit_edge3, void %_ZN4boomL12enqueue_loadER13BoomCoreStateRKN12ExecuteState9AluResultER8RobEntry.2861.3027.3036.3111.3120.3304.3441.3586.3739.3900.4069.exit" [/home/lab_726/boom/hls_boom/src/boom_core_merged.cpp:1206]   --->   Operation 35 'br' 'br_ln1206' <Predicate = (icmp_ln1200 & state_rob_entries_valid_load & icmp_ln1201 & !p_read_6 & p_read_7)> <Delay = 0.42>
ST_3 : Operation 36 [1/1] (0.00ns)   --->   "%entry_memory_valid_1 = getelementptr i1 %state_rob_entries_memory_valid, i64 0, i64 %zext_ln1200" [/home/lab_726/boom/hls_boom/src/boom_core_merged.cpp:1207]   --->   Operation 36 'getelementptr' 'entry_memory_valid_1' <Predicate = (icmp_ln1200 & state_rob_entries_valid_load & icmp_ln1201 & !p_read_6 & p_read_7 & icmp_ln1206)> <Delay = 0.00>
ST_3 : Operation 37 [1/1] (0.00ns)   --->   "%entry_is_load_1 = getelementptr i1 %state_rob_entries_is_load, i64 0, i64 %zext_ln1200" [/home/lab_726/boom/hls_boom/src/boom_core_merged.cpp:1207]   --->   Operation 37 'getelementptr' 'entry_is_load_1' <Predicate = (icmp_ln1200 & state_rob_entries_valid_load & icmp_ln1201 & !p_read_6 & p_read_7 & icmp_ln1206)> <Delay = 0.00>
ST_3 : Operation 38 [1/1] (0.00ns)   --->   "%entry_is_store_1 = getelementptr i1 %state_rob_entries_is_store, i64 0, i64 %zext_ln1200" [/home/lab_726/boom/hls_boom/src/boom_core_merged.cpp:1207]   --->   Operation 38 'getelementptr' 'entry_is_store_1' <Predicate = (icmp_ln1200 & state_rob_entries_valid_load & icmp_ln1201 & !p_read_6 & p_read_7 & icmp_ln1206)> <Delay = 0.00>
ST_3 : Operation 39 [1/1] (0.00ns)   --->   "%entry_signed_load = getelementptr i1 %state_rob_entries_signed_load, i64 0, i64 %zext_ln1200" [/home/lab_726/boom/hls_boom/src/boom_core_merged.cpp:1207]   --->   Operation 39 'getelementptr' 'entry_signed_load' <Predicate = (icmp_ln1200 & state_rob_entries_valid_load & icmp_ln1201 & !p_read_6 & p_read_7 & icmp_ln1206)> <Delay = 0.00>
ST_3 : Operation 40 [1/1] (0.00ns)   --->   "%entry_memory_address_1 = getelementptr i64 %state_rob_entries_memory_address, i64 0, i64 %zext_ln1200" [/home/lab_726/boom/hls_boom/src/boom_core_merged.cpp:1207]   --->   Operation 40 'getelementptr' 'entry_memory_address_1' <Predicate = (icmp_ln1200 & state_rob_entries_valid_load & icmp_ln1201 & !p_read_6 & p_read_7 & icmp_ln1206)> <Delay = 0.00>
ST_3 : Operation 41 [1/1] (0.00ns)   --->   "%entry_memory_mask_1 = getelementptr i5 %state_rob_entries_memory_mask, i64 0, i64 %zext_ln1200" [/home/lab_726/boom/hls_boom/src/boom_core_merged.cpp:1207]   --->   Operation 41 'getelementptr' 'entry_memory_mask_1' <Predicate = (icmp_ln1200 & state_rob_entries_valid_load & icmp_ln1201 & !p_read_6 & p_read_7 & icmp_ln1206)> <Delay = 0.00>
ST_3 : Operation 42 [1/1] (0.00ns)   --->   "%entry_memory_size_1 = getelementptr i8 %state_rob_entries_memory_size, i64 0, i64 %zext_ln1200" [/home/lab_726/boom/hls_boom/src/boom_core_merged.cpp:1207]   --->   Operation 42 'getelementptr' 'entry_memory_size_1' <Predicate = (icmp_ln1200 & state_rob_entries_valid_load & icmp_ln1201 & !p_read_6 & p_read_7 & icmp_ln1206)> <Delay = 0.00>
ST_3 : Operation 43 [1/1] (0.67ns)   --->   "%store_ln1235 = store i1 1, i5 %entry_memory_valid_1" [/home/lab_726/boom/hls_boom/src/boom_core_merged.cpp:1235]   --->   Operation 43 'store' 'store_ln1235' <Predicate = (icmp_ln1200 & state_rob_entries_valid_load & icmp_ln1201 & !p_read_6 & p_read_7 & icmp_ln1206)> <Delay = 0.67> <CoreInst = "RAM">   --->   Core 83 'RAM' <Latency = 1> <II = 1> <Delay = 0.67> <Storage> <Opcode : 'load' 'store'> <Ports = 2> <Width = 1> <Depth = 32> <RAM>
ST_3 : Operation 44 [1/1] (0.67ns)   --->   "%store_ln1236 = store i1 1, i5 %entry_is_load_1" [/home/lab_726/boom/hls_boom/src/boom_core_merged.cpp:1236]   --->   Operation 44 'store' 'store_ln1236' <Predicate = (icmp_ln1200 & state_rob_entries_valid_load & icmp_ln1201 & !p_read_6 & p_read_7 & icmp_ln1206)> <Delay = 0.67> <CoreInst = "RAM">   --->   Core 83 'RAM' <Latency = 1> <II = 1> <Delay = 0.67> <Storage> <Opcode : 'load' 'store'> <Ports = 2> <Width = 1> <Depth = 32> <RAM>
ST_3 : Operation 45 [1/1] (0.67ns)   --->   "%store_ln1237 = store i1 0, i5 %entry_is_store_1" [/home/lab_726/boom/hls_boom/src/boom_core_merged.cpp:1237]   --->   Operation 45 'store' 'store_ln1237' <Predicate = (icmp_ln1200 & state_rob_entries_valid_load & icmp_ln1201 & !p_read_6 & p_read_7 & icmp_ln1206)> <Delay = 0.67> <CoreInst = "RAM">   --->   Core 83 'RAM' <Latency = 1> <II = 1> <Delay = 0.67> <Storage> <Opcode : 'load' 'store'> <Ports = 2> <Width = 1> <Depth = 32> <RAM>
ST_3 : Operation 46 [1/1] (0.67ns)   --->   "%store_ln1238 = store i1 %p_read_5, i5 %entry_signed_load" [/home/lab_726/boom/hls_boom/src/boom_core_merged.cpp:1238]   --->   Operation 46 'store' 'store_ln1238' <Predicate = (icmp_ln1200 & state_rob_entries_valid_load & icmp_ln1201 & !p_read_6 & p_read_7 & icmp_ln1206)> <Delay = 0.67> <CoreInst = "RAM">   --->   Core 83 'RAM' <Latency = 1> <II = 1> <Delay = 0.67> <Storage> <Opcode : 'load' 'store'> <Ports = 2> <Width = 1> <Depth = 32> <RAM>
ST_3 : Operation 47 [1/1] (1.23ns)   --->   "%store_ln1239 = store i64 %p_read_4, i5 %entry_memory_address_1" [/home/lab_726/boom/hls_boom/src/boom_core_merged.cpp:1239]   --->   Operation 47 'store' 'store_ln1239' <Predicate = (icmp_ln1200 & state_rob_entries_valid_load & icmp_ln1201 & !p_read_6 & p_read_7 & icmp_ln1206)> <Delay = 1.23> <CoreInst = "RAM">   --->   Core 83 'RAM' <Latency = 1> <II = 1> <Delay = 1.23> <Storage> <Opcode : 'load' 'store'> <Ports = 2> <Width = 64> <Depth = 32> <RAM>
ST_3 : Operation 48 [1/1] (0.67ns)   --->   "%store_ln1240 = store i5 %p_read_2, i5 %entry_memory_mask_1" [/home/lab_726/boom/hls_boom/src/boom_core_merged.cpp:1240]   --->   Operation 48 'store' 'store_ln1240' <Predicate = (icmp_ln1200 & state_rob_entries_valid_load & icmp_ln1201 & !p_read_6 & p_read_7 & icmp_ln1206)> <Delay = 0.67> <CoreInst = "RAM">   --->   Core 83 'RAM' <Latency = 1> <II = 1> <Delay = 0.67> <Storage> <Opcode : 'load' 'store'> <Ports = 2> <Width = 5> <Depth = 32> <RAM>
ST_3 : Operation 49 [1/1] (0.67ns)   --->   "%store_ln1241 = store i8 %p_read_1, i5 %entry_memory_size_1" [/home/lab_726/boom/hls_boom/src/boom_core_merged.cpp:1241]   --->   Operation 49 'store' 'store_ln1241' <Predicate = (icmp_ln1200 & state_rob_entries_valid_load & icmp_ln1201 & !p_read_6 & p_read_7 & icmp_ln1206)> <Delay = 0.67> <CoreInst = "RAM">   --->   Core 83 'RAM' <Latency = 1> <II = 1> <Delay = 0.67> <Storage> <Opcode : 'load' 'store'> <Ports = 2> <Width = 8> <Depth = 32> <RAM>
ST_3 : Operation 50 [1/1] (0.00ns)   --->   "%state_lsu_ldq_tail_load = load i3 %state_lsu_ldq_tail" [/home/lab_726/boom/hls_boom/src/boom_core_merged.cpp:1245]   --->   Operation 50 'load' 'state_lsu_ldq_tail_load' <Predicate = (icmp_ln1200 & state_rob_entries_valid_load & icmp_ln1201 & !p_read_6 & p_read_7 & icmp_ln1206)> <Delay = 0.00>
ST_3 : Operation 51 [1/1] (0.00ns)   --->   "%zext_ln1245 = zext i3 %state_lsu_ldq_tail_load" [/home/lab_726/boom/hls_boom/src/boom_core_merged.cpp:1245]   --->   Operation 51 'zext' 'zext_ln1245' <Predicate = (icmp_ln1200 & state_rob_entries_valid_load & icmp_ln1201 & !p_read_6 & p_read_7 & icmp_ln1206)> <Delay = 0.00>
ST_3 : Operation 52 [1/1] (0.00ns)   --->   "%state_lsu_ldq_valid_addr = getelementptr i1 %state_lsu_ldq_valid, i64 0, i64 %zext_ln1245" [/home/lab_726/boom/hls_boom/src/boom_core_merged.cpp:1246]   --->   Operation 52 'getelementptr' 'state_lsu_ldq_valid_addr' <Predicate = (icmp_ln1200 & state_rob_entries_valid_load & icmp_ln1201 & !p_read_6 & p_read_7 & icmp_ln1206)> <Delay = 0.00>
ST_3 : Operation 53 [1/1] (0.67ns)   --->   "%store_ln1246 = store i1 1, i3 %state_lsu_ldq_valid_addr" [/home/lab_726/boom/hls_boom/src/boom_core_merged.cpp:1246]   --->   Operation 53 'store' 'store_ln1246' <Predicate = (icmp_ln1200 & state_rob_entries_valid_load & icmp_ln1201 & !p_read_6 & p_read_7 & icmp_ln1206)> <Delay = 0.67> <CoreInst = "RAM">   --->   Core 83 'RAM' <Latency = 1> <II = 1> <Delay = 0.67> <Storage> <Opcode : 'load' 'store'> <Ports = 2> <Width = 1> <Depth = 8> <RAM>
ST_3 : Operation 54 [1/1] (0.00ns)   --->   "%state_lsu_ldq_rob_idx_addr = getelementptr i8 %state_lsu_ldq_rob_idx, i64 0, i64 %zext_ln1245" [/home/lab_726/boom/hls_boom/src/boom_core_merged.cpp:1247]   --->   Operation 54 'getelementptr' 'state_lsu_ldq_rob_idx_addr' <Predicate = (icmp_ln1200 & state_rob_entries_valid_load & icmp_ln1201 & !p_read_6 & p_read_7 & icmp_ln1206)> <Delay = 0.00>
ST_3 : Operation 55 [1/1] (0.67ns)   --->   "%store_ln1247 = store i8 %p_read_9, i3 %state_lsu_ldq_rob_idx_addr" [/home/lab_726/boom/hls_boom/src/boom_core_merged.cpp:1247]   --->   Operation 55 'store' 'store_ln1247' <Predicate = (icmp_ln1200 & state_rob_entries_valid_load & icmp_ln1201 & !p_read_6 & p_read_7 & icmp_ln1206)> <Delay = 0.67> <CoreInst = "RAM">   --->   Core 83 'RAM' <Latency = 1> <II = 1> <Delay = 0.67> <Storage> <Opcode : 'load' 'store'> <Ports = 2> <Width = 8> <Depth = 8> <RAM>
ST_3 : Operation 56 [1/1] (0.00ns)   --->   "%state_lsu_ldq_rob_allocation_id_addr = getelementptr i32 %state_lsu_ldq_rob_allocation_id, i64 0, i64 %zext_ln1245" [/home/lab_726/boom/hls_boom/src/boom_core_merged.cpp:1248]   --->   Operation 56 'getelementptr' 'state_lsu_ldq_rob_allocation_id_addr' <Predicate = (icmp_ln1200 & state_rob_entries_valid_load & icmp_ln1201 & !p_read_6 & p_read_7 & icmp_ln1206)> <Delay = 0.00>
ST_3 : Operation 57 [1/1] (0.67ns)   --->   "%store_ln1248 = store i32 %p_read_8, i3 %state_lsu_ldq_rob_allocation_id_addr" [/home/lab_726/boom/hls_boom/src/boom_core_merged.cpp:1248]   --->   Operation 57 'store' 'store_ln1248' <Predicate = (icmp_ln1200 & state_rob_entries_valid_load & icmp_ln1201 & !p_read_6 & p_read_7 & icmp_ln1206)> <Delay = 0.67> <CoreInst = "RAM">   --->   Core 83 'RAM' <Latency = 1> <II = 1> <Delay = 0.67> <Storage> <Opcode : 'load' 'store'> <Ports = 2> <Width = 32> <Depth = 8> <RAM>
ST_3 : Operation 58 [1/1] (0.00ns)   --->   "%state_lsu_ldq_addr = getelementptr i64 %state_lsu_ldq_address, i64 0, i64 %zext_ln1245" [/home/lab_726/boom/hls_boom/src/boom_core_merged.cpp:1249]   --->   Operation 58 'getelementptr' 'state_lsu_ldq_addr' <Predicate = (icmp_ln1200 & state_rob_entries_valid_load & icmp_ln1201 & !p_read_6 & p_read_7 & icmp_ln1206)> <Delay = 0.00>
ST_3 : Operation 59 [1/1] (0.67ns)   --->   "%store_ln1249 = store i64 %p_read_4, i3 %state_lsu_ldq_addr" [/home/lab_726/boom/hls_boom/src/boom_core_merged.cpp:1249]   --->   Operation 59 'store' 'store_ln1249' <Predicate = (icmp_ln1200 & state_rob_entries_valid_load & icmp_ln1201 & !p_read_6 & p_read_7 & icmp_ln1206)> <Delay = 0.67> <CoreInst = "RAM">   --->   Core 83 'RAM' <Latency = 1> <II = 1> <Delay = 0.67> <Storage> <Opcode : 'load' 'store'> <Ports = 2> <Width = 64> <Depth = 8> <RAM>
ST_3 : Operation 60 [1/1] (0.00ns)   --->   "%state_lsu_ldq_size_addr = getelementptr i8 %state_lsu_ldq_size, i64 0, i64 %zext_ln1245" [/home/lab_726/boom/hls_boom/src/boom_core_merged.cpp:1250]   --->   Operation 60 'getelementptr' 'state_lsu_ldq_size_addr' <Predicate = (icmp_ln1200 & state_rob_entries_valid_load & icmp_ln1201 & !p_read_6 & p_read_7 & icmp_ln1206)> <Delay = 0.00>
ST_3 : Operation 61 [1/1] (0.67ns)   --->   "%store_ln1250 = store i8 %p_read_1, i3 %state_lsu_ldq_size_addr" [/home/lab_726/boom/hls_boom/src/boom_core_merged.cpp:1250]   --->   Operation 61 'store' 'store_ln1250' <Predicate = (icmp_ln1200 & state_rob_entries_valid_load & icmp_ln1201 & !p_read_6 & p_read_7 & icmp_ln1206)> <Delay = 0.67> <CoreInst = "RAM">   --->   Core 83 'RAM' <Latency = 1> <II = 1> <Delay = 0.67> <Storage> <Opcode : 'load' 'store'> <Ports = 2> <Width = 8> <Depth = 8> <RAM>
ST_3 : Operation 62 [1/1] (0.00ns)   --->   "%state_lsu_ldq_signed_load_addr = getelementptr i1 %state_lsu_ldq_signed_load, i64 0, i64 %zext_ln1245" [/home/lab_726/boom/hls_boom/src/boom_core_merged.cpp:1251]   --->   Operation 62 'getelementptr' 'state_lsu_ldq_signed_load_addr' <Predicate = (icmp_ln1200 & state_rob_entries_valid_load & icmp_ln1201 & !p_read_6 & p_read_7 & icmp_ln1206)> <Delay = 0.00>
ST_3 : Operation 63 [1/1] (0.67ns)   --->   "%store_ln1251 = store i1 %p_read_5, i3 %state_lsu_ldq_signed_load_addr" [/home/lab_726/boom/hls_boom/src/boom_core_merged.cpp:1251]   --->   Operation 63 'store' 'store_ln1251' <Predicate = (icmp_ln1200 & state_rob_entries_valid_load & icmp_ln1201 & !p_read_6 & p_read_7 & icmp_ln1206)> <Delay = 0.67> <CoreInst = "RAM">   --->   Core 83 'RAM' <Latency = 1> <II = 1> <Delay = 0.67> <Storage> <Opcode : 'load' 'store'> <Ports = 2> <Width = 1> <Depth = 8> <RAM>
ST_3 : Operation 64 [1/1] (0.00ns)   --->   "%state_lsu_ldq_branch_mask_addr = getelementptr i8 %state_lsu_ldq_branch_mask, i64 0, i64 %zext_ln1245" [/home/lab_726/boom/hls_boom/src/boom_core_merged.cpp:1252]   --->   Operation 64 'getelementptr' 'state_lsu_ldq_branch_mask_addr' <Predicate = (icmp_ln1200 & state_rob_entries_valid_load & icmp_ln1201 & !p_read_6 & p_read_7 & icmp_ln1206)> <Delay = 0.00>
ST_3 : Operation 65 [1/1] (0.67ns)   --->   "%store_ln1252 = store i8 %p_read207, i3 %state_lsu_ldq_branch_mask_addr" [/home/lab_726/boom/hls_boom/src/boom_core_merged.cpp:1252]   --->   Operation 65 'store' 'store_ln1252' <Predicate = (icmp_ln1200 & state_rob_entries_valid_load & icmp_ln1201 & !p_read_6 & p_read_7 & icmp_ln1206)> <Delay = 0.67> <CoreInst = "RAM">   --->   Core 83 'RAM' <Latency = 1> <II = 1> <Delay = 0.67> <Storage> <Opcode : 'load' 'store'> <Ports = 2> <Width = 8> <Depth = 8> <RAM>
ST_3 : Operation 66 [1/1] (0.67ns)   --->   "%add_ln1253 = add i3 %state_lsu_ldq_tail_load, i3 1" [/home/lab_726/boom/hls_boom/src/boom_core_merged.cpp:1253]   --->   Operation 66 'add' 'add_ln1253' <Predicate = (icmp_ln1200 & state_rob_entries_valid_load & icmp_ln1201 & !p_read_6 & p_read_7 & icmp_ln1206)> <Delay = 0.67> <CoreInst = "Adder">   --->   Core 1 'Adder' <Latency = 0> <II = 1> <Delay = 0.79> <FuncUnit> <Opcode : 'add' 'sub'> <InPorts = 2> <OutPorts = 1>
ST_3 : Operation 67 [1/1] (0.00ns)   --->   "%store_ln1253 = store i3 %add_ln1253, i3 %state_lsu_ldq_tail" [/home/lab_726/boom/hls_boom/src/boom_core_merged.cpp:1253]   --->   Operation 67 'store' 'store_ln1253' <Predicate = (icmp_ln1200 & state_rob_entries_valid_load & icmp_ln1201 & !p_read_6 & p_read_7 & icmp_ln1206)> <Delay = 0.00>
ST_3 : Operation 68 [1/1] (0.79ns)   --->   "%add_ln1254 = add i4 %trunc_ln1206, i4 1" [/home/lab_726/boom/hls_boom/src/boom_core_merged.cpp:1254]   --->   Operation 68 'add' 'add_ln1254' <Predicate = (icmp_ln1200 & state_rob_entries_valid_load & icmp_ln1201 & !p_read_6 & p_read_7 & icmp_ln1206)> <Delay = 0.79> <CoreInst = "Adder">   --->   Core 1 'Adder' <Latency = 0> <II = 1> <Delay = 0.79> <FuncUnit> <Opcode : 'add' 'sub'> <InPorts = 2> <OutPorts = 1>
ST_3 : Operation 69 [1/1] (0.00ns)   --->   "%zext_ln1254 = zext i4 %add_ln1254" [/home/lab_726/boom/hls_boom/src/boom_core_merged.cpp:1254]   --->   Operation 69 'zext' 'zext_ln1254' <Predicate = (icmp_ln1200 & state_rob_entries_valid_load & icmp_ln1201 & !p_read_6 & p_read_7 & icmp_ln1206)> <Delay = 0.00>
ST_3 : Operation 70 [1/1] (0.00ns)   --->   "%store_ln1254 = store i8 %zext_ln1254, i8 %state_lsu_ldq_count" [/home/lab_726/boom/hls_boom/src/boom_core_merged.cpp:1254]   --->   Operation 70 'store' 'store_ln1254' <Predicate = (icmp_ln1200 & state_rob_entries_valid_load & icmp_ln1201 & !p_read_6 & p_read_7 & icmp_ln1206)> <Delay = 0.00>
ST_3 : Operation 71 [1/1] (0.00ns)   --->   "%br_ln1208 = br void %._crit_edge4" [/home/lab_726/boom/hls_boom/src/boom_core_merged.cpp:1208]   --->   Operation 71 'br' 'br_ln1208' <Predicate = (icmp_ln1200 & state_rob_entries_valid_load & icmp_ln1201 & !p_read_6 & p_read_7 & icmp_ln1206)> <Delay = 0.00>
ST_3 : Operation 72 [1/1] (0.00ns)   --->   "%br_ln0 = br void"   --->   Operation 72 'br' 'br_ln0' <Predicate = (icmp_ln1200 & state_rob_entries_valid_load & icmp_ln1201 & !p_read_6 & icmp_ln1206) | (icmp_ln1200 & state_rob_entries_valid_load & icmp_ln1201 & !p_read_6 & !p_read_7)> <Delay = 0.00>
ST_3 : Operation 73 [1/1] (0.00ns)   --->   "%state_lsu_stq_count_load = load i8 %state_lsu_stq_count" [/home/lab_726/boom/hls_boom/src/boom_core_merged.cpp:1203]   --->   Operation 73 'load' 'state_lsu_stq_count_load' <Predicate = (icmp_ln1200 & state_rob_entries_valid_load & icmp_ln1201 & p_read_6)> <Delay = 0.00>
ST_3 : Operation 74 [1/1] (0.00ns)   --->   "%trunc_ln1203 = trunc i8 %state_lsu_stq_count_load" [/home/lab_726/boom/hls_boom/src/boom_core_merged.cpp:1203]   --->   Operation 74 'trunc' 'trunc_ln1203' <Predicate = (icmp_ln1200 & state_rob_entries_valid_load & icmp_ln1201 & p_read_6)> <Delay = 0.00>
ST_3 : Operation 75 [1/1] (0.00ns)   --->   "%tmp_7 = partselect i5 @_ssdm_op_PartSelect.i5.i8.i32.i32, i8 %state_lsu_stq_count_load, i32 3, i32 7" [/home/lab_726/boom/hls_boom/src/boom_core_merged.cpp:1203]   --->   Operation 75 'partselect' 'tmp_7' <Predicate = (icmp_ln1200 & state_rob_entries_valid_load & icmp_ln1201 & p_read_6)> <Delay = 0.00>
ST_3 : Operation 76 [1/1] (0.75ns)   --->   "%icmp_ln1203 = icmp_eq  i5 %tmp_7, i5 0" [/home/lab_726/boom/hls_boom/src/boom_core_merged.cpp:1203]   --->   Operation 76 'icmp' 'icmp_ln1203' <Predicate = (icmp_ln1200 & state_rob_entries_valid_load & icmp_ln1201 & p_read_6)> <Delay = 0.75> <CoreInst = "Cmp">   --->   Core 9 'Cmp' <Latency = 0> <II = 1> <Delay = 0.75> <FuncUnit> <Opcode : 'icmp'> <InPorts = 2> <OutPorts = 1>
ST_3 : Operation 77 [1/1] (0.42ns)   --->   "%br_ln1203 = br i1 %icmp_ln1203, void %._crit_edge3, void %_ZN4boomL13enqueue_storeER13BoomCoreStateRKN12ExecuteState9AluResultER8RobEntry.2867.3030.3039.3114.3123.3307.3444.3589.3742.3903.4072.exit" [/home/lab_726/boom/hls_boom/src/boom_core_merged.cpp:1203]   --->   Operation 77 'br' 'br_ln1203' <Predicate = (icmp_ln1200 & state_rob_entries_valid_load & icmp_ln1201 & p_read_6)> <Delay = 0.42>
ST_3 : Operation 78 [1/1] (0.00ns)   --->   "%entry_busy = getelementptr i1 %state_rob_entries_busy, i64 0, i64 %zext_ln1200" [/home/lab_726/boom/hls_boom/src/boom_core_merged.cpp:1204]   --->   Operation 78 'getelementptr' 'entry_busy' <Predicate = (icmp_ln1200 & state_rob_entries_valid_load & icmp_ln1201 & p_read_6 & icmp_ln1203)> <Delay = 0.00>
ST_3 : Operation 79 [1/1] (0.00ns)   --->   "%entry_memory_valid = getelementptr i1 %state_rob_entries_memory_valid, i64 0, i64 %zext_ln1200" [/home/lab_726/boom/hls_boom/src/boom_core_merged.cpp:1204]   --->   Operation 79 'getelementptr' 'entry_memory_valid' <Predicate = (icmp_ln1200 & state_rob_entries_valid_load & icmp_ln1201 & p_read_6 & icmp_ln1203)> <Delay = 0.00>
ST_3 : Operation 80 [1/1] (0.00ns)   --->   "%entry_is_load = getelementptr i1 %state_rob_entries_is_load, i64 0, i64 %zext_ln1200" [/home/lab_726/boom/hls_boom/src/boom_core_merged.cpp:1204]   --->   Operation 80 'getelementptr' 'entry_is_load' <Predicate = (icmp_ln1200 & state_rob_entries_valid_load & icmp_ln1201 & p_read_6 & icmp_ln1203)> <Delay = 0.00>
ST_3 : Operation 81 [1/1] (0.00ns)   --->   "%entry_is_store = getelementptr i1 %state_rob_entries_is_store, i64 0, i64 %zext_ln1200" [/home/lab_726/boom/hls_boom/src/boom_core_merged.cpp:1204]   --->   Operation 81 'getelementptr' 'entry_is_store' <Predicate = (icmp_ln1200 & state_rob_entries_valid_load & icmp_ln1201 & p_read_6 & icmp_ln1203)> <Delay = 0.00>
ST_3 : Operation 82 [1/1] (0.00ns)   --->   "%entry_memory_completed = getelementptr i1 %state_rob_entries_memory_completed, i64 0, i64 %zext_ln1200" [/home/lab_726/boom/hls_boom/src/boom_core_merged.cpp:1204]   --->   Operation 82 'getelementptr' 'entry_memory_completed' <Predicate = (icmp_ln1200 & state_rob_entries_valid_load & icmp_ln1201 & p_read_6 & icmp_ln1203)> <Delay = 0.00>
ST_3 : Operation 83 [1/1] (0.00ns)   --->   "%entry_memory_address = getelementptr i64 %state_rob_entries_memory_address, i64 0, i64 %zext_ln1200" [/home/lab_726/boom/hls_boom/src/boom_core_merged.cpp:1204]   --->   Operation 83 'getelementptr' 'entry_memory_address' <Predicate = (icmp_ln1200 & state_rob_entries_valid_load & icmp_ln1201 & p_read_6 & icmp_ln1203)> <Delay = 0.00>
ST_3 : Operation 84 [1/1] (0.00ns)   --->   "%entry_memory_data = getelementptr i64 %state_rob_entries_memory_data, i64 0, i64 %zext_ln1200" [/home/lab_726/boom/hls_boom/src/boom_core_merged.cpp:1204]   --->   Operation 84 'getelementptr' 'entry_memory_data' <Predicate = (icmp_ln1200 & state_rob_entries_valid_load & icmp_ln1201 & p_read_6 & icmp_ln1203)> <Delay = 0.00>
ST_3 : Operation 85 [1/1] (0.00ns)   --->   "%entry_memory_mask = getelementptr i5 %state_rob_entries_memory_mask, i64 0, i64 %zext_ln1200" [/home/lab_726/boom/hls_boom/src/boom_core_merged.cpp:1204]   --->   Operation 85 'getelementptr' 'entry_memory_mask' <Predicate = (icmp_ln1200 & state_rob_entries_valid_load & icmp_ln1201 & p_read_6 & icmp_ln1203)> <Delay = 0.00>
ST_3 : Operation 86 [1/1] (0.00ns)   --->   "%entry_memory_size = getelementptr i8 %state_rob_entries_memory_size, i64 0, i64 %zext_ln1200" [/home/lab_726/boom/hls_boom/src/boom_core_merged.cpp:1204]   --->   Operation 86 'getelementptr' 'entry_memory_size' <Predicate = (icmp_ln1200 & state_rob_entries_valid_load & icmp_ln1201 & p_read_6 & icmp_ln1203)> <Delay = 0.00>
ST_3 : Operation 87 [1/1] (0.67ns)   --->   "%store_ln1170 = store i1 1, i5 %entry_memory_valid" [/home/lab_726/boom/hls_boom/src/boom_core_merged.cpp:1170]   --->   Operation 87 'store' 'store_ln1170' <Predicate = (icmp_ln1200 & state_rob_entries_valid_load & icmp_ln1201 & p_read_6 & icmp_ln1203)> <Delay = 0.67> <CoreInst = "RAM">   --->   Core 83 'RAM' <Latency = 1> <II = 1> <Delay = 0.67> <Storage> <Opcode : 'load' 'store'> <Ports = 2> <Width = 1> <Depth = 32> <RAM>
ST_3 : Operation 88 [1/1] (0.67ns)   --->   "%store_ln1171 = store i1 1, i5 %entry_is_store" [/home/lab_726/boom/hls_boom/src/boom_core_merged.cpp:1171]   --->   Operation 88 'store' 'store_ln1171' <Predicate = (icmp_ln1200 & state_rob_entries_valid_load & icmp_ln1201 & p_read_6 & icmp_ln1203)> <Delay = 0.67> <CoreInst = "RAM">   --->   Core 83 'RAM' <Latency = 1> <II = 1> <Delay = 0.67> <Storage> <Opcode : 'load' 'store'> <Ports = 2> <Width = 1> <Depth = 32> <RAM>
ST_3 : Operation 89 [1/1] (0.67ns)   --->   "%store_ln1172 = store i1 0, i5 %entry_is_load" [/home/lab_726/boom/hls_boom/src/boom_core_merged.cpp:1172]   --->   Operation 89 'store' 'store_ln1172' <Predicate = (icmp_ln1200 & state_rob_entries_valid_load & icmp_ln1201 & p_read_6 & icmp_ln1203)> <Delay = 0.67> <CoreInst = "RAM">   --->   Core 83 'RAM' <Latency = 1> <II = 1> <Delay = 0.67> <Storage> <Opcode : 'load' 'store'> <Ports = 2> <Width = 1> <Depth = 32> <RAM>
ST_3 : Operation 90 [1/1] (0.67ns)   --->   "%store_ln1173 = store i1 1, i5 %entry_memory_completed" [/home/lab_726/boom/hls_boom/src/boom_core_merged.cpp:1173]   --->   Operation 90 'store' 'store_ln1173' <Predicate = (icmp_ln1200 & state_rob_entries_valid_load & icmp_ln1201 & p_read_6 & icmp_ln1203)> <Delay = 0.67> <CoreInst = "RAM">   --->   Core 83 'RAM' <Latency = 1> <II = 1> <Delay = 0.67> <Storage> <Opcode : 'load' 'store'> <Ports = 2> <Width = 1> <Depth = 32> <RAM>
ST_3 : Operation 91 [1/1] (1.23ns)   --->   "%store_ln1174 = store i64 %p_read_4, i5 %entry_memory_address" [/home/lab_726/boom/hls_boom/src/boom_core_merged.cpp:1174]   --->   Operation 91 'store' 'store_ln1174' <Predicate = (icmp_ln1200 & state_rob_entries_valid_load & icmp_ln1201 & p_read_6 & icmp_ln1203)> <Delay = 1.23> <CoreInst = "RAM">   --->   Core 83 'RAM' <Latency = 1> <II = 1> <Delay = 1.23> <Storage> <Opcode : 'load' 'store'> <Ports = 2> <Width = 64> <Depth = 32> <RAM>
ST_3 : Operation 92 [1/1] (1.23ns)   --->   "%store_ln1175 = store i64 %p_read_3, i5 %entry_memory_data" [/home/lab_726/boom/hls_boom/src/boom_core_merged.cpp:1175]   --->   Operation 92 'store' 'store_ln1175' <Predicate = (icmp_ln1200 & state_rob_entries_valid_load & icmp_ln1201 & p_read_6 & icmp_ln1203)> <Delay = 1.23> <CoreInst = "RAM">   --->   Core 83 'RAM' <Latency = 1> <II = 1> <Delay = 1.23> <Storage> <Opcode : 'load' 'store'> <Ports = 2> <Width = 64> <Depth = 32> <RAM>
ST_3 : Operation 93 [1/1] (0.67ns)   --->   "%store_ln1176 = store i5 %p_read_2, i5 %entry_memory_mask" [/home/lab_726/boom/hls_boom/src/boom_core_merged.cpp:1176]   --->   Operation 93 'store' 'store_ln1176' <Predicate = (icmp_ln1200 & state_rob_entries_valid_load & icmp_ln1201 & p_read_6 & icmp_ln1203)> <Delay = 0.67> <CoreInst = "RAM">   --->   Core 83 'RAM' <Latency = 1> <II = 1> <Delay = 0.67> <Storage> <Opcode : 'load' 'store'> <Ports = 2> <Width = 5> <Depth = 32> <RAM>
ST_3 : Operation 94 [1/1] (0.67ns)   --->   "%store_ln1177 = store i8 %p_read_1, i5 %entry_memory_size" [/home/lab_726/boom/hls_boom/src/boom_core_merged.cpp:1177]   --->   Operation 94 'store' 'store_ln1177' <Predicate = (icmp_ln1200 & state_rob_entries_valid_load & icmp_ln1201 & p_read_6 & icmp_ln1203)> <Delay = 0.67> <CoreInst = "RAM">   --->   Core 83 'RAM' <Latency = 1> <II = 1> <Delay = 0.67> <Storage> <Opcode : 'load' 'store'> <Ports = 2> <Width = 8> <Depth = 32> <RAM>
ST_3 : Operation 95 [1/1] (0.67ns)   --->   "%store_ln1178 = store i1 0, i5 %entry_busy" [/home/lab_726/boom/hls_boom/src/boom_core_merged.cpp:1178]   --->   Operation 95 'store' 'store_ln1178' <Predicate = (icmp_ln1200 & state_rob_entries_valid_load & icmp_ln1201 & p_read_6 & icmp_ln1203)> <Delay = 0.67> <CoreInst = "RAM">   --->   Core 83 'RAM' <Latency = 1> <II = 1> <Delay = 0.67> <Storage> <Opcode : 'load' 'store'> <Ports = 2> <Width = 1> <Depth = 32> <RAM>
ST_3 : Operation 96 [1/1] (0.00ns)   --->   "%state_lsu_stq_tail_load = load i3 %state_lsu_stq_tail" [/home/lab_726/boom/hls_boom/src/boom_core_merged.cpp:1182]   --->   Operation 96 'load' 'state_lsu_stq_tail_load' <Predicate = (icmp_ln1200 & state_rob_entries_valid_load & icmp_ln1201 & p_read_6 & icmp_ln1203)> <Delay = 0.00>
ST_3 : Operation 97 [1/1] (0.00ns)   --->   "%zext_ln1182 = zext i3 %state_lsu_stq_tail_load" [/home/lab_726/boom/hls_boom/src/boom_core_merged.cpp:1182]   --->   Operation 97 'zext' 'zext_ln1182' <Predicate = (icmp_ln1200 & state_rob_entries_valid_load & icmp_ln1201 & p_read_6 & icmp_ln1203)> <Delay = 0.00>
ST_3 : Operation 98 [1/1] (0.00ns)   --->   "%state_lsu_stq_valid_addr = getelementptr i1 %state_lsu_stq_valid, i64 0, i64 %zext_ln1182" [/home/lab_726/boom/hls_boom/src/boom_core_merged.cpp:1183]   --->   Operation 98 'getelementptr' 'state_lsu_stq_valid_addr' <Predicate = (icmp_ln1200 & state_rob_entries_valid_load & icmp_ln1201 & p_read_6 & icmp_ln1203)> <Delay = 0.00>
ST_3 : Operation 99 [1/1] (0.67ns)   --->   "%store_ln1183 = store i1 1, i3 %state_lsu_stq_valid_addr" [/home/lab_726/boom/hls_boom/src/boom_core_merged.cpp:1183]   --->   Operation 99 'store' 'store_ln1183' <Predicate = (icmp_ln1200 & state_rob_entries_valid_load & icmp_ln1201 & p_read_6 & icmp_ln1203)> <Delay = 0.67> <CoreInst = "RAM">   --->   Core 83 'RAM' <Latency = 1> <II = 1> <Delay = 0.67> <Storage> <Opcode : 'load' 'store'> <Ports = 2> <Width = 1> <Depth = 8> <RAM>
ST_3 : Operation 100 [1/1] (0.00ns)   --->   "%state_lsu_stq_rob_idx_addr = getelementptr i8 %state_lsu_stq_rob_idx, i64 0, i64 %zext_ln1182" [/home/lab_726/boom/hls_boom/src/boom_core_merged.cpp:1184]   --->   Operation 100 'getelementptr' 'state_lsu_stq_rob_idx_addr' <Predicate = (icmp_ln1200 & state_rob_entries_valid_load & icmp_ln1201 & p_read_6 & icmp_ln1203)> <Delay = 0.00>
ST_3 : Operation 101 [1/1] (0.67ns)   --->   "%store_ln1184 = store i8 %p_read_9, i3 %state_lsu_stq_rob_idx_addr" [/home/lab_726/boom/hls_boom/src/boom_core_merged.cpp:1184]   --->   Operation 101 'store' 'store_ln1184' <Predicate = (icmp_ln1200 & state_rob_entries_valid_load & icmp_ln1201 & p_read_6 & icmp_ln1203)> <Delay = 0.67> <CoreInst = "RAM">   --->   Core 83 'RAM' <Latency = 1> <II = 1> <Delay = 0.67> <Storage> <Opcode : 'load' 'store'> <Ports = 2> <Width = 8> <Depth = 8> <RAM>
ST_3 : Operation 102 [1/1] (0.00ns)   --->   "%state_lsu_stq_rob_allocation_id_addr = getelementptr i32 %state_lsu_stq_rob_allocation_id, i64 0, i64 %zext_ln1182" [/home/lab_726/boom/hls_boom/src/boom_core_merged.cpp:1185]   --->   Operation 102 'getelementptr' 'state_lsu_stq_rob_allocation_id_addr' <Predicate = (icmp_ln1200 & state_rob_entries_valid_load & icmp_ln1201 & p_read_6 & icmp_ln1203)> <Delay = 0.00>
ST_3 : Operation 103 [1/1] (0.67ns)   --->   "%store_ln1185 = store i32 %p_read_8, i3 %state_lsu_stq_rob_allocation_id_addr" [/home/lab_726/boom/hls_boom/src/boom_core_merged.cpp:1185]   --->   Operation 103 'store' 'store_ln1185' <Predicate = (icmp_ln1200 & state_rob_entries_valid_load & icmp_ln1201 & p_read_6 & icmp_ln1203)> <Delay = 0.67> <CoreInst = "RAM">   --->   Core 83 'RAM' <Latency = 1> <II = 1> <Delay = 0.67> <Storage> <Opcode : 'load' 'store'> <Ports = 2> <Width = 32> <Depth = 8> <RAM>
ST_3 : Operation 104 [1/1] (0.00ns)   --->   "%state_lsu_stq_addr = getelementptr i1 %state_lsu_stq_address_valid, i64 0, i64 %zext_ln1182" [/home/lab_726/boom/hls_boom/src/boom_core_merged.cpp:1186]   --->   Operation 104 'getelementptr' 'state_lsu_stq_addr' <Predicate = (icmp_ln1200 & state_rob_entries_valid_load & icmp_ln1201 & p_read_6 & icmp_ln1203)> <Delay = 0.00>
ST_3 : Operation 105 [1/1] (0.67ns)   --->   "%store_ln1186 = store i1 1, i3 %state_lsu_stq_addr" [/home/lab_726/boom/hls_boom/src/boom_core_merged.cpp:1186]   --->   Operation 105 'store' 'store_ln1186' <Predicate = (icmp_ln1200 & state_rob_entries_valid_load & icmp_ln1201 & p_read_6 & icmp_ln1203)> <Delay = 0.67> <CoreInst = "RAM">   --->   Core 83 'RAM' <Latency = 1> <II = 1> <Delay = 0.67> <Storage> <Opcode : 'load' 'store'> <Ports = 2> <Width = 1> <Depth = 8> <RAM>
ST_3 : Operation 106 [1/1] (0.00ns)   --->   "%state_lsu_stq_addr_4 = getelementptr i64 %state_lsu_stq_address, i64 0, i64 %zext_ln1182" [/home/lab_726/boom/hls_boom/src/boom_core_merged.cpp:1187]   --->   Operation 106 'getelementptr' 'state_lsu_stq_addr_4' <Predicate = (icmp_ln1200 & state_rob_entries_valid_load & icmp_ln1201 & p_read_6 & icmp_ln1203)> <Delay = 0.00>
ST_3 : Operation 107 [1/1] (0.67ns)   --->   "%store_ln1187 = store i64 %p_read_4, i3 %state_lsu_stq_addr_4" [/home/lab_726/boom/hls_boom/src/boom_core_merged.cpp:1187]   --->   Operation 107 'store' 'store_ln1187' <Predicate = (icmp_ln1200 & state_rob_entries_valid_load & icmp_ln1201 & p_read_6 & icmp_ln1203)> <Delay = 0.67> <CoreInst = "RAM">   --->   Core 83 'RAM' <Latency = 1> <II = 1> <Delay = 0.67> <Storage> <Opcode : 'load' 'store'> <Ports = 2> <Width = 64> <Depth = 8> <RAM>
ST_3 : Operation 108 [1/1] (0.00ns)   --->   "%state_lsu_stq_data_valid_addr = getelementptr i1 %state_lsu_stq_data_valid, i64 0, i64 %zext_ln1182" [/home/lab_726/boom/hls_boom/src/boom_core_merged.cpp:1188]   --->   Operation 108 'getelementptr' 'state_lsu_stq_data_valid_addr' <Predicate = (icmp_ln1200 & state_rob_entries_valid_load & icmp_ln1201 & p_read_6 & icmp_ln1203)> <Delay = 0.00>
ST_3 : Operation 109 [1/1] (0.67ns)   --->   "%store_ln1188 = store i1 1, i3 %state_lsu_stq_data_valid_addr" [/home/lab_726/boom/hls_boom/src/boom_core_merged.cpp:1188]   --->   Operation 109 'store' 'store_ln1188' <Predicate = (icmp_ln1200 & state_rob_entries_valid_load & icmp_ln1201 & p_read_6 & icmp_ln1203)> <Delay = 0.67> <CoreInst = "RAM">   --->   Core 83 'RAM' <Latency = 1> <II = 1> <Delay = 0.67> <Storage> <Opcode : 'load' 'store'> <Ports = 2> <Width = 1> <Depth = 8> <RAM>
ST_3 : Operation 110 [1/1] (0.00ns)   --->   "%state_lsu_stq_data_addr = getelementptr i64 %state_lsu_stq_data, i64 0, i64 %zext_ln1182" [/home/lab_726/boom/hls_boom/src/boom_core_merged.cpp:1189]   --->   Operation 110 'getelementptr' 'state_lsu_stq_data_addr' <Predicate = (icmp_ln1200 & state_rob_entries_valid_load & icmp_ln1201 & p_read_6 & icmp_ln1203)> <Delay = 0.00>
ST_3 : Operation 111 [1/1] (0.67ns)   --->   "%store_ln1189 = store i64 %p_read_3, i3 %state_lsu_stq_data_addr" [/home/lab_726/boom/hls_boom/src/boom_core_merged.cpp:1189]   --->   Operation 111 'store' 'store_ln1189' <Predicate = (icmp_ln1200 & state_rob_entries_valid_load & icmp_ln1201 & p_read_6 & icmp_ln1203)> <Delay = 0.67> <CoreInst = "RAM">   --->   Core 83 'RAM' <Latency = 1> <II = 1> <Delay = 0.67> <Storage> <Opcode : 'load' 'store'> <Ports = 2> <Width = 64> <Depth = 8> <RAM>
ST_3 : Operation 112 [1/1] (0.00ns)   --->   "%state_lsu_stq_mask_addr = getelementptr i8 %state_lsu_stq_mask, i64 0, i64 %zext_ln1182" [/home/lab_726/boom/hls_boom/src/boom_core_merged.cpp:1190]   --->   Operation 112 'getelementptr' 'state_lsu_stq_mask_addr' <Predicate = (icmp_ln1200 & state_rob_entries_valid_load & icmp_ln1201 & p_read_6 & icmp_ln1203)> <Delay = 0.00>
ST_3 : Operation 113 [1/1] (0.67ns)   --->   "%store_ln1190 = store i8 %sext_ln1199, i3 %state_lsu_stq_mask_addr" [/home/lab_726/boom/hls_boom/src/boom_core_merged.cpp:1190]   --->   Operation 113 'store' 'store_ln1190' <Predicate = (icmp_ln1200 & state_rob_entries_valid_load & icmp_ln1201 & p_read_6 & icmp_ln1203)> <Delay = 0.67> <CoreInst = "RAM">   --->   Core 83 'RAM' <Latency = 1> <II = 1> <Delay = 0.67> <Storage> <Opcode : 'load' 'store'> <Ports = 2> <Width = 8> <Depth = 8> <RAM>
ST_3 : Operation 114 [1/1] (0.00ns)   --->   "%state_lsu_stq_size_addr = getelementptr i8 %state_lsu_stq_size, i64 0, i64 %zext_ln1182" [/home/lab_726/boom/hls_boom/src/boom_core_merged.cpp:1191]   --->   Operation 114 'getelementptr' 'state_lsu_stq_size_addr' <Predicate = (icmp_ln1200 & state_rob_entries_valid_load & icmp_ln1201 & p_read_6 & icmp_ln1203)> <Delay = 0.00>
ST_3 : Operation 115 [1/1] (0.67ns)   --->   "%store_ln1191 = store i8 %p_read_1, i3 %state_lsu_stq_size_addr" [/home/lab_726/boom/hls_boom/src/boom_core_merged.cpp:1191]   --->   Operation 115 'store' 'store_ln1191' <Predicate = (icmp_ln1200 & state_rob_entries_valid_load & icmp_ln1201 & p_read_6 & icmp_ln1203)> <Delay = 0.67> <CoreInst = "RAM">   --->   Core 83 'RAM' <Latency = 1> <II = 1> <Delay = 0.67> <Storage> <Opcode : 'load' 'store'> <Ports = 2> <Width = 8> <Depth = 8> <RAM>
ST_3 : Operation 116 [1/1] (0.00ns)   --->   "%state_lsu_stq_branch_mask_addr = getelementptr i8 %state_lsu_stq_branch_mask, i64 0, i64 %zext_ln1182" [/home/lab_726/boom/hls_boom/src/boom_core_merged.cpp:1192]   --->   Operation 116 'getelementptr' 'state_lsu_stq_branch_mask_addr' <Predicate = (icmp_ln1200 & state_rob_entries_valid_load & icmp_ln1201 & p_read_6 & icmp_ln1203)> <Delay = 0.00>
ST_3 : Operation 117 [1/1] (0.67ns)   --->   "%store_ln1192 = store i8 %p_read207, i3 %state_lsu_stq_branch_mask_addr" [/home/lab_726/boom/hls_boom/src/boom_core_merged.cpp:1192]   --->   Operation 117 'store' 'store_ln1192' <Predicate = (icmp_ln1200 & state_rob_entries_valid_load & icmp_ln1201 & p_read_6 & icmp_ln1203)> <Delay = 0.67> <CoreInst = "RAM">   --->   Core 83 'RAM' <Latency = 1> <II = 1> <Delay = 0.67> <Storage> <Opcode : 'load' 'store'> <Ports = 2> <Width = 8> <Depth = 8> <RAM>
ST_3 : Operation 118 [1/1] (0.67ns)   --->   "%add_ln1193 = add i3 %state_lsu_stq_tail_load, i3 1" [/home/lab_726/boom/hls_boom/src/boom_core_merged.cpp:1193]   --->   Operation 118 'add' 'add_ln1193' <Predicate = (icmp_ln1200 & state_rob_entries_valid_load & icmp_ln1201 & p_read_6 & icmp_ln1203)> <Delay = 0.67> <CoreInst = "Adder">   --->   Core 1 'Adder' <Latency = 0> <II = 1> <Delay = 0.79> <FuncUnit> <Opcode : 'add' 'sub'> <InPorts = 2> <OutPorts = 1>
ST_3 : Operation 119 [1/1] (0.00ns)   --->   "%store_ln1193 = store i3 %add_ln1193, i3 %state_lsu_stq_tail" [/home/lab_726/boom/hls_boom/src/boom_core_merged.cpp:1193]   --->   Operation 119 'store' 'store_ln1193' <Predicate = (icmp_ln1200 & state_rob_entries_valid_load & icmp_ln1201 & p_read_6 & icmp_ln1203)> <Delay = 0.00>
ST_3 : Operation 120 [1/1] (0.79ns)   --->   "%add_ln1194 = add i4 %trunc_ln1203, i4 1" [/home/lab_726/boom/hls_boom/src/boom_core_merged.cpp:1194]   --->   Operation 120 'add' 'add_ln1194' <Predicate = (icmp_ln1200 & state_rob_entries_valid_load & icmp_ln1201 & p_read_6 & icmp_ln1203)> <Delay = 0.79> <CoreInst = "Adder">   --->   Core 1 'Adder' <Latency = 0> <II = 1> <Delay = 0.79> <FuncUnit> <Opcode : 'add' 'sub'> <InPorts = 2> <OutPorts = 1>
ST_3 : Operation 121 [1/1] (0.00ns)   --->   "%zext_ln1194 = zext i4 %add_ln1194" [/home/lab_726/boom/hls_boom/src/boom_core_merged.cpp:1194]   --->   Operation 121 'zext' 'zext_ln1194' <Predicate = (icmp_ln1200 & state_rob_entries_valid_load & icmp_ln1201 & p_read_6 & icmp_ln1203)> <Delay = 0.00>
ST_3 : Operation 122 [1/1] (0.00ns)   --->   "%store_ln1194 = store i8 %zext_ln1194, i8 %state_lsu_stq_count" [/home/lab_726/boom/hls_boom/src/boom_core_merged.cpp:1194]   --->   Operation 122 'store' 'store_ln1194' <Predicate = (icmp_ln1200 & state_rob_entries_valid_load & icmp_ln1201 & p_read_6 & icmp_ln1203)> <Delay = 0.00>
ST_3 : Operation 123 [1/1] (0.00ns)   --->   "%br_ln1205 = br void" [/home/lab_726/boom/hls_boom/src/boom_core_merged.cpp:1205]   --->   Operation 123 'br' 'br_ln1205' <Predicate = (icmp_ln1200 & state_rob_entries_valid_load & icmp_ln1201 & p_read_6 & icmp_ln1203)> <Delay = 0.00>
ST_3 : Operation 124 [1/1] (0.42ns)   --->   "%br_ln1209 = br void %._crit_edge3" [/home/lab_726/boom/hls_boom/src/boom_core_merged.cpp:1209]   --->   Operation 124 'br' 'br_ln1209' <Predicate = (icmp_ln1200 & state_rob_entries_valid_load & icmp_ln1201 & p_read_6 & icmp_ln1203) | (icmp_ln1200 & state_rob_entries_valid_load & icmp_ln1201 & !p_read_6 & icmp_ln1206) | (icmp_ln1200 & state_rob_entries_valid_load & icmp_ln1201 & !p_read_6 & !p_read_7)> <Delay = 0.42>
ST_3 : Operation 125 [1/1] (0.00ns)   --->   "%retval_0 = phi i1 1, void %._crit_edge, i1 1, void, i1 0, void, i1 0, void"   --->   Operation 125 'phi' 'retval_0' <Predicate = true> <Delay = 0.00>
ST_3 : Operation 126 [1/1] (0.00ns)   --->   "%ret_ln1210 = ret i1 %retval_0" [/home/lab_726/boom/hls_boom/src/boom_core_merged.cpp:1210]   --->   Operation 126 'ret' 'ret_ln1210' <Predicate = true> <Delay = 0.00>


============================================================
+ Verbose Summary: Timing violations
============================================================
Target clock period: 10ns, clock uncertainty: 2.7ns.

 <State 1>: 0.677ns
The critical path consists of the following:
	wire read operation ('p_read_9', /home/lab_726/boom/hls_boom/src/boom_core_merged.cpp:1199) on port 'p_read1' (/home/lab_726/boom/hls_boom/src/boom_core_merged.cpp:1199) [52]  (0 ns)
	'getelementptr' operation ('entry.valid', /home/lab_726/boom/hls_boom/src/boom_core_merged.cpp:1200) [60]  (0 ns)
	'load' operation ('state_rob_entries_valid_load', /home/lab_726/boom/hls_boom/src/boom_core_merged.cpp:1200) on array 'state_rob_entries_valid' [61]  (0.677 ns)

 <State 2>: 1.24ns
The critical path consists of the following:
	'getelementptr' operation ('entry.uop.queue.rob_allocation_id', /home/lab_726/boom/hls_boom/src/boom_core_merged.cpp:1201) [64]  (0 ns)
	'load' operation ('state_rob_entries_uop_queue_rob_allocation_id_load', /home/lab_726/boom/hls_boom/src/boom_core_merged.cpp:1201) on array 'state_rob_entries_uop_queue_rob_allocation_id' [65]  (1.24 ns)

 <State 3>: 3.47ns
The critical path consists of the following:
	'load' operation ('state_rob_entries_uop_queue_rob_allocation_id_load', /home/lab_726/boom/hls_boom/src/boom_core_merged.cpp:1201) on array 'state_rob_entries_uop_queue_rob_allocation_id' [65]  (1.24 ns)
	'icmp' operation ('icmp_ln1201', /home/lab_726/boom/hls_boom/src/boom_core_merged.cpp:1201) [66]  (0.991 ns)
	blocking operation 1.24 ns on control path)


============================================================
+ Verbose Summary: Binding
============================================================
N/A
* FSMD analyzer results:
  - Output states:
 - Input state : 
  - Chain level:
	State 1
	State 2
	State 3


============================================================
+ Verbose Summary: Datapath Resource usage 
============================================================
N/A
