

================================================================
== Vitis HLS Report for 'reclaim_ldq'
================================================================
* Date:           Fri Jul 31 19:23:23 2026

* Version:        2021.2 (Build 3367213 on Tue Oct 19 02:47:39 MDT 2021)
* Project:        boom_core_top
* Solution:       solution_w3_csynth (Vivado IP Flow Target)
* Product family: zynquplus
* Target device:  xczu7ev-ffvc1156-2-e


================================================================
== Performance Estimates
================================================================
+ Timing: 
    * Summary: 
    +--------+----------+----------+------------+
    |  Clock |  Target  | Estimated| Uncertainty|
    +--------+----------+----------+------------+
    |ap_clk  |  10.00 ns|  2.632 ns|     2.70 ns|
    +--------+----------+----------+------------+

+ Latency: 
    * Summary: 
    +---------+---------+----------+----------+-----+-----+---------+
    |  Latency (cycles) |  Latency (absolute) |  Interval | Pipeline|
    |   min   |   max   |    min   |    max   | min | max |   Type  |
    +---------+---------+----------+----------+-----+-----+---------+
    |        ?|        ?|         ?|         ?|    ?|    ?|       no|
    +---------+---------+----------+----------+-----+-----+---------+

    + Detail: 
        * Instance: 
        N/A

        * Loop: 
        +---------------------+---------+---------+----------+-----------+-----------+------+----------+
        |                     |  Latency (cycles) | Iteration|  Initiation Interval  | Trip |          |
        |      Loop Name      |   min   |   max   |  Latency |  achieved |   target  | Count| Pipelined|
        +---------------------+---------+---------+----------+-----------+-----------+------+----------+
        |- Loop 1             |        8|        8|         1|          -|          -|     8|        no|
        |- VITIS_LOOP_1215_1  |       24|       32|     3 ~ 4|          -|          -|     8|        no|
        |- VITIS_LOOP_1218_2  |        ?|        ?|         1|          -|          -|     ?|        no|
        |- VITIS_LOOP_1219_3  |       16|       16|         2|          -|          -|     8|        no|
        +---------------------+---------+---------+----------+-----------+-----------+------+----------+

============================================================
+ Verbose Summary: Synthesis Manager
============================================================
InlineROM: 1
ExposeGlobal: 0
============================================================
+ Verbose Summary: CDFG Model
============================================================
IsTopModel: 0
ResetActiveHigh: 1
IsCombinational: 0
IsDatapathOnly: 0
HasWiredReturn: 1
HasMFsm: 0
HasVarLatency: 1
IsPipeline: 0
IsRtlPipelined: 0
IsInstanceOverlapped: 0
IsDontTouch: 0
HasImplIP: 0
IsGatedGlobalClock: 0


============================================================
+ Verbose Summary: Schedule
============================================================
* Number of FSM states : 9
* Pipeline : 0
* Dataflow Pipeline: 0

* FSM state transitions: 
1 --> 2 
2 --> 2 3 
3 --> 4 7 
4 --> 5 6 
5 --> 6 
6 --> 3 
7 --> 7 8 
8 --> 9 
9 --> 8 

* FSM state operations: 

State 1 <SV = 0> <Delay = 0.42>
ST_1 : Operation 10 [1/1] (0.00ns)   --->   "%indvar = alloca i32 1"   --->   Operation 10 'alloca' 'indvar' <Predicate = true> <Delay = 0.00>
ST_1 : Operation 11 [1/1] (0.00ns)   --->   "%allocation_id_read = read i32 @_ssdm_op_Read.ap_auto.i32, i32 %allocation_id"   --->   Operation 11 'read' 'allocation_id_read' <Predicate = true> <Delay = 0.00>
ST_1 : Operation 12 [1/1] (0.00ns)   --->   "%rob_idx_read = read i5 @_ssdm_op_Read.ap_auto.i5, i5 %rob_idx"   --->   Operation 12 'read' 'rob_idx_read' <Predicate = true> <Delay = 0.00>
ST_1 : Operation 13 [1/1] (0.00ns)   --->   "%rob_idx_cast = zext i5 %rob_idx_read"   --->   Operation 13 'zext' 'rob_idx_cast' <Predicate = true> <Delay = 0.00>
ST_1 : Operation 14 [1/1] (0.00ns)   --->   "%compacted_valid = alloca i64 1" [/home/lab_726/boom/hls_boom/src/boom_core_merged.cpp:1213]   --->   Operation 14 'alloca' 'compacted_valid' <Predicate = true> <Delay = 0.00> <CoreInst = "RAM">   --->   Core 83 'RAM' <Latency = 1> <II = 1> <Delay = 0.67> <Storage> <Opcode : 'load' 'store'> <Ports = 2> <Width = 1> <Depth = 8> <RAM>
ST_1 : Operation 15 [1/1] (0.00ns)   --->   "%compacted_signed_load = alloca i64 1" [/home/lab_726/boom/hls_boom/src/boom_core_merged.cpp:1213]   --->   Operation 15 'alloca' 'compacted_signed_load' <Predicate = true> <Delay = 0.00> <CoreInst = "RAM">   --->   Core 83 'RAM' <Latency = 1> <II = 1> <Delay = 0.67> <Storage> <Opcode : 'load' 'store'> <Ports = 2> <Width = 1> <Depth = 8> <RAM>
ST_1 : Operation 16 [1/1] (0.00ns)   --->   "%compacted_response_pending = alloca i64 1" [/home/lab_726/boom/hls_boom/src/boom_core_merged.cpp:1213]   --->   Operation 16 'alloca' 'compacted_response_pending' <Predicate = true> <Delay = 0.00> <CoreInst = "RAM">   --->   Core 83 'RAM' <Latency = 1> <II = 1> <Delay = 0.67> <Storage> <Opcode : 'load' 'store'> <Ports = 2> <Width = 1> <Depth = 8> <RAM>
ST_1 : Operation 17 [1/1] (0.00ns)   --->   "%compacted_completed = alloca i64 1" [/home/lab_726/boom/hls_boom/src/boom_core_merged.cpp:1213]   --->   Operation 17 'alloca' 'compacted_completed' <Predicate = true> <Delay = 0.00> <CoreInst = "RAM">   --->   Core 83 'RAM' <Latency = 1> <II = 1> <Delay = 0.67> <Storage> <Opcode : 'load' 'store'> <Ports = 2> <Width = 1> <Depth = 8> <RAM>
ST_1 : Operation 18 [1/1] (0.00ns)   --->   "%compacted_killed = alloca i64 1" [/home/lab_726/boom/hls_boom/src/boom_core_merged.cpp:1213]   --->   Operation 18 'alloca' 'compacted_killed' <Predicate = true> <Delay = 0.00> <CoreInst = "RAM">   --->   Core 83 'RAM' <Latency = 1> <II = 1> <Delay = 0.67> <Storage> <Opcode : 'load' 'store'> <Ports = 2> <Width = 1> <Depth = 8> <RAM>
ST_1 : Operation 19 [1/1] (0.00ns)   --->   "%compacted_rob_idx = alloca i64 1" [/home/lab_726/boom/hls_boom/src/boom_core_merged.cpp:1213]   --->   Operation 19 'alloca' 'compacted_rob_idx' <Predicate = true> <Delay = 0.00> <CoreInst = "RAM">   --->   Core 83 'RAM' <Latency = 1> <II = 1> <Delay = 0.67> <Storage> <Opcode : 'load' 'store'> <Ports = 2> <Width = 8> <Depth = 8> <RAM>
ST_1 : Operation 20 [1/1] (0.00ns)   --->   "%compacted_size = alloca i64 1" [/home/lab_726/boom/hls_boom/src/boom_core_merged.cpp:1213]   --->   Operation 20 'alloca' 'compacted_size' <Predicate = true> <Delay = 0.00> <CoreInst = "RAM">   --->   Core 83 'RAM' <Latency = 1> <II = 1> <Delay = 0.67> <Storage> <Opcode : 'load' 'store'> <Ports = 2> <Width = 8> <Depth = 8> <RAM>
ST_1 : Operation 21 [1/1] (0.00ns)   --->   "%compacted_branch_mask = alloca i64 1" [/home/lab_726/boom/hls_boom/src/boom_core_merged.cpp:1213]   --->   Operation 21 'alloca' 'compacted_branch_mask' <Predicate = true> <Delay = 0.00> <CoreInst = "RAM">   --->   Core 83 'RAM' <Latency = 1> <II = 1> <Delay = 0.67> <Storage> <Opcode : 'load' 'store'> <Ports = 2> <Width = 8> <Depth = 8> <RAM>
ST_1 : Operation 22 [1/1] (0.00ns)   --->   "%compacted_transaction_id = alloca i64 1" [/home/lab_726/boom/hls_boom/src/boom_core_merged.cpp:1213]   --->   Operation 22 'alloca' 'compacted_transaction_id' <Predicate = true> <Delay = 0.00> <CoreInst = "RAM">   --->   Core 83 'RAM' <Latency = 1> <II = 1> <Delay = 0.67> <Storage> <Opcode : 'load' 'store'> <Ports = 2> <Width = 32> <Depth = 8> <RAM>
ST_1 : Operation 23 [1/1] (0.00ns)   --->   "%compacted_rob_allocation_id = alloca i64 1" [/home/lab_726/boom/hls_boom/src/boom_core_merged.cpp:1213]   --->   Operation 23 'alloca' 'compacted_rob_allocation_id' <Predicate = true> <Delay = 0.00> <CoreInst = "RAM">   --->   Core 83 'RAM' <Latency = 1> <II = 1> <Delay = 0.67> <Storage> <Opcode : 'load' 'store'> <Ports = 2> <Width = 32> <Depth = 8> <RAM>
ST_1 : Operation 24 [1/1] (0.00ns)   --->   "%compacted_address = alloca i64 1" [/home/lab_726/boom/hls_boom/src/boom_core_merged.cpp:1213]   --->   Operation 24 'alloca' 'compacted_address' <Predicate = true> <Delay = 0.00> <CoreInst = "RAM">   --->   Core 83 'RAM' <Latency = 1> <II = 1> <Delay = 0.67> <Storage> <Opcode : 'load' 'store'> <Ports = 2> <Width = 64> <Depth = 8> <RAM>
ST_1 : Operation 25 [1/1] (0.00ns)   --->   "%compacted_result = alloca i64 1" [/home/lab_726/boom/hls_boom/src/boom_core_merged.cpp:1213]   --->   Operation 25 'alloca' 'compacted_result' <Predicate = true> <Delay = 0.00> <CoreInst = "RAM">   --->   Core 83 'RAM' <Latency = 1> <II = 1> <Delay = 0.67> <Storage> <Opcode : 'load' 'store'> <Ports = 2> <Width = 64> <Depth = 8> <RAM>
ST_1 : Operation 26 [1/1] (0.42ns)   --->   "%store_ln1213 = store i3 0, i3 %indvar" [/home/lab_726/boom/hls_boom/src/boom_core_merged.cpp:1213]   --->   Operation 26 'store' 'store_ln1213' <Predicate = true> <Delay = 0.42>
ST_1 : Operation 27 [1/1] (0.00ns)   --->   "%br_ln1213 = br void %arrayctor.loop" [/home/lab_726/boom/hls_boom/src/boom_core_merged.cpp:1213]   --->   Operation 27 'br' 'br_ln1213' <Predicate = true> <Delay = 0.00>

State 2 <SV = 1> <Delay = 1.09>
ST_2 : Operation 28 [1/1] (0.00ns)   --->   "%indvar_load = load i3 %indvar" [/home/lab_726/boom/hls_boom/src/boom_core_merged.cpp:1213]   --->   Operation 28 'load' 'indvar_load' <Predicate = true> <Delay = 0.00>
ST_2 : Operation 29 [1/1] (0.67ns)   --->   "%add_ln1213 = add i3 %indvar_load, i3 1" [/home/lab_726/boom/hls_boom/src/boom_core_merged.cpp:1213]   --->   Operation 29 'add' 'add_ln1213' <Predicate = true> <Delay = 0.67> <CoreInst = "Adder">   --->   Core 1 'Adder' <Latency = 0> <II = 1> <Delay = 0.79> <FuncUnit> <Opcode : 'add' 'sub'> <InPorts = 2> <OutPorts = 1>
ST_2 : Operation 30 [1/1] (0.00ns)   --->   "%zext_ln1213 = zext i3 %indvar_load" [/home/lab_726/boom/hls_boom/src/boom_core_merged.cpp:1213]   --->   Operation 30 'zext' 'zext_ln1213' <Predicate = true> <Delay = 0.00>
ST_2 : Operation 31 [1/1] (0.00ns)   --->   "%this_valid = getelementptr i1 %compacted_valid, i64 0, i64 %zext_ln1213" [/home/lab_726/boom/hls_boom/src/boom_core_merged.cpp:1213]   --->   Operation 31 'getelementptr' 'this_valid' <Predicate = true> <Delay = 0.00>
ST_2 : Operation 32 [1/1] (0.00ns)   --->   "%this_signed_load = getelementptr i1 %compacted_signed_load, i64 0, i64 %zext_ln1213" [/home/lab_726/boom/hls_boom/src/boom_core_merged.cpp:1213]   --->   Operation 32 'getelementptr' 'this_signed_load' <Predicate = true> <Delay = 0.00>
ST_2 : Operation 33 [1/1] (0.00ns)   --->   "%this_response_pending = getelementptr i1 %compacted_response_pending, i64 0, i64 %zext_ln1213" [/home/lab_726/boom/hls_boom/src/boom_core_merged.cpp:1213]   --->   Operation 33 'getelementptr' 'this_response_pending' <Predicate = true> <Delay = 0.00>
ST_2 : Operation 34 [1/1] (0.00ns)   --->   "%this_completed = getelementptr i1 %compacted_completed, i64 0, i64 %zext_ln1213" [/home/lab_726/boom/hls_boom/src/boom_core_merged.cpp:1213]   --->   Operation 34 'getelementptr' 'this_completed' <Predicate = true> <Delay = 0.00>
ST_2 : Operation 35 [1/1] (0.00ns)   --->   "%this_killed = getelementptr i1 %compacted_killed, i64 0, i64 %zext_ln1213" [/home/lab_726/boom/hls_boom/src/boom_core_merged.cpp:1213]   --->   Operation 35 'getelementptr' 'this_killed' <Predicate = true> <Delay = 0.00>
ST_2 : Operation 36 [1/1] (0.00ns)   --->   "%this_rob_idx = getelementptr i8 %compacted_rob_idx, i64 0, i64 %zext_ln1213" [/home/lab_726/boom/hls_boom/src/boom_core_merged.cpp:1213]   --->   Operation 36 'getelementptr' 'this_rob_idx' <Predicate = true> <Delay = 0.00>
ST_2 : Operation 37 [1/1] (0.00ns)   --->   "%this_size = getelementptr i8 %compacted_size, i64 0, i64 %zext_ln1213" [/home/lab_726/boom/hls_boom/src/boom_core_merged.cpp:1213]   --->   Operation 37 'getelementptr' 'this_size' <Predicate = true> <Delay = 0.00>
ST_2 : Operation 38 [1/1] (0.00ns)   --->   "%this_branch_mask = getelementptr i8 %compacted_branch_mask, i64 0, i64 %zext_ln1213" [/home/lab_726/boom/hls_boom/src/boom_core_merged.cpp:1213]   --->   Operation 38 'getelementptr' 'this_branch_mask' <Predicate = true> <Delay = 0.00>
ST_2 : Operation 39 [1/1] (0.00ns)   --->   "%this_transaction_id = getelementptr i32 %compacted_transaction_id, i64 0, i64 %zext_ln1213" [/home/lab_726/boom/hls_boom/src/boom_core_merged.cpp:1213]   --->   Operation 39 'getelementptr' 'this_transaction_id' <Predicate = true> <Delay = 0.00>
ST_2 : Operation 40 [1/1] (0.00ns)   --->   "%this_rob_allocation_id = getelementptr i32 %compacted_rob_allocation_id, i64 0, i64 %zext_ln1213" [/home/lab_726/boom/hls_boom/src/boom_core_merged.cpp:1213]   --->   Operation 40 'getelementptr' 'this_rob_allocation_id' <Predicate = true> <Delay = 0.00>
ST_2 : Operation 41 [1/1] (0.00ns)   --->   "%this_address = getelementptr i64 %compacted_address, i64 0, i64 %zext_ln1213" [/home/lab_726/boom/hls_boom/src/boom_core_merged.cpp:1213]   --->   Operation 41 'getelementptr' 'this_address' <Predicate = true> <Delay = 0.00>
ST_2 : Operation 42 [1/1] (0.00ns)   --->   "%this_result = getelementptr i64 %compacted_result, i64 0, i64 %zext_ln1213" [/home/lab_726/boom/hls_boom/src/boom_core_merged.cpp:1213]   --->   Operation 42 'getelementptr' 'this_result' <Predicate = true> <Delay = 0.00>
ST_2 : Operation 43 [1/1] (0.67ns)   --->   "%store_ln165 = store i1 0, i3 %this_valid" [/home/lab_726/boom/hls_boom/include/boom_state.hpp:165]   --->   Operation 43 'store' 'store_ln165' <Predicate = true> <Delay = 0.67> <CoreInst = "RAM">   --->   Core 83 'RAM' <Latency = 1> <II = 1> <Delay = 0.67> <Storage> <Opcode : 'load' 'store'> <Ports = 2> <Width = 1> <Depth = 8> <RAM>
ST_2 : Operation 44 [1/1] (0.67ns)   --->   "%store_ln165 = store i1 0, i3 %this_signed_load" [/home/lab_726/boom/hls_boom/include/boom_state.hpp:165]   --->   Operation 44 'store' 'store_ln165' <Predicate = true> <Delay = 0.67> <CoreInst = "RAM">   --->   Core 83 'RAM' <Latency = 1> <II = 1> <Delay = 0.67> <Storage> <Opcode : 'load' 'store'> <Ports = 2> <Width = 1> <Depth = 8> <RAM>
ST_2 : Operation 45 [1/1] (0.67ns)   --->   "%store_ln165 = store i1 0, i3 %this_response_pending" [/home/lab_726/boom/hls_boom/include/boom_state.hpp:165]   --->   Operation 45 'store' 'store_ln165' <Predicate = true> <Delay = 0.67> <CoreInst = "RAM">   --->   Core 83 'RAM' <Latency = 1> <II = 1> <Delay = 0.67> <Storage> <Opcode : 'load' 'store'> <Ports = 2> <Width = 1> <Depth = 8> <RAM>
ST_2 : Operation 46 [1/1] (0.67ns)   --->   "%store_ln166 = store i1 0, i3 %this_completed" [/home/lab_726/boom/hls_boom/include/boom_state.hpp:166]   --->   Operation 46 'store' 'store_ln166' <Predicate = true> <Delay = 0.67> <CoreInst = "RAM">   --->   Core 83 'RAM' <Latency = 1> <II = 1> <Delay = 0.67> <Storage> <Opcode : 'load' 'store'> <Ports = 2> <Width = 1> <Depth = 8> <RAM>
ST_2 : Operation 47 [1/1] (0.67ns)   --->   "%store_ln166 = store i1 0, i3 %this_killed" [/home/lab_726/boom/hls_boom/include/boom_state.hpp:166]   --->   Operation 47 'store' 'store_ln166' <Predicate = true> <Delay = 0.67> <CoreInst = "RAM">   --->   Core 83 'RAM' <Latency = 1> <II = 1> <Delay = 0.67> <Storage> <Opcode : 'load' 'store'> <Ports = 2> <Width = 1> <Depth = 8> <RAM>
ST_2 : Operation 48 [1/1] (0.67ns)   --->   "%store_ln166 = store i8 0, i3 %this_rob_idx" [/home/lab_726/boom/hls_boom/include/boom_state.hpp:166]   --->   Operation 48 'store' 'store_ln166' <Predicate = true> <Delay = 0.67> <CoreInst = "RAM">   --->   Core 83 'RAM' <Latency = 1> <II = 1> <Delay = 0.67> <Storage> <Opcode : 'load' 'store'> <Ports = 2> <Width = 8> <Depth = 8> <RAM>
ST_2 : Operation 49 [1/1] (0.67ns)   --->   "%store_ln166 = store i8 0, i3 %this_size" [/home/lab_726/boom/hls_boom/include/boom_state.hpp:166]   --->   Operation 49 'store' 'store_ln166' <Predicate = true> <Delay = 0.67> <CoreInst = "RAM">   --->   Core 83 'RAM' <Latency = 1> <II = 1> <Delay = 0.67> <Storage> <Opcode : 'load' 'store'> <Ports = 2> <Width = 8> <Depth = 8> <RAM>
ST_2 : Operation 50 [1/1] (0.67ns)   --->   "%store_ln166 = store i8 0, i3 %this_branch_mask" [/home/lab_726/boom/hls_boom/include/boom_state.hpp:166]   --->   Operation 50 'store' 'store_ln166' <Predicate = true> <Delay = 0.67> <CoreInst = "RAM">   --->   Core 83 'RAM' <Latency = 1> <II = 1> <Delay = 0.67> <Storage> <Opcode : 'load' 'store'> <Ports = 2> <Width = 8> <Depth = 8> <RAM>
ST_2 : Operation 51 [1/1] (0.67ns)   --->   "%store_ln167 = store i32 0, i3 %this_transaction_id" [/home/lab_726/boom/hls_boom/include/boom_state.hpp:167]   --->   Operation 51 'store' 'store_ln167' <Predicate = true> <Delay = 0.67> <CoreInst = "RAM">   --->   Core 83 'RAM' <Latency = 1> <II = 1> <Delay = 0.67> <Storage> <Opcode : 'load' 'store'> <Ports = 2> <Width = 32> <Depth = 8> <RAM>
ST_2 : Operation 52 [1/1] (0.67ns)   --->   "%store_ln167 = store i32 0, i3 %this_rob_allocation_id" [/home/lab_726/boom/hls_boom/include/boom_state.hpp:167]   --->   Operation 52 'store' 'store_ln167' <Predicate = true> <Delay = 0.67> <CoreInst = "RAM">   --->   Core 83 'RAM' <Latency = 1> <II = 1> <Delay = 0.67> <Storage> <Opcode : 'load' 'store'> <Ports = 2> <Width = 32> <Depth = 8> <RAM>
ST_2 : Operation 53 [1/1] (0.67ns)   --->   "%store_ln167 = store i64 0, i3 %this_address" [/home/lab_726/boom/hls_boom/include/boom_state.hpp:167]   --->   Operation 53 'store' 'store_ln167' <Predicate = true> <Delay = 0.67> <CoreInst = "RAM">   --->   Core 83 'RAM' <Latency = 1> <II = 1> <Delay = 0.67> <Storage> <Opcode : 'load' 'store'> <Ports = 2> <Width = 64> <Depth = 8> <RAM>
ST_2 : Operation 54 [1/1] (0.67ns)   --->   "%store_ln167 = store i64 0, i3 %this_result" [/home/lab_726/boom/hls_boom/include/boom_state.hpp:167]   --->   Operation 54 'store' 'store_ln167' <Predicate = true> <Delay = 0.67> <CoreInst = "RAM">   --->   Core 83 'RAM' <Latency = 1> <II = 1> <Delay = 0.67> <Storage> <Opcode : 'load' 'store'> <Ports = 2> <Width = 64> <Depth = 8> <RAM>
ST_2 : Operation 55 [1/1] (0.58ns)   --->   "%icmp_ln1213 = icmp_eq  i3 %indvar_load, i3 7" [/home/lab_726/boom/hls_boom/src/boom_core_merged.cpp:1213]   --->   Operation 55 'icmp' 'icmp_ln1213' <Predicate = true> <Delay = 0.58> <CoreInst = "Cmp">   --->   Core 9 'Cmp' <Latency = 0> <II = 1> <Delay = 0.72> <FuncUnit> <Opcode : 'icmp'> <InPorts = 2> <OutPorts = 1>
ST_2 : Operation 56 [1/1] (0.00ns)   --->   "%empty = speclooptripcount i32 @_ssdm_op_SpecLoopTripCount, i64 8, i64 8, i64 8"   --->   Operation 56 'speclooptripcount' 'empty' <Predicate = true> <Delay = 0.00>
ST_2 : Operation 57 [1/1] (0.00ns)   --->   "%br_ln1213 = br i1 %icmp_ln1213, void %arrayctor.loop.arrayctor.loop_crit_edge, void %.preheader.preheader" [/home/lab_726/boom/hls_boom/src/boom_core_merged.cpp:1213]   --->   Operation 57 'br' 'br_ln1213' <Predicate = true> <Delay = 0.00>
ST_2 : Operation 58 [1/1] (0.42ns)   --->   "%store_ln1213 = store i3 %add_ln1213, i3 %indvar" [/home/lab_726/boom/hls_boom/src/boom_core_merged.cpp:1213]   --->   Operation 58 'store' 'store_ln1213' <Predicate = (!icmp_ln1213)> <Delay = 0.42>
ST_2 : Operation 59 [1/1] (0.00ns)   --->   "%br_ln1213 = br void %arrayctor.loop" [/home/lab_726/boom/hls_boom/src/boom_core_merged.cpp:1213]   --->   Operation 59 'br' 'br_ln1213' <Predicate = (!icmp_ln1213)> <Delay = 0.00>
ST_2 : Operation 60 [1/1] (0.00ns)   --->   "%i_12 = alloca i32 1"   --->   Operation 60 'alloca' 'i_12' <Predicate = (icmp_ln1213)> <Delay = 0.00>
ST_2 : Operation 61 [1/1] (0.00ns)   --->   "%count = alloca i32 1"   --->   Operation 61 'alloca' 'count' <Predicate = (icmp_ln1213)> <Delay = 0.00>
ST_2 : Operation 62 [1/1] (0.42ns)   --->   "%store_ln1215 = store i32 0, i32 %count" [/home/lab_726/boom/hls_boom/src/boom_core_merged.cpp:1215]   --->   Operation 62 'store' 'store_ln1215' <Predicate = (icmp_ln1213)> <Delay = 0.42>
ST_2 : Operation 63 [1/1] (0.42ns)   --->   "%store_ln1215 = store i4 0, i4 %i_12" [/home/lab_726/boom/hls_boom/src/boom_core_merged.cpp:1215]   --->   Operation 63 'store' 'store_ln1215' <Predicate = (icmp_ln1213)> <Delay = 0.42>
ST_2 : Operation 64 [1/1] (0.00ns)   --->   "%br_ln1215 = br void %.preheader" [/home/lab_726/boom/hls_boom/src/boom_core_merged.cpp:1215]   --->   Operation 64 'br' 'br_ln1215' <Predicate = (icmp_ln1213)> <Delay = 0.00>

State 3 <SV = 2> <Delay = 1.14>
ST_3 : Operation 65 [1/1] (0.00ns)   --->   "%i_16 = load i4 %i_12" [/home/lab_726/boom/hls_boom/src/boom_core_merged.cpp:1215]   --->   Operation 65 'load' 'i_16' <Predicate = true> <Delay = 0.00>
ST_3 : Operation 66 [1/1] (0.00ns)   --->   "%count_2 = load i32 %count" [/home/lab_726/boom/hls_boom/src/boom_core_merged.cpp:1220]   --->   Operation 66 'load' 'count_2' <Predicate = true> <Delay = 0.00>
ST_3 : Operation 67 [1/1] (0.00ns)   --->   "%zext_ln1215 = zext i4 %i_16" [/home/lab_726/boom/hls_boom/src/boom_core_merged.cpp:1215]   --->   Operation 67 'zext' 'zext_ln1215' <Predicate = true> <Delay = 0.00>
ST_3 : Operation 68 [1/1] (0.72ns)   --->   "%icmp_ln1215 = icmp_eq  i4 %i_16, i4 8" [/home/lab_726/boom/hls_boom/src/boom_core_merged.cpp:1215]   --->   Operation 68 'icmp' 'icmp_ln1215' <Predicate = true> <Delay = 0.72> <CoreInst = "Cmp">   --->   Core 9 'Cmp' <Latency = 0> <II = 1> <Delay = 0.72> <FuncUnit> <Opcode : 'icmp'> <InPorts = 2> <OutPorts = 1>
ST_3 : Operation 69 [1/1] (0.00ns)   --->   "%empty_104 = speclooptripcount i32 @_ssdm_op_SpecLoopTripCount, i64 8, i64 8, i64 8"   --->   Operation 69 'speclooptripcount' 'empty_104' <Predicate = true> <Delay = 0.00>
ST_3 : Operation 70 [1/1] (0.79ns)   --->   "%add_ln1215 = add i4 %i_16, i4 1" [/home/lab_726/boom/hls_boom/src/boom_core_merged.cpp:1215]   --->   Operation 70 'add' 'add_ln1215' <Predicate = true> <Delay = 0.79> <CoreInst = "Adder">   --->   Core 1 'Adder' <Latency = 0> <II = 1> <Delay = 0.79> <FuncUnit> <Opcode : 'add' 'sub'> <InPorts = 2> <OutPorts = 1>
ST_3 : Operation 71 [1/1] (0.00ns)   --->   "%br_ln1215 = br i1 %icmp_ln1215, void %.split4, void %.lr.ph.preheader" [/home/lab_726/boom/hls_boom/src/boom_core_merged.cpp:1215]   --->   Operation 71 'br' 'br_ln1215' <Predicate = true> <Delay = 0.00>
ST_3 : Operation 72 [1/1] (0.00ns)   --->   "%state_lsu_ldq_valid_addr = getelementptr i1 %state_lsu_ldq_valid, i64 0, i64 %zext_ln1215" [/home/lab_726/boom/hls_boom/src/boom_core_merged.cpp:1216]   --->   Operation 72 'getelementptr' 'state_lsu_ldq_valid_addr' <Predicate = (!icmp_ln1215)> <Delay = 0.00>
ST_3 : Operation 73 [2/2] (0.67ns)   --->   "%state_lsu_ldq_valid_load = load i3 %state_lsu_ldq_valid_addr" [/home/lab_726/boom/hls_boom/src/boom_core_merged.cpp:1216]   --->   Operation 73 'load' 'state_lsu_ldq_valid_load' <Predicate = (!icmp_ln1215)> <Delay = 0.67> <CoreInst = "RAM">   --->   Core 83 'RAM' <Latency = 1> <II = 1> <Delay = 0.67> <Storage> <Opcode : 'load' 'store'> <Ports = 2> <Width = 1> <Depth = 8> <RAM>
ST_3 : Operation 74 [1/1] (0.00ns)   --->   "%i_13 = alloca i32 1"   --->   Operation 74 'alloca' 'i_13' <Predicate = (icmp_ln1215)> <Delay = 0.00>
ST_3 : Operation 75 [1/1] (0.42ns)   --->   "%store_ln1218 = store i32 %count_2, i32 %i_13" [/home/lab_726/boom/hls_boom/src/boom_core_merged.cpp:1218]   --->   Operation 75 'store' 'store_ln1218' <Predicate = (icmp_ln1215)> <Delay = 0.42>
ST_3 : Operation 76 [1/1] (0.00ns)   --->   "%br_ln1218 = br void %.lr.ph" [/home/lab_726/boom/hls_boom/src/boom_core_merged.cpp:1218]   --->   Operation 76 'br' 'br_ln1218' <Predicate = (icmp_ln1215)> <Delay = 0.00>

State 4 <SV = 3> <Delay = 0.67>
ST_4 : Operation 77 [1/1] (0.00ns)   --->   "%specloopname_ln1214 = specloopname void @_ssdm_op_SpecLoopName, void @empty_37" [/home/lab_726/boom/hls_boom/src/boom_core_merged.cpp:1214]   --->   Operation 77 'specloopname' 'specloopname_ln1214' <Predicate = true> <Delay = 0.00>
ST_4 : Operation 78 [1/2] (0.67ns)   --->   "%state_lsu_ldq_valid_load = load i3 %state_lsu_ldq_valid_addr" [/home/lab_726/boom/hls_boom/src/boom_core_merged.cpp:1216]   --->   Operation 78 'load' 'state_lsu_ldq_valid_load' <Predicate = true> <Delay = 0.67> <CoreInst = "RAM">   --->   Core 83 'RAM' <Latency = 1> <II = 1> <Delay = 0.67> <Storage> <Opcode : 'load' 'store'> <Ports = 2> <Width = 1> <Depth = 8> <RAM>
ST_4 : Operation 79 [1/1] (0.00ns)   --->   "%br_ln1216 = br i1 %state_lsu_ldq_valid_load, void %.split4._crit_edge, void" [/home/lab_726/boom/hls_boom/src/boom_core_merged.cpp:1216]   --->   Operation 79 'br' 'br_ln1216' <Predicate = true> <Delay = 0.00>
ST_4 : Operation 80 [1/1] (0.00ns)   --->   "%state_lsu_ldq_rob_idx_addr = getelementptr i8 %state_lsu_ldq_rob_idx, i64 0, i64 %zext_ln1215" [/home/lab_726/boom/hls_boom/src/boom_core_merged.cpp:1216]   --->   Operation 80 'getelementptr' 'state_lsu_ldq_rob_idx_addr' <Predicate = (state_lsu_ldq_valid_load)> <Delay = 0.00>
ST_4 : Operation 81 [2/2] (0.67ns)   --->   "%state_lsu_ldq_rob_idx_load = load i3 %state_lsu_ldq_rob_idx_addr" [/home/lab_726/boom/hls_boom/src/boom_core_merged.cpp:1216]   --->   Operation 81 'load' 'state_lsu_ldq_rob_idx_load' <Predicate = (state_lsu_ldq_valid_load)> <Delay = 0.67> <CoreInst = "RAM">   --->   Core 83 'RAM' <Latency = 1> <II = 1> <Delay = 0.67> <Storage> <Opcode : 'load' 'store'> <Ports = 2> <Width = 8> <Depth = 8> <RAM>
ST_4 : Operation 82 [1/1] (0.00ns)   --->   "%state_lsu_ldq_rob_allocation_id_addr = getelementptr i32 %state_lsu_ldq_rob_allocation_id, i64 0, i64 %zext_ln1215" [/home/lab_726/boom/hls_boom/src/boom_core_merged.cpp:1217]   --->   Operation 82 'getelementptr' 'state_lsu_ldq_rob_allocation_id_addr' <Predicate = (state_lsu_ldq_valid_load)> <Delay = 0.00>
ST_4 : Operation 83 [2/2] (0.67ns)   --->   "%state_lsu_ldq_rob_allocation_id_load = load i3 %state_lsu_ldq_rob_allocation_id_addr" [/home/lab_726/boom/hls_boom/src/boom_core_merged.cpp:1217]   --->   Operation 83 'load' 'state_lsu_ldq_rob_allocation_id_load' <Predicate = (state_lsu_ldq_valid_load)> <Delay = 0.67> <CoreInst = "RAM">   --->   Core 83 'RAM' <Latency = 1> <II = 1> <Delay = 0.67> <Storage> <Opcode : 'load' 'store'> <Ports = 2> <Width = 32> <Depth = 8> <RAM>

State 5 <SV = 4> <Delay = 2.63>
ST_5 : Operation 84 [1/2] (0.67ns)   --->   "%state_lsu_ldq_rob_idx_load = load i3 %state_lsu_ldq_rob_idx_addr" [/home/lab_726/boom/hls_boom/src/boom_core_merged.cpp:1216]   --->   Operation 84 'load' 'state_lsu_ldq_rob_idx_load' <Predicate = true> <Delay = 0.67> <CoreInst = "RAM">   --->   Core 83 'RAM' <Latency = 1> <II = 1> <Delay = 0.67> <Storage> <Opcode : 'load' 'store'> <Ports = 2> <Width = 8> <Depth = 8> <RAM>
ST_5 : Operation 85 [1/1] (0.84ns)   --->   "%icmp_ln1216 = icmp_ne  i8 %state_lsu_ldq_rob_idx_load, i8 %rob_idx_cast" [/home/lab_726/boom/hls_boom/src/boom_core_merged.cpp:1216]   --->   Operation 85 'icmp' 'icmp_ln1216' <Predicate = true> <Delay = 0.84> <CoreInst = "Cmp">   --->   Core 9 'Cmp' <Latency = 0> <II = 1> <Delay = 0.72> <FuncUnit> <Opcode : 'icmp'> <InPorts = 2> <OutPorts = 1>
ST_5 : Operation 86 [1/2] (0.67ns)   --->   "%state_lsu_ldq_rob_allocation_id_load = load i3 %state_lsu_ldq_rob_allocation_id_addr" [/home/lab_726/boom/hls_boom/src/boom_core_merged.cpp:1217]   --->   Operation 86 'load' 'state_lsu_ldq_rob_allocation_id_load' <Predicate = true> <Delay = 0.67> <CoreInst = "RAM">   --->   Core 83 'RAM' <Latency = 1> <II = 1> <Delay = 0.67> <Storage> <Opcode : 'load' 'store'> <Ports = 2> <Width = 32> <Depth = 8> <RAM>
ST_5 : Operation 87 [1/1] (0.99ns)   --->   "%icmp_ln1217 = icmp_ne  i32 %state_lsu_ldq_rob_allocation_id_load, i32 %allocation_id_read" [/home/lab_726/boom/hls_boom/src/boom_core_merged.cpp:1217]   --->   Operation 87 'icmp' 'icmp_ln1217' <Predicate = true> <Delay = 0.99> <CoreInst = "Cmp">   --->   Core 9 'Cmp' <Latency = 0> <II = 1> <Delay = 0.72> <FuncUnit> <Opcode : 'icmp'> <InPorts = 2> <OutPorts = 1>
ST_5 : Operation 88 [1/1] (0.28ns)   --->   "%or_ln1216 = or i1 %icmp_ln1216, i1 %icmp_ln1217" [/home/lab_726/boom/hls_boom/src/boom_core_merged.cpp:1216]   --->   Operation 88 'or' 'or_ln1216' <Predicate = true> <Delay = 0.28> <CoreInst = "LogicGate">   --->   Core 74 'LogicGate' <Latency = 0> <II = 1> <Delay = 0.28> <FuncUnit> <Opcode : 'and' 'or' 'xor'> <InPorts = 2> <OutPorts = 1>
ST_5 : Operation 89 [1/1] (0.00ns)   --->   "%br_ln1216 = br i1 %or_ln1216, void %.split4._crit_edge, void" [/home/lab_726/boom/hls_boom/src/boom_core_merged.cpp:1216]   --->   Operation 89 'br' 'br_ln1216' <Predicate = true> <Delay = 0.00>
ST_5 : Operation 90 [1/1] (1.01ns)   --->   "%count_3 = add i32 %count_2, i32 1" [/home/lab_726/boom/hls_boom/src/boom_core_merged.cpp:1217]   --->   Operation 90 'add' 'count_3' <Predicate = (or_ln1216)> <Delay = 1.01> <CoreInst = "Adder">   --->   Core 1 'Adder' <Latency = 0> <II = 1> <Delay = 0.79> <FuncUnit> <Opcode : 'add' 'sub'> <InPorts = 2> <OutPorts = 1>
ST_5 : Operation 91 [1/1] (0.00ns)   --->   "%zext_ln1217 = zext i32 %count_2" [/home/lab_726/boom/hls_boom/src/boom_core_merged.cpp:1217]   --->   Operation 91 'zext' 'zext_ln1217' <Predicate = (or_ln1216)> <Delay = 0.00>
ST_5 : Operation 92 [1/1] (0.00ns)   --->   "%compacted_valid_addr_1 = getelementptr i1 %compacted_valid, i64 0, i64 %zext_ln1217" [/home/lab_726/boom/hls_boom/src/boom_core_merged.cpp:1217]   --->   Operation 92 'getelementptr' 'compacted_valid_addr_1' <Predicate = (or_ln1216)> <Delay = 0.00>
ST_5 : Operation 93 [1/1] (0.00ns)   --->   "%compacted_rob_idx_addr_1 = getelementptr i8 %compacted_rob_idx, i64 0, i64 %zext_ln1217" [/home/lab_726/boom/hls_boom/src/boom_core_merged.cpp:1217]   --->   Operation 93 'getelementptr' 'compacted_rob_idx_addr_1' <Predicate = (or_ln1216)> <Delay = 0.00>
ST_5 : Operation 94 [1/1] (0.00ns)   --->   "%compacted_rob_allocation_id_addr_1 = getelementptr i32 %compacted_rob_allocation_id, i64 0, i64 %zext_ln1217" [/home/lab_726/boom/hls_boom/src/boom_core_merged.cpp:1217]   --->   Operation 94 'getelementptr' 'compacted_rob_allocation_id_addr_1' <Predicate = (or_ln1216)> <Delay = 0.00>
ST_5 : Operation 95 [1/1] (0.00ns)   --->   "%state_lsu_ldq_signed_load_addr = getelementptr i1 %state_lsu_ldq_signed_load, i64 0, i64 %zext_ln1215" [/home/lab_726/boom/hls_boom/src/boom_core_merged.cpp:1217]   --->   Operation 95 'getelementptr' 'state_lsu_ldq_signed_load_addr' <Predicate = (or_ln1216)> <Delay = 0.00>
ST_5 : Operation 96 [2/2] (0.67ns)   --->   "%state_lsu_ldq_signed_load_load = load i3 %state_lsu_ldq_signed_load_addr" [/home/lab_726/boom/hls_boom/src/boom_core_merged.cpp:1217]   --->   Operation 96 'load' 'state_lsu_ldq_signed_load_load' <Predicate = (or_ln1216)> <Delay = 0.67> <CoreInst = "RAM">   --->   Core 83 'RAM' <Latency = 1> <II = 1> <Delay = 0.67> <Storage> <Opcode : 'load' 'store'> <Ports = 2> <Width = 1> <Depth = 8> <RAM>
ST_5 : Operation 97 [1/1] (0.00ns)   --->   "%state_lsu_ldq_response_pending_addr = getelementptr i1 %state_lsu_ldq_response_pending, i64 0, i64 %zext_ln1215" [/home/lab_726/boom/hls_boom/src/boom_core_merged.cpp:1217]   --->   Operation 97 'getelementptr' 'state_lsu_ldq_response_pending_addr' <Predicate = (or_ln1216)> <Delay = 0.00>
ST_5 : Operation 98 [2/2] (0.67ns)   --->   "%state_lsu_ldq_response_pending_load = load i3 %state_lsu_ldq_response_pending_addr" [/home/lab_726/boom/hls_boom/src/boom_core_merged.cpp:1217]   --->   Operation 98 'load' 'state_lsu_ldq_response_pending_load' <Predicate = (or_ln1216)> <Delay = 0.67> <CoreInst = "RAM">   --->   Core 83 'RAM' <Latency = 1> <II = 1> <Delay = 0.67> <Storage> <Opcode : 'load' 'store'> <Ports = 2> <Width = 1> <Depth = 8> <RAM>
ST_5 : Operation 99 [1/1] (0.00ns)   --->   "%state_lsu_ldq_completed_addr = getelementptr i1 %state_lsu_ldq_completed, i64 0, i64 %zext_ln1215" [/home/lab_726/boom/hls_boom/src/boom_core_merged.cpp:1217]   --->   Operation 99 'getelementptr' 'state_lsu_ldq_completed_addr' <Predicate = (or_ln1216)> <Delay = 0.00>
ST_5 : Operation 100 [2/2] (0.67ns)   --->   "%state_lsu_ldq_completed_load = load i3 %state_lsu_ldq_completed_addr" [/home/lab_726/boom/hls_boom/src/boom_core_merged.cpp:1217]   --->   Operation 100 'load' 'state_lsu_ldq_completed_load' <Predicate = (or_ln1216)> <Delay = 0.67> <CoreInst = "RAM">   --->   Core 83 'RAM' <Latency = 1> <II = 1> <Delay = 0.67> <Storage> <Opcode : 'load' 'store'> <Ports = 2> <Width = 1> <Depth = 8> <RAM>
ST_5 : Operation 101 [1/1] (0.00ns)   --->   "%state_lsu_ldq_killed_addr = getelementptr i1 %state_lsu_ldq_killed, i64 0, i64 %zext_ln1215" [/home/lab_726/boom/hls_boom/src/boom_core_merged.cpp:1217]   --->   Operation 101 'getelementptr' 'state_lsu_ldq_killed_addr' <Predicate = (or_ln1216)> <Delay = 0.00>
ST_5 : Operation 102 [2/2] (0.67ns)   --->   "%state_lsu_ldq_killed_load = load i3 %state_lsu_ldq_killed_addr" [/home/lab_726/boom/hls_boom/src/boom_core_merged.cpp:1217]   --->   Operation 102 'load' 'state_lsu_ldq_killed_load' <Predicate = (or_ln1216)> <Delay = 0.67> <CoreInst = "RAM">   --->   Core 83 'RAM' <Latency = 1> <II = 1> <Delay = 0.67> <Storage> <Opcode : 'load' 'store'> <Ports = 2> <Width = 1> <Depth = 8> <RAM>
ST_5 : Operation 103 [1/1] (0.00ns)   --->   "%state_lsu_ldq_size_addr = getelementptr i8 %state_lsu_ldq_size, i64 0, i64 %zext_ln1215" [/home/lab_726/boom/hls_boom/src/boom_core_merged.cpp:1217]   --->   Operation 103 'getelementptr' 'state_lsu_ldq_size_addr' <Predicate = (or_ln1216)> <Delay = 0.00>
ST_5 : Operation 104 [2/2] (0.67ns)   --->   "%state_lsu_ldq_size_load = load i3 %state_lsu_ldq_size_addr" [/home/lab_726/boom/hls_boom/src/boom_core_merged.cpp:1217]   --->   Operation 104 'load' 'state_lsu_ldq_size_load' <Predicate = (or_ln1216)> <Delay = 0.67> <CoreInst = "RAM">   --->   Core 83 'RAM' <Latency = 1> <II = 1> <Delay = 0.67> <Storage> <Opcode : 'load' 'store'> <Ports = 2> <Width = 8> <Depth = 8> <RAM>
ST_5 : Operation 105 [1/1] (0.00ns)   --->   "%state_lsu_ldq_branch_mask_addr = getelementptr i8 %state_lsu_ldq_branch_mask, i64 0, i64 %zext_ln1215" [/home/lab_726/boom/hls_boom/src/boom_core_merged.cpp:1217]   --->   Operation 105 'getelementptr' 'state_lsu_ldq_branch_mask_addr' <Predicate = (or_ln1216)> <Delay = 0.00>
ST_5 : Operation 106 [2/2] (0.67ns)   --->   "%state_lsu_ldq_branch_mask_load = load i3 %state_lsu_ldq_branch_mask_addr" [/home/lab_726/boom/hls_boom/src/boom_core_merged.cpp:1217]   --->   Operation 106 'load' 'state_lsu_ldq_branch_mask_load' <Predicate = (or_ln1216)> <Delay = 0.67> <CoreInst = "RAM">   --->   Core 83 'RAM' <Latency = 1> <II = 1> <Delay = 0.67> <Storage> <Opcode : 'load' 'store'> <Ports = 2> <Width = 8> <Depth = 8> <RAM>
ST_5 : Operation 107 [1/1] (0.00ns)   --->   "%state_lsu_ldq_transaction_id_addr = getelementptr i32 %state_lsu_ldq_transaction_id, i64 0, i64 %zext_ln1215" [/home/lab_726/boom/hls_boom/src/boom_core_merged.cpp:1217]   --->   Operation 107 'getelementptr' 'state_lsu_ldq_transaction_id_addr' <Predicate = (or_ln1216)> <Delay = 0.00>
ST_5 : Operation 108 [2/2] (0.67ns)   --->   "%state_lsu_ldq_transaction_id_load = load i3 %state_lsu_ldq_transaction_id_addr" [/home/lab_726/boom/hls_boom/src/boom_core_merged.cpp:1217]   --->   Operation 108 'load' 'state_lsu_ldq_transaction_id_load' <Predicate = (or_ln1216)> <Delay = 0.67> <CoreInst = "RAM">   --->   Core 83 'RAM' <Latency = 1> <II = 1> <Delay = 0.67> <Storage> <Opcode : 'load' 'store'> <Ports = 2> <Width = 32> <Depth = 8> <RAM>
ST_5 : Operation 109 [1/1] (0.00ns)   --->   "%state_lsu_ldq_addr = getelementptr i64 %state_lsu_ldq_address, i64 0, i64 %zext_ln1215" [/home/lab_726/boom/hls_boom/src/boom_core_merged.cpp:1217]   --->   Operation 109 'getelementptr' 'state_lsu_ldq_addr' <Predicate = (or_ln1216)> <Delay = 0.00>
ST_5 : Operation 110 [2/2] (0.67ns)   --->   "%state_lsu_ldq_load = load i3 %state_lsu_ldq_addr" [/home/lab_726/boom/hls_boom/src/boom_core_merged.cpp:1217]   --->   Operation 110 'load' 'state_lsu_ldq_load' <Predicate = (or_ln1216)> <Delay = 0.67> <CoreInst = "RAM">   --->   Core 83 'RAM' <Latency = 1> <II = 1> <Delay = 0.67> <Storage> <Opcode : 'load' 'store'> <Ports = 2> <Width = 64> <Depth = 8> <RAM>
ST_5 : Operation 111 [1/1] (0.00ns)   --->   "%state_lsu_ldq_result_addr = getelementptr i64 %state_lsu_ldq_result, i64 0, i64 %zext_ln1215" [/home/lab_726/boom/hls_boom/src/boom_core_merged.cpp:1217]   --->   Operation 111 'getelementptr' 'state_lsu_ldq_result_addr' <Predicate = (or_ln1216)> <Delay = 0.00>
ST_5 : Operation 112 [2/2] (0.67ns)   --->   "%state_lsu_ldq_result_load = load i3 %state_lsu_ldq_result_addr" [/home/lab_726/boom/hls_boom/src/boom_core_merged.cpp:1217]   --->   Operation 112 'load' 'state_lsu_ldq_result_load' <Predicate = (or_ln1216)> <Delay = 0.67> <CoreInst = "RAM">   --->   Core 83 'RAM' <Latency = 1> <II = 1> <Delay = 0.67> <Storage> <Opcode : 'load' 'store'> <Ports = 2> <Width = 64> <Depth = 8> <RAM>
ST_5 : Operation 113 [1/1] (0.67ns)   --->   "%store_ln1217 = store i1 1, i3 %compacted_valid_addr_1" [/home/lab_726/boom/hls_boom/src/boom_core_merged.cpp:1217]   --->   Operation 113 'store' 'store_ln1217' <Predicate = (or_ln1216)> <Delay = 0.67> <CoreInst = "RAM">   --->   Core 83 'RAM' <Latency = 1> <II = 1> <Delay = 0.67> <Storage> <Opcode : 'load' 'store'> <Ports = 2> <Width = 1> <Depth = 8> <RAM>
ST_5 : Operation 114 [1/1] (0.67ns)   --->   "%store_ln1217 = store i8 %state_lsu_ldq_rob_idx_load, i3 %compacted_rob_idx_addr_1" [/home/lab_726/boom/hls_boom/src/boom_core_merged.cpp:1217]   --->   Operation 114 'store' 'store_ln1217' <Predicate = (or_ln1216)> <Delay = 0.67> <CoreInst = "RAM">   --->   Core 83 'RAM' <Latency = 1> <II = 1> <Delay = 0.67> <Storage> <Opcode : 'load' 'store'> <Ports = 2> <Width = 8> <Depth = 8> <RAM>
ST_5 : Operation 115 [1/1] (0.67ns)   --->   "%store_ln1217 = store i32 %state_lsu_ldq_rob_allocation_id_load, i3 %compacted_rob_allocation_id_addr_1" [/home/lab_726/boom/hls_boom/src/boom_core_merged.cpp:1217]   --->   Operation 115 'store' 'store_ln1217' <Predicate = (or_ln1216)> <Delay = 0.67> <CoreInst = "RAM">   --->   Core 83 'RAM' <Latency = 1> <II = 1> <Delay = 0.67> <Storage> <Opcode : 'load' 'store'> <Ports = 2> <Width = 32> <Depth = 8> <RAM>
ST_5 : Operation 116 [1/1] (0.42ns)   --->   "%store_ln1217 = store i32 %count_3, i32 %count" [/home/lab_726/boom/hls_boom/src/boom_core_merged.cpp:1217]   --->   Operation 116 'store' 'store_ln1217' <Predicate = (or_ln1216)> <Delay = 0.42>

State 6 <SV = 5> <Delay = 1.35>
ST_6 : Operation 117 [1/1] (0.00ns)   --->   "%compacted_signed_load_addr_1 = getelementptr i1 %compacted_signed_load, i64 0, i64 %zext_ln1217" [/home/lab_726/boom/hls_boom/src/boom_core_merged.cpp:1217]   --->   Operation 117 'getelementptr' 'compacted_signed_load_addr_1' <Predicate = (state_lsu_ldq_valid_load & or_ln1216)> <Delay = 0.00>
ST_6 : Operation 118 [1/1] (0.00ns)   --->   "%compacted_response_pending_addr_1 = getelementptr i1 %compacted_response_pending, i64 0, i64 %zext_ln1217" [/home/lab_726/boom/hls_boom/src/boom_core_merged.cpp:1217]   --->   Operation 118 'getelementptr' 'compacted_response_pending_addr_1' <Predicate = (state_lsu_ldq_valid_load & or_ln1216)> <Delay = 0.00>
ST_6 : Operation 119 [1/1] (0.00ns)   --->   "%compacted_completed_addr_1 = getelementptr i1 %compacted_completed, i64 0, i64 %zext_ln1217" [/home/lab_726/boom/hls_boom/src/boom_core_merged.cpp:1217]   --->   Operation 119 'getelementptr' 'compacted_completed_addr_1' <Predicate = (state_lsu_ldq_valid_load & or_ln1216)> <Delay = 0.00>
ST_6 : Operation 120 [1/1] (0.00ns)   --->   "%compacted_killed_addr_1 = getelementptr i1 %compacted_killed, i64 0, i64 %zext_ln1217" [/home/lab_726/boom/hls_boom/src/boom_core_merged.cpp:1217]   --->   Operation 120 'getelementptr' 'compacted_killed_addr_1' <Predicate = (state_lsu_ldq_valid_load & or_ln1216)> <Delay = 0.00>
ST_6 : Operation 121 [1/1] (0.00ns)   --->   "%compacted_size_addr_1 = getelementptr i8 %compacted_size, i64 0, i64 %zext_ln1217" [/home/lab_726/boom/hls_boom/src/boom_core_merged.cpp:1217]   --->   Operation 121 'getelementptr' 'compacted_size_addr_1' <Predicate = (state_lsu_ldq_valid_load & or_ln1216)> <Delay = 0.00>
ST_6 : Operation 122 [1/1] (0.00ns)   --->   "%compacted_branch_mask_addr_1 = getelementptr i8 %compacted_branch_mask, i64 0, i64 %zext_ln1217" [/home/lab_726/boom/hls_boom/src/boom_core_merged.cpp:1217]   --->   Operation 122 'getelementptr' 'compacted_branch_mask_addr_1' <Predicate = (state_lsu_ldq_valid_load & or_ln1216)> <Delay = 0.00>
ST_6 : Operation 123 [1/1] (0.00ns)   --->   "%compacted_transaction_id_addr_1 = getelementptr i32 %compacted_transaction_id, i64 0, i64 %zext_ln1217" [/home/lab_726/boom/hls_boom/src/boom_core_merged.cpp:1217]   --->   Operation 123 'getelementptr' 'compacted_transaction_id_addr_1' <Predicate = (state_lsu_ldq_valid_load & or_ln1216)> <Delay = 0.00>
ST_6 : Operation 124 [1/1] (0.00ns)   --->   "%compacted_addr_1 = getelementptr i64 %compacted_address, i64 0, i64 %zext_ln1217" [/home/lab_726/boom/hls_boom/src/boom_core_merged.cpp:1217]   --->   Operation 124 'getelementptr' 'compacted_addr_1' <Predicate = (state_lsu_ldq_valid_load & or_ln1216)> <Delay = 0.00>
ST_6 : Operation 125 [1/1] (0.00ns)   --->   "%compacted_result_addr_1 = getelementptr i64 %compacted_result, i64 0, i64 %zext_ln1217" [/home/lab_726/boom/hls_boom/src/boom_core_merged.cpp:1217]   --->   Operation 125 'getelementptr' 'compacted_result_addr_1' <Predicate = (state_lsu_ldq_valid_load & or_ln1216)> <Delay = 0.00>
ST_6 : Operation 126 [1/2] (0.67ns)   --->   "%state_lsu_ldq_signed_load_load = load i3 %state_lsu_ldq_signed_load_addr" [/home/lab_726/boom/hls_boom/src/boom_core_merged.cpp:1217]   --->   Operation 126 'load' 'state_lsu_ldq_signed_load_load' <Predicate = (state_lsu_ldq_valid_load & or_ln1216)> <Delay = 0.67> <CoreInst = "RAM">   --->   Core 83 'RAM' <Latency = 1> <II = 1> <Delay = 0.67> <Storage> <Opcode : 'load' 'store'> <Ports = 2> <Width = 1> <Depth = 8> <RAM>
ST_6 : Operation 127 [1/2] (0.67ns)   --->   "%state_lsu_ldq_response_pending_load = load i3 %state_lsu_ldq_response_pending_addr" [/home/lab_726/boom/hls_boom/src/boom_core_merged.cpp:1217]   --->   Operation 127 'load' 'state_lsu_ldq_response_pending_load' <Predicate = (state_lsu_ldq_valid_load & or_ln1216)> <Delay = 0.67> <CoreInst = "RAM">   --->   Core 83 'RAM' <Latency = 1> <II = 1> <Delay = 0.67> <Storage> <Opcode : 'load' 'store'> <Ports = 2> <Width = 1> <Depth = 8> <RAM>
ST_6 : Operation 128 [1/2] (0.67ns)   --->   "%state_lsu_ldq_completed_load = load i3 %state_lsu_ldq_completed_addr" [/home/lab_726/boom/hls_boom/src/boom_core_merged.cpp:1217]   --->   Operation 128 'load' 'state_lsu_ldq_completed_load' <Predicate = (state_lsu_ldq_valid_load & or_ln1216)> <Delay = 0.67> <CoreInst = "RAM">   --->   Core 83 'RAM' <Latency = 1> <II = 1> <Delay = 0.67> <Storage> <Opcode : 'load' 'store'> <Ports = 2> <Width = 1> <Depth = 8> <RAM>
ST_6 : Operation 129 [1/2] (0.67ns)   --->   "%state_lsu_ldq_killed_load = load i3 %state_lsu_ldq_killed_addr" [/home/lab_726/boom/hls_boom/src/boom_core_merged.cpp:1217]   --->   Operation 129 'load' 'state_lsu_ldq_killed_load' <Predicate = (state_lsu_ldq_valid_load & or_ln1216)> <Delay = 0.67> <CoreInst = "RAM">   --->   Core 83 'RAM' <Latency = 1> <II = 1> <Delay = 0.67> <Storage> <Opcode : 'load' 'store'> <Ports = 2> <Width = 1> <Depth = 8> <RAM>
ST_6 : Operation 130 [1/2] (0.67ns)   --->   "%state_lsu_ldq_size_load = load i3 %state_lsu_ldq_size_addr" [/home/lab_726/boom/hls_boom/src/boom_core_merged.cpp:1217]   --->   Operation 130 'load' 'state_lsu_ldq_size_load' <Predicate = (state_lsu_ldq_valid_load & or_ln1216)> <Delay = 0.67> <CoreInst = "RAM">   --->   Core 83 'RAM' <Latency = 1> <II = 1> <Delay = 0.67> <Storage> <Opcode : 'load' 'store'> <Ports = 2> <Width = 8> <Depth = 8> <RAM>
ST_6 : Operation 131 [1/2] (0.67ns)   --->   "%state_lsu_ldq_branch_mask_load = load i3 %state_lsu_ldq_branch_mask_addr" [/home/lab_726/boom/hls_boom/src/boom_core_merged.cpp:1217]   --->   Operation 131 'load' 'state_lsu_ldq_branch_mask_load' <Predicate = (state_lsu_ldq_valid_load & or_ln1216)> <Delay = 0.67> <CoreInst = "RAM">   --->   Core 83 'RAM' <Latency = 1> <II = 1> <Delay = 0.67> <Storage> <Opcode : 'load' 'store'> <Ports = 2> <Width = 8> <Depth = 8> <RAM>
ST_6 : Operation 132 [1/2] (0.67ns)   --->   "%state_lsu_ldq_transaction_id_load = load i3 %state_lsu_ldq_transaction_id_addr" [/home/lab_726/boom/hls_boom/src/boom_core_merged.cpp:1217]   --->   Operation 132 'load' 'state_lsu_ldq_transaction_id_load' <Predicate = (state_lsu_ldq_valid_load & or_ln1216)> <Delay = 0.67> <CoreInst = "RAM">   --->   Core 83 'RAM' <Latency = 1> <II = 1> <Delay = 0.67> <Storage> <Opcode : 'load' 'store'> <Ports = 2> <Width = 32> <Depth = 8> <RAM>
ST_6 : Operation 133 [1/2] (0.67ns)   --->   "%state_lsu_ldq_load = load i3 %state_lsu_ldq_addr" [/home/lab_726/boom/hls_boom/src/boom_core_merged.cpp:1217]   --->   Operation 133 'load' 'state_lsu_ldq_load' <Predicate = (state_lsu_ldq_valid_load & or_ln1216)> <Delay = 0.67> <CoreInst = "RAM">   --->   Core 83 'RAM' <Latency = 1> <II = 1> <Delay = 0.67> <Storage> <Opcode : 'load' 'store'> <Ports = 2> <Width = 64> <Depth = 8> <RAM>
ST_6 : Operation 134 [1/2] (0.67ns)   --->   "%state_lsu_ldq_result_load = load i3 %state_lsu_ldq_result_addr" [/home/lab_726/boom/hls_boom/src/boom_core_merged.cpp:1217]   --->   Operation 134 'load' 'state_lsu_ldq_result_load' <Predicate = (state_lsu_ldq_valid_load & or_ln1216)> <Delay = 0.67> <CoreInst = "RAM">   --->   Core 83 'RAM' <Latency = 1> <II = 1> <Delay = 0.67> <Storage> <Opcode : 'load' 'store'> <Ports = 2> <Width = 64> <Depth = 8> <RAM>
ST_6 : Operation 135 [1/1] (0.67ns)   --->   "%store_ln1217 = store i1 %state_lsu_ldq_signed_load_load, i3 %compacted_signed_load_addr_1" [/home/lab_726/boom/hls_boom/src/boom_core_merged.cpp:1217]   --->   Operation 135 'store' 'store_ln1217' <Predicate = (state_lsu_ldq_valid_load & or_ln1216)> <Delay = 0.67> <CoreInst = "RAM">   --->   Core 83 'RAM' <Latency = 1> <II = 1> <Delay = 0.67> <Storage> <Opcode : 'load' 'store'> <Ports = 2> <Width = 1> <Depth = 8> <RAM>
ST_6 : Operation 136 [1/1] (0.67ns)   --->   "%store_ln1217 = store i1 %state_lsu_ldq_response_pending_load, i3 %compacted_response_pending_addr_1" [/home/lab_726/boom/hls_boom/src/boom_core_merged.cpp:1217]   --->   Operation 136 'store' 'store_ln1217' <Predicate = (state_lsu_ldq_valid_load & or_ln1216)> <Delay = 0.67> <CoreInst = "RAM">   --->   Core 83 'RAM' <Latency = 1> <II = 1> <Delay = 0.67> <Storage> <Opcode : 'load' 'store'> <Ports = 2> <Width = 1> <Depth = 8> <RAM>
ST_6 : Operation 137 [1/1] (0.67ns)   --->   "%store_ln1217 = store i1 %state_lsu_ldq_completed_load, i3 %compacted_completed_addr_1" [/home/lab_726/boom/hls_boom/src/boom_core_merged.cpp:1217]   --->   Operation 137 'store' 'store_ln1217' <Predicate = (state_lsu_ldq_valid_load & or_ln1216)> <Delay = 0.67> <CoreInst = "RAM">   --->   Core 83 'RAM' <Latency = 1> <II = 1> <Delay = 0.67> <Storage> <Opcode : 'load' 'store'> <Ports = 2> <Width = 1> <Depth = 8> <RAM>
ST_6 : Operation 138 [1/1] (0.67ns)   --->   "%store_ln1217 = store i1 %state_lsu_ldq_killed_load, i3 %compacted_killed_addr_1" [/home/lab_726/boom/hls_boom/src/boom_core_merged.cpp:1217]   --->   Operation 138 'store' 'store_ln1217' <Predicate = (state_lsu_ldq_valid_load & or_ln1216)> <Delay = 0.67> <CoreInst = "RAM">   --->   Core 83 'RAM' <Latency = 1> <II = 1> <Delay = 0.67> <Storage> <Opcode : 'load' 'store'> <Ports = 2> <Width = 1> <Depth = 8> <RAM>
ST_6 : Operation 139 [1/1] (0.67ns)   --->   "%store_ln1217 = store i8 %state_lsu_ldq_size_load, i3 %compacted_size_addr_1" [/home/lab_726/boom/hls_boom/src/boom_core_merged.cpp:1217]   --->   Operation 139 'store' 'store_ln1217' <Predicate = (state_lsu_ldq_valid_load & or_ln1216)> <Delay = 0.67> <CoreInst = "RAM">   --->   Core 83 'RAM' <Latency = 1> <II = 1> <Delay = 0.67> <Storage> <Opcode : 'load' 'store'> <Ports = 2> <Width = 8> <Depth = 8> <RAM>
ST_6 : Operation 140 [1/1] (0.67ns)   --->   "%store_ln1217 = store i8 %state_lsu_ldq_branch_mask_load, i3 %compacted_branch_mask_addr_1" [/home/lab_726/boom/hls_boom/src/boom_core_merged.cpp:1217]   --->   Operation 140 'store' 'store_ln1217' <Predicate = (state_lsu_ldq_valid_load & or_ln1216)> <Delay = 0.67> <CoreInst = "RAM">   --->   Core 83 'RAM' <Latency = 1> <II = 1> <Delay = 0.67> <Storage> <Opcode : 'load' 'store'> <Ports = 2> <Width = 8> <Depth = 8> <RAM>
ST_6 : Operation 141 [1/1] (0.67ns)   --->   "%store_ln1217 = store i32 %state_lsu_ldq_transaction_id_load, i3 %compacted_transaction_id_addr_1" [/home/lab_726/boom/hls_boom/src/boom_core_merged.cpp:1217]   --->   Operation 141 'store' 'store_ln1217' <Predicate = (state_lsu_ldq_valid_load & or_ln1216)> <Delay = 0.67> <CoreInst = "RAM">   --->   Core 83 'RAM' <Latency = 1> <II = 1> <Delay = 0.67> <Storage> <Opcode : 'load' 'store'> <Ports = 2> <Width = 32> <Depth = 8> <RAM>
ST_6 : Operation 142 [1/1] (0.67ns)   --->   "%store_ln1217 = store i64 %state_lsu_ldq_load, i3 %compacted_addr_1" [/home/lab_726/boom/hls_boom/src/boom_core_merged.cpp:1217]   --->   Operation 142 'store' 'store_ln1217' <Predicate = (state_lsu_ldq_valid_load & or_ln1216)> <Delay = 0.67> <CoreInst = "RAM">   --->   Core 83 'RAM' <Latency = 1> <II = 1> <Delay = 0.67> <Storage> <Opcode : 'load' 'store'> <Ports = 2> <Width = 64> <Depth = 8> <RAM>
ST_6 : Operation 143 [1/1] (0.67ns)   --->   "%store_ln1217 = store i64 %state_lsu_ldq_result_load, i3 %compacted_result_addr_1" [/home/lab_726/boom/hls_boom/src/boom_core_merged.cpp:1217]   --->   Operation 143 'store' 'store_ln1217' <Predicate = (state_lsu_ldq_valid_load & or_ln1216)> <Delay = 0.67> <CoreInst = "RAM">   --->   Core 83 'RAM' <Latency = 1> <II = 1> <Delay = 0.67> <Storage> <Opcode : 'load' 'store'> <Ports = 2> <Width = 64> <Depth = 8> <RAM>
ST_6 : Operation 144 [1/1] (0.00ns)   --->   "%br_ln1217 = br void %.split4._crit_edge" [/home/lab_726/boom/hls_boom/src/boom_core_merged.cpp:1217]   --->   Operation 144 'br' 'br_ln1217' <Predicate = (state_lsu_ldq_valid_load & or_ln1216)> <Delay = 0.00>
ST_6 : Operation 145 [1/1] (0.42ns)   --->   "%store_ln1215 = store i4 %add_ln1215, i4 %i_12" [/home/lab_726/boom/hls_boom/src/boom_core_merged.cpp:1215]   --->   Operation 145 'store' 'store_ln1215' <Predicate = true> <Delay = 0.42>
ST_6 : Operation 146 [1/1] (0.00ns)   --->   "%br_ln0 = br void %.preheader"   --->   Operation 146 'br' 'br_ln0' <Predicate = true> <Delay = 0.00>

State 7 <SV = 3> <Delay = 1.68>
ST_7 : Operation 147 [1/1] (0.00ns)   --->   "%i_17 = load i32 %i_13" [/home/lab_726/boom/hls_boom/src/boom_core_merged.cpp:1218]   --->   Operation 147 'load' 'i_17' <Predicate = true> <Delay = 0.00>
ST_7 : Operation 148 [1/1] (0.00ns)   --->   "%zext_ln1218 = zext i32 %i_17" [/home/lab_726/boom/hls_boom/src/boom_core_merged.cpp:1218]   --->   Operation 148 'zext' 'zext_ln1218' <Predicate = true> <Delay = 0.00>
ST_7 : Operation 149 [1/1] (0.00ns)   --->   "%tmp = partselect i29 @_ssdm_op_PartSelect.i29.i32.i32.i32, i32 %i_17, i32 3, i32 31" [/home/lab_726/boom/hls_boom/src/boom_core_merged.cpp:1218]   --->   Operation 149 'partselect' 'tmp' <Predicate = true> <Delay = 0.00>
ST_7 : Operation 150 [1/1] (1.01ns)   --->   "%icmp_ln1218 = icmp_slt  i29 %tmp, i29 1" [/home/lab_726/boom/hls_boom/src/boom_core_merged.cpp:1218]   --->   Operation 150 'icmp' 'icmp_ln1218' <Predicate = true> <Delay = 1.01> <CoreInst = "Cmp">   --->   Core 9 'Cmp' <Latency = 0> <II = 1> <Delay = 0.72> <FuncUnit> <Opcode : 'icmp'> <InPorts = 2> <OutPorts = 1>
ST_7 : Operation 151 [1/1] (0.00ns)   --->   "%br_ln1218 = br i1 %icmp_ln1218, void %._crit_edge.loopexit.preheader, void %.split2" [/home/lab_726/boom/hls_boom/src/boom_core_merged.cpp:1218]   --->   Operation 151 'br' 'br_ln1218' <Predicate = true> <Delay = 0.00>
ST_7 : Operation 152 [1/1] (0.00ns)   --->   "%specloopname_ln1218 = specloopname void @_ssdm_op_SpecLoopName, void @empty_24" [/home/lab_726/boom/hls_boom/src/boom_core_merged.cpp:1218]   --->   Operation 152 'specloopname' 'specloopname_ln1218' <Predicate = (icmp_ln1218)> <Delay = 0.00>
ST_7 : Operation 153 [1/1] (0.00ns)   --->   "%compacted_valid_addr = getelementptr i1 %compacted_valid, i64 0, i64 %zext_ln1218" [/home/lab_726/boom/hls_boom/src/boom_core_merged.cpp:1218]   --->   Operation 153 'getelementptr' 'compacted_valid_addr' <Predicate = (icmp_ln1218)> <Delay = 0.00>
ST_7 : Operation 154 [1/1] (0.00ns)   --->   "%compacted_signed_load_addr = getelementptr i1 %compacted_signed_load, i64 0, i64 %zext_ln1218" [/home/lab_726/boom/hls_boom/src/boom_core_merged.cpp:1218]   --->   Operation 154 'getelementptr' 'compacted_signed_load_addr' <Predicate = (icmp_ln1218)> <Delay = 0.00>
ST_7 : Operation 155 [1/1] (0.00ns)   --->   "%compacted_response_pending_addr = getelementptr i1 %compacted_response_pending, i64 0, i64 %zext_ln1218" [/home/lab_726/boom/hls_boom/src/boom_core_merged.cpp:1218]   --->   Operation 155 'getelementptr' 'compacted_response_pending_addr' <Predicate = (icmp_ln1218)> <Delay = 0.00>
ST_7 : Operation 156 [1/1] (0.00ns)   --->   "%compacted_completed_addr = getelementptr i1 %compacted_completed, i64 0, i64 %zext_ln1218" [/home/lab_726/boom/hls_boom/src/boom_core_merged.cpp:1218]   --->   Operation 156 'getelementptr' 'compacted_completed_addr' <Predicate = (icmp_ln1218)> <Delay = 0.00>
ST_7 : Operation 157 [1/1] (0.00ns)   --->   "%compacted_killed_addr = getelementptr i1 %compacted_killed, i64 0, i64 %zext_ln1218" [/home/lab_726/boom/hls_boom/src/boom_core_merged.cpp:1218]   --->   Operation 157 'getelementptr' 'compacted_killed_addr' <Predicate = (icmp_ln1218)> <Delay = 0.00>
ST_7 : Operation 158 [1/1] (0.00ns)   --->   "%compacted_rob_idx_addr = getelementptr i8 %compacted_rob_idx, i64 0, i64 %zext_ln1218" [/home/lab_726/boom/hls_boom/src/boom_core_merged.cpp:1218]   --->   Operation 158 'getelementptr' 'compacted_rob_idx_addr' <Predicate = (icmp_ln1218)> <Delay = 0.00>
ST_7 : Operation 159 [1/1] (0.00ns)   --->   "%compacted_size_addr = getelementptr i8 %compacted_size, i64 0, i64 %zext_ln1218" [/home/lab_726/boom/hls_boom/src/boom_core_merged.cpp:1218]   --->   Operation 159 'getelementptr' 'compacted_size_addr' <Predicate = (icmp_ln1218)> <Delay = 0.00>
ST_7 : Operation 160 [1/1] (0.00ns)   --->   "%compacted_branch_mask_addr = getelementptr i8 %compacted_branch_mask, i64 0, i64 %zext_ln1218" [/home/lab_726/boom/hls_boom/src/boom_core_merged.cpp:1218]   --->   Operation 160 'getelementptr' 'compacted_branch_mask_addr' <Predicate = (icmp_ln1218)> <Delay = 0.00>
ST_7 : Operation 161 [1/1] (0.00ns)   --->   "%compacted_transaction_id_addr = getelementptr i32 %compacted_transaction_id, i64 0, i64 %zext_ln1218" [/home/lab_726/boom/hls_boom/src/boom_core_merged.cpp:1218]   --->   Operation 161 'getelementptr' 'compacted_transaction_id_addr' <Predicate = (icmp_ln1218)> <Delay = 0.00>
ST_7 : Operation 162 [1/1] (0.00ns)   --->   "%compacted_rob_allocation_id_addr = getelementptr i32 %compacted_rob_allocation_id, i64 0, i64 %zext_ln1218" [/home/lab_726/boom/hls_boom/src/boom_core_merged.cpp:1218]   --->   Operation 162 'getelementptr' 'compacted_rob_allocation_id_addr' <Predicate = (icmp_ln1218)> <Delay = 0.00>
ST_7 : Operation 163 [1/1] (0.00ns)   --->   "%compacted_addr = getelementptr i64 %compacted_address, i64 0, i64 %zext_ln1218" [/home/lab_726/boom/hls_boom/src/boom_core_merged.cpp:1218]   --->   Operation 163 'getelementptr' 'compacted_addr' <Predicate = (icmp_ln1218)> <Delay = 0.00>
ST_7 : Operation 164 [1/1] (0.00ns)   --->   "%compacted_result_addr = getelementptr i64 %compacted_result, i64 0, i64 %zext_ln1218" [/home/lab_726/boom/hls_boom/src/boom_core_merged.cpp:1218]   --->   Operation 164 'getelementptr' 'compacted_result_addr' <Predicate = (icmp_ln1218)> <Delay = 0.00>
ST_7 : Operation 165 [1/1] (0.67ns)   --->   "%store_ln1218 = store i1 0, i3 %compacted_valid_addr" [/home/lab_726/boom/hls_boom/src/boom_core_merged.cpp:1218]   --->   Operation 165 'store' 'store_ln1218' <Predicate = (icmp_ln1218)> <Delay = 0.67> <CoreInst = "RAM">   --->   Core 83 'RAM' <Latency = 1> <II = 1> <Delay = 0.67> <Storage> <Opcode : 'load' 'store'> <Ports = 2> <Width = 1> <Depth = 8> <RAM>
ST_7 : Operation 166 [1/1] (0.67ns)   --->   "%store_ln1218 = store i1 0, i3 %compacted_signed_load_addr" [/home/lab_726/boom/hls_boom/src/boom_core_merged.cpp:1218]   --->   Operation 166 'store' 'store_ln1218' <Predicate = (icmp_ln1218)> <Delay = 0.67> <CoreInst = "RAM">   --->   Core 83 'RAM' <Latency = 1> <II = 1> <Delay = 0.67> <Storage> <Opcode : 'load' 'store'> <Ports = 2> <Width = 1> <Depth = 8> <RAM>
ST_7 : Operation 167 [1/1] (0.67ns)   --->   "%store_ln1218 = store i1 0, i3 %compacted_response_pending_addr" [/home/lab_726/boom/hls_boom/src/boom_core_merged.cpp:1218]   --->   Operation 167 'store' 'store_ln1218' <Predicate = (icmp_ln1218)> <Delay = 0.67> <CoreInst = "RAM">   --->   Core 83 'RAM' <Latency = 1> <II = 1> <Delay = 0.67> <Storage> <Opcode : 'load' 'store'> <Ports = 2> <Width = 1> <Depth = 8> <RAM>
ST_7 : Operation 168 [1/1] (0.67ns)   --->   "%store_ln1218 = store i1 0, i3 %compacted_completed_addr" [/home/lab_726/boom/hls_boom/src/boom_core_merged.cpp:1218]   --->   Operation 168 'store' 'store_ln1218' <Predicate = (icmp_ln1218)> <Delay = 0.67> <CoreInst = "RAM">   --->   Core 83 'RAM' <Latency = 1> <II = 1> <Delay = 0.67> <Storage> <Opcode : 'load' 'store'> <Ports = 2> <Width = 1> <Depth = 8> <RAM>
ST_7 : Operation 169 [1/1] (0.67ns)   --->   "%store_ln1218 = store i1 0, i3 %compacted_killed_addr" [/home/lab_726/boom/hls_boom/src/boom_core_merged.cpp:1218]   --->   Operation 169 'store' 'store_ln1218' <Predicate = (icmp_ln1218)> <Delay = 0.67> <CoreInst = "RAM">   --->   Core 83 'RAM' <Latency = 1> <II = 1> <Delay = 0.67> <Storage> <Opcode : 'load' 'store'> <Ports = 2> <Width = 1> <Depth = 8> <RAM>
ST_7 : Operation 170 [1/1] (0.67ns)   --->   "%store_ln1218 = store i8 0, i3 %compacted_rob_idx_addr" [/home/lab_726/boom/hls_boom/src/boom_core_merged.cpp:1218]   --->   Operation 170 'store' 'store_ln1218' <Predicate = (icmp_ln1218)> <Delay = 0.67> <CoreInst = "RAM">   --->   Core 83 'RAM' <Latency = 1> <II = 1> <Delay = 0.67> <Storage> <Opcode : 'load' 'store'> <Ports = 2> <Width = 8> <Depth = 8> <RAM>
ST_7 : Operation 171 [1/1] (0.67ns)   --->   "%store_ln1218 = store i8 0, i3 %compacted_size_addr" [/home/lab_726/boom/hls_boom/src/boom_core_merged.cpp:1218]   --->   Operation 171 'store' 'store_ln1218' <Predicate = (icmp_ln1218)> <Delay = 0.67> <CoreInst = "RAM">   --->   Core 83 'RAM' <Latency = 1> <II = 1> <Delay = 0.67> <Storage> <Opcode : 'load' 'store'> <Ports = 2> <Width = 8> <Depth = 8> <RAM>
ST_7 : Operation 172 [1/1] (0.67ns)   --->   "%store_ln1218 = store i8 0, i3 %compacted_branch_mask_addr" [/home/lab_726/boom/hls_boom/src/boom_core_merged.cpp:1218]   --->   Operation 172 'store' 'store_ln1218' <Predicate = (icmp_ln1218)> <Delay = 0.67> <CoreInst = "RAM">   --->   Core 83 'RAM' <Latency = 1> <II = 1> <Delay = 0.67> <Storage> <Opcode : 'load' 'store'> <Ports = 2> <Width = 8> <Depth = 8> <RAM>
ST_7 : Operation 173 [1/1] (0.67ns)   --->   "%store_ln1218 = store i32 0, i3 %compacted_transaction_id_addr" [/home/lab_726/boom/hls_boom/src/boom_core_merged.cpp:1218]   --->   Operation 173 'store' 'store_ln1218' <Predicate = (icmp_ln1218)> <Delay = 0.67> <CoreInst = "RAM">   --->   Core 83 'RAM' <Latency = 1> <II = 1> <Delay = 0.67> <Storage> <Opcode : 'load' 'store'> <Ports = 2> <Width = 32> <Depth = 8> <RAM>
ST_7 : Operation 174 [1/1] (0.67ns)   --->   "%store_ln1218 = store i32 0, i3 %compacted_rob_allocation_id_addr" [/home/lab_726/boom/hls_boom/src/boom_core_merged.cpp:1218]   --->   Operation 174 'store' 'store_ln1218' <Predicate = (icmp_ln1218)> <Delay = 0.67> <CoreInst = "RAM">   --->   Core 83 'RAM' <Latency = 1> <II = 1> <Delay = 0.67> <Storage> <Opcode : 'load' 'store'> <Ports = 2> <Width = 32> <Depth = 8> <RAM>
ST_7 : Operation 175 [1/1] (0.67ns)   --->   "%store_ln1218 = store i64 0, i3 %compacted_addr" [/home/lab_726/boom/hls_boom/src/boom_core_merged.cpp:1218]   --->   Operation 175 'store' 'store_ln1218' <Predicate = (icmp_ln1218)> <Delay = 0.67> <CoreInst = "RAM">   --->   Core 83 'RAM' <Latency = 1> <II = 1> <Delay = 0.67> <Storage> <Opcode : 'load' 'store'> <Ports = 2> <Width = 64> <Depth = 8> <RAM>
ST_7 : Operation 176 [1/1] (0.67ns)   --->   "%store_ln1218 = store i64 0, i3 %compacted_result_addr" [/home/lab_726/boom/hls_boom/src/boom_core_merged.cpp:1218]   --->   Operation 176 'store' 'store_ln1218' <Predicate = (icmp_ln1218)> <Delay = 0.67> <CoreInst = "RAM">   --->   Core 83 'RAM' <Latency = 1> <II = 1> <Delay = 0.67> <Storage> <Opcode : 'load' 'store'> <Ports = 2> <Width = 64> <Depth = 8> <RAM>
ST_7 : Operation 177 [1/1] (1.01ns)   --->   "%add_ln1218 = add i32 %i_17, i32 1" [/home/lab_726/boom/hls_boom/src/boom_core_merged.cpp:1218]   --->   Operation 177 'add' 'add_ln1218' <Predicate = (icmp_ln1218)> <Delay = 1.01> <CoreInst = "Adder">   --->   Core 1 'Adder' <Latency = 0> <II = 1> <Delay = 0.79> <FuncUnit> <Opcode : 'add' 'sub'> <InPorts = 2> <OutPorts = 1>
ST_7 : Operation 178 [1/1] (0.42ns)   --->   "%store_ln1218 = store i32 %add_ln1218, i32 %i_13" [/home/lab_726/boom/hls_boom/src/boom_core_merged.cpp:1218]   --->   Operation 178 'store' 'store_ln1218' <Predicate = (icmp_ln1218)> <Delay = 0.42>
ST_7 : Operation 179 [1/1] (0.00ns)   --->   "%br_ln0 = br void %.lr.ph"   --->   Operation 179 'br' 'br_ln0' <Predicate = (icmp_ln1218)> <Delay = 0.00>
ST_7 : Operation 180 [1/1] (0.00ns)   --->   "%i = alloca i32 1"   --->   Operation 180 'alloca' 'i' <Predicate = (!icmp_ln1218)> <Delay = 0.00>
ST_7 : Operation 181 [1/1] (0.42ns)   --->   "%store_ln1219 = store i4 0, i4 %i" [/home/lab_726/boom/hls_boom/src/boom_core_merged.cpp:1219]   --->   Operation 181 'store' 'store_ln1219' <Predicate = (!icmp_ln1218)> <Delay = 0.42>
ST_7 : Operation 182 [1/1] (0.00ns)   --->   "%br_ln1219 = br void %._crit_edge.loopexit" [/home/lab_726/boom/hls_boom/src/boom_core_merged.cpp:1219]   --->   Operation 182 'br' 'br_ln1219' <Predicate = (!icmp_ln1218)> <Delay = 0.00>

State 8 <SV = 4> <Delay = 1.22>
ST_8 : Operation 183 [1/1] (0.00ns)   --->   "%i_18 = load i4 %i" [/home/lab_726/boom/hls_boom/src/boom_core_merged.cpp:1219]   --->   Operation 183 'load' 'i_18' <Predicate = true> <Delay = 0.00>
ST_8 : Operation 184 [1/1] (0.00ns)   --->   "%zext_ln1219 = zext i4 %i_18" [/home/lab_726/boom/hls_boom/src/boom_core_merged.cpp:1219]   --->   Operation 184 'zext' 'zext_ln1219' <Predicate = true> <Delay = 0.00>
ST_8 : Operation 185 [1/1] (0.72ns)   --->   "%icmp_ln1219 = icmp_eq  i4 %i_18, i4 8" [/home/lab_726/boom/hls_boom/src/boom_core_merged.cpp:1219]   --->   Operation 185 'icmp' 'icmp_ln1219' <Predicate = true> <Delay = 0.72> <CoreInst = "Cmp">   --->   Core 9 'Cmp' <Latency = 0> <II = 1> <Delay = 0.72> <FuncUnit> <Opcode : 'icmp'> <InPorts = 2> <OutPorts = 1>
ST_8 : Operation 186 [1/1] (0.00ns)   --->   "%empty_105 = speclooptripcount i32 @_ssdm_op_SpecLoopTripCount, i64 8, i64 8, i64 8"   --->   Operation 186 'speclooptripcount' 'empty_105' <Predicate = true> <Delay = 0.00>
ST_8 : Operation 187 [1/1] (0.79ns)   --->   "%add_ln1219 = add i4 %i_18, i4 1" [/home/lab_726/boom/hls_boom/src/boom_core_merged.cpp:1219]   --->   Operation 187 'add' 'add_ln1219' <Predicate = true> <Delay = 0.79> <CoreInst = "Adder">   --->   Core 1 'Adder' <Latency = 0> <II = 1> <Delay = 0.79> <FuncUnit> <Opcode : 'add' 'sub'> <InPorts = 2> <OutPorts = 1>
ST_8 : Operation 188 [1/1] (0.00ns)   --->   "%br_ln1219 = br i1 %icmp_ln1219, void %.split, void" [/home/lab_726/boom/hls_boom/src/boom_core_merged.cpp:1219]   --->   Operation 188 'br' 'br_ln1219' <Predicate = true> <Delay = 0.00>
ST_8 : Operation 189 [1/1] (0.00ns)   --->   "%compacted_valid_addr_2 = getelementptr i1 %compacted_valid, i64 0, i64 %zext_ln1219" [/home/lab_726/boom/hls_boom/src/boom_core_merged.cpp:1219]   --->   Operation 189 'getelementptr' 'compacted_valid_addr_2' <Predicate = (!icmp_ln1219)> <Delay = 0.00>
ST_8 : Operation 190 [1/1] (0.00ns)   --->   "%compacted_signed_load_addr_2 = getelementptr i1 %compacted_signed_load, i64 0, i64 %zext_ln1219" [/home/lab_726/boom/hls_boom/src/boom_core_merged.cpp:1219]   --->   Operation 190 'getelementptr' 'compacted_signed_load_addr_2' <Predicate = (!icmp_ln1219)> <Delay = 0.00>
ST_8 : Operation 191 [1/1] (0.00ns)   --->   "%compacted_response_pending_addr_2 = getelementptr i1 %compacted_response_pending, i64 0, i64 %zext_ln1219" [/home/lab_726/boom/hls_boom/src/boom_core_merged.cpp:1219]   --->   Operation 191 'getelementptr' 'compacted_response_pending_addr_2' <Predicate = (!icmp_ln1219)> <Delay = 0.00>
ST_8 : Operation 192 [1/1] (0.00ns)   --->   "%compacted_completed_addr_2 = getelementptr i1 %compacted_completed, i64 0, i64 %zext_ln1219" [/home/lab_726/boom/hls_boom/src/boom_core_merged.cpp:1219]   --->   Operation 192 'getelementptr' 'compacted_completed_addr_2' <Predicate = (!icmp_ln1219)> <Delay = 0.00>
ST_8 : Operation 193 [1/1] (0.00ns)   --->   "%compacted_killed_addr_2 = getelementptr i1 %compacted_killed, i64 0, i64 %zext_ln1219" [/home/lab_726/boom/hls_boom/src/boom_core_merged.cpp:1219]   --->   Operation 193 'getelementptr' 'compacted_killed_addr_2' <Predicate = (!icmp_ln1219)> <Delay = 0.00>
ST_8 : Operation 194 [1/1] (0.00ns)   --->   "%compacted_rob_idx_addr_2 = getelementptr i8 %compacted_rob_idx, i64 0, i64 %zext_ln1219" [/home/lab_726/boom/hls_boom/src/boom_core_merged.cpp:1219]   --->   Operation 194 'getelementptr' 'compacted_rob_idx_addr_2' <Predicate = (!icmp_ln1219)> <Delay = 0.00>
ST_8 : Operation 195 [1/1] (0.00ns)   --->   "%compacted_size_addr_2 = getelementptr i8 %compacted_size, i64 0, i64 %zext_ln1219" [/home/lab_726/boom/hls_boom/src/boom_core_merged.cpp:1219]   --->   Operation 195 'getelementptr' 'compacted_size_addr_2' <Predicate = (!icmp_ln1219)> <Delay = 0.00>
ST_8 : Operation 196 [1/1] (0.00ns)   --->   "%compacted_branch_mask_addr_2 = getelementptr i8 %compacted_branch_mask, i64 0, i64 %zext_ln1219" [/home/lab_726/boom/hls_boom/src/boom_core_merged.cpp:1219]   --->   Operation 196 'getelementptr' 'compacted_branch_mask_addr_2' <Predicate = (!icmp_ln1219)> <Delay = 0.00>
ST_8 : Operation 197 [1/1] (0.00ns)   --->   "%compacted_transaction_id_addr_2 = getelementptr i32 %compacted_transaction_id, i64 0, i64 %zext_ln1219" [/home/lab_726/boom/hls_boom/src/boom_core_merged.cpp:1219]   --->   Operation 197 'getelementptr' 'compacted_transaction_id_addr_2' <Predicate = (!icmp_ln1219)> <Delay = 0.00>
ST_8 : Operation 198 [1/1] (0.00ns)   --->   "%compacted_rob_allocation_id_addr_2 = getelementptr i32 %compacted_rob_allocation_id, i64 0, i64 %zext_ln1219" [/home/lab_726/boom/hls_boom/src/boom_core_merged.cpp:1219]   --->   Operation 198 'getelementptr' 'compacted_rob_allocation_id_addr_2' <Predicate = (!icmp_ln1219)> <Delay = 0.00>
ST_8 : Operation 199 [1/1] (0.00ns)   --->   "%compacted_addr_2 = getelementptr i64 %compacted_address, i64 0, i64 %zext_ln1219" [/home/lab_726/boom/hls_boom/src/boom_core_merged.cpp:1219]   --->   Operation 199 'getelementptr' 'compacted_addr_2' <Predicate = (!icmp_ln1219)> <Delay = 0.00>
ST_8 : Operation 200 [1/1] (0.00ns)   --->   "%compacted_result_addr_2 = getelementptr i64 %compacted_result, i64 0, i64 %zext_ln1219" [/home/lab_726/boom/hls_boom/src/boom_core_merged.cpp:1219]   --->   Operation 200 'getelementptr' 'compacted_result_addr_2' <Predicate = (!icmp_ln1219)> <Delay = 0.00>
ST_8 : Operation 201 [2/2] (0.67ns)   --->   "%compacted_valid_load = load i3 %compacted_valid_addr_2" [/home/lab_726/boom/hls_boom/src/boom_core_merged.cpp:1219]   --->   Operation 201 'load' 'compacted_valid_load' <Predicate = (!icmp_ln1219)> <Delay = 0.67> <CoreInst = "RAM">   --->   Core 83 'RAM' <Latency = 1> <II = 1> <Delay = 0.67> <Storage> <Opcode : 'load' 'store'> <Ports = 2> <Width = 1> <Depth = 8> <RAM>
ST_8 : Operation 202 [2/2] (0.67ns)   --->   "%compacted_signed_load_load = load i3 %compacted_signed_load_addr_2" [/home/lab_726/boom/hls_boom/src/boom_core_merged.cpp:1219]   --->   Operation 202 'load' 'compacted_signed_load_load' <Predicate = (!icmp_ln1219)> <Delay = 0.67> <CoreInst = "RAM">   --->   Core 83 'RAM' <Latency = 1> <II = 1> <Delay = 0.67> <Storage> <Opcode : 'load' 'store'> <Ports = 2> <Width = 1> <Depth = 8> <RAM>
ST_8 : Operation 203 [2/2] (0.67ns)   --->   "%compacted_response_pending_load = load i3 %compacted_response_pending_addr_2" [/home/lab_726/boom/hls_boom/src/boom_core_merged.cpp:1219]   --->   Operation 203 'load' 'compacted_response_pending_load' <Predicate = (!icmp_ln1219)> <Delay = 0.67> <CoreInst = "RAM">   --->   Core 83 'RAM' <Latency = 1> <II = 1> <Delay = 0.67> <Storage> <Opcode : 'load' 'store'> <Ports = 2> <Width = 1> <Depth = 8> <RAM>
ST_8 : Operation 204 [2/2] (0.67ns)   --->   "%compacted_completed_load = load i3 %compacted_completed_addr_2" [/home/lab_726/boom/hls_boom/src/boom_core_merged.cpp:1219]   --->   Operation 204 'load' 'compacted_completed_load' <Predicate = (!icmp_ln1219)> <Delay = 0.67> <CoreInst = "RAM">   --->   Core 83 'RAM' <Latency = 1> <II = 1> <Delay = 0.67> <Storage> <Opcode : 'load' 'store'> <Ports = 2> <Width = 1> <Depth = 8> <RAM>
ST_8 : Operation 205 [2/2] (0.67ns)   --->   "%compacted_killed_load = load i3 %compacted_killed_addr_2" [/home/lab_726/boom/hls_boom/src/boom_core_merged.cpp:1219]   --->   Operation 205 'load' 'compacted_killed_load' <Predicate = (!icmp_ln1219)> <Delay = 0.67> <CoreInst = "RAM">   --->   Core 83 'RAM' <Latency = 1> <II = 1> <Delay = 0.67> <Storage> <Opcode : 'load' 'store'> <Ports = 2> <Width = 1> <Depth = 8> <RAM>
ST_8 : Operation 206 [2/2] (0.67ns)   --->   "%compacted_rob_idx_load = load i3 %compacted_rob_idx_addr_2" [/home/lab_726/boom/hls_boom/src/boom_core_merged.cpp:1219]   --->   Operation 206 'load' 'compacted_rob_idx_load' <Predicate = (!icmp_ln1219)> <Delay = 0.67> <CoreInst = "RAM">   --->   Core 83 'RAM' <Latency = 1> <II = 1> <Delay = 0.67> <Storage> <Opcode : 'load' 'store'> <Ports = 2> <Width = 8> <Depth = 8> <RAM>
ST_8 : Operation 207 [2/2] (0.67ns)   --->   "%compacted_size_load = load i3 %compacted_size_addr_2" [/home/lab_726/boom/hls_boom/src/boom_core_merged.cpp:1219]   --->   Operation 207 'load' 'compacted_size_load' <Predicate = (!icmp_ln1219)> <Delay = 0.67> <CoreInst = "RAM">   --->   Core 83 'RAM' <Latency = 1> <II = 1> <Delay = 0.67> <Storage> <Opcode : 'load' 'store'> <Ports = 2> <Width = 8> <Depth = 8> <RAM>
ST_8 : Operation 208 [2/2] (0.67ns)   --->   "%compacted_branch_mask_load = load i3 %compacted_branch_mask_addr_2" [/home/lab_726/boom/hls_boom/src/boom_core_merged.cpp:1219]   --->   Operation 208 'load' 'compacted_branch_mask_load' <Predicate = (!icmp_ln1219)> <Delay = 0.67> <CoreInst = "RAM">   --->   Core 83 'RAM' <Latency = 1> <II = 1> <Delay = 0.67> <Storage> <Opcode : 'load' 'store'> <Ports = 2> <Width = 8> <Depth = 8> <RAM>
ST_8 : Operation 209 [2/2] (0.67ns)   --->   "%compacted_transaction_id_load = load i3 %compacted_transaction_id_addr_2" [/home/lab_726/boom/hls_boom/src/boom_core_merged.cpp:1219]   --->   Operation 209 'load' 'compacted_transaction_id_load' <Predicate = (!icmp_ln1219)> <Delay = 0.67> <CoreInst = "RAM">   --->   Core 83 'RAM' <Latency = 1> <II = 1> <Delay = 0.67> <Storage> <Opcode : 'load' 'store'> <Ports = 2> <Width = 32> <Depth = 8> <RAM>
ST_8 : Operation 210 [2/2] (0.67ns)   --->   "%compacted_rob_allocation_id_load = load i3 %compacted_rob_allocation_id_addr_2" [/home/lab_726/boom/hls_boom/src/boom_core_merged.cpp:1219]   --->   Operation 210 'load' 'compacted_rob_allocation_id_load' <Predicate = (!icmp_ln1219)> <Delay = 0.67> <CoreInst = "RAM">   --->   Core 83 'RAM' <Latency = 1> <II = 1> <Delay = 0.67> <Storage> <Opcode : 'load' 'store'> <Ports = 2> <Width = 32> <Depth = 8> <RAM>
ST_8 : Operation 211 [2/2] (0.67ns)   --->   "%compacted_load = load i3 %compacted_addr_2" [/home/lab_726/boom/hls_boom/src/boom_core_merged.cpp:1219]   --->   Operation 211 'load' 'compacted_load' <Predicate = (!icmp_ln1219)> <Delay = 0.67> <CoreInst = "RAM">   --->   Core 83 'RAM' <Latency = 1> <II = 1> <Delay = 0.67> <Storage> <Opcode : 'load' 'store'> <Ports = 2> <Width = 64> <Depth = 8> <RAM>
ST_8 : Operation 212 [2/2] (0.67ns)   --->   "%compacted_result_load = load i3 %compacted_result_addr_2" [/home/lab_726/boom/hls_boom/src/boom_core_merged.cpp:1219]   --->   Operation 212 'load' 'compacted_result_load' <Predicate = (!icmp_ln1219)> <Delay = 0.67> <CoreInst = "RAM">   --->   Core 83 'RAM' <Latency = 1> <II = 1> <Delay = 0.67> <Storage> <Opcode : 'load' 'store'> <Ports = 2> <Width = 64> <Depth = 8> <RAM>
ST_8 : Operation 213 [1/1] (0.42ns)   --->   "%store_ln1219 = store i4 %add_ln1219, i4 %i" [/home/lab_726/boom/hls_boom/src/boom_core_merged.cpp:1219]   --->   Operation 213 'store' 'store_ln1219' <Predicate = (!icmp_ln1219)> <Delay = 0.42>
ST_8 : Operation 214 [1/1] (0.00ns)   --->   "%trunc_ln1220 = trunc i32 %count_2" [/home/lab_726/boom/hls_boom/src/boom_core_merged.cpp:1220]   --->   Operation 214 'trunc' 'trunc_ln1220' <Predicate = (icmp_ln1219)> <Delay = 0.00>
ST_8 : Operation 215 [1/1] (0.00ns)   --->   "%store_ln1220 = store i3 %trunc_ln1220, i3 %state_lsu_ldq_tail" [/home/lab_726/boom/hls_boom/src/boom_core_merged.cpp:1220]   --->   Operation 215 'store' 'store_ln1220' <Predicate = (icmp_ln1219)> <Delay = 0.00>
ST_8 : Operation 216 [1/1] (0.00ns)   --->   "%trunc_ln1220_1 = trunc i32 %count_2" [/home/lab_726/boom/hls_boom/src/boom_core_merged.cpp:1220]   --->   Operation 216 'trunc' 'trunc_ln1220_1' <Predicate = (icmp_ln1219)> <Delay = 0.00>
ST_8 : Operation 217 [1/1] (0.00ns)   --->   "%store_ln1220 = store i8 %trunc_ln1220_1, i8 %state_lsu_ldq_count" [/home/lab_726/boom/hls_boom/src/boom_core_merged.cpp:1220]   --->   Operation 217 'store' 'store_ln1220' <Predicate = (icmp_ln1219)> <Delay = 0.00>
ST_8 : Operation 218 [1/1] (0.00ns)   --->   "%ret_ln1221 = ret" [/home/lab_726/boom/hls_boom/src/boom_core_merged.cpp:1221]   --->   Operation 218 'ret' 'ret_ln1221' <Predicate = (icmp_ln1219)> <Delay = 0.00>

State 9 <SV = 5> <Delay = 1.35>
ST_9 : Operation 219 [1/1] (0.00ns)   --->   "%specloopname_ln1219 = specloopname void @_ssdm_op_SpecLoopName, void @empty_43" [/home/lab_726/boom/hls_boom/src/boom_core_merged.cpp:1219]   --->   Operation 219 'specloopname' 'specloopname_ln1219' <Predicate = true> <Delay = 0.00>
ST_9 : Operation 220 [1/2] (0.67ns)   --->   "%compacted_valid_load = load i3 %compacted_valid_addr_2" [/home/lab_726/boom/hls_boom/src/boom_core_merged.cpp:1219]   --->   Operation 220 'load' 'compacted_valid_load' <Predicate = true> <Delay = 0.67> <CoreInst = "RAM">   --->   Core 83 'RAM' <Latency = 1> <II = 1> <Delay = 0.67> <Storage> <Opcode : 'load' 'store'> <Ports = 2> <Width = 1> <Depth = 8> <RAM>
ST_9 : Operation 221 [1/2] (0.67ns)   --->   "%compacted_signed_load_load = load i3 %compacted_signed_load_addr_2" [/home/lab_726/boom/hls_boom/src/boom_core_merged.cpp:1219]   --->   Operation 221 'load' 'compacted_signed_load_load' <Predicate = true> <Delay = 0.67> <CoreInst = "RAM">   --->   Core 83 'RAM' <Latency = 1> <II = 1> <Delay = 0.67> <Storage> <Opcode : 'load' 'store'> <Ports = 2> <Width = 1> <Depth = 8> <RAM>
ST_9 : Operation 222 [1/2] (0.67ns)   --->   "%compacted_response_pending_load = load i3 %compacted_response_pending_addr_2" [/home/lab_726/boom/hls_boom/src/boom_core_merged.cpp:1219]   --->   Operation 222 'load' 'compacted_response_pending_load' <Predicate = true> <Delay = 0.67> <CoreInst = "RAM">   --->   Core 83 'RAM' <Latency = 1> <II = 1> <Delay = 0.67> <Storage> <Opcode : 'load' 'store'> <Ports = 2> <Width = 1> <Depth = 8> <RAM>
ST_9 : Operation 223 [1/2] (0.67ns)   --->   "%compacted_completed_load = load i3 %compacted_completed_addr_2" [/home/lab_726/boom/hls_boom/src/boom_core_merged.cpp:1219]   --->   Operation 223 'load' 'compacted_completed_load' <Predicate = true> <Delay = 0.67> <CoreInst = "RAM">   --->   Core 83 'RAM' <Latency = 1> <II = 1> <Delay = 0.67> <Storage> <Opcode : 'load' 'store'> <Ports = 2> <Width = 1> <Depth = 8> <RAM>
ST_9 : Operation 224 [1/2] (0.67ns)   --->   "%compacted_killed_load = load i3 %compacted_killed_addr_2" [/home/lab_726/boom/hls_boom/src/boom_core_merged.cpp:1219]   --->   Operation 224 'load' 'compacted_killed_load' <Predicate = true> <Delay = 0.67> <CoreInst = "RAM">   --->   Core 83 'RAM' <Latency = 1> <II = 1> <Delay = 0.67> <Storage> <Opcode : 'load' 'store'> <Ports = 2> <Width = 1> <Depth = 8> <RAM>
ST_9 : Operation 225 [1/2] (0.67ns)   --->   "%compacted_rob_idx_load = load i3 %compacted_rob_idx_addr_2" [/home/lab_726/boom/hls_boom/src/boom_core_merged.cpp:1219]   --->   Operation 225 'load' 'compacted_rob_idx_load' <Predicate = true> <Delay = 0.67> <CoreInst = "RAM">   --->   Core 83 'RAM' <Latency = 1> <II = 1> <Delay = 0.67> <Storage> <Opcode : 'load' 'store'> <Ports = 2> <Width = 8> <Depth = 8> <RAM>
ST_9 : Operation 226 [1/2] (0.67ns)   --->   "%compacted_size_load = load i3 %compacted_size_addr_2" [/home/lab_726/boom/hls_boom/src/boom_core_merged.cpp:1219]   --->   Operation 226 'load' 'compacted_size_load' <Predicate = true> <Delay = 0.67> <CoreInst = "RAM">   --->   Core 83 'RAM' <Latency = 1> <II = 1> <Delay = 0.67> <Storage> <Opcode : 'load' 'store'> <Ports = 2> <Width = 8> <Depth = 8> <RAM>
ST_9 : Operation 227 [1/2] (0.67ns)   --->   "%compacted_branch_mask_load = load i3 %compacted_branch_mask_addr_2" [/home/lab_726/boom/hls_boom/src/boom_core_merged.cpp:1219]   --->   Operation 227 'load' 'compacted_branch_mask_load' <Predicate = true> <Delay = 0.67> <CoreInst = "RAM">   --->   Core 83 'RAM' <Latency = 1> <II = 1> <Delay = 0.67> <Storage> <Opcode : 'load' 'store'> <Ports = 2> <Width = 8> <Depth = 8> <RAM>
ST_9 : Operation 228 [1/2] (0.67ns)   --->   "%compacted_transaction_id_load = load i3 %compacted_transaction_id_addr_2" [/home/lab_726/boom/hls_boom/src/boom_core_merged.cpp:1219]   --->   Operation 228 'load' 'compacted_transaction_id_load' <Predicate = true> <Delay = 0.67> <CoreInst = "RAM">   --->   Core 83 'RAM' <Latency = 1> <II = 1> <Delay = 0.67> <Storage> <Opcode : 'load' 'store'> <Ports = 2> <Width = 32> <Depth = 8> <RAM>
ST_9 : Operation 229 [1/2] (0.67ns)   --->   "%compacted_rob_allocation_id_load = load i3 %compacted_rob_allocation_id_addr_2" [/home/lab_726/boom/hls_boom/src/boom_core_merged.cpp:1219]   --->   Operation 229 'load' 'compacted_rob_allocation_id_load' <Predicate = true> <Delay = 0.67> <CoreInst = "RAM">   --->   Core 83 'RAM' <Latency = 1> <II = 1> <Delay = 0.67> <Storage> <Opcode : 'load' 'store'> <Ports = 2> <Width = 32> <Depth = 8> <RAM>
ST_9 : Operation 230 [1/2] (0.67ns)   --->   "%compacted_load = load i3 %compacted_addr_2" [/home/lab_726/boom/hls_boom/src/boom_core_merged.cpp:1219]   --->   Operation 230 'load' 'compacted_load' <Predicate = true> <Delay = 0.67> <CoreInst = "RAM">   --->   Core 83 'RAM' <Latency = 1> <II = 1> <Delay = 0.67> <Storage> <Opcode : 'load' 'store'> <Ports = 2> <Width = 64> <Depth = 8> <RAM>
ST_9 : Operation 231 [1/2] (0.67ns)   --->   "%compacted_result_load = load i3 %compacted_result_addr_2" [/home/lab_726/boom/hls_boom/src/boom_core_merged.cpp:1219]   --->   Operation 231 'load' 'compacted_result_load' <Predicate = true> <Delay = 0.67> <CoreInst = "RAM">   --->   Core 83 'RAM' <Latency = 1> <II = 1> <Delay = 0.67> <Storage> <Opcode : 'load' 'store'> <Ports = 2> <Width = 64> <Depth = 8> <RAM>
ST_9 : Operation 232 [1/1] (0.00ns)   --->   "%state_lsu_ldq_valid_addr_1 = getelementptr i1 %state_lsu_ldq_valid, i64 0, i64 %zext_ln1219" [/home/lab_726/boom/hls_boom/src/boom_core_merged.cpp:1219]   --->   Operation 232 'getelementptr' 'state_lsu_ldq_valid_addr_1' <Predicate = true> <Delay = 0.00>
ST_9 : Operation 233 [1/1] (0.67ns)   --->   "%store_ln1219 = store i1 %compacted_valid_load, i3 %state_lsu_ldq_valid_addr_1" [/home/lab_726/boom/hls_boom/src/boom_core_merged.cpp:1219]   --->   Operation 233 'store' 'store_ln1219' <Predicate = true> <Delay = 0.67> <CoreInst = "RAM">   --->   Core 83 'RAM' <Latency = 1> <II = 1> <Delay = 0.67> <Storage> <Opcode : 'load' 'store'> <Ports = 2> <Width = 1> <Depth = 8> <RAM>
ST_9 : Operation 234 [1/1] (0.00ns)   --->   "%state_lsu_ldq_signed_load_addr_1 = getelementptr i1 %state_lsu_ldq_signed_load, i64 0, i64 %zext_ln1219" [/home/lab_726/boom/hls_boom/src/boom_core_merged.cpp:1219]   --->   Operation 234 'getelementptr' 'state_lsu_ldq_signed_load_addr_1' <Predicate = true> <Delay = 0.00>
ST_9 : Operation 235 [1/1] (0.67ns)   --->   "%store_ln1219 = store i1 %compacted_signed_load_load, i3 %state_lsu_ldq_signed_load_addr_1" [/home/lab_726/boom/hls_boom/src/boom_core_merged.cpp:1219]   --->   Operation 235 'store' 'store_ln1219' <Predicate = true> <Delay = 0.67> <CoreInst = "RAM">   --->   Core 83 'RAM' <Latency = 1> <II = 1> <Delay = 0.67> <Storage> <Opcode : 'load' 'store'> <Ports = 2> <Width = 1> <Depth = 8> <RAM>
ST_9 : Operation 236 [1/1] (0.00ns)   --->   "%state_lsu_ldq_response_pending_addr_1 = getelementptr i1 %state_lsu_ldq_response_pending, i64 0, i64 %zext_ln1219" [/home/lab_726/boom/hls_boom/src/boom_core_merged.cpp:1219]   --->   Operation 236 'getelementptr' 'state_lsu_ldq_response_pending_addr_1' <Predicate = true> <Delay = 0.00>
ST_9 : Operation 237 [1/1] (0.67ns)   --->   "%store_ln1219 = store i1 %compacted_response_pending_load, i3 %state_lsu_ldq_response_pending_addr_1" [/home/lab_726/boom/hls_boom/src/boom_core_merged.cpp:1219]   --->   Operation 237 'store' 'store_ln1219' <Predicate = true> <Delay = 0.67> <CoreInst = "RAM">   --->   Core 83 'RAM' <Latency = 1> <II = 1> <Delay = 0.67> <Storage> <Opcode : 'load' 'store'> <Ports = 2> <Width = 1> <Depth = 8> <RAM>
ST_9 : Operation 238 [1/1] (0.00ns)   --->   "%state_lsu_ldq_completed_addr_1 = getelementptr i1 %state_lsu_ldq_completed, i64 0, i64 %zext_ln1219" [/home/lab_726/boom/hls_boom/src/boom_core_merged.cpp:1219]   --->   Operation 238 'getelementptr' 'state_lsu_ldq_completed_addr_1' <Predicate = true> <Delay = 0.00>
ST_9 : Operation 239 [1/1] (0.67ns)   --->   "%store_ln1219 = store i1 %compacted_completed_load, i3 %state_lsu_ldq_completed_addr_1" [/home/lab_726/boom/hls_boom/src/boom_core_merged.cpp:1219]   --->   Operation 239 'store' 'store_ln1219' <Predicate = true> <Delay = 0.67> <CoreInst = "RAM">   --->   Core 83 'RAM' <Latency = 1> <II = 1> <Delay = 0.67> <Storage> <Opcode : 'load' 'store'> <Ports = 2> <Width = 1> <Depth = 8> <RAM>
ST_9 : Operation 240 [1/1] (0.00ns)   --->   "%state_lsu_ldq_killed_addr_1 = getelementptr i1 %state_lsu_ldq_killed, i64 0, i64 %zext_ln1219" [/home/lab_726/boom/hls_boom/src/boom_core_merged.cpp:1219]   --->   Operation 240 'getelementptr' 'state_lsu_ldq_killed_addr_1' <Predicate = true> <Delay = 0.00>
ST_9 : Operation 241 [1/1] (0.67ns)   --->   "%store_ln1219 = store i1 %compacted_killed_load, i3 %state_lsu_ldq_killed_addr_1" [/home/lab_726/boom/hls_boom/src/boom_core_merged.cpp:1219]   --->   Operation 241 'store' 'store_ln1219' <Predicate = true> <Delay = 0.67> <CoreInst = "RAM">   --->   Core 83 'RAM' <Latency = 1> <II = 1> <Delay = 0.67> <Storage> <Opcode : 'load' 'store'> <Ports = 2> <Width = 1> <Depth = 8> <RAM>
ST_9 : Operation 242 [1/1] (0.00ns)   --->   "%state_lsu_ldq_rob_idx_addr_1 = getelementptr i8 %state_lsu_ldq_rob_idx, i64 0, i64 %zext_ln1219" [/home/lab_726/boom/hls_boom/src/boom_core_merged.cpp:1219]   --->   Operation 242 'getelementptr' 'state_lsu_ldq_rob_idx_addr_1' <Predicate = true> <Delay = 0.00>
ST_9 : Operation 243 [1/1] (0.67ns)   --->   "%store_ln1219 = store i8 %compacted_rob_idx_load, i3 %state_lsu_ldq_rob_idx_addr_1" [/home/lab_726/boom/hls_boom/src/boom_core_merged.cpp:1219]   --->   Operation 243 'store' 'store_ln1219' <Predicate = true> <Delay = 0.67> <CoreInst = "RAM">   --->   Core 83 'RAM' <Latency = 1> <II = 1> <Delay = 0.67> <Storage> <Opcode : 'load' 'store'> <Ports = 2> <Width = 8> <Depth = 8> <RAM>
ST_9 : Operation 244 [1/1] (0.00ns)   --->   "%state_lsu_ldq_size_addr_1 = getelementptr i8 %state_lsu_ldq_size, i64 0, i64 %zext_ln1219" [/home/lab_726/boom/hls_boom/src/boom_core_merged.cpp:1219]   --->   Operation 244 'getelementptr' 'state_lsu_ldq_size_addr_1' <Predicate = true> <Delay = 0.00>
ST_9 : Operation 245 [1/1] (0.67ns)   --->   "%store_ln1219 = store i8 %compacted_size_load, i3 %state_lsu_ldq_size_addr_1" [/home/lab_726/boom/hls_boom/src/boom_core_merged.cpp:1219]   --->   Operation 245 'store' 'store_ln1219' <Predicate = true> <Delay = 0.67> <CoreInst = "RAM">   --->   Core 83 'RAM' <Latency = 1> <II = 1> <Delay = 0.67> <Storage> <Opcode : 'load' 'store'> <Ports = 2> <Width = 8> <Depth = 8> <RAM>
ST_9 : Operation 246 [1/1] (0.00ns)   --->   "%state_lsu_ldq_branch_mask_addr_1 = getelementptr i8 %state_lsu_ldq_branch_mask, i64 0, i64 %zext_ln1219" [/home/lab_726/boom/hls_boom/src/boom_core_merged.cpp:1219]   --->   Operation 246 'getelementptr' 'state_lsu_ldq_branch_mask_addr_1' <Predicate = true> <Delay = 0.00>
ST_9 : Operation 247 [1/1] (0.67ns)   --->   "%store_ln1219 = store i8 %compacted_branch_mask_load, i3 %state_lsu_ldq_branch_mask_addr_1" [/home/lab_726/boom/hls_boom/src/boom_core_merged.cpp:1219]   --->   Operation 247 'store' 'store_ln1219' <Predicate = true> <Delay = 0.67> <CoreInst = "RAM">   --->   Core 83 'RAM' <Latency = 1> <II = 1> <Delay = 0.67> <Storage> <Opcode : 'load' 'store'> <Ports = 2> <Width = 8> <Depth = 8> <RAM>
ST_9 : Operation 248 [1/1] (0.00ns)   --->   "%state_lsu_ldq_transaction_id_addr_1 = getelementptr i32 %state_lsu_ldq_transaction_id, i64 0, i64 %zext_ln1219" [/home/lab_726/boom/hls_boom/src/boom_core_merged.cpp:1219]   --->   Operation 248 'getelementptr' 'state_lsu_ldq_transaction_id_addr_1' <Predicate = true> <Delay = 0.00>
ST_9 : Operation 249 [1/1] (0.67ns)   --->   "%store_ln1219 = store i32 %compacted_transaction_id_load, i3 %state_lsu_ldq_transaction_id_addr_1" [/home/lab_726/boom/hls_boom/src/boom_core_merged.cpp:1219]   --->   Operation 249 'store' 'store_ln1219' <Predicate = true> <Delay = 0.67> <CoreInst = "RAM">   --->   Core 83 'RAM' <Latency = 1> <II = 1> <Delay = 0.67> <Storage> <Opcode : 'load' 'store'> <Ports = 2> <Width = 32> <Depth = 8> <RAM>
ST_9 : Operation 250 [1/1] (0.00ns)   --->   "%state_lsu_ldq_rob_allocation_id_addr_1 = getelementptr i32 %state_lsu_ldq_rob_allocation_id, i64 0, i64 %zext_ln1219" [/home/lab_726/boom/hls_boom/src/boom_core_merged.cpp:1219]   --->   Operation 250 'getelementptr' 'state_lsu_ldq_rob_allocation_id_addr_1' <Predicate = true> <Delay = 0.00>
ST_9 : Operation 251 [1/1] (0.67ns)   --->   "%store_ln1219 = store i32 %compacted_rob_allocation_id_load, i3 %state_lsu_ldq_rob_allocation_id_addr_1" [/home/lab_726/boom/hls_boom/src/boom_core_merged.cpp:1219]   --->   Operation 251 'store' 'store_ln1219' <Predicate = true> <Delay = 0.67> <CoreInst = "RAM">   --->   Core 83 'RAM' <Latency = 1> <II = 1> <Delay = 0.67> <Storage> <Opcode : 'load' 'store'> <Ports = 2> <Width = 32> <Depth = 8> <RAM>
ST_9 : Operation 252 [1/1] (0.00ns)   --->   "%state_lsu_ldq_addr_1 = getelementptr i64 %state_lsu_ldq_address, i64 0, i64 %zext_ln1219" [/home/lab_726/boom/hls_boom/src/boom_core_merged.cpp:1219]   --->   Operation 252 'getelementptr' 'state_lsu_ldq_addr_1' <Predicate = true> <Delay = 0.00>
ST_9 : Operation 253 [1/1] (0.67ns)   --->   "%store_ln1219 = store i64 %compacted_load, i3 %state_lsu_ldq_addr_1" [/home/lab_726/boom/hls_boom/src/boom_core_merged.cpp:1219]   --->   Operation 253 'store' 'store_ln1219' <Predicate = true> <Delay = 0.67> <CoreInst = "RAM">   --->   Core 83 'RAM' <Latency = 1> <II = 1> <Delay = 0.67> <Storage> <Opcode : 'load' 'store'> <Ports = 2> <Width = 64> <Depth = 8> <RAM>
ST_9 : Operation 254 [1/1] (0.00ns)   --->   "%state_lsu_ldq_result_addr_1 = getelementptr i64 %state_lsu_ldq_result, i64 0, i64 %zext_ln1219" [/home/lab_726/boom/hls_boom/src/boom_core_merged.cpp:1219]   --->   Operation 254 'getelementptr' 'state_lsu_ldq_result_addr_1' <Predicate = true> <Delay = 0.00>
ST_9 : Operation 255 [1/1] (0.67ns)   --->   "%store_ln1219 = store i64 %compacted_result_load, i3 %state_lsu_ldq_result_addr_1" [/home/lab_726/boom/hls_boom/src/boom_core_merged.cpp:1219]   --->   Operation 255 'store' 'store_ln1219' <Predicate = true> <Delay = 0.67> <CoreInst = "RAM">   --->   Core 83 'RAM' <Latency = 1> <II = 1> <Delay = 0.67> <Storage> <Opcode : 'load' 'store'> <Ports = 2> <Width = 64> <Depth = 8> <RAM>
ST_9 : Operation 256 [1/1] (0.00ns)   --->   "%br_ln0 = br void %._crit_edge.loopexit"   --->   Operation 256 'br' 'br_ln0' <Predicate = true> <Delay = 0.00>


============================================================
+ Verbose Summary: Timing violations
============================================================
Target clock period: 10ns, clock uncertainty: 2.7ns.

 <State 1>: 0.427ns
The critical path consists of the following:
	'alloca' operation ('indvar') [17]  (0 ns)
	'store' operation ('store_ln1213', /home/lab_726/boom/hls_boom/src/boom_core_merged.cpp:1213) of constant 0 on local variable 'indvar' [33]  (0.427 ns)

 <State 2>: 1.1ns
The critical path consists of the following:
	'load' operation ('indvar_load', /home/lab_726/boom/hls_boom/src/boom_core_merged.cpp:1213) on local variable 'indvar' [36]  (0 ns)
	'add' operation ('add_ln1213', /home/lab_726/boom/hls_boom/src/boom_core_merged.cpp:1213) [37]  (0.673 ns)
	'store' operation ('store_ln1213', /home/lab_726/boom/hls_boom/src/boom_core_merged.cpp:1213) of variable 'add_ln1213', /home/lab_726/boom/hls_boom/src/boom_core_merged.cpp:1213 on local variable 'indvar' [67]  (0.427 ns)

 <State 3>: 1.15ns
The critical path consists of the following:
	'load' operation ('i', /home/lab_726/boom/hls_boom/src/boom_core_merged.cpp:1215) on local variable 'i' [76]  (0 ns)
	'add' operation ('add_ln1215', /home/lab_726/boom/hls_boom/src/boom_core_merged.cpp:1215) [81]  (0.797 ns)
	blocking operation 0.351 ns on control path)

 <State 4>: 0.677ns
The critical path consists of the following:
	'getelementptr' operation ('state_lsu_ldq_rob_idx_addr', /home/lab_726/boom/hls_boom/src/boom_core_merged.cpp:1216) [89]  (0 ns)
	'load' operation ('state_lsu_ldq_rob_idx_load', /home/lab_726/boom/hls_boom/src/boom_core_merged.cpp:1216) on array 'state_lsu_ldq_rob_idx' [90]  (0.677 ns)

 <State 5>: 2.63ns
The critical path consists of the following:
	'load' operation ('state_lsu_ldq_rob_allocation_id_load', /home/lab_726/boom/hls_boom/src/boom_core_merged.cpp:1217) on array 'state_lsu_ldq_rob_allocation_id' [93]  (0.677 ns)
	'icmp' operation ('icmp_ln1217', /home/lab_726/boom/hls_boom/src/boom_core_merged.cpp:1217) [94]  (0.991 ns)
	'or' operation ('or_ln1216', /home/lab_726/boom/hls_boom/src/boom_core_merged.cpp:1216) [95]  (0.287 ns)
	blocking operation 0.677 ns on control path)

 <State 6>: 1.35ns
The critical path consists of the following:
	'load' operation ('state_lsu_ldq_signed_load_load', /home/lab_726/boom/hls_boom/src/boom_core_merged.cpp:1217) on array 'state_lsu_ldq_signed_load' [113]  (0.677 ns)
	'store' operation ('store_ln1217', /home/lab_726/boom/hls_boom/src/boom_core_merged.cpp:1217) of variable 'state_lsu_ldq_signed_load_load', /home/lab_726/boom/hls_boom/src/boom_core_merged.cpp:1217 on array 'compacted.signed_load', /home/lab_726/boom/hls_boom/src/boom_core_merged.cpp:1213 [131]  (0.677 ns)

 <State 7>: 1.69ns
The critical path consists of the following:
	'load' operation ('i', /home/lab_726/boom/hls_boom/src/boom_core_merged.cpp:1218) on local variable 'i' [152]  (0 ns)
	'add' operation ('add_ln1218', /home/lab_726/boom/hls_boom/src/boom_core_merged.cpp:1218) [183]  (1.02 ns)
	'store' operation ('store_ln1218', /home/lab_726/boom/hls_boom/src/boom_core_merged.cpp:1218) of variable 'add_ln1218', /home/lab_726/boom/hls_boom/src/boom_core_merged.cpp:1218 on local variable 'i' [184]  (0.427 ns)
	blocking operation 0.246 ns on control path)

 <State 8>: 1.22ns
The critical path consists of the following:
	'load' operation ('i', /home/lab_726/boom/hls_boom/src/boom_core_merged.cpp:1219) on local variable 'i' [191]  (0 ns)
	'add' operation ('add_ln1219', /home/lab_726/boom/hls_boom/src/boom_core_merged.cpp:1219) [195]  (0.797 ns)
	'store' operation ('store_ln1219', /home/lab_726/boom/hls_boom/src/boom_core_merged.cpp:1219) of variable 'add_ln1219', /home/lab_726/boom/hls_boom/src/boom_core_merged.cpp:1219 on local variable 'i' [247]  (0.427 ns)

 <State 9>: 1.35ns
The critical path consists of the following:
	'load' operation ('compacted_valid_load', /home/lab_726/boom/hls_boom/src/boom_core_merged.cpp:1219) on array 'compacted.valid', /home/lab_726/boom/hls_boom/src/boom_core_merged.cpp:1213 [211]  (0.677 ns)
	'store' operation ('store_ln1219', /home/lab_726/boom/hls_boom/src/boom_core_merged.cpp:1219) of variable 'compacted_valid_load', /home/lab_726/boom/hls_boom/src/boom_core_merged.cpp:1219 on array 'state_lsu_ldq_valid' [224]  (0.677 ns)


============================================================
+ Verbose Summary: Binding
============================================================
N/A
* FSMD analyzer results:
  - Output states:
 - Input state : 
  - Chain level:
	State 1
	State 2
	State 3
	State 4
	State 5
	State 6
	State 7
	State 8
	State 9


============================================================
+ Verbose Summary: Datapath Resource usage 
============================================================
N/A
