

================================================================
== Vitis HLS Report for 'rob_allocate'
================================================================
* Date:           Fri Jul 31 19:23:24 2026

* Version:        2021.2 (Build 3367213 on Tue Oct 19 02:47:39 MDT 2021)
* Project:        boom_core_top
* Solution:       solution_w3_csynth (Vivado IP Flow Target)
* Product family: zynquplus
* Target device:  xczu7ev-ffvc1156-2-e


================================================================
== Performance Estimates
================================================================
+ Timing: 
    * Summary: 
    +--------+----------+----------+------------+
    |  Clock |  Target  | Estimated| Uncertainty|
    +--------+----------+----------+------------+
    |ap_clk  |  10.00 ns|  2.677 ns|     2.70 ns|
    +--------+----------+----------+------------+

+ Latency: 
    * Summary: 
    +---------+---------+----------+----------+-----+-----+---------+
    |  Latency (cycles) |  Latency (absolute) |  Interval | Pipeline|
    |   min   |   max   |    min   |    max   | min | max |   Type  |
    +---------+---------+----------+----------+-----+-----+---------+
    |        0|        0|      0 ns|      0 ns|    0|    0|       no|
    +---------+---------+----------+----------+-----+-----+---------+

    + Detail: 
        * Instance: 
        N/A

        * Loop: 
        N/A

============================================================
+ Verbose Summary: Synthesis Manager
============================================================
InlineROM: 1
ExposeGlobal: 0
============================================================
+ Verbose Summary: CDFG Model
============================================================
IsTopModel: 0
ResetActiveHigh: 1
IsCombinational: 0
IsDatapathOnly: 0
HasWiredReturn: 1
HasMFsm: 0
HasVarLatency: 0
IsPipeline: 0
IsRtlPipelined: 0
IsInstanceOverlapped: 0
IsDontTouch: 0
HasImplIP: 0
IsGatedGlobalClock: 0


============================================================
+ Verbose Summary: Schedule
============================================================
* Number of FSM states : 1
* Pipeline : 0
* Dataflow Pipeline: 0

* FSM state transitions: 
1 --> 

* FSM state operations: 

State 1 <SV = 0> <Delay = 2.67>
ST_1 : Operation 2 [1/1] (0.00ns)   --->   "%state_rob_state_load = load i2 %state_rob_state" [/home/lab_726/boom/hls_boom/src/boom_core_merged.cpp:527]   --->   Operation 2 'load' 'state_rob_state_load' <Predicate = true> <Delay = 0.00>
ST_1 : Operation 3 [1/1] (0.44ns)   --->   "%icmp_ln527 = icmp_eq  i2 %state_rob_state_load, i2 0" [/home/lab_726/boom/hls_boom/src/boom_core_merged.cpp:527]   --->   Operation 3 'icmp' 'icmp_ln527' <Predicate = true> <Delay = 0.44> <CoreInst = "Cmp">   --->   Core 9 'Cmp' <Latency = 0> <II = 1> <Delay = 0.75> <FuncUnit> <Opcode : 'icmp'> <InPorts = 2> <OutPorts = 1>
ST_1 : Operation 4 [1/1] (0.00ns)   --->   "%br_ln527 = br i1 %icmp_ln527, void %._crit_edge, void" [/home/lab_726/boom/hls_boom/src/boom_core_merged.cpp:527]   --->   Operation 4 'br' 'br_ln527' <Predicate = true> <Delay = 0.00>
ST_1 : Operation 5 [1/1] (0.00ns)   --->   "%store_ln527 = store i2 1, i2 %state_rob_state" [/home/lab_726/boom/hls_boom/src/boom_core_merged.cpp:527]   --->   Operation 5 'store' 'store_ln527' <Predicate = (icmp_ln527)> <Delay = 0.00>
ST_1 : Operation 6 [1/1] (0.00ns)   --->   "%br_ln527 = br void %._crit_edge" [/home/lab_726/boom/hls_boom/src/boom_core_merged.cpp:527]   --->   Operation 6 'br' 'br_ln527' <Predicate = (icmp_ln527)> <Delay = 0.00>
ST_1 : Operation 7 [1/1] (0.00ns)   --->   "%state_rename_dispatch_packets_valid_0_load = load i1 %state_rename_dispatch_packets_valid_0" [/home/lab_726/boom/hls_boom/src/boom_core_merged.cpp:532]   --->   Operation 7 'load' 'state_rename_dispatch_packets_valid_0_load' <Predicate = true> <Delay = 0.00>
ST_1 : Operation 8 [1/1] (0.00ns)   --->   "%br_ln532 = br i1 %state_rename_dispatch_packets_valid_0_load, void %._crit_edge1, void" [/home/lab_726/boom/hls_boom/src/boom_core_merged.cpp:532]   --->   Operation 8 'br' 'br_ln532' <Predicate = true> <Delay = 0.00>
ST_1 : Operation 9 [1/1] (0.00ns)   --->   "%state_rename_dispatch_packets_rob_allocated_0_load = load i1 %state_rename_dispatch_packets_rob_allocated_0" [/home/lab_726/boom/hls_boom/src/boom_core_merged.cpp:532]   --->   Operation 9 'load' 'state_rename_dispatch_packets_rob_allocated_0_load' <Predicate = (state_rename_dispatch_packets_valid_0_load)> <Delay = 0.00>
ST_1 : Operation 10 [1/1] (0.00ns)   --->   "%br_ln532 = br i1 %state_rename_dispatch_packets_rob_allocated_0_load, void, void %._crit_edge1" [/home/lab_726/boom/hls_boom/src/boom_core_merged.cpp:532]   --->   Operation 10 'br' 'br_ln532' <Predicate = (state_rename_dispatch_packets_valid_0_load)> <Delay = 0.00>
ST_1 : Operation 11 [1/1] (0.00ns)   --->   "%state_rob_head_load = load i5 %state_rob_head" [/home/lab_726/boom/hls_boom/src/boom_core_merged.cpp:533]   --->   Operation 11 'load' 'state_rob_head_load' <Predicate = (state_rename_dispatch_packets_valid_0_load & !state_rename_dispatch_packets_rob_allocated_0_load)> <Delay = 0.00>
ST_1 : Operation 12 [1/1] (0.00ns)   --->   "%uop_queue_rob_idx = load i5 %state_rob_tail" [/home/lab_726/boom/hls_boom/src/boom_core_merged.cpp:533]   --->   Operation 12 'load' 'uop_queue_rob_idx' <Predicate = (state_rename_dispatch_packets_valid_0_load & !state_rename_dispatch_packets_rob_allocated_0_load)> <Delay = 0.00>
ST_1 : Operation 13 [1/1] (0.75ns)   --->   "%icmp_ln533 = icmp_eq  i5 %state_rob_head_load, i5 %uop_queue_rob_idx" [/home/lab_726/boom/hls_boom/src/boom_core_merged.cpp:533]   --->   Operation 13 'icmp' 'icmp_ln533' <Predicate = (state_rename_dispatch_packets_valid_0_load & !state_rename_dispatch_packets_rob_allocated_0_load)> <Delay = 0.75> <CoreInst = "Cmp">   --->   Core 9 'Cmp' <Latency = 0> <II = 1> <Delay = 0.75> <FuncUnit> <Opcode : 'icmp'> <InPorts = 2> <OutPorts = 1>
ST_1 : Operation 14 [1/1] (0.00ns)   --->   "%br_ln533 = br i1 %icmp_ln533, void %.critedge, void" [/home/lab_726/boom/hls_boom/src/boom_core_merged.cpp:533]   --->   Operation 14 'br' 'br_ln533' <Predicate = (state_rename_dispatch_packets_valid_0_load & !state_rename_dispatch_packets_rob_allocated_0_load)> <Delay = 0.00>
ST_1 : Operation 15 [1/1] (0.00ns)   --->   "%is_full = load i1 %state_rob_maybe_full" [/home/lab_726/boom/hls_boom/src/boom_core_merged.cpp:533]   --->   Operation 15 'load' 'is_full' <Predicate = (state_rename_dispatch_packets_valid_0_load & !state_rename_dispatch_packets_rob_allocated_0_load & icmp_ln533)> <Delay = 0.00>
ST_1 : Operation 16 [1/1] (0.00ns)   --->   "%br_ln534 = br i1 %is_full, void %.critedge, void %.loopexit" [/home/lab_726/boom/hls_boom/src/boom_core_merged.cpp:534]   --->   Operation 16 'br' 'br_ln534' <Predicate = (state_rename_dispatch_packets_valid_0_load & !state_rename_dispatch_packets_rob_allocated_0_load & icmp_ln533)> <Delay = 0.00>
ST_1 : Operation 17 [1/1] (0.00ns)   --->   "%uop_uopc = load i8 %state_rename_dispatch_packets_uop_uopc_0" [/home/lab_726/boom/hls_boom/src/boom_core_merged.cpp:535]   --->   Operation 17 'load' 'uop_uopc' <Predicate = (state_rename_dispatch_packets_valid_0_load & !state_rename_dispatch_packets_rob_allocated_0_load & !is_full) | (state_rename_dispatch_packets_valid_0_load & !state_rename_dispatch_packets_rob_allocated_0_load & !icmp_ln533)> <Delay = 0.00>
ST_1 : Operation 18 [1/1] (0.00ns)   --->   "%uop_inst = load i32 %state_rename_dispatch_packets_uop_inst_0" [/home/lab_726/boom/hls_boom/src/boom_core_merged.cpp:535]   --->   Operation 18 'load' 'uop_inst' <Predicate = (state_rename_dispatch_packets_valid_0_load & !state_rename_dispatch_packets_rob_allocated_0_load & !is_full) | (state_rename_dispatch_packets_valid_0_load & !state_rename_dispatch_packets_rob_allocated_0_load & !icmp_ln533)> <Delay = 0.00>
ST_1 : Operation 19 [1/1] (0.00ns)   --->   "%uop_debug_pc = load i64 %state_rename_dispatch_packets_uop_debug_pc_0" [/home/lab_726/boom/hls_boom/src/boom_core_merged.cpp:535]   --->   Operation 19 'load' 'uop_debug_pc' <Predicate = (state_rename_dispatch_packets_valid_0_load & !state_rename_dispatch_packets_rob_allocated_0_load & !is_full) | (state_rename_dispatch_packets_valid_0_load & !state_rename_dispatch_packets_rob_allocated_0_load & !icmp_ln533)> <Delay = 0.00>
ST_1 : Operation 20 [1/1] (0.00ns)   --->   "%uop_ctrl_is_load = load i1 %state_rename_dispatch_packets_uop_ctrl_is_load_0" [/home/lab_726/boom/hls_boom/src/boom_core_merged.cpp:535]   --->   Operation 20 'load' 'uop_ctrl_is_load' <Predicate = (state_rename_dispatch_packets_valid_0_load & !state_rename_dispatch_packets_rob_allocated_0_load & !is_full) | (state_rename_dispatch_packets_valid_0_load & !state_rename_dispatch_packets_rob_allocated_0_load & !icmp_ln533)> <Delay = 0.00>
ST_1 : Operation 21 [1/1] (0.00ns)   --->   "%uop_ctrl_is_sta = load i1 %state_rename_dispatch_packets_uop_ctrl_is_sta_0" [/home/lab_726/boom/hls_boom/src/boom_core_merged.cpp:535]   --->   Operation 21 'load' 'uop_ctrl_is_sta' <Predicate = (state_rename_dispatch_packets_valid_0_load & !state_rename_dispatch_packets_rob_allocated_0_load & !is_full) | (state_rename_dispatch_packets_valid_0_load & !state_rename_dispatch_packets_rob_allocated_0_load & !icmp_ln533)> <Delay = 0.00>
ST_1 : Operation 22 [1/1] (0.00ns)   --->   "%uop_branch_br_mask = load i8 %state_rename_dispatch_packets_uop_branch_br_mask_0" [/home/lab_726/boom/hls_boom/src/boom_core_merged.cpp:535]   --->   Operation 22 'load' 'uop_branch_br_mask' <Predicate = (state_rename_dispatch_packets_valid_0_load & !state_rename_dispatch_packets_rob_allocated_0_load & !is_full) | (state_rename_dispatch_packets_valid_0_load & !state_rename_dispatch_packets_rob_allocated_0_load & !icmp_ln533)> <Delay = 0.00>
ST_1 : Operation 23 [1/1] (0.00ns)   --->   "%uop_rename_ldst = load i5 %state_rename_dispatch_packets_uop_rename_ldst_0" [/home/lab_726/boom/hls_boom/src/boom_core_merged.cpp:535]   --->   Operation 23 'load' 'uop_rename_ldst' <Predicate = (state_rename_dispatch_packets_valid_0_load & !state_rename_dispatch_packets_rob_allocated_0_load & !is_full) | (state_rename_dispatch_packets_valid_0_load & !state_rename_dispatch_packets_rob_allocated_0_load & !icmp_ln533)> <Delay = 0.00>
ST_1 : Operation 24 [1/1] (0.00ns)   --->   "%uop_rename_pdst = load i8 %state_rename_dispatch_packets_uop_rename_pdst_0" [/home/lab_726/boom/hls_boom/src/boom_core_merged.cpp:535]   --->   Operation 24 'load' 'uop_rename_pdst' <Predicate = (state_rename_dispatch_packets_valid_0_load & !state_rename_dispatch_packets_rob_allocated_0_load & !is_full) | (state_rename_dispatch_packets_valid_0_load & !state_rename_dispatch_packets_rob_allocated_0_load & !icmp_ln533)> <Delay = 0.00>
ST_1 : Operation 25 [1/1] (0.00ns)   --->   "%uop_rename_stale_pdst = load i8 %state_rename_dispatch_packets_uop_rename_stale_pdst_0" [/home/lab_726/boom/hls_boom/src/boom_core_merged.cpp:535]   --->   Operation 25 'load' 'uop_rename_stale_pdst' <Predicate = (state_rename_dispatch_packets_valid_0_load & !state_rename_dispatch_packets_rob_allocated_0_load & !is_full) | (state_rename_dispatch_packets_valid_0_load & !state_rename_dispatch_packets_rob_allocated_0_load & !icmp_ln533)> <Delay = 0.00>
ST_1 : Operation 26 [1/1] (0.00ns)   --->   "%uop_rename_dst_rtype = load i2 %state_rename_dispatch_packets_uop_rename_dst_rtype_0" [/home/lab_726/boom/hls_boom/src/boom_core_merged.cpp:535]   --->   Operation 26 'load' 'uop_rename_dst_rtype' <Predicate = (state_rename_dispatch_packets_valid_0_load & !state_rename_dispatch_packets_rob_allocated_0_load & !is_full) | (state_rename_dispatch_packets_valid_0_load & !state_rename_dispatch_packets_rob_allocated_0_load & !icmp_ln533)> <Delay = 0.00>
ST_1 : Operation 27 [1/1] (0.00ns)   --->   "%uop_exception = load i1 %state_rename_dispatch_packets_uop_exception_0" [/home/lab_726/boom/hls_boom/src/boom_core_merged.cpp:535]   --->   Operation 27 'load' 'uop_exception' <Predicate = (state_rename_dispatch_packets_valid_0_load & !state_rename_dispatch_packets_rob_allocated_0_load & !is_full) | (state_rename_dispatch_packets_valid_0_load & !state_rename_dispatch_packets_rob_allocated_0_load & !icmp_ln533)> <Delay = 0.00>
ST_1 : Operation 28 [1/1] (0.84ns)   --->   "%icmp_ln536 = icmp_eq  i8 %uop_uopc, i8 0" [/home/lab_726/boom/hls_boom/src/boom_core_merged.cpp:536]   --->   Operation 28 'icmp' 'icmp_ln536' <Predicate = (state_rename_dispatch_packets_valid_0_load & !state_rename_dispatch_packets_rob_allocated_0_load & !is_full) | (state_rename_dispatch_packets_valid_0_load & !state_rename_dispatch_packets_rob_allocated_0_load & !icmp_ln533)> <Delay = 0.84> <CoreInst = "Cmp">   --->   Core 9 'Cmp' <Latency = 0> <II = 1> <Delay = 0.75> <FuncUnit> <Opcode : 'icmp'> <InPorts = 2> <OutPorts = 1>
ST_1 : Operation 29 [1/1] (0.00ns)   --->   "%br_ln536 = br i1 %icmp_ln536, void, void %.critedge._crit_edge" [/home/lab_726/boom/hls_boom/src/boom_core_merged.cpp:536]   --->   Operation 29 'br' 'br_ln536' <Predicate = (state_rename_dispatch_packets_valid_0_load & !state_rename_dispatch_packets_rob_allocated_0_load & !is_full) | (state_rename_dispatch_packets_valid_0_load & !state_rename_dispatch_packets_rob_allocated_0_load & !icmp_ln533)> <Delay = 0.00>
ST_1 : Operation 30 [1/1] (0.00ns)   --->   "%allocation_id = load i32 %state_rob_next_allocation_id" [/home/lab_726/boom/hls_boom/src/boom_core_merged.cpp:537]   --->   Operation 30 'load' 'allocation_id' <Predicate = (state_rename_dispatch_packets_valid_0_load & !state_rename_dispatch_packets_rob_allocated_0_load & !is_full & !icmp_ln536) | (state_rename_dispatch_packets_valid_0_load & !state_rename_dispatch_packets_rob_allocated_0_load & !icmp_ln533 & !icmp_ln536)> <Delay = 0.00>
ST_1 : Operation 31 [1/1] (1.01ns)   --->   "%add_ln537 = add i32 %allocation_id, i32 1" [/home/lab_726/boom/hls_boom/src/boom_core_merged.cpp:537]   --->   Operation 31 'add' 'add_ln537' <Predicate = (state_rename_dispatch_packets_valid_0_load & !state_rename_dispatch_packets_rob_allocated_0_load & !is_full & !icmp_ln536 & !icmp_ln538) | (state_rename_dispatch_packets_valid_0_load & !state_rename_dispatch_packets_rob_allocated_0_load & !icmp_ln533 & !icmp_ln536 & !icmp_ln538)> <Delay = 1.01> <CoreInst = "Adder">   --->   Core 1 'Adder' <Latency = 0> <II = 1> <Delay = 0.78> <FuncUnit> <Opcode : 'add' 'sub'> <InPorts = 2> <OutPorts = 1>
ST_1 : Operation 32 [1/1] (0.99ns)   --->   "%icmp_ln538 = icmp_eq  i32 %allocation_id, i32 0" [/home/lab_726/boom/hls_boom/src/boom_core_merged.cpp:538]   --->   Operation 32 'icmp' 'icmp_ln538' <Predicate = (state_rename_dispatch_packets_valid_0_load & !state_rename_dispatch_packets_rob_allocated_0_load & !is_full & !icmp_ln536) | (state_rename_dispatch_packets_valid_0_load & !state_rename_dispatch_packets_rob_allocated_0_load & !icmp_ln533 & !icmp_ln536)> <Delay = 0.99> <CoreInst = "Cmp">   --->   Core 9 'Cmp' <Latency = 0> <II = 1> <Delay = 0.75> <FuncUnit> <Opcode : 'icmp'> <InPorts = 2> <OutPorts = 1>
ST_1 : Operation 33 [1/1] (0.44ns)   --->   "%select_ln538 = select i1 %icmp_ln538, i32 2, i32 %add_ln537" [/home/lab_726/boom/hls_boom/src/boom_core_merged.cpp:538]   --->   Operation 33 'select' 'select_ln538' <Predicate = (state_rename_dispatch_packets_valid_0_load & !state_rename_dispatch_packets_rob_allocated_0_load & !is_full & !icmp_ln536) | (state_rename_dispatch_packets_valid_0_load & !state_rename_dispatch_packets_rob_allocated_0_load & !icmp_ln533 & !icmp_ln536)> <Delay = 0.44> <CoreInst = "Sel">   --->   Core 73 'Sel' <Latency = 0> <II = 1> <Delay = 0.44> <FuncUnit> <Opcode : 'select'> <InPorts = 3> <OutPorts = 1>
ST_1 : Operation 34 [1/1] (0.00ns)   --->   "%store_ln538 = store i32 %select_ln538, i32 %state_rob_next_allocation_id" [/home/lab_726/boom/hls_boom/src/boom_core_merged.cpp:538]   --->   Operation 34 'store' 'store_ln538' <Predicate = (state_rename_dispatch_packets_valid_0_load & !state_rename_dispatch_packets_rob_allocated_0_load & !is_full & !icmp_ln536) | (state_rename_dispatch_packets_valid_0_load & !state_rename_dispatch_packets_rob_allocated_0_load & !icmp_ln533 & !icmp_ln536)> <Delay = 0.00>
ST_1 : Operation 35 [1/1] (0.44ns)   --->   "%allocation_id_2 = select i1 %icmp_ln538, i32 1, i32 %allocation_id" [/home/lab_726/boom/hls_boom/src/boom_core_merged.cpp:538]   --->   Operation 35 'select' 'allocation_id_2' <Predicate = (state_rename_dispatch_packets_valid_0_load & !state_rename_dispatch_packets_rob_allocated_0_load & !is_full & !icmp_ln536) | (state_rename_dispatch_packets_valid_0_load & !state_rename_dispatch_packets_rob_allocated_0_load & !icmp_ln533 & !icmp_ln536)> <Delay = 0.44> <CoreInst = "Sel">   --->   Core 73 'Sel' <Latency = 0> <II = 1> <Delay = 0.44> <FuncUnit> <Opcode : 'select'> <InPorts = 3> <OutPorts = 1>
ST_1 : Operation 36 [1/1] (0.00ns)   --->   "%zext_ln539 = zext i5 %uop_queue_rob_idx" [/home/lab_726/boom/hls_boom/src/boom_core_merged.cpp:539]   --->   Operation 36 'zext' 'zext_ln539' <Predicate = (state_rename_dispatch_packets_valid_0_load & !state_rename_dispatch_packets_rob_allocated_0_load & !is_full & !icmp_ln536) | (state_rename_dispatch_packets_valid_0_load & !state_rename_dispatch_packets_rob_allocated_0_load & !icmp_ln533 & !icmp_ln536)> <Delay = 0.00>
ST_1 : Operation 37 [1/1] (0.00ns)   --->   "%state_rob_entries_valid_addr = getelementptr i1 %state_rob_entries_valid, i64 0, i64 %zext_ln539" [/home/lab_726/boom/hls_boom/src/boom_core_merged.cpp:540]   --->   Operation 37 'getelementptr' 'state_rob_entries_valid_addr' <Predicate = (state_rename_dispatch_packets_valid_0_load & !state_rename_dispatch_packets_rob_allocated_0_load & !is_full & !icmp_ln536) | (state_rename_dispatch_packets_valid_0_load & !state_rename_dispatch_packets_rob_allocated_0_load & !icmp_ln533 & !icmp_ln536)> <Delay = 0.00>
ST_1 : Operation 38 [1/1] (0.00ns)   --->   "%state_rob_entries_busy_addr = getelementptr i1 %state_rob_entries_busy, i64 0, i64 %zext_ln539" [/home/lab_726/boom/hls_boom/src/boom_core_merged.cpp:540]   --->   Operation 38 'getelementptr' 'state_rob_entries_busy_addr' <Predicate = (state_rename_dispatch_packets_valid_0_load & !state_rename_dispatch_packets_rob_allocated_0_load & !is_full & !icmp_ln536) | (state_rename_dispatch_packets_valid_0_load & !state_rename_dispatch_packets_rob_allocated_0_load & !icmp_ln533 & !icmp_ln536)> <Delay = 0.00>
ST_1 : Operation 39 [1/1] (0.00ns)   --->   "%state_rob_entries_exception_addr = getelementptr i1 %state_rob_entries_exception, i64 0, i64 %zext_ln539" [/home/lab_726/boom/hls_boom/src/boom_core_merged.cpp:540]   --->   Operation 39 'getelementptr' 'state_rob_entries_exception_addr' <Predicate = (state_rename_dispatch_packets_valid_0_load & !state_rename_dispatch_packets_rob_allocated_0_load & !is_full & !icmp_ln536) | (state_rename_dispatch_packets_valid_0_load & !state_rename_dispatch_packets_rob_allocated_0_load & !icmp_ln533 & !icmp_ln536)> <Delay = 0.00>
ST_1 : Operation 40 [1/1] (0.00ns)   --->   "%state_rob_entries_uop_uopc_addr = getelementptr i8 %state_rob_entries_uop_uopc, i64 0, i64 %zext_ln539" [/home/lab_726/boom/hls_boom/src/boom_core_merged.cpp:540]   --->   Operation 40 'getelementptr' 'state_rob_entries_uop_uopc_addr' <Predicate = (state_rename_dispatch_packets_valid_0_load & !state_rename_dispatch_packets_rob_allocated_0_load & !is_full & !icmp_ln536) | (state_rename_dispatch_packets_valid_0_load & !state_rename_dispatch_packets_rob_allocated_0_load & !icmp_ln533 & !icmp_ln536)> <Delay = 0.00>
ST_1 : Operation 41 [1/1] (0.00ns)   --->   "%state_rob_entries_uop_inst_addr = getelementptr i32 %state_rob_entries_uop_inst, i64 0, i64 %zext_ln539" [/home/lab_726/boom/hls_boom/src/boom_core_merged.cpp:540]   --->   Operation 41 'getelementptr' 'state_rob_entries_uop_inst_addr' <Predicate = (state_rename_dispatch_packets_valid_0_load & !state_rename_dispatch_packets_rob_allocated_0_load & !is_full & !icmp_ln536) | (state_rename_dispatch_packets_valid_0_load & !state_rename_dispatch_packets_rob_allocated_0_load & !icmp_ln533 & !icmp_ln536)> <Delay = 0.00>
ST_1 : Operation 42 [1/1] (0.00ns)   --->   "%state_rob_entries_uop_debug_pc_addr = getelementptr i64 %state_rob_entries_uop_debug_pc, i64 0, i64 %zext_ln539" [/home/lab_726/boom/hls_boom/src/boom_core_merged.cpp:540]   --->   Operation 42 'getelementptr' 'state_rob_entries_uop_debug_pc_addr' <Predicate = (state_rename_dispatch_packets_valid_0_load & !state_rename_dispatch_packets_rob_allocated_0_load & !is_full & !icmp_ln536) | (state_rename_dispatch_packets_valid_0_load & !state_rename_dispatch_packets_rob_allocated_0_load & !icmp_ln533 & !icmp_ln536)> <Delay = 0.00>
ST_1 : Operation 43 [1/1] (0.00ns)   --->   "%state_rob_entries_uop_ctrl_is_load_addr = getelementptr i1 %state_rob_entries_uop_ctrl_is_load, i64 0, i64 %zext_ln539" [/home/lab_726/boom/hls_boom/src/boom_core_merged.cpp:540]   --->   Operation 43 'getelementptr' 'state_rob_entries_uop_ctrl_is_load_addr' <Predicate = (state_rename_dispatch_packets_valid_0_load & !state_rename_dispatch_packets_rob_allocated_0_load & !is_full & !icmp_ln536) | (state_rename_dispatch_packets_valid_0_load & !state_rename_dispatch_packets_rob_allocated_0_load & !icmp_ln533 & !icmp_ln536)> <Delay = 0.00>
ST_1 : Operation 44 [1/1] (0.00ns)   --->   "%state_rob_entries_uop_ctrl_is_sta_addr = getelementptr i1 %state_rob_entries_uop_ctrl_is_sta, i64 0, i64 %zext_ln539" [/home/lab_726/boom/hls_boom/src/boom_core_merged.cpp:540]   --->   Operation 44 'getelementptr' 'state_rob_entries_uop_ctrl_is_sta_addr' <Predicate = (state_rename_dispatch_packets_valid_0_load & !state_rename_dispatch_packets_rob_allocated_0_load & !is_full & !icmp_ln536) | (state_rename_dispatch_packets_valid_0_load & !state_rename_dispatch_packets_rob_allocated_0_load & !icmp_ln533 & !icmp_ln536)> <Delay = 0.00>
ST_1 : Operation 45 [1/1] (0.00ns)   --->   "%state_rob_entries_uop_branch_br_mask_addr = getelementptr i8 %state_rob_entries_uop_branch_br_mask, i64 0, i64 %zext_ln539" [/home/lab_726/boom/hls_boom/src/boom_core_merged.cpp:540]   --->   Operation 45 'getelementptr' 'state_rob_entries_uop_branch_br_mask_addr' <Predicate = (state_rename_dispatch_packets_valid_0_load & !state_rename_dispatch_packets_rob_allocated_0_load & !is_full & !icmp_ln536) | (state_rename_dispatch_packets_valid_0_load & !state_rename_dispatch_packets_rob_allocated_0_load & !icmp_ln533 & !icmp_ln536)> <Delay = 0.00>
ST_1 : Operation 46 [1/1] (0.00ns)   --->   "%state_rob_entries_uop_queue_rob_idx_addr = getelementptr i5 %state_rob_entries_uop_queue_rob_idx, i64 0, i64 %zext_ln539" [/home/lab_726/boom/hls_boom/src/boom_core_merged.cpp:540]   --->   Operation 46 'getelementptr' 'state_rob_entries_uop_queue_rob_idx_addr' <Predicate = (state_rename_dispatch_packets_valid_0_load & !state_rename_dispatch_packets_rob_allocated_0_load & !is_full & !icmp_ln536) | (state_rename_dispatch_packets_valid_0_load & !state_rename_dispatch_packets_rob_allocated_0_load & !icmp_ln533 & !icmp_ln536)> <Delay = 0.00>
ST_1 : Operation 47 [1/1] (0.00ns)   --->   "%state_rob_entries_uop_queue_rob_allocation_id_addr = getelementptr i32 %state_rob_entries_uop_queue_rob_allocation_id, i64 0, i64 %zext_ln539" [/home/lab_726/boom/hls_boom/src/boom_core_merged.cpp:540]   --->   Operation 47 'getelementptr' 'state_rob_entries_uop_queue_rob_allocation_id_addr' <Predicate = (state_rename_dispatch_packets_valid_0_load & !state_rename_dispatch_packets_rob_allocated_0_load & !is_full & !icmp_ln536) | (state_rename_dispatch_packets_valid_0_load & !state_rename_dispatch_packets_rob_allocated_0_load & !icmp_ln533 & !icmp_ln536)> <Delay = 0.00>
ST_1 : Operation 48 [1/1] (0.00ns)   --->   "%state_rob_entries_uop_rename_ldst_addr = getelementptr i5 %state_rob_entries_uop_rename_ldst, i64 0, i64 %zext_ln539" [/home/lab_726/boom/hls_boom/src/boom_core_merged.cpp:540]   --->   Operation 48 'getelementptr' 'state_rob_entries_uop_rename_ldst_addr' <Predicate = (state_rename_dispatch_packets_valid_0_load & !state_rename_dispatch_packets_rob_allocated_0_load & !is_full & !icmp_ln536) | (state_rename_dispatch_packets_valid_0_load & !state_rename_dispatch_packets_rob_allocated_0_load & !icmp_ln533 & !icmp_ln536)> <Delay = 0.00>
ST_1 : Operation 49 [1/1] (0.00ns)   --->   "%state_rob_entries_uop_rename_pdst_addr = getelementptr i8 %state_rob_entries_uop_rename_pdst, i64 0, i64 %zext_ln539" [/home/lab_726/boom/hls_boom/src/boom_core_merged.cpp:540]   --->   Operation 49 'getelementptr' 'state_rob_entries_uop_rename_pdst_addr' <Predicate = (state_rename_dispatch_packets_valid_0_load & !state_rename_dispatch_packets_rob_allocated_0_load & !is_full & !icmp_ln536) | (state_rename_dispatch_packets_valid_0_load & !state_rename_dispatch_packets_rob_allocated_0_load & !icmp_ln533 & !icmp_ln536)> <Delay = 0.00>
ST_1 : Operation 50 [1/1] (0.00ns)   --->   "%state_rob_entries_uop_rename_stale_pdst_addr = getelementptr i8 %state_rob_entries_uop_rename_stale_pdst, i64 0, i64 %zext_ln539" [/home/lab_726/boom/hls_boom/src/boom_core_merged.cpp:540]   --->   Operation 50 'getelementptr' 'state_rob_entries_uop_rename_stale_pdst_addr' <Predicate = (state_rename_dispatch_packets_valid_0_load & !state_rename_dispatch_packets_rob_allocated_0_load & !is_full & !icmp_ln536) | (state_rename_dispatch_packets_valid_0_load & !state_rename_dispatch_packets_rob_allocated_0_load & !icmp_ln533 & !icmp_ln536)> <Delay = 0.00>
ST_1 : Operation 51 [1/1] (0.00ns)   --->   "%state_rob_entries_uop_rename_dst_rtype_addr = getelementptr i2 %state_rob_entries_uop_rename_dst_rtype, i64 0, i64 %zext_ln539" [/home/lab_726/boom/hls_boom/src/boom_core_merged.cpp:540]   --->   Operation 51 'getelementptr' 'state_rob_entries_uop_rename_dst_rtype_addr' <Predicate = (state_rename_dispatch_packets_valid_0_load & !state_rename_dispatch_packets_rob_allocated_0_load & !is_full & !icmp_ln536) | (state_rename_dispatch_packets_valid_0_load & !state_rename_dispatch_packets_rob_allocated_0_load & !icmp_ln533 & !icmp_ln536)> <Delay = 0.00>
ST_1 : Operation 52 [1/1] (0.00ns)   --->   "%state_rob_entries_memory_valid_addr = getelementptr i1 %state_rob_entries_memory_valid, i64 0, i64 %zext_ln539" [/home/lab_726/boom/hls_boom/src/boom_core_merged.cpp:540]   --->   Operation 52 'getelementptr' 'state_rob_entries_memory_valid_addr' <Predicate = (state_rename_dispatch_packets_valid_0_load & !state_rename_dispatch_packets_rob_allocated_0_load & !is_full & !icmp_ln536) | (state_rename_dispatch_packets_valid_0_load & !state_rename_dispatch_packets_rob_allocated_0_load & !icmp_ln533 & !icmp_ln536)> <Delay = 0.00>
ST_1 : Operation 53 [1/1] (0.67ns)   --->   "%store_ln540 = store i1 0, i5 %state_rob_entries_memory_valid_addr" [/home/lab_726/boom/hls_boom/src/boom_core_merged.cpp:540]   --->   Operation 53 'store' 'store_ln540' <Predicate = (state_rename_dispatch_packets_valid_0_load & !state_rename_dispatch_packets_rob_allocated_0_load & !is_full & !icmp_ln536) | (state_rename_dispatch_packets_valid_0_load & !state_rename_dispatch_packets_rob_allocated_0_load & !icmp_ln533 & !icmp_ln536)> <Delay = 0.67> <CoreInst = "RAM">   --->   Core 83 'RAM' <Latency = 1> <II = 1> <Delay = 0.67> <Storage> <Opcode : 'load' 'store'> <Ports = 2> <Width = 1> <Depth = 32> <RAM>
ST_1 : Operation 54 [1/1] (0.00ns)   --->   "%state_rob_entries_is_load_addr = getelementptr i1 %state_rob_entries_is_load, i64 0, i64 %zext_ln539" [/home/lab_726/boom/hls_boom/src/boom_core_merged.cpp:540]   --->   Operation 54 'getelementptr' 'state_rob_entries_is_load_addr' <Predicate = (state_rename_dispatch_packets_valid_0_load & !state_rename_dispatch_packets_rob_allocated_0_load & !is_full & !icmp_ln536) | (state_rename_dispatch_packets_valid_0_load & !state_rename_dispatch_packets_rob_allocated_0_load & !icmp_ln533 & !icmp_ln536)> <Delay = 0.00>
ST_1 : Operation 55 [1/1] (0.67ns)   --->   "%store_ln540 = store i1 0, i5 %state_rob_entries_is_load_addr" [/home/lab_726/boom/hls_boom/src/boom_core_merged.cpp:540]   --->   Operation 55 'store' 'store_ln540' <Predicate = (state_rename_dispatch_packets_valid_0_load & !state_rename_dispatch_packets_rob_allocated_0_load & !is_full & !icmp_ln536) | (state_rename_dispatch_packets_valid_0_load & !state_rename_dispatch_packets_rob_allocated_0_load & !icmp_ln533 & !icmp_ln536)> <Delay = 0.67> <CoreInst = "RAM">   --->   Core 83 'RAM' <Latency = 1> <II = 1> <Delay = 0.67> <Storage> <Opcode : 'load' 'store'> <Ports = 2> <Width = 1> <Depth = 32> <RAM>
ST_1 : Operation 56 [1/1] (0.00ns)   --->   "%state_rob_entries_is_store_addr = getelementptr i1 %state_rob_entries_is_store, i64 0, i64 %zext_ln539" [/home/lab_726/boom/hls_boom/src/boom_core_merged.cpp:540]   --->   Operation 56 'getelementptr' 'state_rob_entries_is_store_addr' <Predicate = (state_rename_dispatch_packets_valid_0_load & !state_rename_dispatch_packets_rob_allocated_0_load & !is_full & !icmp_ln536) | (state_rename_dispatch_packets_valid_0_load & !state_rename_dispatch_packets_rob_allocated_0_load & !icmp_ln533 & !icmp_ln536)> <Delay = 0.00>
ST_1 : Operation 57 [1/1] (0.67ns)   --->   "%store_ln540 = store i1 0, i5 %state_rob_entries_is_store_addr" [/home/lab_726/boom/hls_boom/src/boom_core_merged.cpp:540]   --->   Operation 57 'store' 'store_ln540' <Predicate = (state_rename_dispatch_packets_valid_0_load & !state_rename_dispatch_packets_rob_allocated_0_load & !is_full & !icmp_ln536) | (state_rename_dispatch_packets_valid_0_load & !state_rename_dispatch_packets_rob_allocated_0_load & !icmp_ln533 & !icmp_ln536)> <Delay = 0.67> <CoreInst = "RAM">   --->   Core 83 'RAM' <Latency = 1> <II = 1> <Delay = 0.67> <Storage> <Opcode : 'load' 'store'> <Ports = 2> <Width = 1> <Depth = 32> <RAM>
ST_1 : Operation 58 [1/1] (0.00ns)   --->   "%state_rob_entries_signed_load_addr = getelementptr i1 %state_rob_entries_signed_load, i64 0, i64 %zext_ln539" [/home/lab_726/boom/hls_boom/src/boom_core_merged.cpp:540]   --->   Operation 58 'getelementptr' 'state_rob_entries_signed_load_addr' <Predicate = (state_rename_dispatch_packets_valid_0_load & !state_rename_dispatch_packets_rob_allocated_0_load & !is_full & !icmp_ln536) | (state_rename_dispatch_packets_valid_0_load & !state_rename_dispatch_packets_rob_allocated_0_load & !icmp_ln533 & !icmp_ln536)> <Delay = 0.00>
ST_1 : Operation 59 [1/1] (0.67ns)   --->   "%store_ln540 = store i1 0, i5 %state_rob_entries_signed_load_addr" [/home/lab_726/boom/hls_boom/src/boom_core_merged.cpp:540]   --->   Operation 59 'store' 'store_ln540' <Predicate = (state_rename_dispatch_packets_valid_0_load & !state_rename_dispatch_packets_rob_allocated_0_load & !is_full & !icmp_ln536) | (state_rename_dispatch_packets_valid_0_load & !state_rename_dispatch_packets_rob_allocated_0_load & !icmp_ln533 & !icmp_ln536)> <Delay = 0.67> <CoreInst = "RAM">   --->   Core 83 'RAM' <Latency = 1> <II = 1> <Delay = 0.67> <Storage> <Opcode : 'load' 'store'> <Ports = 2> <Width = 1> <Depth = 32> <RAM>
ST_1 : Operation 60 [1/1] (0.00ns)   --->   "%state_rob_entries_memory_request_sent_addr = getelementptr i1 %state_rob_entries_memory_request_sent, i64 0, i64 %zext_ln539" [/home/lab_726/boom/hls_boom/src/boom_core_merged.cpp:540]   --->   Operation 60 'getelementptr' 'state_rob_entries_memory_request_sent_addr' <Predicate = (state_rename_dispatch_packets_valid_0_load & !state_rename_dispatch_packets_rob_allocated_0_load & !is_full & !icmp_ln536) | (state_rename_dispatch_packets_valid_0_load & !state_rename_dispatch_packets_rob_allocated_0_load & !icmp_ln533 & !icmp_ln536)> <Delay = 0.00>
ST_1 : Operation 61 [1/1] (0.67ns)   --->   "%store_ln540 = store i1 0, i5 %state_rob_entries_memory_request_sent_addr" [/home/lab_726/boom/hls_boom/src/boom_core_merged.cpp:540]   --->   Operation 61 'store' 'store_ln540' <Predicate = (state_rename_dispatch_packets_valid_0_load & !state_rename_dispatch_packets_rob_allocated_0_load & !is_full & !icmp_ln536) | (state_rename_dispatch_packets_valid_0_load & !state_rename_dispatch_packets_rob_allocated_0_load & !icmp_ln533 & !icmp_ln536)> <Delay = 0.67> <CoreInst = "RAM">   --->   Core 83 'RAM' <Latency = 1> <II = 1> <Delay = 0.67> <Storage> <Opcode : 'load' 'store'> <Ports = 2> <Width = 1> <Depth = 32> <RAM>
ST_1 : Operation 62 [1/1] (0.00ns)   --->   "%state_rob_entries_memory_completed_addr = getelementptr i1 %state_rob_entries_memory_completed, i64 0, i64 %zext_ln539" [/home/lab_726/boom/hls_boom/src/boom_core_merged.cpp:540]   --->   Operation 62 'getelementptr' 'state_rob_entries_memory_completed_addr' <Predicate = (state_rename_dispatch_packets_valid_0_load & !state_rename_dispatch_packets_rob_allocated_0_load & !is_full & !icmp_ln536) | (state_rename_dispatch_packets_valid_0_load & !state_rename_dispatch_packets_rob_allocated_0_load & !icmp_ln533 & !icmp_ln536)> <Delay = 0.00>
ST_1 : Operation 63 [1/1] (0.67ns)   --->   "%store_ln540 = store i1 0, i5 %state_rob_entries_memory_completed_addr" [/home/lab_726/boom/hls_boom/src/boom_core_merged.cpp:540]   --->   Operation 63 'store' 'store_ln540' <Predicate = (state_rename_dispatch_packets_valid_0_load & !state_rename_dispatch_packets_rob_allocated_0_load & !is_full & !icmp_ln536) | (state_rename_dispatch_packets_valid_0_load & !state_rename_dispatch_packets_rob_allocated_0_load & !icmp_ln533 & !icmp_ln536)> <Delay = 0.67> <CoreInst = "RAM">   --->   Core 83 'RAM' <Latency = 1> <II = 1> <Delay = 0.67> <Storage> <Opcode : 'load' 'store'> <Ports = 2> <Width = 1> <Depth = 32> <RAM>
ST_1 : Operation 64 [1/1] (0.00ns)   --->   "%state_rob_entries_memory_address_addr = getelementptr i64 %state_rob_entries_memory_address, i64 0, i64 %zext_ln539" [/home/lab_726/boom/hls_boom/src/boom_core_merged.cpp:540]   --->   Operation 64 'getelementptr' 'state_rob_entries_memory_address_addr' <Predicate = (state_rename_dispatch_packets_valid_0_load & !state_rename_dispatch_packets_rob_allocated_0_load & !is_full & !icmp_ln536) | (state_rename_dispatch_packets_valid_0_load & !state_rename_dispatch_packets_rob_allocated_0_load & !icmp_ln533 & !icmp_ln536)> <Delay = 0.00>
ST_1 : Operation 65 [1/1] (1.23ns)   --->   "%store_ln540 = store i64 0, i5 %state_rob_entries_memory_address_addr" [/home/lab_726/boom/hls_boom/src/boom_core_merged.cpp:540]   --->   Operation 65 'store' 'store_ln540' <Predicate = (state_rename_dispatch_packets_valid_0_load & !state_rename_dispatch_packets_rob_allocated_0_load & !is_full & !icmp_ln536) | (state_rename_dispatch_packets_valid_0_load & !state_rename_dispatch_packets_rob_allocated_0_load & !icmp_ln533 & !icmp_ln536)> <Delay = 1.23> <CoreInst = "RAM">   --->   Core 83 'RAM' <Latency = 1> <II = 1> <Delay = 1.23> <Storage> <Opcode : 'load' 'store'> <Ports = 2> <Width = 64> <Depth = 32> <RAM>
ST_1 : Operation 66 [1/1] (0.00ns)   --->   "%state_rob_entries_memory_data_addr = getelementptr i64 %state_rob_entries_memory_data, i64 0, i64 %zext_ln539" [/home/lab_726/boom/hls_boom/src/boom_core_merged.cpp:540]   --->   Operation 66 'getelementptr' 'state_rob_entries_memory_data_addr' <Predicate = (state_rename_dispatch_packets_valid_0_load & !state_rename_dispatch_packets_rob_allocated_0_load & !is_full & !icmp_ln536) | (state_rename_dispatch_packets_valid_0_load & !state_rename_dispatch_packets_rob_allocated_0_load & !icmp_ln533 & !icmp_ln536)> <Delay = 0.00>
ST_1 : Operation 67 [1/1] (1.23ns)   --->   "%store_ln540 = store i64 0, i5 %state_rob_entries_memory_data_addr" [/home/lab_726/boom/hls_boom/src/boom_core_merged.cpp:540]   --->   Operation 67 'store' 'store_ln540' <Predicate = (state_rename_dispatch_packets_valid_0_load & !state_rename_dispatch_packets_rob_allocated_0_load & !is_full & !icmp_ln536) | (state_rename_dispatch_packets_valid_0_load & !state_rename_dispatch_packets_rob_allocated_0_load & !icmp_ln533 & !icmp_ln536)> <Delay = 1.23> <CoreInst = "RAM">   --->   Core 83 'RAM' <Latency = 1> <II = 1> <Delay = 1.23> <Storage> <Opcode : 'load' 'store'> <Ports = 2> <Width = 64> <Depth = 32> <RAM>
ST_1 : Operation 68 [1/1] (0.00ns)   --->   "%state_rob_entries_memory_mask_addr = getelementptr i5 %state_rob_entries_memory_mask, i64 0, i64 %zext_ln539" [/home/lab_726/boom/hls_boom/src/boom_core_merged.cpp:540]   --->   Operation 68 'getelementptr' 'state_rob_entries_memory_mask_addr' <Predicate = (state_rename_dispatch_packets_valid_0_load & !state_rename_dispatch_packets_rob_allocated_0_load & !is_full & !icmp_ln536) | (state_rename_dispatch_packets_valid_0_load & !state_rename_dispatch_packets_rob_allocated_0_load & !icmp_ln533 & !icmp_ln536)> <Delay = 0.00>
ST_1 : Operation 69 [1/1] (0.67ns)   --->   "%store_ln540 = store i5 0, i5 %state_rob_entries_memory_mask_addr" [/home/lab_726/boom/hls_boom/src/boom_core_merged.cpp:540]   --->   Operation 69 'store' 'store_ln540' <Predicate = (state_rename_dispatch_packets_valid_0_load & !state_rename_dispatch_packets_rob_allocated_0_load & !is_full & !icmp_ln536) | (state_rename_dispatch_packets_valid_0_load & !state_rename_dispatch_packets_rob_allocated_0_load & !icmp_ln533 & !icmp_ln536)> <Delay = 0.67> <CoreInst = "RAM">   --->   Core 83 'RAM' <Latency = 1> <II = 1> <Delay = 0.67> <Storage> <Opcode : 'load' 'store'> <Ports = 2> <Width = 5> <Depth = 32> <RAM>
ST_1 : Operation 70 [1/1] (0.00ns)   --->   "%state_rob_entries_memory_size_addr = getelementptr i8 %state_rob_entries_memory_size, i64 0, i64 %zext_ln539" [/home/lab_726/boom/hls_boom/src/boom_core_merged.cpp:540]   --->   Operation 70 'getelementptr' 'state_rob_entries_memory_size_addr' <Predicate = (state_rename_dispatch_packets_valid_0_load & !state_rename_dispatch_packets_rob_allocated_0_load & !is_full & !icmp_ln536) | (state_rename_dispatch_packets_valid_0_load & !state_rename_dispatch_packets_rob_allocated_0_load & !icmp_ln533 & !icmp_ln536)> <Delay = 0.00>
ST_1 : Operation 71 [1/1] (0.67ns)   --->   "%store_ln540 = store i8 0, i5 %state_rob_entries_memory_size_addr" [/home/lab_726/boom/hls_boom/src/boom_core_merged.cpp:540]   --->   Operation 71 'store' 'store_ln540' <Predicate = (state_rename_dispatch_packets_valid_0_load & !state_rename_dispatch_packets_rob_allocated_0_load & !is_full & !icmp_ln536) | (state_rename_dispatch_packets_valid_0_load & !state_rename_dispatch_packets_rob_allocated_0_load & !icmp_ln533 & !icmp_ln536)> <Delay = 0.67> <CoreInst = "RAM">   --->   Core 83 'RAM' <Latency = 1> <II = 1> <Delay = 0.67> <Storage> <Opcode : 'load' 'store'> <Ports = 2> <Width = 8> <Depth = 32> <RAM>
ST_1 : Operation 72 [1/1] (0.00ns)   --->   "%state_rob_entries_memory_transaction_id_addr = getelementptr i32 %state_rob_entries_memory_transaction_id, i64 0, i64 %zext_ln539" [/home/lab_726/boom/hls_boom/src/boom_core_merged.cpp:540]   --->   Operation 72 'getelementptr' 'state_rob_entries_memory_transaction_id_addr' <Predicate = (state_rename_dispatch_packets_valid_0_load & !state_rename_dispatch_packets_rob_allocated_0_load & !is_full & !icmp_ln536) | (state_rename_dispatch_packets_valid_0_load & !state_rename_dispatch_packets_rob_allocated_0_load & !icmp_ln533 & !icmp_ln536)> <Delay = 0.00>
ST_1 : Operation 73 [1/1] (1.23ns)   --->   "%store_ln540 = store i32 0, i5 %state_rob_entries_memory_transaction_id_addr" [/home/lab_726/boom/hls_boom/src/boom_core_merged.cpp:540]   --->   Operation 73 'store' 'store_ln540' <Predicate = (state_rename_dispatch_packets_valid_0_load & !state_rename_dispatch_packets_rob_allocated_0_load & !is_full & !icmp_ln536) | (state_rename_dispatch_packets_valid_0_load & !state_rename_dispatch_packets_rob_allocated_0_load & !icmp_ln533 & !icmp_ln536)> <Delay = 1.23> <CoreInst = "RAM">   --->   Core 83 'RAM' <Latency = 1> <II = 1> <Delay = 1.23> <Storage> <Opcode : 'load' 'store'> <Ports = 2> <Width = 32> <Depth = 32> <RAM>
ST_1 : Operation 74 [1/1] (0.67ns)   --->   "%store_ln541 = store i1 1, i5 %state_rob_entries_valid_addr" [/home/lab_726/boom/hls_boom/src/boom_core_merged.cpp:541]   --->   Operation 74 'store' 'store_ln541' <Predicate = (state_rename_dispatch_packets_valid_0_load & !state_rename_dispatch_packets_rob_allocated_0_load & !is_full & !icmp_ln536) | (state_rename_dispatch_packets_valid_0_load & !state_rename_dispatch_packets_rob_allocated_0_load & !icmp_ln533 & !icmp_ln536)> <Delay = 0.67> <CoreInst = "RAM">   --->   Core 83 'RAM' <Latency = 1> <II = 1> <Delay = 0.67> <Storage> <Opcode : 'load' 'store'> <Ports = 2> <Width = 1> <Depth = 32> <RAM>
ST_1 : Operation 75 [1/1] (0.28ns)   --->   "%xor_ln541 = xor i1 %uop_exception, i1 1" [/home/lab_726/boom/hls_boom/src/boom_core_merged.cpp:541]   --->   Operation 75 'xor' 'xor_ln541' <Predicate = (state_rename_dispatch_packets_valid_0_load & !state_rename_dispatch_packets_rob_allocated_0_load & !is_full & !icmp_ln536) | (state_rename_dispatch_packets_valid_0_load & !state_rename_dispatch_packets_rob_allocated_0_load & !icmp_ln533 & !icmp_ln536)> <Delay = 0.28> <CoreInst = "LogicGate">   --->   Core 74 'LogicGate' <Latency = 0> <II = 1> <Delay = 0.28> <FuncUnit> <Opcode : 'and' 'or' 'xor'> <InPorts = 2> <OutPorts = 1>
ST_1 : Operation 76 [1/1] (0.67ns)   --->   "%store_ln541 = store i1 %xor_ln541, i5 %state_rob_entries_busy_addr" [/home/lab_726/boom/hls_boom/src/boom_core_merged.cpp:541]   --->   Operation 76 'store' 'store_ln541' <Predicate = (state_rename_dispatch_packets_valid_0_load & !state_rename_dispatch_packets_rob_allocated_0_load & !is_full & !icmp_ln536) | (state_rename_dispatch_packets_valid_0_load & !state_rename_dispatch_packets_rob_allocated_0_load & !icmp_ln533 & !icmp_ln536)> <Delay = 0.67> <CoreInst = "RAM">   --->   Core 83 'RAM' <Latency = 1> <II = 1> <Delay = 0.67> <Storage> <Opcode : 'load' 'store'> <Ports = 2> <Width = 1> <Depth = 32> <RAM>
ST_1 : Operation 77 [1/1] (0.67ns)   --->   "%store_ln541 = store i1 %uop_exception, i5 %state_rob_entries_exception_addr" [/home/lab_726/boom/hls_boom/src/boom_core_merged.cpp:541]   --->   Operation 77 'store' 'store_ln541' <Predicate = (state_rename_dispatch_packets_valid_0_load & !state_rename_dispatch_packets_rob_allocated_0_load & !is_full & !icmp_ln536) | (state_rename_dispatch_packets_valid_0_load & !state_rename_dispatch_packets_rob_allocated_0_load & !icmp_ln533 & !icmp_ln536)> <Delay = 0.67> <CoreInst = "RAM">   --->   Core 83 'RAM' <Latency = 1> <II = 1> <Delay = 0.67> <Storage> <Opcode : 'load' 'store'> <Ports = 2> <Width = 1> <Depth = 32> <RAM>
ST_1 : Operation 78 [1/1] (0.67ns)   --->   "%store_ln544 = store i8 %uop_uopc, i5 %state_rob_entries_uop_uopc_addr" [/home/lab_726/boom/hls_boom/src/boom_core_merged.cpp:544]   --->   Operation 78 'store' 'store_ln544' <Predicate = (state_rename_dispatch_packets_valid_0_load & !state_rename_dispatch_packets_rob_allocated_0_load & !is_full & !icmp_ln536) | (state_rename_dispatch_packets_valid_0_load & !state_rename_dispatch_packets_rob_allocated_0_load & !icmp_ln533 & !icmp_ln536)> <Delay = 0.67> <CoreInst = "RAM">   --->   Core 83 'RAM' <Latency = 1> <II = 1> <Delay = 0.67> <Storage> <Opcode : 'load' 'store'> <Ports = 2> <Width = 8> <Depth = 32> <RAM>
ST_1 : Operation 79 [1/1] (1.23ns)   --->   "%store_ln544 = store i32 %uop_inst, i5 %state_rob_entries_uop_inst_addr" [/home/lab_726/boom/hls_boom/src/boom_core_merged.cpp:544]   --->   Operation 79 'store' 'store_ln544' <Predicate = (state_rename_dispatch_packets_valid_0_load & !state_rename_dispatch_packets_rob_allocated_0_load & !is_full & !icmp_ln536) | (state_rename_dispatch_packets_valid_0_load & !state_rename_dispatch_packets_rob_allocated_0_load & !icmp_ln533 & !icmp_ln536)> <Delay = 1.23> <CoreInst = "RAM">   --->   Core 83 'RAM' <Latency = 1> <II = 1> <Delay = 1.23> <Storage> <Opcode : 'load' 'store'> <Ports = 2> <Width = 32> <Depth = 32> <RAM>
ST_1 : Operation 80 [1/1] (1.23ns)   --->   "%store_ln544 = store i64 %uop_debug_pc, i5 %state_rob_entries_uop_debug_pc_addr" [/home/lab_726/boom/hls_boom/src/boom_core_merged.cpp:544]   --->   Operation 80 'store' 'store_ln544' <Predicate = (state_rename_dispatch_packets_valid_0_load & !state_rename_dispatch_packets_rob_allocated_0_load & !is_full & !icmp_ln536) | (state_rename_dispatch_packets_valid_0_load & !state_rename_dispatch_packets_rob_allocated_0_load & !icmp_ln533 & !icmp_ln536)> <Delay = 1.23> <CoreInst = "RAM">   --->   Core 83 'RAM' <Latency = 1> <II = 1> <Delay = 1.23> <Storage> <Opcode : 'load' 'store'> <Ports = 2> <Width = 64> <Depth = 32> <RAM>
ST_1 : Operation 81 [1/1] (0.67ns)   --->   "%store_ln544 = store i1 %uop_ctrl_is_load, i5 %state_rob_entries_uop_ctrl_is_load_addr" [/home/lab_726/boom/hls_boom/src/boom_core_merged.cpp:544]   --->   Operation 81 'store' 'store_ln544' <Predicate = (state_rename_dispatch_packets_valid_0_load & !state_rename_dispatch_packets_rob_allocated_0_load & !is_full & !icmp_ln536) | (state_rename_dispatch_packets_valid_0_load & !state_rename_dispatch_packets_rob_allocated_0_load & !icmp_ln533 & !icmp_ln536)> <Delay = 0.67> <CoreInst = "RAM">   --->   Core 83 'RAM' <Latency = 1> <II = 1> <Delay = 0.67> <Storage> <Opcode : 'load' 'store'> <Ports = 2> <Width = 1> <Depth = 32> <RAM>
ST_1 : Operation 82 [1/1] (0.67ns)   --->   "%store_ln544 = store i1 %uop_ctrl_is_sta, i5 %state_rob_entries_uop_ctrl_is_sta_addr" [/home/lab_726/boom/hls_boom/src/boom_core_merged.cpp:544]   --->   Operation 82 'store' 'store_ln544' <Predicate = (state_rename_dispatch_packets_valid_0_load & !state_rename_dispatch_packets_rob_allocated_0_load & !is_full & !icmp_ln536) | (state_rename_dispatch_packets_valid_0_load & !state_rename_dispatch_packets_rob_allocated_0_load & !icmp_ln533 & !icmp_ln536)> <Delay = 0.67> <CoreInst = "RAM">   --->   Core 83 'RAM' <Latency = 1> <II = 1> <Delay = 0.67> <Storage> <Opcode : 'load' 'store'> <Ports = 2> <Width = 1> <Depth = 32> <RAM>
ST_1 : Operation 83 [1/1] (0.67ns)   --->   "%store_ln544 = store i8 %uop_branch_br_mask, i5 %state_rob_entries_uop_branch_br_mask_addr" [/home/lab_726/boom/hls_boom/src/boom_core_merged.cpp:544]   --->   Operation 83 'store' 'store_ln544' <Predicate = (state_rename_dispatch_packets_valid_0_load & !state_rename_dispatch_packets_rob_allocated_0_load & !is_full & !icmp_ln536) | (state_rename_dispatch_packets_valid_0_load & !state_rename_dispatch_packets_rob_allocated_0_load & !icmp_ln533 & !icmp_ln536)> <Delay = 0.67> <CoreInst = "RAM">   --->   Core 83 'RAM' <Latency = 1> <II = 1> <Delay = 0.67> <Storage> <Opcode : 'load' 'store'> <Ports = 2> <Width = 8> <Depth = 32> <RAM>
ST_1 : Operation 84 [1/1] (0.67ns)   --->   "%store_ln544 = store i5 %uop_queue_rob_idx, i5 %state_rob_entries_uop_queue_rob_idx_addr" [/home/lab_726/boom/hls_boom/src/boom_core_merged.cpp:544]   --->   Operation 84 'store' 'store_ln544' <Predicate = (state_rename_dispatch_packets_valid_0_load & !state_rename_dispatch_packets_rob_allocated_0_load & !is_full & !icmp_ln536) | (state_rename_dispatch_packets_valid_0_load & !state_rename_dispatch_packets_rob_allocated_0_load & !icmp_ln533 & !icmp_ln536)> <Delay = 0.67> <CoreInst = "RAM">   --->   Core 83 'RAM' <Latency = 1> <II = 1> <Delay = 0.67> <Storage> <Opcode : 'load' 'store'> <Ports = 2> <Width = 5> <Depth = 32> <RAM>
ST_1 : Operation 85 [1/1] (1.23ns)   --->   "%store_ln544 = store i32 %allocation_id_2, i5 %state_rob_entries_uop_queue_rob_allocation_id_addr" [/home/lab_726/boom/hls_boom/src/boom_core_merged.cpp:544]   --->   Operation 85 'store' 'store_ln544' <Predicate = (state_rename_dispatch_packets_valid_0_load & !state_rename_dispatch_packets_rob_allocated_0_load & !is_full & !icmp_ln536) | (state_rename_dispatch_packets_valid_0_load & !state_rename_dispatch_packets_rob_allocated_0_load & !icmp_ln533 & !icmp_ln536)> <Delay = 1.23> <CoreInst = "RAM">   --->   Core 83 'RAM' <Latency = 1> <II = 1> <Delay = 1.23> <Storage> <Opcode : 'load' 'store'> <Ports = 2> <Width = 32> <Depth = 32> <RAM>
ST_1 : Operation 86 [1/1] (0.67ns)   --->   "%store_ln544 = store i5 %uop_rename_ldst, i5 %state_rob_entries_uop_rename_ldst_addr" [/home/lab_726/boom/hls_boom/src/boom_core_merged.cpp:544]   --->   Operation 86 'store' 'store_ln544' <Predicate = (state_rename_dispatch_packets_valid_0_load & !state_rename_dispatch_packets_rob_allocated_0_load & !is_full & !icmp_ln536) | (state_rename_dispatch_packets_valid_0_load & !state_rename_dispatch_packets_rob_allocated_0_load & !icmp_ln533 & !icmp_ln536)> <Delay = 0.67> <CoreInst = "RAM">   --->   Core 83 'RAM' <Latency = 1> <II = 1> <Delay = 0.67> <Storage> <Opcode : 'load' 'store'> <Ports = 2> <Width = 5> <Depth = 32> <RAM>
ST_1 : Operation 87 [1/1] (0.67ns)   --->   "%store_ln544 = store i8 %uop_rename_pdst, i5 %state_rob_entries_uop_rename_pdst_addr" [/home/lab_726/boom/hls_boom/src/boom_core_merged.cpp:544]   --->   Operation 87 'store' 'store_ln544' <Predicate = (state_rename_dispatch_packets_valid_0_load & !state_rename_dispatch_packets_rob_allocated_0_load & !is_full & !icmp_ln536) | (state_rename_dispatch_packets_valid_0_load & !state_rename_dispatch_packets_rob_allocated_0_load & !icmp_ln533 & !icmp_ln536)> <Delay = 0.67> <CoreInst = "RAM">   --->   Core 83 'RAM' <Latency = 1> <II = 1> <Delay = 0.67> <Storage> <Opcode : 'load' 'store'> <Ports = 2> <Width = 8> <Depth = 32> <RAM>
ST_1 : Operation 88 [1/1] (0.67ns)   --->   "%store_ln544 = store i8 %uop_rename_stale_pdst, i5 %state_rob_entries_uop_rename_stale_pdst_addr" [/home/lab_726/boom/hls_boom/src/boom_core_merged.cpp:544]   --->   Operation 88 'store' 'store_ln544' <Predicate = (state_rename_dispatch_packets_valid_0_load & !state_rename_dispatch_packets_rob_allocated_0_load & !is_full & !icmp_ln536) | (state_rename_dispatch_packets_valid_0_load & !state_rename_dispatch_packets_rob_allocated_0_load & !icmp_ln533 & !icmp_ln536)> <Delay = 0.67> <CoreInst = "RAM">   --->   Core 83 'RAM' <Latency = 1> <II = 1> <Delay = 0.67> <Storage> <Opcode : 'load' 'store'> <Ports = 2> <Width = 8> <Depth = 32> <RAM>
ST_1 : Operation 89 [1/1] (0.67ns)   --->   "%store_ln544 = store i2 %uop_rename_dst_rtype, i5 %state_rob_entries_uop_rename_dst_rtype_addr" [/home/lab_726/boom/hls_boom/src/boom_core_merged.cpp:544]   --->   Operation 89 'store' 'store_ln544' <Predicate = (state_rename_dispatch_packets_valid_0_load & !state_rename_dispatch_packets_rob_allocated_0_load & !is_full & !icmp_ln536) | (state_rename_dispatch_packets_valid_0_load & !state_rename_dispatch_packets_rob_allocated_0_load & !icmp_ln533 & !icmp_ln536)> <Delay = 0.67> <CoreInst = "RAM">   --->   Core 83 'RAM' <Latency = 1> <II = 1> <Delay = 0.67> <Storage> <Opcode : 'load' 'store'> <Ports = 2> <Width = 2> <Depth = 32> <RAM>
ST_1 : Operation 90 [1/1] (0.00ns)   --->   "%store_ln545 = store i5 %uop_queue_rob_idx, i5 %state_rename_dispatch_packets_uop_queue_rob_idx_0" [/home/lab_726/boom/hls_boom/src/boom_core_merged.cpp:545]   --->   Operation 90 'store' 'store_ln545' <Predicate = (state_rename_dispatch_packets_valid_0_load & !state_rename_dispatch_packets_rob_allocated_0_load & !is_full & !icmp_ln536) | (state_rename_dispatch_packets_valid_0_load & !state_rename_dispatch_packets_rob_allocated_0_load & !icmp_ln533 & !icmp_ln536)> <Delay = 0.00>
ST_1 : Operation 91 [1/1] (0.00ns)   --->   "%store_ln546 = store i32 %allocation_id_2, i32 %state_rename_dispatch_packets_uop_queue_rob_allocation_id_0" [/home/lab_726/boom/hls_boom/src/boom_core_merged.cpp:546]   --->   Operation 91 'store' 'store_ln546' <Predicate = (state_rename_dispatch_packets_valid_0_load & !state_rename_dispatch_packets_rob_allocated_0_load & !is_full & !icmp_ln536) | (state_rename_dispatch_packets_valid_0_load & !state_rename_dispatch_packets_rob_allocated_0_load & !icmp_ln533 & !icmp_ln536)> <Delay = 0.00>
ST_1 : Operation 92 [1/1] (0.00ns)   --->   "%store_ln547 = store i1 1, i1 %state_rename_dispatch_packets_rob_allocated_0" [/home/lab_726/boom/hls_boom/src/boom_core_merged.cpp:547]   --->   Operation 92 'store' 'store_ln547' <Predicate = (state_rename_dispatch_packets_valid_0_load & !state_rename_dispatch_packets_rob_allocated_0_load & !is_full & !icmp_ln536) | (state_rename_dispatch_packets_valid_0_load & !state_rename_dispatch_packets_rob_allocated_0_load & !icmp_ln533 & !icmp_ln536)> <Delay = 0.00>
ST_1 : Operation 93 [1/1] (0.78ns)   --->   "%add_ln548 = add i5 %uop_queue_rob_idx, i5 1" [/home/lab_726/boom/hls_boom/src/boom_core_merged.cpp:548]   --->   Operation 93 'add' 'add_ln548' <Predicate = (state_rename_dispatch_packets_valid_0_load & !state_rename_dispatch_packets_rob_allocated_0_load & !is_full & !icmp_ln536) | (state_rename_dispatch_packets_valid_0_load & !state_rename_dispatch_packets_rob_allocated_0_load & !icmp_ln533 & !icmp_ln536)> <Delay = 0.78> <CoreInst = "Adder">   --->   Core 1 'Adder' <Latency = 0> <II = 1> <Delay = 0.78> <FuncUnit> <Opcode : 'add' 'sub'> <InPorts = 2> <OutPorts = 1>
ST_1 : Operation 94 [1/1] (0.00ns)   --->   "%store_ln548 = store i5 %add_ln548, i5 %state_rob_tail" [/home/lab_726/boom/hls_boom/src/boom_core_merged.cpp:548]   --->   Operation 94 'store' 'store_ln548' <Predicate = (state_rename_dispatch_packets_valid_0_load & !state_rename_dispatch_packets_rob_allocated_0_load & !is_full & !icmp_ln536) | (state_rename_dispatch_packets_valid_0_load & !state_rename_dispatch_packets_rob_allocated_0_load & !icmp_ln533 & !icmp_ln536)> <Delay = 0.00>
ST_1 : Operation 95 [1/1] (0.75ns)   --->   "%icmp_ln549 = icmp_eq  i5 %add_ln548, i5 %state_rob_head_load" [/home/lab_726/boom/hls_boom/src/boom_core_merged.cpp:549]   --->   Operation 95 'icmp' 'icmp_ln549' <Predicate = (state_rename_dispatch_packets_valid_0_load & !state_rename_dispatch_packets_rob_allocated_0_load & !is_full & !icmp_ln536) | (state_rename_dispatch_packets_valid_0_load & !state_rename_dispatch_packets_rob_allocated_0_load & !icmp_ln533 & !icmp_ln536)> <Delay = 0.75> <CoreInst = "Cmp">   --->   Core 9 'Cmp' <Latency = 0> <II = 1> <Delay = 0.75> <FuncUnit> <Opcode : 'icmp'> <InPorts = 2> <OutPorts = 1>
ST_1 : Operation 96 [1/1] (0.00ns)   --->   "%br_ln549 = br i1 %icmp_ln549, void %._crit_edge4, void" [/home/lab_726/boom/hls_boom/src/boom_core_merged.cpp:549]   --->   Operation 96 'br' 'br_ln549' <Predicate = (state_rename_dispatch_packets_valid_0_load & !state_rename_dispatch_packets_rob_allocated_0_load & !is_full & !icmp_ln536) | (state_rename_dispatch_packets_valid_0_load & !state_rename_dispatch_packets_rob_allocated_0_load & !icmp_ln533 & !icmp_ln536)> <Delay = 0.00>
ST_1 : Operation 97 [1/1] (0.00ns)   --->   "%store_ln549 = store i1 1, i1 %state_rob_maybe_full" [/home/lab_726/boom/hls_boom/src/boom_core_merged.cpp:549]   --->   Operation 97 'store' 'store_ln549' <Predicate = (state_rename_dispatch_packets_valid_0_load & !state_rename_dispatch_packets_rob_allocated_0_load & !is_full & !icmp_ln536 & icmp_ln549) | (state_rename_dispatch_packets_valid_0_load & !state_rename_dispatch_packets_rob_allocated_0_load & !icmp_ln533 & !icmp_ln536 & icmp_ln549)> <Delay = 0.00>
ST_1 : Operation 98 [1/1] (0.00ns)   --->   "%br_ln549 = br void %._crit_edge4" [/home/lab_726/boom/hls_boom/src/boom_core_merged.cpp:549]   --->   Operation 98 'br' 'br_ln549' <Predicate = (state_rename_dispatch_packets_valid_0_load & !state_rename_dispatch_packets_rob_allocated_0_load & !is_full & !icmp_ln536 & icmp_ln549) | (state_rename_dispatch_packets_valid_0_load & !state_rename_dispatch_packets_rob_allocated_0_load & !icmp_ln533 & !icmp_ln536 & icmp_ln549)> <Delay = 0.00>
ST_1 : Operation 99 [1/1] (0.00ns)   --->   "%br_ln550 = br void %.critedge._crit_edge" [/home/lab_726/boom/hls_boom/src/boom_core_merged.cpp:550]   --->   Operation 99 'br' 'br_ln550' <Predicate = (state_rename_dispatch_packets_valid_0_load & !state_rename_dispatch_packets_rob_allocated_0_load & !is_full & !icmp_ln536) | (state_rename_dispatch_packets_valid_0_load & !state_rename_dispatch_packets_rob_allocated_0_load & !icmp_ln533 & !icmp_ln536)> <Delay = 0.00>
ST_1 : Operation 100 [1/1] (0.00ns)   --->   "%br_ln532 = br void %.critedge._crit_edge" [/home/lab_726/boom/hls_boom/src/boom_core_merged.cpp:532]   --->   Operation 100 'br' 'br_ln532' <Predicate = (state_rename_dispatch_packets_rob_allocated_0_load) | (!state_rename_dispatch_packets_valid_0_load)> <Delay = 0.00>
ST_1 : Operation 101 [1/1] (0.00ns)   --->   "%br_ln530 = br void %.loopexit" [/home/lab_726/boom/hls_boom/src/boom_core_merged.cpp:530]   --->   Operation 101 'br' 'br_ln530' <Predicate = (!is_full) | (!icmp_ln533) | (state_rename_dispatch_packets_rob_allocated_0_load) | (!state_rename_dispatch_packets_valid_0_load)> <Delay = 0.00>
ST_1 : Operation 102 [1/1] (0.00ns)   --->   "%ret_ln551 = ret" [/home/lab_726/boom/hls_boom/src/boom_core_merged.cpp:551]   --->   Operation 102 'ret' 'ret_ln551' <Predicate = true> <Delay = 0.00>


============================================================
+ Verbose Summary: Timing violations
============================================================
Target clock period: 10ns, clock uncertainty: 2.7ns.

 <State 1>: 2.68ns
The critical path consists of the following:
	'load' operation ('allocation_id', /home/lab_726/boom/hls_boom/src/boom_core_merged.cpp:537) on static variable 'state_rob_next_allocation_id' [82]  (0 ns)
	'icmp' operation ('icmp_ln538', /home/lab_726/boom/hls_boom/src/boom_core_merged.cpp:538) [84]  (0.991 ns)
	'select' operation ('allocation_id', /home/lab_726/boom/hls_boom/src/boom_core_merged.cpp:538) [87]  (0.449 ns)
	'store' operation ('store_ln544', /home/lab_726/boom/hls_boom/src/boom_core_merged.cpp:544) of variable 'allocation_id', /home/lab_726/boom/hls_boom/src/boom_core_merged.cpp:538 on array 'state_rob_entries_uop_queue_rob_allocation_id' [137]  (1.24 ns)


============================================================
+ Verbose Summary: Binding
============================================================
N/A
* FSMD analyzer results:
  - Output states:
 - Input state : 
  - Chain level:
	State 1


============================================================
+ Verbose Summary: Datapath Resource usage 
============================================================
N/A
