

================================================================
== Vitis HLS Report for 'synth_mul_top'
================================================================
* Date:           Wed Aug  5 16:32:00 2026

* Version:        2021.2 (Build 3367213 on Tue Oct 19 02:47:39 MDT 2021)
* Project:        synth_mul_top
* Solution:       solution_gate4_1_m3b (Vivado IP Flow Target)
* Product family: zynquplus
* Target device:  xczu7ev-ffvc1156-2-e


================================================================
== Performance Estimates
================================================================
+ Timing: 
    * Summary: 
    +--------+----------+----------+------------+
    |  Clock |  Target  | Estimated| Uncertainty|
    +--------+----------+----------+------------+
    |ap_clk  |  10.00 ns|  4.717 ns|     2.70 ns|
    +--------+----------+----------+------------+

+ Latency: 
    * Summary: 
    +---------+---------+-----------+-----------+-----+-----+---------+
    |  Latency (cycles) |   Latency (absolute)  |  Interval | Pipeline|
    |   min   |   max   |    min    |    max    | min | max |   Type  |
    +---------+---------+-----------+-----------+-----+-----+---------+
    |        1|        1|  10.000 ns|  10.000 ns|    2|    2|       no|
    +---------+---------+-----------+-----------+-----+-----+---------+

    + Detail: 
        * Instance: 
        N/A

        * Loop: 
        N/A



================================================================
== Utilization Estimates
================================================================
* Summary: 
+-----------------+---------+------+--------+--------+-----+
|       Name      | BRAM_18K|  DSP |   FF   |   LUT  | URAM|
+-----------------+---------+------+--------+--------+-----+
|DSP              |        -|     -|       -|       -|    -|
|Expression       |        -|     -|       0|     621|    -|
|FIFO             |        -|     -|       -|       -|    -|
|Instance         |        -|     3|       0|      46|    -|
|Memory           |        -|     -|       -|       -|    -|
|Multiplexer      |        -|     -|       -|      42|    -|
|Register         |        -|     -|     264|       -|    -|
+-----------------+---------+------+--------+--------+-----+
|Total            |        0|     3|     264|     709|    0|
+-----------------+---------+------+--------+--------+-----+
|Available        |      624|  1728|  460800|  230400|   96|
+-----------------+---------+------+--------+--------+-----+
|Utilization (%)  |        0|    ~0|      ~0|      ~0|    0|
+-----------------+---------+------+--------+--------+-----+

+ Detail: 
    * Instance: 
    +------------------------+---------------------+---------+----+---+----+-----+
    |        Instance        |        Module       | BRAM_18K| DSP| FF| LUT| URAM|
    +------------------------+---------------------+---------+----+---+----+-----+
    |mul_65s_65s_128_1_1_U1  |mul_65s_65s_128_1_1  |        0|   3|  0|  46|    0|
    +------------------------+---------------------+---------+----+---+----+-----+
    |Total                   |                     |        0|   3|  0|  46|    0|
    +------------------------+---------------------+---------+----+---+----+-----+

    * DSP: 
    N/A

    * Memory: 
    N/A

    * FIFO: 
    N/A

    * Expression: 
    +-----------------------------+----------+----+---+----+------------+------------+
    |        Variable Name        | Operation| DSP| FF| LUT| Bitwidth P0| Bitwidth P1|
    +-----------------------------+----------+----+---+----+------------+------------+
    |high_1_fu_200_p2             |         -|   0|  0|  71|          64|          64|
    |high_3_fu_217_p2             |         -|   0|  0|  71|          64|          64|
    |icmp_ln1652_1_fu_147_p2      |      icmp|   0|  0|  11|           8|           2|
    |icmp_ln1652_2_fu_153_p2      |      icmp|   0|  0|  11|           8|           2|
    |icmp_ln1652_3_fu_159_p2      |      icmp|   0|  0|  11|           8|           1|
    |icmp_ln1652_4_fu_165_p2      |      icmp|   0|  0|  11|           8|           1|
    |icmp_ln1652_fu_141_p2        |      icmp|   0|  0|  11|           8|           3|
    |or_ln1652_1_fu_177_p2        |        or|   0|  0|   2|           1|           1|
    |or_ln1652_2_fu_183_p2        |        or|   0|  0|   2|           1|           1|
    |or_ln1652_fu_171_p2          |        or|   0|  0|   2|           1|           1|
    |valid                        |        or|   0|  0|   2|           1|           1|
    |high_5_fu_204_p3             |    select|   0|  0|  64|           1|          64|
    |high_6_fu_222_p3             |    select|   0|  0|  64|           1|          64|
    |response_result_5_fu_230_p3  |    select|   0|  0|  32|           1|          32|
    |response_result_6_fu_241_p3  |    select|   0|  0|  64|           1|          64|
    |response_result_7_fu_247_p3  |    select|   0|  0|  64|           1|          64|
    |response_result_8_fu_254_p3  |    select|   0|  0|  64|           1|          64|
    |result                       |    select|   0|  0|  64|           1|          64|
    +-----------------------------+----------+----+---+----+------------+------------+
    |Total                        |          |   0|  0| 621|         179|         557|
    +-----------------------------+----------+----+---+----+------------+------------+

    * Multiplexer: 
    +--------------+----+-----------+-----+-----------+
    |     Name     | LUT| Input Size| Bits| Total Bits|
    +--------------+----+-----------+-----+-----------+
    |ap_NS_fsm     |  14|          3|    1|          3|
    |grp_fu_90_p0  |  14|          3|   65|        195|
    |grp_fu_90_p1  |  14|          3|   65|        195|
    +--------------+----+-----------+-----+-----------+
    |Total         |  42|          9|  131|        393|
    +--------------+----+-----------+-----+-----------+

    * Register: 
    +-----------------------+-----+----+-----+-----------+
    |          Name         |  FF | LUT| Bits| Const Bits|
    +-----------------------+-----+----+-----+-----------+
    |ap_CS_fsm              |    2|   0|    2|          0|
    |high_reg_280           |   64|   0|   64|          0|
    |icmp_ln1652_1_reg_307  |    1|   0|    1|          0|
    |icmp_ln1652_2_reg_312  |    1|   0|    1|          0|
    |icmp_ln1652_3_reg_317  |    1|   0|    1|          0|
    |icmp_ln1652_4_reg_322  |    1|   0|    1|          0|
    |icmp_ln1652_reg_302    |    1|   0|    1|          0|
    |lhs_word_reg_292       |   32|   0|   32|          0|
    |ret_reg_97             |  128|   0|  128|          0|
    |rhs_word_reg_297       |   32|   0|   32|          0|
    |tmp_reg_287            |    1|   0|    1|          0|
    +-----------------------+-----+----+-----+-----------+
    |Total                  |  264|   0|  264|          0|
    +-----------------------+-----+----+-----+-----------+



================================================================
== Interface
================================================================
* Summary: 
+-------------------+-----+-----+------------+---------------+--------------+
|     RTL Ports     | Dir | Bits|  Protocol  | Source Object |    C Type    |
+-------------------+-----+-----+------------+---------------+--------------+
|ap_local_block     |  out|    1|  ap_ctrl_hs|  synth_mul_top|  return value|
|ap_local_deadlock  |  out|    1|  ap_ctrl_hs|  synth_mul_top|  return value|
|ap_clk             |   in|    1|  ap_ctrl_hs|  synth_mul_top|  return value|
|ap_rst             |   in|    1|  ap_ctrl_hs|  synth_mul_top|  return value|
|ap_start           |   in|    1|  ap_ctrl_hs|  synth_mul_top|  return value|
|ap_done            |  out|    1|  ap_ctrl_hs|  synth_mul_top|  return value|
|ap_idle            |  out|    1|  ap_ctrl_hs|  synth_mul_top|  return value|
|ap_ready           |  out|    1|  ap_ctrl_hs|  synth_mul_top|  return value|
|operation          |   in|    8|     ap_none|      operation|        scalar|
|lhs                |   in|   64|     ap_none|            lhs|        scalar|
|rhs                |   in|   64|     ap_none|            rhs|        scalar|
|result             |  out|   64|      ap_vld|         result|       pointer|
|result_ap_vld      |  out|    1|      ap_vld|         result|       pointer|
|valid              |  out|    1|      ap_vld|          valid|       pointer|
|valid_ap_vld       |  out|    1|      ap_vld|          valid|       pointer|
+-------------------+-----+-----+------------+---------------+--------------+

