

================================================================
== Vitis HLS Report for 'synth_execute_top'
================================================================
* Date:           Wed Aug  5 21:52:26 2026

* Version:        2021.2 (Build 3367213 on Tue Oct 19 02:47:39 MDT 2021)
* Project:        synth_execute_top
* Solution:       solution_gate4_1_m3b (Vivado IP Flow Target)
* Product family: zynquplus
* Target device:  xczu7ev-ffvc1156-2-e


================================================================
== Performance Estimates
================================================================
+ Timing: 
    * Summary: 
    +--------+----------+----------+------------+
    |  Clock |  Target  | Estimated| Uncertainty|
    +--------+----------+----------+------------+
    |ap_clk  |  10.00 ns|  6.411 ns|     2.70 ns|
    +--------+----------+----------+------------+

+ Latency: 
    * Summary: 
    +---------+---------+----------+----------+-----+-----+---------+
    |  Latency (cycles) |  Latency (absolute) |  Interval | Pipeline|
    |   min   |   max   |    min   |    max   | min | max |   Type  |
    +---------+---------+----------+----------+-----+-----+---------+
    |       11|      222|  0.110 us|  2.220 us|   12|  223|       no|
    +---------+---------+----------+----------+-----+-----+---------+

    + Detail: 
        * Instance: 
        N/A

        * Loop: 
        +--------------------+---------+---------+----------+-----------+-----------+------+----------+
        |                    |  Latency (cycles) | Iteration|  Initiation Interval  | Trip |          |
        |      Loop Name     |   min   |   max   |  Latency |  achieved |   target  | Count| Pipelined|
        +--------------------+---------+---------+----------+-----------+-----------+------+----------+
        |- VITIS_LOOP_50_1   |       52|       52|         1|          -|          -|    52|        no|
        |- Loop 2            |        3|        3|         1|          -|          -|     3|        no|
        |- VITIS_LOOP_142_1  |        3|        3|         1|          -|          -|     3|        no|
        |- Loop 4            |       32|       32|         1|          -|          -|    32|        no|
        |- VITIS_LOOP_157_1  |       32|       32|         1|          -|          -|    32|        no|
        |- VITIS_LOOP_272_1  |       52|       52|         1|          -|          -|    52|        no|
        +--------------------+---------+---------+----------+-----------+-----------+------+----------+

============================================================
+ Verbose Summary: Synthesis Manager
============================================================
InlineROM: 1
ExposeGlobal: 0
============================================================
+ Verbose Summary: CDFG Model
============================================================
IsTopModel: 1
ResetActiveHigh: 1
IsCombinational: 0
IsDatapathOnly: 0
HasWiredReturn: 1
HasMFsm: 0
HasVarLatency: 1
IsPipeline: 0
IsRtlPipelined: 0
IsInstanceOverlapped: 0
IsDontTouch: 0
HasImplIP: 0
IsGatedGlobalClock: 0


============================================================
+ Verbose Summary: Schedule
============================================================
* Number of FSM states : 11
* Pipeline : 0
* Dataflow Pipeline: 0

* FSM state transitions: 
1 --> 7 2 
2 --> 2 3 
3 --> 3 4 
4 --> 4 5 
5 --> 5 6 
6 --> 6 7 
7 --> 7 8 
8 --> 9 
9 --> 10 
10 --> 11 
11 --> 

* FSM state operations: 

State 1 <SV = 0> <Delay = 0.42>
ST_1 : Operation 12 [1/1] (0.00ns)   --->   "%spectopmodule_ln0 = spectopmodule void @_ssdm_op_SpecTopModule, void @empty_3"   --->   Operation 12 'spectopmodule' 'spectopmodule_ln0' <Predicate = true> <Delay = 0.00>
ST_1 : Operation 13 [1/1] (0.00ns)   --->   "%specbitsmap_ln0 = specbitsmap void @_ssdm_op_SpecBitsMap, i8 %seed_uopc"   --->   Operation 13 'specbitsmap' 'specbitsmap_ln0' <Predicate = true> <Delay = 0.00>
ST_1 : Operation 14 [1/1] (0.00ns)   --->   "%specinterface_ln0 = specinterface void @_ssdm_op_SpecInterface, i8 %seed_uopc, void @empty_0, i32 0, i32 0, void @empty_6, i32 0, i32 0, void @empty_6, void @empty_6, void @empty_6, i32 0, i32 0, i32 0, i32 0, void @empty_6, void @empty_6"   --->   Operation 14 'specinterface' 'specinterface_ln0' <Predicate = true> <Delay = 0.00>
ST_1 : Operation 15 [1/1] (0.00ns)   --->   "%specbitsmap_ln0 = specbitsmap void @_ssdm_op_SpecBitsMap, i64 %seed_rs1"   --->   Operation 15 'specbitsmap' 'specbitsmap_ln0' <Predicate = true> <Delay = 0.00>
ST_1 : Operation 16 [1/1] (0.00ns)   --->   "%specinterface_ln0 = specinterface void @_ssdm_op_SpecInterface, i64 %seed_rs1, void @empty_0, i32 0, i32 0, void @empty_6, i32 0, i32 0, void @empty_6, void @empty_6, void @empty_6, i32 0, i32 0, i32 0, i32 0, void @empty_6, void @empty_6"   --->   Operation 16 'specinterface' 'specinterface_ln0' <Predicate = true> <Delay = 0.00>
ST_1 : Operation 17 [1/1] (0.00ns)   --->   "%specbitsmap_ln0 = specbitsmap void @_ssdm_op_SpecBitsMap, i64 %seed_rs2"   --->   Operation 17 'specbitsmap' 'specbitsmap_ln0' <Predicate = true> <Delay = 0.00>
ST_1 : Operation 18 [1/1] (0.00ns)   --->   "%specinterface_ln0 = specinterface void @_ssdm_op_SpecInterface, i64 %seed_rs2, void @empty_0, i32 0, i32 0, void @empty_6, i32 0, i32 0, void @empty_6, void @empty_6, void @empty_6, i32 0, i32 0, i32 0, i32 0, void @empty_6, void @empty_6"   --->   Operation 18 'specinterface' 'specinterface_ln0' <Predicate = true> <Delay = 0.00>
ST_1 : Operation 19 [1/1] (0.00ns)   --->   "%specbitsmap_ln0 = specbitsmap void @_ssdm_op_SpecBitsMap, i64 %observable"   --->   Operation 19 'specbitsmap' 'specbitsmap_ln0' <Predicate = true> <Delay = 0.00>
ST_1 : Operation 20 [1/1] (0.00ns)   --->   "%specinterface_ln0 = specinterface void @_ssdm_op_SpecInterface, i64 %observable, void @empty_0, i32 0, i32 0, void @empty_6, i32 0, i32 0, void @empty_6, void @empty_6, void @empty_6, i32 0, i32 0, i32 0, i32 0, void @empty_6, void @empty_6"   --->   Operation 20 'specinterface' 'specinterface_ln0' <Predicate = true> <Delay = 0.00>
ST_1 : Operation 21 [1/1] (0.00ns)   --->   "%seed_rs2_read = read i64 @_ssdm_op_Read.ap_auto.i64, i64 %seed_rs2" [/home/lab_726/boom/hls_boom/src/boom_core_merged.cpp:3377]   --->   Operation 21 'read' 'seed_rs2_read' <Predicate = true> <Delay = 0.00>
ST_1 : Operation 22 [1/1] (0.00ns)   --->   "%seed_rs1_read = read i64 @_ssdm_op_Read.ap_auto.i64, i64 %seed_rs1" [/home/lab_726/boom/hls_boom/src/boom_core_merged.cpp:3377]   --->   Operation 22 'read' 'seed_rs1_read' <Predicate = true> <Delay = 0.00>
ST_1 : Operation 23 [1/1] (0.00ns)   --->   "%seed_uopc_read = read i8 @_ssdm_op_Read.ap_auto.i8, i8 %seed_uopc" [/home/lab_726/boom/hls_boom/src/boom_core_merged.cpp:3377]   --->   Operation 23 'read' 'seed_uopc_read' <Predicate = true> <Delay = 0.00>
ST_1 : Operation 24 [1/1] (0.00ns)   --->   "%guard_variable_for_synth_execute_top_unsigned_char_unsigned_long_unsigned_long_unsigned_long_state_load = load i1 %guard_variable_for_synth_execute_top_unsigned_char_unsigned_long_unsigned_long_unsigned_long_state"   --->   Operation 24 'load' 'guard_variable_for_synth_execute_top_unsigned_char_unsigned_long_unsigned_long_unsigned_long_state_load' <Predicate = true> <Delay = 0.00>
ST_1 : Operation 25 [1/1] (0.00ns)   --->   "%br_ln3378 = br i1 %guard_variable_for_synth_execute_top_unsigned_char_unsigned_long_unsigned_long_unsigned_long_state_load, void %_ZN19RenameMapTableStateC2Ev.exit12.i.i.i.preheader, void %._crit_edge_ifconv" [/home/lab_726/boom/hls_boom/src/boom_core_merged.cpp:3378]   --->   Operation 25 'br' 'br_ln3378' <Predicate = true> <Delay = 0.00>
ST_1 : Operation 26 [1/1] (0.00ns)   --->   "%i = alloca i32 1"   --->   Operation 26 'alloca' 'i' <Predicate = (!guard_variable_for_synth_execute_top_unsigned_char_unsigned_long_unsigned_long_unsigned_long_state_load)> <Delay = 0.00>
ST_1 : Operation 27 [1/1] (0.42ns)   --->   "%store_ln50 = store i6 0, i6 %i" [/home/lab_726/boom/hls_boom/include/boom_state.hpp:50->/home/lab_726/boom/hls_boom/src/boom_core_merged.cpp:3378]   --->   Operation 27 'store' 'store_ln50' <Predicate = (!guard_variable_for_synth_execute_top_unsigned_char_unsigned_long_unsigned_long_unsigned_long_state_load)> <Delay = 0.42>
ST_1 : Operation 28 [1/1] (0.00ns)   --->   "%br_ln50 = br void %_ZN19RenameMapTableStateC2Ev.exit12.i.i.i" [/home/lab_726/boom/hls_boom/include/boom_state.hpp:50->/home/lab_726/boom/hls_boom/src/boom_core_merged.cpp:3378]   --->   Operation 28 'br' 'br_ln50' <Predicate = (!guard_variable_for_synth_execute_top_unsigned_char_unsigned_long_unsigned_long_unsigned_long_state_load)> <Delay = 0.00>

State 2 <SV = 1> <Delay = 1.46>
ST_2 : Operation 29 [1/1] (0.00ns)   --->   "%i_4 = load i6 %i" [/home/lab_726/boom/hls_boom/include/boom_state.hpp:50->/home/lab_726/boom/hls_boom/src/boom_core_merged.cpp:3378]   --->   Operation 29 'load' 'i_4' <Predicate = true> <Delay = 0.00>
ST_2 : Operation 30 [1/1] (0.00ns)   --->   "%zext_ln50 = zext i6 %i_4" [/home/lab_726/boom/hls_boom/include/boom_state.hpp:50->/home/lab_726/boom/hls_boom/src/boom_core_merged.cpp:3378]   --->   Operation 30 'zext' 'zext_ln50' <Predicate = true> <Delay = 0.00>
ST_2 : Operation 31 [1/1] (0.78ns)   --->   "%icmp_ln50 = icmp_eq  i6 %i_4, i6 52" [/home/lab_726/boom/hls_boom/include/boom_state.hpp:50->/home/lab_726/boom/hls_boom/src/boom_core_merged.cpp:3378]   --->   Operation 31 'icmp' 'icmp_ln50' <Predicate = true> <Delay = 0.78> <CoreInst = "Cmp">   --->   Core 9 'Cmp' <Latency = 0> <II = 1> <Delay = 0.84> <FuncUnit> <Opcode : 'icmp'> <InPorts = 2> <OutPorts = 1>
ST_2 : Operation 32 [1/1] (0.00ns)   --->   "%empty = speclooptripcount i32 @_ssdm_op_SpecLoopTripCount, i64 52, i64 52, i64 52"   --->   Operation 32 'speclooptripcount' 'empty' <Predicate = true> <Delay = 0.00>
ST_2 : Operation 33 [1/1] (0.78ns)   --->   "%add_ln50 = add i6 %i_4, i6 1" [/home/lab_726/boom/hls_boom/include/boom_state.hpp:50->/home/lab_726/boom/hls_boom/src/boom_core_merged.cpp:3378]   --->   Operation 33 'add' 'add_ln50' <Predicate = true> <Delay = 0.78> <CoreInst = "Adder">   --->   Core 1 'Adder' <Latency = 0> <II = 1> <Delay = 0.78> <FuncUnit> <Opcode : 'add' 'sub'> <InPorts = 2> <OutPorts = 1>
ST_2 : Operation 34 [1/1] (0.00ns)   --->   "%br_ln50 = br i1 %icmp_ln50, void %.split2.i.i.i, void %synth_execute_top__ZN19RenameMapTableStateC2Ev.exit12.i.i.exit" [/home/lab_726/boom/hls_boom/include/boom_state.hpp:50->/home/lab_726/boom/hls_boom/src/boom_core_merged.cpp:3378]   --->   Operation 34 'br' 'br_ln50' <Predicate = true> <Delay = 0.00>
ST_2 : Operation 35 [1/1] (0.00ns)   --->   "%specloopname_ln50 = specloopname void @_ssdm_op_SpecLoopName, void @empty" [/home/lab_726/boom/hls_boom/include/boom_state.hpp:50->/home/lab_726/boom/hls_boom/src/boom_core_merged.cpp:3378]   --->   Operation 35 'specloopname' 'specloopname_ln50' <Predicate = (!icmp_ln50)> <Delay = 0.00>
ST_2 : Operation 36 [1/1] (0.00ns)   --->   "%state_rename_int_free_list_busy_table_addr = getelementptr i1 %state_rename_int_free_list_busy_table, i64 0, i64 %zext_ln50" [/home/lab_726/boom/hls_boom/include/boom_state.hpp:50->/home/lab_726/boom/hls_boom/src/boom_core_merged.cpp:3378]   --->   Operation 36 'getelementptr' 'state_rename_int_free_list_busy_table_addr' <Predicate = (!icmp_ln50)> <Delay = 0.00>
ST_2 : Operation 37 [1/1] (0.67ns)   --->   "%store_ln50 = store i1 0, i6 %state_rename_int_free_list_busy_table_addr" [/home/lab_726/boom/hls_boom/include/boom_state.hpp:50->/home/lab_726/boom/hls_boom/src/boom_core_merged.cpp:3378]   --->   Operation 37 'store' 'store_ln50' <Predicate = (!icmp_ln50)> <Delay = 0.67> <CoreInst = "RAM">   --->   Core 83 'RAM' <Latency = 1> <II = 1> <Delay = 0.67> <Storage> <Opcode : 'load' 'store'> <Ports = 2> <Width = 1> <Depth = 52> <RAM>
ST_2 : Operation 38 [1/1] (0.42ns)   --->   "%store_ln50 = store i6 %add_ln50, i6 %i" [/home/lab_726/boom/hls_boom/include/boom_state.hpp:50->/home/lab_726/boom/hls_boom/src/boom_core_merged.cpp:3378]   --->   Operation 38 'store' 'store_ln50' <Predicate = (!icmp_ln50)> <Delay = 0.42>
ST_2 : Operation 39 [1/1] (0.00ns)   --->   "%br_ln0 = br void %_ZN19RenameMapTableStateC2Ev.exit12.i.i.i"   --->   Operation 39 'br' 'br_ln0' <Predicate = (!icmp_ln50)> <Delay = 0.00>
ST_2 : Operation 40 [1/1] (0.00ns)   --->   "%phi_ln142 = alloca i32 1"   --->   Operation 40 'alloca' 'phi_ln142' <Predicate = (icmp_ln50)> <Delay = 0.00>
ST_2 : Operation 41 [1/1] (0.67ns)   --->   "%store_ln51 = store i1 0, i1 0" [/home/lab_726/boom/hls_boom/include/boom_state.hpp:51->/home/lab_726/boom/hls_boom/src/boom_core_merged.cpp:3378]   --->   Operation 41 'store' 'store_ln51' <Predicate = (icmp_ln50)> <Delay = 0.67> <CoreInst = "RAM">   --->   Core 83 'RAM' <Latency = 1> <II = 1> <Delay = 0.67> <Storage> <Opcode : 'load' 'store'> <Ports = 2> <Width = 1> <Depth = 52> <RAM>
ST_2 : Operation 42 [1/1] (0.42ns)   --->   "%store_ln142 = store i2 0, i2 %phi_ln142" [/home/lab_726/boom/hls_boom/include/boom_state.hpp:142->/home/lab_726/boom/hls_boom/include/boom_state.hpp:270->/home/lab_726/boom/hls_boom/src/boom_core_merged.cpp:3378]   --->   Operation 42 'store' 'store_ln142' <Predicate = (icmp_ln50)> <Delay = 0.42>
ST_2 : Operation 43 [1/1] (0.00ns)   --->   "%br_ln142 = br void %arrayctor.loop.i.i" [/home/lab_726/boom/hls_boom/include/boom_state.hpp:142->/home/lab_726/boom/hls_boom/include/boom_state.hpp:270->/home/lab_726/boom/hls_boom/src/boom_core_merged.cpp:3378]   --->   Operation 43 'br' 'br_ln142' <Predicate = (icmp_ln50)> <Delay = 0.00>

State 3 <SV = 2> <Delay = 0.97>
ST_3 : Operation 44 [1/1] (0.00ns)   --->   "%phi_ln142_load = load i2 %phi_ln142" [/home/lab_726/boom/hls_boom/include/boom_state.hpp:142->/home/lab_726/boom/hls_boom/include/boom_state.hpp:270->/home/lab_726/boom/hls_boom/src/boom_core_merged.cpp:3378]   --->   Operation 44 'load' 'phi_ln142_load' <Predicate = true> <Delay = 0.00>
ST_3 : Operation 45 [1/1] (0.54ns)   --->   "%add_ln142 = add i2 %phi_ln142_load, i2 1" [/home/lab_726/boom/hls_boom/include/boom_state.hpp:142->/home/lab_726/boom/hls_boom/include/boom_state.hpp:270->/home/lab_726/boom/hls_boom/src/boom_core_merged.cpp:3378]   --->   Operation 45 'add' 'add_ln142' <Predicate = true> <Delay = 0.54> <CoreInst = "Adder">   --->   Core 1 'Adder' <Latency = 0> <II = 1> <Delay = 0.78> <FuncUnit> <Opcode : 'add' 'sub'> <InPorts = 2> <OutPorts = 1>
ST_3 : Operation 46 [1/1] (0.44ns)   --->   "%icmp_ln135 = icmp_eq  i2 %phi_ln142_load, i2 0" [/home/lab_726/boom/hls_boom/include/boom_state.hpp:135->/home/lab_726/boom/hls_boom/src/boom_core_merged.cpp:3378]   --->   Operation 46 'icmp' 'icmp_ln135' <Predicate = true> <Delay = 0.44> <CoreInst = "Cmp">   --->   Core 9 'Cmp' <Latency = 0> <II = 1> <Delay = 0.84> <FuncUnit> <Opcode : 'icmp'> <InPorts = 2> <OutPorts = 1>
ST_3 : Operation 47 [1/1] (0.00ns)   --->   "%br_ln135 = br i1 %icmp_ln135, void %arrayctor.loop.i.i860870, void %branch516" [/home/lab_726/boom/hls_boom/include/boom_state.hpp:135->/home/lab_726/boom/hls_boom/src/boom_core_merged.cpp:3378]   --->   Operation 47 'br' 'br_ln135' <Predicate = true> <Delay = 0.00>
ST_3 : Operation 48 [1/1] (0.00ns)   --->   "%store_ln135 = store i1 0, i1 %state_execute_alu_results_valid_0" [/home/lab_726/boom/hls_boom/include/boom_state.hpp:135->/home/lab_726/boom/hls_boom/src/boom_core_merged.cpp:3378]   --->   Operation 48 'store' 'store_ln135' <Predicate = (icmp_ln135)> <Delay = 0.00>
ST_3 : Operation 49 [1/1] (0.00ns)   --->   "%br_ln135 = br void %arrayctor.loop.i.i860870" [/home/lab_726/boom/hls_boom/include/boom_state.hpp:135->/home/lab_726/boom/hls_boom/src/boom_core_merged.cpp:3378]   --->   Operation 49 'br' 'br_ln135' <Predicate = (icmp_ln135)> <Delay = 0.00>
ST_3 : Operation 50 [1/1] (0.44ns)   --->   "%icmp_ln142 = icmp_eq  i2 %phi_ln142_load, i2 2" [/home/lab_726/boom/hls_boom/include/boom_state.hpp:142->/home/lab_726/boom/hls_boom/include/boom_state.hpp:270->/home/lab_726/boom/hls_boom/src/boom_core_merged.cpp:3378]   --->   Operation 50 'icmp' 'icmp_ln142' <Predicate = true> <Delay = 0.44> <CoreInst = "Cmp">   --->   Core 9 'Cmp' <Latency = 0> <II = 1> <Delay = 0.84> <FuncUnit> <Opcode : 'icmp'> <InPorts = 2> <OutPorts = 1>
ST_3 : Operation 51 [1/1] (0.00ns)   --->   "%empty_20 = speclooptripcount i32 @_ssdm_op_SpecLoopTripCount, i64 3, i64 3, i64 3"   --->   Operation 51 'speclooptripcount' 'empty_20' <Predicate = true> <Delay = 0.00>
ST_3 : Operation 52 [1/1] (0.00ns)   --->   "%br_ln142 = br i1 %icmp_ln142, void %arrayctor.loop.i.i860870.arrayctor.loop.i.i_crit_edge, void" [/home/lab_726/boom/hls_boom/include/boom_state.hpp:142->/home/lab_726/boom/hls_boom/include/boom_state.hpp:270->/home/lab_726/boom/hls_boom/src/boom_core_merged.cpp:3378]   --->   Operation 52 'br' 'br_ln142' <Predicate = true> <Delay = 0.00>
ST_3 : Operation 53 [1/1] (0.42ns)   --->   "%store_ln142 = store i2 %add_ln142, i2 %phi_ln142" [/home/lab_726/boom/hls_boom/include/boom_state.hpp:142->/home/lab_726/boom/hls_boom/include/boom_state.hpp:270->/home/lab_726/boom/hls_boom/src/boom_core_merged.cpp:3378]   --->   Operation 53 'store' 'store_ln142' <Predicate = (!icmp_ln142)> <Delay = 0.42>
ST_3 : Operation 54 [1/1] (0.00ns)   --->   "%br_ln142 = br void %arrayctor.loop.i.i" [/home/lab_726/boom/hls_boom/include/boom_state.hpp:142->/home/lab_726/boom/hls_boom/include/boom_state.hpp:270->/home/lab_726/boom/hls_boom/src/boom_core_merged.cpp:3378]   --->   Operation 54 'br' 'br_ln142' <Predicate = (!icmp_ln142)> <Delay = 0.00>
ST_3 : Operation 55 [1/1] (0.00ns)   --->   "%i_1 = alloca i32 1"   --->   Operation 55 'alloca' 'i_1' <Predicate = (icmp_ln142)> <Delay = 0.00>
ST_3 : Operation 56 [1/1] (0.00ns)   --->   "%store_ln1767 = store i1 0, i1 %state_execute_divider_arithmetic_busy" [/home/lab_726/boom/hls_boom/src/boom_core_merged.cpp:1767->/home/lab_726/boom/hls_boom/include/boom_state.hpp:270->/home/lab_726/boom/hls_boom/src/boom_core_merged.cpp:3378]   --->   Operation 56 'store' 'store_ln1767' <Predicate = (icmp_ln142)> <Delay = 0.00>
ST_3 : Operation 57 [1/1] (0.00ns)   --->   "%store_ln1768 = store i1 0, i1 %state_execute_divider_arithmetic_result_pending" [/home/lab_726/boom/hls_boom/src/boom_core_merged.cpp:1768->/home/lab_726/boom/hls_boom/include/boom_state.hpp:270->/home/lab_726/boom/hls_boom/src/boom_core_merged.cpp:3378]   --->   Operation 57 'store' 'store_ln1768' <Predicate = (icmp_ln142)> <Delay = 0.00>
ST_3 : Operation 58 [1/1] (0.00ns)   --->   "%store_ln1769 = store i6 0, i6 %state_execute_divider_arithmetic_operation" [/home/lab_726/boom/hls_boom/src/boom_core_merged.cpp:1769->/home/lab_726/boom/hls_boom/include/boom_state.hpp:270->/home/lab_726/boom/hls_boom/src/boom_core_merged.cpp:3378]   --->   Operation 58 'store' 'store_ln1769' <Predicate = (icmp_ln142)> <Delay = 0.00>
ST_3 : Operation 59 [1/1] (0.00ns)   --->   "%store_ln1770 = store i64 0, i64 %state_execute_divider_arithmetic_original_dividend" [/home/lab_726/boom/hls_boom/src/boom_core_merged.cpp:1770->/home/lab_726/boom/hls_boom/include/boom_state.hpp:270->/home/lab_726/boom/hls_boom/src/boom_core_merged.cpp:3378]   --->   Operation 59 'store' 'store_ln1770' <Predicate = (icmp_ln142)> <Delay = 0.00>
ST_3 : Operation 60 [1/1] (0.00ns)   --->   "%store_ln1772 = store i64 0, i64 %state_execute_divider_arithmetic_dividend_magnitude" [/home/lab_726/boom/hls_boom/src/boom_core_merged.cpp:1772->/home/lab_726/boom/hls_boom/include/boom_state.hpp:270->/home/lab_726/boom/hls_boom/src/boom_core_merged.cpp:3378]   --->   Operation 60 'store' 'store_ln1772' <Predicate = (icmp_ln142)> <Delay = 0.00>
ST_3 : Operation 61 [1/1] (0.00ns)   --->   "%store_ln1773 = store i64 0, i64 %state_execute_divider_arithmetic_divisor_magnitude" [/home/lab_726/boom/hls_boom/src/boom_core_merged.cpp:1773->/home/lab_726/boom/hls_boom/include/boom_state.hpp:270->/home/lab_726/boom/hls_boom/src/boom_core_merged.cpp:3378]   --->   Operation 61 'store' 'store_ln1773' <Predicate = (icmp_ln142)> <Delay = 0.00>
ST_3 : Operation 62 [1/1] (0.00ns)   --->   "%store_ln1774 = store i63 0, i63 %state_execute_divider_arithmetic_quotient" [/home/lab_726/boom/hls_boom/src/boom_core_merged.cpp:1774->/home/lab_726/boom/hls_boom/include/boom_state.hpp:270->/home/lab_726/boom/hls_boom/src/boom_core_merged.cpp:3378]   --->   Operation 62 'store' 'store_ln1774' <Predicate = (icmp_ln142)> <Delay = 0.00>
ST_3 : Operation 63 [1/1] (0.00ns)   --->   "%store_ln1775 = store i64 0, i64 %state_execute_divider_arithmetic_remainder" [/home/lab_726/boom/hls_boom/src/boom_core_merged.cpp:1775->/home/lab_726/boom/hls_boom/include/boom_state.hpp:270->/home/lab_726/boom/hls_boom/src/boom_core_merged.cpp:3378]   --->   Operation 63 'store' 'store_ln1775' <Predicate = (icmp_ln142)> <Delay = 0.00>
ST_3 : Operation 64 [1/1] (0.00ns)   --->   "%store_ln1776 = store i8 0, i8 %state_execute_divider_arithmetic_iteration" [/home/lab_726/boom/hls_boom/src/boom_core_merged.cpp:1776->/home/lab_726/boom/hls_boom/include/boom_state.hpp:270->/home/lab_726/boom/hls_boom/src/boom_core_merged.cpp:3378]   --->   Operation 64 'store' 'store_ln1776' <Predicate = (icmp_ln142)> <Delay = 0.00>
ST_3 : Operation 65 [1/1] (0.00ns)   --->   "%store_ln1777 = store i1 0, i1 %state_execute_divider_arithmetic_quotient_negative" [/home/lab_726/boom/hls_boom/src/boom_core_merged.cpp:1777->/home/lab_726/boom/hls_boom/include/boom_state.hpp:270->/home/lab_726/boom/hls_boom/src/boom_core_merged.cpp:3378]   --->   Operation 65 'store' 'store_ln1777' <Predicate = (icmp_ln142)> <Delay = 0.00>
ST_3 : Operation 66 [1/1] (0.00ns)   --->   "%store_ln1778 = store i1 0, i1 %state_execute_divider_arithmetic_remainder_negative" [/home/lab_726/boom/hls_boom/src/boom_core_merged.cpp:1778->/home/lab_726/boom/hls_boom/include/boom_state.hpp:270->/home/lab_726/boom/hls_boom/src/boom_core_merged.cpp:3378]   --->   Operation 66 'store' 'store_ln1778' <Predicate = (icmp_ln142)> <Delay = 0.00>
ST_3 : Operation 67 [1/1] (0.00ns)   --->   "%store_ln1779 = store i1 0, i1 %state_execute_divider_arithmetic_word_operation" [/home/lab_726/boom/hls_boom/src/boom_core_merged.cpp:1779->/home/lab_726/boom/hls_boom/include/boom_state.hpp:270->/home/lab_726/boom/hls_boom/src/boom_core_merged.cpp:3378]   --->   Operation 67 'store' 'store_ln1779' <Predicate = (icmp_ln142)> <Delay = 0.00>
ST_3 : Operation 68 [1/1] (0.00ns)   --->   "%store_ln123 = store i1 0, i1 %state_execute_divider_token_valid" [/home/lab_726/boom/hls_boom/include/boom_state.hpp:123->/home/lab_726/boom/hls_boom/include/boom_state.hpp:142->/home/lab_726/boom/hls_boom/include/boom_state.hpp:270->/home/lab_726/boom/hls_boom/src/boom_core_merged.cpp:3378]   --->   Operation 68 'store' 'store_ln123' <Predicate = (icmp_ln142)> <Delay = 0.00>
ST_3 : Operation 69 [1/1] (0.00ns)   --->   "%store_ln123 = store i1 0, i1 %state_execute_divider_rob_idx" [/home/lab_726/boom/hls_boom/include/boom_state.hpp:123->/home/lab_726/boom/hls_boom/include/boom_state.hpp:142->/home/lab_726/boom/hls_boom/include/boom_state.hpp:270->/home/lab_726/boom/hls_boom/src/boom_core_merged.cpp:3378]   --->   Operation 69 'store' 'store_ln123' <Predicate = (icmp_ln142)> <Delay = 0.00>
ST_3 : Operation 70 [1/1] (0.00ns)   --->   "%store_ln124 = store i1 0, i1 %state_execute_divider_allocation_id" [/home/lab_726/boom/hls_boom/include/boom_state.hpp:124->/home/lab_726/boom/hls_boom/include/boom_state.hpp:142->/home/lab_726/boom/hls_boom/include/boom_state.hpp:270->/home/lab_726/boom/hls_boom/src/boom_core_merged.cpp:3378]   --->   Operation 70 'store' 'store_ln124' <Predicate = (icmp_ln142)> <Delay = 0.00>
ST_3 : Operation 71 [1/1] (0.42ns)   --->   "%store_ln142 = store i2 0, i2 %i_1" [/home/lab_726/boom/hls_boom/include/boom_state.hpp:142->/home/lab_726/boom/hls_boom/include/boom_state.hpp:270->/home/lab_726/boom/hls_boom/src/boom_core_merged.cpp:3378]   --->   Operation 71 'store' 'store_ln142' <Predicate = (icmp_ln142)> <Delay = 0.42>
ST_3 : Operation 72 [1/1] (0.00ns)   --->   "%br_ln142 = br void" [/home/lab_726/boom/hls_boom/include/boom_state.hpp:142->/home/lab_726/boom/hls_boom/include/boom_state.hpp:270->/home/lab_726/boom/hls_boom/src/boom_core_merged.cpp:3378]   --->   Operation 72 'br' 'br_ln142' <Predicate = (icmp_ln142)> <Delay = 0.00>

State 4 <SV = 3> <Delay = 0.97>
ST_4 : Operation 73 [1/1] (0.00ns)   --->   "%i_5 = load i2 %i_1" [/home/lab_726/boom/hls_boom/include/boom_state.hpp:142->/home/lab_726/boom/hls_boom/include/boom_state.hpp:270->/home/lab_726/boom/hls_boom/src/boom_core_merged.cpp:3378]   --->   Operation 73 'load' 'i_5' <Predicate = true> <Delay = 0.00>
ST_4 : Operation 74 [1/1] (0.44ns)   --->   "%icmp_ln142_1 = icmp_eq  i2 %i_5, i2 3" [/home/lab_726/boom/hls_boom/include/boom_state.hpp:142->/home/lab_726/boom/hls_boom/include/boom_state.hpp:270->/home/lab_726/boom/hls_boom/src/boom_core_merged.cpp:3378]   --->   Operation 74 'icmp' 'icmp_ln142_1' <Predicate = true> <Delay = 0.44> <CoreInst = "Cmp">   --->   Core 9 'Cmp' <Latency = 0> <II = 1> <Delay = 0.84> <FuncUnit> <Opcode : 'icmp'> <InPorts = 2> <OutPorts = 1>
ST_4 : Operation 75 [1/1] (0.00ns)   --->   "%empty_21 = speclooptripcount i32 @_ssdm_op_SpecLoopTripCount, i64 3, i64 3, i64 3"   --->   Operation 75 'speclooptripcount' 'empty_21' <Predicate = true> <Delay = 0.00>
ST_4 : Operation 76 [1/1] (0.54ns)   --->   "%add_ln142_1 = add i2 %i_5, i2 1" [/home/lab_726/boom/hls_boom/include/boom_state.hpp:142->/home/lab_726/boom/hls_boom/include/boom_state.hpp:270->/home/lab_726/boom/hls_boom/src/boom_core_merged.cpp:3378]   --->   Operation 76 'add' 'add_ln142_1' <Predicate = true> <Delay = 0.54> <CoreInst = "Adder">   --->   Core 1 'Adder' <Latency = 0> <II = 1> <Delay = 0.78> <FuncUnit> <Opcode : 'add' 'sub'> <InPorts = 2> <OutPorts = 1>
ST_4 : Operation 77 [1/1] (0.00ns)   --->   "%br_ln142 = br i1 %icmp_ln142_1, void %.split.i4.i, void %arrayctor.loop.i9.i.preheader" [/home/lab_726/boom/hls_boom/include/boom_state.hpp:142->/home/lab_726/boom/hls_boom/include/boom_state.hpp:270->/home/lab_726/boom/hls_boom/src/boom_core_merged.cpp:3378]   --->   Operation 77 'br' 'br_ln142' <Predicate = true> <Delay = 0.00>
ST_4 : Operation 78 [1/1] (0.00ns)   --->   "%specloopname_ln142 = specloopname void @_ssdm_op_SpecLoopName, void @empty_2" [/home/lab_726/boom/hls_boom/include/boom_state.hpp:142->/home/lab_726/boom/hls_boom/include/boom_state.hpp:270->/home/lab_726/boom/hls_boom/src/boom_core_merged.cpp:3378]   --->   Operation 78 'specloopname' 'specloopname_ln142' <Predicate = (!icmp_ln142_1)> <Delay = 0.00>
ST_4 : Operation 79 [1/1] (0.44ns)   --->   "%icmp_ln142_2 = icmp_eq  i2 %i_5, i2 0" [/home/lab_726/boom/hls_boom/include/boom_state.hpp:142->/home/lab_726/boom/hls_boom/include/boom_state.hpp:270->/home/lab_726/boom/hls_boom/src/boom_core_merged.cpp:3378]   --->   Operation 79 'icmp' 'icmp_ln142_2' <Predicate = (!icmp_ln142_1)> <Delay = 0.44> <CoreInst = "Cmp">   --->   Core 9 'Cmp' <Latency = 0> <II = 1> <Delay = 0.84> <FuncUnit> <Opcode : 'icmp'> <InPorts = 2> <OutPorts = 1>
ST_4 : Operation 80 [1/1] (0.00ns)   --->   "%br_ln142 = br i1 %icmp_ln142_2, void %.split.i4.i856865, void %branch513" [/home/lab_726/boom/hls_boom/include/boom_state.hpp:142->/home/lab_726/boom/hls_boom/include/boom_state.hpp:270->/home/lab_726/boom/hls_boom/src/boom_core_merged.cpp:3378]   --->   Operation 80 'br' 'br_ln142' <Predicate = (!icmp_ln142_1)> <Delay = 0.00>
ST_4 : Operation 81 [1/1] (0.00ns)   --->   "%store_ln142 = store i1 0, i1 %state_execute_alu_results_valid_0" [/home/lab_726/boom/hls_boom/include/boom_state.hpp:142->/home/lab_726/boom/hls_boom/include/boom_state.hpp:270->/home/lab_726/boom/hls_boom/src/boom_core_merged.cpp:3378]   --->   Operation 81 'store' 'store_ln142' <Predicate = (!icmp_ln142_1 & icmp_ln142_2)> <Delay = 0.00>
ST_4 : Operation 82 [1/1] (0.00ns)   --->   "%br_ln142 = br void %.split.i4.i856865" [/home/lab_726/boom/hls_boom/include/boom_state.hpp:142->/home/lab_726/boom/hls_boom/include/boom_state.hpp:270->/home/lab_726/boom/hls_boom/src/boom_core_merged.cpp:3378]   --->   Operation 82 'br' 'br_ln142' <Predicate = (!icmp_ln142_1 & icmp_ln142_2)> <Delay = 0.00>
ST_4 : Operation 83 [1/1] (0.42ns)   --->   "%store_ln142 = store i2 %add_ln142_1, i2 %i_1" [/home/lab_726/boom/hls_boom/include/boom_state.hpp:142->/home/lab_726/boom/hls_boom/include/boom_state.hpp:270->/home/lab_726/boom/hls_boom/src/boom_core_merged.cpp:3378]   --->   Operation 83 'store' 'store_ln142' <Predicate = (!icmp_ln142_1)> <Delay = 0.42>
ST_4 : Operation 84 [1/1] (0.00ns)   --->   "%br_ln0 = br void"   --->   Operation 84 'br' 'br_ln0' <Predicate = (!icmp_ln142_1)> <Delay = 0.00>
ST_4 : Operation 85 [1/1] (0.00ns)   --->   "%indvar_i5_i = alloca i32 1"   --->   Operation 85 'alloca' 'indvar_i5_i' <Predicate = (icmp_ln142_1)> <Delay = 0.00>
ST_4 : Operation 86 [1/1] (0.42ns)   --->   "%store_ln155 = store i5 0, i5 %indvar_i5_i" [/home/lab_726/boom/hls_boom/include/boom_state.hpp:155->/home/lab_726/boom/hls_boom/include/boom_state.hpp:270->/home/lab_726/boom/hls_boom/src/boom_core_merged.cpp:3378]   --->   Operation 86 'store' 'store_ln155' <Predicate = (icmp_ln142_1)> <Delay = 0.42>
ST_4 : Operation 87 [1/1] (0.00ns)   --->   "%br_ln155 = br void %arrayctor.loop.i9.i" [/home/lab_726/boom/hls_boom/include/boom_state.hpp:155->/home/lab_726/boom/hls_boom/include/boom_state.hpp:270->/home/lab_726/boom/hls_boom/src/boom_core_merged.cpp:3378]   --->   Operation 87 'br' 'br_ln155' <Predicate = (icmp_ln142_1)> <Delay = 0.00>

State 5 <SV = 4> <Delay = 1.21>
ST_5 : Operation 88 [1/1] (0.00ns)   --->   "%indvar_i5_i_load = load i5 %indvar_i5_i" [/home/lab_726/boom/hls_boom/include/boom_state.hpp:155->/home/lab_726/boom/hls_boom/include/boom_state.hpp:270->/home/lab_726/boom/hls_boom/src/boom_core_merged.cpp:3378]   --->   Operation 88 'load' 'indvar_i5_i_load' <Predicate = true> <Delay = 0.00>
ST_5 : Operation 89 [1/1] (0.78ns)   --->   "%add_ln155 = add i5 %indvar_i5_i_load, i5 1" [/home/lab_726/boom/hls_boom/include/boom_state.hpp:155->/home/lab_726/boom/hls_boom/include/boom_state.hpp:270->/home/lab_726/boom/hls_boom/src/boom_core_merged.cpp:3378]   --->   Operation 89 'add' 'add_ln155' <Predicate = true> <Delay = 0.78> <CoreInst = "Adder">   --->   Core 1 'Adder' <Latency = 0> <II = 1> <Delay = 0.78> <FuncUnit> <Opcode : 'add' 'sub'> <InPorts = 2> <OutPorts = 1>
ST_5 : Operation 90 [1/1] (0.00ns)   --->   "%zext_ln155 = zext i5 %indvar_i5_i_load" [/home/lab_726/boom/hls_boom/include/boom_state.hpp:155->/home/lab_726/boom/hls_boom/include/boom_state.hpp:270->/home/lab_726/boom/hls_boom/src/boom_core_merged.cpp:3378]   --->   Operation 90 'zext' 'zext_ln155' <Predicate = true> <Delay = 0.00>
ST_5 : Operation 91 [1/1] (0.00ns)   --->   "%this_valid = getelementptr i1 %state_rob_entries_valid, i64 0, i64 %zext_ln155" [/home/lab_726/boom/hls_boom/include/boom_state.hpp:155->/home/lab_726/boom/hls_boom/include/boom_state.hpp:270->/home/lab_726/boom/hls_boom/src/boom_core_merged.cpp:3378]   --->   Operation 91 'getelementptr' 'this_valid' <Predicate = true> <Delay = 0.00>
ST_5 : Operation 92 [1/1] (0.00ns)   --->   "%this_busy = getelementptr i1 %state_rob_entries_busy, i64 0, i64 %zext_ln155" [/home/lab_726/boom/hls_boom/include/boom_state.hpp:155->/home/lab_726/boom/hls_boom/include/boom_state.hpp:270->/home/lab_726/boom/hls_boom/src/boom_core_merged.cpp:3378]   --->   Operation 92 'getelementptr' 'this_busy' <Predicate = true> <Delay = 0.00>
ST_5 : Operation 93 [1/1] (0.00ns)   --->   "%this_uop_queue_rob_allocation_id = getelementptr i1 %state_rob_entries_uop_queue_rob_allocation_id, i64 0, i64 %zext_ln155" [/home/lab_726/boom/hls_boom/include/boom_state.hpp:155->/home/lab_726/boom/hls_boom/include/boom_state.hpp:270->/home/lab_726/boom/hls_boom/src/boom_core_merged.cpp:3378]   --->   Operation 93 'getelementptr' 'this_uop_queue_rob_allocation_id' <Predicate = true> <Delay = 0.00>
ST_5 : Operation 94 [1/1] (0.67ns)   --->   "%store_ln166 = store i1 0, i5 %this_valid" [/home/lab_726/boom/hls_boom/include/boom_types.hpp:166->/home/lab_726/boom/hls_boom/include/boom_state.hpp:155->/home/lab_726/boom/hls_boom/include/boom_state.hpp:270->/home/lab_726/boom/hls_boom/src/boom_core_merged.cpp:3378]   --->   Operation 94 'store' 'store_ln166' <Predicate = true> <Delay = 0.67> <CoreInst = "RAM">   --->   Core 83 'RAM' <Latency = 1> <II = 1> <Delay = 0.67> <Storage> <Opcode : 'load' 'store'> <Ports = 2> <Width = 1> <Depth = 32> <RAM>
ST_5 : Operation 95 [1/1] (0.67ns)   --->   "%store_ln166 = store i1 0, i5 %this_busy" [/home/lab_726/boom/hls_boom/include/boom_types.hpp:166->/home/lab_726/boom/hls_boom/include/boom_state.hpp:155->/home/lab_726/boom/hls_boom/include/boom_state.hpp:270->/home/lab_726/boom/hls_boom/src/boom_core_merged.cpp:3378]   --->   Operation 95 'store' 'store_ln166' <Predicate = true> <Delay = 0.67> <CoreInst = "RAM">   --->   Core 83 'RAM' <Latency = 1> <II = 1> <Delay = 0.67> <Storage> <Opcode : 'load' 'store'> <Ports = 2> <Width = 1> <Depth = 32> <RAM>
ST_5 : Operation 96 [1/1] (0.67ns)   --->   "%store_ln84 = store i1 0, i5 %this_uop_queue_rob_allocation_id" [/home/lab_726/boom/hls_boom/include/boom_types.hpp:84->/home/lab_726/boom/hls_boom/include/boom_state.hpp:270->/home/lab_726/boom/hls_boom/src/boom_core_merged.cpp:3378]   --->   Operation 96 'store' 'store_ln84' <Predicate = true> <Delay = 0.67> <CoreInst = "RAM">   --->   Core 83 'RAM' <Latency = 1> <II = 1> <Delay = 0.67> <Storage> <Opcode : 'load' 'store'> <Ports = 2> <Width = 1> <Depth = 32> <RAM>
ST_5 : Operation 97 [1/1] (0.75ns)   --->   "%icmp_ln155 = icmp_eq  i5 %indvar_i5_i_load, i5 31" [/home/lab_726/boom/hls_boom/include/boom_state.hpp:155->/home/lab_726/boom/hls_boom/include/boom_state.hpp:270->/home/lab_726/boom/hls_boom/src/boom_core_merged.cpp:3378]   --->   Operation 97 'icmp' 'icmp_ln155' <Predicate = true> <Delay = 0.75> <CoreInst = "Cmp">   --->   Core 9 'Cmp' <Latency = 0> <II = 1> <Delay = 0.84> <FuncUnit> <Opcode : 'icmp'> <InPorts = 2> <OutPorts = 1>
ST_5 : Operation 98 [1/1] (0.00ns)   --->   "%empty_22 = speclooptripcount i32 @_ssdm_op_SpecLoopTripCount, i64 32, i64 32, i64 32"   --->   Operation 98 'speclooptripcount' 'empty_22' <Predicate = true> <Delay = 0.00>
ST_5 : Operation 99 [1/1] (0.00ns)   --->   "%br_ln155 = br i1 %icmp_ln155, void %arrayctor.loop.i9.i.arrayctor.loop.i9.i_crit_edge, void %.preheader.i12.i.preheader" [/home/lab_726/boom/hls_boom/include/boom_state.hpp:155->/home/lab_726/boom/hls_boom/include/boom_state.hpp:270->/home/lab_726/boom/hls_boom/src/boom_core_merged.cpp:3378]   --->   Operation 99 'br' 'br_ln155' <Predicate = true> <Delay = 0.00>
ST_5 : Operation 100 [1/1] (0.42ns)   --->   "%store_ln155 = store i5 %add_ln155, i5 %indvar_i5_i" [/home/lab_726/boom/hls_boom/include/boom_state.hpp:155->/home/lab_726/boom/hls_boom/include/boom_state.hpp:270->/home/lab_726/boom/hls_boom/src/boom_core_merged.cpp:3378]   --->   Operation 100 'store' 'store_ln155' <Predicate = (!icmp_ln155)> <Delay = 0.42>
ST_5 : Operation 101 [1/1] (0.00ns)   --->   "%br_ln155 = br void %arrayctor.loop.i9.i" [/home/lab_726/boom/hls_boom/include/boom_state.hpp:155->/home/lab_726/boom/hls_boom/include/boom_state.hpp:270->/home/lab_726/boom/hls_boom/src/boom_core_merged.cpp:3378]   --->   Operation 101 'br' 'br_ln155' <Predicate = (!icmp_ln155)> <Delay = 0.00>
ST_5 : Operation 102 [1/1] (0.00ns)   --->   "%i_2 = alloca i32 1"   --->   Operation 102 'alloca' 'i_2' <Predicate = (icmp_ln155)> <Delay = 0.00>
ST_5 : Operation 103 [1/1] (0.42ns)   --->   "%store_ln157 = store i6 0, i6 %i_2" [/home/lab_726/boom/hls_boom/include/boom_state.hpp:157->/home/lab_726/boom/hls_boom/include/boom_state.hpp:270->/home/lab_726/boom/hls_boom/src/boom_core_merged.cpp:3378]   --->   Operation 103 'store' 'store_ln157' <Predicate = (icmp_ln155)> <Delay = 0.42>
ST_5 : Operation 104 [1/1] (0.00ns)   --->   "%br_ln157 = br void %.preheader.i12.i" [/home/lab_726/boom/hls_boom/include/boom_state.hpp:157->/home/lab_726/boom/hls_boom/include/boom_state.hpp:270->/home/lab_726/boom/hls_boom/src/boom_core_merged.cpp:3378]   --->   Operation 104 'br' 'br_ln157' <Predicate = (icmp_ln155)> <Delay = 0.00>

State 6 <SV = 5> <Delay = 1.46>
ST_6 : Operation 105 [1/1] (0.00ns)   --->   "%i_6 = load i6 %i_2" [/home/lab_726/boom/hls_boom/include/boom_state.hpp:157->/home/lab_726/boom/hls_boom/include/boom_state.hpp:270->/home/lab_726/boom/hls_boom/src/boom_core_merged.cpp:3378]   --->   Operation 105 'load' 'i_6' <Predicate = true> <Delay = 0.00>
ST_6 : Operation 106 [1/1] (0.00ns)   --->   "%zext_ln157 = zext i6 %i_6" [/home/lab_726/boom/hls_boom/include/boom_state.hpp:157->/home/lab_726/boom/hls_boom/include/boom_state.hpp:270->/home/lab_726/boom/hls_boom/src/boom_core_merged.cpp:3378]   --->   Operation 106 'zext' 'zext_ln157' <Predicate = true> <Delay = 0.00>
ST_6 : Operation 107 [1/1] (0.78ns)   --->   "%icmp_ln157 = icmp_eq  i6 %i_6, i6 32" [/home/lab_726/boom/hls_boom/include/boom_state.hpp:157->/home/lab_726/boom/hls_boom/include/boom_state.hpp:270->/home/lab_726/boom/hls_boom/src/boom_core_merged.cpp:3378]   --->   Operation 107 'icmp' 'icmp_ln157' <Predicate = true> <Delay = 0.78> <CoreInst = "Cmp">   --->   Core 9 'Cmp' <Latency = 0> <II = 1> <Delay = 0.84> <FuncUnit> <Opcode : 'icmp'> <InPorts = 2> <OutPorts = 1>
ST_6 : Operation 108 [1/1] (0.00ns)   --->   "%empty_23 = speclooptripcount i32 @_ssdm_op_SpecLoopTripCount, i64 32, i64 32, i64 32"   --->   Operation 108 'speclooptripcount' 'empty_23' <Predicate = true> <Delay = 0.00>
ST_6 : Operation 109 [1/1] (0.78ns)   --->   "%add_ln157 = add i6 %i_6, i6 1" [/home/lab_726/boom/hls_boom/include/boom_state.hpp:157->/home/lab_726/boom/hls_boom/include/boom_state.hpp:270->/home/lab_726/boom/hls_boom/src/boom_core_merged.cpp:3378]   --->   Operation 109 'add' 'add_ln157' <Predicate = true> <Delay = 0.78> <CoreInst = "Adder">   --->   Core 1 'Adder' <Latency = 0> <II = 1> <Delay = 0.78> <FuncUnit> <Opcode : 'add' 'sub'> <InPorts = 2> <OutPorts = 1>
ST_6 : Operation 110 [1/1] (0.00ns)   --->   "%br_ln157 = br i1 %icmp_ln157, void %.split.i15.i, void %CompletionPendingState.exit.i" [/home/lab_726/boom/hls_boom/include/boom_state.hpp:157->/home/lab_726/boom/hls_boom/include/boom_state.hpp:270->/home/lab_726/boom/hls_boom/src/boom_core_merged.cpp:3378]   --->   Operation 110 'br' 'br_ln157' <Predicate = true> <Delay = 0.00>
ST_6 : Operation 111 [1/1] (0.00ns)   --->   "%specloopname_ln157 = specloopname void @_ssdm_op_SpecLoopName, void @empty_1" [/home/lab_726/boom/hls_boom/include/boom_state.hpp:157->/home/lab_726/boom/hls_boom/include/boom_state.hpp:270->/home/lab_726/boom/hls_boom/src/boom_core_merged.cpp:3378]   --->   Operation 111 'specloopname' 'specloopname_ln157' <Predicate = (!icmp_ln157)> <Delay = 0.00>
ST_6 : Operation 112 [1/1] (0.00ns)   --->   "%state_rob_entries_valid_addr = getelementptr i1 %state_rob_entries_valid, i64 0, i64 %zext_ln157" [/home/lab_726/boom/hls_boom/include/boom_state.hpp:157->/home/lab_726/boom/hls_boom/include/boom_state.hpp:270->/home/lab_726/boom/hls_boom/src/boom_core_merged.cpp:3378]   --->   Operation 112 'getelementptr' 'state_rob_entries_valid_addr' <Predicate = (!icmp_ln157)> <Delay = 0.00>
ST_6 : Operation 113 [1/1] (0.67ns)   --->   "%store_ln157 = store i1 0, i5 %state_rob_entries_valid_addr" [/home/lab_726/boom/hls_boom/include/boom_state.hpp:157->/home/lab_726/boom/hls_boom/include/boom_state.hpp:270->/home/lab_726/boom/hls_boom/src/boom_core_merged.cpp:3378]   --->   Operation 113 'store' 'store_ln157' <Predicate = (!icmp_ln157)> <Delay = 0.67> <CoreInst = "RAM">   --->   Core 83 'RAM' <Latency = 1> <II = 1> <Delay = 0.67> <Storage> <Opcode : 'load' 'store'> <Ports = 2> <Width = 1> <Depth = 32> <RAM>
ST_6 : Operation 114 [1/1] (0.00ns)   --->   "%state_rob_entries_busy_addr = getelementptr i1 %state_rob_entries_busy, i64 0, i64 %zext_ln157" [/home/lab_726/boom/hls_boom/include/boom_state.hpp:157->/home/lab_726/boom/hls_boom/include/boom_state.hpp:270->/home/lab_726/boom/hls_boom/src/boom_core_merged.cpp:3378]   --->   Operation 114 'getelementptr' 'state_rob_entries_busy_addr' <Predicate = (!icmp_ln157)> <Delay = 0.00>
ST_6 : Operation 115 [1/1] (0.67ns)   --->   "%store_ln157 = store i1 0, i5 %state_rob_entries_busy_addr" [/home/lab_726/boom/hls_boom/include/boom_state.hpp:157->/home/lab_726/boom/hls_boom/include/boom_state.hpp:270->/home/lab_726/boom/hls_boom/src/boom_core_merged.cpp:3378]   --->   Operation 115 'store' 'store_ln157' <Predicate = (!icmp_ln157)> <Delay = 0.67> <CoreInst = "RAM">   --->   Core 83 'RAM' <Latency = 1> <II = 1> <Delay = 0.67> <Storage> <Opcode : 'load' 'store'> <Ports = 2> <Width = 1> <Depth = 32> <RAM>
ST_6 : Operation 116 [1/1] (0.00ns)   --->   "%state_rob_entries_uop_queue_rob_allocation_id_addr = getelementptr i1 %state_rob_entries_uop_queue_rob_allocation_id, i64 0, i64 %zext_ln157" [/home/lab_726/boom/hls_boom/include/boom_state.hpp:157->/home/lab_726/boom/hls_boom/include/boom_state.hpp:270->/home/lab_726/boom/hls_boom/src/boom_core_merged.cpp:3378]   --->   Operation 116 'getelementptr' 'state_rob_entries_uop_queue_rob_allocation_id_addr' <Predicate = (!icmp_ln157)> <Delay = 0.00>
ST_6 : Operation 117 [1/1] (0.67ns)   --->   "%store_ln157 = store i1 0, i5 %state_rob_entries_uop_queue_rob_allocation_id_addr" [/home/lab_726/boom/hls_boom/include/boom_state.hpp:157->/home/lab_726/boom/hls_boom/include/boom_state.hpp:270->/home/lab_726/boom/hls_boom/src/boom_core_merged.cpp:3378]   --->   Operation 117 'store' 'store_ln157' <Predicate = (!icmp_ln157)> <Delay = 0.67> <CoreInst = "RAM">   --->   Core 83 'RAM' <Latency = 1> <II = 1> <Delay = 0.67> <Storage> <Opcode : 'load' 'store'> <Ports = 2> <Width = 1> <Depth = 32> <RAM>
ST_6 : Operation 118 [1/1] (0.42ns)   --->   "%store_ln157 = store i6 %add_ln157, i6 %i_2" [/home/lab_726/boom/hls_boom/include/boom_state.hpp:157->/home/lab_726/boom/hls_boom/include/boom_state.hpp:270->/home/lab_726/boom/hls_boom/src/boom_core_merged.cpp:3378]   --->   Operation 118 'store' 'store_ln157' <Predicate = (!icmp_ln157)> <Delay = 0.42>
ST_6 : Operation 119 [1/1] (0.00ns)   --->   "%br_ln0 = br void %.preheader.i12.i"   --->   Operation 119 'br' 'br_ln0' <Predicate = (!icmp_ln157)> <Delay = 0.00>
ST_6 : Operation 120 [1/1] (0.00ns)   --->   "%i_3 = alloca i32 1"   --->   Operation 120 'alloca' 'i_3' <Predicate = (icmp_ln157)> <Delay = 0.00>
ST_6 : Operation 121 [1/1] (0.42ns)   --->   "%store_ln270 = store i64 0, i64 %state_int_rf_latest_bank" [/home/lab_726/boom/hls_boom/include/boom_state.hpp:270->/home/lab_726/boom/hls_boom/src/boom_core_merged.cpp:3378]   --->   Operation 121 'store' 'store_ln270' <Predicate = (icmp_ln157)> <Delay = 0.42>
ST_6 : Operation 122 [1/1] (0.42ns)   --->   "%store_ln272 = store i6 0, i6 %i_3" [/home/lab_726/boom/hls_boom/include/boom_state.hpp:272->/home/lab_726/boom/hls_boom/src/boom_core_merged.cpp:3378]   --->   Operation 122 'store' 'store_ln272' <Predicate = (icmp_ln157)> <Delay = 0.42>
ST_6 : Operation 123 [1/1] (0.00ns)   --->   "%br_ln272 = br void" [/home/lab_726/boom/hls_boom/include/boom_state.hpp:272->/home/lab_726/boom/hls_boom/src/boom_core_merged.cpp:3378]   --->   Operation 123 'br' 'br_ln272' <Predicate = (icmp_ln157)> <Delay = 0.00>

State 7 <SV = 6> <Delay = 2.02>
ST_7 : Operation 124 [1/1] (0.00ns)   --->   "%i_7 = load i6 %i_3" [/home/lab_726/boom/hls_boom/include/boom_state.hpp:272->/home/lab_726/boom/hls_boom/src/boom_core_merged.cpp:3378]   --->   Operation 124 'load' 'i_7' <Predicate = (!guard_variable_for_synth_execute_top_unsigned_char_unsigned_long_unsigned_long_unsigned_long_state_load)> <Delay = 0.00>
ST_7 : Operation 125 [1/1] (0.00ns)   --->   "%zext_ln272 = zext i6 %i_7" [/home/lab_726/boom/hls_boom/include/boom_state.hpp:272->/home/lab_726/boom/hls_boom/src/boom_core_merged.cpp:3378]   --->   Operation 125 'zext' 'zext_ln272' <Predicate = (!guard_variable_for_synth_execute_top_unsigned_char_unsigned_long_unsigned_long_unsigned_long_state_load)> <Delay = 0.00>
ST_7 : Operation 126 [1/1] (0.78ns)   --->   "%icmp_ln272 = icmp_eq  i6 %i_7, i6 52" [/home/lab_726/boom/hls_boom/include/boom_state.hpp:272->/home/lab_726/boom/hls_boom/src/boom_core_merged.cpp:3378]   --->   Operation 126 'icmp' 'icmp_ln272' <Predicate = (!guard_variable_for_synth_execute_top_unsigned_char_unsigned_long_unsigned_long_unsigned_long_state_load)> <Delay = 0.78> <CoreInst = "Cmp">   --->   Core 9 'Cmp' <Latency = 0> <II = 1> <Delay = 0.84> <FuncUnit> <Opcode : 'icmp'> <InPorts = 2> <OutPorts = 1>
ST_7 : Operation 127 [1/1] (0.00ns)   --->   "%empty_24 = speclooptripcount i32 @_ssdm_op_SpecLoopTripCount, i64 52, i64 52, i64 52"   --->   Operation 127 'speclooptripcount' 'empty_24' <Predicate = (!guard_variable_for_synth_execute_top_unsigned_char_unsigned_long_unsigned_long_unsigned_long_state_load)> <Delay = 0.00>
ST_7 : Operation 128 [1/1] (0.78ns)   --->   "%add_ln272 = add i6 %i_7, i6 1" [/home/lab_726/boom/hls_boom/include/boom_state.hpp:272->/home/lab_726/boom/hls_boom/src/boom_core_merged.cpp:3378]   --->   Operation 128 'add' 'add_ln272' <Predicate = (!guard_variable_for_synth_execute_top_unsigned_char_unsigned_long_unsigned_long_unsigned_long_state_load)> <Delay = 0.78> <CoreInst = "Adder">   --->   Core 1 'Adder' <Latency = 0> <II = 1> <Delay = 0.78> <FuncUnit> <Opcode : 'add' 'sub'> <InPorts = 2> <OutPorts = 1>
ST_7 : Operation 129 [1/1] (0.00ns)   --->   "%br_ln272 = br i1 %icmp_ln272, void %.split2.i, void %BoomCoreState.exit" [/home/lab_726/boom/hls_boom/include/boom_state.hpp:272->/home/lab_726/boom/hls_boom/src/boom_core_merged.cpp:3378]   --->   Operation 129 'br' 'br_ln272' <Predicate = (!guard_variable_for_synth_execute_top_unsigned_char_unsigned_long_unsigned_long_unsigned_long_state_load)> <Delay = 0.00>
ST_7 : Operation 130 [1/1] (0.00ns)   --->   "%specloopname_ln272 = specloopname void @_ssdm_op_SpecLoopName, void @empty_7" [/home/lab_726/boom/hls_boom/include/boom_state.hpp:272->/home/lab_726/boom/hls_boom/src/boom_core_merged.cpp:3378]   --->   Operation 130 'specloopname' 'specloopname_ln272' <Predicate = (!guard_variable_for_synth_execute_top_unsigned_char_unsigned_long_unsigned_long_unsigned_long_state_load & !icmp_ln272)> <Delay = 0.00>
ST_7 : Operation 131 [1/1] (0.00ns)   --->   "%state_int_rf_bank0_addr = getelementptr i64 %state_int_rf_bank0, i64 0, i64 %zext_ln272" [/home/lab_726/boom/hls_boom/include/boom_state.hpp:273->/home/lab_726/boom/hls_boom/src/boom_core_merged.cpp:3378]   --->   Operation 131 'getelementptr' 'state_int_rf_bank0_addr' <Predicate = (!guard_variable_for_synth_execute_top_unsigned_char_unsigned_long_unsigned_long_unsigned_long_state_load & !icmp_ln272)> <Delay = 0.00>
ST_7 : Operation 132 [1/1] (1.23ns)   --->   "%store_ln273 = store i64 0, i6 %state_int_rf_bank0_addr" [/home/lab_726/boom/hls_boom/include/boom_state.hpp:273->/home/lab_726/boom/hls_boom/src/boom_core_merged.cpp:3378]   --->   Operation 132 'store' 'store_ln273' <Predicate = (!guard_variable_for_synth_execute_top_unsigned_char_unsigned_long_unsigned_long_unsigned_long_state_load & !icmp_ln272)> <Delay = 1.23> <CoreInst = "RAM">   --->   Core 83 'RAM' <Latency = 1> <II = 1> <Delay = 1.23> <Storage> <Opcode : 'load' 'store'> <Ports = 2> <Width = 64> <Depth = 52> <RAM>
ST_7 : Operation 133 [1/1] (0.00ns)   --->   "%state_int_rf_bank1_addr = getelementptr i64 %state_int_rf_bank1, i64 0, i64 %zext_ln272" [/home/lab_726/boom/hls_boom/include/boom_state.hpp:274->/home/lab_726/boom/hls_boom/src/boom_core_merged.cpp:3378]   --->   Operation 133 'getelementptr' 'state_int_rf_bank1_addr' <Predicate = (!guard_variable_for_synth_execute_top_unsigned_char_unsigned_long_unsigned_long_unsigned_long_state_load & !icmp_ln272)> <Delay = 0.00>
ST_7 : Operation 134 [1/1] (1.23ns)   --->   "%store_ln274 = store i64 0, i6 %state_int_rf_bank1_addr" [/home/lab_726/boom/hls_boom/include/boom_state.hpp:274->/home/lab_726/boom/hls_boom/src/boom_core_merged.cpp:3378]   --->   Operation 134 'store' 'store_ln274' <Predicate = (!guard_variable_for_synth_execute_top_unsigned_char_unsigned_long_unsigned_long_unsigned_long_state_load & !icmp_ln272)> <Delay = 1.23> <CoreInst = "RAM">   --->   Core 83 'RAM' <Latency = 1> <II = 1> <Delay = 1.23> <Storage> <Opcode : 'load' 'store'> <Ports = 2> <Width = 64> <Depth = 52> <RAM>
ST_7 : Operation 135 [1/1] (0.42ns)   --->   "%store_ln272 = store i6 %add_ln272, i6 %i_3" [/home/lab_726/boom/hls_boom/include/boom_state.hpp:272->/home/lab_726/boom/hls_boom/src/boom_core_merged.cpp:3378]   --->   Operation 135 'store' 'store_ln272' <Predicate = (!guard_variable_for_synth_execute_top_unsigned_char_unsigned_long_unsigned_long_unsigned_long_state_load & !icmp_ln272)> <Delay = 0.42>
ST_7 : Operation 136 [1/1] (0.00ns)   --->   "%br_ln0 = br void"   --->   Operation 136 'br' 'br_ln0' <Predicate = (!guard_variable_for_synth_execute_top_unsigned_char_unsigned_long_unsigned_long_unsigned_long_state_load & !icmp_ln272)> <Delay = 0.00>
ST_7 : Operation 137 [1/1] (1.23ns)   --->   "%store_ln277 = store i64 0, i64 0" [/home/lab_726/boom/hls_boom/include/boom_state.hpp:277->/home/lab_726/boom/hls_boom/src/boom_core_merged.cpp:3378]   --->   Operation 137 'store' 'store_ln277' <Predicate = (!guard_variable_for_synth_execute_top_unsigned_char_unsigned_long_unsigned_long_unsigned_long_state_load & icmp_ln272)> <Delay = 1.23> <CoreInst = "RAM">   --->   Core 83 'RAM' <Latency = 1> <II = 1> <Delay = 1.23> <Storage> <Opcode : 'load' 'store'> <Ports = 2> <Width = 64> <Depth = 52> <RAM>
ST_7 : Operation 138 [1/1] (1.23ns)   --->   "%store_ln277 = store i64 0, i64 0" [/home/lab_726/boom/hls_boom/include/boom_state.hpp:277->/home/lab_726/boom/hls_boom/src/boom_core_merged.cpp:3378]   --->   Operation 138 'store' 'store_ln277' <Predicate = (!guard_variable_for_synth_execute_top_unsigned_char_unsigned_long_unsigned_long_unsigned_long_state_load & icmp_ln272)> <Delay = 1.23> <CoreInst = "RAM">   --->   Core 83 'RAM' <Latency = 1> <II = 1> <Delay = 1.23> <Storage> <Opcode : 'load' 'store'> <Ports = 2> <Width = 64> <Depth = 52> <RAM>
ST_7 : Operation 139 [1/1] (0.00ns)   --->   "%store_ln0 = store i1 1, i1 %guard_variable_for_synth_execute_top_unsigned_char_unsigned_long_unsigned_long_unsigned_long_state"   --->   Operation 139 'store' 'store_ln0' <Predicate = (!guard_variable_for_synth_execute_top_unsigned_char_unsigned_long_unsigned_long_unsigned_long_state_load & icmp_ln272)> <Delay = 0.00>
ST_7 : Operation 140 [1/1] (0.00ns)   --->   "%br_ln0 = br void %._crit_edge_ifconv"   --->   Operation 140 'br' 'br_ln0' <Predicate = (!guard_variable_for_synth_execute_top_unsigned_char_unsigned_long_unsigned_long_unsigned_long_state_load & icmp_ln272)> <Delay = 0.00>
ST_7 : Operation 141 [1/1] (0.00ns)   --->   "%store_ln3381 = store i8 %seed_uopc_read, i8 %state_issue_issued_uops_uopc_1" [/home/lab_726/boom/hls_boom/src/boom_core_merged.cpp:3381]   --->   Operation 141 'store' 'store_ln3381' <Predicate = (icmp_ln272) | (guard_variable_for_synth_execute_top_unsigned_char_unsigned_long_unsigned_long_unsigned_long_state_load)> <Delay = 0.00>
ST_7 : Operation 142 [1/1] (0.00ns)   --->   "%tmp_1 = partselect i4 @_ssdm_op_PartSelect.i4.i8.i32.i32, i8 %seed_uopc_read, i32 4, i32 7" [/home/lab_726/boom/hls_boom/src/boom_core_merged.cpp:3384]   --->   Operation 142 'partselect' 'tmp_1' <Predicate = (icmp_ln272) | (guard_variable_for_synth_execute_top_unsigned_char_unsigned_long_unsigned_long_unsigned_long_state_load)> <Delay = 0.00>
ST_7 : Operation 143 [1/1] (0.72ns)   --->   "%icmp_ln3384 = icmp_ne  i4 %tmp_1, i4 0" [/home/lab_726/boom/hls_boom/src/boom_core_merged.cpp:3384]   --->   Operation 143 'icmp' 'icmp_ln3384' <Predicate = (icmp_ln272) | (guard_variable_for_synth_execute_top_unsigned_char_unsigned_long_unsigned_long_unsigned_long_state_load)> <Delay = 0.72> <CoreInst = "Cmp">   --->   Core 9 'Cmp' <Latency = 0> <II = 1> <Delay = 0.84> <FuncUnit> <Opcode : 'icmp'> <InPorts = 2> <OutPorts = 1>
ST_7 : Operation 144 [1/1] (0.84ns)   --->   "%icmp_ln3384_1 = icmp_ult  i8 %seed_uopc_read, i8 21" [/home/lab_726/boom/hls_boom/src/boom_core_merged.cpp:3384]   --->   Operation 144 'icmp' 'icmp_ln3384_1' <Predicate = (icmp_ln272) | (guard_variable_for_synth_execute_top_unsigned_char_unsigned_long_unsigned_long_unsigned_long_state_load)> <Delay = 0.84> <CoreInst = "Cmp">   --->   Core 9 'Cmp' <Latency = 0> <II = 1> <Delay = 0.84> <FuncUnit> <Opcode : 'icmp'> <InPorts = 2> <OutPorts = 1>
ST_7 : Operation 145 [1/1] (0.28ns)   --->   "%and_ln3384 = and i1 %icmp_ln3384, i1 %icmp_ln3384_1" [/home/lab_726/boom/hls_boom/src/boom_core_merged.cpp:3384]   --->   Operation 145 'and' 'and_ln3384' <Predicate = (icmp_ln272) | (guard_variable_for_synth_execute_top_unsigned_char_unsigned_long_unsigned_long_unsigned_long_state_load)> <Delay = 0.28> <CoreInst = "LogicGate">   --->   Core 74 'LogicGate' <Latency = 0> <II = 1> <Delay = 0.28> <FuncUnit> <Opcode : 'and' 'or' 'xor'> <InPorts = 2> <OutPorts = 1>
ST_7 : Operation 146 [1/1] (0.84ns)   --->   "%icmp_ln3385 = icmp_ugt  i8 %seed_uopc_read, i8 20" [/home/lab_726/boom/hls_boom/src/boom_core_merged.cpp:3385]   --->   Operation 146 'icmp' 'icmp_ln3385' <Predicate = (icmp_ln272) | (guard_variable_for_synth_execute_top_unsigned_char_unsigned_long_unsigned_long_unsigned_long_state_load)> <Delay = 0.84> <CoreInst = "Cmp">   --->   Core 9 'Cmp' <Latency = 0> <II = 1> <Delay = 0.84> <FuncUnit> <Opcode : 'icmp'> <InPorts = 2> <OutPorts = 1>
ST_7 : Operation 147 [1/1] (0.84ns)   --->   "%icmp_ln3385_1 = icmp_ult  i8 %seed_uopc_read, i8 29" [/home/lab_726/boom/hls_boom/src/boom_core_merged.cpp:3385]   --->   Operation 147 'icmp' 'icmp_ln3385_1' <Predicate = (icmp_ln272) | (guard_variable_for_synth_execute_top_unsigned_char_unsigned_long_unsigned_long_unsigned_long_state_load)> <Delay = 0.84> <CoreInst = "Cmp">   --->   Core 9 'Cmp' <Latency = 0> <II = 1> <Delay = 0.84> <FuncUnit> <Opcode : 'icmp'> <InPorts = 2> <OutPorts = 1>
ST_7 : Operation 148 [1/1] (0.00ns) (grouped into LUT with out node select_ln3384_1)   --->   "%and_ln3385 = and i1 %icmp_ln3385, i1 %icmp_ln3385_1" [/home/lab_726/boom/hls_boom/src/boom_core_merged.cpp:3385]   --->   Operation 148 'and' 'and_ln3385' <Predicate = (icmp_ln272) | (guard_variable_for_synth_execute_top_unsigned_char_unsigned_long_unsigned_long_unsigned_long_state_load)> <Delay = 0.00> <CoreInst = "LogicGate">   --->   Core 74 'LogicGate' <Latency = 0> <II = 1> <Delay = 0.28> <FuncUnit> <Opcode : 'and' 'or' 'xor'> <InPorts = 2> <OutPorts = 1>
ST_7 : Operation 149 [1/1] (0.00ns) (grouped into LUT with out node select_ln3384_1)   --->   "%select_ln3384 = select i1 %and_ln3384, i2 1, i2 2" [/home/lab_726/boom/hls_boom/src/boom_core_merged.cpp:3384]   --->   Operation 149 'select' 'select_ln3384' <Predicate = (icmp_ln272) | (guard_variable_for_synth_execute_top_unsigned_char_unsigned_long_unsigned_long_unsigned_long_state_load)> <Delay = 0.00> <CoreInst = "Sel">   --->   Core 73 'Sel' <Latency = 0> <II = 1> <Delay = 0.17> <FuncUnit> <Opcode : 'select'> <InPorts = 3> <OutPorts = 1>
ST_7 : Operation 150 [1/1] (0.00ns) (grouped into LUT with out node select_ln3384_1)   --->   "%or_ln3384 = or i1 %and_ln3384, i1 %and_ln3385" [/home/lab_726/boom/hls_boom/src/boom_core_merged.cpp:3384]   --->   Operation 150 'or' 'or_ln3384' <Predicate = (icmp_ln272) | (guard_variable_for_synth_execute_top_unsigned_char_unsigned_long_unsigned_long_unsigned_long_state_load)> <Delay = 0.00> <CoreInst = "LogicGate">   --->   Core 74 'LogicGate' <Latency = 0> <II = 1> <Delay = 0.28> <FuncUnit> <Opcode : 'and' 'or' 'xor'> <InPorts = 2> <OutPorts = 1>
ST_7 : Operation 151 [1/1] (0.28ns) (out node of the LUT)   --->   "%select_ln3384_1 = select i1 %or_ln3384, i2 %select_ln3384, i2 0" [/home/lab_726/boom/hls_boom/src/boom_core_merged.cpp:3384]   --->   Operation 151 'select' 'select_ln3384_1' <Predicate = (icmp_ln272) | (guard_variable_for_synth_execute_top_unsigned_char_unsigned_long_unsigned_long_unsigned_long_state_load)> <Delay = 0.28> <CoreInst = "Sel">   --->   Core 73 'Sel' <Latency = 0> <II = 1> <Delay = 0.17> <FuncUnit> <Opcode : 'select'> <InPorts = 3> <OutPorts = 1>
ST_7 : Operation 152 [1/1] (0.00ns)   --->   "%store_ln3383 = store i2 %select_ln3384_1, i2 %state_issue_issued_uops_fu_code_1" [/home/lab_726/boom/hls_boom/src/boom_core_merged.cpp:3383]   --->   Operation 152 'store' 'store_ln3383' <Predicate = (icmp_ln272) | (guard_variable_for_synth_execute_top_unsigned_char_unsigned_long_unsigned_long_unsigned_long_state_load)> <Delay = 0.00>
ST_7 : Operation 153 [1/1] (1.23ns)   --->   "%store_ln293 = store i64 %seed_rs1_read, i64 1" [/home/lab_726/boom/hls_boom/include/boom_state.hpp:293]   --->   Operation 153 'store' 'store_ln293' <Predicate = (icmp_ln272) | (guard_variable_for_synth_execute_top_unsigned_char_unsigned_long_unsigned_long_unsigned_long_state_load)> <Delay = 1.23> <CoreInst = "RAM">   --->   Core 83 'RAM' <Latency = 1> <II = 1> <Delay = 1.23> <Storage> <Opcode : 'load' 'store'> <Ports = 2> <Width = 64> <Depth = 52> <RAM>
ST_7 : Operation 154 [1/1] (1.23ns)   --->   "%store_ln294 = store i64 %seed_rs1_read, i64 1" [/home/lab_726/boom/hls_boom/include/boom_state.hpp:294]   --->   Operation 154 'store' 'store_ln294' <Predicate = (icmp_ln272) | (guard_variable_for_synth_execute_top_unsigned_char_unsigned_long_unsigned_long_unsigned_long_state_load)> <Delay = 1.23> <CoreInst = "RAM">   --->   Core 83 'RAM' <Latency = 1> <II = 1> <Delay = 1.23> <Storage> <Opcode : 'load' 'store'> <Ports = 2> <Width = 64> <Depth = 52> <RAM>
ST_7 : Operation 155 [1/1] (0.00ns)   --->   "%state_int_rf_latest_bank_load = load i64 %state_int_rf_latest_bank" [/home/lab_726/boom/hls_boom/include/boom_state.hpp:295]   --->   Operation 155 'load' 'state_int_rf_latest_bank_load' <Predicate = (icmp_ln272) | (guard_variable_for_synth_execute_top_unsigned_char_unsigned_long_unsigned_long_unsigned_long_state_load)> <Delay = 0.00>
ST_7 : Operation 156 [1/1] (0.00ns)   --->   "%tmp = partselect i61 @_ssdm_op_PartSelect.i61.i64.i32.i32, i64 %state_int_rf_latest_bank_load, i32 3, i32 63" [/home/lab_726/boom/hls_boom/include/boom_state.hpp:295]   --->   Operation 156 'partselect' 'tmp' <Predicate = (icmp_ln272) | (guard_variable_for_synth_execute_top_unsigned_char_unsigned_long_unsigned_long_unsigned_long_state_load)> <Delay = 0.00>
ST_7 : Operation 157 [1/1] (0.00ns)   --->   "%trunc_ln295 = trunc i64 %state_int_rf_latest_bank_load" [/home/lab_726/boom/hls_boom/include/boom_state.hpp:295]   --->   Operation 157 'trunc' 'trunc_ln295' <Predicate = (icmp_ln272) | (guard_variable_for_synth_execute_top_unsigned_char_unsigned_long_unsigned_long_unsigned_long_state_load)> <Delay = 0.00>
ST_7 : Operation 158 [1/1] (0.00ns)   --->   "%and_ln = bitconcatenate i64 @_ssdm_op_BitConcatenate.i64.i61.i2.i1, i61 %tmp, i2 0, i1 %trunc_ln295" [/home/lab_726/boom/hls_boom/include/boom_state.hpp:295]   --->   Operation 158 'bitconcatenate' 'and_ln' <Predicate = (icmp_ln272) | (guard_variable_for_synth_execute_top_unsigned_char_unsigned_long_unsigned_long_unsigned_long_state_load)> <Delay = 0.00>
ST_7 : Operation 159 [1/1] (0.42ns)   --->   "%store_ln295 = store i64 %and_ln, i64 %state_int_rf_latest_bank" [/home/lab_726/boom/hls_boom/include/boom_state.hpp:295]   --->   Operation 159 'store' 'store_ln295' <Predicate = (icmp_ln272) | (guard_variable_for_synth_execute_top_unsigned_char_unsigned_long_unsigned_long_unsigned_long_state_load)> <Delay = 0.42>

State 8 <SV = 7> <Delay = 1.23>
ST_8 : Operation 160 [1/1] (0.67ns)   --->   "%store_ln3392 = store i1 1, i1 1" [/home/lab_726/boom/hls_boom/src/boom_core_merged.cpp:3392]   --->   Operation 160 'store' 'store_ln3392' <Predicate = true> <Delay = 0.67> <CoreInst = "RAM">   --->   Core 83 'RAM' <Latency = 1> <II = 1> <Delay = 0.67> <Storage> <Opcode : 'load' 'store'> <Ports = 2> <Width = 1> <Depth = 32> <RAM>
ST_8 : Operation 161 [1/1] (0.67ns)   --->   "%store_ln3393 = store i1 1, i1 1" [/home/lab_726/boom/hls_boom/src/boom_core_merged.cpp:3393]   --->   Operation 161 'store' 'store_ln3393' <Predicate = true> <Delay = 0.67> <CoreInst = "RAM">   --->   Core 83 'RAM' <Latency = 1> <II = 1> <Delay = 0.67> <Storage> <Opcode : 'load' 'store'> <Ports = 2> <Width = 1> <Depth = 32> <RAM>
ST_8 : Operation 162 [1/1] (0.67ns)   --->   "%store_ln3394 = store i1 1, i1 1" [/home/lab_726/boom/hls_boom/src/boom_core_merged.cpp:3394]   --->   Operation 162 'store' 'store_ln3394' <Predicate = true> <Delay = 0.67> <CoreInst = "RAM">   --->   Core 83 'RAM' <Latency = 1> <II = 1> <Delay = 0.67> <Storage> <Opcode : 'load' 'store'> <Ports = 2> <Width = 1> <Depth = 32> <RAM>
ST_8 : Operation 163 [1/1] (1.23ns)   --->   "%store_ln293 = store i64 %seed_rs2_read, i64 2" [/home/lab_726/boom/hls_boom/include/boom_state.hpp:293]   --->   Operation 163 'store' 'store_ln293' <Predicate = true> <Delay = 1.23> <CoreInst = "RAM">   --->   Core 83 'RAM' <Latency = 1> <II = 1> <Delay = 1.23> <Storage> <Opcode : 'load' 'store'> <Ports = 2> <Width = 64> <Depth = 52> <RAM>
ST_8 : Operation 164 [1/1] (1.23ns)   --->   "%store_ln294 = store i64 %seed_rs2_read, i64 2" [/home/lab_726/boom/hls_boom/include/boom_state.hpp:294]   --->   Operation 164 'store' 'store_ln294' <Predicate = true> <Delay = 1.23> <CoreInst = "RAM">   --->   Core 83 'RAM' <Latency = 1> <II = 1> <Delay = 1.23> <Storage> <Opcode : 'load' 'store'> <Ports = 2> <Width = 64> <Depth = 52> <RAM>

State 9 <SV = 8> <Delay = 0.00>
ST_9 : Operation 165 [1/1] (0.00ns)   --->   "%store_ln3379 = store i1 0, i1 %state_execute_alu_results_valid_1" [/home/lab_726/boom/hls_boom/src/boom_core_merged.cpp:3379]   --->   Operation 165 'store' 'store_ln3379' <Predicate = true> <Delay = 0.00>
ST_9 : Operation 166 [1/1] (0.00ns)   --->   "%store_ln3379 = store i64 0, i64 %state_execute_alu_results_result_1" [/home/lab_726/boom/hls_boom/src/boom_core_merged.cpp:3379]   --->   Operation 166 'store' 'store_ln3379' <Predicate = true> <Delay = 0.00>
ST_9 : Operation 167 [1/1] (0.00ns)   --->   "%store_ln3380 = store i1 1, i1 %state_issue_issued_valids_1" [/home/lab_726/boom/hls_boom/src/boom_core_merged.cpp:3380]   --->   Operation 167 'store' 'store_ln3380' <Predicate = true> <Delay = 0.00>
ST_9 : Operation 168 [1/1] (0.00ns)   --->   "%store_ln3382 = store i1 1, i1 %state_issue_issued_uops_iq_type_1" [/home/lab_726/boom/hls_boom/src/boom_core_merged.cpp:3382]   --->   Operation 168 'store' 'store_ln3382' <Predicate = true> <Delay = 0.00>
ST_9 : Operation 169 [1/1] (0.00ns)   --->   "%store_ln3386 = store i1 1, i1 %state_issue_issued_uops_rename_prs1_1" [/home/lab_726/boom/hls_boom/src/boom_core_merged.cpp:3386]   --->   Operation 169 'store' 'store_ln3386' <Predicate = true> <Delay = 0.00>
ST_9 : Operation 170 [1/1] (0.00ns)   --->   "%store_ln3387 = store i2 2, i2 %state_issue_issued_uops_rename_prs2_1" [/home/lab_726/boom/hls_boom/src/boom_core_merged.cpp:3387]   --->   Operation 170 'store' 'store_ln3387' <Predicate = true> <Delay = 0.00>
ST_9 : Operation 171 [1/1] (0.00ns)   --->   "%store_ln3390 = store i1 1, i1 %state_issue_issued_uops_queue_rob_idx_1" [/home/lab_726/boom/hls_boom/src/boom_core_merged.cpp:3390]   --->   Operation 171 'store' 'store_ln3390' <Predicate = true> <Delay = 0.00>
ST_9 : Operation 172 [1/1] (0.00ns)   --->   "%store_ln3391 = store i1 1, i1 %state_issue_issued_uops_queue_rob_allocation_id_1" [/home/lab_726/boom/hls_boom/src/boom_core_merged.cpp:3391]   --->   Operation 172 'store' 'store_ln3391' <Predicate = true> <Delay = 0.00>
ST_9 : Operation 173 [2/2] (0.00ns)   --->   "%call_ln3397 = call void @execute_module, i1 %state_execute_divider_token_valid, i1 %state_execute_divider_allocation_id, i1 %state_execute_divider_rob_idx, i1 %state_rob_entries_valid, i1 %state_rob_entries_busy, i1 %state_rob_entries_uop_queue_rob_allocation_id, i1 %state_execute_divider_arithmetic_busy, i1 %state_execute_divider_arithmetic_result_pending, i6 %state_execute_divider_arithmetic_operation, i64 %state_execute_divider_arithmetic_original_dividend, i64 %state_execute_divider_arithmetic_dividend_magnitude, i64 %state_execute_divider_arithmetic_divisor_magnitude, i63 %state_execute_divider_arithmetic_quotient, i64 %state_execute_divider_arithmetic_remainder, i8 %state_execute_divider_arithmetic_iteration, i1 %state_execute_divider_arithmetic_quotient_negative, i1 %state_execute_divider_arithmetic_remainder_negative, i1 %state_execute_divider_arithmetic_word_operation, i1 %state_execute_alu_results_valid_1, i64 %state_execute_alu_results_result_1, i2 %state_issue_issued_uops_fu_code_1, i8 %state_issue_issued_uops_uopc_1, i64 %state_int_rf_latest_bank, i1 %state_issue_issued_uops_queue_rob_allocation_id_1, i1 %state_issue_issued_uops_queue_rob_idx_1, i1 %state_issue_issued_valids_1, i1 %state_issue_issued_uops_iq_type_1, i1 %state_issue_issued_uops_rename_prs1_1, i2 %state_issue_issued_uops_rename_prs2_1, i1 %state_rename_int_free_list_busy_table, i64 %state_int_rf_bank1, i64 %state_int_rf_bank0" [/home/lab_726/boom/hls_boom/src/boom_core_merged.cpp:3397]   --->   Operation 173 'call' 'call_ln3397' <Predicate = true> <Delay = 0.00> <CoreType = "Generic">   --->   Core 0 '' <Latency = 0> <II = 1> <Delay = 1.00> <Generic> <Opcode : >

State 10 <SV = 9> <Delay = 0.00>
ST_10 : Operation 174 [1/2] (0.00ns)   --->   "%call_ln3397 = call void @execute_module, i1 %state_execute_divider_token_valid, i1 %state_execute_divider_allocation_id, i1 %state_execute_divider_rob_idx, i1 %state_rob_entries_valid, i1 %state_rob_entries_busy, i1 %state_rob_entries_uop_queue_rob_allocation_id, i1 %state_execute_divider_arithmetic_busy, i1 %state_execute_divider_arithmetic_result_pending, i6 %state_execute_divider_arithmetic_operation, i64 %state_execute_divider_arithmetic_original_dividend, i64 %state_execute_divider_arithmetic_dividend_magnitude, i64 %state_execute_divider_arithmetic_divisor_magnitude, i63 %state_execute_divider_arithmetic_quotient, i64 %state_execute_divider_arithmetic_remainder, i8 %state_execute_divider_arithmetic_iteration, i1 %state_execute_divider_arithmetic_quotient_negative, i1 %state_execute_divider_arithmetic_remainder_negative, i1 %state_execute_divider_arithmetic_word_operation, i1 %state_execute_alu_results_valid_1, i64 %state_execute_alu_results_result_1, i2 %state_issue_issued_uops_fu_code_1, i8 %state_issue_issued_uops_uopc_1, i64 %state_int_rf_latest_bank, i1 %state_issue_issued_uops_queue_rob_allocation_id_1, i1 %state_issue_issued_uops_queue_rob_idx_1, i1 %state_issue_issued_valids_1, i1 %state_issue_issued_uops_iq_type_1, i1 %state_issue_issued_uops_rename_prs1_1, i2 %state_issue_issued_uops_rename_prs2_1, i1 %state_rename_int_free_list_busy_table, i64 %state_int_rf_bank1, i64 %state_int_rf_bank0" [/home/lab_726/boom/hls_boom/src/boom_core_merged.cpp:3397]   --->   Operation 174 'call' 'call_ln3397' <Predicate = true> <Delay = 0.00> <CoreType = "Generic">   --->   Core 0 '' <Latency = 0> <II = 1> <Delay = 1.00> <Generic> <Opcode : >

State 11 <SV = 10> <Delay = 0.00>
ST_11 : Operation 175 [1/1] (0.00ns)   --->   "%state_execute_alu_results_result_1_load = load i64 %state_execute_alu_results_result_1" [/home/lab_726/boom/hls_boom/src/boom_core_merged.cpp:3398]   --->   Operation 175 'load' 'state_execute_alu_results_result_1_load' <Predicate = true> <Delay = 0.00>
ST_11 : Operation 176 [1/1] (0.00ns)   --->   "%write_ln3398 = write void @_ssdm_op_Write.ap_auto.i64P0A, i64 %observable, i64 %state_execute_alu_results_result_1_load" [/home/lab_726/boom/hls_boom/src/boom_core_merged.cpp:3398]   --->   Operation 176 'write' 'write_ln3398' <Predicate = true> <Delay = 0.00>
ST_11 : Operation 177 [1/1] (0.00ns)   --->   "%ret_ln3399 = ret" [/home/lab_726/boom/hls_boom/src/boom_core_merged.cpp:3399]   --->   Operation 177 'ret' 'ret_ln3399' <Predicate = true> <Delay = 0.00>


============================================================
+ Verbose Summary: Timing violations
============================================================
Target clock period: 10ns, clock uncertainty: 2.7ns.

 <State 1>: 0.427ns
The critical path consists of the following:
	'alloca' operation ('i') [54]  (0 ns)
	'store' operation ('store_ln50', /home/lab_726/boom/hls_boom/include/boom_state.hpp:50->/home/lab_726/boom/hls_boom/src/boom_core_merged.cpp:3378) of constant 0 on local variable 'i' [55]  (0.427 ns)

 <State 2>: 1.46ns
The critical path consists of the following:
	'load' operation ('i', /home/lab_726/boom/hls_boom/include/boom_state.hpp:50->/home/lab_726/boom/hls_boom/src/boom_core_merged.cpp:3378) on local variable 'i' [58]  (0 ns)
	'add' operation ('add_ln50', /home/lab_726/boom/hls_boom/include/boom_state.hpp:50->/home/lab_726/boom/hls_boom/src/boom_core_merged.cpp:3378) [62]  (0.781 ns)
	'store' operation ('store_ln50', /home/lab_726/boom/hls_boom/include/boom_state.hpp:50->/home/lab_726/boom/hls_boom/src/boom_core_merged.cpp:3378) of variable 'add_ln50', /home/lab_726/boom/hls_boom/include/boom_state.hpp:50->/home/lab_726/boom/hls_boom/src/boom_core_merged.cpp:3378 on local variable 'i' [68]  (0.427 ns)
	blocking operation 0.254 ns on control path)

 <State 3>: 0.975ns
The critical path consists of the following:
	'load' operation ('phi_ln142_load', /home/lab_726/boom/hls_boom/include/boom_state.hpp:142->/home/lab_726/boom/hls_boom/include/boom_state.hpp:270->/home/lab_726/boom/hls_boom/src/boom_core_merged.cpp:3378) on local variable 'phi_ln142' [76]  (0 ns)
	'add' operation ('add_ln142', /home/lab_726/boom/hls_boom/include/boom_state.hpp:142->/home/lab_726/boom/hls_boom/include/boom_state.hpp:270->/home/lab_726/boom/hls_boom/src/boom_core_merged.cpp:3378) [77]  (0.548 ns)
	'store' operation ('store_ln142', /home/lab_726/boom/hls_boom/include/boom_state.hpp:142->/home/lab_726/boom/hls_boom/include/boom_state.hpp:270->/home/lab_726/boom/hls_boom/src/boom_core_merged.cpp:3378) of variable 'add_ln142', /home/lab_726/boom/hls_boom/include/boom_state.hpp:142->/home/lab_726/boom/hls_boom/include/boom_state.hpp:270->/home/lab_726/boom/hls_boom/src/boom_core_merged.cpp:3378 on local variable 'phi_ln142' [88]  (0.427 ns)

 <State 4>: 0.975ns
The critical path consists of the following:
	'load' operation ('i', /home/lab_726/boom/hls_boom/include/boom_state.hpp:142->/home/lab_726/boom/hls_boom/include/boom_state.hpp:270->/home/lab_726/boom/hls_boom/src/boom_core_merged.cpp:3378) on local variable 'i' [110]  (0 ns)
	'add' operation ('add_ln142_1', /home/lab_726/boom/hls_boom/include/boom_state.hpp:142->/home/lab_726/boom/hls_boom/include/boom_state.hpp:270->/home/lab_726/boom/hls_boom/src/boom_core_merged.cpp:3378) [113]  (0.548 ns)
	'store' operation ('store_ln142', /home/lab_726/boom/hls_boom/include/boom_state.hpp:142->/home/lab_726/boom/hls_boom/include/boom_state.hpp:270->/home/lab_726/boom/hls_boom/src/boom_core_merged.cpp:3378) of variable 'add_ln142_1', /home/lab_726/boom/hls_boom/include/boom_state.hpp:142->/home/lab_726/boom/hls_boom/include/boom_state.hpp:270->/home/lab_726/boom/hls_boom/src/boom_core_merged.cpp:3378 on local variable 'i' [123]  (0.427 ns)

 <State 5>: 1.22ns
The critical path consists of the following:
	'load' operation ('indvar_i5_i_load', /home/lab_726/boom/hls_boom/include/boom_state.hpp:155->/home/lab_726/boom/hls_boom/include/boom_state.hpp:270->/home/lab_726/boom/hls_boom/src/boom_core_merged.cpp:3378) on local variable 'indvar_i5_i' [130]  (0 ns)
	'add' operation ('add_ln155', /home/lab_726/boom/hls_boom/include/boom_state.hpp:155->/home/lab_726/boom/hls_boom/include/boom_state.hpp:270->/home/lab_726/boom/hls_boom/src/boom_core_merged.cpp:3378) [131]  (0.789 ns)
	'store' operation ('store_ln155', /home/lab_726/boom/hls_boom/include/boom_state.hpp:155->/home/lab_726/boom/hls_boom/include/boom_state.hpp:270->/home/lab_726/boom/hls_boom/src/boom_core_merged.cpp:3378) of variable 'add_ln155', /home/lab_726/boom/hls_boom/include/boom_state.hpp:155->/home/lab_726/boom/hls_boom/include/boom_state.hpp:270->/home/lab_726/boom/hls_boom/src/boom_core_merged.cpp:3378 on local variable 'indvar_i5_i' [143]  (0.427 ns)

 <State 6>: 1.46ns
The critical path consists of the following:
	'load' operation ('i', /home/lab_726/boom/hls_boom/include/boom_state.hpp:157->/home/lab_726/boom/hls_boom/include/boom_state.hpp:270->/home/lab_726/boom/hls_boom/src/boom_core_merged.cpp:3378) on local variable 'i' [150]  (0 ns)
	'add' operation ('add_ln157', /home/lab_726/boom/hls_boom/include/boom_state.hpp:157->/home/lab_726/boom/hls_boom/include/boom_state.hpp:270->/home/lab_726/boom/hls_boom/src/boom_core_merged.cpp:3378) [154]  (0.781 ns)
	'store' operation ('store_ln157', /home/lab_726/boom/hls_boom/include/boom_state.hpp:157->/home/lab_726/boom/hls_boom/include/boom_state.hpp:270->/home/lab_726/boom/hls_boom/src/boom_core_merged.cpp:3378) of variable 'add_ln157', /home/lab_726/boom/hls_boom/include/boom_state.hpp:157->/home/lab_726/boom/hls_boom/include/boom_state.hpp:270->/home/lab_726/boom/hls_boom/src/boom_core_merged.cpp:3378 on local variable 'i' [164]  (0.427 ns)
	blocking operation 0.254 ns on control path)

 <State 7>: 2.02ns
The critical path consists of the following:
	'icmp' operation ('icmp_ln3384_1', /home/lab_726/boom/hls_boom/src/boom_core_merged.cpp:3384) [199]  (0.849 ns)
	'and' operation ('and_ln3384', /home/lab_726/boom/hls_boom/src/boom_core_merged.cpp:3384) [200]  (0.287 ns)
	'select' operation ('select_ln3384', /home/lab_726/boom/hls_boom/src/boom_core_merged.cpp:3384) [204]  (0 ns)
	'select' operation ('select_ln3384_1', /home/lab_726/boom/hls_boom/src/boom_core_merged.cpp:3384) [206]  (0.287 ns)
	blocking operation 0.599 ns on control path)

 <State 8>: 1.24ns
The critical path consists of the following:
	'store' operation ('store_ln293', /home/lab_726/boom/hls_boom/include/boom_state.hpp:293) of variable 'seed_rs2', /home/lab_726/boom/hls_boom/src/boom_core_merged.cpp:3377 on array 'state_int_rf_bank0' [218]  (1.24 ns)

 <State 9>: 0ns
The critical path consists of the following:

 <State 10>: 0ns
The critical path consists of the following:

 <State 11>: 0ns
The critical path consists of the following:


============================================================
+ Verbose Summary: Binding
============================================================
N/A
* FSMD analyzer results:
  - Output states:
 - Input state : 
  - Chain level:
	State 1
	State 2
	State 3
	State 4
	State 5
	State 6
	State 7
	State 8
	State 9
	State 10
	State 11


============================================================
+ Verbose Summary: Datapath Resource usage 
============================================================
N/A
