

================================================================
== Vitis HLS Report for 'synth_execute_top'
================================================================
* Date:           Wed Aug  5 21:52:27 2026

* Version:        2021.2 (Build 3367213 on Tue Oct 19 02:47:39 MDT 2021)
* Project:        synth_execute_top
* Solution:       solution_gate4_1_m3b (Vivado IP Flow Target)
* Product family: zynquplus
* Target device:  xczu7ev-ffvc1156-2-e


================================================================
== Performance Estimates
================================================================
+ Timing: 
    * Summary: 
    +--------+----------+----------+------------+
    |  Clock |  Target  | Estimated| Uncertainty|
    +--------+----------+----------+------------+
    |ap_clk  |  10.00 ns|  6.411 ns|     2.70 ns|
    +--------+----------+----------+------------+

+ Latency: 
    * Summary: 
    +---------+---------+----------+----------+-----+-----+---------+
    |  Latency (cycles) |  Latency (absolute) |  Interval | Pipeline|
    |   min   |   max   |    min   |    max   | min | max |   Type  |
    +---------+---------+----------+----------+-----+-----+---------+
    |       11|      222|  0.110 us|  2.220 us|   12|  223|       no|
    +---------+---------+----------+----------+-----+-----+---------+

    + Detail: 
        * Instance: 
        +---------------------------+----------------+---------+---------+-----------+----------+-----+-----+---------+
        |                           |                |  Latency (cycles) |  Latency (absolute)  |  Interval | Pipeline|
        |          Instance         |     Module     |   min   |   max   |    min    |    max   | min | max |   Type  |
        +---------------------------+----------------+---------+---------+-----------+----------+-----+-----+---------+
        |grp_execute_module_fu_372  |execute_module  |        6|       38|  60.000 ns|  0.380 us|    6|   38|       no|
        +---------------------------+----------------+---------+---------+-----------+----------+-----+-----+---------+

        * Loop: 
        +--------------------+---------+---------+----------+-----------+-----------+------+----------+
        |                    |  Latency (cycles) | Iteration|  Initiation Interval  | Trip |          |
        |      Loop Name     |   min   |   max   |  Latency |  achieved |   target  | Count| Pipelined|
        +--------------------+---------+---------+----------+-----------+-----------+------+----------+
        |- VITIS_LOOP_50_1   |       52|       52|         1|          -|          -|    52|        no|
        |- Loop 2            |        3|        3|         1|          -|          -|     3|        no|
        |- VITIS_LOOP_142_1  |        3|        3|         1|          -|          -|     3|        no|
        |- Loop 4            |       32|       32|         1|          -|          -|    32|        no|
        |- VITIS_LOOP_157_1  |       32|       32|         1|          -|          -|    32|        no|
        |- VITIS_LOOP_272_1  |       52|       52|         1|          -|          -|    52|        no|
        +--------------------+---------+---------+----------+-----------+-----------+------+----------+



================================================================
== Utilization Estimates
================================================================
* Summary: 
+-----------------+---------+------+--------+--------+-----+
|       Name      | BRAM_18K|  DSP |   FF   |   LUT  | URAM|
+-----------------+---------+------+--------+--------+-----+
|DSP              |        -|     -|       -|       -|    -|
|Expression       |        -|     -|       0|     177|    -|
|FIFO             |        -|     -|       -|       -|    -|
|Instance         |        -|     3|     383|    5963|    -|
|Memory           |        8|     -|       8|       4|    0|
|Multiplexer      |        -|     -|       -|     629|    -|
|Register         |        -|     -|     525|       -|    -|
+-----------------+---------+------+--------+--------+-----+
|Total            |        8|     3|     916|    6773|    0|
+-----------------+---------+------+--------+--------+-----+
|Available        |      624|  1728|  460800|  230400|   96|
+-----------------+---------+------+--------+--------+-----+
|Utilization (%)  |        1|    ~0|      ~0|       2|    0|
+-----------------+---------+------+--------+--------+-----+

+ Detail: 
    * Instance: 
    +---------------------------+----------------+---------+----+-----+------+-----+
    |          Instance         |     Module     | BRAM_18K| DSP|  FF |  LUT | URAM|
    +---------------------------+----------------+---------+----+-----+------+-----+
    |grp_execute_module_fu_372  |execute_module  |        0|   3|  383|  5963|    0|
    +---------------------------+----------------+---------+----+-----+------+-----+
    |Total                      |                |        0|   3|  383|  5963|    0|
    +---------------------------+----------------+---------+----+-----+------+-----+

    * DSP: 
    N/A

    * Memory: 
    +-------------------------------------------------+-----------------------------------------------------+---------+---+----+-----+------+-----+------+-------------+
    |                      Memory                     |                        Module                       | BRAM_18K| FF| LUT| URAM| Words| Bits| Banks| W*Bits*Banks|
    +-------------------------------------------------+-----------------------------------------------------+---------+---+----+-----+------+-----+------+-------------+
    |state_int_rf_bank0_U                             |state_int_rf_bank0_RAM_AUTO_1R1W                     |        4|  0|   0|    0|    52|   64|     1|         3328|
    |state_int_rf_bank1_U                             |state_int_rf_bank0_RAM_AUTO_1R1W                     |        4|  0|   0|    0|    52|   64|     1|         3328|
    |state_rename_int_free_list_busy_table_U          |state_rename_int_free_list_busy_table_RAM_AUTO_1R1W  |        0|  2|   1|    0|    52|    1|     1|           52|
    |state_rob_entries_valid_U                        |state_rob_entries_valid_RAM_AUTO_1R1W                |        0|  2|   1|    0|    32|    1|     1|           32|
    |state_rob_entries_busy_U                         |state_rob_entries_valid_RAM_AUTO_1R1W                |        0|  2|   1|    0|    32|    1|     1|           32|
    |state_rob_entries_uop_queue_rob_allocation_id_U  |state_rob_entries_valid_RAM_AUTO_1R1W                |        0|  2|   1|    0|    32|    1|     1|           32|
    +-------------------------------------------------+-----------------------------------------------------+---------+---+----+-----+------+-----+------+-------------+
    |Total                                            |                                                     |        8|  8|   4|    0|   252|  132|     6|         6804|
    +-------------------------------------------------+-----------------------------------------------------+---------+---+----+-----+------+-----+------+-------------+

    * FIFO: 
    N/A

    * Expression: 
    +---------------------------+----------+----+---+----+------------+------------+
    |       Variable Name       | Operation| DSP| FF| LUT| Bitwidth P0| Bitwidth P1|
    +---------------------------+----------+----+---+----+------------+------------+
    |add_ln142_1_fu_615_p2      |         +|   0|  0|   9|           2|           1|
    |add_ln142_fu_482_p2        |         +|   0|  0|   9|           2|           1|
    |add_ln155_fu_646_p2        |         +|   0|  0|  12|           5|           1|
    |add_ln157_fu_691_p2        |         +|   0|  0|  13|           6|           1|
    |add_ln272_fu_728_p2        |         +|   0|  0|  13|           6|           1|
    |add_ln50_fu_463_p2         |         +|   0|  0|  13|           6|           1|
    |and_ln3384_fu_770_p2       |       and|   0|  0|   2|           1|           1|
    |and_ln3385_fu_786_p2       |       and|   0|  0|   2|           1|           1|
    |icmp_ln142_1_fu_609_p2     |      icmp|   0|  0|   8|           2|           2|
    |icmp_ln142_fu_500_p2       |      icmp|   0|  0|   8|           2|           3|
    |icmp_ln155_fu_659_p2       |      icmp|   0|  0|   9|           5|           2|
    |icmp_ln157_fu_685_p2       |      icmp|   0|  0|  10|           6|           7|
    |icmp_ln272_fu_722_p2       |      icmp|   0|  0|  10|           6|           5|
    |icmp_ln3384_1_fu_765_p2    |      icmp|   0|  0|  11|           8|           5|
    |icmp_ln3384_fu_759_p2      |      icmp|   0|  0|   9|           4|           1|
    |icmp_ln3385_1_fu_781_p2    |      icmp|   0|  0|  11|           8|           5|
    |icmp_ln3385_fu_776_p2      |      icmp|   0|  0|  11|           8|           5|
    |icmp_ln50_fu_457_p2        |      icmp|   0|  0|  10|           6|           5|
    |or_ln3384_fu_800_p2        |        or|   0|  0|   2|           1|           1|
    |select_ln3384_1_fu_806_p3  |    select|   0|  0|   2|           1|           2|
    |select_ln3384_fu_792_p3    |    select|   0|  0|   3|           1|           1|
    +---------------------------+----------+----+---+----+------------+------------+
    |Total                      |          |   0|  0| 177|          87|          52|
    +---------------------------+----------+----+---+----+------------+------------+

    * Multiplexer: 
    +--------------------------------------------------------+----+-----------+-----+-----------+
    |                          Name                          | LUT| Input Size| Bits| Total Bits|
    +--------------------------------------------------------+----+-----------+-----+-----------+
    |ap_NS_fsm                                               |  65|         12|    1|         12|
    |i_1_fu_200                                              |   9|          2|    2|          4|
    |i_2_fu_208                                              |   9|          2|    6|         12|
    |i_3_fu_212                                              |   9|          2|    6|         12|
    |i_fu_192                                                |   9|          2|    6|         12|
    |indvar_i5_i_fu_204                                      |   9|          2|    5|         10|
    |phi_ln142_fu_196                                        |   9|          2|    2|          4|
    |state_execute_alu_results_result_1                      |   9|          2|   64|        128|
    |state_execute_alu_results_valid_1                       |   9|          2|    1|          2|
    |state_execute_divider_allocation_id                     |   9|          2|    1|          2|
    |state_execute_divider_arithmetic_busy                   |   9|          2|    1|          2|
    |state_execute_divider_arithmetic_dividend_magnitude     |   9|          2|   64|        128|
    |state_execute_divider_arithmetic_divisor_magnitude      |   9|          2|   64|        128|
    |state_execute_divider_arithmetic_iteration              |   9|          2|    8|         16|
    |state_execute_divider_arithmetic_operation              |   9|          2|    6|         12|
    |state_execute_divider_arithmetic_original_dividend      |   9|          2|   64|        128|
    |state_execute_divider_arithmetic_quotient               |   9|          2|   63|        126|
    |state_execute_divider_arithmetic_quotient_negative      |   9|          2|    1|          2|
    |state_execute_divider_arithmetic_remainder              |   9|          2|   64|        128|
    |state_execute_divider_arithmetic_remainder_negative     |   9|          2|    1|          2|
    |state_execute_divider_arithmetic_result_pending         |   9|          2|    1|          2|
    |state_execute_divider_arithmetic_word_operation         |   9|          2|    1|          2|
    |state_execute_divider_rob_idx                           |   9|          2|    1|          2|
    |state_execute_divider_token_valid                       |   9|          2|    1|          2|
    |state_int_rf_bank0_address0                             |  20|          4|    6|         24|
    |state_int_rf_bank0_address1                             |  14|          3|    6|         18|
    |state_int_rf_bank0_ce0                                  |  14|          3|    1|          3|
    |state_int_rf_bank0_d0                                   |  14|          3|   64|        192|
    |state_int_rf_bank0_d1                                   |  14|          3|   64|        192|
    |state_int_rf_bank1_address0                             |  20|          4|    6|         24|
    |state_int_rf_bank1_address1                             |  14|          3|    6|         18|
    |state_int_rf_bank1_ce0                                  |  14|          3|    1|          3|
    |state_int_rf_bank1_d0                                   |  14|          3|   64|        192|
    |state_int_rf_bank1_d1                                   |  14|          3|   64|        192|
    |state_int_rf_latest_bank                                |   9|          2|   62|        124|
    |state_rename_int_free_list_busy_table_address0          |  20|          4|    6|         24|
    |state_rename_int_free_list_busy_table_ce0               |  14|          3|    1|          3|
    |state_rob_entries_busy_address0                         |  26|          5|    5|         25|
    |state_rob_entries_busy_ce0                              |  14|          3|    1|          3|
    |state_rob_entries_busy_d0                               |  14|          3|    1|          3|
    |state_rob_entries_uop_queue_rob_allocation_id_address0  |  26|          5|    5|         25|
    |state_rob_entries_uop_queue_rob_allocation_id_ce0       |  14|          3|    1|          3|
    |state_rob_entries_uop_queue_rob_allocation_id_d0        |  14|          3|    1|          3|
    |state_rob_entries_valid_address0                        |  26|          5|    5|         25|
    |state_rob_entries_valid_ce0                             |  14|          3|    1|          3|
    |state_rob_entries_valid_d0                              |  14|          3|    1|          3|
    +--------------------------------------------------------+----+-----------+-----+-----------+
    |Total                                                   | 629|        132|  806|       1980|
    +--------------------------------------------------------+----+-----------+-----+-----------+

    * Register: 
    +-----------------------------------------------------------------------------------------------------------------+----+----+-----+-----------+
    |                                                       Name                                                      | FF | LUT| Bits| Const Bits|
    +-----------------------------------------------------------------------------------------------------------------+----+----+-----+-----------+
    |ap_CS_fsm                                                                                                        |  11|   0|   11|          0|
    |grp_execute_module_fu_372_ap_start_reg                                                                           |   1|   0|    1|          0|
    |guard_variable_for_synth_execute_top_unsigned_char_unsigned_long_unsigned_long_unsigned_long_state               |   1|   0|    1|          0|
    |guard_variable_for_synth_execute_top_unsigned_char_unsigned_long_unsigned_long_unsigned_long_state_load_reg_928  |   1|   0|    1|          0|
    |i_1_fu_200                                                                                                       |   2|   0|    2|          0|
    |i_2_fu_208                                                                                                       |   6|   0|    6|          0|
    |i_3_fu_212                                                                                                       |   6|   0|    6|          0|
    |i_fu_192                                                                                                         |   6|   0|    6|          0|
    |indvar_i5_i_fu_204                                                                                               |   5|   0|    5|          0|
    |phi_ln142_fu_196                                                                                                 |   2|   0|    2|          0|
    |state_execute_alu_results_result_1                                                                               |  64|   0|   64|          0|
    |state_execute_alu_results_valid_1                                                                                |   1|   0|    1|          0|
    |state_execute_divider_allocation_id                                                                              |   1|   0|    1|          0|
    |state_execute_divider_arithmetic_busy                                                                            |   1|   0|    1|          0|
    |state_execute_divider_arithmetic_dividend_magnitude                                                              |  64|   0|   64|          0|
    |state_execute_divider_arithmetic_divisor_magnitude                                                               |  64|   0|   64|          0|
    |state_execute_divider_arithmetic_iteration                                                                       |   8|   0|    8|          0|
    |state_execute_divider_arithmetic_operation                                                                       |   6|   0|    6|          0|
    |state_execute_divider_arithmetic_original_dividend                                                               |  64|   0|   64|          0|
    |state_execute_divider_arithmetic_quotient                                                                        |  63|   0|   63|          0|
    |state_execute_divider_arithmetic_quotient_negative                                                               |   1|   0|    1|          0|
    |state_execute_divider_arithmetic_remainder                                                                       |  64|   0|   64|          0|
    |state_execute_divider_arithmetic_remainder_negative                                                              |   1|   0|    1|          0|
    |state_execute_divider_arithmetic_result_pending                                                                  |   1|   0|    1|          0|
    |state_execute_divider_arithmetic_word_operation                                                                  |   1|   0|    1|          0|
    |state_execute_divider_rob_idx                                                                                    |   1|   0|    1|          0|
    |state_execute_divider_token_valid                                                                                |   1|   0|    1|          0|
    |state_int_rf_latest_bank                                                                                         |  62|   0|   64|          2|
    |state_issue_issued_uops_fu_code_1                                                                                |   2|   0|    2|          0|
    |state_issue_issued_uops_iq_type_1                                                                                |   1|   0|    1|          0|
    |state_issue_issued_uops_queue_rob_allocation_id_1                                                                |   1|   0|    1|          0|
    |state_issue_issued_uops_queue_rob_idx_1                                                                          |   1|   0|    1|          0|
    |state_issue_issued_uops_rename_prs1_1                                                                            |   1|   0|    1|          0|
    |state_issue_issued_uops_rename_prs2_1                                                                            |   1|   0|    2|          1|
    |state_issue_issued_uops_uopc_1                                                                                   |   8|   0|    8|          0|
    |state_issue_issued_valids_1                                                                                      |   1|   0|    1|          0|
    +-----------------------------------------------------------------------------------------------------------------+----+----+-----+-----------+
    |Total                                                                                                            | 525|   0|  528|          3|
    +-----------------------------------------------------------------------------------------------------------------+----+----+-----+-----------+



================================================================
== Interface
================================================================
* Summary: 
+-------------------+-----+-----+------------+-------------------+--------------+
|     RTL Ports     | Dir | Bits|  Protocol  |   Source Object   |    C Type    |
+-------------------+-----+-----+------------+-------------------+--------------+
|ap_local_block     |  out|    1|  ap_ctrl_hs|  synth_execute_top|  return value|
|ap_local_deadlock  |  out|    1|  ap_ctrl_hs|  synth_execute_top|  return value|
|ap_clk             |   in|    1|  ap_ctrl_hs|  synth_execute_top|  return value|
|ap_rst             |   in|    1|  ap_ctrl_hs|  synth_execute_top|  return value|
|ap_start           |   in|    1|  ap_ctrl_hs|  synth_execute_top|  return value|
|ap_done            |  out|    1|  ap_ctrl_hs|  synth_execute_top|  return value|
|ap_idle            |  out|    1|  ap_ctrl_hs|  synth_execute_top|  return value|
|ap_ready           |  out|    1|  ap_ctrl_hs|  synth_execute_top|  return value|
|seed_uopc          |   in|    8|     ap_none|          seed_uopc|        scalar|
|seed_rs1           |   in|   64|     ap_none|           seed_rs1|        scalar|
|seed_rs2           |   in|   64|     ap_none|           seed_rs2|        scalar|
|observable         |  out|   64|      ap_vld|         observable|       pointer|
|observable_ap_vld  |  out|    1|      ap_vld|         observable|       pointer|
+-------------------+-----+-----+------------+-------------------+--------------+

