#-----------------------------------------------------------
# xsim v2021.2 (64-bit)
# SW Build 3367213 on Tue Oct 19 02:47:39 MDT 2021
# IP Build 3369179 on Thu Oct 21 08:25:16 MDT 2021
# Start of session at: Wed Sep 16 20:06:09 2026
# Process ID: 130238
# Current directory: /home/lab_726/opencode_tmp/g6_t0r/A5/final_preservation/pf6_integrated/xsim
# Command line: xsim -log /home/lab_726/boom/hls_boom/reports/gate6_0_full_lsu/t0r/A5/final_preservation/pf6_integrated/logs/pf4_pred_t_actual_nt_fault.log -mode tcl -source {xsim.dir/pf4_full_core_snapshot/xsim_script.tcl}
# Log file: /home/lab_726/boom/hls_boom/reports/gate6_0_full_lsu/t0r/A5/final_preservation/pf6_integrated/logs/pf4_pred_t_actual_nt_fault.log
# Journal file: /home/lab_726/opencode_tmp/g6_t0r/A5/final_preservation/pf6_integrated/xsim/xsim.jou
# Running On: 726, OS: Linux, CPU Frequency: 800.222 MHz, CPU Physical cores: 14, Host memory: 67148 MB
#-----------------------------------------------------------
source xsim.dir/pf4_full_core_snapshot/xsim_script.tcl
# xsim {pf4_full_core_snapshot} -testplusarg PROGRAM=/home/lab_726/opencode_tmp/g6_t0r/A5/final_preservation/pf6_programs/pf4_pred_t_actual_nt.words.hex -testplusarg INIT=/home/lab_726/opencode_tmp/g6_t0r/A5/final_preservation/pf6_programs/pf4_pred_t_actual_nt.init -testplusarg PROGRAM_NAME=pf4_pred_t_actual_nt_fault -testplusarg FAULT_MODE=2 -testplusarg TRACE=/home/lab_726/boom/hls_boom/reports/gate6_0_full_lsu/t0r/A5/final_preservation/pf6_integrated/traces/pf4_pred_t_actual_nt_fault.jsonl -testplusarg MAX_CYCLES=1000000 -autoloadwcfg -runall -onerror quit
Time resolution is 1 ps
run -all
PF5_FULL_CORE_RTL_PASS program=pf4_pred_t_actual_nt_fault branches=1 mispredicts=1 exceptions=1 commits=2 cycles=15619 bim_entries=1
PF6_RTL_COVERAGE program=pf4_pred_t_actual_nt_fault conditional_predictions=2 predicted_taken=2 predicted_not_taken=0 correct_predictions=1 mispredict_redirects=1 BIM_attempts=1 BIM_updates=1 BIM_taken_updates=0 BIM_not_taken_updates=1 BIM_dropped=0 BIM_stale_rejected=0 FTQ_allocations=4 FTQ_reclaims=3 FTQ_squashes=1 FTQ_wraps=0 FTQ_slot_reuses=0 exceptions=1 fault_refetches=1 ROB_commits=2 max_rob_occupancy=1 max_ftq_occupancy=1
$finish called at time : 181195 ns : File "/home/lab_726/boom/hls_boom/rtl_tb/pf4_full_core_rtl_tb.sv" Line 222
exit
INFO: [Common 17-206] Exiting xsim at Wed Sep 16 20:06:17 2026...
