

================================================================
== Vitis HLS Report for 'synth_mul_top'
================================================================
* Date:           Tue Aug  4 23:43:35 2026

* Version:        2021.2 (Build 3367213 on Tue Oct 19 02:47:39 MDT 2021)
* Project:        synth_mul_top
* Solution:       solution_gate4_1_m2b (Vivado IP Flow Target)
* Product family: zynquplus
* Target device:  xczu7ev-ffvc1156-2-e


================================================================
== Performance Estimates
================================================================
+ Timing: 
    * Summary: 
    +--------+----------+----------+------------+
    |  Clock |  Target  | Estimated| Uncertainty|
    +--------+----------+----------+------------+
    |ap_clk  |  10.00 ns|  6.463 ns|     2.70 ns|
    +--------+----------+----------+------------+

+ Latency: 
    * Summary: 
    +---------+---------+-----------+-----------+-----+-----+---------+
    |  Latency (cycles) |   Latency (absolute)  |  Interval | Pipeline|
    |   min   |   max   |    min    |    max    | min | max |   Type  |
    +---------+---------+-----------+-----------+-----+-----+---------+
    |        1|        1|  10.000 ns|  10.000 ns|    2|    2|       no|
    +---------+---------+-----------+-----------+-----+-----+---------+

    + Detail: 
        * Instance: 
        N/A

        * Loop: 
        N/A

============================================================
+ Verbose Summary: Synthesis Manager
============================================================
InlineROM: 1
ExposeGlobal: 0
============================================================
+ Verbose Summary: CDFG Model
============================================================
IsTopModel: 1
ResetActiveHigh: 1
IsCombinational: 0
IsDatapathOnly: 0
HasWiredReturn: 1
HasMFsm: 0
HasVarLatency: 1
IsPipeline: 0
IsRtlPipelined: 0
IsInstanceOverlapped: 0
IsDontTouch: 0
HasImplIP: 0
IsGatedGlobalClock: 0


============================================================
+ Verbose Summary: Schedule
============================================================
* Number of FSM states : 2
* Pipeline : 0
* Dataflow Pipeline: 0

* FSM state transitions: 
1 --> 2 
2 --> 

* FSM state operations: 

State 1 <SV = 0> <Delay = 1.13>
ST_1 : Operation 3 [1/1] (0.00ns)   --->   "%operation_read = read i8 @_ssdm_op_Read.ap_auto.i8, i8 %operation" [/home/lab_726/boom/hls_boom/src/boom_core_merged.cpp:3106]   --->   Operation 3 'read' 'operation_read' <Predicate = true> <Delay = 0.00>
ST_1 : Operation 4 [1/1] (0.84ns)   --->   "%icmp_ln1635 = icmp_eq  i8 %operation_read, i8 4" [/home/lab_726/boom/hls_boom/src/boom_core_merged.cpp:1635]   --->   Operation 4 'icmp' 'icmp_ln1635' <Predicate = true> <Delay = 0.84> <CoreInst = "Cmp">   --->   Core 9 'Cmp' <Latency = 0> <II = 1> <Delay = 0.84> <FuncUnit> <Opcode : 'icmp'> <InPorts = 2> <OutPorts = 1>
ST_1 : Operation 5 [1/1] (0.84ns)   --->   "%icmp_ln1635_1 = icmp_eq  i8 %operation_read, i8 3" [/home/lab_726/boom/hls_boom/src/boom_core_merged.cpp:1635]   --->   Operation 5 'icmp' 'icmp_ln1635_1' <Predicate = true> <Delay = 0.84> <CoreInst = "Cmp">   --->   Core 9 'Cmp' <Latency = 0> <II = 1> <Delay = 0.84> <FuncUnit> <Opcode : 'icmp'> <InPorts = 2> <OutPorts = 1>
ST_1 : Operation 6 [1/1] (0.84ns)   --->   "%icmp_ln1635_2 = icmp_eq  i8 %operation_read, i8 2" [/home/lab_726/boom/hls_boom/src/boom_core_merged.cpp:1635]   --->   Operation 6 'icmp' 'icmp_ln1635_2' <Predicate = true> <Delay = 0.84> <CoreInst = "Cmp">   --->   Core 9 'Cmp' <Latency = 0> <II = 1> <Delay = 0.84> <FuncUnit> <Opcode : 'icmp'> <InPorts = 2> <OutPorts = 1>
ST_1 : Operation 7 [1/1] (0.84ns)   --->   "%icmp_ln1635_3 = icmp_eq  i8 %operation_read, i8 1" [/home/lab_726/boom/hls_boom/src/boom_core_merged.cpp:1635]   --->   Operation 7 'icmp' 'icmp_ln1635_3' <Predicate = true> <Delay = 0.84> <CoreInst = "Cmp">   --->   Core 9 'Cmp' <Latency = 0> <II = 1> <Delay = 0.84> <FuncUnit> <Opcode : 'icmp'> <InPorts = 2> <OutPorts = 1>
ST_1 : Operation 8 [1/1] (0.84ns)   --->   "%icmp_ln1635_4 = icmp_eq  i8 %operation_read, i8 0" [/home/lab_726/boom/hls_boom/src/boom_core_merged.cpp:1635]   --->   Operation 8 'icmp' 'icmp_ln1635_4' <Predicate = true> <Delay = 0.84> <CoreInst = "Cmp">   --->   Core 9 'Cmp' <Latency = 0> <II = 1> <Delay = 0.84> <FuncUnit> <Opcode : 'icmp'> <InPorts = 2> <OutPorts = 1>
ST_1 : Operation 9 [1/1] (0.00ns) (grouped into LUT with out node response_valid)   --->   "%or_ln1635 = or i1 %icmp_ln1635_1, i1 %icmp_ln1635" [/home/lab_726/boom/hls_boom/src/boom_core_merged.cpp:1635]   --->   Operation 9 'or' 'or_ln1635' <Predicate = true> <Delay = 0.00> <CoreInst = "LogicGate">   --->   Core 74 'LogicGate' <Latency = 0> <II = 1> <Delay = 0.28> <FuncUnit> <Opcode : 'and' 'or' 'xor'> <InPorts = 2> <OutPorts = 1>
ST_1 : Operation 10 [1/1] (0.00ns) (grouped into LUT with out node response_valid)   --->   "%or_ln1635_1 = or i1 %icmp_ln1635_3, i1 %icmp_ln1635_4" [/home/lab_726/boom/hls_boom/src/boom_core_merged.cpp:1635]   --->   Operation 10 'or' 'or_ln1635_1' <Predicate = true> <Delay = 0.00> <CoreInst = "LogicGate">   --->   Core 74 'LogicGate' <Latency = 0> <II = 1> <Delay = 0.28> <FuncUnit> <Opcode : 'and' 'or' 'xor'> <InPorts = 2> <OutPorts = 1>
ST_1 : Operation 11 [1/1] (0.00ns) (grouped into LUT with out node response_valid)   --->   "%or_ln1635_2 = or i1 %or_ln1635_1, i1 %icmp_ln1635_2" [/home/lab_726/boom/hls_boom/src/boom_core_merged.cpp:1635]   --->   Operation 11 'or' 'or_ln1635_2' <Predicate = true> <Delay = 0.00> <CoreInst = "LogicGate">   --->   Core 74 'LogicGate' <Latency = 0> <II = 1> <Delay = 0.28> <FuncUnit> <Opcode : 'and' 'or' 'xor'> <InPorts = 2> <OutPorts = 1>
ST_1 : Operation 12 [1/1] (0.28ns) (out node of the LUT)   --->   "%response_valid = or i1 %or_ln1635_2, i1 %or_ln1635" [/home/lab_726/boom/hls_boom/src/boom_core_merged.cpp:1635]   --->   Operation 12 'or' 'response_valid' <Predicate = true> <Delay = 0.28> <CoreInst = "LogicGate">   --->   Core 74 'LogicGate' <Latency = 0> <II = 1> <Delay = 0.28> <FuncUnit> <Opcode : 'and' 'or' 'xor'> <InPorts = 2> <OutPorts = 1>
ST_1 : Operation 13 [1/1] (0.00ns)   --->   "%write_ln3115 = write void @_ssdm_op_Write.ap_auto.i1P0A, i1 %valid, i1 %response_valid" [/home/lab_726/boom/hls_boom/src/boom_core_merged.cpp:3115]   --->   Operation 13 'write' 'write_ln3115' <Predicate = true> <Delay = 0.00>

State 2 <SV = 1> <Delay = 6.46>
ST_2 : Operation 14 [1/1] (0.00ns)   --->   "%spectopmodule_ln0 = spectopmodule void @_ssdm_op_SpecTopModule, void @empty_1"   --->   Operation 14 'spectopmodule' 'spectopmodule_ln0' <Predicate = true> <Delay = 0.00>
ST_2 : Operation 15 [1/1] (0.00ns)   --->   "%specbitsmap_ln0 = specbitsmap void @_ssdm_op_SpecBitsMap, i8 %operation"   --->   Operation 15 'specbitsmap' 'specbitsmap_ln0' <Predicate = true> <Delay = 0.00>
ST_2 : Operation 16 [1/1] (0.00ns)   --->   "%specinterface_ln0 = specinterface void @_ssdm_op_SpecInterface, i8 %operation, void @empty, i32 0, i32 0, void @empty_0, i32 0, i32 0, void @empty_0, void @empty_0, void @empty_0, i32 0, i32 0, i32 0, i32 0, void @empty_0, void @empty_0"   --->   Operation 16 'specinterface' 'specinterface_ln0' <Predicate = true> <Delay = 0.00>
ST_2 : Operation 17 [1/1] (0.00ns)   --->   "%specbitsmap_ln0 = specbitsmap void @_ssdm_op_SpecBitsMap, i64 %lhs"   --->   Operation 17 'specbitsmap' 'specbitsmap_ln0' <Predicate = true> <Delay = 0.00>
ST_2 : Operation 18 [1/1] (0.00ns)   --->   "%specinterface_ln0 = specinterface void @_ssdm_op_SpecInterface, i64 %lhs, void @empty, i32 0, i32 0, void @empty_0, i32 0, i32 0, void @empty_0, void @empty_0, void @empty_0, i32 0, i32 0, i32 0, i32 0, void @empty_0, void @empty_0"   --->   Operation 18 'specinterface' 'specinterface_ln0' <Predicate = true> <Delay = 0.00>
ST_2 : Operation 19 [1/1] (0.00ns)   --->   "%specbitsmap_ln0 = specbitsmap void @_ssdm_op_SpecBitsMap, i64 %rhs"   --->   Operation 19 'specbitsmap' 'specbitsmap_ln0' <Predicate = true> <Delay = 0.00>
ST_2 : Operation 20 [1/1] (0.00ns)   --->   "%specinterface_ln0 = specinterface void @_ssdm_op_SpecInterface, i64 %rhs, void @empty, i32 0, i32 0, void @empty_0, i32 0, i32 0, void @empty_0, void @empty_0, void @empty_0, i32 0, i32 0, i32 0, i32 0, void @empty_0, void @empty_0"   --->   Operation 20 'specinterface' 'specinterface_ln0' <Predicate = true> <Delay = 0.00>
ST_2 : Operation 21 [1/1] (0.00ns)   --->   "%specbitsmap_ln0 = specbitsmap void @_ssdm_op_SpecBitsMap, i64 %result"   --->   Operation 21 'specbitsmap' 'specbitsmap_ln0' <Predicate = true> <Delay = 0.00>
ST_2 : Operation 22 [1/1] (0.00ns)   --->   "%specinterface_ln0 = specinterface void @_ssdm_op_SpecInterface, i64 %result, void @empty, i32 0, i32 0, void @empty_0, i32 0, i32 0, void @empty_0, void @empty_0, void @empty_0, i32 0, i32 0, i32 0, i32 0, void @empty_0, void @empty_0"   --->   Operation 22 'specinterface' 'specinterface_ln0' <Predicate = true> <Delay = 0.00>
ST_2 : Operation 23 [1/1] (0.00ns)   --->   "%specbitsmap_ln0 = specbitsmap void @_ssdm_op_SpecBitsMap, i1 %valid"   --->   Operation 23 'specbitsmap' 'specbitsmap_ln0' <Predicate = true> <Delay = 0.00>
ST_2 : Operation 24 [1/1] (0.00ns)   --->   "%specinterface_ln0 = specinterface void @_ssdm_op_SpecInterface, i1 %valid, void @empty, i32 0, i32 0, void @empty_0, i32 0, i32 0, void @empty_0, void @empty_0, void @empty_0, i32 0, i32 0, i32 0, i32 0, void @empty_0, void @empty_0"   --->   Operation 24 'specinterface' 'specinterface_ln0' <Predicate = true> <Delay = 0.00>
ST_2 : Operation 25 [1/1] (0.00ns)   --->   "%rhs_read = read i64 @_ssdm_op_Read.ap_auto.i64, i64 %rhs" [/home/lab_726/boom/hls_boom/src/boom_core_merged.cpp:3106]   --->   Operation 25 'read' 'rhs_read' <Predicate = true> <Delay = 0.00>
ST_2 : Operation 26 [1/1] (0.00ns)   --->   "%lhs_read = read i64 @_ssdm_op_Read.ap_auto.i64, i64 %lhs" [/home/lab_726/boom/hls_boom/src/boom_core_merged.cpp:3106]   --->   Operation 26 'read' 'lhs_read' <Predicate = true> <Delay = 0.00>
ST_2 : Operation 27 [1/1] (0.00ns)   --->   "%zext_ln232 = zext i64 %lhs_read"   --->   Operation 27 'zext' 'zext_ln232' <Predicate = true> <Delay = 0.00>
ST_2 : Operation 28 [1/1] (0.00ns)   --->   "%zext_ln232_1 = zext i64 %rhs_read"   --->   Operation 28 'zext' 'zext_ln232_1' <Predicate = true> <Delay = 0.00>
ST_2 : Operation 29 [1/1] (4.53ns)   --->   "%ret = mul i128 %zext_ln232_1, i128 %zext_ln232"   --->   Operation 29 'mul' 'ret' <Predicate = true> <Delay = 4.53> <CoreInst = "Multiplier">   --->   Core 3 'Multiplier' <Latency = 0> <II = 1> <Delay = 3.42> <FuncUnit> <Opcode : 'mul'> <InPorts = 2> <OutPorts = 1>
ST_2 : Operation 30 [1/1] (0.00ns) (grouped into LUT with out node response_result_9)   --->   "%response_result = trunc i128 %ret"   --->   Operation 30 'trunc' 'response_result' <Predicate = (icmp_ln1635_4)> <Delay = 0.00>
ST_2 : Operation 31 [1/1] (0.00ns)   --->   "%sext_ln70 = sext i64 %lhs_read"   --->   Operation 31 'sext' 'sext_ln70' <Predicate = (icmp_ln1635_3 & !icmp_ln1635_4)> <Delay = 0.00>
ST_2 : Operation 32 [1/1] (0.00ns)   --->   "%sext_ln70_1 = sext i64 %rhs_read"   --->   Operation 32 'sext' 'sext_ln70_1' <Predicate = (icmp_ln1635_3 & !icmp_ln1635_4)> <Delay = 0.00>
ST_2 : Operation 33 [1/1] (4.53ns)   --->   "%product = mul i128 %sext_ln70_1, i128 %sext_ln70"   --->   Operation 33 'mul' 'product' <Predicate = (icmp_ln1635_3 & !icmp_ln1635_4)> <Delay = 4.53> <CoreInst = "Multiplier">   --->   Core 3 'Multiplier' <Latency = 0> <II = 1> <Delay = 3.42> <FuncUnit> <Opcode : 'mul'> <InPorts = 2> <OutPorts = 1>
ST_2 : Operation 34 [1/1] (0.00ns) (grouped into LUT with out node response_result_9)   --->   "%response_result_1 = partselect i64 @_ssdm_op_PartSelect.i64.i128.i32.i32, i128 %product, i32 64, i32 127"   --->   Operation 34 'partselect' 'response_result_1' <Predicate = (icmp_ln1635_3 & !icmp_ln1635_4)> <Delay = 0.00>
ST_2 : Operation 35 [1/1] (0.00ns)   --->   "%high = partselect i64 @_ssdm_op_PartSelect.i64.i128.i32.i32, i128 %ret, i32 64, i32 127"   --->   Operation 35 'partselect' 'high' <Predicate = (!icmp_ln1635_3 & !icmp_ln1635_4)> <Delay = 0.00>
ST_2 : Operation 36 [1/1] (0.00ns) (grouped into LUT with out node response_result_7)   --->   "%tmp = bitselect i1 @_ssdm_op_BitSelect.i1.i64.i32, i64 %lhs_read, i32 63" [/home/lab_726/boom/hls_boom/src/boom_core_merged.cpp:1650]   --->   Operation 36 'bitselect' 'tmp' <Predicate = (icmp_ln1635_2 & !icmp_ln1635_3 & !icmp_ln1635_4)> <Delay = 0.00>
ST_2 : Operation 37 [1/1] (1.08ns)   --->   "%high_1 = sub i64 %high, i64 %rhs_read" [/home/lab_726/boom/hls_boom/src/boom_core_merged.cpp:1650]   --->   Operation 37 'sub' 'high_1' <Predicate = (icmp_ln1635_2 & !icmp_ln1635_3 & !icmp_ln1635_4)> <Delay = 1.08> <CoreInst = "Adder">   --->   Core 1 'Adder' <Latency = 0> <II = 1> <Delay = 1.08> <FuncUnit> <Opcode : 'add' 'sub'> <InPorts = 2> <OutPorts = 1>
ST_2 : Operation 38 [1/1] (0.00ns) (grouped into LUT with out node response_result_7)   --->   "%high_3 = select i1 %tmp, i64 %high_1, i64 %high" [/home/lab_726/boom/hls_boom/src/boom_core_merged.cpp:1650]   --->   Operation 38 'select' 'high_3' <Predicate = (icmp_ln1635_2 & !icmp_ln1635_3 & !icmp_ln1635_4)> <Delay = 0.00> <CoreInst = "Sel">   --->   Core 73 'Sel' <Latency = 0> <II = 1> <Delay = 0.42> <FuncUnit> <Opcode : 'select'> <InPorts = 3> <OutPorts = 1>
ST_2 : Operation 39 [1/1] (0.00ns)   --->   "%lhs_word = trunc i64 %lhs_read"   --->   Operation 39 'trunc' 'lhs_word' <Predicate = (icmp_ln1635 & !icmp_ln1635_1 & !icmp_ln1635_2 & !icmp_ln1635_3 & !icmp_ln1635_4)> <Delay = 0.00>
ST_2 : Operation 40 [1/1] (0.00ns)   --->   "%rhs_word = trunc i64 %rhs_read"   --->   Operation 40 'trunc' 'rhs_word' <Predicate = (icmp_ln1635 & !icmp_ln1635_1 & !icmp_ln1635_2 & !icmp_ln1635_3 & !icmp_ln1635_4)> <Delay = 0.00>
ST_2 : Operation 41 [1/1] (3.42ns)   --->   "%ret_1 = mul i32 %rhs_word, i32 %lhs_word"   --->   Operation 41 'mul' 'ret_1' <Predicate = (icmp_ln1635 & !icmp_ln1635_1 & !icmp_ln1635_2 & !icmp_ln1635_3 & !icmp_ln1635_4)> <Delay = 3.42> <CoreInst = "Multiplier">   --->   Core 3 'Multiplier' <Latency = 0> <II = 1> <Delay = 3.42> <FuncUnit> <Opcode : 'mul'> <InPorts = 2> <OutPorts = 1>
ST_2 : Operation 42 [1/1] (0.00ns) (grouped into LUT with out node response_result_6)   --->   "%response_result_5 = select i1 %icmp_ln1635, i32 %ret_1, i32 0" [/home/lab_726/boom/hls_boom/src/boom_core_merged.cpp:1635]   --->   Operation 42 'select' 'response_result_5' <Predicate = (!icmp_ln1635_1 & !icmp_ln1635_2 & !icmp_ln1635_3 & !icmp_ln1635_4)> <Delay = 0.00> <CoreInst = "Sel">   --->   Core 73 'Sel' <Latency = 0> <II = 1> <Delay = 0.42> <FuncUnit> <Opcode : 'select'> <InPorts = 3> <OutPorts = 1>
ST_2 : Operation 43 [1/1] (0.00ns) (grouped into LUT with out node response_result_6)   --->   "%sext_ln3113 = sext i32 %response_result_5" [/home/lab_726/boom/hls_boom/src/boom_core_merged.cpp:3113]   --->   Operation 43 'sext' 'sext_ln3113' <Predicate = (!icmp_ln1635_1 & !icmp_ln1635_2 & !icmp_ln1635_3 & !icmp_ln1635_4)> <Delay = 0.00>
ST_2 : Operation 44 [1/1] (0.44ns) (out node of the LUT)   --->   "%response_result_6 = select i1 %icmp_ln1635_1, i64 %high, i64 %sext_ln3113" [/home/lab_726/boom/hls_boom/src/boom_core_merged.cpp:1635]   --->   Operation 44 'select' 'response_result_6' <Predicate = (!icmp_ln1635_2 & !icmp_ln1635_3 & !icmp_ln1635_4)> <Delay = 0.44> <CoreInst = "Sel">   --->   Core 73 'Sel' <Latency = 0> <II = 1> <Delay = 0.42> <FuncUnit> <Opcode : 'select'> <InPorts = 3> <OutPorts = 1>
ST_2 : Operation 45 [1/1] (0.42ns) (out node of the LUT)   --->   "%response_result_7 = select i1 %icmp_ln1635_2, i64 %high_3, i64 %response_result_6" [/home/lab_726/boom/hls_boom/src/boom_core_merged.cpp:1635]   --->   Operation 45 'select' 'response_result_7' <Predicate = (!icmp_ln1635_3 & !icmp_ln1635_4)> <Delay = 0.42> <CoreInst = "Sel">   --->   Core 73 'Sel' <Latency = 0> <II = 1> <Delay = 0.42> <FuncUnit> <Opcode : 'select'> <InPorts = 3> <OutPorts = 1>
ST_2 : Operation 46 [1/1] (0.00ns) (grouped into LUT with out node response_result_9)   --->   "%response_result_8 = select i1 %icmp_ln1635_3, i64 %response_result_1, i64 %response_result_7" [/home/lab_726/boom/hls_boom/src/boom_core_merged.cpp:1635]   --->   Operation 46 'select' 'response_result_8' <Predicate = (!icmp_ln1635_4)> <Delay = 0.00> <CoreInst = "Sel">   --->   Core 73 'Sel' <Latency = 0> <II = 1> <Delay = 0.42> <FuncUnit> <Opcode : 'select'> <InPorts = 3> <OutPorts = 1>
ST_2 : Operation 47 [1/1] (0.42ns) (out node of the LUT)   --->   "%response_result_9 = select i1 %icmp_ln1635_4, i64 %response_result, i64 %response_result_8" [/home/lab_726/boom/hls_boom/src/boom_core_merged.cpp:1635]   --->   Operation 47 'select' 'response_result_9' <Predicate = true> <Delay = 0.42> <CoreInst = "Sel">   --->   Core 73 'Sel' <Latency = 0> <II = 1> <Delay = 0.42> <FuncUnit> <Opcode : 'select'> <InPorts = 3> <OutPorts = 1>
ST_2 : Operation 48 [1/1] (0.00ns)   --->   "%write_ln3114 = write void @_ssdm_op_Write.ap_auto.i64P0A, i64 %result, i64 %response_result_9" [/home/lab_726/boom/hls_boom/src/boom_core_merged.cpp:3114]   --->   Operation 48 'write' 'write_ln3114' <Predicate = true> <Delay = 0.00>
ST_2 : Operation 49 [1/1] (0.00ns)   --->   "%ret_ln3116 = ret" [/home/lab_726/boom/hls_boom/src/boom_core_merged.cpp:3116]   --->   Operation 49 'ret' 'ret_ln3116' <Predicate = true> <Delay = 0.00>


============================================================
+ Verbose Summary: Timing violations
============================================================
Target clock period: 10ns, clock uncertainty: 2.7ns.

 <State 1>: 1.14ns
The critical path consists of the following:
	wire read operation ('operation', /home/lab_726/boom/hls_boom/src/boom_core_merged.cpp:3106) on port 'operation' (/home/lab_726/boom/hls_boom/src/boom_core_merged.cpp:3106) [19]  (0 ns)
	'icmp' operation ('icmp_ln1635', /home/lab_726/boom/hls_boom/src/boom_core_merged.cpp:1635) [35]  (0.849 ns)
	'or' operation ('or_ln1635', /home/lab_726/boom/hls_boom/src/boom_core_merged.cpp:1635) [40]  (0 ns)
	'or' operation ('response.valid', /home/lab_726/boom/hls_boom/src/boom_core_merged.cpp:1635) [43]  (0.287 ns)

 <State 2>: 6.46ns
The critical path consists of the following:
	wire read operation ('rhs', /home/lab_726/boom/hls_boom/src/boom_core_merged.cpp:3106) on port 'rhs' (/home/lab_726/boom/hls_boom/src/boom_core_merged.cpp:3106) [17]  (0 ns)
	'mul' operation ('ret') [22]  (4.53 ns)
	'sub' operation ('high', /home/lab_726/boom/hls_boom/src/boom_core_merged.cpp:1650) [30]  (1.08 ns)
	'select' operation ('high', /home/lab_726/boom/hls_boom/src/boom_core_merged.cpp:1650) [31]  (0 ns)
	'select' operation ('response.result', /home/lab_726/boom/hls_boom/src/boom_core_merged.cpp:1635) [47]  (0.424 ns)
	'select' operation ('response.result', /home/lab_726/boom/hls_boom/src/boom_core_merged.cpp:1635) [48]  (0 ns)
	'select' operation ('response.result', /home/lab_726/boom/hls_boom/src/boom_core_merged.cpp:1635) [49]  (0.424 ns)


============================================================
+ Verbose Summary: Binding
============================================================
N/A
* FSMD analyzer results:
  - Output states:
 - Input state : 
  - Chain level:
	State 1
	State 2


============================================================
+ Verbose Summary: Datapath Resource usage 
============================================================
N/A
