#-----------------------------------------------------------
# xsim v2021.2 (64-bit)
# SW Build 3367213 on Tue Oct 19 02:47:39 MDT 2021
# IP Build 3369179 on Thu Oct 21 08:25:16 MDT 2021
# Start of session at: Wed Aug  5 16:22:57 2026
# Process ID: 29468
# Current directory: /home/lab_726/boom/hls_boom/build/gate4_1/m3b_full_core_rtl/xsim
# Command line: xsim -log /home/lab_726/boom/hls_boom/reports/gate4_1/m3/m3b/full_core_rtl/logs/divide_branch_kill.log -mode tcl -source {xsim.dir/gate3_9_snapshot/xsim_script.tcl}
# Log file: /home/lab_726/boom/hls_boom/reports/gate4_1/m3/m3b/full_core_rtl/logs/divide_branch_kill.log
# Journal file: /home/lab_726/boom/hls_boom/build/gate4_1/m3b_full_core_rtl/xsim/xsim.jou
# Running On: 726, OS: Linux, CPU Frequency: 800.600 MHz, CPU Physical cores: 14, Host memory: 67148 MB
#-----------------------------------------------------------
source xsim.dir/gate3_9_snapshot/xsim_script.tcl
# xsim {gate3_9_snapshot} -testplusarg PROGRAM=/home/lab_726/boom/hls_boom/build/gate4_1/m3b_full_core_rtl/xsim/divide_branch_kill.readmemh -testplusarg PROGRAM_NAME=divide_branch_kill -testplusarg SCENARIO=N0_NORMAL_INDEPENDENT_ALU -testplusarg MAX_CYCLES=1000000 -testplusarg TRACE=/home/lab_726/boom/hls_boom/reports/gate4_1/m3/m3b/full_core_rtl/traces/divide_branch_kill.jsonl -autoloadwcfg -runall -onerror quit
Time resolution is 1 ps
run -all
GATE3_8_IMEM program=/home/lab_726/boom/hls_boom/build/gate4_1/m3b_full_core_rtl/xsim/divide_branch_kill.readmemh
GATE3_8_START scenario=N0_NORMAL_INDEPENDENT_ALU code=0 program=divide_branch_kill max_cycles=1000000
GATE3_8_PASS scenario=N0_NORMAL_INDEPENDENT_ALU cycles=83884 commits=16 resets=1 imem=45 dmem=2 loads=1 stores=1 tohost=0000000000000001
$finish called at time : 838885 ns : File "/home/lab_726/boom/hls_boom/rtl_tb/boom_core_rtl_tb.sv" Line 282
run: Time (s): cpu = 00:00:00.37 ; elapsed = 00:00:08 . Memory (MB): peak = 2685.672 ; gain = 0.000 ; free physical = 26694 ; free virtual = 58307
exit
INFO: [Common 17-206] Exiting xsim at Wed Aug  5 16:23:09 2026...
