#-----------------------------------------------------------
# xsim v2021.2 (64-bit)
# SW Build 3367213 on Tue Oct 19 02:47:39 MDT 2021
# IP Build 3369179 on Thu Oct 21 08:25:16 MDT 2021
# Start of session at: Fri Jul 31 19:14:05 2026
# Process ID: 54794
# Current directory: /home/lab_726/boom/hls_boom/reports/gate4_0/w3/focused_rtl_work/xsim
# Command line: xsim -log /home/lab_726/boom/hls_boom/reports/gate4_0/w3/focused_rtl_work/report_stage/logs/load_response_int_conflict.log -mode tcl -source {xsim.dir/w3_dual_execute_snapshot/xsim_script.tcl}
# Log file: /home/lab_726/boom/hls_boom/reports/gate4_0/w3/focused_rtl_work/report_stage/logs/load_response_int_conflict.log
# Journal file: /home/lab_726/boom/hls_boom/reports/gate4_0/w3/focused_rtl_work/xsim/xsim.jou
# Running On: 726, OS: Linux, CPU Frequency: 4894.907 MHz, CPU Physical cores: 14, Host memory: 67148 MB
#-----------------------------------------------------------
source xsim.dir/w3_dual_execute_snapshot/xsim_script.tcl
# xsim {w3_dual_execute_snapshot} -testplusarg SCENARIO=6 -testplusarg EXPECT=003e000000d00002 -autoloadwcfg -runall -onerror quit
Time resolution is 1 ps
run -all
W3_RTL_PASS scenario=6 expected=003e000000d00002 observed=003e000000d00002
$finish called at time : 4565 ns : File "/home/lab_726/boom/hls_boom/rtl_tb/gate4_0/w3_dual_execute_tb.sv" Line 134
exit
INFO: [Common 17-206] Exiting xsim at Fri Jul 31 19:14:09 2026...
