#-----------------------------------------------------------
# xsim v2021.2 (64-bit)
# SW Build 3367213 on Tue Oct 19 02:47:39 MDT 2021
# IP Build 3369179 on Thu Oct 21 08:25:16 MDT 2021
# Start of session at: Fri Jul 31 19:14:10 2026
# Process ID: 54844
# Current directory: /home/lab_726/boom/hls_boom/reports/gate4_0/w3/focused_rtl_work/xsim
# Command line: xsim -log /home/lab_726/boom/hls_boom/reports/gate4_0/w3/focused_rtl_work/report_stage/logs/trace_backpressure.log -mode tcl -source {xsim.dir/w3_dual_execute_snapshot/xsim_script.tcl}
# Log file: /home/lab_726/boom/hls_boom/reports/gate4_0/w3/focused_rtl_work/report_stage/logs/trace_backpressure.log
# Journal file: /home/lab_726/boom/hls_boom/reports/gate4_0/w3/focused_rtl_work/xsim/xsim.jou
# Running On: 726, OS: Linux, CPU Frequency: 5300.000 MHz, CPU Physical cores: 14, Host memory: 67148 MB
#-----------------------------------------------------------
source xsim.dir/w3_dual_execute_snapshot/xsim_script.tcl
# xsim {w3_dual_execute_snapshot} -testplusarg SCENARIO=7 -testplusarg EXPECT=000000000a100000 -autoloadwcfg -runall -onerror quit
Time resolution is 1 ps
run -all
W3_RTL_PASS scenario=7 expected=000000000a100000 observed=000000000a100000
$finish called at time : 4415 ns : File "/home/lab_726/boom/hls_boom/rtl_tb/gate4_0/w3_dual_execute_tb.sv" Line 134
exit
INFO: [Common 17-206] Exiting xsim at Fri Jul 31 19:14:14 2026...
