

================================================================
== Vitis HLS Report for 'execute_module'
================================================================
* Date:           Fri Jul 31 19:21:10 2026

* Version:        2021.2 (Build 3367213 on Tue Oct 19 02:47:39 MDT 2021)
* Project:        synth_execute_top
* Solution:       solution_w3_csynth (Vivado IP Flow Target)
* Product family: zynquplus
* Target device:  xczu7ev-ffvc1156-2-e


================================================================
== Performance Estimates
================================================================
+ Timing: 
    * Summary: 
    +--------+----------+----------+------------+
    |  Clock |  Target  | Estimated| Uncertainty|
    +--------+----------+----------+------------+
    |ap_clk  |  10.00 ns|  5.081 ns|     2.70 ns|
    +--------+----------+----------+------------+

+ Latency: 
    * Summary: 
    +---------+---------+-----------+-----------+-----+-----+---------+
    |  Latency (cycles) |   Latency (absolute)  |  Interval | Pipeline|
    |   min   |   max   |    min    |    max    | min | max |   Type  |
    +---------+---------+-----------+-----------+-----+-----+---------+
    |        4|        4|  40.000 ns|  40.000 ns|    4|    4|       no|
    +---------+---------+-----------+-----------+-----+-----+---------+

    + Detail: 
        * Instance: 
        N/A

        * Loop: 
        +--------------------+---------+---------+----------+-----------+-----------+------+----------+
        |                    |  Latency (cycles) | Iteration|  Initiation Interval  | Trip |          |
        |      Loop Name     |   min   |   max   |  Latency |  achieved |   target  | Count| Pipelined|
        +--------------------+---------+---------+----------+-----------+-----------+------+----------+
        |- VITIS_LOOP_740_1  |        2|        2|         1|          -|          -|     2|        no|
        +--------------------+---------+---------+----------+-----------+-----------+------+----------+

============================================================
+ Verbose Summary: Synthesis Manager
============================================================
InlineROM: 1
ExposeGlobal: 0
============================================================
+ Verbose Summary: CDFG Model
============================================================
IsTopModel: 0
ResetActiveHigh: 1
IsCombinational: 0
IsDatapathOnly: 0
HasWiredReturn: 1
HasMFsm: 0
HasVarLatency: 1
IsPipeline: 0
IsRtlPipelined: 0
IsInstanceOverlapped: 0
IsDontTouch: 0
HasImplIP: 0
IsGatedGlobalClock: 0


============================================================
+ Verbose Summary: Schedule
============================================================
* Number of FSM states : 3
* Pipeline : 0
* Dataflow Pipeline: 0

* FSM state transitions: 
1 --> 2 
2 --> 3 
3 --> 3 

* FSM state operations: 

State 1 <SV = 0> <Delay = 1.23>
ST_1 : Operation 4 [1/1] (0.00ns)   --->   "%i = alloca i32 1"   --->   Operation 4 'alloca' 'i' <Predicate = true> <Delay = 0.00>
ST_1 : Operation 5 [1/1] (0.00ns)   --->   "%state_issue_issued_uops_rename_prs1_1_load = load i1 %state_issue_issued_uops_rename_prs1_1" [/home/lab_726/boom/hls_boom/src/boom_core_merged.cpp:748]   --->   Operation 5 'load' 'state_issue_issued_uops_rename_prs1_1_load' <Predicate = true> <Delay = 0.00>
ST_1 : Operation 6 [1/1] (0.00ns)   --->   "%state_issue_issued_uops_rename_prs2_1_load = load i2 %state_issue_issued_uops_rename_prs2_1" [/home/lab_726/boom/hls_boom/src/boom_core_merged.cpp:749]   --->   Operation 6 'load' 'state_issue_issued_uops_rename_prs2_1_load' <Predicate = true> <Delay = 0.00>
ST_1 : Operation 7 [1/1] (0.00ns)   --->   "%zext_ln748 = zext i1 %state_issue_issued_uops_rename_prs1_1_load" [/home/lab_726/boom/hls_boom/src/boom_core_merged.cpp:748]   --->   Operation 7 'zext' 'zext_ln748' <Predicate = true> <Delay = 0.00>
ST_1 : Operation 8 [1/1] (0.00ns)   --->   "%state_int_rf_addr = getelementptr i64 %state_int_rf, i64 0, i64 %zext_ln748" [/home/lab_726/boom/hls_boom/src/boom_core_merged.cpp:748]   --->   Operation 8 'getelementptr' 'state_int_rf_addr' <Predicate = true> <Delay = 0.00>
ST_1 : Operation 9 [2/2] (1.23ns)   --->   "%state_int_rf_load = load i6 %state_int_rf_addr" [/home/lab_726/boom/hls_boom/src/boom_core_merged.cpp:748]   --->   Operation 9 'load' 'state_int_rf_load' <Predicate = true> <Delay = 1.23> <CoreInst = "RAM">   --->   Core 83 'RAM' <Latency = 1> <II = 1> <Delay = 1.23> <Storage> <Opcode : 'load' 'store'> <Ports = 2> <Width = 64> <Depth = 52> <RAM>
ST_1 : Operation 10 [1/1] (0.44ns)   --->   "%icmp_ln749 = icmp_eq  i2 %state_issue_issued_uops_rename_prs2_1_load, i2 0" [/home/lab_726/boom/hls_boom/src/boom_core_merged.cpp:749]   --->   Operation 10 'icmp' 'icmp_ln749' <Predicate = true> <Delay = 0.44> <CoreInst = "Cmp">   --->   Core 9 'Cmp' <Latency = 0> <II = 1> <Delay = 0.44> <FuncUnit> <Opcode : 'icmp'> <InPorts = 2> <OutPorts = 1>
ST_1 : Operation 11 [1/1] (0.00ns)   --->   "%zext_ln749 = zext i2 %state_issue_issued_uops_rename_prs2_1_load" [/home/lab_726/boom/hls_boom/src/boom_core_merged.cpp:749]   --->   Operation 11 'zext' 'zext_ln749' <Predicate = true> <Delay = 0.00>
ST_1 : Operation 12 [1/1] (0.00ns)   --->   "%state_int_rf_addr_1 = getelementptr i64 %state_int_rf, i64 0, i64 %zext_ln749" [/home/lab_726/boom/hls_boom/src/boom_core_merged.cpp:749]   --->   Operation 12 'getelementptr' 'state_int_rf_addr_1' <Predicate = true> <Delay = 0.00>
ST_1 : Operation 13 [2/2] (1.23ns)   --->   "%state_int_rf_load_1 = load i6 %state_int_rf_addr_1" [/home/lab_726/boom/hls_boom/src/boom_core_merged.cpp:749]   --->   Operation 13 'load' 'state_int_rf_load_1' <Predicate = true> <Delay = 1.23> <CoreInst = "RAM">   --->   Core 83 'RAM' <Latency = 1> <II = 1> <Delay = 1.23> <Storage> <Opcode : 'load' 'store'> <Ports = 2> <Width = 64> <Depth = 52> <RAM>
ST_1 : Operation 14 [1/1] (0.42ns)   --->   "%store_ln740 = store i2 0, i2 %i" [/home/lab_726/boom/hls_boom/src/boom_core_merged.cpp:740]   --->   Operation 14 'store' 'store_ln740' <Predicate = true> <Delay = 0.42>

State 2 <SV = 1> <Delay = 5.08>
ST_2 : Operation 15 [1/1] (0.00ns)   --->   "%state_issue_issued_uops_uopc_1_load = load i8 %state_issue_issued_uops_uopc_1" [/home/lab_726/boom/hls_boom/src/boom_core_merged.cpp:558]   --->   Operation 15 'load' 'state_issue_issued_uops_uopc_1_load' <Predicate = true> <Delay = 0.00>
ST_2 : Operation 16 [1/1] (0.00ns)   --->   "%state_issue_issued_valids_1_load = load i1 %state_issue_issued_valids_1" [/home/lab_726/boom/hls_boom/src/boom_core_merged.cpp:741]   --->   Operation 16 'load' 'state_issue_issued_valids_1_load' <Predicate = true> <Delay = 0.00>
ST_2 : Operation 17 [1/1] (0.00ns)   --->   "%state_issue_issued_uops_iq_type_1_load = load i1 %state_issue_issued_uops_iq_type_1" [/home/lab_726/boom/hls_boom/src/boom_core_merged.cpp:558]   --->   Operation 17 'load' 'state_issue_issued_uops_iq_type_1_load' <Predicate = true> <Delay = 0.00>
ST_2 : Operation 18 [1/1] (0.84ns)   --->   "%icmp_ln563 = icmp_ne  i8 %state_issue_issued_uops_uopc_1_load, i8 0" [/home/lab_726/boom/hls_boom/src/boom_core_merged.cpp:563]   --->   Operation 18 'icmp' 'icmp_ln563' <Predicate = true> <Delay = 0.84> <CoreInst = "Cmp">   --->   Core 9 'Cmp' <Latency = 0> <II = 1> <Delay = 0.44> <FuncUnit> <Opcode : 'icmp'> <InPorts = 2> <OutPorts = 1>
ST_2 : Operation 19 [1/1] (0.84ns)   --->   "%icmp_ln563_1 = icmp_ult  i8 %state_issue_issued_uops_uopc_1_load, i8 14" [/home/lab_726/boom/hls_boom/src/boom_core_merged.cpp:563]   --->   Operation 19 'icmp' 'icmp_ln563_1' <Predicate = true> <Delay = 0.84> <CoreInst = "Cmp">   --->   Core 9 'Cmp' <Latency = 0> <II = 1> <Delay = 0.44> <FuncUnit> <Opcode : 'icmp'> <InPorts = 2> <OutPorts = 1>
ST_2 : Operation 20 [1/1] (0.00ns) (grouped into LUT with out node or_ln563)   --->   "%and_ln563 = and i1 %icmp_ln563, i1 %icmp_ln563_1" [/home/lab_726/boom/hls_boom/src/boom_core_merged.cpp:563]   --->   Operation 20 'and' 'and_ln563' <Predicate = true> <Delay = 0.00> <CoreInst = "LogicGate">   --->   Core 74 'LogicGate' <Latency = 0> <II = 1> <Delay = 0.28> <FuncUnit> <Opcode : 'and' 'or' 'xor'> <InPorts = 2> <OutPorts = 1>
ST_2 : Operation 21 [1/1] (0.84ns)   --->   "%icmp_ln563_2 = icmp_eq  i8 %state_issue_issued_uops_uopc_1_load, i8 15" [/home/lab_726/boom/hls_boom/src/boom_core_merged.cpp:563]   --->   Operation 21 'icmp' 'icmp_ln563_2' <Predicate = true> <Delay = 0.84> <CoreInst = "Cmp">   --->   Core 9 'Cmp' <Latency = 0> <II = 1> <Delay = 0.44> <FuncUnit> <Opcode : 'icmp'> <InPorts = 2> <OutPorts = 1>
ST_2 : Operation 22 [1/1] (0.28ns) (out node of the LUT)   --->   "%or_ln563 = or i1 %and_ln563, i1 %icmp_ln563_2" [/home/lab_726/boom/hls_boom/src/boom_core_merged.cpp:563]   --->   Operation 22 'or' 'or_ln563' <Predicate = true> <Delay = 0.28> <CoreInst = "LogicGate">   --->   Core 74 'LogicGate' <Latency = 0> <II = 1> <Delay = 0.28> <FuncUnit> <Opcode : 'and' 'or' 'xor'> <InPorts = 2> <OutPorts = 1>
ST_2 : Operation 23 [1/2] (1.23ns)   --->   "%state_int_rf_load = load i6 %state_int_rf_addr" [/home/lab_726/boom/hls_boom/src/boom_core_merged.cpp:748]   --->   Operation 23 'load' 'state_int_rf_load' <Predicate = true> <Delay = 1.23> <CoreInst = "RAM">   --->   Core 83 'RAM' <Latency = 1> <II = 1> <Delay = 1.23> <Storage> <Opcode : 'load' 'store'> <Ports = 2> <Width = 64> <Depth = 52> <RAM>
ST_2 : Operation 24 [1/1] (0.42ns)   --->   "%rs1 = select i1 %state_issue_issued_uops_rename_prs1_1_load, i64 %state_int_rf_load, i64 0" [/home/lab_726/boom/hls_boom/src/boom_core_merged.cpp:748]   --->   Operation 24 'select' 'rs1' <Predicate = true> <Delay = 0.42> <CoreInst = "Sel">   --->   Core 73 'Sel' <Latency = 0> <II = 1> <Delay = 0.42> <FuncUnit> <Opcode : 'select'> <InPorts = 3> <OutPorts = 1>
ST_2 : Operation 25 [1/2] (1.23ns)   --->   "%state_int_rf_load_1 = load i6 %state_int_rf_addr_1" [/home/lab_726/boom/hls_boom/src/boom_core_merged.cpp:749]   --->   Operation 25 'load' 'state_int_rf_load_1' <Predicate = true> <Delay = 1.23> <CoreInst = "RAM">   --->   Core 83 'RAM' <Latency = 1> <II = 1> <Delay = 1.23> <Storage> <Opcode : 'load' 'store'> <Ports = 2> <Width = 64> <Depth = 52> <RAM>
ST_2 : Operation 26 [1/1] (0.42ns)   --->   "%rs2 = select i1 %icmp_ln749, i64 0, i64 %state_int_rf_load_1" [/home/lab_726/boom/hls_boom/src/boom_core_merged.cpp:749]   --->   Operation 26 'select' 'rs2' <Predicate = true> <Delay = 0.42> <CoreInst = "Sel">   --->   Core 73 'Sel' <Latency = 0> <II = 1> <Delay = 0.42> <FuncUnit> <Opcode : 'select'> <InPorts = 3> <OutPorts = 1>
ST_2 : Operation 27 [1/1] (0.00ns)   --->   "%trunc_ln749 = trunc i64 %rs2" [/home/lab_726/boom/hls_boom/src/boom_core_merged.cpp:749]   --->   Operation 27 'trunc' 'trunc_ln749' <Predicate = true> <Delay = 0.00>
ST_2 : Operation 28 [1/1] (1.08ns)   --->   "%add_ln762 = add i64 %rs2, i64 %rs1" [/home/lab_726/boom/hls_boom/src/boom_core_merged.cpp:762]   --->   Operation 28 'add' 'add_ln762' <Predicate = true> <Delay = 1.08> <CoreInst = "Adder">   --->   Core 1 'Adder' <Latency = 0> <II = 1> <Delay = 0.54> <FuncUnit> <Opcode : 'add' 'sub'> <InPorts = 2> <OutPorts = 1>
ST_2 : Operation 29 [1/1] (1.08ns)   --->   "%sub_ln763 = sub i64 %rs1, i64 %rs2" [/home/lab_726/boom/hls_boom/src/boom_core_merged.cpp:763]   --->   Operation 29 'sub' 'sub_ln763' <Predicate = true> <Delay = 1.08> <CoreInst = "Adder">   --->   Core 1 'Adder' <Latency = 0> <II = 1> <Delay = 0.54> <FuncUnit> <Opcode : 'add' 'sub'> <InPorts = 2> <OutPorts = 1>
ST_2 : Operation 30 [1/1] (0.00ns)   --->   "%zext_ln764 = zext i6 %trunc_ln749" [/home/lab_726/boom/hls_boom/src/boom_core_merged.cpp:764]   --->   Operation 30 'zext' 'zext_ln764' <Predicate = true> <Delay = 0.00>
ST_2 : Operation 31 [1/1] (1.53ns)   --->   "%shl_ln764 = shl i64 %rs1, i64 %zext_ln764" [/home/lab_726/boom/hls_boom/src/boom_core_merged.cpp:764]   --->   Operation 31 'shl' 'shl_ln764' <Predicate = true> <Delay = 1.53> <CoreInst = "Shifter">   --->   Core 75 'Shifter' <Latency = 0> <II = 1> <Delay = 1.53> <FuncUnit> <Opcode : 'shl' 'lshr' 'ashr'> <InPorts = 2> <OutPorts = 1>
ST_2 : Operation 32 [1/1] (1.13ns)   --->   "%icmp_ln765 = icmp_slt  i64 %rs1, i64 %rs2" [/home/lab_726/boom/hls_boom/src/boom_core_merged.cpp:765]   --->   Operation 32 'icmp' 'icmp_ln765' <Predicate = true> <Delay = 1.13> <CoreInst = "Cmp">   --->   Core 9 'Cmp' <Latency = 0> <II = 1> <Delay = 0.44> <FuncUnit> <Opcode : 'icmp'> <InPorts = 2> <OutPorts = 1>
ST_2 : Operation 33 [1/1] (0.00ns)   --->   "%zext_ln765 = zext i1 %icmp_ln765" [/home/lab_726/boom/hls_boom/src/boom_core_merged.cpp:765]   --->   Operation 33 'zext' 'zext_ln765' <Predicate = true> <Delay = 0.00>
ST_2 : Operation 34 [1/1] (1.13ns)   --->   "%icmp_ln766 = icmp_ult  i64 %rs1, i64 %rs2" [/home/lab_726/boom/hls_boom/src/boom_core_merged.cpp:766]   --->   Operation 34 'icmp' 'icmp_ln766' <Predicate = true> <Delay = 1.13> <CoreInst = "Cmp">   --->   Core 9 'Cmp' <Latency = 0> <II = 1> <Delay = 0.44> <FuncUnit> <Opcode : 'icmp'> <InPorts = 2> <OutPorts = 1>
ST_2 : Operation 35 [1/1] (0.00ns)   --->   "%zext_ln766 = zext i1 %icmp_ln766" [/home/lab_726/boom/hls_boom/src/boom_core_merged.cpp:766]   --->   Operation 35 'zext' 'zext_ln766' <Predicate = true> <Delay = 0.00>
ST_2 : Operation 36 [1/1] (0.37ns)   --->   "%xor_ln767 = xor i64 %rs2, i64 %rs1" [/home/lab_726/boom/hls_boom/src/boom_core_merged.cpp:767]   --->   Operation 36 'xor' 'xor_ln767' <Predicate = true> <Delay = 0.37> <CoreInst = "LogicGate">   --->   Core 74 'LogicGate' <Latency = 0> <II = 1> <Delay = 0.28> <FuncUnit> <Opcode : 'and' 'or' 'xor'> <InPorts = 2> <OutPorts = 1>
ST_2 : Operation 37 [1/1] (1.53ns)   --->   "%lshr_ln768 = lshr i64 %rs1, i64 %zext_ln764" [/home/lab_726/boom/hls_boom/src/boom_core_merged.cpp:768]   --->   Operation 37 'lshr' 'lshr_ln768' <Predicate = true> <Delay = 1.53> <CoreInst = "Shifter">   --->   Core 75 'Shifter' <Latency = 0> <II = 1> <Delay = 1.53> <FuncUnit> <Opcode : 'shl' 'lshr' 'ashr'> <InPorts = 2> <OutPorts = 1>
ST_2 : Operation 38 [1/1] (1.53ns)   --->   "%ashr_ln769 = ashr i64 %rs1, i64 %zext_ln764" [/home/lab_726/boom/hls_boom/src/boom_core_merged.cpp:769]   --->   Operation 38 'ashr' 'ashr_ln769' <Predicate = true> <Delay = 1.53> <CoreInst = "Shifter">   --->   Core 75 'Shifter' <Latency = 0> <II = 1> <Delay = 1.53> <FuncUnit> <Opcode : 'shl' 'lshr' 'ashr'> <InPorts = 2> <OutPorts = 1>
ST_2 : Operation 39 [1/1] (0.37ns)   --->   "%or_ln770 = or i64 %rs2, i64 %rs1" [/home/lab_726/boom/hls_boom/src/boom_core_merged.cpp:770]   --->   Operation 39 'or' 'or_ln770' <Predicate = true> <Delay = 0.37> <CoreInst = "LogicGate">   --->   Core 74 'LogicGate' <Latency = 0> <II = 1> <Delay = 0.28> <FuncUnit> <Opcode : 'and' 'or' 'xor'> <InPorts = 2> <OutPorts = 1>
ST_2 : Operation 40 [1/1] (0.37ns)   --->   "%and_ln771 = and i64 %rs2, i64 %rs1" [/home/lab_726/boom/hls_boom/src/boom_core_merged.cpp:771]   --->   Operation 40 'and' 'and_ln771' <Predicate = true> <Delay = 0.37> <CoreInst = "LogicGate">   --->   Core 74 'LogicGate' <Latency = 0> <II = 1> <Delay = 0.28> <FuncUnit> <Opcode : 'and' 'or' 'xor'> <InPorts = 2> <OutPorts = 1>
ST_2 : Operation 41 [1/1] (0.00ns)   --->   "%trunc_ln772 = trunc i64 %rs1" [/home/lab_726/boom/hls_boom/src/boom_core_merged.cpp:772]   --->   Operation 41 'trunc' 'trunc_ln772' <Predicate = true> <Delay = 0.00>
ST_2 : Operation 42 [1/1] (0.00ns)   --->   "%sext_ln728 = sext i32 %trunc_ln772" [/home/lab_726/boom/hls_boom/src/boom_core_merged.cpp:728]   --->   Operation 42 'sext' 'sext_ln728' <Predicate = true> <Delay = 0.00>
ST_2 : Operation 43 [1/1] (0.00ns)   --->   "%trunc_ln773 = trunc i64 %rs2" [/home/lab_726/boom/hls_boom/src/boom_core_merged.cpp:773]   --->   Operation 43 'trunc' 'trunc_ln773' <Predicate = true> <Delay = 0.00>
ST_2 : Operation 44 [1/1] (1.01ns)   --->   "%sub_ln773 = sub i32 %trunc_ln772, i32 %trunc_ln773" [/home/lab_726/boom/hls_boom/src/boom_core_merged.cpp:773]   --->   Operation 44 'sub' 'sub_ln773' <Predicate = true> <Delay = 1.01> <CoreInst = "Adder">   --->   Core 1 'Adder' <Latency = 0> <II = 1> <Delay = 0.54> <FuncUnit> <Opcode : 'add' 'sub'> <InPorts = 2> <OutPorts = 1>
ST_2 : Operation 45 [1/1] (0.00ns)   --->   "%sext_ln728_1 = sext i32 %sub_ln773" [/home/lab_726/boom/hls_boom/src/boom_core_merged.cpp:728]   --->   Operation 45 'sext' 'sext_ln728_1' <Predicate = true> <Delay = 0.00>
ST_2 : Operation 46 [1/1] (0.00ns)   --->   "%sext_ln776 = sext i32 %trunc_ln773" [/home/lab_726/boom/hls_boom/src/boom_core_merged.cpp:776]   --->   Operation 46 'sext' 'sext_ln776' <Predicate = true> <Delay = 0.00>
ST_2 : Operation 47 [1/1] (3.42ns)   --->   "%mul_ln776 = mul i64 %sext_ln776, i64 %sext_ln728" [/home/lab_726/boom/hls_boom/src/boom_core_merged.cpp:776]   --->   Operation 47 'mul' 'mul_ln776' <Predicate = true> <Delay = 3.42> <CoreInst = "Multiplier">   --->   Core 3 'Multiplier' <Latency = 0> <II = 1> <Delay = 3.42> <FuncUnit> <Opcode : 'mul'> <InPorts = 2> <OutPorts = 1>
ST_2 : Operation 48 [1/1] (0.84ns)   --->   "%icmp_ln564 = icmp_ugt  i8 %state_issue_issued_uops_uopc_1_load, i8 28" [/home/lab_726/boom/hls_boom/src/boom_core_merged.cpp:564]   --->   Operation 48 'icmp' 'icmp_ln564' <Predicate = true> <Delay = 0.84> <CoreInst = "Cmp">   --->   Core 9 'Cmp' <Latency = 0> <II = 1> <Delay = 0.44> <FuncUnit> <Opcode : 'icmp'> <InPorts = 2> <OutPorts = 1>
ST_2 : Operation 49 [1/1] (0.84ns)   --->   "%icmp_ln564_1 = icmp_ult  i8 %state_issue_issued_uops_uopc_1_load, i8 39" [/home/lab_726/boom/hls_boom/src/boom_core_merged.cpp:564]   --->   Operation 49 'icmp' 'icmp_ln564_1' <Predicate = true> <Delay = 0.84> <CoreInst = "Cmp">   --->   Core 9 'Cmp' <Latency = 0> <II = 1> <Delay = 0.44> <FuncUnit> <Opcode : 'icmp'> <InPorts = 2> <OutPorts = 1>
ST_2 : Operation 50 [1/1] (0.28ns)   --->   "%and_ln564 = and i1 %icmp_ln564, i1 %icmp_ln564_1" [/home/lab_726/boom/hls_boom/src/boom_core_merged.cpp:564]   --->   Operation 50 'and' 'and_ln564' <Predicate = true> <Delay = 0.28> <CoreInst = "LogicGate">   --->   Core 74 'LogicGate' <Latency = 0> <II = 1> <Delay = 0.28> <FuncUnit> <Opcode : 'and' 'or' 'xor'> <InPorts = 2> <OutPorts = 1>
ST_2 : Operation 51 [1/1] (0.84ns)   --->   "%icmp_ln565 = icmp_ugt  i8 %state_issue_issued_uops_uopc_1_load, i8 49" [/home/lab_726/boom/hls_boom/src/boom_core_merged.cpp:565]   --->   Operation 51 'icmp' 'icmp_ln565' <Predicate = true> <Delay = 0.84> <CoreInst = "Cmp">   --->   Core 9 'Cmp' <Latency = 0> <II = 1> <Delay = 0.44> <FuncUnit> <Opcode : 'icmp'> <InPorts = 2> <OutPorts = 1>
ST_2 : Operation 52 [1/1] (0.84ns)   --->   "%icmp_ln565_1 = icmp_ult  i8 %state_issue_issued_uops_uopc_1_load, i8 61" [/home/lab_726/boom/hls_boom/src/boom_core_merged.cpp:565]   --->   Operation 52 'icmp' 'icmp_ln565_1' <Predicate = true> <Delay = 0.84> <CoreInst = "Cmp">   --->   Core 9 'Cmp' <Latency = 0> <II = 1> <Delay = 0.44> <FuncUnit> <Opcode : 'icmp'> <InPorts = 2> <OutPorts = 1>
ST_2 : Operation 53 [1/1] (0.00ns) (grouped into LUT with out node or_ln565)   --->   "%and_ln565 = and i1 %icmp_ln565, i1 %icmp_ln565_1" [/home/lab_726/boom/hls_boom/src/boom_core_merged.cpp:565]   --->   Operation 53 'and' 'and_ln565' <Predicate = true> <Delay = 0.00> <CoreInst = "LogicGate">   --->   Core 74 'LogicGate' <Latency = 0> <II = 1> <Delay = 0.28> <FuncUnit> <Opcode : 'and' 'or' 'xor'> <InPorts = 2> <OutPorts = 1>
ST_2 : Operation 54 [1/1] (0.84ns)   --->   "%icmp_ln565_2 = icmp_eq  i8 %state_issue_issued_uops_uopc_1_load, i8 62" [/home/lab_726/boom/hls_boom/src/boom_core_merged.cpp:565]   --->   Operation 54 'icmp' 'icmp_ln565_2' <Predicate = true> <Delay = 0.84> <CoreInst = "Cmp">   --->   Core 9 'Cmp' <Latency = 0> <II = 1> <Delay = 0.44> <FuncUnit> <Opcode : 'icmp'> <InPorts = 2> <OutPorts = 1>
ST_2 : Operation 55 [1/1] (0.28ns) (out node of the LUT)   --->   "%or_ln565 = or i1 %and_ln565, i1 %icmp_ln565_2" [/home/lab_726/boom/hls_boom/src/boom_core_merged.cpp:565]   --->   Operation 55 'or' 'or_ln565' <Predicate = true> <Delay = 0.28> <CoreInst = "LogicGate">   --->   Core 74 'LogicGate' <Latency = 0> <II = 1> <Delay = 0.28> <FuncUnit> <Opcode : 'and' 'or' 'xor'> <InPorts = 2> <OutPorts = 1>
ST_2 : Operation 56 [1/1] (0.00ns)   --->   "%br_ln740 = br void" [/home/lab_726/boom/hls_boom/src/boom_core_merged.cpp:740]   --->   Operation 56 'br' 'br_ln740' <Predicate = true> <Delay = 0.00>

State 3 <SV = 2> <Delay = 0.97>
ST_3 : Operation 57 [1/1] (0.00ns)   --->   "%i_1 = load i2 %i" [/home/lab_726/boom/hls_boom/src/boom_core_merged.cpp:741]   --->   Operation 57 'load' 'i_1' <Predicate = true> <Delay = 0.00>
ST_3 : Operation 58 [1/1] (0.44ns)   --->   "%icmp_ln740 = icmp_eq  i2 %i_1, i2 2" [/home/lab_726/boom/hls_boom/src/boom_core_merged.cpp:740]   --->   Operation 58 'icmp' 'icmp_ln740' <Predicate = true> <Delay = 0.44> <CoreInst = "Cmp">   --->   Core 9 'Cmp' <Latency = 0> <II = 1> <Delay = 0.44> <FuncUnit> <Opcode : 'icmp'> <InPorts = 2> <OutPorts = 1>
ST_3 : Operation 59 [1/1] (0.00ns)   --->   "%empty = speclooptripcount i32 @_ssdm_op_SpecLoopTripCount, i64 2, i64 2, i64 2"   --->   Operation 59 'speclooptripcount' 'empty' <Predicate = true> <Delay = 0.00>
ST_3 : Operation 60 [1/1] (0.54ns)   --->   "%add_ln740 = add i2 %i_1, i2 1" [/home/lab_726/boom/hls_boom/src/boom_core_merged.cpp:740]   --->   Operation 60 'add' 'add_ln740' <Predicate = true> <Delay = 0.54> <CoreInst = "Adder">   --->   Core 1 'Adder' <Latency = 0> <II = 1> <Delay = 0.54> <FuncUnit> <Opcode : 'add' 'sub'> <InPorts = 2> <OutPorts = 1>
ST_3 : Operation 61 [1/1] (0.00ns)   --->   "%br_ln740 = br i1 %icmp_ln740, void %.split, void" [/home/lab_726/boom/hls_boom/src/boom_core_merged.cpp:740]   --->   Operation 61 'br' 'br_ln740' <Predicate = true> <Delay = 0.00>
ST_3 : Operation 62 [1/1] (0.00ns)   --->   "%specloopname_ln740 = specloopname void @_ssdm_op_SpecLoopName, void @empty_1" [/home/lab_726/boom/hls_boom/src/boom_core_merged.cpp:740]   --->   Operation 62 'specloopname' 'specloopname_ln740' <Predicate = (!icmp_ln740)> <Delay = 0.00>
ST_3 : Operation 63 [1/1] (0.00ns) (grouped into LUT with out node and_ln558)   --->   "%trunc_ln741 = trunc i2 %i_1" [/home/lab_726/boom/hls_boom/src/boom_core_merged.cpp:741]   --->   Operation 63 'trunc' 'trunc_ln741' <Predicate = (!icmp_ln740)> <Delay = 0.00>
ST_3 : Operation 64 [1/1] (0.00ns) (grouped into LUT with out node and_ln558)   --->   "%and_ln558_1 = and i1 %state_issue_issued_uops_iq_type_1_load, i1 %trunc_ln741" [/home/lab_726/boom/hls_boom/src/boom_core_merged.cpp:558]   --->   Operation 64 'and' 'and_ln558_1' <Predicate = (!icmp_ln740)> <Delay = 0.00> <CoreInst = "LogicGate">   --->   Core 74 'LogicGate' <Latency = 0> <II = 1> <Delay = 0.28> <FuncUnit> <Opcode : 'and' 'or' 'xor'> <InPorts = 2> <OutPorts = 1>
ST_3 : Operation 65 [1/1] (0.28ns) (out node of the LUT)   --->   "%and_ln558 = and i1 %and_ln558_1, i1 %state_issue_issued_valids_1_load" [/home/lab_726/boom/hls_boom/src/boom_core_merged.cpp:558]   --->   Operation 65 'and' 'and_ln558' <Predicate = (!icmp_ln740)> <Delay = 0.28> <CoreInst = "LogicGate">   --->   Core 74 'LogicGate' <Latency = 0> <II = 1> <Delay = 0.28> <FuncUnit> <Opcode : 'and' 'or' 'xor'> <InPorts = 2> <OutPorts = 1>
ST_3 : Operation 66 [1/1] (0.00ns)   --->   "%br_ln741 = br i1 %and_ln558, void %.critedge2, void" [/home/lab_726/boom/hls_boom/src/boom_core_merged.cpp:741]   --->   Operation 66 'br' 'br_ln741' <Predicate = (!icmp_ln740)> <Delay = 0.00>
ST_3 : Operation 67 [1/1] (0.00ns) (grouped into LUT with out node or_ln563_2)   --->   "%or_ln563_1 = or i1 %or_ln563, i1 %and_ln564" [/home/lab_726/boom/hls_boom/src/boom_core_merged.cpp:563]   --->   Operation 67 'or' 'or_ln563_1' <Predicate = (!icmp_ln740 & and_ln558)> <Delay = 0.00> <CoreInst = "LogicGate">   --->   Core 74 'LogicGate' <Latency = 0> <II = 1> <Delay = 0.28> <FuncUnit> <Opcode : 'and' 'or' 'xor'> <InPorts = 2> <OutPorts = 1>
ST_3 : Operation 68 [1/1] (0.28ns) (out node of the LUT)   --->   "%or_ln563_2 = or i1 %or_ln563_1, i1 %or_ln565" [/home/lab_726/boom/hls_boom/src/boom_core_merged.cpp:563]   --->   Operation 68 'or' 'or_ln563_2' <Predicate = (!icmp_ln740 & and_ln558)> <Delay = 0.28> <CoreInst = "LogicGate">   --->   Core 74 'LogicGate' <Latency = 0> <II = 1> <Delay = 0.28> <FuncUnit> <Opcode : 'and' 'or' 'xor'> <InPorts = 2> <OutPorts = 1>
ST_3 : Operation 69 [1/1] (0.00ns)   --->   "%br_ln563 = br i1 %or_ln563_2, void %.critedge2, void %.critedge4" [/home/lab_726/boom/hls_boom/src/boom_core_merged.cpp:563]   --->   Operation 69 'br' 'br_ln563' <Predicate = (!icmp_ln740 & and_ln558)> <Delay = 0.00>
ST_3 : Operation 70 [1/1] (0.00ns)   --->   "%state_execute_alu_results_valid_1_load = load i1 %state_execute_alu_results_valid_1" [/home/lab_726/boom/hls_boom/src/boom_core_merged.cpp:744]   --->   Operation 70 'load' 'state_execute_alu_results_valid_1_load' <Predicate = (!icmp_ln740 & and_ln558 & or_ln563_2)> <Delay = 0.00>
ST_3 : Operation 71 [1/1] (0.00ns)   --->   "%br_ln744 = br i1 %state_execute_alu_results_valid_1_load, void %_ifconv, void %.critedge2" [/home/lab_726/boom/hls_boom/src/boom_core_merged.cpp:744]   --->   Operation 71 'br' 'br_ln744' <Predicate = (!icmp_ln740 & and_ln558 & or_ln563_2)> <Delay = 0.00>
ST_3 : Operation 72 [1/1] (0.00ns)   --->   "%store_ln759 = store i1 1, i1 %state_execute_alu_results_valid_1" [/home/lab_726/boom/hls_boom/src/boom_core_merged.cpp:759]   --->   Operation 72 'store' 'store_ln759' <Predicate = (!icmp_ln740 & and_ln558 & or_ln563_2 & !state_execute_alu_results_valid_1_load)> <Delay = 0.00>
ST_3 : Operation 73 [1/1] (0.48ns)   --->   "%store_ln759 = store i64 0, i64 %state_execute_alu_results_result_1" [/home/lab_726/boom/hls_boom/src/boom_core_merged.cpp:759]   --->   Operation 73 'store' 'store_ln759' <Predicate = (!icmp_ln740 & and_ln558 & or_ln563_2 & !state_execute_alu_results_valid_1_load)> <Delay = 0.48>
ST_3 : Operation 74 [1/1] (0.81ns)   --->   "%switch_ln761 = switch i8 %state_issue_issued_uops_uopc_1_load, void %branch46, i8 1, void %._crit_edge19, i8 50, void %._crit_edge19, i8 2, void %branch109, i8 3, void %._crit_edge21, i8 51, void %._crit_edge21, i8 4, void %._crit_edge23, i8 52, void %._crit_edge23, i8 5, void %._crit_edge25, i8 53, void %._crit_edge25, i8 6, void %._crit_edge27, i8 54, void %._crit_edge27, i8 7, void %._crit_edge29, i8 55, void %._crit_edge29, i8 8, void %._crit_edge31, i8 56, void %._crit_edge31, i8 9, void %._crit_edge33, i8 57, void %._crit_edge33, i8 10, void %._crit_edge35, i8 58, void %._crit_edge35, i8 11, void %._crit_edge37, i8 59, void %._crit_edge37, i8 12, void %branch79, i8 13, void %._crit_edge39, i8 60, void %._crit_edge39, i8 15, void %._crit_edge41, i8 62, void %._crit_edge41, i8 16, void %branch70, i8 29, void %branch67, i8 30, void %branch64, i8 31, void %._crit_edge57, i8 32, void %._crit_edge57, i8 33, void %._crit_edge57, i8 34, void %._crit_edge57, i8 35, void %._crit_edge57, i8 36, void %._crit_edge57, i8 37, void %branch61, i8 38, void %branch58, i8 39, void %branch55, i8 40, void %branch55, i8 41, void %branch55, i8 42, void %branch55, i8 43, void %branch55, i8 44, void %branch55, i8 45, void %branch55, i8 46, void %branch52, i8 47, void %branch52, i8 48, void %branch52, i8 49, void %branch52" [/home/lab_726/boom/hls_boom/src/boom_core_merged.cpp:761]   --->   Operation 74 'switch' 'switch_ln761' <Predicate = (!icmp_ln740 & and_ln558 & or_ln563_2 & !state_execute_alu_results_valid_1_load)> <Delay = 0.81>
ST_3 : Operation 75 [1/1] (0.48ns)   --->   "%store_ln794 = store i64 %rs1, i64 %state_execute_alu_results_result_1" [/home/lab_726/boom/hls_boom/src/boom_core_merged.cpp:794]   --->   Operation 75 'store' 'store_ln794' <Predicate = (!icmp_ln740 & and_ln558 & or_ln563_2 & !state_execute_alu_results_valid_1_load & state_issue_issued_uops_uopc_1_load == 49) | (!icmp_ln740 & and_ln558 & or_ln563_2 & !state_execute_alu_results_valid_1_load & state_issue_issued_uops_uopc_1_load == 48) | (!icmp_ln740 & and_ln558 & or_ln563_2 & !state_execute_alu_results_valid_1_load & state_issue_issued_uops_uopc_1_load == 47) | (!icmp_ln740 & and_ln558 & or_ln563_2 & !state_execute_alu_results_valid_1_load & state_issue_issued_uops_uopc_1_load == 46)> <Delay = 0.48>
ST_3 : Operation 76 [1/1] (0.00ns)   --->   "%br_ln794 = br void %._crit_edge57" [/home/lab_726/boom/hls_boom/src/boom_core_merged.cpp:794]   --->   Operation 76 'br' 'br_ln794' <Predicate = (!icmp_ln740 & and_ln558 & or_ln563_2 & !state_execute_alu_results_valid_1_load & state_issue_issued_uops_uopc_1_load == 49) | (!icmp_ln740 & and_ln558 & or_ln563_2 & !state_execute_alu_results_valid_1_load & state_issue_issued_uops_uopc_1_load == 48) | (!icmp_ln740 & and_ln558 & or_ln563_2 & !state_execute_alu_results_valid_1_load & state_issue_issued_uops_uopc_1_load == 47) | (!icmp_ln740 & and_ln558 & or_ln563_2 & !state_execute_alu_results_valid_1_load & state_issue_issued_uops_uopc_1_load == 46)> <Delay = 0.00>
ST_3 : Operation 77 [1/1] (0.48ns)   --->   "%store_ln790 = store i64 %rs1, i64 %state_execute_alu_results_result_1" [/home/lab_726/boom/hls_boom/src/boom_core_merged.cpp:790]   --->   Operation 77 'store' 'store_ln790' <Predicate = (!icmp_ln740 & and_ln558 & or_ln563_2 & !state_execute_alu_results_valid_1_load & state_issue_issued_uops_uopc_1_load == 45) | (!icmp_ln740 & and_ln558 & or_ln563_2 & !state_execute_alu_results_valid_1_load & state_issue_issued_uops_uopc_1_load == 44) | (!icmp_ln740 & and_ln558 & or_ln563_2 & !state_execute_alu_results_valid_1_load & state_issue_issued_uops_uopc_1_load == 43) | (!icmp_ln740 & and_ln558 & or_ln563_2 & !state_execute_alu_results_valid_1_load & state_issue_issued_uops_uopc_1_load == 42) | (!icmp_ln740 & and_ln558 & or_ln563_2 & !state_execute_alu_results_valid_1_load & state_issue_issued_uops_uopc_1_load == 41) | (!icmp_ln740 & and_ln558 & or_ln563_2 & !state_execute_alu_results_valid_1_load & state_issue_issued_uops_uopc_1_load == 40) | (!icmp_ln740 & and_ln558 & or_ln563_2 & !state_execute_alu_results_valid_1_load & state_issue_issued_uops_uopc_1_load == 39)> <Delay = 0.48>
ST_3 : Operation 78 [1/1] (0.00ns)   --->   "%br_ln790 = br void %._crit_edge57" [/home/lab_726/boom/hls_boom/src/boom_core_merged.cpp:790]   --->   Operation 78 'br' 'br_ln790' <Predicate = (!icmp_ln740 & and_ln558 & or_ln563_2 & !state_execute_alu_results_valid_1_load & state_issue_issued_uops_uopc_1_load == 45) | (!icmp_ln740 & and_ln558 & or_ln563_2 & !state_execute_alu_results_valid_1_load & state_issue_issued_uops_uopc_1_load == 44) | (!icmp_ln740 & and_ln558 & or_ln563_2 & !state_execute_alu_results_valid_1_load & state_issue_issued_uops_uopc_1_load == 43) | (!icmp_ln740 & and_ln558 & or_ln563_2 & !state_execute_alu_results_valid_1_load & state_issue_issued_uops_uopc_1_load == 42) | (!icmp_ln740 & and_ln558 & or_ln563_2 & !state_execute_alu_results_valid_1_load & state_issue_issued_uops_uopc_1_load == 41) | (!icmp_ln740 & and_ln558 & or_ln563_2 & !state_execute_alu_results_valid_1_load & state_issue_issued_uops_uopc_1_load == 40) | (!icmp_ln740 & and_ln558 & or_ln563_2 & !state_execute_alu_results_valid_1_load & state_issue_issued_uops_uopc_1_load == 39)> <Delay = 0.00>
ST_3 : Operation 79 [1/1] (0.48ns)   --->   "%store_ln786 = store i64 0, i64 %state_execute_alu_results_result_1" [/home/lab_726/boom/hls_boom/src/boom_core_merged.cpp:786]   --->   Operation 79 'store' 'store_ln786' <Predicate = (!icmp_ln740 & and_ln558 & or_ln563_2 & !state_execute_alu_results_valid_1_load & state_issue_issued_uops_uopc_1_load == 38)> <Delay = 0.48>
ST_3 : Operation 80 [1/1] (0.00ns)   --->   "%br_ln786 = br void %._crit_edge57" [/home/lab_726/boom/hls_boom/src/boom_core_merged.cpp:786]   --->   Operation 80 'br' 'br_ln786' <Predicate = (!icmp_ln740 & and_ln558 & or_ln563_2 & !state_execute_alu_results_valid_1_load & state_issue_issued_uops_uopc_1_load == 38)> <Delay = 0.00>
ST_3 : Operation 81 [1/1] (0.48ns)   --->   "%store_ln785 = store i64 0, i64 %state_execute_alu_results_result_1" [/home/lab_726/boom/hls_boom/src/boom_core_merged.cpp:785]   --->   Operation 81 'store' 'store_ln785' <Predicate = (!icmp_ln740 & and_ln558 & or_ln563_2 & !state_execute_alu_results_valid_1_load & state_issue_issued_uops_uopc_1_load == 37)> <Delay = 0.48>
ST_3 : Operation 82 [1/1] (0.00ns)   --->   "%br_ln785 = br void %._crit_edge57" [/home/lab_726/boom/hls_boom/src/boom_core_merged.cpp:785]   --->   Operation 82 'br' 'br_ln785' <Predicate = (!icmp_ln740 & and_ln558 & or_ln563_2 & !state_execute_alu_results_valid_1_load & state_issue_issued_uops_uopc_1_load == 37)> <Delay = 0.00>
ST_3 : Operation 83 [1/1] (0.48ns)   --->   "%store_ln778 = store i64 4, i64 %state_execute_alu_results_result_1" [/home/lab_726/boom/hls_boom/src/boom_core_merged.cpp:778]   --->   Operation 83 'store' 'store_ln778' <Predicate = (!icmp_ln740 & and_ln558 & or_ln563_2 & !state_execute_alu_results_valid_1_load & state_issue_issued_uops_uopc_1_load == 30)> <Delay = 0.48>
ST_3 : Operation 84 [1/1] (0.00ns)   --->   "%br_ln778 = br void %._crit_edge57" [/home/lab_726/boom/hls_boom/src/boom_core_merged.cpp:778]   --->   Operation 84 'br' 'br_ln778' <Predicate = (!icmp_ln740 & and_ln558 & or_ln563_2 & !state_execute_alu_results_valid_1_load & state_issue_issued_uops_uopc_1_load == 30)> <Delay = 0.00>
ST_3 : Operation 85 [1/1] (0.48ns)   --->   "%store_ln777 = store i64 4, i64 %state_execute_alu_results_result_1" [/home/lab_726/boom/hls_boom/src/boom_core_merged.cpp:777]   --->   Operation 85 'store' 'store_ln777' <Predicate = (!icmp_ln740 & and_ln558 & or_ln563_2 & !state_execute_alu_results_valid_1_load & state_issue_issued_uops_uopc_1_load == 29)> <Delay = 0.48>
ST_3 : Operation 86 [1/1] (0.00ns)   --->   "%br_ln777 = br void %._crit_edge57" [/home/lab_726/boom/hls_boom/src/boom_core_merged.cpp:777]   --->   Operation 86 'br' 'br_ln777' <Predicate = (!icmp_ln740 & and_ln558 & or_ln563_2 & !state_execute_alu_results_valid_1_load & state_issue_issued_uops_uopc_1_load == 29)> <Delay = 0.00>
ST_3 : Operation 87 [1/1] (0.48ns)   --->   "%store_ln776 = store i64 %mul_ln776, i64 %state_execute_alu_results_result_1" [/home/lab_726/boom/hls_boom/src/boom_core_merged.cpp:776]   --->   Operation 87 'store' 'store_ln776' <Predicate = (!icmp_ln740 & and_ln558 & or_ln563_2 & !state_execute_alu_results_valid_1_load & state_issue_issued_uops_uopc_1_load == 16)> <Delay = 0.48>
ST_3 : Operation 88 [1/1] (0.00ns)   --->   "%br_ln776 = br void %._crit_edge57" [/home/lab_726/boom/hls_boom/src/boom_core_merged.cpp:776]   --->   Operation 88 'br' 'br_ln776' <Predicate = (!icmp_ln740 & and_ln558 & or_ln563_2 & !state_execute_alu_results_valid_1_load & state_issue_issued_uops_uopc_1_load == 16)> <Delay = 0.00>
ST_3 : Operation 89 [1/1] (0.48ns)   --->   "%store_ln775 = store i64 %sext_ln728, i64 %state_execute_alu_results_result_1" [/home/lab_726/boom/hls_boom/src/boom_core_merged.cpp:775]   --->   Operation 89 'store' 'store_ln775' <Predicate = (!icmp_ln740 & and_ln558 & or_ln563_2 & !state_execute_alu_results_valid_1_load & state_issue_issued_uops_uopc_1_load == 62) | (!icmp_ln740 & and_ln558 & or_ln563_2 & !state_execute_alu_results_valid_1_load & state_issue_issued_uops_uopc_1_load == 15)> <Delay = 0.48>
ST_3 : Operation 90 [1/1] (0.00ns)   --->   "%br_ln775 = br void %._crit_edge57" [/home/lab_726/boom/hls_boom/src/boom_core_merged.cpp:775]   --->   Operation 90 'br' 'br_ln775' <Predicate = (!icmp_ln740 & and_ln558 & or_ln563_2 & !state_execute_alu_results_valid_1_load & state_issue_issued_uops_uopc_1_load == 62) | (!icmp_ln740 & and_ln558 & or_ln563_2 & !state_execute_alu_results_valid_1_load & state_issue_issued_uops_uopc_1_load == 15)> <Delay = 0.00>
ST_3 : Operation 91 [1/1] (0.48ns)   --->   "%store_ln774 = store i64 %sext_ln728, i64 %state_execute_alu_results_result_1" [/home/lab_726/boom/hls_boom/src/boom_core_merged.cpp:774]   --->   Operation 91 'store' 'store_ln774' <Predicate = (!icmp_ln740 & and_ln558 & or_ln563_2 & !state_execute_alu_results_valid_1_load & state_issue_issued_uops_uopc_1_load == 60) | (!icmp_ln740 & and_ln558 & or_ln563_2 & !state_execute_alu_results_valid_1_load & state_issue_issued_uops_uopc_1_load == 13)> <Delay = 0.48>
ST_3 : Operation 92 [1/1] (0.00ns)   --->   "%br_ln774 = br void %._crit_edge57" [/home/lab_726/boom/hls_boom/src/boom_core_merged.cpp:774]   --->   Operation 92 'br' 'br_ln774' <Predicate = (!icmp_ln740 & and_ln558 & or_ln563_2 & !state_execute_alu_results_valid_1_load & state_issue_issued_uops_uopc_1_load == 60) | (!icmp_ln740 & and_ln558 & or_ln563_2 & !state_execute_alu_results_valid_1_load & state_issue_issued_uops_uopc_1_load == 13)> <Delay = 0.00>
ST_3 : Operation 93 [1/1] (0.48ns)   --->   "%store_ln773 = store i64 %sext_ln728_1, i64 %state_execute_alu_results_result_1" [/home/lab_726/boom/hls_boom/src/boom_core_merged.cpp:773]   --->   Operation 93 'store' 'store_ln773' <Predicate = (!icmp_ln740 & and_ln558 & or_ln563_2 & !state_execute_alu_results_valid_1_load & state_issue_issued_uops_uopc_1_load == 12)> <Delay = 0.48>
ST_3 : Operation 94 [1/1] (0.00ns)   --->   "%br_ln773 = br void %._crit_edge57" [/home/lab_726/boom/hls_boom/src/boom_core_merged.cpp:773]   --->   Operation 94 'br' 'br_ln773' <Predicate = (!icmp_ln740 & and_ln558 & or_ln563_2 & !state_execute_alu_results_valid_1_load & state_issue_issued_uops_uopc_1_load == 12)> <Delay = 0.00>
ST_3 : Operation 95 [1/1] (0.48ns)   --->   "%store_ln772 = store i64 %sext_ln728, i64 %state_execute_alu_results_result_1" [/home/lab_726/boom/hls_boom/src/boom_core_merged.cpp:772]   --->   Operation 95 'store' 'store_ln772' <Predicate = (!icmp_ln740 & and_ln558 & or_ln563_2 & !state_execute_alu_results_valid_1_load & state_issue_issued_uops_uopc_1_load == 59) | (!icmp_ln740 & and_ln558 & or_ln563_2 & !state_execute_alu_results_valid_1_load & state_issue_issued_uops_uopc_1_load == 11)> <Delay = 0.48>
ST_3 : Operation 96 [1/1] (0.00ns)   --->   "%br_ln772 = br void %._crit_edge57" [/home/lab_726/boom/hls_boom/src/boom_core_merged.cpp:772]   --->   Operation 96 'br' 'br_ln772' <Predicate = (!icmp_ln740 & and_ln558 & or_ln563_2 & !state_execute_alu_results_valid_1_load & state_issue_issued_uops_uopc_1_load == 59) | (!icmp_ln740 & and_ln558 & or_ln563_2 & !state_execute_alu_results_valid_1_load & state_issue_issued_uops_uopc_1_load == 11)> <Delay = 0.00>
ST_3 : Operation 97 [1/1] (0.48ns)   --->   "%store_ln771 = store i64 %and_ln771, i64 %state_execute_alu_results_result_1" [/home/lab_726/boom/hls_boom/src/boom_core_merged.cpp:771]   --->   Operation 97 'store' 'store_ln771' <Predicate = (!icmp_ln740 & and_ln558 & or_ln563_2 & !state_execute_alu_results_valid_1_load & state_issue_issued_uops_uopc_1_load == 58) | (!icmp_ln740 & and_ln558 & or_ln563_2 & !state_execute_alu_results_valid_1_load & state_issue_issued_uops_uopc_1_load == 10)> <Delay = 0.48>
ST_3 : Operation 98 [1/1] (0.00ns)   --->   "%br_ln771 = br void %._crit_edge57" [/home/lab_726/boom/hls_boom/src/boom_core_merged.cpp:771]   --->   Operation 98 'br' 'br_ln771' <Predicate = (!icmp_ln740 & and_ln558 & or_ln563_2 & !state_execute_alu_results_valid_1_load & state_issue_issued_uops_uopc_1_load == 58) | (!icmp_ln740 & and_ln558 & or_ln563_2 & !state_execute_alu_results_valid_1_load & state_issue_issued_uops_uopc_1_load == 10)> <Delay = 0.00>
ST_3 : Operation 99 [1/1] (0.48ns)   --->   "%store_ln770 = store i64 %or_ln770, i64 %state_execute_alu_results_result_1" [/home/lab_726/boom/hls_boom/src/boom_core_merged.cpp:770]   --->   Operation 99 'store' 'store_ln770' <Predicate = (!icmp_ln740 & and_ln558 & or_ln563_2 & !state_execute_alu_results_valid_1_load & state_issue_issued_uops_uopc_1_load == 57) | (!icmp_ln740 & and_ln558 & or_ln563_2 & !state_execute_alu_results_valid_1_load & state_issue_issued_uops_uopc_1_load == 9)> <Delay = 0.48>
ST_3 : Operation 100 [1/1] (0.00ns)   --->   "%br_ln770 = br void %._crit_edge57" [/home/lab_726/boom/hls_boom/src/boom_core_merged.cpp:770]   --->   Operation 100 'br' 'br_ln770' <Predicate = (!icmp_ln740 & and_ln558 & or_ln563_2 & !state_execute_alu_results_valid_1_load & state_issue_issued_uops_uopc_1_load == 57) | (!icmp_ln740 & and_ln558 & or_ln563_2 & !state_execute_alu_results_valid_1_load & state_issue_issued_uops_uopc_1_load == 9)> <Delay = 0.00>
ST_3 : Operation 101 [1/1] (0.48ns)   --->   "%store_ln769 = store i64 %ashr_ln769, i64 %state_execute_alu_results_result_1" [/home/lab_726/boom/hls_boom/src/boom_core_merged.cpp:769]   --->   Operation 101 'store' 'store_ln769' <Predicate = (!icmp_ln740 & and_ln558 & or_ln563_2 & !state_execute_alu_results_valid_1_load & state_issue_issued_uops_uopc_1_load == 56) | (!icmp_ln740 & and_ln558 & or_ln563_2 & !state_execute_alu_results_valid_1_load & state_issue_issued_uops_uopc_1_load == 8)> <Delay = 0.48>
ST_3 : Operation 102 [1/1] (0.00ns)   --->   "%br_ln769 = br void %._crit_edge57" [/home/lab_726/boom/hls_boom/src/boom_core_merged.cpp:769]   --->   Operation 102 'br' 'br_ln769' <Predicate = (!icmp_ln740 & and_ln558 & or_ln563_2 & !state_execute_alu_results_valid_1_load & state_issue_issued_uops_uopc_1_load == 56) | (!icmp_ln740 & and_ln558 & or_ln563_2 & !state_execute_alu_results_valid_1_load & state_issue_issued_uops_uopc_1_load == 8)> <Delay = 0.00>
ST_3 : Operation 103 [1/1] (0.48ns)   --->   "%store_ln768 = store i64 %lshr_ln768, i64 %state_execute_alu_results_result_1" [/home/lab_726/boom/hls_boom/src/boom_core_merged.cpp:768]   --->   Operation 103 'store' 'store_ln768' <Predicate = (!icmp_ln740 & and_ln558 & or_ln563_2 & !state_execute_alu_results_valid_1_load & state_issue_issued_uops_uopc_1_load == 55) | (!icmp_ln740 & and_ln558 & or_ln563_2 & !state_execute_alu_results_valid_1_load & state_issue_issued_uops_uopc_1_load == 7)> <Delay = 0.48>
ST_3 : Operation 104 [1/1] (0.00ns)   --->   "%br_ln768 = br void %._crit_edge57" [/home/lab_726/boom/hls_boom/src/boom_core_merged.cpp:768]   --->   Operation 104 'br' 'br_ln768' <Predicate = (!icmp_ln740 & and_ln558 & or_ln563_2 & !state_execute_alu_results_valid_1_load & state_issue_issued_uops_uopc_1_load == 55) | (!icmp_ln740 & and_ln558 & or_ln563_2 & !state_execute_alu_results_valid_1_load & state_issue_issued_uops_uopc_1_load == 7)> <Delay = 0.00>
ST_3 : Operation 105 [1/1] (0.48ns)   --->   "%store_ln767 = store i64 %xor_ln767, i64 %state_execute_alu_results_result_1" [/home/lab_726/boom/hls_boom/src/boom_core_merged.cpp:767]   --->   Operation 105 'store' 'store_ln767' <Predicate = (!icmp_ln740 & and_ln558 & or_ln563_2 & !state_execute_alu_results_valid_1_load & state_issue_issued_uops_uopc_1_load == 54) | (!icmp_ln740 & and_ln558 & or_ln563_2 & !state_execute_alu_results_valid_1_load & state_issue_issued_uops_uopc_1_load == 6)> <Delay = 0.48>
ST_3 : Operation 106 [1/1] (0.00ns)   --->   "%br_ln767 = br void %._crit_edge57" [/home/lab_726/boom/hls_boom/src/boom_core_merged.cpp:767]   --->   Operation 106 'br' 'br_ln767' <Predicate = (!icmp_ln740 & and_ln558 & or_ln563_2 & !state_execute_alu_results_valid_1_load & state_issue_issued_uops_uopc_1_load == 54) | (!icmp_ln740 & and_ln558 & or_ln563_2 & !state_execute_alu_results_valid_1_load & state_issue_issued_uops_uopc_1_load == 6)> <Delay = 0.00>
ST_3 : Operation 107 [1/1] (0.48ns)   --->   "%store_ln766 = store i64 %zext_ln766, i64 %state_execute_alu_results_result_1" [/home/lab_726/boom/hls_boom/src/boom_core_merged.cpp:766]   --->   Operation 107 'store' 'store_ln766' <Predicate = (!icmp_ln740 & and_ln558 & or_ln563_2 & !state_execute_alu_results_valid_1_load & state_issue_issued_uops_uopc_1_load == 53) | (!icmp_ln740 & and_ln558 & or_ln563_2 & !state_execute_alu_results_valid_1_load & state_issue_issued_uops_uopc_1_load == 5)> <Delay = 0.48>
ST_3 : Operation 108 [1/1] (0.00ns)   --->   "%br_ln766 = br void %._crit_edge57" [/home/lab_726/boom/hls_boom/src/boom_core_merged.cpp:766]   --->   Operation 108 'br' 'br_ln766' <Predicate = (!icmp_ln740 & and_ln558 & or_ln563_2 & !state_execute_alu_results_valid_1_load & state_issue_issued_uops_uopc_1_load == 53) | (!icmp_ln740 & and_ln558 & or_ln563_2 & !state_execute_alu_results_valid_1_load & state_issue_issued_uops_uopc_1_load == 5)> <Delay = 0.00>
ST_3 : Operation 109 [1/1] (0.48ns)   --->   "%store_ln765 = store i64 %zext_ln765, i64 %state_execute_alu_results_result_1" [/home/lab_726/boom/hls_boom/src/boom_core_merged.cpp:765]   --->   Operation 109 'store' 'store_ln765' <Predicate = (!icmp_ln740 & and_ln558 & or_ln563_2 & !state_execute_alu_results_valid_1_load & state_issue_issued_uops_uopc_1_load == 52) | (!icmp_ln740 & and_ln558 & or_ln563_2 & !state_execute_alu_results_valid_1_load & state_issue_issued_uops_uopc_1_load == 4)> <Delay = 0.48>
ST_3 : Operation 110 [1/1] (0.00ns)   --->   "%br_ln765 = br void %._crit_edge57" [/home/lab_726/boom/hls_boom/src/boom_core_merged.cpp:765]   --->   Operation 110 'br' 'br_ln765' <Predicate = (!icmp_ln740 & and_ln558 & or_ln563_2 & !state_execute_alu_results_valid_1_load & state_issue_issued_uops_uopc_1_load == 52) | (!icmp_ln740 & and_ln558 & or_ln563_2 & !state_execute_alu_results_valid_1_load & state_issue_issued_uops_uopc_1_load == 4)> <Delay = 0.00>
ST_3 : Operation 111 [1/1] (0.48ns)   --->   "%store_ln764 = store i64 %shl_ln764, i64 %state_execute_alu_results_result_1" [/home/lab_726/boom/hls_boom/src/boom_core_merged.cpp:764]   --->   Operation 111 'store' 'store_ln764' <Predicate = (!icmp_ln740 & and_ln558 & or_ln563_2 & !state_execute_alu_results_valid_1_load & state_issue_issued_uops_uopc_1_load == 51) | (!icmp_ln740 & and_ln558 & or_ln563_2 & !state_execute_alu_results_valid_1_load & state_issue_issued_uops_uopc_1_load == 3)> <Delay = 0.48>
ST_3 : Operation 112 [1/1] (0.00ns)   --->   "%br_ln764 = br void %._crit_edge57" [/home/lab_726/boom/hls_boom/src/boom_core_merged.cpp:764]   --->   Operation 112 'br' 'br_ln764' <Predicate = (!icmp_ln740 & and_ln558 & or_ln563_2 & !state_execute_alu_results_valid_1_load & state_issue_issued_uops_uopc_1_load == 51) | (!icmp_ln740 & and_ln558 & or_ln563_2 & !state_execute_alu_results_valid_1_load & state_issue_issued_uops_uopc_1_load == 3)> <Delay = 0.00>
ST_3 : Operation 113 [1/1] (0.48ns)   --->   "%store_ln763 = store i64 %sub_ln763, i64 %state_execute_alu_results_result_1" [/home/lab_726/boom/hls_boom/src/boom_core_merged.cpp:763]   --->   Operation 113 'store' 'store_ln763' <Predicate = (!icmp_ln740 & and_ln558 & or_ln563_2 & !state_execute_alu_results_valid_1_load & state_issue_issued_uops_uopc_1_load == 2)> <Delay = 0.48>
ST_3 : Operation 114 [1/1] (0.00ns)   --->   "%br_ln763 = br void %._crit_edge57" [/home/lab_726/boom/hls_boom/src/boom_core_merged.cpp:763]   --->   Operation 114 'br' 'br_ln763' <Predicate = (!icmp_ln740 & and_ln558 & or_ln563_2 & !state_execute_alu_results_valid_1_load & state_issue_issued_uops_uopc_1_load == 2)> <Delay = 0.00>
ST_3 : Operation 115 [1/1] (0.48ns)   --->   "%store_ln762 = store i64 %add_ln762, i64 %state_execute_alu_results_result_1" [/home/lab_726/boom/hls_boom/src/boom_core_merged.cpp:762]   --->   Operation 115 'store' 'store_ln762' <Predicate = (!icmp_ln740 & and_ln558 & or_ln563_2 & !state_execute_alu_results_valid_1_load & state_issue_issued_uops_uopc_1_load == 50) | (!icmp_ln740 & and_ln558 & or_ln563_2 & !state_execute_alu_results_valid_1_load & state_issue_issued_uops_uopc_1_load == 1)> <Delay = 0.48>
ST_3 : Operation 116 [1/1] (0.00ns)   --->   "%br_ln762 = br void %._crit_edge57" [/home/lab_726/boom/hls_boom/src/boom_core_merged.cpp:762]   --->   Operation 116 'br' 'br_ln762' <Predicate = (!icmp_ln740 & and_ln558 & or_ln563_2 & !state_execute_alu_results_valid_1_load & state_issue_issued_uops_uopc_1_load == 50) | (!icmp_ln740 & and_ln558 & or_ln563_2 & !state_execute_alu_results_valid_1_load & state_issue_issued_uops_uopc_1_load == 1)> <Delay = 0.00>
ST_3 : Operation 117 [1/1] (0.48ns)   --->   "%store_ln796 = store i64 0, i64 %state_execute_alu_results_result_1" [/home/lab_726/boom/hls_boom/src/boom_core_merged.cpp:796]   --->   Operation 117 'store' 'store_ln796' <Predicate = (!icmp_ln740 & and_ln558 & or_ln563_2 & !state_execute_alu_results_valid_1_load & state_issue_issued_uops_uopc_1_load != 1 & state_issue_issued_uops_uopc_1_load != 50 & state_issue_issued_uops_uopc_1_load != 2 & state_issue_issued_uops_uopc_1_load != 3 & state_issue_issued_uops_uopc_1_load != 51 & state_issue_issued_uops_uopc_1_load != 4 & state_issue_issued_uops_uopc_1_load != 52 & state_issue_issued_uops_uopc_1_load != 5 & state_issue_issued_uops_uopc_1_load != 53 & state_issue_issued_uops_uopc_1_load != 6 & state_issue_issued_uops_uopc_1_load != 54 & state_issue_issued_uops_uopc_1_load != 7 & state_issue_issued_uops_uopc_1_load != 55 & state_issue_issued_uops_uopc_1_load != 8 & state_issue_issued_uops_uopc_1_load != 56 & state_issue_issued_uops_uopc_1_load != 9 & state_issue_issued_uops_uopc_1_load != 57 & state_issue_issued_uops_uopc_1_load != 10 & state_issue_issued_uops_uopc_1_load != 58 & state_issue_issued_uops_uopc_1_load != 11 & state_issue_issued_uops_uopc_1_load != 59 & state_issue_issued_uops_uopc_1_load != 12 & state_issue_issued_uops_uopc_1_load != 13 & state_issue_issued_uops_uopc_1_load != 60 & state_issue_issued_uops_uopc_1_load != 15 & state_issue_issued_uops_uopc_1_load != 62 & state_issue_issued_uops_uopc_1_load != 16 & state_issue_issued_uops_uopc_1_load != 29 & state_issue_issued_uops_uopc_1_load != 30 & state_issue_issued_uops_uopc_1_load != 31 & state_issue_issued_uops_uopc_1_load != 32 & state_issue_issued_uops_uopc_1_load != 33 & state_issue_issued_uops_uopc_1_load != 34 & state_issue_issued_uops_uopc_1_load != 35 & state_issue_issued_uops_uopc_1_load != 36 & state_issue_issued_uops_uopc_1_load != 37 & state_issue_issued_uops_uopc_1_load != 38 & state_issue_issued_uops_uopc_1_load != 39 & state_issue_issued_uops_uopc_1_load != 40 & state_issue_issued_uops_uopc_1_load != 41 & state_issue_issued_uops_uopc_1_load != 42 & state_issue_issued_uops_uopc_1_load != 43 & state_issue_issued_uops_uopc_1_load != 44 & state_issue_issued_uops_uopc_1_load != 45 & state_issue_issued_uops_uopc_1_load != 46 & state_issue_issued_uops_uopc_1_load != 47 & state_issue_issued_uops_uopc_1_load != 48 & state_issue_issued_uops_uopc_1_load != 49)> <Delay = 0.48>
ST_3 : Operation 118 [1/1] (0.00ns)   --->   "%br_ln796 = br void %._crit_edge57" [/home/lab_726/boom/hls_boom/src/boom_core_merged.cpp:796]   --->   Operation 118 'br' 'br_ln796' <Predicate = (!icmp_ln740 & and_ln558 & or_ln563_2 & !state_execute_alu_results_valid_1_load & state_issue_issued_uops_uopc_1_load != 1 & state_issue_issued_uops_uopc_1_load != 50 & state_issue_issued_uops_uopc_1_load != 2 & state_issue_issued_uops_uopc_1_load != 3 & state_issue_issued_uops_uopc_1_load != 51 & state_issue_issued_uops_uopc_1_load != 4 & state_issue_issued_uops_uopc_1_load != 52 & state_issue_issued_uops_uopc_1_load != 5 & state_issue_issued_uops_uopc_1_load != 53 & state_issue_issued_uops_uopc_1_load != 6 & state_issue_issued_uops_uopc_1_load != 54 & state_issue_issued_uops_uopc_1_load != 7 & state_issue_issued_uops_uopc_1_load != 55 & state_issue_issued_uops_uopc_1_load != 8 & state_issue_issued_uops_uopc_1_load != 56 & state_issue_issued_uops_uopc_1_load != 9 & state_issue_issued_uops_uopc_1_load != 57 & state_issue_issued_uops_uopc_1_load != 10 & state_issue_issued_uops_uopc_1_load != 58 & state_issue_issued_uops_uopc_1_load != 11 & state_issue_issued_uops_uopc_1_load != 59 & state_issue_issued_uops_uopc_1_load != 12 & state_issue_issued_uops_uopc_1_load != 13 & state_issue_issued_uops_uopc_1_load != 60 & state_issue_issued_uops_uopc_1_load != 15 & state_issue_issued_uops_uopc_1_load != 62 & state_issue_issued_uops_uopc_1_load != 16 & state_issue_issued_uops_uopc_1_load != 29 & state_issue_issued_uops_uopc_1_load != 30 & state_issue_issued_uops_uopc_1_load != 31 & state_issue_issued_uops_uopc_1_load != 32 & state_issue_issued_uops_uopc_1_load != 33 & state_issue_issued_uops_uopc_1_load != 34 & state_issue_issued_uops_uopc_1_load != 35 & state_issue_issued_uops_uopc_1_load != 36 & state_issue_issued_uops_uopc_1_load != 37 & state_issue_issued_uops_uopc_1_load != 38 & state_issue_issued_uops_uopc_1_load != 39 & state_issue_issued_uops_uopc_1_load != 40 & state_issue_issued_uops_uopc_1_load != 41 & state_issue_issued_uops_uopc_1_load != 42 & state_issue_issued_uops_uopc_1_load != 43 & state_issue_issued_uops_uopc_1_load != 44 & state_issue_issued_uops_uopc_1_load != 45 & state_issue_issued_uops_uopc_1_load != 46 & state_issue_issued_uops_uopc_1_load != 47 & state_issue_issued_uops_uopc_1_load != 48 & state_issue_issued_uops_uopc_1_load != 49)> <Delay = 0.00>
ST_3 : Operation 119 [1/1] (0.00ns)   --->   "%br_ln801 = br void %.critedge2" [/home/lab_726/boom/hls_boom/src/boom_core_merged.cpp:801]   --->   Operation 119 'br' 'br_ln801' <Predicate = (!icmp_ln740 & and_ln558 & or_ln563_2 & !state_execute_alu_results_valid_1_load)> <Delay = 0.00>
ST_3 : Operation 120 [1/1] (0.42ns)   --->   "%store_ln740 = store i2 %add_ln740, i2 %i" [/home/lab_726/boom/hls_boom/src/boom_core_merged.cpp:740]   --->   Operation 120 'store' 'store_ln740' <Predicate = (!icmp_ln740)> <Delay = 0.42>
ST_3 : Operation 121 [1/1] (0.00ns)   --->   "%br_ln0 = br void"   --->   Operation 121 'br' 'br_ln0' <Predicate = (!icmp_ln740)> <Delay = 0.00>
ST_3 : Operation 122 [1/1] (0.00ns)   --->   "%ret_ln802 = ret" [/home/lab_726/boom/hls_boom/src/boom_core_merged.cpp:802]   --->   Operation 122 'ret' 'ret_ln802' <Predicate = (icmp_ln740)> <Delay = 0.00>


============================================================
+ Verbose Summary: Timing violations
============================================================
Target clock period: 10ns, clock uncertainty: 2.7ns.

 <State 1>: 1.24ns
The critical path consists of the following:
	'load' operation ('state_issue_issued_uops_rename_prs1_1_load', /home/lab_726/boom/hls_boom/src/boom_core_merged.cpp:748) on static variable 'state_issue_issued_uops_rename_prs1_1' [13]  (0 ns)
	'getelementptr' operation ('state_int_rf_addr', /home/lab_726/boom/hls_boom/src/boom_core_merged.cpp:748) [21]  (0 ns)
	'load' operation ('state_int_rf_load', /home/lab_726/boom/hls_boom/src/boom_core_merged.cpp:748) on array 'state_int_rf' [22]  (1.24 ns)

 <State 2>: 5.08ns
The critical path consists of the following:
	'load' operation ('state_int_rf_load', /home/lab_726/boom/hls_boom/src/boom_core_merged.cpp:748) on array 'state_int_rf' [22]  (1.24 ns)
	'select' operation ('rs1', /home/lab_726/boom/hls_boom/src/boom_core_merged.cpp:748) [23]  (0.424 ns)
	'mul' operation ('mul_ln776', /home/lab_726/boom/hls_boom/src/boom_core_merged.cpp:776) [49]  (3.42 ns)

 <State 3>: 0.975ns
The critical path consists of the following:
	'load' operation ('i', /home/lab_726/boom/hls_boom/src/boom_core_merged.cpp:741) on local variable 'i' [61]  (0 ns)
	'add' operation ('add_ln740', /home/lab_726/boom/hls_boom/src/boom_core_merged.cpp:740) [64]  (0.548 ns)
	'store' operation ('store_ln740', /home/lab_726/boom/hls_boom/src/boom_core_merged.cpp:740) of variable 'add_ln740', /home/lab_726/boom/hls_boom/src/boom_core_merged.cpp:740 on local variable 'i' [152]  (0.427 ns)


============================================================
+ Verbose Summary: Binding
============================================================
N/A
* FSMD analyzer results:
  - Output states:
 - Input state : 
  - Chain level:
	State 1
	State 2
	State 3


============================================================
+ Verbose Summary: Datapath Resource usage 
============================================================
N/A
