

================================================================
== Vitis HLS Report for 'synth_lsu_top'
================================================================
* Date:           Tue Aug  4 18:57:20 2026

* Version:        2021.2 (Build 3367213 on Tue Oct 19 02:47:39 MDT 2021)
* Project:        synth_lsu_top
* Solution:       solution_w4e_final (Vivado IP Flow Target)
* Product family: zynquplus
* Target device:  xczu7ev-ffvc1156-2-e


================================================================
== Performance Estimates
================================================================
+ Timing: 
    * Summary: 
    +--------+----------+----------+------------+
    |  Clock |  Target  | Estimated| Uncertainty|
    +--------+----------+----------+------------+
    |ap_clk  |  10.00 ns|  3.474 ns|     2.70 ns|
    +--------+----------+----------+------------+

+ Latency: 
    * Summary: 
    +---------+---------+-----------+-----------+-----+------+---------+
    |  Latency (cycles) |   Latency (absolute)  |  Interval  | Pipeline|
    |   min   |   max   |    min    |    max    | min |  max |   Type  |
    +---------+---------+-----------+-----------+-----+------+---------+
    |        8|     3526|  80.000 ns|  35.260 us|    9|  3527|       no|
    +---------+---------+-----------+-----------+-----+------+---------+

    + Detail: 
        * Instance: 
        +---------------------------+----------------+---------+---------+-----------+----------+-----+-----+---------+
        |                           |                |  Latency (cycles) |  Latency (absolute)  |  Interval | Pipeline|
        |          Instance         |     Module     |   min   |   max   |    min    |    max   | min | max |   Type  |
        +---------------------------+----------------+---------+---------+-----------+----------+-----+-----+---------+
        |grp_try_issue_load_fu_400  |try_issue_load  |        3|      105|  30.000 ns|  1.050 us|    3|  105|       no|
        +---------------------------+----------------+---------+---------+-----------+----------+-----+-----+---------+

        * Loop: 
        +-----------------------+---------+---------+----------+-----------+-----------+--------+----------+
        |                       |  Latency (cycles) | Iteration|  Initiation Interval  |  Trip  |          |
        |       Loop Name       |   min   |   max   |  Latency |  achieved |   target  |  Count | Pipelined|
        +-----------------------+---------+---------+----------+-----------+-----------+--------+----------+
        |- Loop 1               |       32|       32|         1|          -|          -|      32|        no|
        |- VITIS_LOOP_142_1     |       32|       32|         1|          -|          -|      32|        no|
        |- LSU_LOAD_ISSUE_SCAN  |        6|     3458|   6 ~ 108|          -|          -|  1 ~ 32|        no|
        +-----------------------+---------+---------+----------+-----------+-----------+--------+----------+



================================================================
== Utilization Estimates
================================================================
* Summary: 
+-----------------+---------+------+--------+--------+-----+
|       Name      | BRAM_18K|  DSP |   FF   |   LUT  | URAM|
+-----------------+---------+------+--------+--------+-----+
|DSP              |        -|     -|       -|       -|    -|
|Expression       |        -|     -|       0|      79|    -|
|FIFO             |        -|     -|      99|      67|    -|
|Instance         |        -|     -|      54|     210|    -|
|Memory           |        0|     -|      20|      10|    0|
|Multiplexer      |        -|     -|       -|     497|    -|
|Register         |        -|     -|      71|       -|    -|
+-----------------+---------+------+--------+--------+-----+
|Total            |        0|     0|     244|     863|    0|
+-----------------+---------+------+--------+--------+-----+
|Available        |      624|  1728|  460800|  230400|   96|
+-----------------+---------+------+--------+--------+-----+
|Utilization (%)  |        0|     0|      ~0|      ~0|    0|
+-----------------+---------+------+--------+--------+-----+

+ Detail: 
    * Instance: 
    +---------------------------+----------------+---------+----+----+-----+-----+
    |          Instance         |     Module     | BRAM_18K| DSP| FF | LUT | URAM|
    +---------------------------+----------------+---------+----+----+-----+-----+
    |grp_try_issue_load_fu_400  |try_issue_load  |        0|   0|  54|  210|    0|
    +---------------------------+----------------+---------+----+----+-----+-----+
    |Total                      |                |        0|   0|  54|  210|    0|
    +---------------------------+----------------+---------+----+----+-----+-----+

    * DSP: 
    N/A

    * Memory: 
    +-----------------------------------------+---------------------------------------+---------+---+----+-----+------+-----+------+-------------+
    |                  Memory                 |                 Module                | BRAM_18K| FF| LUT| URAM| Words| Bits| Banks| W*Bits*Banks|
    +-----------------------------------------+---------------------------------------+---------+---+----+-----+------+-----+------+-------------+
    |state_rob_entries_valid_U                |state_rob_entries_valid_RAM_AUTO_1R1W  |        0|  2|   1|    0|    32|    1|     1|           32|
    |state_rob_entries_uop_ctrl_is_sta_U      |state_rob_entries_valid_RAM_AUTO_1R1W  |        0|  2|   1|    0|    32|    1|     1|           32|
    |state_rob_entries_uop_branch_br_mask_U   |state_rob_entries_valid_RAM_AUTO_1R1W  |        0|  2|   1|    0|    32|    1|     1|           32|
    |state_rob_entries_memory_valid_U         |state_rob_entries_valid_RAM_AUTO_1R1W  |        0|  2|   1|    0|    32|    1|     1|           32|
    |state_rob_entries_is_load_U              |state_rob_entries_valid_RAM_AUTO_1R1W  |        0|  2|   1|    0|    32|    1|     1|           32|
    |state_rob_entries_signed_load_U          |state_rob_entries_valid_RAM_AUTO_1R1W  |        0|  2|   1|    0|    32|    1|     1|           32|
    |state_rob_entries_memory_request_sent_U  |state_rob_entries_valid_RAM_AUTO_1R1W  |        0|  2|   1|    0|    32|    1|     1|           32|
    |state_rob_entries_memory_address_U       |state_rob_entries_valid_RAM_AUTO_1R1W  |        0|  2|   1|    0|    32|    1|     1|           32|
    |state_rob_entries_memory_mask_U          |state_rob_entries_valid_RAM_AUTO_1R1W  |        0|  2|   1|    0|    32|    1|     1|           32|
    |state_rob_entries_memory_size_U          |state_rob_entries_valid_RAM_AUTO_1R1W  |        0|  2|   1|    0|    32|    1|     1|           32|
    +-----------------------------------------+---------------------------------------+---------+---+----+-----+------+-----+------+-------------+
    |Total                                    |                                       |        0| 20|  10|    0|   320|   10|    10|          320|
    +-----------------------------------------+---------------------------------------+---------+---+----+-----+------+-----+------+-------------+

    * FIFO: 
    +---------------+---------+----+----+-----+------+-----+---------+
    |      Name     | BRAM_18K| FF | LUT| URAM| Depth| Bits| Size:D*B|
    +---------------+---------+----+----+-----+------+-----+---------+
    |pipe_2_fifo_U  |        0|  99|   0|    -|     2|  283|      566|
    +---------------+---------+----+----+-----+------+-----+---------+
    |Total          |        0|  99|   0|    0|     2|  283|      566|
    +---------------+---------+----+----+-----+------+-----+---------+

    * Expression: 
    +--------------------------------+----------+----+---+----+------------+------------+
    |          Variable Name         | Operation| DSP| FF| LUT| Bitwidth P0| Bitwidth P1|
    +--------------------------------+----------+----+---+----+------------+------------+
    |add_ln140_fu_442_p2             |         +|   0|  0|  12|           5|           1|
    |add_ln142_fu_501_p2             |         +|   0|  0|  13|           6|           1|
    |i_5_fu_544_p2                   |         +|   0|  0|  13|           6|           1|
    |tmp_1_nbreadreq_fu_151_p3       |       and|   0|  0|   2|           1|           0|
    |tmp_nbreadreq_fu_130_p3         |       and|   0|  0|   2|           1|           0|
    |icmp_ln140_fu_462_p2            |      icmp|   0|  0|   9|           5|           2|
    |icmp_ln142_fu_495_p2            |      icmp|   0|  0|  10|           6|           7|
    |icmp_ln2177_fu_538_p2           |      icmp|   0|  0|  10|           6|           7|
    |ap_block_state3                 |        or|   0|  0|   2|           1|           1|
    |ap_block_state6                 |        or|   0|  0|   2|           1|           1|
    |ap_predicate_op114_read_state6  |        or|   0|  0|   2|           1|           1|
    |ap_predicate_op93_read_state3   |        or|   0|  0|   2|           1|           1|
    +--------------------------------+----------+----+---+----+------------+------------+
    |Total                           |          |   0|  0|  79|          40|          23|
    +--------------------------------+----------+----+---+----+------------+------------+

    * Multiplexer: 
    +------------------------------------------------+----+-----------+-----+-----------+
    |                      Name                      | LUT| Input Size| Bits| Total Bits|
    +------------------------------------------------+----+-----------+-----+-----------+
    |ap_NS_fsm                                       |  37|          7|    1|          7|
    |dmem_req_out_blk_n                              |   9|          2|    1|          2|
    |dmem_resp_in_blk_n                              |   9|          2|    1|          2|
    |i_1_fu_126                                      |   9|          2|    6|         12|
    |i_fu_122                                        |   9|          2|    6|         12|
    |indvar_i_i_i_fu_118                             |   9|          2|    5|         10|
    |pipe_2_write                                    |   9|          2|    1|          2|
    |state_lsu_load_response_pending                 |   9|          2|    1|          2|
    |state_lsu_next_transaction_id                   |   9|          2|   32|         64|
    |state_rob_entries_is_load_address0              |  20|          4|    5|         20|
    |state_rob_entries_is_load_ce0                   |  14|          3|    1|          3|
    |state_rob_entries_memory_address_address0       |  20|          4|    5|         20|
    |state_rob_entries_memory_address_ce0            |  14|          3|    1|          3|
    |state_rob_entries_memory_mask_address0          |  20|          4|    5|         20|
    |state_rob_entries_memory_mask_ce0               |  14|          3|    1|          3|
    |state_rob_entries_memory_request_sent_address0  |  20|          4|    5|         20|
    |state_rob_entries_memory_request_sent_ce0       |  14|          3|    1|          3|
    |state_rob_entries_memory_request_sent_d0        |  14|          3|    1|          3|
    |state_rob_entries_memory_request_sent_we0       |  14|          3|    1|          3|
    |state_rob_entries_memory_size_address0          |  20|          4|    5|         20|
    |state_rob_entries_memory_size_ce0               |  14|          3|    1|          3|
    |state_rob_entries_memory_valid_address0         |  20|          4|    5|         20|
    |state_rob_entries_memory_valid_ce0              |  14|          3|    1|          3|
    |state_rob_entries_signed_load_address0          |  20|          4|    5|         20|
    |state_rob_entries_signed_load_ce0               |  14|          3|    1|          3|
    |state_rob_entries_uop_branch_br_mask_address0   |  20|          4|    5|         20|
    |state_rob_entries_uop_branch_br_mask_ce0        |  14|          3|    1|          3|
    |state_rob_entries_uop_ctrl_is_sta_address0      |  20|          4|    5|         20|
    |state_rob_entries_uop_ctrl_is_sta_ce0           |  14|          3|    1|          3|
    |state_rob_entries_valid_address0                |  26|          5|    5|         25|
    |state_rob_entries_valid_ce0                     |  14|          3|    1|          3|
    |state_rob_entries_valid_d0                      |  14|          3|    1|          3|
    +------------------------------------------------+----+-----------+-----+-----------+
    |Total                                           | 497|        103|  117|        357|
    +------------------------------------------------+----+-----------+-----+-----------+

    * Register: 
    +----------------------------------------------------------------------------------------------------------------------------+----+----+-----+-----------+
    |                                                            Name                                                            | FF | LUT| Bits| Const Bits|
    +----------------------------------------------------------------------------------------------------------------------------+----+----+-----+-----------+
    |ap_CS_fsm                                                                                                                   |   6|   0|    6|          0|
    |grp_try_issue_load_fu_400_ap_start_reg                                                                                      |   1|   0|    1|          0|
    |guard_variable_for_synth_lsu_top_stream_DmemRequest_0_stream_DmemResponse_0_unsigned_long_unsigned_long_state               |   1|   0|    1|          0|
    |guard_variable_for_synth_lsu_top_stream_DmemRequest_0_stream_DmemResponse_0_unsigned_long_unsigned_long_state_load_reg_584  |   1|   0|    1|          0|
    |i_1_fu_126                                                                                                                  |   6|   0|    6|          0|
    |i_5_reg_622                                                                                                                 |   6|   0|    6|          0|
    |i_fu_122                                                                                                                    |   6|   0|    6|          0|
    |icmp_ln2177_reg_618                                                                                                         |   1|   0|    1|          0|
    |idx_reg_627                                                                                                                 |   5|   0|    5|          0|
    |indvar_i_i_i_fu_118                                                                                                         |   5|   0|    5|          0|
    |state_lsu_load_response_pending                                                                                             |   1|   0|    1|          0|
    |state_lsu_next_transaction_id                                                                                               |  32|   0|   32|          0|
    +----------------------------------------------------------------------------------------------------------------------------+----+----+-----+-----------+
    |Total                                                                                                                       |  71|   0|   71|          0|
    +----------------------------------------------------------------------------------------------------------------------------+----+----+-----+-----------+



================================================================
== Interface
================================================================
* Summary: 
+----------------------+-----+-----+------------+---------------+--------------+
|       RTL Ports      | Dir | Bits|  Protocol  | Source Object |    C Type    |
+----------------------+-----+-----+------------+---------------+--------------+
|ap_local_block        |  out|    1|  ap_ctrl_hs|  synth_lsu_top|  return value|
|ap_local_deadlock     |  out|    1|  ap_ctrl_hs|  synth_lsu_top|  return value|
|ap_clk                |   in|    1|  ap_ctrl_hs|  synth_lsu_top|  return value|
|ap_rst                |   in|    1|  ap_ctrl_hs|  synth_lsu_top|  return value|
|ap_start              |   in|    1|  ap_ctrl_hs|  synth_lsu_top|  return value|
|ap_done               |  out|    1|  ap_ctrl_hs|  synth_lsu_top|  return value|
|ap_idle               |  out|    1|  ap_ctrl_hs|  synth_lsu_top|  return value|
|ap_ready              |  out|    1|  ap_ctrl_hs|  synth_lsu_top|  return value|
|dmem_req_out_din      |  out|  283|     ap_fifo|   dmem_req_out|       pointer|
|dmem_req_out_full_n   |   in|    1|     ap_fifo|   dmem_req_out|       pointer|
|dmem_req_out_write    |  out|    1|     ap_fifo|   dmem_req_out|       pointer|
|dmem_resp_in_dout     |   in|  289|     ap_fifo|   dmem_resp_in|       pointer|
|dmem_resp_in_empty_n  |   in|    1|     ap_fifo|   dmem_resp_in|       pointer|
|dmem_resp_in_read     |  out|    1|     ap_fifo|   dmem_resp_in|       pointer|
|seed_addr             |   in|   64|     ap_none|      seed_addr|        scalar|
|observable            |  out|   64|      ap_vld|     observable|       pointer|
|observable_ap_vld     |  out|    1|      ap_vld|     observable|       pointer|
+----------------------+-----+-----+------------+---------------+--------------+

