

================================================================
== Vitis HLS Report for 'synth_lsu_top'
================================================================
* Date:           Fri Jul 31 19:22:03 2026

* Version:        2021.2 (Build 3367213 on Tue Oct 19 02:47:39 MDT 2021)
* Project:        synth_lsu_top
* Solution:       solution_w3_csynth (Vivado IP Flow Target)
* Product family: zynquplus
* Target device:  xczu7ev-ffvc1156-2-e


================================================================
== Performance Estimates
================================================================
+ Timing: 
    * Summary: 
    +--------+----------+----------+------------+
    |  Clock |  Target  | Estimated| Uncertainty|
    +--------+----------+----------+------------+
    |ap_clk  |  10.00 ns|  3.474 ns|     2.70 ns|
    +--------+----------+----------+------------+

+ Latency: 
    * Summary: 
    +---------+---------+-----------+-----------+-----+-----+---------+
    |  Latency (cycles) |   Latency (absolute)  |  Interval | Pipeline|
    |   min   |   max   |    min    |    max    | min | max |   Type  |
    +---------+---------+-----------+-----------+-----+-----+---------+
    |        1|        1|  10.000 ns|  10.000 ns|    2|    2|       no|
    +---------+---------+-----------+-----------+-----+-----+---------+

    + Detail: 
        * Instance: 
        +-------------------------------+------------+---------+---------+----------+----------+-----+-----+---------+
        |                               |            |  Latency (cycles) |  Latency (absolute) |  Interval | Pipeline|
        |            Instance           |   Module   |   min   |   max   |    min   |    max   | min | max |   Type  |
        +-------------------------------+------------+---------+---------+----------+----------+-----+-----+---------+
        |call_ln2052_lsu_module_fu_109  |lsu_module  |        0|        0|      0 ns|      0 ns|    0|    0|       no|
        +-------------------------------+------------+---------+---------+----------+----------+-----+-----+---------+

        * Loop: 
        N/A



================================================================
== Utilization Estimates
================================================================
* Summary: 
+-----------------+---------+------+--------+--------+-----+
|       Name      | BRAM_18K|  DSP |   FF   |   LUT  | URAM|
+-----------------+---------+------+--------+--------+-----+
|DSP              |        -|     -|       -|       -|    -|
|Expression       |        -|     -|       0|       8|    -|
|FIFO             |        -|     -|      99|      67|    -|
|Instance         |        -|     -|       1|      13|    -|
|Memory           |        -|     -|       -|       -|    -|
|Multiplexer      |        -|     -|       -|      41|    -|
|Register         |        -|     -|       2|       -|    -|
+-----------------+---------+------+--------+--------+-----+
|Total            |        0|     0|     102|     129|    0|
+-----------------+---------+------+--------+--------+-----+
|Available        |      624|  1728|  460800|  230400|   96|
+-----------------+---------+------+--------+--------+-----+
|Utilization (%)  |        0|     0|      ~0|      ~0|    0|
+-----------------+---------+------+--------+--------+-----+

+ Detail: 
    * Instance: 
    +-------------------------------+------------+---------+----+---+----+-----+
    |            Instance           |   Module   | BRAM_18K| DSP| FF| LUT| URAM|
    +-------------------------------+------------+---------+----+---+----+-----+
    |call_ln2052_lsu_module_fu_109  |lsu_module  |        0|   0|  1|  13|    0|
    +-------------------------------+------------+---------+----+---+----+-----+
    |Total                          |            |        0|   0|  1|  13|    0|
    +-------------------------------+------------+---------+----+---+----+-----+

    * DSP: 
    N/A

    * Memory: 
    N/A

    * FIFO: 
    +---------------+---------+----+----+-----+------+-----+---------+
    |      Name     | BRAM_18K| FF | LUT| URAM| Depth| Bits| Size:D*B|
    +---------------+---------+----+----+-----+------+-----+---------+
    |pipe_3_fifo_U  |        0|  99|   0|    -|     2|  289|      578|
    +---------------+---------+----+----+-----+------+-----+---------+
    |Total          |        0|  99|   0|    0|     2|  289|      578|
    +---------------+---------+----+----+-----+------+-----+---------+

    * Expression: 
    +--------------------------+----------+----+---+----+------------+------------+
    |       Variable Name      | Operation| DSP| FF| LUT| Bitwidth P0| Bitwidth P1|
    +--------------------------+----------+----+---+----+------------+------------+
    |tmp_1_nbreadreq_fu_81_p3  |       and|   0|  0|   2|           2|           0|
    |tmp_nbreadreq_fu_60_p3    |       and|   0|  0|   2|           1|           0|
    |ap_block_state1           |        or|   0|  0|   2|           1|           1|
    |ap_block_state2           |        or|   0|  0|   2|           1|           1|
    +--------------------------+----------+----+---+----+------------+------------+
    |Total                     |          |   0|  0|   8|           5|           2|
    +--------------------------+----------+----+---+----+------------+------------+

    * Multiplexer: 
    +--------------------+----+-----------+-----+-----------+
    |        Name        | LUT| Input Size| Bits| Total Bits|
    +--------------------+----+-----------+-----+-----------+
    |ap_NS_fsm           |  14|          3|    1|          3|
    |dmem_req_out_blk_n  |   9|          2|    1|          2|
    |dmem_resp_in_blk_n  |   9|          2|    1|          2|
    |pipe_3_read         |   9|          2|    1|          2|
    +--------------------+----+-----------+-----+-----------+
    |Total               |  41|          9|    4|          9|
    +--------------------+----+-----------+-----+-----------+

    * Register: 
    +-----------+---+----+-----+-----------+
    |    Name   | FF| LUT| Bits| Const Bits|
    +-----------+---+----+-----+-----------+
    |ap_CS_fsm  |  2|   0|    2|          0|
    +-----------+---+----+-----+-----------+
    |Total      |  2|   0|    2|          0|
    +-----------+---+----+-----+-----------+



================================================================
== Interface
================================================================
* Summary: 
+----------------------+-----+-----+------------+---------------+--------------+
|       RTL Ports      | Dir | Bits|  Protocol  | Source Object |    C Type    |
+----------------------+-----+-----+------------+---------------+--------------+
|ap_local_block        |  out|    1|  ap_ctrl_hs|  synth_lsu_top|  return value|
|ap_local_deadlock     |  out|    1|  ap_ctrl_hs|  synth_lsu_top|  return value|
|ap_clk                |   in|    1|  ap_ctrl_hs|  synth_lsu_top|  return value|
|ap_rst                |   in|    1|  ap_ctrl_hs|  synth_lsu_top|  return value|
|ap_start              |   in|    1|  ap_ctrl_hs|  synth_lsu_top|  return value|
|ap_done               |  out|    1|  ap_ctrl_hs|  synth_lsu_top|  return value|
|ap_idle               |  out|    1|  ap_ctrl_hs|  synth_lsu_top|  return value|
|ap_ready              |  out|    1|  ap_ctrl_hs|  synth_lsu_top|  return value|
|dmem_req_out_din      |  out|  283|     ap_fifo|   dmem_req_out|       pointer|
|dmem_req_out_full_n   |   in|    1|     ap_fifo|   dmem_req_out|       pointer|
|dmem_req_out_write    |  out|    1|     ap_fifo|   dmem_req_out|       pointer|
|dmem_resp_in_dout     |   in|  289|     ap_fifo|   dmem_resp_in|       pointer|
|dmem_resp_in_empty_n  |   in|    1|     ap_fifo|   dmem_resp_in|       pointer|
|dmem_resp_in_read     |  out|    1|     ap_fifo|   dmem_resp_in|       pointer|
|seed_addr             |   in|   64|     ap_none|      seed_addr|        scalar|
|observable            |  out|   64|      ap_vld|     observable|       pointer|
|observable_ap_vld     |  out|    1|      ap_vld|     observable|       pointer|
+----------------------+-----+-----+------------+---------------+--------------+

============================================================
+ Verbose Summary: Synthesis Manager
============================================================
InlineROM: 1
ExposeGlobal: 0
============================================================
+ Verbose Summary: CDFG Model
============================================================
IsTopModel: 1
ResetActiveHigh: 1
IsCombinational: 2
IsDatapathOnly: 2
HasWiredReturn: 1
HasMFsm: 0
HasVarLatency: 1
IsPipeline: 0
IsRtlPipelined: 0
IsInstanceOverlapped: 0
IsDontTouch: 0
HasImplIP: 0
IsGatedGlobalClock: 0


============================================================
+ Verbose Summary: Schedule
============================================================
* Number of FSM states : 2
* Pipeline : 0
* Dataflow Pipeline: 0

* FSM state transitions: 
1 --> 2 
2 --> 

* FSM state operations: 

State 1 <SV = 0> <Delay = 3.47>
ST_1 : Operation 3 [1/1] (0.00ns)   --->   "%spectopmodule_ln0 = spectopmodule void @_ssdm_op_SpecTopModule, void @empty_2"   --->   Operation 3 'spectopmodule' 'spectopmodule_ln0' <Predicate = true> <Delay = 0.00>
ST_1 : Operation 4 [1/1] (0.00ns)   --->   "%specinterface_ln0 = specinterface void @_ssdm_op_SpecInterface, i283 %dmem_req_out, void @empty_0, i32 0, i32 0, void @empty, i32 0, i32 0, void @empty, void @empty, void @empty, i32 0, i32 0, i32 0, i32 0, void @empty, void @empty"   --->   Operation 4 'specinterface' 'specinterface_ln0' <Predicate = true> <Delay = 0.00>
ST_1 : Operation 5 [1/1] (0.00ns)   --->   "%specbitsmap_ln0 = specbitsmap void @_ssdm_op_SpecBitsMap, i283 %dmem_req_out"   --->   Operation 5 'specbitsmap' 'specbitsmap_ln0' <Predicate = true> <Delay = 0.00>
ST_1 : Operation 6 [1/1] (0.00ns)   --->   "%specinterface_ln0 = specinterface void @_ssdm_op_SpecInterface, i289 %dmem_resp_in, void @empty_0, i32 0, i32 0, void @empty, i32 0, i32 0, void @empty, void @empty, void @empty, i32 0, i32 0, i32 0, i32 0, void @empty, void @empty"   --->   Operation 6 'specinterface' 'specinterface_ln0' <Predicate = true> <Delay = 0.00>
ST_1 : Operation 7 [1/1] (0.00ns)   --->   "%specbitsmap_ln0 = specbitsmap void @_ssdm_op_SpecBitsMap, i289 %dmem_resp_in"   --->   Operation 7 'specbitsmap' 'specbitsmap_ln0' <Predicate = true> <Delay = 0.00>
ST_1 : Operation 8 [1/1] (0.00ns)   --->   "%specbitsmap_ln0 = specbitsmap void @_ssdm_op_SpecBitsMap, i64 %seed_addr"   --->   Operation 8 'specbitsmap' 'specbitsmap_ln0' <Predicate = true> <Delay = 0.00>
ST_1 : Operation 9 [1/1] (0.00ns)   --->   "%specinterface_ln0 = specinterface void @_ssdm_op_SpecInterface, i64 %seed_addr, void @empty_1, i32 0, i32 0, void @empty, i32 0, i32 0, void @empty, void @empty, void @empty, i32 0, i32 0, i32 0, i32 0, void @empty, void @empty"   --->   Operation 9 'specinterface' 'specinterface_ln0' <Predicate = true> <Delay = 0.00>
ST_1 : Operation 10 [1/1] (0.00ns)   --->   "%specbitsmap_ln0 = specbitsmap void @_ssdm_op_SpecBitsMap, i64 %observable"   --->   Operation 10 'specbitsmap' 'specbitsmap_ln0' <Predicate = true> <Delay = 0.00>
ST_1 : Operation 11 [1/1] (0.00ns)   --->   "%specinterface_ln0 = specinterface void @_ssdm_op_SpecInterface, i64 %observable, void @empty_1, i32 0, i32 0, void @empty, i32 0, i32 0, void @empty, void @empty, void @empty, i32 0, i32 0, i32 0, i32 0, void @empty, void @empty"   --->   Operation 11 'specinterface' 'specinterface_ln0' <Predicate = true> <Delay = 0.00>
ST_1 : Operation 12 [1/1] (0.00ns)   --->   "%pipe_2 = alloca i64 1"   --->   Operation 12 'alloca' 'pipe_2' <Predicate = true> <Delay = 0.00>
ST_1 : Operation 13 [1/1] (0.00ns)   --->   "%specinterface_ln0 = specinterface void @_ssdm_op_SpecInterface, i283 %pipe_2, void @empty_0, i32 0, i32 0, void @empty, i32 0, i32 0, void @empty, void @empty, void @empty, i32 0, i32 0, i32 0, i32 0, void @empty, void @empty"   --->   Operation 13 'specinterface' 'specinterface_ln0' <Predicate = true> <Delay = 0.00>
ST_1 : Operation 14 [1/1] (0.00ns)   --->   "%pipe_3 = alloca i64 1"   --->   Operation 14 'alloca' 'pipe_3' <Predicate = true> <Delay = 0.00> <CoreInst = "FIFO_SRL">   --->   Core 81 'FIFO_SRL' <Latency = 0> <II = 1> <Delay = 1.83> <Storage> <Opcode : 'read' 'write' 'nbread' 'nbwrite'> <Ports = 0> <Width = 289> <Depth = 2> <FIFO>
ST_1 : Operation 15 [1/1] (0.00ns)   --->   "%empty = specchannel i32 @_ssdm_op_SpecChannel, void @pipe_OC_3_str, i32 1, void @p_str, void @p_str, i32 2, i32 2, i289 %pipe_3, i289 %pipe_3"   --->   Operation 15 'specchannel' 'empty' <Predicate = true> <Delay = 0.00>
ST_1 : Operation 16 [1/1] (0.00ns)   --->   "%specinterface_ln0 = specinterface void @_ssdm_op_SpecInterface, i289 %pipe_3, void @empty_0, i32 0, i32 0, void @empty, i32 0, i32 0, void @empty, void @empty, void @empty, i32 0, i32 0, i32 0, i32 0, void @empty, void @empty"   --->   Operation 16 'specinterface' 'specinterface_ln0' <Predicate = true> <Delay = 0.00>
ST_1 : Operation 17 [1/1] (0.00ns)   --->   "%tmp = nbreadreq i1 @_ssdm_op_NbReadReq.ap_fifo.i289P0A, i289 %dmem_resp_in, i32 1" [/home/lab_726/Xilinx/Vitis_HLS/2021.2/common/technology/autopilot/hls_stream_39.h:135]   --->   Operation 17 'nbreadreq' 'tmp' <Predicate = true> <Delay = 0.00> <CoreInst = "FIFO">   --->   Core 78 'FIFO' <Latency = 0> <II = 1> <Delay = 1.63> <Storage> <Opcode : 'read' 'write' 'nbread' 'nbwrite'> <Ports = 0> <Width = 289> <Depth = -1> <FIFO>
ST_1 : Operation 18 [1/1] (0.00ns)   --->   "%br_ln2051 = br i1 %tmp, void %._crit_edge1, void" [/home/lab_726/boom/hls_boom/src/boom_core_merged.cpp:2051]   --->   Operation 18 'br' 'br_ln2051' <Predicate = true> <Delay = 0.00>
ST_1 : Operation 19 [1/1] (1.63ns)   --->   "%dmem_resp_in_read = read i289 @_ssdm_op_Read.ap_fifo.volatile.i289P0A, i289 %dmem_resp_in" [/home/lab_726/Xilinx/Vitis_HLS/2021.2/common/technology/autopilot/hls_stream_39.h:144]   --->   Operation 19 'read' 'dmem_resp_in_read' <Predicate = (tmp)> <Delay = 1.63> <CoreInst = "FIFO">   --->   Core 78 'FIFO' <Latency = 0> <II = 1> <Delay = 1.63> <Storage> <Opcode : 'read' 'write' 'nbread' 'nbwrite'> <Ports = 0> <Width = 289> <Depth = -1> <FIFO>
ST_1 : Operation 20 [1/1] (1.83ns)   --->   "%write_ln173 = write void @_ssdm_op_Write.ap_fifo.volatile.i289P0A, i289 %pipe_3, i289 %dmem_resp_in_read" [/home/lab_726/Xilinx/Vitis_HLS/2021.2/common/technology/autopilot/hls_stream_39.h:173]   --->   Operation 20 'write' 'write_ln173' <Predicate = (tmp)> <Delay = 1.83> <CoreInst = "FIFO_SRL">   --->   Core 81 'FIFO_SRL' <Latency = 0> <II = 1> <Delay = 1.83> <Storage> <Opcode : 'read' 'write' 'nbread' 'nbwrite'> <Ports = 0> <Width = 289> <Depth = 2> <FIFO>
ST_1 : Operation 21 [1/1] (0.00ns)   --->   "%br_ln2051 = br void %._crit_edge1" [/home/lab_726/boom/hls_boom/src/boom_core_merged.cpp:2051]   --->   Operation 21 'br' 'br_ln2051' <Predicate = (tmp)> <Delay = 0.00>

State 2 <SV = 1> <Delay = 3.27>
ST_2 : Operation 22 [1/1] (0.00ns)   --->   "%call_ln2052 = call void @lsu_module, i289 %pipe_3" [/home/lab_726/boom/hls_boom/src/boom_core_merged.cpp:2052]   --->   Operation 22 'call' 'call_ln2052' <Predicate = true> <Delay = 0.00> <CoreType = "Generic">   --->   Core 0 '' <Latency = 0> <II = 1> <Delay = 1.00> <Generic> <Opcode : >
ST_2 : Operation 23 [1/1] (0.00ns)   --->   "%tmp_1 = nbreadreq i1 @_ssdm_op_NbReadReq.ap_fifo.i283P0A, i283 %pipe_2, i32 1" [/home/lab_726/Xilinx/Vitis_HLS/2021.2/common/technology/autopilot/hls_stream_39.h:135]   --->   Operation 23 'nbreadreq' 'tmp_1' <Predicate = true> <Delay = 0.00> <CoreInst = "FIFO">   --->   Core 78 'FIFO' <Latency = 0> <II = 1> <Delay = 1.63> <Storage> <Opcode : 'read' 'write' 'nbread' 'nbwrite'> <Ports = 0> <Width = 283> <Depth = -1> <FIFO>
ST_2 : Operation 24 [1/1] (0.00ns)   --->   "%br_ln2053 = br i1 %tmp_1, void %._crit_edge2, void" [/home/lab_726/boom/hls_boom/src/boom_core_merged.cpp:2053]   --->   Operation 24 'br' 'br_ln2053' <Predicate = true> <Delay = 0.00>
ST_2 : Operation 25 [1/1] (1.63ns)   --->   "%pipe_2_read = read i283 @_ssdm_op_Read.ap_fifo.volatile.i283P0A, i283 %pipe_2" [/home/lab_726/Xilinx/Vitis_HLS/2021.2/common/technology/autopilot/hls_stream_39.h:144]   --->   Operation 25 'read' 'pipe_2_read' <Predicate = (tmp_1)> <Delay = 1.63> <CoreInst = "FIFO">   --->   Core 78 'FIFO' <Latency = 0> <II = 1> <Delay = 1.63> <Storage> <Opcode : 'read' 'write' 'nbread' 'nbwrite'> <Ports = 0> <Width = 283> <Depth = -1> <FIFO>
ST_2 : Operation 26 [1/1] (1.63ns)   --->   "%write_ln173 = write void @_ssdm_op_Write.ap_fifo.volatile.i283P0A, i283 %dmem_req_out, i283 %pipe_2_read" [/home/lab_726/Xilinx/Vitis_HLS/2021.2/common/technology/autopilot/hls_stream_39.h:173]   --->   Operation 26 'write' 'write_ln173' <Predicate = (tmp_1)> <Delay = 1.63> <CoreInst = "FIFO">   --->   Core 78 'FIFO' <Latency = 0> <II = 1> <Delay = 1.63> <Storage> <Opcode : 'read' 'write' 'nbread' 'nbwrite'> <Ports = 0> <Width = 283> <Depth = -1> <FIFO>
ST_2 : Operation 27 [1/1] (0.00ns)   --->   "%br_ln2053 = br void %._crit_edge2" [/home/lab_726/boom/hls_boom/src/boom_core_merged.cpp:2053]   --->   Operation 27 'br' 'br_ln2053' <Predicate = (tmp_1)> <Delay = 0.00>
ST_2 : Operation 28 [1/1] (0.00ns)   --->   "%write_ln2054 = write void @_ssdm_op_Write.ap_auto.i64P0A, i64 %observable, i64 1" [/home/lab_726/boom/hls_boom/src/boom_core_merged.cpp:2054]   --->   Operation 28 'write' 'write_ln2054' <Predicate = true> <Delay = 0.00>
ST_2 : Operation 29 [1/1] (0.00ns)   --->   "%ret_ln2055 = ret" [/home/lab_726/boom/hls_boom/src/boom_core_merged.cpp:2055]   --->   Operation 29 'ret' 'ret_ln2055' <Predicate = true> <Delay = 0.00>


============================================================
+ Verbose Summary: Binding
============================================================
STG Binding: 
---------------- STG Properties BEGIN ----------------
- Is combinational: 0
- Is one-state seq: 0
- Is datapath-only: 0
- Is pipelined: 0
- Is top level: 1
Port [ Return ] is wired: 1; IO mode=ap_ctrl_hs:ce=0
Port [ dmem_req_out]:  wired=1; compound=1; hidden=0; nouse=0; global=0; static=0; extern=0; dir=1; type=3; pingpong=0; private_global=0; IO mode=ap_fifo:ce=0
Port [ dmem_resp_in]:  wired=1; compound=1; hidden=0; nouse=0; global=0; static=0; extern=0; dir=0; type=3; pingpong=0; private_global=0; IO mode=ap_fifo:ce=0
Port [ seed_addr]:  wired=1; compound=0; hidden=0; nouse=1; global=0; static=0; extern=0; dir=0; type=0; pingpong=0; private_global=0; IO mode=ap_none:ce=0
Port [ observable]:  wired=1; compound=0; hidden=0; nouse=0; global=0; static=0; extern=0; dir=1; type=0; pingpong=0; private_global=0; IO mode=ap_vld:ce=0
---------------- STG Properties END ------------------

---------------- Datapath Model BEGIN ----------------

<LifeTime>
<method=bitvector/>
spectopmodule_ln0 (spectopmodule) [ 000]
specinterface_ln0 (specinterface) [ 000]
specbitsmap_ln0   (specbitsmap  ) [ 000]
specinterface_ln0 (specinterface) [ 000]
specbitsmap_ln0   (specbitsmap  ) [ 000]
specbitsmap_ln0   (specbitsmap  ) [ 000]
specinterface_ln0 (specinterface) [ 000]
specbitsmap_ln0   (specbitsmap  ) [ 000]
specinterface_ln0 (specinterface) [ 000]
pipe_2            (alloca       ) [ 011]
specinterface_ln0 (specinterface) [ 000]
pipe_3            (alloca       ) [ 011]
empty             (specchannel  ) [ 000]
specinterface_ln0 (specinterface) [ 000]
tmp               (nbreadreq    ) [ 010]
br_ln2051         (br           ) [ 000]
dmem_resp_in_read (read         ) [ 000]
write_ln173       (write        ) [ 000]
br_ln2051         (br           ) [ 000]
call_ln2052       (call         ) [ 000]
tmp_1             (nbreadreq    ) [ 001]
br_ln2053         (br           ) [ 000]
pipe_2_read       (read         ) [ 000]
write_ln173       (write        ) [ 000]
br_ln2053         (br           ) [ 000]
write_ln2054      (write        ) [ 000]
ret_ln2055        (ret          ) [ 000]
</LifeTime>

<model>

<comp_list>
<comp id="0" class="1000" name="dmem_req_out">
<pin_list>
<pin id="1" dir="1" index="0" bw="1" slack="0"/>
</pin_list>
<bind>
<StgValue><ssdm name="dmem_req_out"/></StgValue>
</bind>
</comp>

<comp id="2" class="1000" name="dmem_resp_in">
<pin_list>
<pin id="3" dir="1" index="0" bw="1" slack="0"/>
</pin_list>
<bind>
<StgValue><ssdm name="dmem_resp_in"/></StgValue>
</bind>
</comp>

<comp id="4" class="1000" name="seed_addr">
<pin_list>
<pin id="5" dir="1" index="0" bw="1" slack="2147483647"/>
</pin_list>
<bind>
<StgValue><ssdm name="seed_addr"/></StgValue>
</bind>
</comp>

<comp id="6" class="1000" name="observable">
<pin_list>
<pin id="7" dir="1" index="0" bw="1" slack="0"/>
</pin_list>
<bind>
<StgValue><ssdm name="observable"/></StgValue>
</bind>
</comp>

<comp id="8" class="1001" name="const_8">
<pin_list>
<pin id="9" dir="1" index="0" bw="1" slack="2147483647"/>
</pin_list>
<bind>
<StgValue><ssdm name="_ssdm_op_SpecTopModule"/></StgValue>
</bind>
</comp>

<comp id="10" class="1001" name="const_10">
<pin_list>
<pin id="11" dir="1" index="0" bw="1" slack="2147483647"/>
</pin_list>
<bind>
<StgValue><ssdm name="empty_2"/></StgValue>
</bind>
</comp>

<comp id="12" class="1001" name="const_12">
<pin_list>
<pin id="13" dir="1" index="0" bw="1" slack="2147483647"/>
</pin_list>
<bind>
<StgValue><ssdm name="_ssdm_op_SpecInterface"/></StgValue>
</bind>
</comp>

<comp id="14" class="1001" name="const_14">
<pin_list>
<pin id="15" dir="1" index="0" bw="1" slack="2147483647"/>
</pin_list>
<bind>
<StgValue><ssdm name="empty_0"/></StgValue>
</bind>
</comp>

<comp id="16" class="1001" name="const_16">
<pin_list>
<pin id="17" dir="1" index="0" bw="1" slack="2147483647"/>
</pin_list>
<bind>
<StgValue><ssdm name=""/></StgValue>
</bind>
</comp>

<comp id="18" class="1001" name="const_18">
<pin_list>
<pin id="19" dir="1" index="0" bw="1" slack="2147483647"/>
</pin_list>
<bind>
<StgValue><ssdm name="empty"/></StgValue>
</bind>
</comp>

<comp id="20" class="1001" name="const_20">
<pin_list>
<pin id="21" dir="1" index="0" bw="1" slack="2147483647"/>
</pin_list>
<bind>
<StgValue><ssdm name="_ssdm_op_SpecBitsMap"/></StgValue>
</bind>
</comp>

<comp id="22" class="1001" name="const_22">
<pin_list>
<pin id="23" dir="1" index="0" bw="1" slack="2147483647"/>
</pin_list>
<bind>
<StgValue><ssdm name="empty_1"/></StgValue>
</bind>
</comp>

<comp id="24" class="1001" name="const_24">
<pin_list>
<pin id="25" dir="1" index="0" bw="1" slack="0"/>
</pin_list>
<bind>
<StgValue><ssdm name=""/></StgValue>
</bind>
</comp>

<comp id="26" class="1001" name="const_26">
<pin_list>
<pin id="27" dir="1" index="0" bw="1" slack="2147483647"/>
</pin_list>
<bind>
<StgValue><ssdm name="_ssdm_op_SpecChannel"/></StgValue>
</bind>
</comp>

<comp id="28" class="1001" name="const_28">
<pin_list>
<pin id="29" dir="1" index="0" bw="1" slack="2147483647"/>
</pin_list>
<bind>
<StgValue><ssdm name="pipe_OC_3_str"/></StgValue>
</bind>
</comp>

<comp id="30" class="1001" name="const_30">
<pin_list>
<pin id="31" dir="1" index="0" bw="1" slack="0"/>
</pin_list>
<bind>
<StgValue><ssdm name=""/></StgValue>
</bind>
</comp>

<comp id="32" class="1001" name="const_32">
<pin_list>
<pin id="33" dir="1" index="0" bw="1" slack="2147483647"/>
</pin_list>
<bind>
<StgValue><ssdm name="p_str"/></StgValue>
</bind>
</comp>

<comp id="34" class="1001" name="const_34">
<pin_list>
<pin id="35" dir="1" index="0" bw="1" slack="2147483647"/>
</pin_list>
<bind>
<StgValue><ssdm name=""/></StgValue>
</bind>
</comp>

<comp id="36" class="1001" name="const_36">
<pin_list>
<pin id="37" dir="1" index="0" bw="1" slack="0"/>
</pin_list>
<bind>
<StgValue><ssdm name="_ssdm_op_NbReadReq.ap_fifo.i289P0A"/></StgValue>
</bind>
</comp>

<comp id="38" class="1001" name="const_38">
<pin_list>
<pin id="39" dir="1" index="0" bw="1" slack="0"/>
</pin_list>
<bind>
<StgValue><ssdm name="_ssdm_op_Read.ap_fifo.volatile.i289P0A"/></StgValue>
</bind>
</comp>

<comp id="40" class="1001" name="const_40">
<pin_list>
<pin id="41" dir="1" index="0" bw="1" slack="0"/>
</pin_list>
<bind>
<StgValue><ssdm name="_ssdm_op_Write.ap_fifo.volatile.i289P0A"/></StgValue>
</bind>
</comp>

<comp id="42" class="1001" name="const_42">
<pin_list>
<pin id="43" dir="1" index="0" bw="1" slack="0"/>
</pin_list>
<bind>
<StgValue><ssdm name="lsu_module"/></StgValue>
</bind>
</comp>

<comp id="44" class="1001" name="const_44">
<pin_list>
<pin id="45" dir="1" index="0" bw="1" slack="0"/>
</pin_list>
<bind>
<StgValue><ssdm name="_ssdm_op_NbReadReq.ap_fifo.i283P0A"/></StgValue>
</bind>
</comp>

<comp id="46" class="1001" name="const_46">
<pin_list>
<pin id="47" dir="1" index="0" bw="1" slack="0"/>
</pin_list>
<bind>
<StgValue><ssdm name="_ssdm_op_Read.ap_fifo.volatile.i283P0A"/></StgValue>
</bind>
</comp>

<comp id="48" class="1001" name="const_48">
<pin_list>
<pin id="49" dir="1" index="0" bw="1" slack="0"/>
</pin_list>
<bind>
<StgValue><ssdm name="_ssdm_op_Write.ap_fifo.volatile.i283P0A"/></StgValue>
</bind>
</comp>

<comp id="50" class="1001" name="const_50">
<pin_list>
<pin id="51" dir="1" index="0" bw="1" slack="0"/>
</pin_list>
<bind>
<StgValue><ssdm name="_ssdm_op_Write.ap_auto.i64P0A"/></StgValue>
</bind>
</comp>

<comp id="52" class="1004" name="pipe_2_fu_52">
<pin_list>
<pin id="53" dir="0" index="0" bw="1" slack="0"/>
<pin id="54" dir="1" index="1" bw="283" slack="0"/>
</pin_list>
<bind>
<opcode="alloca(26) " fcode="alloca"/>
<opset="pipe_2/1 "/>
</bind>
</comp>

<comp id="56" class="1004" name="pipe_3_fu_56">
<pin_list>
<pin id="57" dir="0" index="0" bw="1" slack="0"/>
<pin id="58" dir="1" index="1" bw="289" slack="0"/>
</pin_list>
<bind>
<opcode="alloca(26) " fcode="alloca"/>
<opset="pipe_3/1 "/>
</bind>
</comp>

<comp id="60" class="1004" name="tmp_nbreadreq_fu_60">
<pin_list>
<pin id="61" dir="0" index="0" bw="1" slack="0"/>
<pin id="62" dir="0" index="1" bw="289" slack="0"/>
<pin id="63" dir="0" index="2" bw="1" slack="0"/>
<pin id="64" dir="1" index="3" bw="1" slack="2147483647"/>
</pin_list>
<bind>
<opcode="nbreadreq(1156) " fcode="nbreadreq"/>
<opset="tmp/1 "/>
</bind>
</comp>

<comp id="68" class="1004" name="dmem_resp_in_read_read_fu_68">
<pin_list>
<pin id="69" dir="0" index="0" bw="289" slack="0"/>
<pin id="70" dir="0" index="1" bw="289" slack="0"/>
<pin id="71" dir="1" index="2" bw="289" slack="0"/>
</pin_list>
<bind>
<opcode="read(1150) " fcode="read"/>
<opset="dmem_resp_in_read/1 "/>
</bind>
</comp>

<comp id="74" class="1004" name="write_ln173_write_fu_74">
<pin_list>
<pin id="75" dir="0" index="0" bw="0" slack="0"/>
<pin id="76" dir="0" index="1" bw="289" slack="0"/>
<pin id="77" dir="0" index="2" bw="289" slack="0"/>
<pin id="78" dir="1" index="3" bw="0" slack="2147483647"/>
</pin_list>
<bind>
<opcode="write(1151) " fcode="write"/>
<opset="write_ln173/1 "/>
</bind>
</comp>

<comp id="81" class="1004" name="tmp_1_nbreadreq_fu_81">
<pin_list>
<pin id="82" dir="0" index="0" bw="1" slack="0"/>
<pin id="83" dir="0" index="1" bw="283" slack="1"/>
<pin id="84" dir="0" index="2" bw="1" slack="0"/>
<pin id="85" dir="1" index="3" bw="1" slack="2147483647"/>
</pin_list>
<bind>
<opcode="nbreadreq(1156) " fcode="nbreadreq"/>
<opset="tmp_1/2 "/>
</bind>
</comp>

<comp id="88" class="1004" name="pipe_2_read_read_fu_88">
<pin_list>
<pin id="89" dir="0" index="0" bw="283" slack="0"/>
<pin id="90" dir="0" index="1" bw="283" slack="1"/>
<pin id="91" dir="1" index="2" bw="283" slack="0"/>
</pin_list>
<bind>
<opcode="read(1150) " fcode="read"/>
<opset="pipe_2_read/2 "/>
</bind>
</comp>

<comp id="93" class="1004" name="write_ln173_write_fu_93">
<pin_list>
<pin id="94" dir="0" index="0" bw="0" slack="0"/>
<pin id="95" dir="0" index="1" bw="283" slack="0"/>
<pin id="96" dir="0" index="2" bw="283" slack="0"/>
<pin id="97" dir="1" index="3" bw="0" slack="2147483647"/>
</pin_list>
<bind>
<opcode="write(1151) " fcode="write"/>
<opset="write_ln173/2 "/>
</bind>
</comp>

<comp id="101" class="1004" name="write_ln2054_write_fu_101">
<pin_list>
<pin id="102" dir="0" index="0" bw="0" slack="0"/>
<pin id="103" dir="0" index="1" bw="64" slack="0"/>
<pin id="104" dir="0" index="2" bw="1" slack="0"/>
<pin id="105" dir="1" index="3" bw="0" slack="2147483647"/>
</pin_list>
<bind>
<opcode="write(1151) " fcode="write"/>
<opset="write_ln2054/2 "/>
</bind>
</comp>

<comp id="109" class="1004" name="call_ln2052_lsu_module_fu_109">
<pin_list>
<pin id="110" dir="0" index="0" bw="0" slack="0"/>
<pin id="111" dir="0" index="1" bw="289" slack="1"/>
<pin id="112" dir="1" index="2" bw="0" slack="2147483647"/>
</pin_list>
<bind>
<opcode="call(48) " fcode="call"/>
<opset="call_ln2052/2 "/>
</bind>
</comp>

<comp id="114" class="1005" name="pipe_2_reg_114">
<pin_list>
<pin id="115" dir="0" index="0" bw="283" slack="0"/>
<pin id="116" dir="1" index="1" bw="283" slack="1"/>
</pin_list>
<bind>
<opset="pipe_2 "/>
</bind>
</comp>

<comp id="120" class="1005" name="pipe_3_reg_120">
<pin_list>
<pin id="121" dir="0" index="0" bw="289" slack="0"/>
<pin id="122" dir="1" index="1" bw="289" slack="0"/>
</pin_list>
<bind>
<opset="pipe_3 "/>
</bind>
</comp>

</comp_list>

<net_list>
<net id="55"><net_src comp="24" pin="0"/><net_sink comp="52" pin=0"/></net>

<net id="59"><net_src comp="24" pin="0"/><net_sink comp="56" pin=0"/></net>

<net id="65"><net_src comp="36" pin="0"/><net_sink comp="60" pin=0"/></net>

<net id="66"><net_src comp="2" pin="0"/><net_sink comp="60" pin=1"/></net>

<net id="67"><net_src comp="30" pin="0"/><net_sink comp="60" pin=2"/></net>

<net id="72"><net_src comp="38" pin="0"/><net_sink comp="68" pin=0"/></net>

<net id="73"><net_src comp="2" pin="0"/><net_sink comp="68" pin=1"/></net>

<net id="79"><net_src comp="40" pin="0"/><net_sink comp="74" pin=0"/></net>

<net id="80"><net_src comp="68" pin="2"/><net_sink comp="74" pin=2"/></net>

<net id="86"><net_src comp="44" pin="0"/><net_sink comp="81" pin=0"/></net>

<net id="87"><net_src comp="30" pin="0"/><net_sink comp="81" pin=2"/></net>

<net id="92"><net_src comp="46" pin="0"/><net_sink comp="88" pin=0"/></net>

<net id="98"><net_src comp="48" pin="0"/><net_sink comp="93" pin=0"/></net>

<net id="99"><net_src comp="0" pin="0"/><net_sink comp="93" pin=1"/></net>

<net id="100"><net_src comp="88" pin="2"/><net_sink comp="93" pin=2"/></net>

<net id="106"><net_src comp="50" pin="0"/><net_sink comp="101" pin=0"/></net>

<net id="107"><net_src comp="6" pin="0"/><net_sink comp="101" pin=1"/></net>

<net id="108"><net_src comp="24" pin="0"/><net_sink comp="101" pin=2"/></net>

<net id="113"><net_src comp="42" pin="0"/><net_sink comp="109" pin=0"/></net>

<net id="117"><net_src comp="52" pin="1"/><net_sink comp="114" pin=0"/></net>

<net id="118"><net_src comp="114" pin="1"/><net_sink comp="81" pin=1"/></net>

<net id="119"><net_src comp="114" pin="1"/><net_sink comp="88" pin=1"/></net>

<net id="123"><net_src comp="56" pin="1"/><net_sink comp="120" pin=0"/></net>

<net id="124"><net_src comp="120" pin="1"/><net_sink comp="74" pin=1"/></net>

<net id="125"><net_src comp="120" pin="1"/><net_sink comp="109" pin=1"/></net>

</net_list>

</model> 
---------------- Datapath Model END ------------------

* FSMD analyzer results:
  - Output states:
	Port: dmem_req_out | {2 }
	Port: observable | {2 }
 - Input state : 
	Port: synth_lsu_top : dmem_resp_in | {1 }
  - Chain level:
	State 1
		specinterface_ln0 : 1
		empty : 1
		specinterface_ln0 : 1
	State 2


============================================================
+ Verbose Summary: Datapath Resource usage 
============================================================

* Functional unit list:
|----------|-------------------------------|
| Operation|        Functional Unit        |
|----------|-------------------------------|
| nbreadreq|      tmp_nbreadreq_fu_60      |
|          |     tmp_1_nbreadreq_fu_81     |
|----------|-------------------------------|
|   read   |  dmem_resp_in_read_read_fu_68 |
|          |     pipe_2_read_read_fu_88    |
|----------|-------------------------------|
|          |    write_ln173_write_fu_74    |
|   write  |    write_ln173_write_fu_93    |
|          |   write_ln2054_write_fu_101   |
|----------|-------------------------------|
|   call   | call_ln2052_lsu_module_fu_109 |
|----------|-------------------------------|
|   Total  |                               |
|----------|-------------------------------|

Memories:
N/A

* Register list:
+--------------+--------+
|              |   FF   |
+--------------+--------+
|pipe_2_reg_114|   283  |
|pipe_3_reg_120|   289  |
+--------------+--------+
|     Total    |   572  |
+--------------+--------+

* Multiplexer (MUX) list: 
|--------|------|------|------|--------|
|  Comp  |  Pin | Size |  BW  | S x BW |
|--------|------|------|------|--------|
|  Total |      |      |      |    0   |
|--------|------|------|------|--------|



* Summary:
+-----------+--------+
|           |   FF   |
+-----------+--------+
|  Function |    -   |
|   Memory  |    -   |
|Multiplexer|    -   |
|  Register |   572  |
+-----------+--------+
|   Total   |   572  |
+-----------+--------+
