#-----------------------------------------------------------
# xsim v2021.2 (64-bit)
# SW Build 3367213 on Tue Oct 19 02:47:39 MDT 2021
# IP Build 3369179 on Thu Oct 21 08:25:16 MDT 2021
# Start of session at: Tue Sep 15 18:55:21 2026
# Process ID: 48982
# Current directory: /tmp/boom_hls/g6_l1_closure/integrated/xsim
# Command line: xsim -log /home/lab_726/boom/hls_boom/reports/gate6_0_full_lsu/l1/pf5/logs/pf5_pred_nt_actual_nt.log -mode tcl -source {xsim.dir/pf4_full_core_snapshot/xsim_script.tcl}
# Log file: /home/lab_726/boom/hls_boom/reports/gate6_0_full_lsu/l1/pf5/logs/pf5_pred_nt_actual_nt.log
# Journal file: /tmp/boom_hls/g6_l1_closure/integrated/xsim/xsim.jou
# Running On: 726, OS: Linux, CPU Frequency: 3945.810 MHz, CPU Physical cores: 14, Host memory: 67148 MB
#-----------------------------------------------------------
source xsim.dir/pf4_full_core_snapshot/xsim_script.tcl
# xsim {pf4_full_core_snapshot} -testplusarg PROGRAM=/tmp/boom_hls/g6_l1_closure/programs/pf5/pf5_pred_nt_actual_nt.words.hex -testplusarg INIT=/tmp/boom_hls/g6_l1_closure/programs/pf5/pf5_pred_nt_actual_nt.init -testplusarg PROGRAM_NAME=pf5_pred_nt_actual_nt -testplusarg FAULT_MODE=0 -testplusarg TRACE=/home/lab_726/boom/hls_boom/reports/gate6_0_full_lsu/l1/pf5/traces/pf5_pred_nt_actual_nt.jsonl -testplusarg MAX_CYCLES=1000000 -autoloadwcfg -runall -onerror quit
Time resolution is 1 ps
run -all
PF5_FULL_CORE_RTL_PASS program=pf5_pred_nt_actual_nt branches=2 mispredicts=0 exceptions=0 commits=10 cycles=21464 bim_entries=1
PF6_RTL_COVERAGE program=pf5_pred_nt_actual_nt conditional_predictions=2 predicted_taken=0 predicted_not_taken=2 correct_predictions=2 mispredict_redirects=0 BIM_attempts=1 BIM_updates=1 BIM_taken_updates=0 BIM_not_taken_updates=1 BIM_dropped=0 BIM_stale_rejected=0 FTQ_allocations=12 FTQ_reclaims=11 FTQ_squashes=0 FTQ_wraps=0 FTQ_slot_reuses=0 exceptions=0 fault_refetches=0 ROB_commits=10 max_rob_occupancy=1 max_ftq_occupancy=1
$finish called at time : 239625 ns : File "/home/lab_726/boom/hls_boom/rtl_tb/pf4_full_core_rtl_tb.sv" Line 222
exit
INFO: [Common 17-206] Exiting xsim at Tue Sep 15 18:55:30 2026...
