
****** Vitis HLS - High-Level Synthesis from C, C++ and OpenCL v2021.2 (64-bit)
  **** SW Build 3367213 on Tue Oct 19 02:47:39 MDT 2021
  **** IP Build 3369179 on Thu Oct 21 08:25:16 MDT 2021
    ** Copyright 1986-2021 Xilinx, Inc. All Rights Reserved.

source /home/lab_726/Xilinx/Vitis_HLS/2021.2/scripts/vitis_hls/hls.tcl -notrace
INFO: [HLS 200-10] Running '/home/lab_726/Xilinx/Vitis_HLS/2021.2/bin/unwrapped/lnx64.o/vitis_hls'
INFO: [HLS 200-10] For user 'lab_726' on host '726' (Linux_x86_64 version 6.8.0-136-generic) on Wed Aug 05 21:56:54 CST 2026
INFO: [HLS 200-10] On os Ubuntu 22.04.5 LTS
INFO: [HLS 200-10] In directory '/home/lab_726/boom/hls_boom/build/gate4_1/m3c_csynth/projects'
Sourcing Tcl script '/home/lab_726/boom/hls_boom/scripts/run_top_csynth.tcl'
INFO: [HLS 200-1510] Running: open_project -reset synth_lsu_top 
INFO: [HLS 200-10] Creating and opening project '/home/lab_726/boom/hls_boom/build/gate4_1/m3c_csynth/projects/synth_lsu_top'.
INFO: [HLS 200-1510] Running: set_top synth_lsu_top 
INFO: [HLS 200-1510] Running: add_files -cflags -std=c++11 -I/home/lab_726/boom/hls_boom/include  /home/lab_726/boom/hls_boom/src/boom_core_merged.cpp 
INFO: [HLS 200-10] Adding design file '/home/lab_726/boom/hls_boom/src/boom_core_merged.cpp' to the project
INFO: [HLS 200-1510] Running: open_solution -reset solution_gate4_1_m3b 
INFO: [HLS 200-10] Creating and opening solution '/home/lab_726/boom/hls_boom/build/gate4_1/m3c_csynth/projects/synth_lsu_top/solution_gate4_1_m3b'.
INFO: [HLS 200-10] Cleaning up the solution database.
WARNING: [HLS 200-40] No /home/lab_726/boom/hls_boom/build/gate4_1/m3c_csynth/projects/synth_lsu_top/solution_gate4_1_m3b/solution_gate4_1_m3b.aps file found.
INFO: [HLS 200-1505] Using default flow_target 'vivado'
Resolution: For help on HLS 200-1505 see www.xilinx.com/cgi-bin/docs/rdoc?v=2021.2;t=hls+guidance;d=200-1505.html
INFO: [HLS 200-1510] Running: set_part xczu7ev-ffvc1156-2-e 
INFO: [HLS 200-1611] Setting target device to 'xczu7ev-ffvc1156-2-e'
INFO: [HLS 200-1510] Running: create_clock -period 10 -name default 
INFO: [SYN 201-201] Setting up clock 'default' with a period of 10ns.
INFO: [HLS 200-1510] Running: config_compile -pipeline_loops 0 
INFO: [XFORM 203-1171] Pipeline the innermost loop with trip count more than 0 or its parent loop when its trip count is less than or equal 0.
INFO: [HLS 200-1510] Running: csynth_design 
INFO: [HLS 200-111] Finished File checks and directory preparation: CPU user time: 0 seconds. CPU system time: 0 seconds. Elapsed time: 0 seconds; current allocated memory: 1.321 GB.
INFO: [HLS 200-10] Analyzing design file '/home/lab_726/boom/hls_boom/src/boom_core_merged.cpp' ... 
INFO: [HLS 200-111] Finished Source Code Analysis and Preprocessing: CPU user time: 2.53 seconds. CPU system time: 0.29 seconds. Elapsed time: 2.27 seconds; current allocated memory: 419.137 MB.
INFO: [HLS 200-777] Using interface defaults for 'Vivado' flow target.
INFO: [HLS 214-284] Auto array partition mode is set into default.
INFO: [HLS 214-178] Inlining function 'MicroOp::MicroOp() (.46)' into 'FrontendState::FrontendState()' (/home/lab_726/boom/hls_boom/include/boom_state.hpp:27:0)
INFO: [HLS 214-178] Inlining function 'MicroOp::MicroOp() (.46)' into 'DecodeState::DecodeState()' (/home/lab_726/boom/hls_boom/include/boom_state.hpp:33:0)
INFO: [HLS 214-178] Inlining function 'MicroOp::MicroOp() (.46)' into 'RenameDispatchPacket::RenameDispatchPacket()' (/home/lab_726/boom/hls_boom/include/boom_state.hpp:74:0)
INFO: [HLS 214-178] Inlining function 'RenameMapTableState::RenameMapTableState()' into 'RenameState::RenameState()' (/home/lab_726/boom/hls_boom/include/boom_state.hpp:77:0)
INFO: [HLS 214-178] Inlining function 'RenameFreeListState::RenameFreeListState()' into 'RenameState::RenameState()' (/home/lab_726/boom/hls_boom/include/boom_state.hpp:77:0)
INFO: [HLS 214-178] Inlining function 'RenameDispatchPacket::RenameDispatchPacket()' into 'RenameState::RenameState()' (/home/lab_726/boom/hls_boom/include/boom_state.hpp:77:0)
INFO: [HLS 214-178] Inlining function 'MicroOp::MicroOp() (.46)' into 'IssueSlotEntry::IssueSlotEntry()' (/home/lab_726/boom/hls_boom/include/boom_types.hpp:179:0)
INFO: [HLS 214-178] Inlining function 'IssueSlotEntry::IssueSlotEntry()' into 'IssueQueueState::IssueQueueState()' (/home/lab_726/boom/hls_boom/include/boom_state.hpp:86:0)
INFO: [HLS 214-178] Inlining function 'MicroOp::MicroOp() (.46)' into 'IssueGrant::IssueGrant()' (/home/lab_726/boom/hls_boom/include/boom_types.hpp:155:0)
INFO: [HLS 214-178] Inlining function 'IssueGrant::IssueGrant()' into 'IssueState::IssueState()' (/home/lab_726/boom/hls_boom/include/boom_state.hpp:105:0)
INFO: [HLS 214-178] Inlining function 'MicroOp::MicroOp() (.46)' into 'IssueState::IssueState()' (/home/lab_726/boom/hls_boom/include/boom_state.hpp:105:0)
INFO: [HLS 214-178] Inlining function 'MicroOp::MicroOp() (.46)' into 'ExecuteState::AluResult::AluResult()' (/home/lab_726/boom/hls_boom/include/boom_state.hpp:138:0)
INFO: [HLS 214-178] Inlining function 'boom::divider_reset(boom::DividerState&)' into 'boom::DividerState::DividerState()' (/home/lab_726/boom/hls_boom/src/boom_core_merged.cpp:1762:0)
INFO: [HLS 214-178] Inlining function 'boom::DividerState::DividerState()' into 'DividerExecutionState::DividerExecutionState()' (/home/lab_726/boom/hls_boom/include/boom_state.hpp:124:0)
INFO: [HLS 214-178] Inlining function 'MicroOp::MicroOp() (.46)' into 'DividerExecutionState::DividerExecutionState()' (/home/lab_726/boom/hls_boom/include/boom_state.hpp:124:0)
INFO: [HLS 214-178] Inlining function 'ExecuteState::AluResult::AluResult()' into 'ExecuteState::ExecuteState()' (/home/lab_726/boom/hls_boom/include/boom_state.hpp:142:0)
INFO: [HLS 214-178] Inlining function 'MicroOp::MicroOp() (.46)' into 'RobEntry::RobEntry()' (/home/lab_726/boom/hls_boom/include/boom_types.hpp:170:0)
INFO: [HLS 214-178] Inlining function 'CommitEntry::CommitEntry()' into 'RobInternalState::RobInternalState()' (/home/lab_726/boom/hls_boom/include/boom_state.hpp:156:0)
INFO: [HLS 214-178] Inlining function 'StoreQueueEntry::StoreQueueEntry()' into 'LsuState::LsuState()' (/home/lab_726/boom/hls_boom/include/boom_state.hpp:199:0)
INFO: [HLS 214-178] Inlining function 'LoadQueueEntry::LoadQueueEntry()' into 'LsuState::LsuState()' (/home/lab_726/boom/hls_boom/include/boom_state.hpp:199:0)
INFO: [HLS 214-178] Inlining function 'MicroOp::MicroOp() (.46)' into 'RobCompleteEvent::RobCompleteEvent()' (/home/lab_726/boom/hls_boom/include/boom_types.hpp:108:0)
INFO: [HLS 214-178] Inlining function 'WritebackEvent::WritebackEvent()' into 'CompletionPendingState::CompletionPendingState()' (/home/lab_726/boom/hls_boom/include/boom_state.hpp:239:0)
INFO: [HLS 214-178] Inlining function 'WakeupEvent::WakeupEvent()' into 'CompletionPendingState::CompletionPendingState()' (/home/lab_726/boom/hls_boom/include/boom_state.hpp:239:0)
INFO: [HLS 214-178] Inlining function 'BypassEvent::BypassEvent()' into 'CompletionPendingState::CompletionPendingState()' (/home/lab_726/boom/hls_boom/include/boom_state.hpp:239:0)
INFO: [HLS 214-178] Inlining function 'MicroOp::MicroOp() (.46)' into 'BranchUpdate::BranchUpdate()' (/home/lab_726/boom/hls_boom/include/boom_types.hpp:188:0)
INFO: [HLS 214-178] Inlining function 'FrontendState::FrontendState()' into 'BoomCoreState::BoomCoreState()' (/home/lab_726/boom/hls_boom/include/boom_state.hpp:271:0)
INFO: [HLS 214-178] Inlining function 'CsrState::CsrState()' into 'BoomCoreState::BoomCoreState()' (/home/lab_726/boom/hls_boom/include/boom_state.hpp:271:0)
INFO: [HLS 214-178] Inlining function 'LsuState::LsuState()' into 'BoomCoreState::BoomCoreState()' (/home/lab_726/boom/hls_boom/include/boom_state.hpp:271:0)
INFO: [HLS 214-178] Inlining function 'BranchRecoveryState::BranchRecoveryState()' into 'BoomCoreState::BoomCoreState()' (/home/lab_726/boom/hls_boom/include/boom_state.hpp:271:0)
INFO: [HLS 214-178] Inlining function 'BranchUpdate::BranchUpdate()' into 'BoomCoreState::BoomCoreState()' (/home/lab_726/boom/hls_boom/include/boom_state.hpp:271:0)
INFO: [HLS 214-178] Inlining function 'boom::older_store_in_rob(BoomCoreState const&, unsigned char)' into 'boom::try_issue_load(BoomCoreState&, PipeSignals&, unsigned char)' (/home/lab_726/boom/hls_boom/src/boom_core_merged.cpp:2445:0)
INFO: [HLS 214-178] Inlining function 'DmemRequest::DmemRequest()' into 'boom::try_issue_load(BoomCoreState&, PipeSignals&, unsigned char)' (/home/lab_726/boom/hls_boom/src/boom_core_merged.cpp:2445:0)
INFO: [HLS 214-178] Inlining function 'boom::clear_lsu_queues(LsuState&)' into 'boom::lsu_module(BoomCoreState&, PipeSignals&)' (/home/lab_726/boom/hls_boom/src/boom_core_merged.cpp:2591:0)
INFO: [HLS 214-178] Inlining function 'DmemResponse::DmemResponse()' into 'synth_lsu_top(hls::stream<DmemRequest, 0>&, hls::stream<DmemResponse, 0>&, unsigned long, unsigned long&)' (/home/lab_726/boom/hls_boom/src/boom_core_merged.cpp:3694:0)
INFO: [HLS 214-178] Inlining function 'boom::lsu_module(BoomCoreState&, PipeSignals&)' into 'synth_lsu_top(hls::stream<DmemRequest, 0>&, hls::stream<DmemResponse, 0>&, unsigned long, unsigned long&)' (/home/lab_726/boom/hls_boom/src/boom_core_merged.cpp:3694:0)
INFO: [HLS 214-178] Inlining function 'DmemRequest::DmemRequest()' into 'synth_lsu_top(hls::stream<DmemRequest, 0>&, hls::stream<DmemResponse, 0>&, unsigned long, unsigned long&)' (/home/lab_726/boom/hls_boom/src/boom_core_merged.cpp:3694:0)
INFO: [HLS 214-241] Aggregating fifo (hls::stream) variable 'pipe.2' with compact=bit mode in 283-bits (/home/lab_726/boom/hls_boom/src/boom_core_merged.cpp:3704:17)
INFO: [HLS 214-241] Aggregating fifo (hls::stream) variable 'pipe.3' with compact=bit mode in 289-bits (/home/lab_726/boom/hls_boom/src/boom_core_merged.cpp:3704:17)
INFO: [HLS 214-241] Aggregating fifo (hls::stream) variable 'dmem_resp_in' with compact=bit mode in 289-bits (/home/lab_726/boom/hls_boom/src/boom_core_merged.cpp:3694:0)
INFO: [HLS 214-241] Aggregating fifo (hls::stream) variable 'dmem_req_out' with compact=bit mode in 283-bits (/home/lab_726/boom/hls_boom/src/boom_core_merged.cpp:3694:0)
INFO: [HLS 214-270] Starting automatic array partition analysis...
INFO: [HLS 214-131] Inlining function '_llvm.fpga.pack.none.i384.sl_i32i64i64i1i64i64s' into '_llvm.fpga.unpack.bits.s_struct.DmemResponses.i289.1'
INFO: [HLS 214-131] Inlining function '_llvm.fpga.pack.none.i320.s_struct.DmemRequests' into 'boom::try_issue_load(BoomCoreState&, PipeSignals&, unsigned char) (.1)' (/home/lab_726/Xilinx/Vitis_HLS/2021.2/common/technology/autopilot/hls_stream_39.h:173:9)
INFO: [HLS 214-131] Inlining function '_llvm.fpga.pack.bits.i283.s_struct.DmemRequests.1' into 'boom::try_issue_load(BoomCoreState&, PipeSignals&, unsigned char) (.1)' (/home/lab_726/Xilinx/Vitis_HLS/2021.2/common/technology/autopilot/hls_stream_39.h:173:9)
INFO: [HLS 214-131] Inlining function '_llvm.fpga.unpack.bits.s_struct.DmemResponses.i289.1' into 'synth_lsu_top(hls::stream<DmemRequest, 0>&, hls::stream<DmemResponse, 0>&, unsigned long, unsigned long&)' (/home/lab_726/Xilinx/Vitis_HLS/2021.2/common/technology/autopilot/hls_stream_39.h:144:9)
INFO: [HLS 214-131] Inlining function '_llvm.fpga.pack.none.i384.s_struct.DmemResponses' into 'synth_lsu_top(hls::stream<DmemRequest, 0>&, hls::stream<DmemResponse, 0>&, unsigned long, unsigned long&)' (/home/lab_726/Xilinx/Vitis_HLS/2021.2/common/technology/autopilot/hls_stream_39.h:173:9)
INFO: [HLS 214-131] Inlining function '_llvm.fpga.pack.bits.i289.s_struct.DmemResponses.1' into 'synth_lsu_top(hls::stream<DmemRequest, 0>&, hls::stream<DmemResponse, 0>&, unsigned long, unsigned long&)' (/home/lab_726/Xilinx/Vitis_HLS/2021.2/common/technology/autopilot/hls_stream_39.h:173:9)
INFO: [HLS 200-111] Finished Compiling Optimization and Transform: CPU user time: 28.39 seconds. CPU system time: 0.31 seconds. Elapsed time: 28.73 seconds; current allocated memory: 429.500 MB.
INFO: [HLS 200-111] Finished Checking Pragmas: CPU user time: 0 seconds. CPU system time: 0 seconds. Elapsed time: 0 seconds; current allocated memory: 429.500 MB.
INFO: [HLS 200-10] Starting code transformations ...
INFO: [HLS 200-111] Finished Standard Transforms: CPU user time: 0.1 seconds. CPU system time: 0 seconds. Elapsed time: 0.1 seconds; current allocated memory: 442.672 MB.
INFO: [HLS 200-10] Checking synthesizability ...
INFO: [HLS 200-111] Finished Checking Synthesizability: CPU user time: 0.03 seconds. CPU system time: 0 seconds. Elapsed time: 0.04 seconds; current allocated memory: 444.043 MB.
WARNING: [HLS 200-805] An internal stream 'pipe.2' with default size can result in deadlock. Please consider resizing the stream using the directive 'set_directive_stream' or the 'HLS stream' pragma.
WARNING: [XFORM 203-731] Internal stream variable 'pipe.3' is invalid: it has no data consumer.
INFO: [XFORM 203-11] Balancing expressions in function 'boom::try_issue_load' (/home/lab_726/boom/hls_boom/src/boom_core_merged.cpp:139:30)...3 expression(s) balanced.
INFO: [HLS 200-111] Finished Loop, function and other optimizations: CPU user time: 0.08 seconds. CPU system time: 0.01 seconds. Elapsed time: 0.08 seconds; current allocated memory: 470.234 MB.
INFO: [HLS 200-472] Inferring partial write operation for 'state.rob.entries.memory_request_sent' (/home/lab_726/boom/hls_boom/src/boom_core_merged.cpp:2463:31)
INFO: [HLS 200-472] Inferring partial write operation for 'state.rob.entries.valid' (/home/lab_726/boom/hls_boom/include/boom_types.hpp:166:18)
INFO: [HLS 200-472] Inferring partial write operation for 'state.rob.entries.uop.ctrl.is_sta' (/home/lab_726/boom/hls_boom/include/boom_types.hpp:83:13)
INFO: [HLS 200-472] Inferring partial write operation for 'state.rob.entries.uop.branch.br_mask' (/home/lab_726/boom/hls_boom/include/boom_types.hpp:83:73)
INFO: [HLS 200-472] Inferring partial write operation for 'state.rob.entries.memory_valid' (/home/lab_726/boom/hls_boom/include/boom_types.hpp:168:9)
INFO: [HLS 200-472] Inferring partial write operation for 'state.rob.entries.is_load' (/home/lab_726/boom/hls_boom/include/boom_types.hpp:168:30)
INFO: [HLS 200-472] Inferring partial write operation for 'state.rob.entries.signed_load' (/home/lab_726/boom/hls_boom/include/boom_types.hpp:168:63)
INFO: [HLS 200-472] Inferring partial write operation for 'state.rob.entries.memory_request_sent' (/home/lab_726/boom/hls_boom/include/boom_types.hpp:169:9)
INFO: [HLS 200-472] Inferring partial write operation for 'state.rob.entries.memory_address' (/home/lab_726/boom/hls_boom/include/boom_types.hpp:169:62)
INFO: [HLS 200-472] Inferring partial write operation for 'state.rob.entries.memory_mask' (/home/lab_726/boom/hls_boom/include/boom_types.hpp:170:25)
INFO: [HLS 200-472] Inferring partial write operation for 'state.rob.entries.memory_size' (/home/lab_726/boom/hls_boom/include/boom_types.hpp:170:41)
INFO: [HLS 200-472] Inferring partial write operation for 'state.rob.entries.valid' (/home/lab_726/boom/hls_boom/include/boom_state.hpp:157:62)
INFO: [HLS 200-472] Inferring partial write operation for 'state.rob.entries.valid' (/home/lab_726/boom/hls_boom/src/boom_core_merged.cpp:3703:32)
INFO: [HLS 200-111] Finished Architecture Synthesis: CPU user time: 0.04 seconds. CPU system time: 0 seconds. Elapsed time: 0.04 seconds; current allocated memory: 470.848 MB.
INFO: [HLS 200-10] Starting hardware synthesis ...
INFO: [HLS 200-10] Synthesizing 'synth_lsu_top' ...
INFO: [HLS 200-10] ----------------------------------------------------------------
INFO: [HLS 200-42] -- Implementing module 'try_issue_load' 
INFO: [HLS 200-10] ----------------------------------------------------------------
INFO: [SCHED 204-11] Starting scheduling ...
INFO: [SCHED 204-11] Finished scheduling.
INFO: [HLS 200-111] Finished Scheduling: CPU user time: 0.02 seconds. CPU system time: 0.02 seconds. Elapsed time: 0.04 seconds; current allocated memory: 472.520 MB.
INFO: [BIND 205-100] Starting micro-architecture generation ...
INFO: [BIND 205-101] Performing variable lifetime analysis.
INFO: [BIND 205-101] Exploring resource sharing.
INFO: [BIND 205-101] Binding ...
INFO: [BIND 205-100] Finished micro-architecture generation.
INFO: [HLS 200-111] Finished Binding: CPU user time: 0.03 seconds. CPU system time: 0 seconds. Elapsed time: 0.03 seconds; current allocated memory: 472.520 MB.
INFO: [HLS 200-10] ----------------------------------------------------------------
INFO: [HLS 200-42] -- Implementing module 'synth_lsu_top' 
INFO: [HLS 200-10] ----------------------------------------------------------------
INFO: [SCHED 204-11] Starting scheduling ...
INFO: [SCHED 204-11] Finished scheduling.
INFO: [HLS 200-111] Finished Scheduling: CPU user time: 0.04 seconds. CPU system time: 0 seconds. Elapsed time: 0.04 seconds; current allocated memory: 473.348 MB.
INFO: [BIND 205-100] Starting micro-architecture generation ...
INFO: [BIND 205-101] Performing variable lifetime analysis.
INFO: [BIND 205-101] Exploring resource sharing.
INFO: [BIND 205-101] Binding ...
INFO: [BIND 205-100] Finished micro-architecture generation.
INFO: [HLS 200-111] Finished Binding: CPU user time: 0.02 seconds. CPU system time: 0 seconds. Elapsed time: 0.02 seconds; current allocated memory: 473.348 MB.
INFO: [HLS 200-10] ----------------------------------------------------------------
INFO: [HLS 200-10] -- Generating RTL for module 'try_issue_load' 
INFO: [HLS 200-10] ----------------------------------------------------------------
INFO: [RTGEN 206-100] Finished creating RTL model for 'try_issue_load'.
INFO: [HLS 200-111] Finished Creating RTL model: CPU user time: 0.03 seconds. CPU system time: 0 seconds. Elapsed time: 0.04 seconds; current allocated memory: 473.348 MB.
INFO: [HLS 200-10] ----------------------------------------------------------------
INFO: [HLS 200-10] -- Generating RTL for module 'synth_lsu_top' 
INFO: [HLS 200-10] ----------------------------------------------------------------
INFO: [RTGEN 206-500] Setting interface mode on port 'synth_lsu_top/dmem_req_out' to 'ap_fifo'.
INFO: [RTGEN 206-500] Setting interface mode on port 'synth_lsu_top/dmem_resp_in' to 'ap_fifo'.
INFO: [RTGEN 206-500] Setting interface mode on port 'synth_lsu_top/seed_addr' to 'ap_none'.
INFO: [RTGEN 206-500] Setting interface mode on port 'synth_lsu_top/observable' to 'ap_vld'.
INFO: [RTGEN 206-500] Setting interface mode on function 'synth_lsu_top' to 'ap_ctrl_hs'.
WARNING: [RTGEN 206-101] Register 'guard_variable_for_synth_lsu_top_stream_DmemRequest_0_stream_DmemResponse_0_unsigned_long_unsigned_long_state' is power-on initialization.
WARNING: [RTGEN 206-101] Register 'state_lsu_next_transaction_id' is power-on initialization.
WARNING: [RTGEN 206-101] Register 'state_lsu_load_response_pending' is power-on initialization.
WARNING: [RTGEN 206-101] Port 'synth_lsu_top/seed_addr' has no fanin or fanout and is left dangling.
               Please use C simulation to confirm this function argument can be read from or written to.
INFO: [RTGEN 206-100] Finished creating RTL model for 'synth_lsu_top'.
INFO: [HLS 200-111] Finished Creating RTL model: CPU user time: 0.05 seconds. CPU system time: 0 seconds. Elapsed time: 0.05 seconds; current allocated memory: 475.246 MB.
INFO: [RTMG 210-278] Implementing memory 'synth_lsu_top_state_rob_entries_valid_RAM_AUTO_1R1W_ram (RAM)' using auto RAMs with power-on initialization.
INFO: [RTMG 210-285] Implementing FIFO 'pipe_2_U(synth_lsu_top_fifo_w283_d2_S)' using Shift Registers.
INFO: [HLS 200-111] Finished Generating all RTL models: CPU user time: 0.18 seconds. CPU system time: 0.01 seconds. Elapsed time: 0.18 seconds; current allocated memory: 481.164 MB.
INFO: [HLS 200-111] Finished Updating report files: CPU user time: 0.17 seconds. CPU system time: 0 seconds. Elapsed time: 0.17 seconds; current allocated memory: 481.164 MB.
INFO: [VHDL 208-304] Generating VHDL RTL for synth_lsu_top.
INFO: [VLOG 209-307] Generating Verilog RTL for synth_lsu_top.
INFO: [HLS 200-790] **** Loop Constraint Status: All loop constraints were satisfied.
INFO: [HLS 200-789] **** Estimated Fmax: 287.85 MHz
INFO: [HLS 200-111] Finished Command csynth_design CPU user time: 31.71 seconds. CPU system time: 0.64 seconds. Elapsed time: 31.85 seconds; current allocated memory: -871.375 MB.
INFO: [HLS 200-112] Total CPU user time: 33.05 seconds. Total CPU system time: 1.01 seconds. Total elapsed time: 32.91 seconds; peak allocated memory: 1.321 GB.
INFO: [Common 17-206] Exiting vitis_hls at Wed Aug  5 21:57:27 2026...
