#-----------------------------------------------------------
# xsim v2021.2 (64-bit)
# SW Build 3367213 on Tue Oct 19 02:47:39 MDT 2021
# IP Build 3369179 on Thu Oct 21 08:25:16 MDT 2021
# Start of session at: Tue Aug 11 20:22:15 2026
# Process ID: 51692
# Current directory: /home/lab_726/boom/hls_boom/build/gate5_1_frontend/repair/r4/m3c_full_core_rtl/base_m3b/xsim
# Command line: xsim -log /home/lab_726/boom/hls_boom/reports/gate5_1_frontend/repair/r4/m3c_full_core_rtl/base_m3b/logs/divide_dependency.log -mode tcl -source {xsim.dir/gate3_9_snapshot/xsim_script.tcl}
# Log file: /home/lab_726/boom/hls_boom/reports/gate5_1_frontend/repair/r4/m3c_full_core_rtl/base_m3b/logs/divide_dependency.log
# Journal file: /home/lab_726/boom/hls_boom/build/gate5_1_frontend/repair/r4/m3c_full_core_rtl/base_m3b/xsim/xsim.jou
# Running On: 726, OS: Linux, CPU Frequency: 1949.573 MHz, CPU Physical cores: 14, Host memory: 67148 MB
#-----------------------------------------------------------
source xsim.dir/gate3_9_snapshot/xsim_script.tcl
# xsim {gate3_9_snapshot} -testplusarg PROGRAM=/home/lab_726/boom/hls_boom/build/gate5_1_frontend/repair/r4/m3c_full_core_rtl/base_m3b/xsim/divide_dependency.readmemh -testplusarg PROGRAM_NAME=divide_dependency -testplusarg SCENARIO=N0_NORMAL_INDEPENDENT_ALU -testplusarg MAX_CYCLES=1000000 -testplusarg TRACE=/home/lab_726/boom/hls_boom/reports/gate5_1_frontend/repair/r4/m3c_full_core_rtl/base_m3b/traces/divide_dependency.jsonl -autoloadwcfg -runall -onerror quit
Time resolution is 1 ps
run -all
GATE3_8_IMEM program=/home/lab_726/boom/hls_boom/build/gate5_1_frontend/repair/r4/m3c_full_core_rtl/base_m3b/xsim/divide_dependency.readmemh
GATE3_8_START scenario=N0_NORMAL_INDEPENDENT_ALU code=0 program=divide_dependency max_cycles=1000000
GATE3_8_PASS scenario=N0_NORMAL_INDEPENDENT_ALU cycles=202864 commits=17 resets=1 imem=51 dmem=1 loads=0 stores=1 tohost=0000000000000001
$finish called at time : 2028685 ns : File "/home/lab_726/boom/hls_boom/rtl_tb/boom_core_rtl_tb.sv" Line 282
run: Time (s): cpu = 00:00:00.37 ; elapsed = 00:00:18 . Memory (MB): peak = 2685.672 ; gain = 0.000 ; free physical = 11885 ; free virtual = 57758
exit
INFO: xsimkernel Simulation Memory Usage: 136676 KB (Peak: 190052 KB), Simulation CPU Usage: 18400 ms
INFO: [Common 17-206] Exiting xsim at Tue Aug 11 20:22:37 2026...
