#-----------------------------------------------------------
# xsim v2021.2 (64-bit)
# SW Build 3367213 on Tue Oct 19 02:47:39 MDT 2021
# IP Build 3369179 on Thu Oct 21 08:25:16 MDT 2021
# Start of session at: Tue Aug 11 20:21:31 2026
# Process ID: 51461
# Current directory: /home/lab_726/boom/hls_boom/build/gate5_1_frontend/repair/r4/m3c_full_core_rtl/base_m3b/xsim
# Command line: xsim -log /home/lab_726/boom/hls_boom/reports/gate5_1_frontend/repair/r4/m3c_full_core_rtl/base_m3b/logs/remu.log -mode tcl -source {xsim.dir/gate3_9_snapshot/xsim_script.tcl}
# Log file: /home/lab_726/boom/hls_boom/reports/gate5_1_frontend/repair/r4/m3c_full_core_rtl/base_m3b/logs/remu.log
# Journal file: /home/lab_726/boom/hls_boom/build/gate5_1_frontend/repair/r4/m3c_full_core_rtl/base_m3b/xsim/xsim.jou
# Running On: 726, OS: Linux, CPU Frequency: 1817.183 MHz, CPU Physical cores: 14, Host memory: 67148 MB
#-----------------------------------------------------------
source xsim.dir/gate3_9_snapshot/xsim_script.tcl
# xsim {gate3_9_snapshot} -testplusarg PROGRAM=/home/lab_726/boom/hls_boom/build/gate5_1_frontend/repair/r4/m3c_full_core_rtl/base_m3b/xsim/remu.readmemh -testplusarg PROGRAM_NAME=remu -testplusarg SCENARIO=N0_NORMAL_INDEPENDENT_ALU -testplusarg MAX_CYCLES=1000000 -testplusarg TRACE=/home/lab_726/boom/hls_boom/reports/gate5_1_frontend/repair/r4/m3c_full_core_rtl/base_m3b/traces/remu.jsonl -autoloadwcfg -runall -onerror quit
Time resolution is 1 ps
run -all
GATE3_8_IMEM program=/home/lab_726/boom/hls_boom/build/gate5_1_frontend/repair/r4/m3c_full_core_rtl/base_m3b/xsim/remu.readmemh
GATE3_8_START scenario=N0_NORMAL_INDEPENDENT_ALU code=0 program=remu max_cycles=1000000
GATE3_8_PASS scenario=N0_NORMAL_INDEPENDENT_ALU cycles=74620 commits=12 resets=1 imem=46 dmem=1 loads=0 stores=1 tohost=0000000000000001
$finish called at time : 746245 ns : File "/home/lab_726/boom/hls_boom/rtl_tb/boom_core_rtl_tb.sv" Line 282
run: Time (s): cpu = 00:00:00.37 ; elapsed = 00:00:07 . Memory (MB): peak = 2685.672 ; gain = 0.000 ; free physical = 11760 ; free virtual = 57633
exit
INFO: [Common 17-206] Exiting xsim at Tue Aug 11 20:21:42 2026...
