#-----------------------------------------------------------
# xsim v2021.2 (64-bit)
# SW Build 3367213 on Tue Oct 19 02:47:39 MDT 2021
# IP Build 3369179 on Thu Oct 21 08:25:16 MDT 2021
# Start of session at: Thu Jul 30 22:17:54 2026
# Process ID: 223782
# Current directory: /home/lab_726/boom/hls_boom/build/gate4_0/w2_core_xsim
# Command line: xsim -log /home/lab_726/boom/hls_boom/reports/gate4_0/w2/rtl_logs/branch_not_taken_I3_IMEM_RESPONSE_DELAY_4.log -mode tcl -source {xsim.dir/gate3_9_snapshot/xsim_script.tcl}
# Log file: /home/lab_726/boom/hls_boom/reports/gate4_0/w2/rtl_logs/branch_not_taken_I3_IMEM_RESPONSE_DELAY_4.log
# Journal file: /home/lab_726/boom/hls_boom/build/gate4_0/w2_core_xsim/xsim.jou
# Running On: 726, OS: Linux, CPU Frequency: 4714.500 MHz, CPU Physical cores: 14, Host memory: 67148 MB
#-----------------------------------------------------------
source xsim.dir/gate3_9_snapshot/xsim_script.tcl
# xsim {gate3_9_snapshot} -testplusarg PROGRAM=/home/lab_726/boom/hls_boom/build/gate4_0/w2_core_xsim/branch_not_taken.readmemh -testplusarg PROGRAM_NAME=branch_not_taken -testplusarg SCENARIO=I3_IMEM_RESPONSE_DELAY_4 -testplusarg MAX_CYCLES=50000 -testplusarg TRACE=/home/lab_726/boom/hls_boom/reports/gate4_0/w2/rtl_traces/branch_not_taken_I3_IMEM_RESPONSE_DELAY_4.jsonl -autoloadwcfg -runall -onerror quit
Time resolution is 1 ps
run -all
GATE3_8_IMEM program=/home/lab_726/boom/hls_boom/build/gate4_0/w2_core_xsim/branch_not_taken.readmemh
GATE3_8_START scenario=I3_IMEM_RESPONSE_DELAY_4 code=23 program=branch_not_taken max_cycles=50000
GATE3_8_PASS scenario=I3_IMEM_RESPONSE_DELAY_4 cycles=21397 commits=14 resets=1 imem=15 dmem=1 loads=0 stores=1 tohost=0000000000000001
$finish called at time : 214015 ns : File "/home/lab_726/boom/hls_boom/rtl_tb/boom_core_rtl_tb.sv" Line 282
exit
INFO: [Common 17-206] Exiting xsim at Thu Jul 30 22:17:59 2026...
