PF5_COVERAGE_PROGRAM program=pf5_pred_nt_actual_nt conditional_predictions=1 predicted_taken=0 predicted_not_taken=1 correct_predictions=1 direction_mispredicts=0 target_mispredicts=0 recovery_redirects=0 same_packet_kills=0 ftq_squashes=0 fault_refetches=0 wraps=0 signature=PASS bim_preserved=true commits=10 cycles=35 verdict=PASS
PF5_PROGRAM program=pf5_pred_nt_actual_nt conditional_commits=1 training_updates=1 training_dropped=0 training_duplicate=0 stale_rejected=0 initial_counter=1 final_counter=0 final_valid=true verdict=PASS
PF5_COVERAGE_PROGRAM program=pf5_pred_nt_actual_t conditional_predictions=1 predicted_taken=0 predicted_not_taken=1 correct_predictions=0 direction_mispredicts=1 target_mispredicts=0 recovery_redirects=1 same_packet_kills=1 ftq_squashes=1 fault_refetches=0 wraps=0 signature=PASS bim_preserved=false commits=9 cycles=34 verdict=PASS
PF5_PROGRAM program=pf5_pred_nt_actual_t conditional_commits=1 training_updates=1 training_dropped=0 training_duplicate=0 stale_rejected=0 initial_counter=1 final_counter=2 final_valid=true verdict=PASS
PF5_COVERAGE_PROGRAM program=pf5_pred_t_actual_t conditional_predictions=1 predicted_taken=1 predicted_not_taken=0 correct_predictions=1 direction_mispredicts=0 target_mispredicts=0 recovery_redirects=0 same_packet_kills=0 ftq_squashes=0 fault_refetches=0 wraps=0 signature=PASS bim_preserved=true commits=9 cycles=32 verdict=PASS
PF5_PROGRAM program=pf5_pred_t_actual_t conditional_commits=1 training_updates=1 training_dropped=0 training_duplicate=0 stale_rejected=0 initial_counter=3 final_counter=3 final_valid=true verdict=PASS
PF5_COVERAGE_PROGRAM program=pf5_pred_t_actual_nt conditional_predictions=1 predicted_taken=1 predicted_not_taken=0 correct_predictions=0 direction_mispredicts=1 target_mispredicts=0 recovery_redirects=1 same_packet_kills=1 ftq_squashes=1 fault_refetches=0 wraps=0 signature=PASS bim_preserved=false commits=10 cycles=37 verdict=PASS
PF5_PROGRAM program=pf5_pred_t_actual_nt conditional_commits=1 training_updates=1 training_dropped=0 training_duplicate=0 stale_rejected=0 initial_counter=2 final_counter=1 final_valid=true verdict=PASS
PF5_COVERAGE_PROGRAM program=pf5_rvc_commit conditional_predictions=1 predicted_taken=0 predicted_not_taken=1 correct_predictions=0 direction_mispredicts=1 target_mispredicts=0 recovery_redirects=1 same_packet_kills=0 ftq_squashes=1 fault_refetches=0 wraps=0 signature=PASS bim_preserved=false commits=10 cycles=32 verdict=PASS
PF5_PROGRAM program=pf5_rvc_commit conditional_commits=1 training_updates=1 training_dropped=0 training_duplicate=0 stale_rejected=0 initial_counter=1 final_counter=2 final_valid=true verdict=PASS
PF5_COVERAGE_PROGRAM program=pf5_same_packet_kill conditional_predictions=1 predicted_taken=0 predicted_not_taken=1 correct_predictions=0 direction_mispredicts=1 target_mispredicts=0 recovery_redirects=1 same_packet_kills=1 ftq_squashes=1 fault_refetches=0 wraps=0 signature=PASS bim_preserved=false commits=11 cycles=37 verdict=PASS
PF5_PROGRAM program=pf5_same_packet_kill conditional_commits=1 training_updates=1 training_dropped=0 training_duplicate=0 stale_rejected=0 initial_counter=1 final_counter=2 final_valid=true verdict=PASS
PF5_COVERAGE_PROGRAM program=pf5_fault_no_training conditional_predictions=0 predicted_taken=0 predicted_not_taken=0 correct_predictions=0 direction_mispredicts=0 target_mispredicts=0 recovery_redirects=0 same_packet_kills=0 ftq_squashes=1 fault_refetches=1 wraps=0 signature=PASS bim_preserved=true commits=9 cycles=34 verdict=PASS
PF5_PROGRAM program=pf5_fault_no_training conditional_commits=0 training_updates=0 training_dropped=0 training_duplicate=0 stale_rejected=0 initial_counter=1 final_counter=1 final_valid=false verdict=PASS
PF5_COVERAGE_PROGRAM program=pf5_ftq_wrap_training conditional_predictions=1 predicted_taken=0 predicted_not_taken=1 correct_predictions=0 direction_mispredicts=1 target_mispredicts=0 recovery_redirects=1 same_packet_kills=1 ftq_squashes=1 fault_refetches=0 wraps=2 signature=PASS bim_preserved=false commits=89 cycles=274 verdict=PASS
PF5_PROGRAM program=pf5_ftq_wrap_training conditional_commits=1 training_updates=1 training_dropped=0 training_duplicate=0 stale_rejected=0 initial_counter=1 final_counter=2 final_valid=true verdict=PASS
PF5_COVERAGE_PROGRAM program=pf5_jal_no_training conditional_predictions=0 predicted_taken=0 predicted_not_taken=0 correct_predictions=0 direction_mispredicts=0 target_mispredicts=0 recovery_redirects=0 same_packet_kills=0 ftq_squashes=0 fault_refetches=0 wraps=0 signature=PASS bim_preserved=true commits=9 cycles=31 verdict=PASS
PF5_PROGRAM program=pf5_jal_no_training conditional_commits=0 training_updates=0 training_dropped=0 training_duplicate=0 stale_rejected=0 initial_counter=1 final_counter=1 final_valid=false verdict=PASS
PF5_COVERAGE_PROGRAM program=pf5_jalr_no_training conditional_predictions=0 predicted_taken=0 predicted_not_taken=0 correct_predictions=0 direction_mispredicts=0 target_mispredicts=0 recovery_redirects=1 same_packet_kills=0 ftq_squashes=1 fault_refetches=0 wraps=0 signature=PASS bim_preserved=true commits=11 cycles=40 verdict=PASS
PF5_PROGRAM program=pf5_jalr_no_training conditional_commits=0 training_updates=0 training_dropped=0 training_duplicate=0 stale_rejected=0 initial_counter=1 final_counter=1 final_valid=false verdict=PASS
PF5_COVERAGE_PROGRAM program=pf5_exception_no_training conditional_predictions=0 predicted_taken=0 predicted_not_taken=0 correct_predictions=0 direction_mispredicts=0 target_mispredicts=0 recovery_redirects=0 same_packet_kills=0 ftq_squashes=1 fault_refetches=0 wraps=0 signature=PASS bim_preserved=true commits=9 cycles=34 verdict=PASS
PF5_PROGRAM program=pf5_exception_no_training conditional_commits=0 training_updates=0 training_dropped=0 training_duplicate=0 stale_rejected=0 initial_counter=1 final_counter=1 final_valid=false verdict=PASS
PF5_COVERAGE_PROGRAM program=pf5_mixed_long_training conditional_predictions=12 predicted_taken=11 predicted_not_taken=1 correct_predictions=10 direction_mispredicts=2 target_mispredicts=0 recovery_redirects=3 same_packet_kills=2 ftq_squashes=3 fault_refetches=0 wraps=1 signature=PASS bim_preserved=false commits=37 cycles=134 verdict=PASS
PF5_PROGRAM program=pf5_mixed_long_training conditional_commits=12 training_updates=12 training_dropped=0 training_duplicate=0 stale_rejected=0 initial_counter=1 final_counter=2 final_valid=true verdict=PASS
PF5_PRODUCT_PROGRAMS 12/12 PASS
