
****** Vitis HLS - High-Level Synthesis from C, C++ and OpenCL v2021.2 (64-bit)
  **** SW Build 3367213 on Tue Oct 19 02:47:39 MDT 2021
  **** IP Build 3369179 on Thu Oct 21 08:25:16 MDT 2021
    ** Copyright 1986-2021 Xilinx, Inc. All Rights Reserved.

source /home/lab_726/Xilinx/Vitis_HLS/2021.2/scripts/vitis_hls/hls.tcl -notrace
INFO: [HLS 200-10] Running '/home/lab_726/Xilinx/Vitis_HLS/2021.2/bin/unwrapped/lnx64.o/vitis_hls'
INFO: [HLS 200-10] For user 'lab_726' on host '726' (Linux_x86_64 version 6.8.0-136-generic) on Sun Aug 02 12:05:58 CST 2026
INFO: [HLS 200-10] On os Ubuntu 22.04.5 LTS
INFO: [HLS 200-10] In directory '/home/lab_726/boom/hls_boom/build/gate4_0/w4a_csynth/projects'
Sourcing Tcl script '/home/lab_726/boom/hls_boom/scripts/run_top_csynth.tcl'
INFO: [HLS 200-1510] Running: open_project -reset synth_lsu_top 
INFO: [HLS 200-10] Opening and resetting project '/home/lab_726/boom/hls_boom/build/gate4_0/w4a_csynth/projects/synth_lsu_top'.
WARNING: [HLS 200-40] No /home/lab_726/boom/hls_boom/build/gate4_0/w4a_csynth/projects/synth_lsu_top/solution_w4a_csynth/solution_w4a_csynth.aps file found.
INFO: [HLS 200-1510] Running: set_top synth_lsu_top 
INFO: [HLS 200-1510] Running: add_files -cflags -std=c++11 -I/home/lab_726/boom/hls_boom/include  /home/lab_726/boom/hls_boom/src/boom_core_merged.cpp 
INFO: [HLS 200-10] Adding design file '/home/lab_726/boom/hls_boom/src/boom_core_merged.cpp' to the project
INFO: [HLS 200-1510] Running: open_solution -reset solution_w4a_csynth 
INFO: [HLS 200-10] Creating and opening solution '/home/lab_726/boom/hls_boom/build/gate4_0/w4a_csynth/projects/synth_lsu_top/solution_w4a_csynth'.
INFO: [HLS 200-10] Cleaning up the solution database.
WARNING: [HLS 200-40] No /home/lab_726/boom/hls_boom/build/gate4_0/w4a_csynth/projects/synth_lsu_top/solution_w4a_csynth/solution_w4a_csynth.aps file found.
INFO: [HLS 200-1505] Using default flow_target 'vivado'
Resolution: For help on HLS 200-1505 see www.xilinx.com/cgi-bin/docs/rdoc?v=2021.2;t=hls+guidance;d=200-1505.html
INFO: [HLS 200-1510] Running: set_part xczu7ev-ffvc1156-2-e 
INFO: [HLS 200-1611] Setting target device to 'xczu7ev-ffvc1156-2-e'
INFO: [HLS 200-1510] Running: create_clock -period 10 -name default 
INFO: [SYN 201-201] Setting up clock 'default' with a period of 10ns.
INFO: [HLS 200-1510] Running: config_compile -pipeline_loops 0 
INFO: [XFORM 203-1171] Pipeline the innermost loop with trip count more than 0 or its parent loop when its trip count is less than or equal 0.
INFO: [HLS 200-1510] Running: csynth_design 
INFO: [HLS 200-111] Finished File checks and directory preparation: CPU user time: 0.01 seconds. CPU system time: 0 seconds. Elapsed time: 0 seconds; current allocated memory: 1.321 GB.
INFO: [HLS 200-10] Analyzing design file '/home/lab_726/boom/hls_boom/src/boom_core_merged.cpp' ... 
INFO: [HLS 200-111] Finished Source Code Analysis and Preprocessing: CPU user time: 0.92 seconds. CPU system time: 0.27 seconds. Elapsed time: 0.63 seconds; current allocated memory: 418.281 MB.
INFO: [HLS 200-777] Using interface defaults for 'Vivado' flow target.
INFO: [HLS 214-284] Auto array partition mode is set into default.
INFO: [HLS 214-131] Inlining function 'boom::completion_from_execute(ExecuteState::AluResult const&, CompletionSourceId, CompletionEvent&)' into 'boom::completion_service_execute(BoomCoreState&)' (/home/lab_726/boom/hls_boom/src/boom_core_merged.cpp:656:5)
INFO: [HLS 214-131] Inlining function 'boom::completion_from_execute(ExecuteState::AluResult const&, CompletionSourceId, CompletionEvent&)' into 'boom::completion_service_execute(BoomCoreState&)' (/home/lab_726/boom/hls_boom/src/boom_core_merged.cpp:658:5)
INFO: [HLS 214-131] Inlining function 'boom::select_completion_serial(BoomCoreState const&, CompletionEvent const&, CompletionEvent const&, bool&)' into 'boom::completion_service_execute(BoomCoreState&)' (/home/lab_726/boom/hls_boom/src/boom_core_merged.cpp:667:35)
INFO: [HLS 214-131] Inlining function 'boom::apply_completion(BoomCoreState&, CompletionEvent const&)' into 'boom::completion_service_execute(BoomCoreState&)' (/home/lab_726/boom/hls_boom/src/boom_core_merged.cpp:671:13)
INFO: [HLS 214-131] Inlining function 'boom::apply_completion(BoomCoreState&, CompletionEvent const&)' into 'boom::completion_service_execute(BoomCoreState&)' (/home/lab_726/boom/hls_boom/src/boom_core_merged.cpp:674:13)
INFO: [HLS 214-131] Inlining function 'boom::completion_from_load_response(BoomCoreState const&, DmemResponse const&, CompletionEvent&)' into 'boom::completion_service_cycle(BoomCoreState&, PipeSignals&)' (/home/lab_726/boom/hls_boom/src/boom_core_merged.cpp:687:5)
INFO: [HLS 214-131] Inlining function 'boom::apply_completion(BoomCoreState&, CompletionEvent const&)' into 'boom::completion_service_cycle(BoomCoreState&, PipeSignals&)' (/home/lab_726/boom/hls_boom/src/boom_core_merged.cpp:688:9)
INFO: [HLS 214-178] Inlining function 'MicroOp::MicroOp() (.22.28.34.40.46.52.58.64)' into 'FrontendState::FrontendState()' (/home/lab_726/boom/hls_boom/include/boom_state.hpp:26:0)
INFO: [HLS 214-178] Inlining function 'MicroOp::MicroOp() (.22.28.34.40.46.52.58.64)' into 'DecodeState::DecodeState()' (/home/lab_726/boom/hls_boom/include/boom_state.hpp:32:0)
INFO: [HLS 214-178] Inlining function 'MicroOp::MicroOp() (.22.28.34.40.46.52.58.64)' into 'RenameDispatchPacket::RenameDispatchPacket()' (/home/lab_726/boom/hls_boom/include/boom_state.hpp:73:0)
INFO: [HLS 214-178] Inlining function 'RenameMapTableState::RenameMapTableState()' into 'RenameState::RenameState()' (/home/lab_726/boom/hls_boom/include/boom_state.hpp:76:0)
INFO: [HLS 214-178] Inlining function 'RenameFreeListState::RenameFreeListState()' into 'RenameState::RenameState()' (/home/lab_726/boom/hls_boom/include/boom_state.hpp:76:0)
INFO: [HLS 214-178] Inlining function 'RenameDispatchPacket::RenameDispatchPacket()' into 'RenameState::RenameState()' (/home/lab_726/boom/hls_boom/include/boom_state.hpp:76:0)
INFO: [HLS 214-178] Inlining function 'MicroOp::MicroOp() (.22.28.34.40.46.52.58.64)' into 'IssueSlotEntry::IssueSlotEntry()' (/home/lab_726/boom/hls_boom/include/boom_types.hpp:100:0)
INFO: [HLS 214-178] Inlining function 'IssueSlotEntry::IssueSlotEntry()' into 'IssueQueueState::IssueQueueState()' (/home/lab_726/boom/hls_boom/include/boom_state.hpp:85:0)
INFO: [HLS 214-178] Inlining function 'MicroOp::MicroOp() (.22.28.34.40.46.52.58.64)' into 'IssueGrant::IssueGrant()' (/home/lab_726/boom/hls_boom/include/boom_types.hpp:77:0)
INFO: [HLS 214-178] Inlining function 'IssueGrant::IssueGrant()' into 'IssueState::IssueState()' (/home/lab_726/boom/hls_boom/include/boom_state.hpp:102:0)
INFO: [HLS 214-178] Inlining function 'MicroOp::MicroOp() (.22.28.34.40.46.52.58.64)' into 'IssueState::IssueState()' (/home/lab_726/boom/hls_boom/include/boom_state.hpp:102:0)
INFO: [HLS 214-178] Inlining function 'MicroOp::MicroOp() (.22.28.34.40.46.52.58.64)' into 'ExecuteState::AluResult::AluResult()' (/home/lab_726/boom/hls_boom/include/boom_state.hpp:121:0)
INFO: [HLS 214-178] Inlining function 'ExecuteState::AluResult::AluResult()' into 'ExecuteState::ExecuteState()' (/home/lab_726/boom/hls_boom/include/boom_state.hpp:124:0)
INFO: [HLS 214-178] Inlining function 'MicroOp::MicroOp() (.22.28.34.40.46.52.58.64)' into 'RobEntry::RobEntry()' (/home/lab_726/boom/hls_boom/include/boom_types.hpp:91:0)
INFO: [HLS 214-178] Inlining function 'RobEntry::RobEntry()' into 'RobInternalState::RobInternalState()' (/home/lab_726/boom/hls_boom/include/boom_state.hpp:138:0)
INFO: [HLS 214-178] Inlining function 'CommitEntry::CommitEntry()' into 'RobInternalState::RobInternalState()' (/home/lab_726/boom/hls_boom/include/boom_state.hpp:138:0)
INFO: [HLS 214-178] Inlining function 'StoreQueueEntry::StoreQueueEntry()' into 'LsuState::LsuState()' (/home/lab_726/boom/hls_boom/include/boom_state.hpp:181:0)
INFO: [HLS 214-178] Inlining function 'LoadQueueEntry::LoadQueueEntry()' into 'LsuState::LsuState()' (/home/lab_726/boom/hls_boom/include/boom_state.hpp:181:0)
INFO: [HLS 214-178] Inlining function 'MicroOp::MicroOp() (.22.28.34.40.46.52.58.64)' into 'BranchUpdate::BranchUpdate()' (/home/lab_726/boom/hls_boom/include/boom_types.hpp:109:0)
INFO: [HLS 214-178] Inlining function 'FrontendState::FrontendState()' into 'BoomCoreState::BoomCoreState()' (/home/lab_726/boom/hls_boom/include/boom_state.hpp:205:0)
INFO: [HLS 214-178] Inlining function 'CsrState::CsrState()' into 'BoomCoreState::BoomCoreState()' (/home/lab_726/boom/hls_boom/include/boom_state.hpp:205:0)
INFO: [HLS 214-178] Inlining function 'LsuState::LsuState()' into 'BoomCoreState::BoomCoreState()' (/home/lab_726/boom/hls_boom/include/boom_state.hpp:205:0)
INFO: [HLS 214-178] Inlining function 'BranchRecoveryState::BranchRecoveryState()' into 'BoomCoreState::BoomCoreState()' (/home/lab_726/boom/hls_boom/include/boom_state.hpp:205:0)
INFO: [HLS 214-178] Inlining function 'BranchUpdate::BranchUpdate()' into 'BoomCoreState::BoomCoreState()' (/home/lab_726/boom/hls_boom/include/boom_state.hpp:205:0)
INFO: [HLS 214-178] Inlining function 'MicroOp::MicroOp() (.22.28.34.40.46.52.58.64)' into 'CompletionEvent::CompletionEvent()' (/home/lab_726/boom/hls_boom/include/completion.hpp:23:0)
INFO: [HLS 214-178] Inlining function 'boom::completion_has_rob_owner(BoomCoreState const&, CompletionEvent const&) (.73.91.110.141.160.191.210.241.260)' into 'boom::completion_is_valid(BoomCoreState const&, CompletionEvent const&)' (/home/lab_726/boom/hls_boom/src/boom_core_merged.cpp:573:0)
INFO: [HLS 214-178] Inlining function 'IssueSlotEntry::IssueSlotEntry()' into 'boom::compact_issue_queue(IssueQueueState&)' (/home/lab_726/boom/hls_boom/src/boom_core_merged.cpp:1074:0)
INFO: [HLS 214-178] Inlining function 'boom::killed_by_mask(MicroOp const&, unsigned char)' into 'boom::kill_issue_state(BoomCoreState&, unsigned char)' (/home/lab_726/boom/hls_boom/src/boom_core_merged.cpp:1087:0)
INFO: [HLS 214-178] Inlining function 'boom::killed_by_mask(MicroOp const&, unsigned char)' into 'boom::kill_execute_state(BoomCoreState&, unsigned char)' (/home/lab_726/boom/hls_boom/src/boom_core_merged.cpp:1104:0)
INFO: [HLS 214-178] Inlining function 'LoadQueueEntry::LoadQueueEntry()' into 'boom::kill_lsu_state(BoomCoreState&, unsigned char)' (/home/lab_726/boom/hls_boom/src/boom_core_merged.cpp:1112:0)
INFO: [HLS 214-178] Inlining function 'StoreQueueEntry::StoreQueueEntry()' into 'boom::kill_lsu_state(BoomCoreState&, unsigned char)' (/home/lab_726/boom/hls_boom/src/boom_core_merged.cpp:1112:0)
INFO: [HLS 214-178] Inlining function 'boom::killed_by_mask(MicroOp const&, unsigned char)' into 'boom::kill_rob_younger_than(BoomCoreState&, unsigned char, unsigned char)' (/home/lab_726/boom/hls_boom/src/boom_core_merged.cpp:1154:0)
INFO: [HLS 214-178] Inlining function 'boom::branch_free_list_contains(RenameFreeListState const&, unsigned char)' into 'boom::branch_free_preg_unique(RenameFreeListState&, unsigned char)' (/home/lab_726/boom/hls_boom/src/boom_core_merged.cpp:1036:0)
INFO: [HLS 214-178] Inlining function 'boom::preg_in_map(RenameMapTableState const&, unsigned char)' into 'boom::rollback_free_list(BoomCoreState&, unsigned char)' (/home/lab_726/boom/hls_boom/src/boom_core_merged.cpp:1193:0)
INFO: [HLS 214-178] Inlining function 'boom::branch_free_preg_unique(RenameFreeListState&, unsigned char)' into 'boom::rollback_free_list(BoomCoreState&, unsigned char)' (/home/lab_726/boom/hls_boom/src/boom_core_merged.cpp:1193:0)
INFO: [HLS 214-178] Inlining function 'boom::branch_tag_bit(unsigned char)' into 'boom::prune_recovered_tags(BoomCoreState&, unsigned char, unsigned char)' (/home/lab_726/boom/hls_boom/src/boom_core_merged.cpp:1212:0)
INFO: [HLS 214-178] Inlining function 'boom::branch_clear_alloc_list(BranchRecoveryState&, unsigned char)' into 'boom::prune_recovered_tags(BoomCoreState&, unsigned char, unsigned char)' (/home/lab_726/boom/hls_boom/src/boom_core_merged.cpp:1212:0)
INFO: [HLS 214-178] Inlining function 'boom::clear_resolved_mask(MicroOp&, unsigned char)' into 'boom::clear_resolved_masks_in_state(BoomCoreState&, unsigned char)' (/home/lab_726/boom/hls_boom/src/boom_core_merged.cpp:1060:0)
INFO: [HLS 214-178] Inlining function 'boom::killed_by_mask(MicroOp const&, unsigned char)' into 'boom::recover_mispredict(BoomCoreState&, BranchUpdate const&)' (/home/lab_726/boom/hls_boom/src/boom_core_merged.cpp:1225:0)
INFO: [HLS 214-178] Inlining function 'boom::restore_map_snapshot(BoomCoreState&, unsigned char)' into 'boom::recover_mispredict(BoomCoreState&, BranchUpdate const&)' (/home/lab_726/boom/hls_boom/src/boom_core_merged.cpp:1225:0)
INFO: [HLS 214-178] Inlining function 'boom::rollback_free_list(BoomCoreState&, unsigned char)' into 'boom::recover_mispredict(BoomCoreState&, BranchUpdate const&)' (/home/lab_726/boom/hls_boom/src/boom_core_merged.cpp:1225:0)
INFO: [HLS 214-178] Inlining function 'boom::prune_recovered_tags(BoomCoreState&, unsigned char, unsigned char)' into 'boom::recover_mispredict(BoomCoreState&, BranchUpdate const&)' (/home/lab_726/boom/hls_boom/src/boom_core_merged.cpp:1225:0)
INFO: [HLS 214-178] Inlining function 'boom::rebuild_busy_after_recovery(BoomCoreState&)' into 'boom::recover_mispredict(BoomCoreState&, BranchUpdate const&)' (/home/lab_726/boom/hls_boom/src/boom_core_merged.cpp:1225:0)
INFO: [HLS 214-178] Inlining function 'boom::branch_tag_bit(unsigned char)' into 'boom::release_tag(BoomCoreState&, unsigned char)' (/home/lab_726/boom/hls_boom/src/boom_core_merged.cpp:1050:0)
INFO: [HLS 214-178] Inlining function 'boom::branch_clear_alloc_list(BranchRecoveryState&, unsigned char)' into 'boom::release_tag(BoomCoreState&, unsigned char)' (/home/lab_726/boom/hls_boom/src/boom_core_merged.cpp:1050:0)
INFO: [HLS 214-178] Inlining function 'boom::release_tag(BoomCoreState&, unsigned char)' into 'boom::release_resolved_branch(BoomCoreState&, unsigned char, unsigned char)' (/home/lab_726/boom/hls_boom/src/boom_core_merged.cpp:1254:0)
INFO: [HLS 214-178] Inlining function 'boom::branch_tag_bit(unsigned char)' into 'boom::branch_complete_event(BoomCoreState&, MicroOp const&, bool, unsigned long)' (/home/lab_726/boom/hls_boom/src/boom_core_merged.cpp:1260:0)
INFO: [HLS 214-178] Inlining function 'boom::release_resolved_branch(BoomCoreState&, unsigned char, unsigned char)' into 'boom::branch_complete_event(BoomCoreState&, MicroOp const&, bool, unsigned long)' (/home/lab_726/boom/hls_boom/src/boom_core_merged.cpp:1260:0)
INFO: [HLS 214-178] Inlining function 'boom::enqueue_store(BoomCoreState&, MicroOp const&, unsigned long, unsigned long, unsigned char, unsigned char, RobEntry&) (.104.122.157.182.207.232.257.282)' into 'boom::lsu_accept_completion(BoomCoreState&, MicroOp const&, bool, bool, bool, unsigned long, unsigned long, unsigned char, unsigned char)' (/home/lab_726/boom/hls_boom/src/boom_core_merged.cpp:1389:0)
INFO: [HLS 214-178] Inlining function 'boom::enqueue_load(BoomCoreState&, MicroOp const&, bool, unsigned long, unsigned char, unsigned char, RobEntry&) (.101.119.154.179.204.229.254.279)' into 'boom::lsu_accept_completion(BoomCoreState&, MicroOp const&, bool, bool, bool, unsigned long, unsigned long, unsigned char, unsigned char)' (/home/lab_726/boom/hls_boom/src/boom_core_merged.cpp:1389:0)
INFO: [HLS 214-178] Inlining function 'boom::is_branch(MicroOp const&)' into 'boom::completion_service_execute(BoomCoreState&)' (/home/lab_726/boom/hls_boom/src/boom_core_merged.cpp:653:0)
INFO: [HLS 214-178] Inlining function 'boom::completion_age(BoomCoreState const&, CompletionEvent const&)' into 'boom::completion_service_execute(BoomCoreState&)' (/home/lab_726/boom/hls_boom/src/boom_core_merged.cpp:653:0)
INFO: [HLS 214-178] Inlining function 'boom::completion_has_rob_owner(BoomCoreState const&, CompletionEvent const&) (.73.91.110.141.160.191.210.241.260)' into 'boom::completion_service_execute(BoomCoreState&)' (/home/lab_726/boom/hls_boom/src/boom_core_merged.cpp:653:0)
INFO: [HLS 214-178] Inlining function 'boom::sign_extend(unsigned long, unsigned char)' into 'boom::load_value(unsigned long, unsigned long, unsigned char, bool)' (/home/lab_726/boom/hls_boom/src/boom_core_merged.cpp:483:0)
INFO: [HLS 214-178] Inlining function 'LoadQueueEntry::LoadQueueEntry()' into 'boom::reclaim_ldq(BoomCoreState&, unsigned char, unsigned int)' (/home/lab_726/boom/hls_boom/src/boom_core_merged.cpp:1405:0)
INFO: [HLS 214-178] Inlining function 'DmemResponse::DmemResponse()' into 'boom::completion_service_cycle(BoomCoreState&, PipeSignals&)' (/home/lab_726/boom/hls_boom/src/boom_core_merged.cpp:679:0)
INFO: [HLS 214-178] Inlining function 'CompletionEvent::CompletionEvent()' into 'boom::completion_service_cycle(BoomCoreState&, PipeSignals&)' (/home/lab_726/boom/hls_boom/src/boom_core_merged.cpp:679:0)
INFO: [HLS 214-178] Inlining function 'boom::load_value(unsigned long, unsigned long, unsigned char, bool)' into 'boom::completion_service_cycle(BoomCoreState&, PipeSignals&)' (/home/lab_726/boom/hls_boom/src/boom_core_merged.cpp:679:0)
INFO: [HLS 214-178] Inlining function 'boom::completion_is_valid(BoomCoreState const&, CompletionEvent const&)' into 'boom::completion_service_cycle(BoomCoreState&, PipeSignals&)' (/home/lab_726/boom/hls_boom/src/boom_core_merged.cpp:679:0)
INFO: [HLS 214-178] Inlining function 'boom::lsu_finish_load_response(BoomCoreState&, unsigned char, unsigned int, unsigned int)' into 'boom::completion_service_cycle(BoomCoreState&, PipeSignals&)' (/home/lab_726/boom/hls_boom/src/boom_core_merged.cpp:679:0)
INFO: [HLS 214-178] Inlining function 'boom::older_store_in_rob(BoomCoreState const&, unsigned char)' into 'boom::try_issue_load(BoomCoreState&, PipeSignals&, unsigned char)' (/home/lab_726/boom/hls_boom/src/boom_core_merged.cpp:1329:0)
INFO: [HLS 214-178] Inlining function 'DmemRequest::DmemRequest()' into 'boom::try_issue_load(BoomCoreState&, PipeSignals&, unsigned char)' (/home/lab_726/boom/hls_boom/src/boom_core_merged.cpp:1329:0)
INFO: [HLS 214-178] Inlining function 'boom::clear_lsu_queues(LsuState&)' into 'boom::lsu_module(BoomCoreState&, PipeSignals&)' (/home/lab_726/boom/hls_boom/src/boom_core_merged.cpp:1475:0)
INFO: [HLS 214-178] Inlining function 'DmemResponse::DmemResponse()' into 'synth_lsu_top(hls::stream<DmemRequest, 0>&, hls::stream<DmemResponse, 0>&, unsigned long, unsigned long&)' (/home/lab_726/boom/hls_boom/src/boom_core_merged.cpp:2262:0)
INFO: [HLS 214-178] Inlining function 'boom::lsu_module(BoomCoreState&, PipeSignals&)' into 'synth_lsu_top(hls::stream<DmemRequest, 0>&, hls::stream<DmemResponse, 0>&, unsigned long, unsigned long&)' (/home/lab_726/boom/hls_boom/src/boom_core_merged.cpp:2262:0)
INFO: [HLS 214-178] Inlining function 'DmemRequest::DmemRequest()' into 'synth_lsu_top(hls::stream<DmemRequest, 0>&, hls::stream<DmemResponse, 0>&, unsigned long, unsigned long&)' (/home/lab_726/boom/hls_boom/src/boom_core_merged.cpp:2262:0)
INFO: [HLS 214-241] Aggregating fifo (hls::stream) variable 'pipe.2' with compact=bit mode in 283-bits (/home/lab_726/boom/hls_boom/src/boom_core_merged.cpp:2272:17)
INFO: [HLS 214-241] Aggregating fifo (hls::stream) variable 'pipe.3' with compact=bit mode in 289-bits (/home/lab_726/boom/hls_boom/src/boom_core_merged.cpp:2272:17)
INFO: [HLS 214-241] Aggregating fifo (hls::stream) variable 'dmem_resp_in' with compact=bit mode in 289-bits (/home/lab_726/boom/hls_boom/src/boom_core_merged.cpp:2262:0)
INFO: [HLS 214-241] Aggregating fifo (hls::stream) variable 'dmem_req_out' with compact=bit mode in 283-bits (/home/lab_726/boom/hls_boom/src/boom_core_merged.cpp:2262:0)
INFO: [HLS 214-270] Starting automatic array partition analysis...
INFO: [HLS 214-131] Inlining function '_llvm.fpga.pack.none.i384.sl_i32i64i64i1i64i64s' into '_llvm.fpga.unpack.bits.s_struct.DmemResponses.i289.1'
INFO: [HLS 214-131] Inlining function '_llvm.fpga.unpack.bits.s_struct.DmemResponses.i289.1' into 'boom::completion_service_cycle(BoomCoreState&, PipeSignals&) (.1)' (/home/lab_726/Xilinx/Vitis_HLS/2021.2/common/technology/autopilot/hls_stream_39.h:144:9)
INFO: [HLS 214-131] Inlining function '_llvm.fpga.pack.none.i320.s_struct.DmemRequests' into 'boom::try_issue_load(BoomCoreState&, PipeSignals&, unsigned char) (.1)' (/home/lab_726/Xilinx/Vitis_HLS/2021.2/common/technology/autopilot/hls_stream_39.h:173:9)
INFO: [HLS 214-131] Inlining function '_llvm.fpga.pack.bits.i283.s_struct.DmemRequests.1' into 'boom::try_issue_load(BoomCoreState&, PipeSignals&, unsigned char) (.1)' (/home/lab_726/Xilinx/Vitis_HLS/2021.2/common/technology/autopilot/hls_stream_39.h:173:9)
INFO: [HLS 214-131] Inlining function '_llvm.fpga.unpack.bits.s_struct.DmemResponses.i289.1' into 'synth_lsu_top(hls::stream<DmemRequest, 0>&, hls::stream<DmemResponse, 0>&, unsigned long, unsigned long&)' (/home/lab_726/Xilinx/Vitis_HLS/2021.2/common/technology/autopilot/hls_stream_39.h:144:9)
INFO: [HLS 214-131] Inlining function '_llvm.fpga.pack.none.i384.s_struct.DmemResponses' into 'synth_lsu_top(hls::stream<DmemRequest, 0>&, hls::stream<DmemResponse, 0>&, unsigned long, unsigned long&)' (/home/lab_726/Xilinx/Vitis_HLS/2021.2/common/technology/autopilot/hls_stream_39.h:173:9)
INFO: [HLS 214-131] Inlining function '_llvm.fpga.pack.bits.i289.s_struct.DmemResponses.1' into 'synth_lsu_top(hls::stream<DmemRequest, 0>&, hls::stream<DmemResponse, 0>&, unsigned long, unsigned long&)' (/home/lab_726/Xilinx/Vitis_HLS/2021.2/common/technology/autopilot/hls_stream_39.h:173:9)
INFO: [HLS 200-111] Finished Compiling Optimization and Transform: CPU user time: 53.44 seconds. CPU system time: 0.52 seconds. Elapsed time: 54 seconds; current allocated memory: 451.465 MB.
INFO: [HLS 200-111] Finished Checking Pragmas: CPU user time: 0 seconds. CPU system time: 0 seconds. Elapsed time: 0.01 seconds; current allocated memory: 451.465 MB.
INFO: [HLS 200-10] Starting code transformations ...
INFO: [HLS 200-111] Finished Standard Transforms: CPU user time: 0.36 seconds. CPU system time: 0.01 seconds. Elapsed time: 0.36 seconds; current allocated memory: 464.500 MB.
INFO: [HLS 200-10] Checking synthesizability ...
INFO: [HLS 200-111] Finished Checking Synthesizability: CPU user time: 0.26 seconds. CPU system time: 0 seconds. Elapsed time: 0.26 seconds; current allocated memory: 471.816 MB.
INFO: [XFORM 203-102] Partitioning array 'state.rename.dispatch_packets.valid' automatically.
INFO: [XFORM 203-102] Partitioning array 'state.rename.dispatch_packets.uop.branch.br_mask' automatically.
INFO: [XFORM 203-102] Partitioning array 'state.decode.dec_uops.branch.br_mask' automatically.
INFO: [XFORM 203-102] Automatically partitioning small array 'state.issue.issued_valids' completely based on array size.
INFO: [XFORM 203-102] Automatically partitioning small array 'state.issue.issued_uops.branch.br_mask' completely based on array size.
INFO: [XFORM 203-102] Automatically partitioning small array 'state.execute.alu_results.valid' completely based on array size.
INFO: [XFORM 203-102] Automatically partitioning small array 'state.execute.alu_results.uop.uopc' completely based on array size.
INFO: [XFORM 203-102] Automatically partitioning small array 'state.execute.alu_results.uop.rename.stale_pdst' completely based on array size.
INFO: [XFORM 203-102] Automatically partitioning small array 'state.execute.alu_results.uop.rename.prs3_busy' completely based on array size.
INFO: [XFORM 203-102] Automatically partitioning small array 'state.execute.alu_results.uop.rename.prs3' completely based on array size.
INFO: [XFORM 203-102] Automatically partitioning small array 'state.execute.alu_results.uop.rename.prs2_busy' completely based on array size.
INFO: [XFORM 203-102] Automatically partitioning small array 'state.execute.alu_results.uop.rename.prs2' completely based on array size.
INFO: [XFORM 203-102] Automatically partitioning small array 'state.execute.alu_results.uop.rename.prs1_busy' completely based on array size.
INFO: [XFORM 203-102] Automatically partitioning small array 'state.execute.alu_results.uop.rename.prs1' completely based on array size.
INFO: [XFORM 203-102] Automatically partitioning small array 'state.execute.alu_results.uop.rename.ppred_busy' completely based on array size.
INFO: [XFORM 203-102] Automatically partitioning small array 'state.execute.alu_results.uop.rename.ppred' completely based on array size.
INFO: [XFORM 203-102] Automatically partitioning small array 'state.execute.alu_results.uop.rename.pdst' completely based on array size.
INFO: [XFORM 203-102] Automatically partitioning small array 'state.execute.alu_results.uop.rename.lrs3' completely based on array size.
INFO: [XFORM 203-102] Automatically partitioning small array 'state.execute.alu_results.uop.rename.lrs2_rtype' completely based on array size.
INFO: [XFORM 203-102] Automatically partitioning small array 'state.execute.alu_results.uop.rename.lrs2' completely based on array size.
INFO: [XFORM 203-102] Automatically partitioning small array 'state.execute.alu_results.uop.rename.lrs1_rtype' completely based on array size.
INFO: [XFORM 203-102] Automatically partitioning small array 'state.execute.alu_results.uop.rename.lrs1' completely based on array size.
INFO: [XFORM 203-102] Automatically partitioning small array 'state.execute.alu_results.uop.rename.ldst' completely based on array size.
INFO: [XFORM 203-102] Automatically partitioning small array 'state.execute.alu_results.uop.rename.frs3_en' completely based on array size.
INFO: [XFORM 203-102] Automatically partitioning small array 'state.execute.alu_results.uop.rename.fp_val' completely based on array size.
INFO: [XFORM 203-102] Automatically partitioning small array 'state.execute.alu_results.uop.rename.fp_single' completely based on array size.
INFO: [XFORM 203-102] Automatically partitioning small array 'state.execute.alu_results.uop.rename.dst_rtype' completely based on array size.
INFO: [XFORM 203-102] Automatically partitioning small array 'state.execute.alu_results.uop.queue.stq_idx' completely based on array size.
INFO: [XFORM 203-102] Automatically partitioning small array 'state.execute.alu_results.uop.queue.rxq_idx' completely based on array size.
INFO: [XFORM 203-102] Automatically partitioning small array 'state.execute.alu_results.uop.queue.rob_idx' completely based on array size.
INFO: [XFORM 203-102] Automatically partitioning small array 'state.execute.alu_results.uop.queue.rob_allocation_id' completely based on array size.
INFO: [XFORM 203-102] Automatically partitioning small array 'state.execute.alu_results.uop.queue.ldq_idx' completely based on array size.
INFO: [XFORM 203-102] Automatically partitioning small array 'state.execute.alu_results.uop.mem.uses_stq' completely based on array size.
INFO: [XFORM 203-102] Automatically partitioning small array 'state.execute.alu_results.uop.mem.uses_ldq' completely based on array size.
INFO: [XFORM 203-102] Automatically partitioning small array 'state.execute.alu_results.uop.mem.mem_size' completely based on array size.
INFO: [XFORM 203-102] Automatically partitioning small array 'state.execute.alu_results.uop.mem.mem_signed' completely based on array size.
INFO: [XFORM 203-102] Automatically partitioning small array 'state.execute.alu_results.uop.mem.mem_cmd' completely based on array size.
INFO: [XFORM 203-102] Automatically partitioning small array 'state.execute.alu_results.uop.mem.ldst_val' completely based on array size.
INFO: [XFORM 203-102] Automatically partitioning small array 'state.execute.alu_results.uop.mem.ldst_is_rs1' completely based on array size.
INFO: [XFORM 203-102] Automatically partitioning small array 'state.execute.alu_results.uop.mem.is_fencei' completely based on array size.
INFO: [XFORM 203-102] Automatically partitioning small array 'state.execute.alu_results.uop.mem.is_fence' completely based on array size.
INFO: [XFORM 203-102] Automatically partitioning small array 'state.execute.alu_results.uop.mem.is_amo' completely based on array size.
INFO: [XFORM 203-102] Automatically partitioning small array 'state.execute.alu_results.uop.iw_state' completely based on array size.
INFO: [XFORM 203-102] Automatically partitioning small array 'state.execute.alu_results.uop.iw_p2_poisoned' completely based on array size.
INFO: [XFORM 203-102] Automatically partitioning small array 'state.execute.alu_results.uop.iw_p1_poisoned' completely based on array size.
INFO: [XFORM 203-102] Automatically partitioning small array 'state.execute.alu_results.uop.is_unique' completely based on array size.
INFO: [XFORM 203-102] Automatically partitioning small array 'state.execute.alu_results.uop.is_sys_pc2epc' completely based on array size.
INFO: [XFORM 203-102] Automatically partitioning small array 'state.execute.alu_results.uop.is_rvc' completely based on array size.
INFO: [XFORM 203-102] Automatically partitioning small array 'state.execute.alu_results.uop.iq_type' completely based on array size.
INFO: [XFORM 203-102] Automatically partitioning small array 'state.execute.alu_results.uop.inst' completely based on array size.
INFO: [XFORM 203-102] Automatically partitioning small array 'state.execute.alu_results.uop.imm_packed' completely based on array size.
INFO: [XFORM 203-102] Automatically partitioning small array 'state.execute.alu_results.uop.fu_code' completely based on array size.
INFO: [XFORM 203-102] Automatically partitioning small array 'state.execute.alu_results.uop.flush_on_commit' completely based on array size.
INFO: [XFORM 203-102] Automatically partitioning small array 'state.execute.alu_results.uop.exception' completely based on array size.
INFO: [XFORM 203-102] Automatically partitioning small array 'state.execute.alu_results.uop.exc_cause' completely based on array size.
INFO: [XFORM 203-102] Automatically partitioning small array 'state.execute.alu_results.uop.exc.xcpt_pf_if' completely based on array size.
INFO: [XFORM 203-102] Automatically partitioning small array 'state.execute.alu_results.uop.exc.xcpt_ma_if' completely based on array size.
INFO: [XFORM 203-102] Automatically partitioning small array 'state.execute.alu_results.uop.exc.xcpt_ae_if' completely based on array size.
INFO: [XFORM 203-102] Automatically partitioning small array 'state.execute.alu_results.uop.exc.exception' completely based on array size.
INFO: [XFORM 203-102] Automatically partitioning small array 'state.execute.alu_results.uop.exc.exc_cause' completely based on array size.
INFO: [XFORM 203-102] Automatically partitioning small array 'state.execute.alu_results.uop.exc.bp_xcpt_if' completely based on array size.
INFO: [XFORM 203-102] Automatically partitioning small array 'state.execute.alu_results.uop.exc.bp_debug_if' completely based on array size.
INFO: [XFORM 203-102] Automatically partitioning small array 'state.execute.alu_results.uop.debug_pc' completely based on array size.
INFO: [XFORM 203-102] Automatically partitioning small array 'state.execute.alu_results.uop.debug_inst' completely based on array size.
INFO: [XFORM 203-102] Automatically partitioning small array 'state.execute.alu_results.uop.debug.debug_tsrc' completely based on array size.
INFO: [XFORM 203-102] Automatically partitioning small array 'state.execute.alu_results.uop.debug.debug_pc' completely based on array size.
INFO: [XFORM 203-102] Automatically partitioning small array 'state.execute.alu_results.uop.debug.debug_inst' completely based on array size.
INFO: [XFORM 203-102] Automatically partitioning small array 'state.execute.alu_results.uop.debug.debug_fsrc' completely based on array size.
INFO: [XFORM 203-102] Automatically partitioning small array 'state.execute.alu_results.uop.ctrl.op_fcn' completely based on array size.
INFO: [XFORM 203-102] Automatically partitioning small array 'state.execute.alu_results.uop.ctrl.op2_sel' completely based on array size.
INFO: [XFORM 203-102] Automatically partitioning small array 'state.execute.alu_results.uop.ctrl.op1_sel' completely based on array size.
INFO: [XFORM 203-102] Automatically partitioning small array 'state.execute.alu_results.uop.ctrl.is_std' completely based on array size.
INFO: [XFORM 203-102] Automatically partitioning small array 'state.execute.alu_results.uop.ctrl.is_sta' completely based on array size.
INFO: [XFORM 203-102] Automatically partitioning small array 'state.execute.alu_results.uop.ctrl.is_load' completely based on array size.
INFO: [XFORM 203-102] Automatically partitioning small array 'state.execute.alu_results.uop.ctrl.imm_sel' completely based on array size.
INFO: [XFORM 203-102] Automatically partitioning small array 'state.execute.alu_results.uop.ctrl.fcn_dw' completely based on array size.
INFO: [XFORM 203-102] Automatically partitioning small array 'state.execute.alu_results.uop.ctrl.csr_cmd' completely based on array size.
INFO: [XFORM 203-102] Automatically partitioning small array 'state.execute.alu_results.uop.ctrl.br_type' completely based on array size.
INFO: [XFORM 203-102] Automatically partitioning small array 'state.execute.alu_results.uop.csr_addr' completely based on array size.
INFO: [XFORM 203-102] Automatically partitioning small array 'state.execute.alu_results.uop.bypassable' completely based on array size.
INFO: [XFORM 203-102] Automatically partitioning small array 'state.execute.alu_results.uop.branch.taken' completely based on array size.
INFO: [XFORM 203-102] Automatically partitioning small array 'state.execute.alu_results.uop.branch.pc_lob' completely based on array size.
INFO: [XFORM 203-102] Automatically partitioning small array 'state.execute.alu_results.uop.branch.is_sfb' completely based on array size.
INFO: [XFORM 203-102] Automatically partitioning small array 'state.execute.alu_results.uop.branch.is_jalr' completely based on array size.
INFO: [XFORM 203-102] Automatically partitioning small array 'state.execute.alu_results.uop.branch.is_jal' completely based on array size.
INFO: [XFORM 203-102] Automatically partitioning small array 'state.execute.alu_results.uop.branch.is_br' completely based on array size.
INFO: [XFORM 203-102] Automatically partitioning small array 'state.execute.alu_results.uop.branch.ftq_idx' completely based on array size.
INFO: [XFORM 203-102] Automatically partitioning small array 'state.execute.alu_results.uop.branch.edge_inst' completely based on array size.
INFO: [XFORM 203-102] Automatically partitioning small array 'state.execute.alu_results.uop.branch.br_tag' completely based on array size.
INFO: [XFORM 203-102] Automatically partitioning small array 'state.execute.alu_results.uop.branch.br_mask' completely based on array size.
INFO: [XFORM 203-102] Automatically partitioning small array 'state.execute.alu_results.store_data' completely based on array size.
INFO: [XFORM 203-102] Automatically partitioning small array 'state.execute.alu_results.signed_load' completely based on array size.
INFO: [XFORM 203-102] Automatically partitioning small array 'state.execute.alu_results.result' completely based on array size.
INFO: [XFORM 203-102] Automatically partitioning small array 'state.execute.alu_results.redirect_pc' completely based on array size.
INFO: [XFORM 203-102] Automatically partitioning small array 'state.execute.alu_results.mispredict' completely based on array size.
INFO: [XFORM 203-102] Automatically partitioning small array 'state.execute.alu_results.memory_valid' completely based on array size.
INFO: [XFORM 203-102] Automatically partitioning small array 'state.execute.alu_results.memory_size' completely based on array size.
INFO: [XFORM 203-102] Automatically partitioning small array 'state.execute.alu_results.memory_mask' completely based on array size.
INFO: [XFORM 203-102] Automatically partitioning small array 'state.execute.alu_results.memory_address' completely based on array size.
INFO: [XFORM 203-102] Automatically partitioning small array 'state.execute.alu_results.is_store' completely based on array size.
INFO: [XFORM 203-102] Automatically partitioning small array 'state.execute.alu_results.is_load' completely based on array size.
INFO: [XFORM 203-102] Automatically partitioning small array 'state.execute.alu_results.exception' completely based on array size.
INFO: [XFORM 203-102] Automatically partitioning small array 'state.execute.alu_results.exc_cause' completely based on array size.
INFO: [XFORM 203-101] Partitioning array 'state.issue.issued_valids' in dimension 1 completely.
INFO: [XFORM 203-101] Partitioning array 'state.issue.issued_uops.branch.br_mask' in dimension 1 completely.
INFO: [XFORM 203-101] Partitioning array 'state.execute.alu_results.valid' in dimension 1 completely.
INFO: [XFORM 203-101] Partitioning array 'state.execute.alu_results.uop.uopc' in dimension 1 completely.
INFO: [XFORM 203-101] Partitioning array 'state.execute.alu_results.uop.rename.stale_pdst' in dimension 1 completely.
INFO: [XFORM 203-101] Partitioning array 'state.execute.alu_results.uop.rename.prs3_busy' in dimension 1 completely.
INFO: [XFORM 203-101] Partitioning array 'state.execute.alu_results.uop.rename.prs3' in dimension 1 completely.
INFO: [XFORM 203-101] Partitioning array 'state.execute.alu_results.uop.rename.prs2_busy' in dimension 1 completely.
INFO: [XFORM 203-101] Partitioning array 'state.execute.alu_results.uop.rename.prs2' in dimension 1 completely.
INFO: [XFORM 203-101] Partitioning array 'state.execute.alu_results.uop.rename.prs1_busy' in dimension 1 completely.
INFO: [XFORM 203-101] Partitioning array 'state.execute.alu_results.uop.rename.prs1' in dimension 1 completely.
INFO: [XFORM 203-101] Partitioning array 'state.execute.alu_results.uop.rename.ppred_busy' in dimension 1 completely.
INFO: [XFORM 203-101] Partitioning array 'state.execute.alu_results.uop.rename.ppred' in dimension 1 completely.
INFO: [XFORM 203-101] Partitioning array 'state.execute.alu_results.uop.rename.pdst' in dimension 1 completely.
INFO: [XFORM 203-101] Partitioning array 'state.execute.alu_results.uop.rename.lrs3' in dimension 1 completely.
INFO: [XFORM 203-101] Partitioning array 'state.execute.alu_results.uop.rename.lrs2_rtype' in dimension 1 completely.
INFO: [XFORM 203-101] Partitioning array 'state.execute.alu_results.uop.rename.lrs2' in dimension 1 completely.
INFO: [XFORM 203-101] Partitioning array 'state.execute.alu_results.uop.rename.lrs1_rtype' in dimension 1 completely.
INFO: [XFORM 203-101] Partitioning array 'state.execute.alu_results.uop.rename.lrs1' in dimension 1 completely.
INFO: [XFORM 203-101] Partitioning array 'state.execute.alu_results.uop.rename.ldst' in dimension 1 completely.
INFO: [XFORM 203-101] Partitioning array 'state.execute.alu_results.uop.rename.frs3_en' in dimension 1 completely.
INFO: [XFORM 203-101] Partitioning array 'state.execute.alu_results.uop.rename.fp_val' in dimension 1 completely.
INFO: [XFORM 203-101] Partitioning array 'state.execute.alu_results.uop.rename.fp_single' in dimension 1 completely.
INFO: [XFORM 203-101] Partitioning array 'state.execute.alu_results.uop.rename.dst_rtype' in dimension 1 completely.
INFO: [XFORM 203-101] Partitioning array 'state.execute.alu_results.uop.queue.stq_idx' in dimension 1 completely.
INFO: [XFORM 203-101] Partitioning array 'state.execute.alu_results.uop.queue.rxq_idx' in dimension 1 completely.
INFO: [XFORM 203-101] Partitioning array 'state.execute.alu_results.uop.queue.rob_idx' in dimension 1 completely.
INFO: [XFORM 203-101] Partitioning array 'state.execute.alu_results.uop.queue.rob_allocation_id' in dimension 1 completely.
INFO: [XFORM 203-101] Partitioning array 'state.execute.alu_results.uop.queue.ldq_idx' in dimension 1 completely.
INFO: [XFORM 203-101] Partitioning array 'state.execute.alu_results.uop.mem.uses_stq' in dimension 1 completely.
INFO: [XFORM 203-101] Partitioning array 'state.execute.alu_results.uop.mem.uses_ldq' in dimension 1 completely.
INFO: [XFORM 203-101] Partitioning array 'state.execute.alu_results.uop.mem.mem_size' in dimension 1 completely.
INFO: [XFORM 203-101] Partitioning array 'state.execute.alu_results.uop.mem.mem_signed' in dimension 1 completely.
INFO: [XFORM 203-101] Partitioning array 'state.execute.alu_results.uop.mem.mem_cmd' in dimension 1 completely.
INFO: [XFORM 203-101] Partitioning array 'state.execute.alu_results.uop.mem.ldst_val' in dimension 1 completely.
INFO: [XFORM 203-101] Partitioning array 'state.execute.alu_results.uop.mem.ldst_is_rs1' in dimension 1 completely.
INFO: [XFORM 203-101] Partitioning array 'state.execute.alu_results.uop.mem.is_fencei' in dimension 1 completely.
INFO: [XFORM 203-101] Partitioning array 'state.execute.alu_results.uop.mem.is_fence' in dimension 1 completely.
INFO: [XFORM 203-101] Partitioning array 'state.execute.alu_results.uop.mem.is_amo' in dimension 1 completely.
INFO: [XFORM 203-101] Partitioning array 'state.execute.alu_results.uop.iw_state' in dimension 1 completely.
INFO: [XFORM 203-101] Partitioning array 'state.execute.alu_results.uop.iw_p2_poisoned' in dimension 1 completely.
INFO: [XFORM 203-101] Partitioning array 'state.execute.alu_results.uop.iw_p1_poisoned' in dimension 1 completely.
INFO: [XFORM 203-101] Partitioning array 'state.execute.alu_results.uop.is_unique' in dimension 1 completely.
INFO: [XFORM 203-101] Partitioning array 'state.execute.alu_results.uop.is_sys_pc2epc' in dimension 1 completely.
INFO: [XFORM 203-101] Partitioning array 'state.execute.alu_results.uop.is_rvc' in dimension 1 completely.
INFO: [XFORM 203-101] Partitioning array 'state.execute.alu_results.uop.iq_type' in dimension 1 completely.
INFO: [XFORM 203-101] Partitioning array 'state.execute.alu_results.uop.inst' in dimension 1 completely.
INFO: [XFORM 203-101] Partitioning array 'state.execute.alu_results.uop.imm_packed' in dimension 1 completely.
INFO: [XFORM 203-101] Partitioning array 'state.execute.alu_results.uop.fu_code' in dimension 1 completely.
INFO: [XFORM 203-101] Partitioning array 'state.execute.alu_results.uop.flush_on_commit' in dimension 1 completely.
INFO: [XFORM 203-101] Partitioning array 'state.execute.alu_results.uop.exception' in dimension 1 completely.
INFO: [XFORM 203-101] Partitioning array 'state.execute.alu_results.uop.exc_cause' in dimension 1 completely.
INFO: [XFORM 203-101] Partitioning array 'state.execute.alu_results.uop.exc.xcpt_pf_if' in dimension 1 completely.
INFO: [XFORM 203-101] Partitioning array 'state.execute.alu_results.uop.exc.xcpt_ma_if' in dimension 1 completely.
INFO: [XFORM 203-101] Partitioning array 'state.execute.alu_results.uop.exc.xcpt_ae_if' in dimension 1 completely.
INFO: [XFORM 203-101] Partitioning array 'state.execute.alu_results.uop.exc.exception' in dimension 1 completely.
INFO: [XFORM 203-101] Partitioning array 'state.execute.alu_results.uop.exc.exc_cause' in dimension 1 completely.
INFO: [XFORM 203-101] Partitioning array 'state.execute.alu_results.uop.exc.bp_xcpt_if' in dimension 1 completely.
INFO: [XFORM 203-101] Partitioning array 'state.execute.alu_results.uop.exc.bp_debug_if' in dimension 1 completely.
INFO: [XFORM 203-101] Partitioning array 'state.execute.alu_results.uop.debug_pc' in dimension 1 completely.
INFO: [XFORM 203-101] Partitioning array 'state.execute.alu_results.uop.debug_inst' in dimension 1 completely.
INFO: [XFORM 203-101] Partitioning array 'state.execute.alu_results.uop.debug.debug_tsrc' in dimension 1 completely.
INFO: [XFORM 203-101] Partitioning array 'state.execute.alu_results.uop.debug.debug_pc' in dimension 1 completely.
INFO: [XFORM 203-101] Partitioning array 'state.execute.alu_results.uop.debug.debug_inst' in dimension 1 completely.
INFO: [XFORM 203-101] Partitioning array 'state.execute.alu_results.uop.debug.debug_fsrc' in dimension 1 completely.
INFO: [XFORM 203-101] Partitioning array 'state.execute.alu_results.uop.ctrl.op_fcn' in dimension 1 completely.
INFO: [XFORM 203-101] Partitioning array 'state.execute.alu_results.uop.ctrl.op2_sel' in dimension 1 completely.
INFO: [XFORM 203-101] Partitioning array 'state.execute.alu_results.uop.ctrl.op1_sel' in dimension 1 completely.
INFO: [XFORM 203-101] Partitioning array 'state.execute.alu_results.uop.ctrl.is_std' in dimension 1 completely.
INFO: [XFORM 203-101] Partitioning array 'state.execute.alu_results.uop.ctrl.is_sta' in dimension 1 completely.
INFO: [XFORM 203-101] Partitioning array 'state.execute.alu_results.uop.ctrl.is_load' in dimension 1 completely.
INFO: [XFORM 203-101] Partitioning array 'state.execute.alu_results.uop.ctrl.imm_sel' in dimension 1 completely.
INFO: [XFORM 203-101] Partitioning array 'state.execute.alu_results.uop.ctrl.fcn_dw' in dimension 1 completely.
INFO: [XFORM 203-101] Partitioning array 'state.execute.alu_results.uop.ctrl.csr_cmd' in dimension 1 completely.
INFO: [XFORM 203-101] Partitioning array 'state.execute.alu_results.uop.ctrl.br_type' in dimension 1 completely.
INFO: [XFORM 203-101] Partitioning array 'state.execute.alu_results.uop.csr_addr' in dimension 1 completely.
INFO: [XFORM 203-101] Partitioning array 'state.execute.alu_results.uop.bypassable' in dimension 1 completely.
INFO: [XFORM 203-101] Partitioning array 'state.execute.alu_results.uop.branch.taken' in dimension 1 completely.
INFO: [XFORM 203-101] Partitioning array 'state.execute.alu_results.uop.branch.pc_lob' in dimension 1 completely.
INFO: [XFORM 203-101] Partitioning array 'state.execute.alu_results.uop.branch.is_sfb' in dimension 1 completely.
INFO: [XFORM 203-101] Partitioning array 'state.execute.alu_results.uop.branch.is_jalr' in dimension 1 completely.
INFO: [XFORM 203-101] Partitioning array 'state.execute.alu_results.uop.branch.is_jal' in dimension 1 completely.
INFO: [XFORM 203-101] Partitioning array 'state.execute.alu_results.uop.branch.is_br' in dimension 1 completely.
INFO: [XFORM 203-101] Partitioning array 'state.execute.alu_results.uop.branch.ftq_idx' in dimension 1 completely.
INFO: [XFORM 203-101] Partitioning array 'state.execute.alu_results.uop.branch.edge_inst' in dimension 1 completely.
INFO: [XFORM 203-101] Partitioning array 'state.execute.alu_results.uop.branch.br_tag' in dimension 1 completely.
INFO: [XFORM 203-101] Partitioning array 'state.execute.alu_results.uop.branch.br_mask' in dimension 1 completely.
INFO: [XFORM 203-101] Partitioning array 'state.execute.alu_results.store_data' in dimension 1 completely.
INFO: [XFORM 203-101] Partitioning array 'state.execute.alu_results.signed_load' in dimension 1 completely.
INFO: [XFORM 203-101] Partitioning array 'state.execute.alu_results.result' in dimension 1 completely.
INFO: [XFORM 203-101] Partitioning array 'state.execute.alu_results.redirect_pc' in dimension 1 completely.
INFO: [XFORM 203-101] Partitioning array 'state.execute.alu_results.mispredict' in dimension 1 completely.
INFO: [XFORM 203-101] Partitioning array 'state.execute.alu_results.memory_valid' in dimension 1 completely.
INFO: [XFORM 203-101] Partitioning array 'state.execute.alu_results.memory_size' in dimension 1 completely.
INFO: [XFORM 203-101] Partitioning array 'state.execute.alu_results.memory_mask' in dimension 1 completely.
INFO: [XFORM 203-101] Partitioning array 'state.execute.alu_results.memory_address' in dimension 1 completely.
INFO: [XFORM 203-101] Partitioning array 'state.execute.alu_results.is_store' in dimension 1 completely.
INFO: [XFORM 203-101] Partitioning array 'state.execute.alu_results.is_load' in dimension 1 completely.
INFO: [XFORM 203-101] Partitioning array 'state.execute.alu_results.exception' in dimension 1 completely.
INFO: [XFORM 203-101] Partitioning array 'state.execute.alu_results.exc_cause' in dimension 1 completely.
WARNING: [HLS 200-805] An internal stream 'pipe.2' with default size can result in deadlock. Please consider resizing the stream using the directive 'set_directive_stream' or the 'HLS stream' pragma.
WARNING: [HLS 200-805] An internal stream 'pipe.3' with default size can result in deadlock. Please consider resizing the stream using the directive 'set_directive_stream' or the 'HLS stream' pragma.
INFO: [XFORM 203-401] Performing if-conversion on hyperblock from (/home/lab_726/boom/hls_boom/src/boom_core_merged.cpp:536:10) in function 'boom::completion_service_cycle'... converting 4 basic blocks.
INFO: [XFORM 203-401] Performing if-conversion on hyperblock from (/home/lab_726/boom/hls_boom/src/boom_core_merged.cpp:1423:10) in function 'boom::completion_service_cycle'... converting 4 basic blocks.
INFO: [XFORM 203-602] Inlining function 'boom::lsu_accept_completion' into 'boom::completion_service_execute' (/home/lab_726/boom/hls_boom/src/boom_core_merged.cpp:624) automatically.
INFO: [HLS 200-111] Finished Loop, function and other optimizations: CPU user time: 0.6 seconds. CPU system time: 0.02 seconds. Elapsed time: 0.63 seconds; current allocated memory: 497.539 MB.
INFO: [HLS 200-472] Inferring partial write operation for 'state.rob.entries.memory_request_sent' (/home/lab_726/boom/hls_boom/src/boom_core_merged.cpp:1347:31)
INFO: [HLS 200-472] Inferring partial write operation for 'state.rob.entries.memory_transaction_id' (/home/lab_726/boom/hls_boom/src/boom_core_merged.cpp:1348:33)
INFO: [HLS 200-472] Inferring partial write operation for 'state.rob.entries.valid' (/home/lab_726/boom/hls_boom/src/boom_core_merged.cpp:2271:32)
INFO: [HLS 200-472] Inferring partial write operation for 'compacted.valid' (/home/lab_726/boom/hls_boom/include/boom_state.hpp:165:24)
INFO: [HLS 200-472] Inferring partial write operation for 'compacted.signed_load' (/home/lab_726/boom/hls_boom/include/boom_state.hpp:165:38)
INFO: [HLS 200-472] Inferring partial write operation for 'compacted.response_pending' (/home/lab_726/boom/hls_boom/include/boom_state.hpp:165:58)
INFO: [HLS 200-472] Inferring partial write operation for 'compacted.completed' (/home/lab_726/boom/hls_boom/include/boom_state.hpp:166:9)
INFO: [HLS 200-472] Inferring partial write operation for 'compacted.killed' (/home/lab_726/boom/hls_boom/include/boom_state.hpp:166:27)
INFO: [HLS 200-472] Inferring partial write operation for 'compacted.rob_idx' (/home/lab_726/boom/hls_boom/include/boom_state.hpp:166:42)
INFO: [HLS 200-472] Inferring partial write operation for 'compacted.size' (/home/lab_726/boom/hls_boom/include/boom_state.hpp:166:54)
INFO: [HLS 200-472] Inferring partial write operation for 'compacted.branch_mask' (/home/lab_726/boom/hls_boom/include/boom_state.hpp:166:63)
INFO: [HLS 200-472] Inferring partial write operation for 'compacted.transaction_id' (/home/lab_726/boom/hls_boom/include/boom_state.hpp:167:9)
INFO: [HLS 200-472] Inferring partial write operation for 'compacted.rob_allocation_id' (/home/lab_726/boom/hls_boom/include/boom_state.hpp:167:28)
INFO: [HLS 200-472] Inferring partial write operation for 'compacted.address' (/home/lab_726/boom/hls_boom/include/boom_state.hpp:167:50)
INFO: [HLS 200-472] Inferring partial write operation for 'compacted.result' (/home/lab_726/boom/hls_boom/include/boom_state.hpp:167:62)
INFO: [HLS 200-472] Inferring partial write operation for 'compacted.valid' (/home/lab_726/boom/hls_boom/src/boom_core_merged.cpp:1410:83)
INFO: [HLS 200-472] Inferring partial write operation for 'compacted.valid' (/home/lab_726/boom/hls_boom/src/boom_core_merged.cpp:1411:64)
INFO: [HLS 200-472] Inferring partial write operation for 'state.lsu.ldq.valid' (/home/lab_726/boom/hls_boom/src/boom_core_merged.cpp:1412:64)
INFO: [HLS 200-472] Inferring partial write operation for 'state.rob.entries.memory_valid' (/home/lab_726/boom/hls_boom/src/boom_core_merged.cpp:1452:24)
INFO: [HLS 200-472] Inferring partial write operation for 'state.rob.entries.is_load' (/home/lab_726/boom/hls_boom/src/boom_core_merged.cpp:1453:19)
INFO: [HLS 200-472] Inferring partial write operation for 'state.rob.entries.signed_load' (/home/lab_726/boom/hls_boom/src/boom_core_merged.cpp:1455:23)
INFO: [HLS 200-472] Inferring partial write operation for 'state.rob.entries.memory_address' (/home/lab_726/boom/hls_boom/src/boom_core_merged.cpp:1456:26)
INFO: [HLS 200-472] Inferring partial write operation for 'state.rob.entries.memory_mask' (/home/lab_726/boom/hls_boom/src/boom_core_merged.cpp:1457:23)
INFO: [HLS 200-472] Inferring partial write operation for 'state.rob.entries.memory_size' (/home/lab_726/boom/hls_boom/src/boom_core_merged.cpp:1458:23)
INFO: [HLS 200-472] Inferring partial write operation for 'state.lsu.ldq.valid' (/home/lab_726/boom/hls_boom/src/boom_core_merged.cpp:1463:19)
INFO: [HLS 200-472] Inferring partial write operation for 'state.lsu.ldq.rob_idx' (/home/lab_726/boom/hls_boom/src/boom_core_merged.cpp:1464:21)
INFO: [HLS 200-472] Inferring partial write operation for 'state.lsu.ldq.rob_allocation_id' (/home/lab_726/boom/hls_boom/src/boom_core_merged.cpp:1465:31)
INFO: [HLS 200-472] Inferring partial write operation for 'state.lsu.ldq.address' (/home/lab_726/boom/hls_boom/src/boom_core_merged.cpp:1466:21)
INFO: [HLS 200-472] Inferring partial write operation for 'state.lsu.ldq.size' (/home/lab_726/boom/hls_boom/src/boom_core_merged.cpp:1467:18)
INFO: [HLS 200-472] Inferring partial write operation for 'state.lsu.ldq.signed_load' (/home/lab_726/boom/hls_boom/src/boom_core_merged.cpp:1468:25)
INFO: [HLS 200-472] Inferring partial write operation for 'state.lsu.ldq.branch_mask' (/home/lab_726/boom/hls_boom/src/boom_core_merged.cpp:1469:25)
INFO: [HLS 200-472] Inferring partial write operation for 'state.rob.entries.busy' (/home/lab_726/boom/hls_boom/src/boom_core_merged.cpp:631:35)
INFO: [HLS 200-472] Inferring partial write operation for 'state.rob.entries.busy' (/home/lab_726/boom/hls_boom/src/boom_core_merged.cpp:631:35)
INFO: [HLS 200-472] Inferring partial write operation for 'state.rob.entries.memory_completed' (/home/lab_726/boom/hls_boom/src/boom_core_merged.cpp:647:32)
INFO: [HLS 200-111] Finished Architecture Synthesis: CPU user time: 0.11 seconds. CPU system time: 0.01 seconds. Elapsed time: 0.12 seconds; current allocated memory: 536.152 MB.
INFO: [HLS 200-10] Starting hardware synthesis ...
INFO: [HLS 200-10] Synthesizing 'synth_lsu_top' ...
INFO: [HLS 200-10] ----------------------------------------------------------------
INFO: [HLS 200-42] -- Implementing module 'completion_is_valid' 
INFO: [HLS 200-10] ----------------------------------------------------------------
INFO: [SCHED 204-11] Starting scheduling ...
INFO: [SCHED 204-11] Finished scheduling.
INFO: [HLS 200-111] Finished Scheduling: CPU user time: 0.03 seconds. CPU system time: 0.02 seconds. Elapsed time: 0.05 seconds; current allocated memory: 537.891 MB.
INFO: [BIND 205-100] Starting micro-architecture generation ...
INFO: [BIND 205-101] Performing variable lifetime analysis.
INFO: [BIND 205-101] Exploring resource sharing.
INFO: [BIND 205-101] Binding ...
INFO: [BIND 205-100] Finished micro-architecture generation.
INFO: [HLS 200-111] Finished Binding: CPU user time: 0.02 seconds. CPU system time: 0 seconds. Elapsed time: 0.02 seconds; current allocated memory: 537.891 MB.
INFO: [HLS 200-10] ----------------------------------------------------------------
INFO: [HLS 200-42] -- Implementing module 'completion_service_execute' 
INFO: [HLS 200-10] ----------------------------------------------------------------
INFO: [SCHED 204-11] Starting scheduling ...
INFO: [SCHED 204-11] Finished scheduling.
INFO: [HLS 200-111] Finished Scheduling: CPU user time: 0.03 seconds. CPU system time: 0 seconds. Elapsed time: 0.03 seconds; current allocated memory: 538.672 MB.
INFO: [BIND 205-100] Starting micro-architecture generation ...
INFO: [BIND 205-101] Performing variable lifetime analysis.
INFO: [BIND 205-101] Exploring resource sharing.
INFO: [BIND 205-101] Binding ...
INFO: [BIND 205-100] Finished micro-architecture generation.
INFO: [HLS 200-111] Finished Binding: CPU user time: 0.03 seconds. CPU system time: 0 seconds. Elapsed time: 0.03 seconds; current allocated memory: 538.672 MB.
INFO: [HLS 200-10] ----------------------------------------------------------------
INFO: [HLS 200-42] -- Implementing module 'reclaim_ldq' 
INFO: [HLS 200-10] ----------------------------------------------------------------
INFO: [SCHED 204-11] Starting scheduling ...
INFO: [SCHED 204-11] Finished scheduling.
INFO: [HLS 200-111] Finished Scheduling: CPU user time: 0.07 seconds. CPU system time: 0 seconds. Elapsed time: 0.07 seconds; current allocated memory: 540.258 MB.
INFO: [BIND 205-100] Starting micro-architecture generation ...
INFO: [BIND 205-101] Performing variable lifetime analysis.
INFO: [BIND 205-101] Exploring resource sharing.
INFO: [BIND 205-101] Binding ...
INFO: [BIND 205-100] Finished micro-architecture generation.
INFO: [HLS 200-111] Finished Binding: CPU user time: 0.04 seconds. CPU system time: 0 seconds. Elapsed time: 0.04 seconds; current allocated memory: 540.258 MB.
INFO: [HLS 200-10] ----------------------------------------------------------------
INFO: [HLS 200-42] -- Implementing module 'completion_service_cycle' 
INFO: [HLS 200-10] ----------------------------------------------------------------
INFO: [SCHED 204-11] Starting scheduling ...
INFO: [SCHED 204-11] Finished scheduling.
INFO: [HLS 200-111] Finished Scheduling: CPU user time: 0.07 seconds. CPU system time: 0 seconds. Elapsed time: 0.07 seconds; current allocated memory: 540.852 MB.
INFO: [BIND 205-100] Starting micro-architecture generation ...
INFO: [BIND 205-101] Performing variable lifetime analysis.
INFO: [BIND 205-101] Exploring resource sharing.
INFO: [BIND 205-101] Binding ...
INFO: [BIND 205-100] Finished micro-architecture generation.
INFO: [HLS 200-111] Finished Binding: CPU user time: 0.07 seconds. CPU system time: 0 seconds. Elapsed time: 0.06 seconds; current allocated memory: 540.852 MB.
INFO: [HLS 200-10] ----------------------------------------------------------------
INFO: [HLS 200-42] -- Implementing module 'try_issue_load' 
INFO: [HLS 200-10] ----------------------------------------------------------------
INFO: [SCHED 204-11] Starting scheduling ...
INFO: [SCHED 204-11] Finished scheduling.
INFO: [HLS 200-111] Finished Scheduling: CPU user time: 0.08 seconds. CPU system time: 0 seconds. Elapsed time: 0.08 seconds; current allocated memory: 541.777 MB.
INFO: [BIND 205-100] Starting micro-architecture generation ...
INFO: [BIND 205-101] Performing variable lifetime analysis.
INFO: [BIND 205-101] Exploring resource sharing.
INFO: [BIND 205-101] Binding ...
INFO: [BIND 205-100] Finished micro-architecture generation.
INFO: [HLS 200-111] Finished Binding: CPU user time: 0.02 seconds. CPU system time: 0 seconds. Elapsed time: 0.02 seconds; current allocated memory: 541.777 MB.
INFO: [HLS 200-10] ----------------------------------------------------------------
INFO: [HLS 200-42] -- Implementing module 'synth_lsu_top' 
INFO: [HLS 200-10] ----------------------------------------------------------------
INFO: [SCHED 204-11] Starting scheduling ...
INFO: [SCHED 204-11] Finished scheduling.
INFO: [HLS 200-111] Finished Scheduling: CPU user time: 0.02 seconds. CPU system time: 0 seconds. Elapsed time: 0.03 seconds; current allocated memory: 542.199 MB.
INFO: [BIND 205-100] Starting micro-architecture generation ...
INFO: [BIND 205-101] Performing variable lifetime analysis.
INFO: [BIND 205-101] Exploring resource sharing.
INFO: [BIND 205-101] Binding ...
INFO: [BIND 205-100] Finished micro-architecture generation.
INFO: [HLS 200-111] Finished Binding: CPU user time: 0.04 seconds. CPU system time: 0 seconds. Elapsed time: 0.04 seconds; current allocated memory: 542.199 MB.
INFO: [HLS 200-10] ----------------------------------------------------------------
INFO: [HLS 200-10] -- Generating RTL for module 'completion_is_valid' 
INFO: [HLS 200-10] ----------------------------------------------------------------
INFO: [RTGEN 206-100] Finished creating RTL model for 'completion_is_valid'.
INFO: [HLS 200-111] Finished Creating RTL model: CPU user time: 0.06 seconds. CPU system time: 0 seconds. Elapsed time: 0.07 seconds; current allocated memory: 542.199 MB.
INFO: [HLS 200-10] ----------------------------------------------------------------
INFO: [HLS 200-10] -- Generating RTL for module 'completion_service_execute' 
INFO: [HLS 200-10] ----------------------------------------------------------------
INFO: [RTGEN 206-100] Finished creating RTL model for 'completion_service_execute'.
INFO: [HLS 200-111] Finished Creating RTL model: CPU user time: 0.03 seconds. CPU system time: 0 seconds. Elapsed time: 0.03 seconds; current allocated memory: 543.246 MB.
INFO: [HLS 200-10] ----------------------------------------------------------------
INFO: [HLS 200-10] -- Generating RTL for module 'reclaim_ldq' 
INFO: [HLS 200-10] ----------------------------------------------------------------
INFO: [RTGEN 206-100] Finished creating RTL model for 'reclaim_ldq'.
INFO: [HLS 200-111] Finished Creating RTL model: CPU user time: 0.06 seconds. CPU system time: 0.01 seconds. Elapsed time: 0.06 seconds; current allocated memory: 545.863 MB.
INFO: [HLS 200-10] ----------------------------------------------------------------
INFO: [HLS 200-10] -- Generating RTL for module 'completion_service_cycle' 
INFO: [HLS 200-10] ----------------------------------------------------------------
WARNING: [RTGEN 206-101] Register 'state_lsu_ldq_count' is power-on initialization.
WARNING: [RTGEN 206-101] Register 'state_lsu_ldq_tail' is power-on initialization.
INFO: [RTGEN 206-100] Finished creating RTL model for 'completion_service_cycle'.
INFO: [HLS 200-111] Finished Creating RTL model: CPU user time: 0.11 seconds. CPU system time: 0 seconds. Elapsed time: 0.11 seconds; current allocated memory: 550.918 MB.
INFO: [HLS 200-10] ----------------------------------------------------------------
INFO: [HLS 200-10] -- Generating RTL for module 'try_issue_load' 
INFO: [HLS 200-10] ----------------------------------------------------------------
INFO: [RTGEN 206-100] Finished creating RTL model for 'try_issue_load'.
INFO: [HLS 200-111] Finished Creating RTL model: CPU user time: 0.14 seconds. CPU system time: 0.01 seconds. Elapsed time: 0.14 seconds; current allocated memory: 553.703 MB.
INFO: [HLS 200-10] ----------------------------------------------------------------
INFO: [HLS 200-10] -- Generating RTL for module 'synth_lsu_top' 
INFO: [HLS 200-10] ----------------------------------------------------------------
INFO: [RTGEN 206-500] Setting interface mode on port 'synth_lsu_top/dmem_req_out' to 'ap_fifo'.
INFO: [RTGEN 206-500] Setting interface mode on port 'synth_lsu_top/dmem_resp_in' to 'ap_fifo'.
INFO: [RTGEN 206-500] Setting interface mode on port 'synth_lsu_top/seed_addr' to 'ap_none'.
INFO: [RTGEN 206-500] Setting interface mode on port 'synth_lsu_top/observable' to 'ap_vld'.
INFO: [RTGEN 206-500] Setting interface mode on function 'synth_lsu_top' to 'ap_ctrl_hs'.
WARNING: [RTGEN 206-101] Register 'state_execute_alu_results_valid_0' is power-on initialization.
WARNING: [RTGEN 206-101] Register 'state_execute_alu_results_memory_valid_0' is power-on initialization.
WARNING: [RTGEN 206-101] Register 'state_execute_alu_results_is_load_0' is power-on initialization.
WARNING: [RTGEN 206-101] Register 'state_execute_alu_results_memory_address_0' is power-on initialization.
WARNING: [RTGEN 206-101] Register 'state_execute_alu_results_memory_size_0' is power-on initialization.
WARNING: [RTGEN 206-101] Register 'state_execute_alu_results_memory_mask_0' is power-on initialization.
WARNING: [RTGEN 206-101] Register 'state_lsu_load_response_pending' is power-on initialization.
WARNING: [RTGEN 206-101] Register 'state_lsu_pending_load_transaction_id' is power-on initialization.
WARNING: [RTGEN 206-101] Register 'state_lsu_pending_load_rob_idx' is power-on initialization.
WARNING: [RTGEN 206-101] Register 'state_lsu_next_transaction_id' is power-on initialization.
INFO: [RTGEN 206-100] Finished creating RTL model for 'synth_lsu_top'.
INFO: [HLS 200-111] Finished Creating RTL model: CPU user time: 0.05 seconds. CPU system time: 0 seconds. Elapsed time: 0.06 seconds; current allocated memory: 555.949 MB.
INFO: [RTMG 210-278] Implementing memory 'synth_lsu_top_reclaim_ldq_state_lsu_ldq_response_pending_RAM_AUTO_1R1W_ram (RAM)' using auto RAMs with power-on initialization.
INFO: [RTMG 210-278] Implementing memory 'synth_lsu_top_reclaim_ldq_state_lsu_ldq_transaction_id_RAM_AUTO_1R1W_ram (RAM)' using auto RAMs with power-on initialization.
INFO: [RTMG 210-278] Implementing memory 'synth_lsu_top_reclaim_ldq_state_lsu_ldq_result_RAM_AUTO_1R1W_ram (RAM)' using auto RAMs with power-on initialization.
INFO: [RTMG 210-278] Implementing memory 'synth_lsu_top_reclaim_ldq_compacted_valid_RAM_AUTO_1R1W_ram (RAM)' using auto RAMs.
INFO: [RTMG 210-278] Implementing memory 'synth_lsu_top_reclaim_ldq_compacted_rob_idx_RAM_AUTO_1R1W_ram (RAM)' using auto RAMs.
INFO: [RTMG 210-278] Implementing memory 'synth_lsu_top_reclaim_ldq_compacted_transaction_id_RAM_AUTO_1R1W_ram (RAM)' using auto RAMs.
INFO: [RTMG 210-278] Implementing memory 'synth_lsu_top_reclaim_ldq_compacted_address_RAM_AUTO_1R1W_ram (RAM)' using auto RAMs.
INFO: [RTMG 210-278] Implementing memory 'synth_lsu_top_completion_service_cycle_state_rob_entries_busy_RAM_AUTO_1R1W_ram (RAM)' using auto RAMs with power-on initialization.
INFO: [RTMG 210-278] Implementing memory 'synth_lsu_top_completion_service_cycle_state_lsu_ldq_rob_idx_RAM_AUTO_1R1W_ram (RAM)' using auto RAMs with power-on initialization.
INFO: [RTMG 210-278] Implementing memory 'synth_lsu_top_state_rob_entries_memory_address_RAM_AUTO_1R1W_ram (RAM)' using auto RAMs with power-on initialization.
INFO: [RTMG 210-278] Implementing memory 'synth_lsu_top_state_rob_entries_memory_mask_RAM_AUTO_1R1W_ram (RAM)' using auto RAMs with power-on initialization.
INFO: [RTMG 210-278] Implementing memory 'synth_lsu_top_state_rob_entries_memory_transaction_id_RAM_AUTO_1R1W_ram (RAM)' using auto RAMs with power-on initialization.
INFO: [RTMG 210-285] Implementing FIFO 'pipe_2_U(synth_lsu_top_fifo_w283_d2_S)' using Shift Registers.
INFO: [RTMG 210-285] Implementing FIFO 'pipe_3_U(synth_lsu_top_fifo_w289_d2_S)' using Shift Registers.
INFO: [HLS 200-111] Finished Generating all RTL models: CPU user time: 0.4 seconds. CPU system time: 0.02 seconds. Elapsed time: 0.41 seconds; current allocated memory: 560.078 MB.
INFO: [HLS 200-111] Finished Updating report files: CPU user time: 0.26 seconds. CPU system time: 0 seconds. Elapsed time: 0.26 seconds; current allocated memory: 562.039 MB.
INFO: [VHDL 208-304] Generating VHDL RTL for synth_lsu_top.
INFO: [VLOG 209-307] Generating Verilog RTL for synth_lsu_top.
INFO: [HLS 200-790] **** Loop Constraint Status: All loop constraints were satisfied.
INFO: [HLS 200-789] **** Estimated Fmax: 287.85 MHz
INFO: [HLS 200-111] Finished Command csynth_design CPU user time: 57.37 seconds. CPU system time: 0.9 seconds. Elapsed time: 57.74 seconds; current allocated memory: -789.895 MB.
INFO: [HLS 200-112] Total CPU user time: 58.69 seconds. Total CPU system time: 1.31 seconds. Total elapsed time: 58.84 seconds; peak allocated memory: 1.321 GB.
INFO: [Common 17-206] Exiting vitis_hls at Sun Aug  2 12:06:57 2026...
