

================================================================
== Vitis HLS Report for 'synth_lsu_top'
================================================================
* Date:           Sun Aug  2 12:06:56 2026

* Version:        2021.2 (Build 3367213 on Tue Oct 19 02:47:39 MDT 2021)
* Project:        synth_lsu_top
* Solution:       solution_w4a_csynth (Vivado IP Flow Target)
* Product family: zynquplus
* Target device:  xczu7ev-ffvc1156-2-e


================================================================
== Performance Estimates
================================================================
+ Timing: 
    * Summary: 
    +--------+----------+----------+------------+
    |  Clock |  Target  | Estimated| Uncertainty|
    +--------+----------+----------+------------+
    |ap_clk  |  10.00 ns|  3.474 ns|     2.70 ns|
    +--------+----------+----------+------------+

+ Latency: 
    * Summary: 
    +---------+---------+----------+----------+-----+-----+---------+
    |  Latency (cycles) |  Latency (absolute) |  Interval | Pipeline|
    |   min   |   max   |    min   |    max   | min | max |   Type  |
    +---------+---------+----------+----------+-----+-----+---------+
    |        ?|        ?|         ?|         ?|    ?|    ?|       no|
    +---------+---------+----------+----------+-----+-----+---------+

    + Detail: 
        * Instance: 
        +-------------------------------------+--------------------------+---------+---------+-----------+-----------+-----+-----+---------+
        |                                     |                          |  Latency (cycles) |   Latency (absolute)  |  Interval | Pipeline|
        |               Instance              |          Module          |   min   |   max   |    min    |    max    | min | max |   Type  |
        +-------------------------------------+--------------------------+---------+---------+-----------+-----------+-----+-----+---------+
        |grp_completion_service_cycle_fu_230  |completion_service_cycle  |        ?|        ?|          ?|          ?|    ?|    ?|       no|
        |grp_try_issue_load_fu_303            |try_issue_load            |        3|        5|  30.000 ns|  50.000 ns|    3|    5|       no|
        +-------------------------------------+--------------------------+---------+---------+-----------+-----------+-----+-----+---------+

        * Loop: 
        +-----------------------+---------+---------+----------+-----------+-----------+--------+----------+
        |                       |  Latency (cycles) | Iteration|  Initiation Interval  |  Trip  |          |
        |       Loop Name       |   min   |   max   |  Latency |  achieved |   target  |  Count | Pipelined|
        +-----------------------+---------+---------+----------+-----------+-----------+--------+----------+
        |- LSU_LOAD_ISSUE_SCAN  |        6|      258|     6 ~ 8|          -|          -|  1 ~ 32|        no|
        +-----------------------+---------+---------+----------+-----------+-----------+--------+----------+



================================================================
== Utilization Estimates
================================================================
* Summary: 
+-----------------+---------+------+--------+--------+-----+
|       Name      | BRAM_18K|  DSP |   FF   |   LUT  | URAM|
+-----------------+---------+------+--------+--------+-----+
|DSP              |        -|     -|       -|       -|    -|
|Expression       |        -|     -|       0|      37|    -|
|FIFO             |        -|     -|     198|     134|    -|
|Instance         |        0|     -|    1237|    2567|    0|
|Memory           |        3|     -|      18|       7|    0|
|Multiplexer      |        -|     -|       -|     505|    -|
|Register         |        -|     -|     169|       -|    -|
+-----------------+---------+------+--------+--------+-----+
|Total            |        3|     0|    1622|    3250|    0|
+-----------------+---------+------+--------+--------+-----+
|Available        |      624|  1728|  460800|  230400|   96|
+-----------------+---------+------+--------+--------+-----+
|Utilization (%)  |       ~0|     0|      ~0|       1|    0|
+-----------------+---------+------+--------+--------+-----+

+ Detail: 
    * Instance: 
    +-------------------------------------+--------------------------+---------+----+------+------+-----+
    |               Instance              |          Module          | BRAM_18K| DSP|  FF  |  LUT | URAM|
    +-------------------------------------+--------------------------+---------+----+------+------+-----+
    |grp_completion_service_cycle_fu_230  |completion_service_cycle  |        0|   0|  1178|  2446|    0|
    |grp_try_issue_load_fu_303            |try_issue_load            |        0|   0|    59|   121|    0|
    +-------------------------------------+--------------------------+---------+----+------+------+-----+
    |Total                                |                          |        0|   0|  1237|  2567|    0|
    +-------------------------------------+--------------------------+---------+----+------+------+-----+

    * DSP: 
    N/A

    * Memory: 
    +-------------------------------------------+---------------------------------------------------------------+---------+---+----+-----+------+-----+------+-------------+
    |                   Memory                  |                             Module                            | BRAM_18K| FF| LUT| URAM| Words| Bits| Banks| W*Bits*Banks|
    +-------------------------------------------+---------------------------------------------------------------+---------+---+----+-----+------+-----+------+-------------+
    |state_rob_entries_valid_U                  |completion_service_cycle_state_rob_entries_busy_RAM_AUTO_1R1W  |        0|  2|   1|    0|    32|    1|     1|           32|
    |state_rob_entries_memory_valid_U           |completion_service_cycle_state_rob_entries_busy_RAM_AUTO_1R1W  |        0|  2|   1|    0|    32|    1|     1|           32|
    |state_rob_entries_is_load_U                |completion_service_cycle_state_rob_entries_busy_RAM_AUTO_1R1W  |        0|  2|   1|    0|    32|    1|     1|           32|
    |state_rob_entries_signed_load_U            |completion_service_cycle_state_rob_entries_busy_RAM_AUTO_1R1W  |        0|  2|   1|    0|    32|    1|     1|           32|
    |state_rob_entries_memory_request_sent_U    |completion_service_cycle_state_rob_entries_busy_RAM_AUTO_1R1W  |        0|  2|   1|    0|    32|    1|     1|           32|
    |state_rob_entries_memory_address_U         |state_rob_entries_memory_address_RAM_AUTO_1R1W                 |        2|  0|   0|    0|    32|   64|     1|         2048|
    |state_rob_entries_memory_mask_U            |state_rob_entries_memory_mask_RAM_AUTO_1R1W                    |        0|  4|   1|    0|    32|    2|     1|           64|
    |state_rob_entries_memory_size_U            |state_rob_entries_memory_mask_RAM_AUTO_1R1W                    |        0|  4|   1|    0|    32|    2|     1|           64|
    |state_rob_entries_memory_transaction_id_U  |state_rob_entries_memory_transaction_id_RAM_AUTO_1R1W          |        1|  0|   0|    0|    32|   32|     1|         1024|
    +-------------------------------------------+---------------------------------------------------------------+---------+---+----+-----+------+-----+------+-------------+
    |Total                                      |                                                               |        3| 18|   7|    0|   288|  105|     9|         3360|
    +-------------------------------------------+---------------------------------------------------------------+---------+---+----+-----+------+-----+------+-------------+

    * FIFO: 
    +---------------+---------+----+----+-----+------+-----+---------+
    |      Name     | BRAM_18K| FF | LUT| URAM| Depth| Bits| Size:D*B|
    +---------------+---------+----+----+-----+------+-----+---------+
    |pipe_2_fifo_U  |        0|  99|   0|    -|     2|  283|      566|
    |pipe_3_fifo_U  |        0|  99|   0|    -|     2|  289|      578|
    +---------------+---------+----+----+-----+------+-----+---------+
    |Total          |        0| 198|   0|    0|     4|  572|     1144|
    +---------------+---------+----+----+-----+------+-----+---------+

    * Expression: 
    +---------------------------------+----------+----+---+----+------------+------------+
    |          Variable Name          | Operation| DSP| FF| LUT| Bitwidth P0| Bitwidth P1|
    +---------------------------------+----------+----+---+----+------------+------------+
    |i_2_fu_385_p2                    |         +|   0|  0|  13|           6|           1|
    |ap_block_state4_on_subcall_done  |       and|   0|  0|   2|           1|           1|
    |tmp_1_nbreadreq_fu_189_p3        |       and|   0|  0|   2|           1|           0|
    |tmp_2_nbreadreq_fu_196_p3        |       and|   0|  0|   2|           1|           0|
    |tmp_nbreadreq_fu_168_p3          |       and|   0|  0|   2|           1|           0|
    |icmp_ln1484_fu_379_p2            |      icmp|   0|  0|  10|           6|           7|
    |ap_block_state1                  |        or|   0|  0|   2|           1|           1|
    |ap_block_state7                  |        or|   0|  0|   2|           1|           1|
    |ap_predicate_op59_read_state7    |        or|   0|  0|   2|           1|           1|
    +---------------------------------+----------+----+---+----+------------+------------+
    |Total                            |          |   0|  0|  37|          19|          12|
    +---------------------------------+----------+----+---+----+------------+------------+

    * Multiplexer: 
    +--------------------------------------------------+----+-----------+-----+-----------+
    |                       Name                       | LUT| Input Size| Bits| Total Bits|
    +--------------------------------------------------+----+-----------+-----+-----------+
    |ap_NS_fsm                                         |  43|          8|    1|          8|
    |dmem_req_out_blk_n                                |   9|          2|    1|          2|
    |dmem_resp_in_blk_n                                |   9|          2|    1|          2|
    |i_fu_158                                          |   9|          2|    6|         12|
    |pipe_2_write                                      |   9|          2|    1|          2|
    |pipe_3_read                                       |   9|          2|    1|          2|
    |state_execute_alu_results_is_load_0               |   9|          2|    1|          2|
    |state_execute_alu_results_memory_address_0        |   9|          2|   64|        128|
    |state_execute_alu_results_memory_mask_0           |   9|          2|    2|          4|
    |state_execute_alu_results_memory_size_0           |   9|          2|    2|          4|
    |state_execute_alu_results_memory_valid_0          |   9|          2|    1|          2|
    |state_execute_alu_results_valid_0                 |   9|          2|    1|          2|
    |state_lsu_load_response_pending                   |   9|          2|    1|          2|
    |state_lsu_pending_load_rob_idx                    |   9|          2|    5|         10|
    |state_lsu_pending_load_transaction_id             |   9|          2|   32|         64|
    |state_rob_entries_is_load_address0                |  14|          3|    5|         15|
    |state_rob_entries_is_load_ce0                     |  14|          3|    1|          3|
    |state_rob_entries_is_load_we0                     |   9|          2|    1|          2|
    |state_rob_entries_memory_address_address0         |  14|          3|    5|         15|
    |state_rob_entries_memory_address_ce0              |  14|          3|    1|          3|
    |state_rob_entries_memory_address_we0              |   9|          2|    1|          2|
    |state_rob_entries_memory_mask_address0            |  14|          3|    5|         15|
    |state_rob_entries_memory_mask_ce0                 |  14|          3|    1|          3|
    |state_rob_entries_memory_mask_we0                 |   9|          2|    1|          2|
    |state_rob_entries_memory_request_sent_address0    |  14|          3|    5|         15|
    |state_rob_entries_memory_request_sent_ce0         |  14|          3|    1|          3|
    |state_rob_entries_memory_request_sent_we0         |   9|          2|    1|          2|
    |state_rob_entries_memory_size_address0            |  14|          3|    5|         15|
    |state_rob_entries_memory_size_ce0                 |  14|          3|    1|          3|
    |state_rob_entries_memory_size_we0                 |   9|          2|    1|          2|
    |state_rob_entries_memory_transaction_id_address0  |  14|          3|    5|         15|
    |state_rob_entries_memory_transaction_id_ce0       |  14|          3|    1|          3|
    |state_rob_entries_memory_transaction_id_we0       |   9|          2|    1|          2|
    |state_rob_entries_memory_valid_address0           |  14|          3|    5|         15|
    |state_rob_entries_memory_valid_ce0                |  14|          3|    1|          3|
    |state_rob_entries_memory_valid_we0                |   9|          2|    1|          2|
    |state_rob_entries_signed_load_address0            |  14|          3|    5|         15|
    |state_rob_entries_signed_load_ce0                 |  14|          3|    1|          3|
    |state_rob_entries_signed_load_we0                 |   9|          2|    1|          2|
    |state_rob_entries_valid_address0                  |  20|          4|    5|         20|
    |state_rob_entries_valid_ce0                       |  20|          4|    1|          4|
    +--------------------------------------------------+----+-----------+-----+-----------+
    |Total                                             | 505|        108|  182|        430|
    +--------------------------------------------------+----+-----------+-----+-----------+

    * Register: 
    +--------------------------------------------------+----+----+-----+-----------+
    |                       Name                       | FF | LUT| Bits| Const Bits|
    +--------------------------------------------------+----+----+-----+-----------+
    |ap_CS_fsm                                         |   7|   0|    7|          0|
    |grp_completion_service_cycle_fu_230_ap_start_reg  |   1|   0|    1|          0|
    |grp_try_issue_load_fu_303_ap_start_reg            |   1|   0|    1|          0|
    |i_2_reg_445                                       |   6|   0|    6|          0|
    |i_fu_158                                          |   6|   0|    6|          0|
    |icmp_ln1484_reg_441                               |   1|   0|    1|          0|
    |idx_reg_450                                       |   5|   0|    5|          0|
    |state_execute_alu_results_is_load_0               |   1|   0|    1|          0|
    |state_execute_alu_results_memory_address_0        |  64|   0|   64|          0|
    |state_execute_alu_results_memory_mask_0           |   2|   0|    2|          0|
    |state_execute_alu_results_memory_size_0           |   2|   0|    2|          0|
    |state_execute_alu_results_memory_valid_0          |   1|   0|    1|          0|
    |state_execute_alu_results_valid_0                 |   1|   0|    1|          0|
    |state_lsu_load_response_pending                   |   1|   0|    1|          0|
    |state_lsu_next_transaction_id                     |  32|   0|   32|          0|
    |state_lsu_pending_load_rob_idx                    |   5|   0|    5|          0|
    |state_lsu_pending_load_transaction_id             |  32|   0|   32|          0|
    |tmp_1_reg_430                                     |   1|   0|    1|          0|
    +--------------------------------------------------+----+----+-----+-----------+
    |Total                                             | 169|   0|  169|          0|
    +--------------------------------------------------+----+----+-----+-----------+



================================================================
== Interface
================================================================
* Summary: 
+----------------------+-----+-----+------------+---------------+--------------+
|       RTL Ports      | Dir | Bits|  Protocol  | Source Object |    C Type    |
+----------------------+-----+-----+------------+---------------+--------------+
|ap_local_block        |  out|    1|  ap_ctrl_hs|  synth_lsu_top|  return value|
|ap_local_deadlock     |  out|    1|  ap_ctrl_hs|  synth_lsu_top|  return value|
|ap_clk                |   in|    1|  ap_ctrl_hs|  synth_lsu_top|  return value|
|ap_rst                |   in|    1|  ap_ctrl_hs|  synth_lsu_top|  return value|
|ap_start              |   in|    1|  ap_ctrl_hs|  synth_lsu_top|  return value|
|ap_done               |  out|    1|  ap_ctrl_hs|  synth_lsu_top|  return value|
|ap_idle               |  out|    1|  ap_ctrl_hs|  synth_lsu_top|  return value|
|ap_ready              |  out|    1|  ap_ctrl_hs|  synth_lsu_top|  return value|
|dmem_req_out_din      |  out|  283|     ap_fifo|   dmem_req_out|       pointer|
|dmem_req_out_full_n   |   in|    1|     ap_fifo|   dmem_req_out|       pointer|
|dmem_req_out_write    |  out|    1|     ap_fifo|   dmem_req_out|       pointer|
|dmem_resp_in_dout     |   in|  289|     ap_fifo|   dmem_resp_in|       pointer|
|dmem_resp_in_empty_n  |   in|    1|     ap_fifo|   dmem_resp_in|       pointer|
|dmem_resp_in_read     |  out|    1|     ap_fifo|   dmem_resp_in|       pointer|
|seed_addr             |   in|   64|     ap_none|      seed_addr|        scalar|
|observable            |  out|   64|      ap_vld|     observable|       pointer|
|observable_ap_vld     |  out|    1|      ap_vld|     observable|       pointer|
+----------------------+-----+-----+------------+---------------+--------------+

