

================================================================
== Vitis HLS Report for 'kill_lsu_state'
================================================================
* Date:           Tue Aug 11 18:59:39 2026

* Version:        2021.2 (Build 3367213 on Tue Oct 19 02:47:39 MDT 2021)
* Project:        synth_m3c_rv64m_top
* Solution:       solution_gate4_1_m3c_rtl (Vivado IP Flow Target)
* Product family: zynquplus
* Target device:  xczu7ev-ffvc1156-2-e


================================================================
== Performance Estimates
================================================================
+ Timing:
    * Summary:
    +--------+----------+----------+------------+
    |  Clock |  Target  | Estimated| Uncertainty|
    +--------+----------+----------+------------+
    |ap_clk  |  10.00 ns|  2.203 ns|     2.70 ns|
    +--------+----------+----------+------------+

+ Latency:
    * Summary:
    +---------+---------+----------+----------+-----+-----+---------+
    |  Latency (cycles) |  Latency (absolute) |  Interval | Pipeline|
    |   min   |   max   |    min   |    max   | min | max |   Type  |
    +---------+---------+----------+----------+-----+-----+---------+
    |        ?|        ?|         ?|         ?|    ?|    ?|       no|
    +---------+---------+----------+----------+-----+-----+---------+

    + Detail:
        * Instance:
        N/A

        * Loop:
        +---------------------+---------+---------+----------+-----------+-----------+------+----------+
        |                     |  Latency (cycles) | Iteration|  Initiation Interval  | Trip |          |
        |      Loop Name      |   min   |   max   |  Latency |  achieved |   target  | Count| Pipelined|
        +---------------------+---------+---------+----------+-----------+-----------+------+----------+
        |- Loop 1             |        8|        8|         1|          -|          -|     8|        no|
        |- Loop 2             |        8|        8|         1|          -|          -|     8|        no|
        |- VITIS_LOOP_2279_1  |       24|       32|     3 ~ 4|          -|          -|     8|        no|
        |- VITIS_LOOP_2294_2  |       24|       32|     3 ~ 4|          -|          -|     8|        no|
        |- VITIS_LOOP_2302_3  |        ?|        ?|         1|          -|          -|     ?|        no|
        |- VITIS_LOOP_2303_4  |        ?|        ?|         1|          -|          -|     ?|        no|
        |- VITIS_LOOP_2304_5  |       16|       16|         2|          -|          -|     8|        no|
        |- VITIS_LOOP_2305_6  |       16|       16|         2|          -|          -|     8|        no|
        +---------------------+---------+---------+----------+-----------+-----------+------+----------+



================================================================
== Utilization Estimates
================================================================
* Summary:
+-----------------+---------+------+--------+--------+-----+
|       Name      | BRAM_18K|  DSP |   FF   |   LUT  | URAM|
+-----------------+---------+------+--------+--------+-----+
|DSP              |        -|     -|       -|       -|    -|
|Expression       |        -|     -|       0|     350|    -|
|FIFO             |        -|     -|       -|       -|    -|
|Instance         |        -|     -|       -|       -|    -|
|Memory           |        0|     -|     840|      63|    0|
|Multiplexer      |        -|     -|       -|    2025|    -|
|Register         |        -|     -|     323|       -|    -|
+-----------------+---------+------+--------+--------+-----+
|Total            |        0|     0|    1163|    2438|    0|
+-----------------+---------+------+--------+--------+-----+
|Available        |      624|  1728|  460800|  230400|   96|
+-----------------+---------+------+--------+--------+-----+
|Utilization (%)  |        0|     0|      ~0|       1|    0|
+-----------------+---------+------+--------+--------+-----+

+ Detail:
    * Instance:
    N/A

    * DSP:
    N/A

    * Memory:
    +-----------------------------+-----------------------------------------------------+---------+-----+----+-----+------+-----+------+-------------+
    |            Memory           |                        Module                       | BRAM_18K|  FF | LUT| URAM| Words| Bits| Banks| W*Bits*Banks|
    +-----------------------------+-----------------------------------------------------+---------+-----+----+-----+------+-----+------+-------------+
    |new_ldq_address_U            |compact_issue_queue_temp_uop_debug_pc_RAM_AUTO_1R1W  |        0|  128|   8|    0|     8|   64|     1|          512|
    |new_ldq_result_U             |compact_issue_queue_temp_uop_debug_pc_RAM_AUTO_1R1W  |        0|  128|   8|    0|     8|   64|     1|          512|
    |new_stq_address_U            |compact_issue_queue_temp_uop_debug_pc_RAM_AUTO_1R1W  |        0|  128|   8|    0|     8|   64|     1|          512|
    |new_stq_data_U               |compact_issue_queue_temp_uop_debug_pc_RAM_AUTO_1R1W  |        0|  128|   8|    0|     8|   64|     1|          512|
    |new_ldq_transaction_id_U     |compact_issue_queue_temp_uop_inst_RAM_AUTO_1R1W      |        0|   64|   4|    0|     8|   32|     1|          256|
    |new_ldq_rob_allocation_id_U  |compact_issue_queue_temp_uop_inst_RAM_AUTO_1R1W      |        0|   64|   4|    0|     8|   32|     1|          256|
    |new_stq_rob_allocation_id_U  |compact_issue_queue_temp_uop_inst_RAM_AUTO_1R1W      |        0|   64|   4|    0|     8|   32|     1|          256|
    |new_ldq_rob_idx_U            |compact_issue_queue_temp_uop_uopc_RAM_AUTO_1R1W      |        0|   16|   1|    0|     8|    8|     1|           64|
    |new_ldq_size_U               |compact_issue_queue_temp_uop_uopc_RAM_AUTO_1R1W      |        0|   16|   1|    0|     8|    8|     1|           64|
    |new_ldq_branch_mask_U        |compact_issue_queue_temp_uop_uopc_RAM_AUTO_1R1W      |        0|   16|   1|    0|     8|    8|     1|           64|
    |new_stq_rob_idx_U            |compact_issue_queue_temp_uop_uopc_RAM_AUTO_1R1W      |        0|   16|   1|    0|     8|    8|     1|           64|
    |new_stq_mask_U               |compact_issue_queue_temp_uop_uopc_RAM_AUTO_1R1W      |        0|   16|   1|    0|     8|    8|     1|           64|
    |new_stq_size_U               |compact_issue_queue_temp_uop_uopc_RAM_AUTO_1R1W      |        0|   16|   1|    0|     8|    8|     1|           64|
    |new_stq_branch_mask_U        |compact_issue_queue_temp_uop_uopc_RAM_AUTO_1R1W      |        0|   16|   1|    0|     8|    8|     1|           64|
    |new_ldq_valid_U              |compact_issue_queue_temp_valid_RAM_AUTO_1R1W         |        0|    2|   1|    0|     8|    1|     1|            8|
    |new_ldq_signed_load_U        |compact_issue_queue_temp_valid_RAM_AUTO_1R1W         |        0|    2|   1|    0|     8|    1|     1|            8|
    |new_ldq_response_pending_U   |compact_issue_queue_temp_valid_RAM_AUTO_1R1W         |        0|    2|   1|    0|     8|    1|     1|            8|
    |new_ldq_completed_U          |compact_issue_queue_temp_valid_RAM_AUTO_1R1W         |        0|    2|   1|    0|     8|    1|     1|            8|
    |new_ldq_killed_U             |compact_issue_queue_temp_valid_RAM_AUTO_1R1W         |        0|    2|   1|    0|     8|    1|     1|            8|
    |new_stq_valid_U              |compact_issue_queue_temp_valid_RAM_AUTO_1R1W         |        0|    2|   1|    0|     8|    1|     1|            8|
    |new_stq_address_valid_U      |compact_issue_queue_temp_valid_RAM_AUTO_1R1W         |        0|    2|   1|    0|     8|    1|     1|            8|
    |new_stq_data_valid_U         |compact_issue_queue_temp_valid_RAM_AUTO_1R1W         |        0|    2|   1|    0|     8|    1|     1|            8|
    |new_stq_committed_U          |compact_issue_queue_temp_valid_RAM_AUTO_1R1W         |        0|    2|   1|    0|     8|    1|     1|            8|
    |new_stq_issued_to_memory_U   |compact_issue_queue_temp_valid_RAM_AUTO_1R1W         |        0|    2|   1|    0|     8|    1|     1|            8|
    |new_stq_completed_U          |compact_issue_queue_temp_valid_RAM_AUTO_1R1W         |        0|    2|   1|    0|     8|    1|     1|            8|
    |new_stq_killed_U             |compact_issue_queue_temp_valid_RAM_AUTO_1R1W         |        0|    2|   1|    0|     8|    1|     1|            8|
    +-----------------------------+-----------------------------------------------------+---------+-----+----+-----+------+-----+------+-------------+
    |Total                        |                                                     |        0|  840|  63|    0|   208|  420|    26|         3360|
    +-----------------------------+-----------------------------------------------------+---------+-----+----+-----+------+-----+------+-------------+

    * FIFO:
    N/A

    * Expression:
    +------------------------+----------+----+---+----+------------+------------+
    |      Variable Name     | Operation| DSP| FF| LUT| Bitwidth P0| Bitwidth P1|
    +------------------------+----------+----+---+----+------------+------------+
    |add_ln2274_fu_1840_p2   |         +|   0|  0|  10|           3|           1|
    |add_ln2275_fu_1881_p2   |         +|   0|  0|  10|           3|           1|
    |add_ln2279_fu_1943_p2   |         +|   0|  0|  12|           4|           1|
    |add_ln2294_fu_2016_p2   |         +|   0|  0|  12|           4|           1|
    |add_ln2302_fu_2103_p2   |         +|   0|  0|  39|          32|           1|
    |add_ln2303_fu_2155_p2   |         +|   0|  0|  39|          32|           1|
    |add_ln2304_fu_2196_p2   |         +|   0|  0|  12|           4|           1|
    |add_ln2305_fu_2239_p2   |         +|   0|  0|  12|           4|           1|
    |lw_3_fu_1970_p2         |         +|   0|  0|  39|          32|           1|
    |sw_3_fu_2037_p2         |         +|   0|  0|  39|          32|           1|
    |and_ln2281_fu_1959_p2   |       and|   0|  0|   8|           8|           8|
    |and_ln2296_fu_2026_p2   |       and|   0|  0|   8|           8|           8|
    |icmp_ln2274_fu_1862_p2  |      icmp|   0|  0|   8|           3|           2|
    |icmp_ln2275_fu_1905_p2  |      icmp|   0|  0|   8|           3|           2|
    |icmp_ln2279_fu_1937_p2  |      icmp|   0|  0|   9|           4|           5|
    |icmp_ln2281_fu_1964_p2  |      icmp|   0|  0|  11|           8|           1|
    |icmp_ln2294_fu_2010_p2  |      icmp|   0|  0|   9|           4|           5|
    |icmp_ln2296_fu_2031_p2  |      icmp|   0|  0|  11|           8|           1|
    |icmp_ln2302_fu_2097_p2  |      icmp|   0|  0|  18|          29|           1|
    |icmp_ln2303_fu_2149_p2  |      icmp|   0|  0|  18|          29|           1|
    |icmp_ln2304_fu_2190_p2  |      icmp|   0|  0|   9|           4|           5|
    |icmp_ln2305_fu_2233_p2  |      icmp|   0|  0|   9|           4|           5|
    +------------------------+----------+----+---+----+------------+------------+
    |Total                   |          |   0|  0| 350|         262|          54|
    +------------------------+----------+----+---+----+------------+------------+

    * Multiplexer:
    +------------------------------------------+----+-----------+-----+-----------+
    |                   Name                   | LUT| Input Size| Bits| Total Bits|
    +------------------------------------------+----+-----------+-----+-----------+
    |ap_NS_fsm                                 |  89|         18|    1|         18|
    |i_29_fu_236                               |   9|          2|    4|          8|
    |i_31_fu_244                               |   9|          2|   32|         64|
    |i_33_fu_248                               |   9|          2|   32|         64|
    |i_34_fu_252                               |   9|          2|    4|          8|
    |i_35_fu_256                               |   9|          2|    4|          8|
    |i_fu_228                                  |   9|          2|    4|          8|
    |indvar4_fu_224                            |   9|          2|    3|          6|
    |indvar_fu_116                             |   9|          2|    3|          6|
    |lw_fu_232                                 |   9|          2|   32|         64|
    |new_ldq_address_address0                  |  26|          5|    3|         15|
    |new_ldq_address_d0                        |  14|          3|   64|        192|
    |new_ldq_branch_mask_address0              |  26|          5|    3|         15|
    |new_ldq_branch_mask_d0                    |  14|          3|    8|         24|
    |new_ldq_completed_address0                |  26|          5|    3|         15|
    |new_ldq_completed_d0                      |  14|          3|    1|          3|
    |new_ldq_killed_address0                   |  26|          5|    3|         15|
    |new_ldq_killed_d0                         |  14|          3|    1|          3|
    |new_ldq_response_pending_address0         |  26|          5|    3|         15|
    |new_ldq_response_pending_d0               |  14|          3|    1|          3|
    |new_ldq_result_address0                   |  26|          5|    3|         15|
    |new_ldq_result_d0                         |  14|          3|   64|        192|
    |new_ldq_rob_allocation_id_address0        |  26|          5|    3|         15|
    |new_ldq_rob_allocation_id_d0              |  14|          3|   32|         96|
    |new_ldq_rob_idx_address0                  |  26|          5|    3|         15|
    |new_ldq_rob_idx_d0                        |  14|          3|    8|         24|
    |new_ldq_signed_load_address0              |  26|          5|    3|         15|
    |new_ldq_signed_load_d0                    |  14|          3|    1|          3|
    |new_ldq_size_address0                     |  26|          5|    3|         15|
    |new_ldq_size_d0                           |  14|          3|    8|         24|
    |new_ldq_transaction_id_address0           |  26|          5|    3|         15|
    |new_ldq_transaction_id_d0                 |  14|          3|   32|         96|
    |new_ldq_valid_address0                    |  26|          5|    3|         15|
    |new_ldq_valid_d0                          |  14|          3|    1|          3|
    |new_stq_address_address0                  |  26|          5|    3|         15|
    |new_stq_address_d0                        |  14|          3|   64|        192|
    |new_stq_address_valid_address0            |  26|          5|    3|         15|
    |new_stq_address_valid_d0                  |  14|          3|    1|          3|
    |new_stq_branch_mask_address0              |  26|          5|    3|         15|
    |new_stq_branch_mask_d0                    |  14|          3|    8|         24|
    |new_stq_committed_address0                |  26|          5|    3|         15|
    |new_stq_committed_d0                      |  14|          3|    1|          3|
    |new_stq_completed_address0                |  26|          5|    3|         15|
    |new_stq_completed_d0                      |  14|          3|    1|          3|
    |new_stq_data_address0                     |  26|          5|    3|         15|
    |new_stq_data_d0                           |  14|          3|   64|        192|
    |new_stq_data_valid_address0               |  26|          5|    3|         15|
    |new_stq_data_valid_d0                     |  14|          3|    1|          3|
    |new_stq_issued_to_memory_address0         |  26|          5|    3|         15|
    |new_stq_issued_to_memory_d0               |  14|          3|    1|          3|
    |new_stq_killed_address0                   |  26|          5|    3|         15|
    |new_stq_killed_d0                         |  14|          3|    1|          3|
    |new_stq_mask_address0                     |  26|          5|    3|         15|
    |new_stq_mask_d0                           |  14|          3|    8|         24|
    |new_stq_rob_allocation_id_address0        |  26|          5|    3|         15|
    |new_stq_rob_allocation_id_d0              |  14|          3|   32|         96|
    |new_stq_rob_idx_address0                  |  26|          5|    3|         15|
    |new_stq_rob_idx_d0                        |  14|          3|    8|         24|
    |new_stq_size_address0                     |  26|          5|    3|         15|
    |new_stq_size_d0                           |  14|          3|    8|         24|
    |new_stq_valid_address0                    |  26|          5|    3|         15|
    |new_stq_valid_d0                          |  14|          3|    1|          3|
    |state_lsu_ldq_address_address0            |  20|          4|    3|         12|
    |state_lsu_ldq_address_d0                  |  14|          3|   64|        192|
    |state_lsu_ldq_branch_mask_address0        |  20|          4|    3|         12|
    |state_lsu_ldq_branch_mask_d0              |  14|          3|    8|         24|
    |state_lsu_ldq_completed_address0          |  20|          4|    3|         12|
    |state_lsu_ldq_completed_d0                |  14|          3|    1|          3|
    |state_lsu_ldq_killed_address0             |  20|          4|    3|         12|
    |state_lsu_ldq_killed_d0                   |  14|          3|    1|          3|
    |state_lsu_ldq_response_pending_address0   |  20|          4|    3|         12|
    |state_lsu_ldq_response_pending_d0         |  14|          3|    1|          3|
    |state_lsu_ldq_result_address0             |  20|          4|    3|         12|
    |state_lsu_ldq_result_d0                   |  14|          3|   64|        192|
    |state_lsu_ldq_rob_allocation_id_address0  |  20|          4|    3|         12|
    |state_lsu_ldq_rob_allocation_id_d0        |  14|          3|   32|         96|
    |state_lsu_ldq_rob_idx_address0            |  14|          3|    3|          9|
    |state_lsu_ldq_rob_idx_d0                  |  14|          3|    8|         24|
    |state_lsu_ldq_signed_load_address0        |  20|          4|    3|         12|
    |state_lsu_ldq_signed_load_d0              |  14|          3|    1|          3|
    |state_lsu_ldq_size_address0               |  20|          4|    3|         12|
    |state_lsu_ldq_size_d0                     |  14|          3|    8|         24|
    |state_lsu_ldq_transaction_id_address0     |  20|          4|    3|         12|
    |state_lsu_ldq_transaction_id_d0           |  14|          3|   32|         96|
    |state_lsu_ldq_valid_address0              |  20|          4|    3|         12|
    |state_lsu_ldq_valid_d0                    |  14|          3|    1|          3|
    |state_lsu_stq_address_address0            |  14|          3|    3|          9|
    |state_lsu_stq_address_d0                  |  14|          3|   64|        192|
    |state_lsu_stq_address_valid_address0      |  14|          3|    3|          9|
    |state_lsu_stq_address_valid_d0            |  14|          3|    1|          3|
    |state_lsu_stq_branch_mask_address0        |  20|          4|    3|         12|
    |state_lsu_stq_branch_mask_d0              |  14|          3|    8|         24|
    |state_lsu_stq_committed_address0          |  14|          3|    3|          9|
    |state_lsu_stq_committed_d0                |  14|          3|    1|          3|
    |state_lsu_stq_completed_address0          |  14|          3|    3|          9|
    |state_lsu_stq_completed_d0                |  14|          3|    1|          3|
    |state_lsu_stq_data_address0               |  14|          3|    3|          9|
    |state_lsu_stq_data_d0                     |  14|          3|   64|        192|
    |state_lsu_stq_data_valid_address0         |  14|          3|    3|          9|
    |state_lsu_stq_data_valid_d0               |  14|          3|    1|          3|
    |state_lsu_stq_issued_to_memory_address0   |  14|          3|    3|          9|
    |state_lsu_stq_issued_to_memory_d0         |  14|          3|    1|          3|
    |state_lsu_stq_killed_address0             |  14|          3|    3|          9|
    |state_lsu_stq_killed_d0                   |  14|          3|    1|          3|
    |state_lsu_stq_mask_address0               |  14|          3|    3|          9|
    |state_lsu_stq_mask_d0                     |  14|          3|    8|         24|
    |state_lsu_stq_rob_allocation_id_address0  |  14|          3|    3|          9|
    |state_lsu_stq_rob_allocation_id_d0        |  14|          3|   32|         96|
    |state_lsu_stq_rob_idx_address0            |  14|          3|    3|          9|
    |state_lsu_stq_rob_idx_d0                  |  14|          3|    8|         24|
    |state_lsu_stq_size_address0               |  14|          3|    3|          9|
    |state_lsu_stq_size_d0                     |  14|          3|    8|         24|
    |state_lsu_stq_valid_address0              |  20|          4|    3|         12|
    |state_lsu_stq_valid_d0                    |  14|          3|    1|          3|
    |sw_fu_240                                 |   9|          2|   32|         64|
    +------------------------------------------+----+-----------+-----+-----------+
    |Total                                     |2025|        415| 1147|       3501|
    +------------------------------------------+----+-----------+-----+-----------+

    * Register:
    +-----------------------------------------------+----+----+-----+-----------+
    |                      Name                     | FF | LUT| Bits| Const Bits|
    +-----------------------------------------------+----+----+-----+-----------+
    |add_ln2279_reg_2361                            |   4|   0|    4|          0|
    |add_ln2294_reg_2481                            |   4|   0|    4|          0|
    |ap_CS_fsm                                      |  17|   0|   17|          0|
    |i_29_fu_236                                    |   4|   0|    4|          0|
    |i_31_fu_244                                    |  32|   0|   32|          0|
    |i_33_fu_248                                    |  32|   0|   32|          0|
    |i_34_fu_252                                    |   4|   0|    4|          0|
    |i_35_fu_256                                    |   4|   0|    4|          0|
    |i_fu_228                                       |   4|   0|    4|          0|
    |icmp_ln2281_reg_2399                           |   1|   0|    1|          0|
    |icmp_ln2296_reg_2572                           |   1|   0|    1|          0|
    |indvar4_fu_224                                 |   3|   0|    3|          0|
    |indvar_fu_116                                  |   3|   0|    3|          0|
    |lw_2_reg_2326                                  |  32|   0|   32|          0|
    |lw_fu_232                                      |  32|   0|   32|          0|
    |state_lsu_ldq_branch_mask_addr_reg_2389        |   3|   0|    3|          0|
    |state_lsu_ldq_branch_mask_load_reg_2394        |   8|   0|    8|          0|
    |state_lsu_ldq_valid_addr_reg_2366              |   3|   0|    3|          0|
    |state_lsu_ldq_valid_load_reg_2385              |   1|   0|    1|          0|
    |state_lsu_stq_addr_3_reg_2557                  |   3|   0|    3|          0|
    |state_lsu_stq_addr_reg_2507                    |   3|   0|    3|          0|
    |state_lsu_stq_branch_mask_addr_reg_2502        |   3|   0|    3|          0|
    |state_lsu_stq_branch_mask_load_reg_2567        |   8|   0|    8|          0|
    |state_lsu_stq_committed_addr_reg_2517          |   3|   0|    3|          0|
    |state_lsu_stq_completed_addr_reg_2527          |   3|   0|    3|          0|
    |state_lsu_stq_data_addr_reg_2562               |   3|   0|    3|          0|
    |state_lsu_stq_data_valid_addr_reg_2512         |   3|   0|    3|          0|
    |state_lsu_stq_issued_to_memory_addr_reg_2522   |   3|   0|    3|          0|
    |state_lsu_stq_killed_addr_reg_2532             |   3|   0|    3|          0|
    |state_lsu_stq_mask_addr_reg_2542               |   3|   0|    3|          0|
    |state_lsu_stq_rob_allocation_id_addr_reg_2552  |   3|   0|    3|          0|
    |state_lsu_stq_rob_idx_addr_reg_2537            |   3|   0|    3|          0|
    |state_lsu_stq_size_addr_reg_2547               |   3|   0|    3|          0|
    |state_lsu_stq_valid_addr_reg_2486              |   3|   0|    3|          0|
    |state_lsu_stq_valid_load_reg_2498              |   1|   0|    1|          0|
    |sw_2_reg_2453                                  |  32|   0|   32|          0|
    |sw_fu_240                                      |  32|   0|   32|          0|
    |zext_ln2279_reg_2334                           |   4|   0|   64|         60|
    |zext_ln2294_reg_2461                           |   4|   0|   64|         60|
    |zext_ln2304_reg_2596                           |   4|   0|   64|         60|
    |zext_ln2305_reg_2682                           |   4|   0|   64|         60|
    +-----------------------------------------------+----+----+-----+-----------+
    |Total                                          | 323|   0|  563|        240|
    +-----------------------------------------------+----+----+-----+-----------+



================================================================
== Interface
================================================================
* Summary:
+------------------------------------------+-----+-----+------------+---------------------------------+--------------+
|                 RTL Ports                | Dir | Bits|  Protocol  |          Source Object          |    C Type    |
+------------------------------------------+-----+-----+------------+---------------------------------+--------------+
|ap_clk                                    |   in|    1|  ap_ctrl_hs|                   kill_lsu_state|  return value|
|ap_rst                                    |   in|    1|  ap_ctrl_hs|                   kill_lsu_state|  return value|
|ap_start                                  |   in|    1|  ap_ctrl_hs|                   kill_lsu_state|  return value|
|ap_done                                   |  out|    1|  ap_ctrl_hs|                   kill_lsu_state|  return value|
|ap_idle                                   |  out|    1|  ap_ctrl_hs|                   kill_lsu_state|  return value|
|ap_ready                                  |  out|    1|  ap_ctrl_hs|                   kill_lsu_state|  return value|
|mispredict_mask                           |   in|    8|     ap_none|                  mispredict_mask|        scalar|
|state_lsu_ldq_valid_address0              |  out|    3|   ap_memory|              state_lsu_ldq_valid|         array|
|state_lsu_ldq_valid_ce0                   |  out|    1|   ap_memory|              state_lsu_ldq_valid|         array|
|state_lsu_ldq_valid_we0                   |  out|    1|   ap_memory|              state_lsu_ldq_valid|         array|
|state_lsu_ldq_valid_d0                    |  out|    1|   ap_memory|              state_lsu_ldq_valid|         array|
|state_lsu_ldq_valid_q0                    |   in|    1|   ap_memory|              state_lsu_ldq_valid|         array|
|state_lsu_ldq_branch_mask_address0        |  out|    3|   ap_memory|        state_lsu_ldq_branch_mask|         array|
|state_lsu_ldq_branch_mask_ce0             |  out|    1|   ap_memory|        state_lsu_ldq_branch_mask|         array|
|state_lsu_ldq_branch_mask_we0             |  out|    1|   ap_memory|        state_lsu_ldq_branch_mask|         array|
|state_lsu_ldq_branch_mask_d0              |  out|    8|   ap_memory|        state_lsu_ldq_branch_mask|         array|
|state_lsu_ldq_branch_mask_q0              |   in|    8|   ap_memory|        state_lsu_ldq_branch_mask|         array|
|state_lsu_ldq_signed_load_address0        |  out|    3|   ap_memory|        state_lsu_ldq_signed_load|         array|
|state_lsu_ldq_signed_load_ce0             |  out|    1|   ap_memory|        state_lsu_ldq_signed_load|         array|
|state_lsu_ldq_signed_load_we0             |  out|    1|   ap_memory|        state_lsu_ldq_signed_load|         array|
|state_lsu_ldq_signed_load_d0              |  out|    1|   ap_memory|        state_lsu_ldq_signed_load|         array|
|state_lsu_ldq_signed_load_q0              |   in|    1|   ap_memory|        state_lsu_ldq_signed_load|         array|
|state_lsu_ldq_response_pending_address0   |  out|    3|   ap_memory|   state_lsu_ldq_response_pending|         array|
|state_lsu_ldq_response_pending_ce0        |  out|    1|   ap_memory|   state_lsu_ldq_response_pending|         array|
|state_lsu_ldq_response_pending_we0        |  out|    1|   ap_memory|   state_lsu_ldq_response_pending|         array|
|state_lsu_ldq_response_pending_d0         |  out|    1|   ap_memory|   state_lsu_ldq_response_pending|         array|
|state_lsu_ldq_response_pending_q0         |   in|    1|   ap_memory|   state_lsu_ldq_response_pending|         array|
|state_lsu_ldq_completed_address0          |  out|    3|   ap_memory|          state_lsu_ldq_completed|         array|
|state_lsu_ldq_completed_ce0               |  out|    1|   ap_memory|          state_lsu_ldq_completed|         array|
|state_lsu_ldq_completed_we0               |  out|    1|   ap_memory|          state_lsu_ldq_completed|         array|
|state_lsu_ldq_completed_d0                |  out|    1|   ap_memory|          state_lsu_ldq_completed|         array|
|state_lsu_ldq_completed_q0                |   in|    1|   ap_memory|          state_lsu_ldq_completed|         array|
|state_lsu_ldq_killed_address0             |  out|    3|   ap_memory|             state_lsu_ldq_killed|         array|
|state_lsu_ldq_killed_ce0                  |  out|    1|   ap_memory|             state_lsu_ldq_killed|         array|
|state_lsu_ldq_killed_we0                  |  out|    1|   ap_memory|             state_lsu_ldq_killed|         array|
|state_lsu_ldq_killed_d0                   |  out|    1|   ap_memory|             state_lsu_ldq_killed|         array|
|state_lsu_ldq_killed_q0                   |   in|    1|   ap_memory|             state_lsu_ldq_killed|         array|
|state_lsu_ldq_rob_idx_address0            |  out|    3|   ap_memory|            state_lsu_ldq_rob_idx|         array|
|state_lsu_ldq_rob_idx_ce0                 |  out|    1|   ap_memory|            state_lsu_ldq_rob_idx|         array|
|state_lsu_ldq_rob_idx_we0                 |  out|    1|   ap_memory|            state_lsu_ldq_rob_idx|         array|
|state_lsu_ldq_rob_idx_d0                  |  out|    8|   ap_memory|            state_lsu_ldq_rob_idx|         array|
|state_lsu_ldq_rob_idx_q0                  |   in|    8|   ap_memory|            state_lsu_ldq_rob_idx|         array|
|state_lsu_ldq_size_address0               |  out|    3|   ap_memory|               state_lsu_ldq_size|         array|
|state_lsu_ldq_size_ce0                    |  out|    1|   ap_memory|               state_lsu_ldq_size|         array|
|state_lsu_ldq_size_we0                    |  out|    1|   ap_memory|               state_lsu_ldq_size|         array|
|state_lsu_ldq_size_d0                     |  out|    8|   ap_memory|               state_lsu_ldq_size|         array|
|state_lsu_ldq_size_q0                     |   in|    8|   ap_memory|               state_lsu_ldq_size|         array|
|state_lsu_ldq_transaction_id_address0     |  out|    3|   ap_memory|     state_lsu_ldq_transaction_id|         array|
|state_lsu_ldq_transaction_id_ce0          |  out|    1|   ap_memory|     state_lsu_ldq_transaction_id|         array|
|state_lsu_ldq_transaction_id_we0          |  out|    1|   ap_memory|     state_lsu_ldq_transaction_id|         array|
|state_lsu_ldq_transaction_id_d0           |  out|   32|   ap_memory|     state_lsu_ldq_transaction_id|         array|
|state_lsu_ldq_transaction_id_q0           |   in|   32|   ap_memory|     state_lsu_ldq_transaction_id|         array|
|state_lsu_ldq_rob_allocation_id_address0  |  out|    3|   ap_memory|  state_lsu_ldq_rob_allocation_id|         array|
|state_lsu_ldq_rob_allocation_id_ce0       |  out|    1|   ap_memory|  state_lsu_ldq_rob_allocation_id|         array|
|state_lsu_ldq_rob_allocation_id_we0       |  out|    1|   ap_memory|  state_lsu_ldq_rob_allocation_id|         array|
|state_lsu_ldq_rob_allocation_id_d0        |  out|   32|   ap_memory|  state_lsu_ldq_rob_allocation_id|         array|
|state_lsu_ldq_rob_allocation_id_q0        |   in|   32|   ap_memory|  state_lsu_ldq_rob_allocation_id|         array|
|state_lsu_ldq_address_address0            |  out|    3|   ap_memory|            state_lsu_ldq_address|         array|
|state_lsu_ldq_address_ce0                 |  out|    1|   ap_memory|            state_lsu_ldq_address|         array|
|state_lsu_ldq_address_we0                 |  out|    1|   ap_memory|            state_lsu_ldq_address|         array|
|state_lsu_ldq_address_d0                  |  out|   64|   ap_memory|            state_lsu_ldq_address|         array|
|state_lsu_ldq_address_q0                  |   in|   64|   ap_memory|            state_lsu_ldq_address|         array|
|state_lsu_ldq_result_address0             |  out|    3|   ap_memory|             state_lsu_ldq_result|         array|
|state_lsu_ldq_result_ce0                  |  out|    1|   ap_memory|             state_lsu_ldq_result|         array|
|state_lsu_ldq_result_we0                  |  out|    1|   ap_memory|             state_lsu_ldq_result|         array|
|state_lsu_ldq_result_d0                   |  out|   64|   ap_memory|             state_lsu_ldq_result|         array|
|state_lsu_ldq_result_q0                   |   in|   64|   ap_memory|             state_lsu_ldq_result|         array|
|state_lsu_stq_valid_address0              |  out|    3|   ap_memory|              state_lsu_stq_valid|         array|
|state_lsu_stq_valid_ce0                   |  out|    1|   ap_memory|              state_lsu_stq_valid|         array|
|state_lsu_stq_valid_we0                   |  out|    1|   ap_memory|              state_lsu_stq_valid|         array|
|state_lsu_stq_valid_d0                    |  out|    1|   ap_memory|              state_lsu_stq_valid|         array|
|state_lsu_stq_valid_q0                    |   in|    1|   ap_memory|              state_lsu_stq_valid|         array|
|state_lsu_stq_branch_mask_address0        |  out|    3|   ap_memory|        state_lsu_stq_branch_mask|         array|
|state_lsu_stq_branch_mask_ce0             |  out|    1|   ap_memory|        state_lsu_stq_branch_mask|         array|
|state_lsu_stq_branch_mask_we0             |  out|    1|   ap_memory|        state_lsu_stq_branch_mask|         array|
|state_lsu_stq_branch_mask_d0              |  out|    8|   ap_memory|        state_lsu_stq_branch_mask|         array|
|state_lsu_stq_branch_mask_q0              |   in|    8|   ap_memory|        state_lsu_stq_branch_mask|         array|
|state_lsu_stq_address_valid_address0      |  out|    3|   ap_memory|      state_lsu_stq_address_valid|         array|
|state_lsu_stq_address_valid_ce0           |  out|    1|   ap_memory|      state_lsu_stq_address_valid|         array|
|state_lsu_stq_address_valid_we0           |  out|    1|   ap_memory|      state_lsu_stq_address_valid|         array|
|state_lsu_stq_address_valid_d0            |  out|    1|   ap_memory|      state_lsu_stq_address_valid|         array|
|state_lsu_stq_address_valid_q0            |   in|    1|   ap_memory|      state_lsu_stq_address_valid|         array|
|state_lsu_stq_data_valid_address0         |  out|    3|   ap_memory|         state_lsu_stq_data_valid|         array|
|state_lsu_stq_data_valid_ce0              |  out|    1|   ap_memory|         state_lsu_stq_data_valid|         array|
|state_lsu_stq_data_valid_we0              |  out|    1|   ap_memory|         state_lsu_stq_data_valid|         array|
|state_lsu_stq_data_valid_d0               |  out|    1|   ap_memory|         state_lsu_stq_data_valid|         array|
|state_lsu_stq_data_valid_q0               |   in|    1|   ap_memory|         state_lsu_stq_data_valid|         array|
|state_lsu_stq_committed_address0          |  out|    3|   ap_memory|          state_lsu_stq_committed|         array|
|state_lsu_stq_committed_ce0               |  out|    1|   ap_memory|          state_lsu_stq_committed|         array|
|state_lsu_stq_committed_we0               |  out|    1|   ap_memory|          state_lsu_stq_committed|         array|
|state_lsu_stq_committed_d0                |  out|    1|   ap_memory|          state_lsu_stq_committed|         array|
|state_lsu_stq_committed_q0                |   in|    1|   ap_memory|          state_lsu_stq_committed|         array|
|state_lsu_stq_issued_to_memory_address0   |  out|    3|   ap_memory|   state_lsu_stq_issued_to_memory|         array|
|state_lsu_stq_issued_to_memory_ce0        |  out|    1|   ap_memory|   state_lsu_stq_issued_to_memory|         array|
|state_lsu_stq_issued_to_memory_we0        |  out|    1|   ap_memory|   state_lsu_stq_issued_to_memory|         array|
|state_lsu_stq_issued_to_memory_d0         |  out|    1|   ap_memory|   state_lsu_stq_issued_to_memory|         array|
|state_lsu_stq_issued_to_memory_q0         |   in|    1|   ap_memory|   state_lsu_stq_issued_to_memory|         array|
|state_lsu_stq_completed_address0          |  out|    3|   ap_memory|          state_lsu_stq_completed|         array|
|state_lsu_stq_completed_ce0               |  out|    1|   ap_memory|          state_lsu_stq_completed|         array|
|state_lsu_stq_completed_we0               |  out|    1|   ap_memory|          state_lsu_stq_completed|         array|
|state_lsu_stq_completed_d0                |  out|    1|   ap_memory|          state_lsu_stq_completed|         array|
|state_lsu_stq_completed_q0                |   in|    1|   ap_memory|          state_lsu_stq_completed|         array|
|state_lsu_stq_killed_address0             |  out|    3|   ap_memory|             state_lsu_stq_killed|         array|
|state_lsu_stq_killed_ce0                  |  out|    1|   ap_memory|             state_lsu_stq_killed|         array|
|state_lsu_stq_killed_we0                  |  out|    1|   ap_memory|             state_lsu_stq_killed|         array|
|state_lsu_stq_killed_d0                   |  out|    1|   ap_memory|             state_lsu_stq_killed|         array|
|state_lsu_stq_killed_q0                   |   in|    1|   ap_memory|             state_lsu_stq_killed|         array|
|state_lsu_stq_rob_idx_address0            |  out|    3|   ap_memory|            state_lsu_stq_rob_idx|         array|
|state_lsu_stq_rob_idx_ce0                 |  out|    1|   ap_memory|            state_lsu_stq_rob_idx|         array|
|state_lsu_stq_rob_idx_we0                 |  out|    1|   ap_memory|            state_lsu_stq_rob_idx|         array|
|state_lsu_stq_rob_idx_d0                  |  out|    8|   ap_memory|            state_lsu_stq_rob_idx|         array|
|state_lsu_stq_rob_idx_q0                  |   in|    8|   ap_memory|            state_lsu_stq_rob_idx|         array|
|state_lsu_stq_mask_address0               |  out|    3|   ap_memory|               state_lsu_stq_mask|         array|
|state_lsu_stq_mask_ce0                    |  out|    1|   ap_memory|               state_lsu_stq_mask|         array|
|state_lsu_stq_mask_we0                    |  out|    1|   ap_memory|               state_lsu_stq_mask|         array|
|state_lsu_stq_mask_d0                     |  out|    8|   ap_memory|               state_lsu_stq_mask|         array|
|state_lsu_stq_mask_q0                     |   in|    8|   ap_memory|               state_lsu_stq_mask|         array|
|state_lsu_stq_size_address0               |  out|    3|   ap_memory|               state_lsu_stq_size|         array|
|state_lsu_stq_size_ce0                    |  out|    1|   ap_memory|               state_lsu_stq_size|         array|
|state_lsu_stq_size_we0                    |  out|    1|   ap_memory|               state_lsu_stq_size|         array|
|state_lsu_stq_size_d0                     |  out|    8|   ap_memory|               state_lsu_stq_size|         array|
|state_lsu_stq_size_q0                     |   in|    8|   ap_memory|               state_lsu_stq_size|         array|
|state_lsu_stq_rob_allocation_id_address0  |  out|    3|   ap_memory|  state_lsu_stq_rob_allocation_id|         array|
|state_lsu_stq_rob_allocation_id_ce0       |  out|    1|   ap_memory|  state_lsu_stq_rob_allocation_id|         array|
|state_lsu_stq_rob_allocation_id_we0       |  out|    1|   ap_memory|  state_lsu_stq_rob_allocation_id|         array|
|state_lsu_stq_rob_allocation_id_d0        |  out|   32|   ap_memory|  state_lsu_stq_rob_allocation_id|         array|
|state_lsu_stq_rob_allocation_id_q0        |   in|   32|   ap_memory|  state_lsu_stq_rob_allocation_id|         array|
|state_lsu_stq_address_address0            |  out|    3|   ap_memory|            state_lsu_stq_address|         array|
|state_lsu_stq_address_ce0                 |  out|    1|   ap_memory|            state_lsu_stq_address|         array|
|state_lsu_stq_address_we0                 |  out|    1|   ap_memory|            state_lsu_stq_address|         array|
|state_lsu_stq_address_d0                  |  out|   64|   ap_memory|            state_lsu_stq_address|         array|
|state_lsu_stq_address_q0                  |   in|   64|   ap_memory|            state_lsu_stq_address|         array|
|state_lsu_stq_data_address0               |  out|    3|   ap_memory|               state_lsu_stq_data|         array|
|state_lsu_stq_data_ce0                    |  out|    1|   ap_memory|               state_lsu_stq_data|         array|
|state_lsu_stq_data_we0                    |  out|    1|   ap_memory|               state_lsu_stq_data|         array|
|state_lsu_stq_data_d0                     |  out|   64|   ap_memory|               state_lsu_stq_data|         array|
|state_lsu_stq_data_q0                     |   in|   64|   ap_memory|               state_lsu_stq_data|         array|
|state_lsu_ldq_tail                        |  out|    3|      ap_vld|               state_lsu_ldq_tail|       pointer|
|state_lsu_ldq_tail_ap_vld                 |  out|    1|      ap_vld|               state_lsu_ldq_tail|       pointer|
|state_lsu_ldq_count                       |  out|    8|      ap_vld|              state_lsu_ldq_count|       pointer|
|state_lsu_ldq_count_ap_vld                |  out|    1|      ap_vld|              state_lsu_ldq_count|       pointer|
|state_lsu_stq_tail                        |  out|    3|      ap_vld|               state_lsu_stq_tail|       pointer|
|state_lsu_stq_tail_ap_vld                 |  out|    1|      ap_vld|               state_lsu_stq_tail|       pointer|
|state_lsu_stq_count                       |  out|    8|      ap_vld|              state_lsu_stq_count|       pointer|
|state_lsu_stq_count_ap_vld                |  out|    1|      ap_vld|              state_lsu_stq_count|       pointer|
+------------------------------------------+-----+-----+------------+---------------------------------+--------------+
