

================================================================
== Vitis HLS Report for 'synth_lsu_top'
================================================================
* Date:           Tue Aug  4 18:57:20 2026

* Version:        2021.2 (Build 3367213 on Tue Oct 19 02:47:39 MDT 2021)
* Project:        synth_lsu_top
* Solution:       solution_w4e_final (Vivado IP Flow Target)
* Product family: zynquplus
* Target device:  xczu7ev-ffvc1156-2-e


================================================================
== Performance Estimates
================================================================
+ Timing: 
    * Summary: 
    +--------+----------+----------+------------+
    |  Clock |  Target  | Estimated| Uncertainty|
    +--------+----------+----------+------------+
    |ap_clk  |  10.00 ns|  3.474 ns|     2.70 ns|
    +--------+----------+----------+------------+

+ Latency: 
    * Summary: 
    +---------+---------+-----------+-----------+-----+------+---------+
    |  Latency (cycles) |   Latency (absolute)  |  Interval  | Pipeline|
    |   min   |   max   |    min    |    max    | min |  max |   Type  |
    +---------+---------+-----------+-----------+-----+------+---------+
    |        8|     3526|  80.000 ns|  35.260 us|    9|  3527|       no|
    +---------+---------+-----------+-----------+-----+------+---------+

    + Detail: 
        * Instance: 
        N/A

        * Loop: 
        +-----------------------+---------+---------+----------+-----------+-----------+--------+----------+
        |                       |  Latency (cycles) | Iteration|  Initiation Interval  |  Trip  |          |
        |       Loop Name       |   min   |   max   |  Latency |  achieved |   target  |  Count | Pipelined|
        +-----------------------+---------+---------+----------+-----------+-----------+--------+----------+
        |- Loop 1               |       32|       32|         1|          -|          -|      32|        no|
        |- VITIS_LOOP_142_1     |       32|       32|         1|          -|          -|      32|        no|
        |- LSU_LOAD_ISSUE_SCAN  |        6|     3458|   6 ~ 108|          -|          -|  1 ~ 32|        no|
        +-----------------------+---------+---------+----------+-----------+-----------+--------+----------+

============================================================
+ Verbose Summary: Synthesis Manager
============================================================
InlineROM: 1
ExposeGlobal: 0
============================================================
+ Verbose Summary: CDFG Model
============================================================
IsTopModel: 1
ResetActiveHigh: 1
IsCombinational: 0
IsDatapathOnly: 0
HasWiredReturn: 1
HasMFsm: 0
HasVarLatency: 1
IsPipeline: 0
IsRtlPipelined: 0
IsInstanceOverlapped: 0
IsDontTouch: 0
HasImplIP: 0
IsGatedGlobalClock: 0


============================================================
+ Verbose Summary: Schedule
============================================================
* Number of FSM states : 6
* Pipeline : 0
* Dataflow Pipeline: 0

* FSM state transitions: 
1 --> 3 2 
2 --> 2 3 
3 --> 3 4 
4 --> 5 6 
5 --> 6 
6 --> 4 

* FSM state operations: 

State 1 <SV = 0> <Delay = 0.42>
ST_1 : Operation 7 [1/1] (0.00ns)   --->   "%spectopmodule_ln0 = spectopmodule void @_ssdm_op_SpecTopModule, void @empty_2"   --->   Operation 7 'spectopmodule' 'spectopmodule_ln0' <Predicate = true> <Delay = 0.00>
ST_1 : Operation 8 [1/1] (0.00ns)   --->   "%specinterface_ln0 = specinterface void @_ssdm_op_SpecInterface, i283 %dmem_req_out, void @empty_0, i32 0, i32 0, void @empty, i32 0, i32 0, void @empty, void @empty, void @empty, i32 0, i32 0, i32 0, i32 0, void @empty, void @empty"   --->   Operation 8 'specinterface' 'specinterface_ln0' <Predicate = true> <Delay = 0.00>
ST_1 : Operation 9 [1/1] (0.00ns)   --->   "%specbitsmap_ln0 = specbitsmap void @_ssdm_op_SpecBitsMap, i283 %dmem_req_out"   --->   Operation 9 'specbitsmap' 'specbitsmap_ln0' <Predicate = true> <Delay = 0.00>
ST_1 : Operation 10 [1/1] (0.00ns)   --->   "%specinterface_ln0 = specinterface void @_ssdm_op_SpecInterface, i289 %dmem_resp_in, void @empty_0, i32 0, i32 0, void @empty, i32 0, i32 0, void @empty, void @empty, void @empty, i32 0, i32 0, i32 0, i32 0, void @empty, void @empty"   --->   Operation 10 'specinterface' 'specinterface_ln0' <Predicate = true> <Delay = 0.00>
ST_1 : Operation 11 [1/1] (0.00ns)   --->   "%specbitsmap_ln0 = specbitsmap void @_ssdm_op_SpecBitsMap, i289 %dmem_resp_in"   --->   Operation 11 'specbitsmap' 'specbitsmap_ln0' <Predicate = true> <Delay = 0.00>
ST_1 : Operation 12 [1/1] (0.00ns)   --->   "%specbitsmap_ln0 = specbitsmap void @_ssdm_op_SpecBitsMap, i64 %seed_addr"   --->   Operation 12 'specbitsmap' 'specbitsmap_ln0' <Predicate = true> <Delay = 0.00>
ST_1 : Operation 13 [1/1] (0.00ns)   --->   "%specinterface_ln0 = specinterface void @_ssdm_op_SpecInterface, i64 %seed_addr, void @empty_1, i32 0, i32 0, void @empty, i32 0, i32 0, void @empty, void @empty, void @empty, i32 0, i32 0, i32 0, i32 0, void @empty, void @empty"   --->   Operation 13 'specinterface' 'specinterface_ln0' <Predicate = true> <Delay = 0.00>
ST_1 : Operation 14 [1/1] (0.00ns)   --->   "%specbitsmap_ln0 = specbitsmap void @_ssdm_op_SpecBitsMap, i64 %observable"   --->   Operation 14 'specbitsmap' 'specbitsmap_ln0' <Predicate = true> <Delay = 0.00>
ST_1 : Operation 15 [1/1] (0.00ns)   --->   "%specinterface_ln0 = specinterface void @_ssdm_op_SpecInterface, i64 %observable, void @empty_1, i32 0, i32 0, void @empty, i32 0, i32 0, void @empty, void @empty, void @empty, i32 0, i32 0, i32 0, i32 0, void @empty, void @empty"   --->   Operation 15 'specinterface' 'specinterface_ln0' <Predicate = true> <Delay = 0.00>
ST_1 : Operation 16 [1/1] (0.00ns)   --->   "%pipe_2 = alloca i64 1"   --->   Operation 16 'alloca' 'pipe_2' <Predicate = true> <Delay = 0.00> <CoreInst = "FIFO_SRL">   --->   Core 81 'FIFO_SRL' <Latency = 0> <II = 1> <Delay = 1.83> <Storage> <Opcode : 'read' 'write' 'nbread' 'nbwrite'> <Ports = 0> <Width = 283> <Depth = 2> <FIFO>
ST_1 : Operation 17 [1/1] (0.00ns)   --->   "%empty = specchannel i32 @_ssdm_op_SpecChannel, void @pipe_OC_2_str, i32 1, void @p_str, void @p_str, i32 2, i32 2, i283 %pipe_2, i283 %pipe_2"   --->   Operation 17 'specchannel' 'empty' <Predicate = true> <Delay = 0.00>
ST_1 : Operation 18 [1/1] (0.00ns)   --->   "%specinterface_ln0 = specinterface void @_ssdm_op_SpecInterface, i283 %pipe_2, void @empty_0, i32 0, i32 0, void @empty, i32 0, i32 0, void @empty, void @empty, void @empty, i32 0, i32 0, i32 0, i32 0, void @empty, void @empty"   --->   Operation 18 'specinterface' 'specinterface_ln0' <Predicate = true> <Delay = 0.00>
ST_1 : Operation 19 [1/1] (0.00ns)   --->   "%pipe_3 = alloca i64 1"   --->   Operation 19 'alloca' 'pipe_3' <Predicate = true> <Delay = 0.00>
ST_1 : Operation 20 [1/1] (0.00ns)   --->   "%specinterface_ln0 = specinterface void @_ssdm_op_SpecInterface, i289 %pipe_3, void @empty_0, i32 0, i32 0, void @empty, i32 0, i32 0, void @empty, void @empty, void @empty, i32 0, i32 0, i32 0, i32 0, void @empty, void @empty"   --->   Operation 20 'specinterface' 'specinterface_ln0' <Predicate = true> <Delay = 0.00>
ST_1 : Operation 21 [1/1] (0.00ns)   --->   "%guard_variable_for_synth_lsu_top_stream_DmemRequest_0_stream_DmemResponse_0_unsigned_long_unsigned_long_state_load = load i1 %guard_variable_for_synth_lsu_top_stream_DmemRequest_0_stream_DmemResponse_0_unsigned_long_unsigned_long_state"   --->   Operation 21 'load' 'guard_variable_for_synth_lsu_top_stream_DmemRequest_0_stream_DmemResponse_0_unsigned_long_unsigned_long_state_load' <Predicate = true> <Delay = 0.00>
ST_1 : Operation 22 [1/1] (0.00ns)   --->   "%br_ln3000 = br i1 %guard_variable_for_synth_lsu_top_stream_DmemRequest_0_stream_DmemResponse_0_unsigned_long_unsigned_long_state_load, void %arrayctor.loop.i.i.i.preheader, void %._crit_edge" [/home/lab_726/boom/hls_boom/src/boom_core_merged.cpp:3000]   --->   Operation 22 'br' 'br_ln3000' <Predicate = true> <Delay = 0.00>
ST_1 : Operation 23 [1/1] (0.00ns)   --->   "%indvar_i_i_i = alloca i32 1"   --->   Operation 23 'alloca' 'indvar_i_i_i' <Predicate = (!guard_variable_for_synth_lsu_top_stream_DmemRequest_0_stream_DmemResponse_0_unsigned_long_unsigned_long_state_load)> <Delay = 0.00>
ST_1 : Operation 24 [1/1] (0.42ns)   --->   "%store_ln140 = store i5 0, i5 %indvar_i_i_i" [/home/lab_726/boom/hls_boom/include/boom_state.hpp:140->/home/lab_726/boom/hls_boom/include/boom_state.hpp:255->/home/lab_726/boom/hls_boom/src/boom_core_merged.cpp:3000]   --->   Operation 24 'store' 'store_ln140' <Predicate = (!guard_variable_for_synth_lsu_top_stream_DmemRequest_0_stream_DmemResponse_0_unsigned_long_unsigned_long_state_load)> <Delay = 0.42>
ST_1 : Operation 25 [1/1] (0.00ns)   --->   "%br_ln140 = br void %arrayctor.loop.i.i.i" [/home/lab_726/boom/hls_boom/include/boom_state.hpp:140->/home/lab_726/boom/hls_boom/include/boom_state.hpp:255->/home/lab_726/boom/hls_boom/src/boom_core_merged.cpp:3000]   --->   Operation 25 'br' 'br_ln140' <Predicate = (!guard_variable_for_synth_lsu_top_stream_DmemRequest_0_stream_DmemResponse_0_unsigned_long_unsigned_long_state_load)> <Delay = 0.00>

State 2 <SV = 1> <Delay = 1.21>
ST_2 : Operation 26 [1/1] (0.00ns)   --->   "%indvar_i_i_i_load = load i5 %indvar_i_i_i" [/home/lab_726/boom/hls_boom/include/boom_state.hpp:140->/home/lab_726/boom/hls_boom/include/boom_state.hpp:255->/home/lab_726/boom/hls_boom/src/boom_core_merged.cpp:3000]   --->   Operation 26 'load' 'indvar_i_i_i_load' <Predicate = true> <Delay = 0.00>
ST_2 : Operation 27 [1/1] (0.78ns)   --->   "%add_ln140 = add i5 %indvar_i_i_i_load, i5 1" [/home/lab_726/boom/hls_boom/include/boom_state.hpp:140->/home/lab_726/boom/hls_boom/include/boom_state.hpp:255->/home/lab_726/boom/hls_boom/src/boom_core_merged.cpp:3000]   --->   Operation 27 'add' 'add_ln140' <Predicate = true> <Delay = 0.78> <CoreInst = "Adder">   --->   Core 1 'Adder' <Latency = 0> <II = 1> <Delay = 0.78> <FuncUnit> <Opcode : 'add' 'sub'> <InPorts = 2> <OutPorts = 1>
ST_2 : Operation 28 [1/1] (0.00ns)   --->   "%zext_ln140 = zext i5 %indvar_i_i_i_load" [/home/lab_726/boom/hls_boom/include/boom_state.hpp:140->/home/lab_726/boom/hls_boom/include/boom_state.hpp:255->/home/lab_726/boom/hls_boom/src/boom_core_merged.cpp:3000]   --->   Operation 28 'zext' 'zext_ln140' <Predicate = true> <Delay = 0.00>
ST_2 : Operation 29 [1/1] (0.00ns)   --->   "%this_valid = getelementptr i1 %state_rob_entries_valid, i64 0, i64 %zext_ln140" [/home/lab_726/boom/hls_boom/include/boom_state.hpp:140->/home/lab_726/boom/hls_boom/include/boom_state.hpp:255->/home/lab_726/boom/hls_boom/src/boom_core_merged.cpp:3000]   --->   Operation 29 'getelementptr' 'this_valid' <Predicate = true> <Delay = 0.00>
ST_2 : Operation 30 [1/1] (0.00ns)   --->   "%this_uop_ctrl_is_sta = getelementptr i1 %state_rob_entries_uop_ctrl_is_sta, i64 0, i64 %zext_ln140" [/home/lab_726/boom/hls_boom/include/boom_state.hpp:140->/home/lab_726/boom/hls_boom/include/boom_state.hpp:255->/home/lab_726/boom/hls_boom/src/boom_core_merged.cpp:3000]   --->   Operation 30 'getelementptr' 'this_uop_ctrl_is_sta' <Predicate = true> <Delay = 0.00>
ST_2 : Operation 31 [1/1] (0.00ns)   --->   "%this_uop_branch_br_mask = getelementptr i1 %state_rob_entries_uop_branch_br_mask, i64 0, i64 %zext_ln140" [/home/lab_726/boom/hls_boom/include/boom_state.hpp:140->/home/lab_726/boom/hls_boom/include/boom_state.hpp:255->/home/lab_726/boom/hls_boom/src/boom_core_merged.cpp:3000]   --->   Operation 31 'getelementptr' 'this_uop_branch_br_mask' <Predicate = true> <Delay = 0.00>
ST_2 : Operation 32 [1/1] (0.00ns)   --->   "%this_memory_valid = getelementptr i1 %state_rob_entries_memory_valid, i64 0, i64 %zext_ln140" [/home/lab_726/boom/hls_boom/include/boom_state.hpp:140->/home/lab_726/boom/hls_boom/include/boom_state.hpp:255->/home/lab_726/boom/hls_boom/src/boom_core_merged.cpp:3000]   --->   Operation 32 'getelementptr' 'this_memory_valid' <Predicate = true> <Delay = 0.00>
ST_2 : Operation 33 [1/1] (0.00ns)   --->   "%this_is_load = getelementptr i1 %state_rob_entries_is_load, i64 0, i64 %zext_ln140" [/home/lab_726/boom/hls_boom/include/boom_state.hpp:140->/home/lab_726/boom/hls_boom/include/boom_state.hpp:255->/home/lab_726/boom/hls_boom/src/boom_core_merged.cpp:3000]   --->   Operation 33 'getelementptr' 'this_is_load' <Predicate = true> <Delay = 0.00>
ST_2 : Operation 34 [1/1] (0.00ns)   --->   "%this_signed_load = getelementptr i1 %state_rob_entries_signed_load, i64 0, i64 %zext_ln140" [/home/lab_726/boom/hls_boom/include/boom_state.hpp:140->/home/lab_726/boom/hls_boom/include/boom_state.hpp:255->/home/lab_726/boom/hls_boom/src/boom_core_merged.cpp:3000]   --->   Operation 34 'getelementptr' 'this_signed_load' <Predicate = true> <Delay = 0.00>
ST_2 : Operation 35 [1/1] (0.00ns)   --->   "%this_memory_request_sent = getelementptr i1 %state_rob_entries_memory_request_sent, i64 0, i64 %zext_ln140" [/home/lab_726/boom/hls_boom/include/boom_state.hpp:140->/home/lab_726/boom/hls_boom/include/boom_state.hpp:255->/home/lab_726/boom/hls_boom/src/boom_core_merged.cpp:3000]   --->   Operation 35 'getelementptr' 'this_memory_request_sent' <Predicate = true> <Delay = 0.00>
ST_2 : Operation 36 [1/1] (0.00ns)   --->   "%this_memory_address = getelementptr i1 %state_rob_entries_memory_address, i64 0, i64 %zext_ln140" [/home/lab_726/boom/hls_boom/include/boom_state.hpp:140->/home/lab_726/boom/hls_boom/include/boom_state.hpp:255->/home/lab_726/boom/hls_boom/src/boom_core_merged.cpp:3000]   --->   Operation 36 'getelementptr' 'this_memory_address' <Predicate = true> <Delay = 0.00>
ST_2 : Operation 37 [1/1] (0.00ns)   --->   "%this_memory_mask = getelementptr i1 %state_rob_entries_memory_mask, i64 0, i64 %zext_ln140" [/home/lab_726/boom/hls_boom/include/boom_state.hpp:140->/home/lab_726/boom/hls_boom/include/boom_state.hpp:255->/home/lab_726/boom/hls_boom/src/boom_core_merged.cpp:3000]   --->   Operation 37 'getelementptr' 'this_memory_mask' <Predicate = true> <Delay = 0.00>
ST_2 : Operation 38 [1/1] (0.00ns)   --->   "%this_memory_size = getelementptr i1 %state_rob_entries_memory_size, i64 0, i64 %zext_ln140" [/home/lab_726/boom/hls_boom/include/boom_state.hpp:140->/home/lab_726/boom/hls_boom/include/boom_state.hpp:255->/home/lab_726/boom/hls_boom/src/boom_core_merged.cpp:3000]   --->   Operation 38 'getelementptr' 'this_memory_size' <Predicate = true> <Delay = 0.00>
ST_2 : Operation 39 [1/1] (0.67ns)   --->   "%store_ln166 = store i1 0, i5 %this_valid" [/home/lab_726/boom/hls_boom/include/boom_types.hpp:166->/home/lab_726/boom/hls_boom/include/boom_state.hpp:140->/home/lab_726/boom/hls_boom/include/boom_state.hpp:255->/home/lab_726/boom/hls_boom/src/boom_core_merged.cpp:3000]   --->   Operation 39 'store' 'store_ln166' <Predicate = true> <Delay = 0.67> <CoreInst = "RAM">   --->   Core 83 'RAM' <Latency = 1> <II = 1> <Delay = 0.67> <Storage> <Opcode : 'load' 'store'> <Ports = 2> <Width = 1> <Depth = 32> <RAM>
ST_2 : Operation 40 [1/1] (0.67ns)   --->   "%store_ln83 = store i1 0, i5 %this_uop_ctrl_is_sta" [/home/lab_726/boom/hls_boom/include/boom_types.hpp:83->/home/lab_726/boom/hls_boom/include/boom_state.hpp:255->/home/lab_726/boom/hls_boom/src/boom_core_merged.cpp:3000]   --->   Operation 40 'store' 'store_ln83' <Predicate = true> <Delay = 0.67> <CoreInst = "RAM">   --->   Core 83 'RAM' <Latency = 1> <II = 1> <Delay = 0.67> <Storage> <Opcode : 'load' 'store'> <Ports = 2> <Width = 1> <Depth = 32> <RAM>
ST_2 : Operation 41 [1/1] (0.67ns)   --->   "%store_ln83 = store i1 0, i5 %this_uop_branch_br_mask" [/home/lab_726/boom/hls_boom/include/boom_types.hpp:83->/home/lab_726/boom/hls_boom/include/boom_state.hpp:255->/home/lab_726/boom/hls_boom/src/boom_core_merged.cpp:3000]   --->   Operation 41 'store' 'store_ln83' <Predicate = true> <Delay = 0.67> <CoreInst = "RAM">   --->   Core 83 'RAM' <Latency = 1> <II = 1> <Delay = 0.67> <Storage> <Opcode : 'load' 'store'> <Ports = 2> <Width = 1> <Depth = 32> <RAM>
ST_2 : Operation 42 [1/1] (0.67ns)   --->   "%store_ln168 = store i1 0, i5 %this_memory_valid" [/home/lab_726/boom/hls_boom/include/boom_types.hpp:168->/home/lab_726/boom/hls_boom/include/boom_state.hpp:140->/home/lab_726/boom/hls_boom/include/boom_state.hpp:255->/home/lab_726/boom/hls_boom/src/boom_core_merged.cpp:3000]   --->   Operation 42 'store' 'store_ln168' <Predicate = true> <Delay = 0.67> <CoreInst = "RAM">   --->   Core 83 'RAM' <Latency = 1> <II = 1> <Delay = 0.67> <Storage> <Opcode : 'load' 'store'> <Ports = 2> <Width = 1> <Depth = 32> <RAM>
ST_2 : Operation 43 [1/1] (0.67ns)   --->   "%store_ln168 = store i1 0, i5 %this_is_load" [/home/lab_726/boom/hls_boom/include/boom_types.hpp:168->/home/lab_726/boom/hls_boom/include/boom_state.hpp:140->/home/lab_726/boom/hls_boom/include/boom_state.hpp:255->/home/lab_726/boom/hls_boom/src/boom_core_merged.cpp:3000]   --->   Operation 43 'store' 'store_ln168' <Predicate = true> <Delay = 0.67> <CoreInst = "RAM">   --->   Core 83 'RAM' <Latency = 1> <II = 1> <Delay = 0.67> <Storage> <Opcode : 'load' 'store'> <Ports = 2> <Width = 1> <Depth = 32> <RAM>
ST_2 : Operation 44 [1/1] (0.67ns)   --->   "%store_ln168 = store i1 0, i5 %this_signed_load" [/home/lab_726/boom/hls_boom/include/boom_types.hpp:168->/home/lab_726/boom/hls_boom/include/boom_state.hpp:140->/home/lab_726/boom/hls_boom/include/boom_state.hpp:255->/home/lab_726/boom/hls_boom/src/boom_core_merged.cpp:3000]   --->   Operation 44 'store' 'store_ln168' <Predicate = true> <Delay = 0.67> <CoreInst = "RAM">   --->   Core 83 'RAM' <Latency = 1> <II = 1> <Delay = 0.67> <Storage> <Opcode : 'load' 'store'> <Ports = 2> <Width = 1> <Depth = 32> <RAM>
ST_2 : Operation 45 [1/1] (0.67ns)   --->   "%store_ln169 = store i1 0, i5 %this_memory_request_sent" [/home/lab_726/boom/hls_boom/include/boom_types.hpp:169->/home/lab_726/boom/hls_boom/include/boom_state.hpp:140->/home/lab_726/boom/hls_boom/include/boom_state.hpp:255->/home/lab_726/boom/hls_boom/src/boom_core_merged.cpp:3000]   --->   Operation 45 'store' 'store_ln169' <Predicate = true> <Delay = 0.67> <CoreInst = "RAM">   --->   Core 83 'RAM' <Latency = 1> <II = 1> <Delay = 0.67> <Storage> <Opcode : 'load' 'store'> <Ports = 2> <Width = 1> <Depth = 32> <RAM>
ST_2 : Operation 46 [1/1] (0.67ns)   --->   "%store_ln169 = store i1 0, i5 %this_memory_address" [/home/lab_726/boom/hls_boom/include/boom_types.hpp:169->/home/lab_726/boom/hls_boom/include/boom_state.hpp:140->/home/lab_726/boom/hls_boom/include/boom_state.hpp:255->/home/lab_726/boom/hls_boom/src/boom_core_merged.cpp:3000]   --->   Operation 46 'store' 'store_ln169' <Predicate = true> <Delay = 0.67> <CoreInst = "RAM">   --->   Core 83 'RAM' <Latency = 1> <II = 1> <Delay = 0.67> <Storage> <Opcode : 'load' 'store'> <Ports = 2> <Width = 1> <Depth = 32> <RAM>
ST_2 : Operation 47 [1/1] (0.67ns)   --->   "%store_ln170 = store i1 0, i5 %this_memory_mask" [/home/lab_726/boom/hls_boom/include/boom_types.hpp:170->/home/lab_726/boom/hls_boom/include/boom_state.hpp:140->/home/lab_726/boom/hls_boom/include/boom_state.hpp:255->/home/lab_726/boom/hls_boom/src/boom_core_merged.cpp:3000]   --->   Operation 47 'store' 'store_ln170' <Predicate = true> <Delay = 0.67> <CoreInst = "RAM">   --->   Core 83 'RAM' <Latency = 1> <II = 1> <Delay = 0.67> <Storage> <Opcode : 'load' 'store'> <Ports = 2> <Width = 1> <Depth = 32> <RAM>
ST_2 : Operation 48 [1/1] (0.67ns)   --->   "%store_ln170 = store i1 0, i5 %this_memory_size" [/home/lab_726/boom/hls_boom/include/boom_types.hpp:170->/home/lab_726/boom/hls_boom/include/boom_state.hpp:140->/home/lab_726/boom/hls_boom/include/boom_state.hpp:255->/home/lab_726/boom/hls_boom/src/boom_core_merged.cpp:3000]   --->   Operation 48 'store' 'store_ln170' <Predicate = true> <Delay = 0.67> <CoreInst = "RAM">   --->   Core 83 'RAM' <Latency = 1> <II = 1> <Delay = 0.67> <Storage> <Opcode : 'load' 'store'> <Ports = 2> <Width = 1> <Depth = 32> <RAM>
ST_2 : Operation 49 [1/1] (0.75ns)   --->   "%icmp_ln140 = icmp_eq  i5 %indvar_i_i_i_load, i5 31" [/home/lab_726/boom/hls_boom/include/boom_state.hpp:140->/home/lab_726/boom/hls_boom/include/boom_state.hpp:255->/home/lab_726/boom/hls_boom/src/boom_core_merged.cpp:3000]   --->   Operation 49 'icmp' 'icmp_ln140' <Predicate = true> <Delay = 0.75> <CoreInst = "Cmp">   --->   Core 9 'Cmp' <Latency = 0> <II = 1> <Delay = 0.78> <FuncUnit> <Opcode : 'icmp'> <InPorts = 2> <OutPorts = 1>
ST_2 : Operation 50 [1/1] (0.00ns)   --->   "%empty_11 = speclooptripcount i32 @_ssdm_op_SpecLoopTripCount, i64 32, i64 32, i64 32"   --->   Operation 50 'speclooptripcount' 'empty_11' <Predicate = true> <Delay = 0.00>
ST_2 : Operation 51 [1/1] (0.00ns)   --->   "%br_ln140 = br i1 %icmp_ln140, void %arrayctor.loop.i.i.i.arrayctor.loop.i.i.i_crit_edge, void %.preheader.i.i.preheader" [/home/lab_726/boom/hls_boom/include/boom_state.hpp:140->/home/lab_726/boom/hls_boom/include/boom_state.hpp:255->/home/lab_726/boom/hls_boom/src/boom_core_merged.cpp:3000]   --->   Operation 51 'br' 'br_ln140' <Predicate = true> <Delay = 0.00>
ST_2 : Operation 52 [1/1] (0.42ns)   --->   "%store_ln140 = store i5 %add_ln140, i5 %indvar_i_i_i" [/home/lab_726/boom/hls_boom/include/boom_state.hpp:140->/home/lab_726/boom/hls_boom/include/boom_state.hpp:255->/home/lab_726/boom/hls_boom/src/boom_core_merged.cpp:3000]   --->   Operation 52 'store' 'store_ln140' <Predicate = (!icmp_ln140)> <Delay = 0.42>
ST_2 : Operation 53 [1/1] (0.00ns)   --->   "%br_ln140 = br void %arrayctor.loop.i.i.i" [/home/lab_726/boom/hls_boom/include/boom_state.hpp:140->/home/lab_726/boom/hls_boom/include/boom_state.hpp:255->/home/lab_726/boom/hls_boom/src/boom_core_merged.cpp:3000]   --->   Operation 53 'br' 'br_ln140' <Predicate = (!icmp_ln140)> <Delay = 0.00>
ST_2 : Operation 54 [1/1] (0.00ns)   --->   "%i = alloca i32 1"   --->   Operation 54 'alloca' 'i' <Predicate = (icmp_ln140)> <Delay = 0.00>
ST_2 : Operation 55 [1/1] (0.42ns)   --->   "%store_ln142 = store i6 0, i6 %i" [/home/lab_726/boom/hls_boom/include/boom_state.hpp:142->/home/lab_726/boom/hls_boom/include/boom_state.hpp:255->/home/lab_726/boom/hls_boom/src/boom_core_merged.cpp:3000]   --->   Operation 55 'store' 'store_ln142' <Predicate = (icmp_ln140)> <Delay = 0.42>
ST_2 : Operation 56 [1/1] (0.00ns)   --->   "%br_ln142 = br void %.preheader.i.i" [/home/lab_726/boom/hls_boom/include/boom_state.hpp:142->/home/lab_726/boom/hls_boom/include/boom_state.hpp:255->/home/lab_726/boom/hls_boom/src/boom_core_merged.cpp:3000]   --->   Operation 56 'br' 'br_ln142' <Predicate = (icmp_ln140)> <Delay = 0.00>

State 3 <SV = 2> <Delay = 3.27>
ST_3 : Operation 57 [1/1] (0.00ns)   --->   "%i_3 = load i6 %i" [/home/lab_726/boom/hls_boom/include/boom_state.hpp:142->/home/lab_726/boom/hls_boom/include/boom_state.hpp:255->/home/lab_726/boom/hls_boom/src/boom_core_merged.cpp:3000]   --->   Operation 57 'load' 'i_3' <Predicate = (!guard_variable_for_synth_lsu_top_stream_DmemRequest_0_stream_DmemResponse_0_unsigned_long_unsigned_long_state_load)> <Delay = 0.00>
ST_3 : Operation 58 [1/1] (0.00ns)   --->   "%zext_ln142 = zext i6 %i_3" [/home/lab_726/boom/hls_boom/include/boom_state.hpp:142->/home/lab_726/boom/hls_boom/include/boom_state.hpp:255->/home/lab_726/boom/hls_boom/src/boom_core_merged.cpp:3000]   --->   Operation 58 'zext' 'zext_ln142' <Predicate = (!guard_variable_for_synth_lsu_top_stream_DmemRequest_0_stream_DmemResponse_0_unsigned_long_unsigned_long_state_load)> <Delay = 0.00>
ST_3 : Operation 59 [1/1] (0.78ns)   --->   "%icmp_ln142 = icmp_eq  i6 %i_3, i6 32" [/home/lab_726/boom/hls_boom/include/boom_state.hpp:142->/home/lab_726/boom/hls_boom/include/boom_state.hpp:255->/home/lab_726/boom/hls_boom/src/boom_core_merged.cpp:3000]   --->   Operation 59 'icmp' 'icmp_ln142' <Predicate = (!guard_variable_for_synth_lsu_top_stream_DmemRequest_0_stream_DmemResponse_0_unsigned_long_unsigned_long_state_load)> <Delay = 0.78> <CoreInst = "Cmp">   --->   Core 9 'Cmp' <Latency = 0> <II = 1> <Delay = 0.78> <FuncUnit> <Opcode : 'icmp'> <InPorts = 2> <OutPorts = 1>
ST_3 : Operation 60 [1/1] (0.00ns)   --->   "%empty_12 = speclooptripcount i32 @_ssdm_op_SpecLoopTripCount, i64 32, i64 32, i64 32"   --->   Operation 60 'speclooptripcount' 'empty_12' <Predicate = (!guard_variable_for_synth_lsu_top_stream_DmemRequest_0_stream_DmemResponse_0_unsigned_long_unsigned_long_state_load)> <Delay = 0.00>
ST_3 : Operation 61 [1/1] (0.78ns)   --->   "%add_ln142 = add i6 %i_3, i6 1" [/home/lab_726/boom/hls_boom/include/boom_state.hpp:142->/home/lab_726/boom/hls_boom/include/boom_state.hpp:255->/home/lab_726/boom/hls_boom/src/boom_core_merged.cpp:3000]   --->   Operation 61 'add' 'add_ln142' <Predicate = (!guard_variable_for_synth_lsu_top_stream_DmemRequest_0_stream_DmemResponse_0_unsigned_long_unsigned_long_state_load)> <Delay = 0.78> <CoreInst = "Adder">   --->   Core 1 'Adder' <Latency = 0> <II = 1> <Delay = 0.78> <FuncUnit> <Opcode : 'add' 'sub'> <InPorts = 2> <OutPorts = 1>
ST_3 : Operation 62 [1/1] (0.00ns)   --->   "%br_ln142 = br i1 %icmp_ln142, void %.split.i.i, void %BoomCoreState.exit" [/home/lab_726/boom/hls_boom/include/boom_state.hpp:142->/home/lab_726/boom/hls_boom/include/boom_state.hpp:255->/home/lab_726/boom/hls_boom/src/boom_core_merged.cpp:3000]   --->   Operation 62 'br' 'br_ln142' <Predicate = (!guard_variable_for_synth_lsu_top_stream_DmemRequest_0_stream_DmemResponse_0_unsigned_long_unsigned_long_state_load)> <Delay = 0.00>
ST_3 : Operation 63 [1/1] (0.00ns)   --->   "%specloopname_ln142 = specloopname void @_ssdm_op_SpecLoopName, void @empty_4" [/home/lab_726/boom/hls_boom/include/boom_state.hpp:142->/home/lab_726/boom/hls_boom/include/boom_state.hpp:255->/home/lab_726/boom/hls_boom/src/boom_core_merged.cpp:3000]   --->   Operation 63 'specloopname' 'specloopname_ln142' <Predicate = (!guard_variable_for_synth_lsu_top_stream_DmemRequest_0_stream_DmemResponse_0_unsigned_long_unsigned_long_state_load & !icmp_ln142)> <Delay = 0.00>
ST_3 : Operation 64 [1/1] (0.00ns)   --->   "%state_rob_entries_valid_addr = getelementptr i1 %state_rob_entries_valid, i64 0, i64 %zext_ln142" [/home/lab_726/boom/hls_boom/include/boom_state.hpp:142->/home/lab_726/boom/hls_boom/include/boom_state.hpp:255->/home/lab_726/boom/hls_boom/src/boom_core_merged.cpp:3000]   --->   Operation 64 'getelementptr' 'state_rob_entries_valid_addr' <Predicate = (!guard_variable_for_synth_lsu_top_stream_DmemRequest_0_stream_DmemResponse_0_unsigned_long_unsigned_long_state_load & !icmp_ln142)> <Delay = 0.00>
ST_3 : Operation 65 [1/1] (0.67ns)   --->   "%store_ln142 = store i1 0, i5 %state_rob_entries_valid_addr" [/home/lab_726/boom/hls_boom/include/boom_state.hpp:142->/home/lab_726/boom/hls_boom/include/boom_state.hpp:255->/home/lab_726/boom/hls_boom/src/boom_core_merged.cpp:3000]   --->   Operation 65 'store' 'store_ln142' <Predicate = (!guard_variable_for_synth_lsu_top_stream_DmemRequest_0_stream_DmemResponse_0_unsigned_long_unsigned_long_state_load & !icmp_ln142)> <Delay = 0.67> <CoreInst = "RAM">   --->   Core 83 'RAM' <Latency = 1> <II = 1> <Delay = 0.67> <Storage> <Opcode : 'load' 'store'> <Ports = 2> <Width = 1> <Depth = 32> <RAM>
ST_3 : Operation 66 [1/1] (0.00ns)   --->   "%state_rob_entries_uop_ctrl_is_sta_addr = getelementptr i1 %state_rob_entries_uop_ctrl_is_sta, i64 0, i64 %zext_ln142" [/home/lab_726/boom/hls_boom/include/boom_state.hpp:142->/home/lab_726/boom/hls_boom/include/boom_state.hpp:255->/home/lab_726/boom/hls_boom/src/boom_core_merged.cpp:3000]   --->   Operation 66 'getelementptr' 'state_rob_entries_uop_ctrl_is_sta_addr' <Predicate = (!guard_variable_for_synth_lsu_top_stream_DmemRequest_0_stream_DmemResponse_0_unsigned_long_unsigned_long_state_load & !icmp_ln142)> <Delay = 0.00>
ST_3 : Operation 67 [1/1] (0.67ns)   --->   "%store_ln142 = store i1 0, i5 %state_rob_entries_uop_ctrl_is_sta_addr" [/home/lab_726/boom/hls_boom/include/boom_state.hpp:142->/home/lab_726/boom/hls_boom/include/boom_state.hpp:255->/home/lab_726/boom/hls_boom/src/boom_core_merged.cpp:3000]   --->   Operation 67 'store' 'store_ln142' <Predicate = (!guard_variable_for_synth_lsu_top_stream_DmemRequest_0_stream_DmemResponse_0_unsigned_long_unsigned_long_state_load & !icmp_ln142)> <Delay = 0.67> <CoreInst = "RAM">   --->   Core 83 'RAM' <Latency = 1> <II = 1> <Delay = 0.67> <Storage> <Opcode : 'load' 'store'> <Ports = 2> <Width = 1> <Depth = 32> <RAM>
ST_3 : Operation 68 [1/1] (0.00ns)   --->   "%state_rob_entries_uop_branch_br_mask_addr = getelementptr i1 %state_rob_entries_uop_branch_br_mask, i64 0, i64 %zext_ln142" [/home/lab_726/boom/hls_boom/include/boom_state.hpp:142->/home/lab_726/boom/hls_boom/include/boom_state.hpp:255->/home/lab_726/boom/hls_boom/src/boom_core_merged.cpp:3000]   --->   Operation 68 'getelementptr' 'state_rob_entries_uop_branch_br_mask_addr' <Predicate = (!guard_variable_for_synth_lsu_top_stream_DmemRequest_0_stream_DmemResponse_0_unsigned_long_unsigned_long_state_load & !icmp_ln142)> <Delay = 0.00>
ST_3 : Operation 69 [1/1] (0.67ns)   --->   "%store_ln142 = store i1 0, i5 %state_rob_entries_uop_branch_br_mask_addr" [/home/lab_726/boom/hls_boom/include/boom_state.hpp:142->/home/lab_726/boom/hls_boom/include/boom_state.hpp:255->/home/lab_726/boom/hls_boom/src/boom_core_merged.cpp:3000]   --->   Operation 69 'store' 'store_ln142' <Predicate = (!guard_variable_for_synth_lsu_top_stream_DmemRequest_0_stream_DmemResponse_0_unsigned_long_unsigned_long_state_load & !icmp_ln142)> <Delay = 0.67> <CoreInst = "RAM">   --->   Core 83 'RAM' <Latency = 1> <II = 1> <Delay = 0.67> <Storage> <Opcode : 'load' 'store'> <Ports = 2> <Width = 1> <Depth = 32> <RAM>
ST_3 : Operation 70 [1/1] (0.00ns)   --->   "%state_rob_entries_memory_valid_addr = getelementptr i1 %state_rob_entries_memory_valid, i64 0, i64 %zext_ln142" [/home/lab_726/boom/hls_boom/include/boom_state.hpp:142->/home/lab_726/boom/hls_boom/include/boom_state.hpp:255->/home/lab_726/boom/hls_boom/src/boom_core_merged.cpp:3000]   --->   Operation 70 'getelementptr' 'state_rob_entries_memory_valid_addr' <Predicate = (!guard_variable_for_synth_lsu_top_stream_DmemRequest_0_stream_DmemResponse_0_unsigned_long_unsigned_long_state_load & !icmp_ln142)> <Delay = 0.00>
ST_3 : Operation 71 [1/1] (0.67ns)   --->   "%store_ln142 = store i1 0, i5 %state_rob_entries_memory_valid_addr" [/home/lab_726/boom/hls_boom/include/boom_state.hpp:142->/home/lab_726/boom/hls_boom/include/boom_state.hpp:255->/home/lab_726/boom/hls_boom/src/boom_core_merged.cpp:3000]   --->   Operation 71 'store' 'store_ln142' <Predicate = (!guard_variable_for_synth_lsu_top_stream_DmemRequest_0_stream_DmemResponse_0_unsigned_long_unsigned_long_state_load & !icmp_ln142)> <Delay = 0.67> <CoreInst = "RAM">   --->   Core 83 'RAM' <Latency = 1> <II = 1> <Delay = 0.67> <Storage> <Opcode : 'load' 'store'> <Ports = 2> <Width = 1> <Depth = 32> <RAM>
ST_3 : Operation 72 [1/1] (0.00ns)   --->   "%state_rob_entries_is_load_addr = getelementptr i1 %state_rob_entries_is_load, i64 0, i64 %zext_ln142" [/home/lab_726/boom/hls_boom/include/boom_state.hpp:142->/home/lab_726/boom/hls_boom/include/boom_state.hpp:255->/home/lab_726/boom/hls_boom/src/boom_core_merged.cpp:3000]   --->   Operation 72 'getelementptr' 'state_rob_entries_is_load_addr' <Predicate = (!guard_variable_for_synth_lsu_top_stream_DmemRequest_0_stream_DmemResponse_0_unsigned_long_unsigned_long_state_load & !icmp_ln142)> <Delay = 0.00>
ST_3 : Operation 73 [1/1] (0.67ns)   --->   "%store_ln142 = store i1 0, i5 %state_rob_entries_is_load_addr" [/home/lab_726/boom/hls_boom/include/boom_state.hpp:142->/home/lab_726/boom/hls_boom/include/boom_state.hpp:255->/home/lab_726/boom/hls_boom/src/boom_core_merged.cpp:3000]   --->   Operation 73 'store' 'store_ln142' <Predicate = (!guard_variable_for_synth_lsu_top_stream_DmemRequest_0_stream_DmemResponse_0_unsigned_long_unsigned_long_state_load & !icmp_ln142)> <Delay = 0.67> <CoreInst = "RAM">   --->   Core 83 'RAM' <Latency = 1> <II = 1> <Delay = 0.67> <Storage> <Opcode : 'load' 'store'> <Ports = 2> <Width = 1> <Depth = 32> <RAM>
ST_3 : Operation 74 [1/1] (0.00ns)   --->   "%state_rob_entries_signed_load_addr = getelementptr i1 %state_rob_entries_signed_load, i64 0, i64 %zext_ln142" [/home/lab_726/boom/hls_boom/include/boom_state.hpp:142->/home/lab_726/boom/hls_boom/include/boom_state.hpp:255->/home/lab_726/boom/hls_boom/src/boom_core_merged.cpp:3000]   --->   Operation 74 'getelementptr' 'state_rob_entries_signed_load_addr' <Predicate = (!guard_variable_for_synth_lsu_top_stream_DmemRequest_0_stream_DmemResponse_0_unsigned_long_unsigned_long_state_load & !icmp_ln142)> <Delay = 0.00>
ST_3 : Operation 75 [1/1] (0.67ns)   --->   "%store_ln142 = store i1 0, i5 %state_rob_entries_signed_load_addr" [/home/lab_726/boom/hls_boom/include/boom_state.hpp:142->/home/lab_726/boom/hls_boom/include/boom_state.hpp:255->/home/lab_726/boom/hls_boom/src/boom_core_merged.cpp:3000]   --->   Operation 75 'store' 'store_ln142' <Predicate = (!guard_variable_for_synth_lsu_top_stream_DmemRequest_0_stream_DmemResponse_0_unsigned_long_unsigned_long_state_load & !icmp_ln142)> <Delay = 0.67> <CoreInst = "RAM">   --->   Core 83 'RAM' <Latency = 1> <II = 1> <Delay = 0.67> <Storage> <Opcode : 'load' 'store'> <Ports = 2> <Width = 1> <Depth = 32> <RAM>
ST_3 : Operation 76 [1/1] (0.00ns)   --->   "%state_rob_entries_memory_request_sent_addr = getelementptr i1 %state_rob_entries_memory_request_sent, i64 0, i64 %zext_ln142" [/home/lab_726/boom/hls_boom/include/boom_state.hpp:142->/home/lab_726/boom/hls_boom/include/boom_state.hpp:255->/home/lab_726/boom/hls_boom/src/boom_core_merged.cpp:3000]   --->   Operation 76 'getelementptr' 'state_rob_entries_memory_request_sent_addr' <Predicate = (!guard_variable_for_synth_lsu_top_stream_DmemRequest_0_stream_DmemResponse_0_unsigned_long_unsigned_long_state_load & !icmp_ln142)> <Delay = 0.00>
ST_3 : Operation 77 [1/1] (0.67ns)   --->   "%store_ln142 = store i1 0, i5 %state_rob_entries_memory_request_sent_addr" [/home/lab_726/boom/hls_boom/include/boom_state.hpp:142->/home/lab_726/boom/hls_boom/include/boom_state.hpp:255->/home/lab_726/boom/hls_boom/src/boom_core_merged.cpp:3000]   --->   Operation 77 'store' 'store_ln142' <Predicate = (!guard_variable_for_synth_lsu_top_stream_DmemRequest_0_stream_DmemResponse_0_unsigned_long_unsigned_long_state_load & !icmp_ln142)> <Delay = 0.67> <CoreInst = "RAM">   --->   Core 83 'RAM' <Latency = 1> <II = 1> <Delay = 0.67> <Storage> <Opcode : 'load' 'store'> <Ports = 2> <Width = 1> <Depth = 32> <RAM>
ST_3 : Operation 78 [1/1] (0.00ns)   --->   "%state_rob_entries_memory_address_addr = getelementptr i1 %state_rob_entries_memory_address, i64 0, i64 %zext_ln142" [/home/lab_726/boom/hls_boom/include/boom_state.hpp:142->/home/lab_726/boom/hls_boom/include/boom_state.hpp:255->/home/lab_726/boom/hls_boom/src/boom_core_merged.cpp:3000]   --->   Operation 78 'getelementptr' 'state_rob_entries_memory_address_addr' <Predicate = (!guard_variable_for_synth_lsu_top_stream_DmemRequest_0_stream_DmemResponse_0_unsigned_long_unsigned_long_state_load & !icmp_ln142)> <Delay = 0.00>
ST_3 : Operation 79 [1/1] (0.67ns)   --->   "%store_ln142 = store i1 0, i5 %state_rob_entries_memory_address_addr" [/home/lab_726/boom/hls_boom/include/boom_state.hpp:142->/home/lab_726/boom/hls_boom/include/boom_state.hpp:255->/home/lab_726/boom/hls_boom/src/boom_core_merged.cpp:3000]   --->   Operation 79 'store' 'store_ln142' <Predicate = (!guard_variable_for_synth_lsu_top_stream_DmemRequest_0_stream_DmemResponse_0_unsigned_long_unsigned_long_state_load & !icmp_ln142)> <Delay = 0.67> <CoreInst = "RAM">   --->   Core 83 'RAM' <Latency = 1> <II = 1> <Delay = 0.67> <Storage> <Opcode : 'load' 'store'> <Ports = 2> <Width = 1> <Depth = 32> <RAM>
ST_3 : Operation 80 [1/1] (0.00ns)   --->   "%state_rob_entries_memory_mask_addr = getelementptr i1 %state_rob_entries_memory_mask, i64 0, i64 %zext_ln142" [/home/lab_726/boom/hls_boom/include/boom_state.hpp:142->/home/lab_726/boom/hls_boom/include/boom_state.hpp:255->/home/lab_726/boom/hls_boom/src/boom_core_merged.cpp:3000]   --->   Operation 80 'getelementptr' 'state_rob_entries_memory_mask_addr' <Predicate = (!guard_variable_for_synth_lsu_top_stream_DmemRequest_0_stream_DmemResponse_0_unsigned_long_unsigned_long_state_load & !icmp_ln142)> <Delay = 0.00>
ST_3 : Operation 81 [1/1] (0.67ns)   --->   "%store_ln142 = store i1 0, i5 %state_rob_entries_memory_mask_addr" [/home/lab_726/boom/hls_boom/include/boom_state.hpp:142->/home/lab_726/boom/hls_boom/include/boom_state.hpp:255->/home/lab_726/boom/hls_boom/src/boom_core_merged.cpp:3000]   --->   Operation 81 'store' 'store_ln142' <Predicate = (!guard_variable_for_synth_lsu_top_stream_DmemRequest_0_stream_DmemResponse_0_unsigned_long_unsigned_long_state_load & !icmp_ln142)> <Delay = 0.67> <CoreInst = "RAM">   --->   Core 83 'RAM' <Latency = 1> <II = 1> <Delay = 0.67> <Storage> <Opcode : 'load' 'store'> <Ports = 2> <Width = 1> <Depth = 32> <RAM>
ST_3 : Operation 82 [1/1] (0.00ns)   --->   "%state_rob_entries_memory_size_addr = getelementptr i1 %state_rob_entries_memory_size, i64 0, i64 %zext_ln142" [/home/lab_726/boom/hls_boom/include/boom_state.hpp:142->/home/lab_726/boom/hls_boom/include/boom_state.hpp:255->/home/lab_726/boom/hls_boom/src/boom_core_merged.cpp:3000]   --->   Operation 82 'getelementptr' 'state_rob_entries_memory_size_addr' <Predicate = (!guard_variable_for_synth_lsu_top_stream_DmemRequest_0_stream_DmemResponse_0_unsigned_long_unsigned_long_state_load & !icmp_ln142)> <Delay = 0.00>
ST_3 : Operation 83 [1/1] (0.67ns)   --->   "%store_ln142 = store i1 0, i5 %state_rob_entries_memory_size_addr" [/home/lab_726/boom/hls_boom/include/boom_state.hpp:142->/home/lab_726/boom/hls_boom/include/boom_state.hpp:255->/home/lab_726/boom/hls_boom/src/boom_core_merged.cpp:3000]   --->   Operation 83 'store' 'store_ln142' <Predicate = (!guard_variable_for_synth_lsu_top_stream_DmemRequest_0_stream_DmemResponse_0_unsigned_long_unsigned_long_state_load & !icmp_ln142)> <Delay = 0.67> <CoreInst = "RAM">   --->   Core 83 'RAM' <Latency = 1> <II = 1> <Delay = 0.67> <Storage> <Opcode : 'load' 'store'> <Ports = 2> <Width = 1> <Depth = 32> <RAM>
ST_3 : Operation 84 [1/1] (0.42ns)   --->   "%store_ln142 = store i6 %add_ln142, i6 %i" [/home/lab_726/boom/hls_boom/include/boom_state.hpp:142->/home/lab_726/boom/hls_boom/include/boom_state.hpp:255->/home/lab_726/boom/hls_boom/src/boom_core_merged.cpp:3000]   --->   Operation 84 'store' 'store_ln142' <Predicate = (!guard_variable_for_synth_lsu_top_stream_DmemRequest_0_stream_DmemResponse_0_unsigned_long_unsigned_long_state_load & !icmp_ln142)> <Delay = 0.42>
ST_3 : Operation 85 [1/1] (0.00ns)   --->   "%br_ln0 = br void %.preheader.i.i"   --->   Operation 85 'br' 'br_ln0' <Predicate = (!guard_variable_for_synth_lsu_top_stream_DmemRequest_0_stream_DmemResponse_0_unsigned_long_unsigned_long_state_load & !icmp_ln142)> <Delay = 0.00>
ST_3 : Operation 86 [1/1] (0.00ns)   --->   "%store_ln183 = store i32 1, i32 %state_lsu_next_transaction_id" [/home/lab_726/boom/hls_boom/include/boom_state.hpp:183]   --->   Operation 86 'store' 'store_ln183' <Predicate = (!guard_variable_for_synth_lsu_top_stream_DmemRequest_0_stream_DmemResponse_0_unsigned_long_unsigned_long_state_load & icmp_ln142)> <Delay = 0.00>
ST_3 : Operation 87 [1/1] (0.00ns)   --->   "%store_ln183 = store i1 0, i1 %state_lsu_load_response_pending" [/home/lab_726/boom/hls_boom/include/boom_state.hpp:183]   --->   Operation 87 'store' 'store_ln183' <Predicate = (!guard_variable_for_synth_lsu_top_stream_DmemRequest_0_stream_DmemResponse_0_unsigned_long_unsigned_long_state_load & icmp_ln142)> <Delay = 0.00>
ST_3 : Operation 88 [1/1] (0.00ns)   --->   "%store_ln0 = store i1 1, i1 %guard_variable_for_synth_lsu_top_stream_DmemRequest_0_stream_DmemResponse_0_unsigned_long_unsigned_long_state"   --->   Operation 88 'store' 'store_ln0' <Predicate = (!guard_variable_for_synth_lsu_top_stream_DmemRequest_0_stream_DmemResponse_0_unsigned_long_unsigned_long_state_load & icmp_ln142)> <Delay = 0.00>
ST_3 : Operation 89 [1/1] (0.00ns)   --->   "%br_ln0 = br void %._crit_edge"   --->   Operation 89 'br' 'br_ln0' <Predicate = (!guard_variable_for_synth_lsu_top_stream_DmemRequest_0_stream_DmemResponse_0_unsigned_long_unsigned_long_state_load & icmp_ln142)> <Delay = 0.00>
ST_3 : Operation 90 [1/1] (0.67ns)   --->   "%store_ln3008 = store i1 1, i1 0" [/home/lab_726/boom/hls_boom/src/boom_core_merged.cpp:3008]   --->   Operation 90 'store' 'store_ln3008' <Predicate = (icmp_ln142) | (guard_variable_for_synth_lsu_top_stream_DmemRequest_0_stream_DmemResponse_0_unsigned_long_unsigned_long_state_load)> <Delay = 0.67> <CoreInst = "RAM">   --->   Core 83 'RAM' <Latency = 1> <II = 1> <Delay = 0.67> <Storage> <Opcode : 'load' 'store'> <Ports = 2> <Width = 1> <Depth = 32> <RAM>
ST_3 : Operation 91 [1/1] (0.00ns)   --->   "%tmp = nbreadreq i1 @_ssdm_op_NbReadReq.ap_fifo.i289P0A, i289 %dmem_resp_in, i32 1" [/home/lab_726/Xilinx/Vitis_HLS/2021.2/common/technology/autopilot/hls_stream_39.h:135]   --->   Operation 91 'nbreadreq' 'tmp' <Predicate = (icmp_ln142) | (guard_variable_for_synth_lsu_top_stream_DmemRequest_0_stream_DmemResponse_0_unsigned_long_unsigned_long_state_load)> <Delay = 0.00> <CoreInst = "FIFO">   --->   Core 78 'FIFO' <Latency = 0> <II = 1> <Delay = 1.63> <Storage> <Opcode : 'read' 'write' 'nbread' 'nbwrite'> <Ports = 0> <Width = 289> <Depth = -1> <FIFO>
ST_3 : Operation 92 [1/1] (0.00ns)   --->   "%br_ln3010 = br i1 %tmp, void %._crit_edge2, void" [/home/lab_726/boom/hls_boom/src/boom_core_merged.cpp:3010]   --->   Operation 92 'br' 'br_ln3010' <Predicate = (icmp_ln142) | (guard_variable_for_synth_lsu_top_stream_DmemRequest_0_stream_DmemResponse_0_unsigned_long_unsigned_long_state_load)> <Delay = 0.00>
ST_3 : Operation 93 [1/1] (1.63ns)   --->   "%dmem_resp_in_read = read i289 @_ssdm_op_Read.ap_fifo.volatile.i289P0A, i289 %dmem_resp_in" [/home/lab_726/Xilinx/Vitis_HLS/2021.2/common/technology/autopilot/hls_stream_39.h:144]   --->   Operation 93 'read' 'dmem_resp_in_read' <Predicate = (icmp_ln142 & tmp) | (guard_variable_for_synth_lsu_top_stream_DmemRequest_0_stream_DmemResponse_0_unsigned_long_unsigned_long_state_load & tmp)> <Delay = 1.63> <CoreInst = "FIFO">   --->   Core 78 'FIFO' <Latency = 0> <II = 1> <Delay = 1.63> <Storage> <Opcode : 'read' 'write' 'nbread' 'nbwrite'> <Ports = 0> <Width = 289> <Depth = -1> <FIFO>
ST_3 : Operation 94 [1/1] (1.63ns)   --->   "%write_ln173 = write void @_ssdm_op_Write.ap_fifo.volatile.i289P0A, i289 %pipe_3, i289 %dmem_resp_in_read" [/home/lab_726/Xilinx/Vitis_HLS/2021.2/common/technology/autopilot/hls_stream_39.h:173]   --->   Operation 94 'write' 'write_ln173' <Predicate = (icmp_ln142 & tmp) | (guard_variable_for_synth_lsu_top_stream_DmemRequest_0_stream_DmemResponse_0_unsigned_long_unsigned_long_state_load & tmp)> <Delay = 1.63> <CoreInst = "FIFO">   --->   Core 78 'FIFO' <Latency = 0> <II = 1> <Delay = 1.63> <Storage> <Opcode : 'read' 'write' 'nbread' 'nbwrite'> <Ports = 0> <Width = 289> <Depth = -1> <FIFO>
ST_3 : Operation 95 [1/1] (0.00ns)   --->   "%br_ln3010 = br void %._crit_edge2" [/home/lab_726/boom/hls_boom/src/boom_core_merged.cpp:3010]   --->   Operation 95 'br' 'br_ln3010' <Predicate = (icmp_ln142 & tmp) | (guard_variable_for_synth_lsu_top_stream_DmemRequest_0_stream_DmemResponse_0_unsigned_long_unsigned_long_state_load & tmp)> <Delay = 0.00>
ST_3 : Operation 96 [1/1] (0.00ns)   --->   "%i_1 = alloca i32 1"   --->   Operation 96 'alloca' 'i_1' <Predicate = (icmp_ln142) | (guard_variable_for_synth_lsu_top_stream_DmemRequest_0_stream_DmemResponse_0_unsigned_long_unsigned_long_state_load)> <Delay = 0.00>
ST_3 : Operation 97 [1/1] (0.42ns)   --->   "%store_ln2171 = store i6 0, i6 %i_1" [/home/lab_726/boom/hls_boom/src/boom_core_merged.cpp:2171]   --->   Operation 97 'store' 'store_ln2171' <Predicate = (icmp_ln142) | (guard_variable_for_synth_lsu_top_stream_DmemRequest_0_stream_DmemResponse_0_unsigned_long_unsigned_long_state_load)> <Delay = 0.42>
ST_3 : Operation 98 [1/1] (0.00ns)   --->   "%br_ln2171 = br void %.preheader" [/home/lab_726/boom/hls_boom/src/boom_core_merged.cpp:2171]   --->   Operation 98 'br' 'br_ln2171' <Predicate = (icmp_ln142) | (guard_variable_for_synth_lsu_top_stream_DmemRequest_0_stream_DmemResponse_0_unsigned_long_unsigned_long_state_load)> <Delay = 0.00>

State 4 <SV = 3> <Delay = 1.46>
ST_4 : Operation 99 [1/1] (0.00ns)   --->   "%i_4 = load i6 %i_1" [/home/lab_726/boom/hls_boom/src/boom_core_merged.cpp:2178]   --->   Operation 99 'load' 'i_4' <Predicate = true> <Delay = 0.00>
ST_4 : Operation 100 [1/1] (0.78ns)   --->   "%icmp_ln2177 = icmp_eq  i6 %i_4, i6 32" [/home/lab_726/boom/hls_boom/src/boom_core_merged.cpp:2177]   --->   Operation 100 'icmp' 'icmp_ln2177' <Predicate = true> <Delay = 0.78> <CoreInst = "Cmp">   --->   Core 9 'Cmp' <Latency = 0> <II = 1> <Delay = 0.78> <FuncUnit> <Opcode : 'icmp'> <InPorts = 2> <OutPorts = 1>
ST_4 : Operation 101 [1/1] (0.00ns)   --->   "%empty_13 = speclooptripcount i32 @_ssdm_op_SpecLoopTripCount, i64 1, i64 32, i64 16"   --->   Operation 101 'speclooptripcount' 'empty_13' <Predicate = true> <Delay = 0.00>
ST_4 : Operation 102 [1/1] (0.78ns)   --->   "%i_5 = add i6 %i_4, i6 1" [/home/lab_726/boom/hls_boom/src/boom_core_merged.cpp:2177]   --->   Operation 102 'add' 'i_5' <Predicate = true> <Delay = 0.78> <CoreInst = "Adder">   --->   Core 1 'Adder' <Latency = 0> <II = 1> <Delay = 0.78> <FuncUnit> <Opcode : 'add' 'sub'> <InPorts = 2> <OutPorts = 1>
ST_4 : Operation 103 [1/1] (0.00ns)   --->   "%br_ln2177 = br i1 %icmp_ln2177, void %.split4, void %_ZN4boom10lsu_moduleER13BoomCoreStateR11PipeSignals.exit" [/home/lab_726/boom/hls_boom/src/boom_core_merged.cpp:2177]   --->   Operation 103 'br' 'br_ln2177' <Predicate = true> <Delay = 0.00>
ST_4 : Operation 104 [1/1] (0.00ns)   --->   "%idx = trunc i6 %i_4" [/home/lab_726/boom/hls_boom/src/boom_core_merged.cpp:2178]   --->   Operation 104 'trunc' 'idx' <Predicate = (!icmp_ln2177)> <Delay = 0.00>
ST_4 : Operation 105 [2/2] (0.67ns)   --->   "%call_ln2179 = call void @try_issue_load, i283 %pipe_2, i5 %idx, i1 %state_rob_entries_valid, i1 %state_rob_entries_is_load, i1 %state_rob_entries_memory_valid, i1 %state_rob_entries_memory_request_sent, i1 %state_lsu_load_response_pending, i1 %state_rob_entries_uop_ctrl_is_sta, i32 %state_lsu_next_transaction_id, i1 %state_rob_entries_memory_address, i1 %state_rob_entries_memory_size, i1 %state_rob_entries_memory_mask, i1 %state_rob_entries_signed_load, i1 %state_rob_entries_uop_branch_br_mask" [/home/lab_726/boom/hls_boom/src/boom_core_merged.cpp:2179]   --->   Operation 105 'call' 'call_ln2179' <Predicate = (!icmp_ln2177)> <Delay = 0.67> <CoreType = "Generic">   --->   Core 0 '' <Latency = 0> <II = 1> <Delay = 1.00> <Generic> <Opcode : >

State 5 <SV = 4> <Delay = 0.00>
ST_5 : Operation 106 [1/2] (0.00ns)   --->   "%call_ln2179 = call void @try_issue_load, i283 %pipe_2, i5 %idx, i1 %state_rob_entries_valid, i1 %state_rob_entries_is_load, i1 %state_rob_entries_memory_valid, i1 %state_rob_entries_memory_request_sent, i1 %state_lsu_load_response_pending, i1 %state_rob_entries_uop_ctrl_is_sta, i32 %state_lsu_next_transaction_id, i1 %state_rob_entries_memory_address, i1 %state_rob_entries_memory_size, i1 %state_rob_entries_memory_mask, i1 %state_rob_entries_signed_load, i1 %state_rob_entries_uop_branch_br_mask" [/home/lab_726/boom/hls_boom/src/boom_core_merged.cpp:2179]   --->   Operation 106 'call' 'call_ln2179' <Predicate = true> <Delay = 0.00> <CoreType = "Generic">   --->   Core 0 '' <Latency = 0> <II = 1> <Delay = 1.00> <Generic> <Opcode : >

State 6 <SV = 5> <Delay = 3.47>
ST_6 : Operation 107 [1/1] (0.00ns)   --->   "%specloopname_ln2177 = specloopname void @_ssdm_op_SpecLoopName, void @empty_3" [/home/lab_726/boom/hls_boom/src/boom_core_merged.cpp:2177]   --->   Operation 107 'specloopname' 'specloopname_ln2177' <Predicate = (!icmp_ln2177)> <Delay = 0.00>
ST_6 : Operation 108 [1/1] (0.00ns)   --->   "%state_lsu_load = load i1 %state_lsu_load_response_pending" [/home/lab_726/boom/hls_boom/src/boom_core_merged.cpp:2180]   --->   Operation 108 'load' 'state_lsu_load' <Predicate = (!icmp_ln2177)> <Delay = 0.00>
ST_6 : Operation 109 [1/1] (0.00ns)   --->   "%br_ln2180 = br i1 %state_lsu_load, void, void %_ZN4boom10lsu_moduleER13BoomCoreStateR11PipeSignals.exit" [/home/lab_726/boom/hls_boom/src/boom_core_merged.cpp:2180]   --->   Operation 109 'br' 'br_ln2180' <Predicate = (!icmp_ln2177)> <Delay = 0.00>
ST_6 : Operation 110 [1/1] (0.42ns)   --->   "%store_ln2177 = store i6 %i_5, i6 %i_1" [/home/lab_726/boom/hls_boom/src/boom_core_merged.cpp:2177]   --->   Operation 110 'store' 'store_ln2177' <Predicate = (!icmp_ln2177 & !state_lsu_load)> <Delay = 0.42>
ST_6 : Operation 111 [1/1] (0.00ns)   --->   "%br_ln0 = br void %.preheader"   --->   Operation 111 'br' 'br_ln0' <Predicate = (!icmp_ln2177 & !state_lsu_load)> <Delay = 0.00>
ST_6 : Operation 112 [1/1] (0.00ns)   --->   "%tmp_1 = nbreadreq i1 @_ssdm_op_NbReadReq.ap_fifo.i283P0A, i283 %pipe_2, i32 1" [/home/lab_726/Xilinx/Vitis_HLS/2021.2/common/technology/autopilot/hls_stream_39.h:135]   --->   Operation 112 'nbreadreq' 'tmp_1' <Predicate = (state_lsu_load) | (icmp_ln2177)> <Delay = 0.00> <CoreInst = "FIFO_SRL">   --->   Core 81 'FIFO_SRL' <Latency = 0> <II = 1> <Delay = 1.83> <Storage> <Opcode : 'read' 'write' 'nbread' 'nbwrite'> <Ports = 0> <Width = 283> <Depth = 2> <FIFO>
ST_6 : Operation 113 [1/1] (0.00ns)   --->   "%br_ln3012 = br i1 %tmp_1, void %_ZN4boom10lsu_moduleER13BoomCoreStateR11PipeSignals.exit._crit_edge, void" [/home/lab_726/boom/hls_boom/src/boom_core_merged.cpp:3012]   --->   Operation 113 'br' 'br_ln3012' <Predicate = (state_lsu_load) | (icmp_ln2177)> <Delay = 0.00>
ST_6 : Operation 114 [1/1] (1.83ns)   --->   "%pipe_2_read = read i283 @_ssdm_op_Read.ap_fifo.volatile.i283P0A, i283 %pipe_2" [/home/lab_726/Xilinx/Vitis_HLS/2021.2/common/technology/autopilot/hls_stream_39.h:144]   --->   Operation 114 'read' 'pipe_2_read' <Predicate = (state_lsu_load & tmp_1) | (icmp_ln2177 & tmp_1)> <Delay = 1.83> <CoreInst = "FIFO_SRL">   --->   Core 81 'FIFO_SRL' <Latency = 0> <II = 1> <Delay = 1.83> <Storage> <Opcode : 'read' 'write' 'nbread' 'nbwrite'> <Ports = 0> <Width = 283> <Depth = 2> <FIFO>
ST_6 : Operation 115 [1/1] (1.63ns)   --->   "%write_ln173 = write void @_ssdm_op_Write.ap_fifo.volatile.i283P0A, i283 %dmem_req_out, i283 %pipe_2_read" [/home/lab_726/Xilinx/Vitis_HLS/2021.2/common/technology/autopilot/hls_stream_39.h:173]   --->   Operation 115 'write' 'write_ln173' <Predicate = (state_lsu_load & tmp_1) | (icmp_ln2177 & tmp_1)> <Delay = 1.63> <CoreInst = "FIFO">   --->   Core 78 'FIFO' <Latency = 0> <II = 1> <Delay = 1.63> <Storage> <Opcode : 'read' 'write' 'nbread' 'nbwrite'> <Ports = 0> <Width = 283> <Depth = -1> <FIFO>
ST_6 : Operation 116 [1/1] (0.00ns)   --->   "%br_ln3012 = br void %_ZN4boom10lsu_moduleER13BoomCoreStateR11PipeSignals.exit._crit_edge" [/home/lab_726/boom/hls_boom/src/boom_core_merged.cpp:3012]   --->   Operation 116 'br' 'br_ln3012' <Predicate = (state_lsu_load & tmp_1) | (icmp_ln2177 & tmp_1)> <Delay = 0.00>
ST_6 : Operation 117 [1/1] (0.00ns)   --->   "%state_lsu_next_transaction_id_load = load i32 %state_lsu_next_transaction_id" [/home/lab_726/boom/hls_boom/src/boom_core_merged.cpp:3013]   --->   Operation 117 'load' 'state_lsu_next_transaction_id_load' <Predicate = (state_lsu_load) | (icmp_ln2177)> <Delay = 0.00>
ST_6 : Operation 118 [1/1] (0.00ns)   --->   "%zext_ln3013 = zext i32 %state_lsu_next_transaction_id_load" [/home/lab_726/boom/hls_boom/src/boom_core_merged.cpp:3013]   --->   Operation 118 'zext' 'zext_ln3013' <Predicate = (state_lsu_load) | (icmp_ln2177)> <Delay = 0.00>
ST_6 : Operation 119 [1/1] (0.00ns)   --->   "%write_ln3013 = write void @_ssdm_op_Write.ap_auto.i64P0A, i64 %observable, i64 %zext_ln3013" [/home/lab_726/boom/hls_boom/src/boom_core_merged.cpp:3013]   --->   Operation 119 'write' 'write_ln3013' <Predicate = (state_lsu_load) | (icmp_ln2177)> <Delay = 0.00>
ST_6 : Operation 120 [1/1] (0.00ns)   --->   "%ret_ln3014 = ret" [/home/lab_726/boom/hls_boom/src/boom_core_merged.cpp:3014]   --->   Operation 120 'ret' 'ret_ln3014' <Predicate = (state_lsu_load) | (icmp_ln2177)> <Delay = 0.00>


============================================================
+ Verbose Summary: Timing violations
============================================================
Target clock period: 10ns, clock uncertainty: 2.7ns.

 <State 1>: 0.427ns
The critical path consists of the following:
	'alloca' operation ('indvar_i_i_i') [35]  (0 ns)
	'store' operation ('store_ln140', /home/lab_726/boom/hls_boom/include/boom_state.hpp:140->/home/lab_726/boom/hls_boom/include/boom_state.hpp:255->/home/lab_726/boom/hls_boom/src/boom_core_merged.cpp:3000) of constant 0 on local variable 'indvar_i_i_i' [36]  (0.427 ns)

 <State 2>: 1.22ns
The critical path consists of the following:
	'load' operation ('indvar_i_i_i_load', /home/lab_726/boom/hls_boom/include/boom_state.hpp:140->/home/lab_726/boom/hls_boom/include/boom_state.hpp:255->/home/lab_726/boom/hls_boom/src/boom_core_merged.cpp:3000) on local variable 'indvar_i_i_i' [39]  (0 ns)
	'add' operation ('add_ln140', /home/lab_726/boom/hls_boom/include/boom_state.hpp:140->/home/lab_726/boom/hls_boom/include/boom_state.hpp:255->/home/lab_726/boom/hls_boom/src/boom_core_merged.cpp:3000) [40]  (0.789 ns)
	'store' operation ('store_ln140', /home/lab_726/boom/hls_boom/include/boom_state.hpp:140->/home/lab_726/boom/hls_boom/include/boom_state.hpp:255->/home/lab_726/boom/hls_boom/src/boom_core_merged.cpp:3000) of variable 'add_ln140', /home/lab_726/boom/hls_boom/include/boom_state.hpp:140->/home/lab_726/boom/hls_boom/include/boom_state.hpp:255->/home/lab_726/boom/hls_boom/src/boom_core_merged.cpp:3000 on local variable 'indvar_i_i_i' [66]  (0.427 ns)

 <State 3>: 3.27ns
The critical path consists of the following:
	fifo read operation ('dmem_resp_in_read', /home/lab_726/Xilinx/Vitis_HLS/2021.2/common/technology/autopilot/hls_stream_39.h:144) on port 'dmem_resp_in' (/home/lab_726/Xilinx/Vitis_HLS/2021.2/common/technology/autopilot/hls_stream_39.h:144) [113]  (1.64 ns)
	fifo write operation ('write_ln173', /home/lab_726/Xilinx/Vitis_HLS/2021.2/common/technology/autopilot/hls_stream_39.h:173) on port 'pipe_3' (/home/lab_726/Xilinx/Vitis_HLS/2021.2/common/technology/autopilot/hls_stream_39.h:173) [114]  (1.64 ns)

 <State 4>: 1.46ns
The critical path consists of the following:
	'load' operation ('i', /home/lab_726/boom/hls_boom/src/boom_core_merged.cpp:2178) on local variable 'i' [121]  (0 ns)
	'icmp' operation ('icmp_ln2177', /home/lab_726/boom/hls_boom/src/boom_core_merged.cpp:2177) [122]  (0.785 ns)
	blocking operation 0.677 ns on control path)

 <State 5>: 0ns
The critical path consists of the following:

 <State 6>: 3.47ns
The critical path consists of the following:
	fifo read operation ('pipe_2_read', /home/lab_726/Xilinx/Vitis_HLS/2021.2/common/technology/autopilot/hls_stream_39.h:144) on port 'pipe_2' (/home/lab_726/Xilinx/Vitis_HLS/2021.2/common/technology/autopilot/hls_stream_39.h:144) [139]  (1.84 ns)
	fifo write operation ('write_ln173', /home/lab_726/Xilinx/Vitis_HLS/2021.2/common/technology/autopilot/hls_stream_39.h:173) on port 'dmem_req_out' (/home/lab_726/Xilinx/Vitis_HLS/2021.2/common/technology/autopilot/hls_stream_39.h:173) [140]  (1.64 ns)


============================================================
+ Verbose Summary: Binding
============================================================
N/A
* FSMD analyzer results:
  - Output states:
 - Input state : 
  - Chain level:
	State 1
	State 2
	State 3
	State 4
	State 5
	State 6


============================================================
+ Verbose Summary: Datapath Resource usage 
============================================================
N/A
