

================================================================
== Vitis HLS Report for 'apply_writeback_ports'
================================================================
* Date:           Wed Aug  5 16:20:12 2026

* Version:        2021.2 (Build 3367213 on Tue Oct 19 02:47:39 MDT 2021)
* Project:        boom_core_top
* Solution:       solution_gate4_1_m3b_full_core_rtl (Vivado IP Flow Target)
* Product family: zynquplus
* Target device:  xczu7ev-ffvc1156-2-e


================================================================
== Performance Estimates
================================================================
+ Timing: 
    * Summary: 
    +--------+----------+----------+------------+
    |  Clock |  Target  | Estimated| Uncertainty|
    +--------+----------+----------+------------+
    |ap_clk  |  10.00 ns|  2.385 ns|     2.70 ns|
    +--------+----------+----------+------------+

+ Latency: 
    * Summary: 
    +---------+---------+----------+----------+-----+-----+---------+
    |  Latency (cycles) |  Latency (absolute) |  Interval | Pipeline|
    |   min   |   max   |    min   |    max   | min | max |   Type  |
    +---------+---------+----------+----------+-----+-----+---------+
    |        0|        0|      0 ns|      0 ns|    1|    1|      yes|
    +---------+---------+----------+----------+-----+-----+---------+

    + Detail: 
        * Instance: 
        N/A

        * Loop: 
        N/A



================================================================
== Utilization Estimates
================================================================
* Summary: 
+-----------------+---------+------+--------+--------+-----+
|       Name      | BRAM_18K|  DSP |   FF   |   LUT  | URAM|
+-----------------+---------+------+--------+--------+-----+
|DSP              |        -|     -|       -|       -|    -|
|Expression       |        -|     -|       0|     707|    -|
|FIFO             |        -|     -|       -|       -|    -|
|Instance         |        -|     -|       -|       -|    -|
|Memory           |        -|     -|       -|       -|    -|
|Multiplexer      |        -|     -|       -|      61|    -|
|Register         |        -|     -|       -|       -|    -|
+-----------------+---------+------+--------+--------+-----+
|Total            |        0|     0|       0|     768|    0|
+-----------------+---------+------+--------+--------+-----+
|Available        |      624|  1728|  460800|  230400|   96|
+-----------------+---------+------+--------+--------+-----+
|Utilization (%)  |        0|     0|       0|      ~0|    0|
+-----------------+---------+------+--------+--------+-----+

+ Detail: 
    * Instance: 
    N/A

    * DSP: 
    N/A

    * Memory: 
    N/A

    * FIFO: 
    N/A

    * Expression: 
    +------------------------+----------+----+---+-----+------------+------------+
    |      Variable Name     | Operation| DSP| FF| LUT | Bitwidth P0| Bitwidth P1|
    +------------------------+----------+----+---+-----+------------+------------+
    |add_ln1105_fu_181_p2    |         +|   0|  0|   71|          64|           1|
    |add_ln1106_fu_197_p2    |         +|   0|  0|   71|          64|           2|
    |and_ln1104_1_fu_113_p2  |       and|   0|  0|    2|           1|           1|
    |and_ln1104_fu_119_p2    |       and|   0|  0|    2|           1|           1|
    |latest_3_fu_147_p2      |       and|   0|  0|   64|          64|          64|
    |icmp_ln1103_fu_107_p2   |      icmp|   0|  0|   11|           8|           8|
    |latest_4_fu_170_p2      |        or|   0|  0|   64|          64|          64|
    |shl_ln1112_fu_135_p2    |       shl|   0|  0|  179|           1|          64|
    |shl_ln1117_fu_164_p2    |       shl|   0|  0|  179|           1|          64|
    |xor_ln1112_fu_141_p2    |       xor|   0|  0|   64|          64|           2|
    +------------------------+----------+----+---+-----+------------+------------+
    |Total                   |          |   0|  0|  707|         332|         271|
    +------------------------+----------+----+---+-----+------------+------------+

    * Multiplexer: 
    +-----------------------------------------+----+-----------+-----+-----------+
    |                   Name                  | LUT| Input Size| Bits| Total Bits|
    +-----------------------------------------+----+-----------+-----+-----------+
    |ap_phi_mux_latest_1_phi_fu_76_p6         |  20|          4|   64|        256|
    |ap_phi_mux_latest_2_phi_fu_67_p4         |  14|          3|   64|        192|
    |state_completion_dropped_writebacks_o    |   9|          2|   64|        128|
    |state_completion_duplicate_writebacks_o  |   9|          2|   64|        128|
    |state_int_rf_latest_bank_o               |   9|          2|   64|        128|
    +-----------------------------------------+----+-----------+-----+-----------+
    |Total                                    |  61|         13|  320|        832|
    +-----------------------------------------+----+-----------+-----+-----------+

    * Register: 
    N/A



================================================================
== Interface
================================================================
* Summary: 
+------------------------------------------------+-----+-----+------------+---------------------------------------+--------------+
|                    RTL Ports                   | Dir | Bits|  Protocol  |             Source Object             |    C Type    |
+------------------------------------------------+-----+-----+------------+---------------------------------------+--------------+
|ap_start                                        |   in|    1|  ap_ctrl_hs|                  apply_writeback_ports|  return value|
|ap_ready                                        |  out|    1|  ap_ctrl_hs|                  apply_writeback_ports|  return value|
|state_completion_writebacks_valid_0             |   in|    1|     ap_none|    state_completion_writebacks_valid_0|       pointer|
|state_completion_writebacks_valid_1             |   in|    1|     ap_none|    state_completion_writebacks_valid_1|       pointer|
|state_completion_writebacks_pdst_0              |   in|    8|     ap_none|     state_completion_writebacks_pdst_0|       pointer|
|state_completion_writebacks_pdst_1              |   in|    8|     ap_none|     state_completion_writebacks_pdst_1|       pointer|
|state_int_rf_latest_bank_i                      |   in|   64|     ap_ovld|               state_int_rf_latest_bank|       pointer|
|state_int_rf_latest_bank_o                      |  out|   64|     ap_ovld|               state_int_rf_latest_bank|       pointer|
|state_int_rf_latest_bank_o_ap_vld               |  out|    1|     ap_ovld|               state_int_rf_latest_bank|       pointer|
|state_completion_duplicate_writebacks_i         |   in|   64|     ap_ovld|  state_completion_duplicate_writebacks|       pointer|
|state_completion_duplicate_writebacks_o         |  out|   64|     ap_ovld|  state_completion_duplicate_writebacks|       pointer|
|state_completion_duplicate_writebacks_o_ap_vld  |  out|    1|     ap_ovld|  state_completion_duplicate_writebacks|       pointer|
|state_completion_dropped_writebacks_i           |   in|   64|     ap_ovld|    state_completion_dropped_writebacks|       pointer|
|state_completion_dropped_writebacks_o           |  out|   64|     ap_ovld|    state_completion_dropped_writebacks|       pointer|
|state_completion_dropped_writebacks_o_ap_vld    |  out|    1|     ap_ovld|    state_completion_dropped_writebacks|       pointer|
|state_completion_writebacks_value_0             |   in|   64|     ap_none|    state_completion_writebacks_value_0|       pointer|
|state_int_rf_bank0_address0                     |  out|    6|   ap_memory|                     state_int_rf_bank0|         array|
|state_int_rf_bank0_ce0                          |  out|    1|   ap_memory|                     state_int_rf_bank0|         array|
|state_int_rf_bank0_we0                          |  out|    1|   ap_memory|                     state_int_rf_bank0|         array|
|state_int_rf_bank0_d0                           |  out|   64|   ap_memory|                     state_int_rf_bank0|         array|
|state_completion_writebacks_value_1             |   in|   64|     ap_none|    state_completion_writebacks_value_1|       pointer|
|state_int_rf_bank1_address0                     |  out|    6|   ap_memory|                     state_int_rf_bank1|         array|
|state_int_rf_bank1_ce0                          |  out|    1|   ap_memory|                     state_int_rf_bank1|         array|
|state_int_rf_bank1_we0                          |  out|    1|   ap_memory|                     state_int_rf_bank1|         array|
|state_int_rf_bank1_d0                           |  out|   64|   ap_memory|                     state_int_rf_bank1|         array|
+------------------------------------------------+-----+-----+------------+---------------------------------------+--------------+

