

================================================================
== Vitis HLS Report for 'execute_module'
================================================================
* Date:           Wed Aug  5 16:20:21 2026

* Version:        2021.2 (Build 3367213 on Tue Oct 19 02:47:39 MDT 2021)
* Project:        boom_core_top
* Solution:       solution_gate4_1_m3b_full_core_rtl (Vivado IP Flow Target)
* Product family: zynquplus
* Target device:  xczu7ev-ffvc1156-2-e


================================================================
== Performance Estimates
================================================================
+ Timing: 
    * Summary: 
    +--------+----------+----------+------------+
    |  Clock |  Target  | Estimated| Uncertainty|
    +--------+----------+----------+------------+
    |ap_clk  |  10.00 ns|  6.341 ns|     2.70 ns|
    +--------+----------+----------+------------+

+ Latency: 
    * Summary: 
    +---------+---------+-----------+----------+-----+-----+---------+
    |  Latency (cycles) |  Latency (absolute)  |  Interval | Pipeline|
    |   min   |   max   |    min    |    max   | min | max |   Type  |
    +---------+---------+-----------+----------+-----+-----+---------+
    |        6|       40|  60.000 ns|  0.400 us|    6|   40|       no|
    +---------+---------+-----------+----------+-----+-----+---------+

    + Detail: 
        * Instance: 
        +---------------------------+----------------+---------+---------+----------+----------+-----+-----+---------+
        |                           |                |  Latency (cycles) |  Latency (absolute) |  Interval | Pipeline|
        |          Instance         |     Module     |   min   |   max   |    min   |    max   | min | max |   Type  |
        +---------------------------+----------------+---------+---------+----------+----------+-----+-----+---------+
        |tmp_divider_accept_fu_798  |divider_accept  |        0|        0|      0 ns|      0 ns|    0|    0|       no|
        +---------------------------+----------------+---------+---------+----------+----------+-----+-----+---------+

        * Loop: 
        +---------------------+---------+---------+----------+-----------+-----------+------+----------+
        |                     |  Latency (cycles) | Iteration|  Initiation Interval  | Trip |          |
        |      Loop Name      |   min   |   max   |  Latency |  achieved |   target  | Count| Pipelined|
        +---------------------+---------+---------+----------+-----------+-----------+------+----------+
        |- VITIS_LOOP_1978_1  |        4|       36|    2 ~ 18|          -|          -|     2|        no|
        | + VITIS_LOOP_958_1  |        3|        3|         1|          -|          -|     3|        no|
        | + VITIS_LOOP_958_1  |        3|        3|         1|          -|          -|     3|        no|
        +---------------------+---------+---------+----------+-----------+-----------+------+----------+



================================================================
== Utilization Estimates
================================================================
* Summary: 
+-----------------+---------+------+--------+--------+-----+
|       Name      | BRAM_18K|  DSP |   FF   |   LUT  | URAM|
+-----------------+---------+------+--------+--------+-----+
|DSP              |        -|     -|       -|       -|    -|
|Expression       |        -|     -|       0|    5765|    -|
|FIFO             |        -|     -|       -|       -|    -|
|Instance         |        -|     3|       0|    2298|    -|
|Memory           |        -|     -|       -|       -|    -|
|Multiplexer      |        -|     -|       -|    1738|    -|
|Register         |        -|     -|    1044|       -|    -|
+-----------------+---------+------+--------+--------+-----+
|Total            |        0|     3|    1044|    9801|    0|
+-----------------+---------+------+--------+--------+-----+
|Available        |      624|  1728|  460800|  230400|   96|
+-----------------+---------+------+--------+--------+-----+
|Utilization (%)  |        0|    ~0|      ~0|       4|    0|
+-----------------+---------+------+--------+--------+-----+

+ Detail: 
    * Instance: 
    +---------------------------+---------------------+---------+----+---+------+-----+
    |          Instance         |        Module       | BRAM_18K| DSP| FF|  LUT | URAM|
    +---------------------------+---------------------+---------+----+---+------+-----+
    |tmp_divider_accept_fu_798  |divider_accept       |        0|   0|  0|  2168|    0|
    |mul_65s_65s_128_1_1_U3606  |mul_65s_65s_128_1_1  |        0|   3|  0|    46|    0|
    |mux_32_1_1_1_U3607         |mux_32_1_1_1         |        0|   0|  0|    14|    0|
    |mux_32_1_1_1_U3610         |mux_32_1_1_1         |        0|   0|  0|    14|    0|
    |mux_32_64_1_1_U3609        |mux_32_64_1_1        |        0|   0|  0|    14|    0|
    |mux_32_64_1_1_U3612        |mux_32_64_1_1        |        0|   0|  0|    14|    0|
    |mux_32_8_1_1_U3608         |mux_32_8_1_1         |        0|   0|  0|    14|    0|
    |mux_32_8_1_1_U3611         |mux_32_8_1_1         |        0|   0|  0|    14|    0|
    +---------------------------+---------------------+---------+----+---+------+-----+
    |Total                      |                     |        0|   3|  0|  2298|    0|
    +---------------------------+---------------------+---------+----+---+------+-----+

    * DSP: 
    N/A

    * Memory: 
    N/A

    * FIFO: 
    N/A

    * Expression: 
    +------------------------------------------+----------+----+---+-----+------------+------------+
    |               Variable Name              | Operation| DSP| FF| LUT | Bitwidth P0| Bitwidth P1|
    +------------------------------------------+----------+----+---+-----+------------+------------+
    |add_ln1869_fu_2606_p2                     |         +|   0|  0|   15|           8|           1|
    |add_ln1906_1_fu_3696_p2                   |         +|   0|  0|   12|           5|           2|
    |add_ln1906_fu_3814_p2                     |         +|   0|  0|   12|           5|           2|
    |add_ln1978_fu_1928_p2                     |         +|   0|  0|    9|           2|           1|
    |add_ln2026_fu_4472_p2                     |         +|   0|  0|   71|          64|          64|
    |add_ln2036_fu_4274_p2                     |         +|   0|  0|   39|          32|          32|
    |add_ln2058_fu_3852_p2                     |         +|   0|  0|   71|          64|          64|
    |add_ln958_1_fu_3064_p2                    |         +|   0|  0|    9|           2|           1|
    |add_ln958_fu_2870_p2                      |         +|   0|  0|    9|           2|           1|
    |grp_fu_928_p2                             |         +|   0|  0|   71|          64|          64|
    |grp_fu_944_p2                             |         +|   0|  0|   71|          64|          64|
    |grp_fu_954_p2                             |         +|   0|  0|   71|          64|           3|
    |request_operation_fu_4502_p2              |         +|   0|  0|   13|           6|           6|
    |high_1_fu_4566_p2                         |         -|   0|  0|   71|          64|          64|
    |high_3_fu_4586_p2                         |         -|   0|  0|   71|          64|          64|
    |sub_ln1747_1_fu_2664_p2                   |         -|   0|  0|   71|           1|          64|
    |sub_ln1747_fu_2652_p2                     |         -|   0|  0|   71|           1|          64|
    |sub_ln1867_fu_2552_p2                     |         -|   0|  0|   71|          64|          64|
    |sub_ln2027_fu_4454_p2                     |         -|   0|  0|   71|          64|          64|
    |sub_ln2037_fu_4248_p2                     |         -|   0|  0|   39|          32|          32|
    |and_ln1424_14_fu_2146_p2                  |       and|   0|  0|    2|           1|           1|
    |and_ln1424_15_fu_2192_p2                  |       and|   0|  0|    2|           1|           1|
    |and_ln1424_16_fu_2204_p2                  |       and|   0|  0|    2|           1|           1|
    |and_ln1424_17_fu_2210_p2                  |       and|   0|  0|    2|           1|           1|
    |and_ln1424_18_fu_2228_p2                  |       and|   0|  0|    2|           1|           1|
    |and_ln1424_19_fu_2234_p2                  |       and|   0|  0|    2|           1|           1|
    |and_ln1424_20_fu_2240_p2                  |       and|   0|  0|    2|           1|           1|
    |and_ln1424_fu_2000_p2                     |       and|   0|  0|    2|           1|           1|
    |and_ln1427_10_fu_2172_p2                  |       and|   0|  0|    2|           1|           1|
    |and_ln1427_11_fu_2264_p2                  |       and|   0|  0|    2|           1|           1|
    |and_ln1427_12_fu_2270_p2                  |       and|   0|  0|    2|           1|           1|
    |and_ln1427_13_fu_2276_p2                  |       and|   0|  0|    2|           1|           1|
    |and_ln1427_fu_2152_p2                     |       and|   0|  0|    2|           1|           1|
    |and_ln1428_fu_2028_p2                     |       and|   0|  0|    2|           1|           1|
    |and_ln1430_fu_2054_p2                     |       and|   0|  0|    2|           1|           1|
    |and_ln1432_fu_2080_p2                     |       and|   0|  0|    2|           1|           1|
    |and_ln1434_10_fu_2306_p2                  |       and|   0|  0|    2|           1|           1|
    |and_ln1434_11_fu_2312_p2                  |       and|   0|  0|    2|           1|           1|
    |and_ln1434_12_fu_2318_p2                  |       and|   0|  0|    2|           1|           1|
    |and_ln1434_13_fu_2324_p2                  |       and|   0|  0|    2|           1|           1|
    |and_ln1434_fu_2110_p2                     |       and|   0|  0|    2|           1|           1|
    |and_ln1742_1_fu_2756_p2                   |       and|   0|  0|    2|           1|           1|
    |and_ln1742_2_fu_2762_p2                   |       and|   0|  0|    2|           1|           1|
    |and_ln1742_3_fu_2768_p2                   |       and|   0|  0|    2|           1|           1|
    |and_ln1742_fu_2718_p2                     |       and|   0|  0|    2|           1|           1|
    |and_ln1878_fu_2670_p2                     |       and|   0|  0|   64|          64|          64|
    |and_ln1880_1_fu_2794_p2                   |       and|   0|  0|    2|           1|           1|
    |and_ln1880_fu_2774_p2                     |       and|   0|  0|    2|           1|           1|
    |and_ln1881_fu_2658_p2                     |       and|   0|  0|   64|          64|          64|
    |and_ln1926_fu_3221_p2                     |       and|   0|  0|    2|           1|           1|
    |and_ln1955_fu_1005_p2                     |       and|   0|  0|    8|           8|           8|
    |and_ln1958_fu_1177_p2                     |       and|   0|  0|    8|           8|           8|
    |and_ln1981_fu_2360_p2                     |       and|   0|  0|    2|           1|           1|
    |and_ln1983_fu_1905_p2                     |       and|   0|  0|    2|           1|           1|
    |and_ln1984_fu_2396_p2                     |       and|   0|  0|    8|           8|           8|
    |and_ln2035_fu_4296_p2                     |       and|   0|  0|   64|          64|          64|
    |and_ln286_10_fu_3203_p2                   |       and|   0|  0|   52|          52|          52|
    |and_ln286_fu_3009_p2                      |       and|   0|  0|   52|          52|          52|
    |and_ln960_1_fu_3114_p2                    |       and|   0|  0|    2|           1|           1|
    |and_ln960_fu_2920_p2                      |       and|   0|  0|    2|           1|           1|
    |and_ln965_1_fu_3170_p2                    |       and|   0|  0|    2|           1|           1|
    |and_ln965_fu_2976_p2                      |       and|   0|  0|    2|           1|           1|
    |ap_condition_3086                         |       and|   0|  0|    2|           1|           1|
    |sel_tmp12_fu_2950_p2                      |       and|   0|  0|    2|           1|           1|
    |sel_tmp23_fu_3126_p2                      |       and|   0|  0|    2|           1|           1|
    |sel_tmp2_fu_2932_p2                       |       and|   0|  0|    2|           1|           1|
    |sel_tmp33_fu_3144_p2                      |       and|   0|  0|    2|           1|           1|
    |tmp170_fu_2926_p2                         |       and|   0|  0|    2|           1|           1|
    |tmp171_fu_3120_p2                         |       and|   0|  0|    2|           1|           1|
    |ashr_ln2033_fu_4336_p2                    |      ashr|   0|  0|  179|          64|          64|
    |ashr_ln2039_fu_4188_p2                    |      ashr|   0|  0|   96|          32|          32|
    |grp_fu_933_p2                             |      icmp|   0|  0|   11|           8|           2|
    |grp_fu_938_p2                             |      icmp|   0|  0|   29|          64|          64|
    |grp_fu_948_p2                             |      icmp|   0|  0|   29|          64|          64|
    |icmp_ln1424_10_fu_2128_p2                 |      icmp|   0|  0|   11|           8|           1|
    |icmp_ln1424_11_fu_2186_p2                 |      icmp|   0|  0|   11|           8|           1|
    |icmp_ln1424_12_fu_2216_p2                 |      icmp|   0|  0|   11|           8|           1|
    |icmp_ln1424_13_fu_2222_p2                 |      icmp|   0|  0|   11|           8|           1|
    |icmp_ln1424_6_fu_1988_p2                  |      icmp|   0|  0|   11|           8|           6|
    |icmp_ln1424_7_fu_1994_p2                  |      icmp|   0|  0|   11|           8|           6|
    |icmp_ln1424_fu_1972_p2                    |      icmp|   0|  0|   11|           8|           3|
    |icmp_ln1427_12_fu_2166_p2                 |      icmp|   0|  0|   11|           8|           2|
    |icmp_ln1427_13_fu_2246_p2                 |      icmp|   0|  0|   11|           8|           1|
    |icmp_ln1427_14_fu_2252_p2                 |      icmp|   0|  0|   11|           8|           2|
    |icmp_ln1427_15_fu_2258_p2                 |      icmp|   0|  0|   11|           8|           1|
    |icmp_ln1427_16_fu_2282_p2                 |      icmp|   0|  0|   11|           8|           1|
    |icmp_ln1427_fu_2134_p2                    |      icmp|   0|  0|   11|           8|           1|
    |icmp_ln1428_4_fu_2022_p2                  |      icmp|   0|  0|   11|           8|           5|
    |icmp_ln1428_fu_2016_p2                    |      icmp|   0|  0|    9|           4|           1|
    |icmp_ln1430_4_fu_2048_p2                  |      icmp|   0|  0|   11|           8|           5|
    |icmp_ln1430_fu_2042_p2                    |      icmp|   0|  0|   11|           8|           5|
    |icmp_ln1432_6_fu_2074_p2                  |      icmp|   0|  0|   11|           8|           4|
    |icmp_ln1432_7_fu_2086_p2                  |      icmp|   0|  0|   11|           8|           4|
    |icmp_ln1432_fu_2068_p2                    |      icmp|   0|  0|   11|           8|           1|
    |icmp_ln1434_6_fu_2104_p2                  |      icmp|   0|  0|   11|           8|           6|
    |icmp_ln1434_7_fu_2116_p2                  |      icmp|   0|  0|   11|           8|           6|
    |icmp_ln1434_fu_2098_p2                    |      icmp|   0|  0|   11|           8|           6|
    |icmp_ln1652_1_fu_4165_p2                  |      icmp|   0|  0|   11|           8|           5|
    |icmp_ln1652_2_fu_4170_p2                  |      icmp|   0|  0|   11|           8|           5|
    |icmp_ln1652_3_fu_4175_p2                  |      icmp|   0|  0|   11|           8|           5|
    |icmp_ln1652_fu_4160_p2                    |      icmp|   0|  0|   11|           8|           5|
    |icmp_ln1742_1_fu_2682_p2                  |      icmp|   0|  0|   10|           6|           2|
    |icmp_ln1742_2_fu_2688_p2                  |      icmp|   0|  0|   10|           6|           2|
    |icmp_ln1742_3_fu_2694_p2                  |      icmp|   0|  0|   10|           6|           3|
    |icmp_ln1742_4_fu_2732_p2                  |      icmp|   0|  0|   10|           6|           3|
    |icmp_ln1742_5_fu_2738_p2                  |      icmp|   0|  0|   10|           6|           2|
    |icmp_ln1742_6_fu_2744_p2                  |      icmp|   0|  0|   10|           6|           2|
    |icmp_ln1742_7_fu_2750_p2                  |      icmp|   0|  0|   10|           6|           3|
    |icmp_ln1742_fu_2676_p2                    |      icmp|   0|  0|   10|           6|           3|
    |icmp_ln1865_fu_2534_p2                    |      icmp|   0|  0|   29|          64|          64|
    |icmp_ln1871_fu_2626_p2                    |      icmp|   0|  0|   11|           8|           8|
    |icmp_ln1917_1_fu_1219_p2                  |      icmp|   0|  0|    8|           3|           1|
    |icmp_ln1917_fu_1199_p2                    |      icmp|   0|  0|   20|          32|           1|
    |icmp_ln1921_fu_1230_p2                    |      icmp|   0|  0|   20|          32|          32|
    |icmp_ln1932_1_fu_3040_p2                  |      icmp|   0|  0|   11|           8|           1|
    |icmp_ln1932_fu_2429_p2                    |      icmp|   0|  0|   11|           8|           1|
    |icmp_ln1933_1_fu_3046_p2                  |      icmp|   0|  0|   11|           8|           6|
    |icmp_ln1933_fu_2435_p2                    |      icmp|   0|  0|   11|           8|           6|
    |icmp_ln1955_fu_1011_p2                    |      icmp|   0|  0|   11|           8|           1|
    |icmp_ln1978_fu_1922_p2                    |      icmp|   0|  0|    8|           2|           3|
    |icmp_ln1981154155156157158159_fu_2330_p2  |      icmp|   0|  0|    8|           2|           3|
    |icmp_ln1984_fu_2401_p2                    |      icmp|   0|  0|   11|           8|           1|
    |icmp_ln1999_1_fu_4529_p2                  |      icmp|   0|  0|    8|           3|           1|
    |icmp_ln1999_fu_4513_p2                    |      icmp|   0|  0|   20|          32|           1|
    |icmp_ln2002_fu_4661_p2                    |      icmp|   0|  0|   20|          32|          32|
    |icmp_ln2017_fu_3230_p2                    |      icmp|   0|  0|   11|           8|           2|
    |icmp_ln2018_1_fu_3270_p2                  |      icmp|   0|  0|   11|           8|           2|
    |icmp_ln2018_fu_3264_p2                    |      icmp|   0|  0|   11|           8|           1|
    |icmp_ln2019_fu_3290_p2                    |      icmp|   0|  0|   11|           8|           2|
    |icmp_ln2029_fu_4410_p2                    |      icmp|   0|  0|   29|          64|          64|
    |icmp_ln2051_fu_4020_p2                    |      icmp|   0|  0|   29|          64|          64|
    |icmp_ln2052_fu_3990_p2                    |      icmp|   0|  0|   29|          64|          64|
    |icmp_ln286_9_fu_3208_p2                   |      icmp|   0|  0|   24|          52|           1|
    |icmp_ln286_fu_3014_p2                     |      icmp|   0|  0|   24|          52|           1|
    |icmp_ln958_1_fu_3058_p2                   |      icmp|   0|  0|    8|           2|           2|
    |icmp_ln958_fu_2864_p2                     |      icmp|   0|  0|    8|           2|           2|
    |icmp_ln960_1_fu_3091_p2                   |      icmp|   0|  0|   11|           8|           8|
    |icmp_ln960_fu_2897_p2                     |      icmp|   0|  0|   11|           8|           8|
    |icmp_ln961_1_fu_3108_p2                   |      icmp|   0|  0|   29|          64|          64|
    |icmp_ln961_fu_2914_p2                     |      icmp|   0|  0|   29|          64|          64|
    |lshr_ln2032_fu_4358_p2                    |      lshr|   0|  0|  179|          64|          64|
    |ap_condition_1438                         |        or|   0|  0|    2|           1|           1|
    |ap_condition_1453                         |        or|   0|  0|    2|           1|           1|
    |conflict_19_fu_3132_p2                    |        or|   0|  0|    2|           1|           1|
    |conflict_fu_2938_p2                       |        or|   0|  0|    2|           1|           1|
    |hit_18_fu_2964_p2                         |        or|   0|  0|    2|           1|           1|
    |hit_20_fu_3158_p2                         |        or|   0|  0|    2|           1|           1|
    |or_ln1432_fu_2092_p2                      |        or|   0|  0|    2|           1|           1|
    |or_ln1433_fu_2294_p2                      |        or|   0|  0|    2|           1|           1|
    |or_ln1434_fu_2122_p2                      |        or|   0|  0|    2|           1|           1|
    |or_ln1742_1_fu_2706_p2                    |        or|   0|  0|    2|           1|           1|
    |or_ln1742_2_fu_2712_p2                    |        or|   0|  0|    2|           1|           1|
    |or_ln1742_fu_2700_p2                      |        or|   0|  0|    2|           1|           1|
    |or_ln1752_fu_2824_p2                      |        or|   0|  0|   64|          64|          34|
    |or_ln1783_fu_4507_p2                      |        or|   0|  0|    2|           1|           1|
    |or_ln1932_1_fu_3052_p2                    |        or|   0|  0|    2|           1|           1|
    |or_ln1932_fu_2441_p2                      |        or|   0|  0|    2|           1|           1|
    |or_ln1936_1_fu_3176_p2                    |        or|   0|  0|    2|           1|           1|
    |or_ln1936_fu_2982_p2                      |        or|   0|  0|    2|           1|           1|
    |or_ln1981_1_fu_2342_p2                    |        or|   0|  0|    2|           1|           1|
    |or_ln1981_2_fu_2348_p2                    |        or|   0|  0|    2|           1|           1|
    |or_ln1981_3_fu_2366_p2                    |        or|   0|  0|    2|           1|           1|
    |or_ln1981_4_fu_2372_p2                    |        or|   0|  0|    2|           1|           1|
    |or_ln1981_fu_2336_p2                      |        or|   0|  0|    2|           1|           1|
    |or_ln2018_fu_3276_p2                      |        or|   0|  0|    2|           1|           1|
    |or_ln2034_fu_4314_p2                      |        or|   0|  0|   64|          64|          64|
    |or_ln2075_fu_2456_p2                      |        or|   0|  0|    2|           1|           1|
    |subtract_fu_2546_p2                       |        or|   0|  0|    2|           1|           1|
    |grp_fu_883_p3                             |    select|   0|  0|    8|           1|           8|
    |grp_fu_888_p3                             |    select|   0|  0|    8|           1|           8|
    |grp_fu_893_p3                             |    select|   0|  0|    2|           1|           1|
    |grp_fu_898_p3                             |    select|   0|  0|    2|           1|           1|
    |grp_fu_903_p3                             |    select|   0|  0|    2|           1|           1|
    |grp_fu_908_p3                             |    select|   0|  0|    8|           1|           8|
    |grp_fu_913_p3                             |    select|   0|  0|   32|           1|          32|
    |grp_fu_918_p3                             |    select|   0|  0|    8|           1|           8|
    |grp_fu_923_p3                             |    select|   0|  0|    8|           1|           8|
    |high_5_fu_4571_p3                         |    select|   0|  0|   64|           1|          64|
    |high_6_fu_4592_p3                         |    select|   0|  0|   64|           1|          64|
    |input_bit_fu_2486_p3                      |    select|   0|  0|    2|           1|           1|
    |op1_1_fu_3236_p3                          |    select|   0|  0|   64|           1|          64|
    |op2_2_fu_3282_p3                          |    select|   0|  0|   64|           1|          64|
    |op2_3_fu_3300_p3                          |    select|   0|  0|   64|           1|          64|
    |op2_fu_3249_p3                            |    select|   0|  0|   32|           1|          32|
    |pc_fu_3214_p3                             |    select|   0|  0|   64|           1|          64|
    |response_result_5_fu_4600_p3              |    select|   0|  0|   64|           1|          64|
    |response_result_6_fu_4607_p3              |    select|   0|  0|   64|           1|          64|
    |response_result_7_fu_4613_p3              |    select|   0|  0|   64|           1|          64|
    |response_result_8_fu_4620_p3              |    select|   0|  0|   64|           1|          64|
    |response_result_9_fu_1239_p3              |    select|   0|  0|   64|           1|          64|
    |result_fu_2800_p3                         |    select|   0|  0|   64|           1|          64|
    |select_ln1423_fu_1954_p3                  |    select|   0|  0|    2|           1|           1|
    |select_ln1424_1_fu_1966_p3                |    select|   0|  0|    8|           1|           8|
    |select_ln1424_2_fu_1978_p3                |    select|   0|  0|    8|           1|           8|
    |select_ln1424_fu_1960_p3                  |    select|   0|  0|    8|           1|           8|
    |select_ln1427_4_fu_2178_p3                |    select|   0|  0|    2|           1|           2|
    |select_ln1427_fu_2158_p3                  |    select|   0|  0|    2|           1|           2|
    |select_ln1428_fu_2034_p3                  |    select|   0|  0|    3|           1|           1|
    |select_ln1430_fu_2060_p3                  |    select|   0|  0|    3|           1|           1|
    |select_ln1742_fu_2724_p3                  |    select|   0|  0|   64|           1|          64|
    |select_ln1752_fu_2830_p3                  |    select|   0|  0|   64|           1|          64|
    |select_ln1756_fu_2838_p3                  |    select|   0|  0|   64|           1|          64|
    |select_ln1866_fu_2558_p3                  |    select|   0|  0|   64|           1|          64|
    |select_ln1871_fu_2618_p3                  |    select|   0|  0|    7|           1|           6|
    |select_ln1876_fu_2632_p3                  |    select|   0|  0|   32|           1|          32|
    |select_ln1880_fu_2780_p3                  |    select|   0|  0|   64|           1|          64|
    |select_ln1906_1_fu_3702_p3                |    select|   0|  0|    5|           1|           2|
    |select_ln1906_fu_3820_p3                  |    select|   0|  0|    5|           1|           2|
    |select_ln1936_1_fu_3182_p3                |    select|   0|  0|   64|           1|          64|
    |select_ln1936_fu_2988_p3                  |    select|   0|  0|   64|           1|          64|
    |select_ln1979_fu_1946_p3                  |    select|   0|  0|    2|           1|           1|
    |select_ln1982_fu_2382_p3                  |    select|   0|  0|    2|           1|           1|
    |select_ln1984_fu_2390_p3                  |    select|   0|  0|    8|           1|           8|
    |select_ln1986_fu_2407_p3                  |    select|   0|  0|    8|           1|           8|
    |select_ln1987_fu_2421_p3                  |    select|   0|  0|   64|           1|          64|
    |select_ln1988_fu_3020_p3                  |    select|   0|  0|    8|           1|           8|
    |select_ln1989_fu_3033_p3                  |    select|   0|  0|   64|           1|          64|
    |select_ln2017_fu_3225_p3                  |    select|   0|  0|    8|           1|           8|
    |select_ln2018_fu_3244_p3                  |    select|   0|  0|    8|           1|           8|
    |select_ln2023_10_fu_3449_p3               |    select|   0|  0|    8|           1|           8|
    |select_ln2023_11_fu_3455_p3               |    select|   0|  0|    2|           1|           1|
    |select_ln2023_9_fu_3444_p3                |    select|   0|  0|   64|           1|          64|
    |value_2_fu_3150_p3                        |    select|   0|  0|   64|           1|          64|
    |value_fu_2956_p3                          |    select|   0|  0|   64|           1|          64|
    |shl_ln1906_1_fu_3804_p2                   |       shl|   0|  0|   96|           1|          32|
    |shl_ln1906_2_fu_3680_p2                   |       shl|   0|  0|   96|           1|          32|
    |shl_ln1906_3_fu_3686_p2                   |       shl|   0|  0|   96|           1|          32|
    |shl_ln1906_fu_3798_p2                     |       shl|   0|  0|   96|           1|          32|
    |shl_ln2028_fu_4436_p2                     |       shl|   0|  0|  179|          64|          64|
    |shl_ln2038_fu_4218_p2                     |       shl|   0|  0|   96|          32|          32|
    |shl_ln286_9_fu_3197_p2                    |       shl|   0|  0|  155|           1|          52|
    |shl_ln286_fu_3003_p2                      |       shl|   0|  0|  155|           1|          52|
    |sel_tmp11_fu_2944_p2                      |       xor|   0|  0|    2|           1|           2|
    |sel_tmp32_fu_3138_p2                      |       xor|   0|  0|    2|           1|           2|
    |xor_ln1423_fu_2140_p2                     |       xor|   0|  0|    2|           1|           2|
    |xor_ln1424_fu_2198_p2                     |       xor|   0|  0|    2|           2|           1|
    |xor_ln1432_fu_2288_p2                     |       xor|   0|  0|    2|           1|           2|
    |xor_ln1434_fu_2300_p2                     |       xor|   0|  0|    2|           1|           2|
    |xor_ln1865_fu_2540_p2                     |       xor|   0|  0|    2|           1|           2|
    |xor_ln1880_fu_2788_p2                     |       xor|   0|  0|    2|           1|           2|
    |xor_ln1958_fu_1171_p2                     |       xor|   0|  0|    8|           8|           2|
    |xor_ln1981_fu_2354_p2                     |       xor|   0|  0|    2|           2|           1|
    |xor_ln2031_fu_4376_p2                     |       xor|   0|  0|   64|          64|          64|
    |xor_ln2054_fu_3936_p2                     |       xor|   0|  0|    2|           1|           2|
    |xor_ln2056_fu_3882_p2                     |       xor|   0|  0|    2|           1|           2|
    |xor_ln2075_fu_2450_p2                     |       xor|   0|  0|    2|           1|           2|
    |xor_ln965_1_fu_3164_p2                    |       xor|   0|  0|    2|           1|           2|
    |xor_ln965_fu_2970_p2                      |       xor|   0|  0|    2|           1|           2|
    +------------------------------------------+----------+----+---+-----+------------+------------+
    |Total                                     |          |   0|  0| 5765|        2722|        4304|
    +------------------------------------------+----------+----+---+-----+------------+------------+

    * Multiplexer: 
    +--------------------------------------------------------------+-----+-----------+-----+-----------+
    |                             Name                             | LUT | Input Size| Bits| Total Bits|
    +--------------------------------------------------------------+-----+-----------+-----+-----------+
    |ap_NS_fsm                                                     |   97|         19|    1|         19|
    |ap_phi_mux_rs2_phi_fu_766_p10                                 |   14|          3|   64|        192|
    |conflict_18_reg_687                                           |    9|          2|    1|          2|
    |conflict_20_reg_751                                           |    9|          2|    1|          2|
    |grp_fu_782_p0                                                 |   14|          3|   65|        195|
    |grp_fu_782_p1                                                 |   14|          3|   65|        195|
    |hit_19_reg_729                                                |    9|          2|    1|          2|
    |hit_reg_665                                                   |    9|          2|    1|          2|
    |i_64_reg_654                                                  |    9|          2|    2|          4|
    |i_65_reg_718                                                  |    9|          2|    2|          4|
    |i_fu_520                                                      |    9|          2|    2|          4|
    |reg_676                                                       |   14|          3|  128|        384|
    |rs1_reg_698                                                   |   26|          5|   64|        320|
    |rs2_reg_762                                                   |   26|          5|   64|        320|
    |state_execute_alu_results_exc_cause_0                         |   14|          3|   64|        192|
    |state_execute_alu_results_exc_cause_1                         |   14|          3|   64|        192|
    |state_execute_alu_results_exception_0                         |   14|          3|    1|          3|
    |state_execute_alu_results_exception_1                         |   14|          3|    1|          3|
    |state_execute_alu_results_is_load_0                           |   14|          3|    1|          3|
    |state_execute_alu_results_is_load_1                           |   14|          3|    1|          3|
    |state_execute_alu_results_is_store_0                          |   14|          3|    1|          3|
    |state_execute_alu_results_is_store_1                          |   14|          3|    1|          3|
    |state_execute_alu_results_memory_address_0                    |   14|          3|   64|        192|
    |state_execute_alu_results_memory_address_1                    |   14|          3|   64|        192|
    |state_execute_alu_results_memory_mask_0                       |   20|          4|    5|         20|
    |state_execute_alu_results_memory_mask_1                       |   20|          4|    5|         20|
    |state_execute_alu_results_memory_size_0                       |   14|          3|    8|         24|
    |state_execute_alu_results_memory_size_1                       |   14|          3|    8|         24|
    |state_execute_alu_results_memory_valid_0                      |   14|          3|    1|          3|
    |state_execute_alu_results_memory_valid_1                      |   14|          3|    1|          3|
    |state_execute_alu_results_mispredict_0                        |   49|          9|    1|          9|
    |state_execute_alu_results_mispredict_1                        |   49|          9|    1|          9|
    |state_execute_alu_results_redirect_pc_0                       |   20|          4|   64|        256|
    |state_execute_alu_results_redirect_pc_1                       |   20|          4|   64|        256|
    |state_execute_alu_results_result_0                            |  116|         23|   64|       1472|
    |state_execute_alu_results_result_1                            |  121|         24|   64|       1536|
    |state_execute_alu_results_signed_load_0                       |   14|          3|    1|          3|
    |state_execute_alu_results_signed_load_1                       |   14|          3|    1|          3|
    |state_execute_alu_results_store_data_0                        |   14|          3|   64|        192|
    |state_execute_alu_results_store_data_1                        |   14|          3|   64|        192|
    |state_execute_alu_results_uop_branch_br_mask_1                |   14|          3|    8|         24|
    |state_execute_alu_results_uop_branch_br_tag_1                 |   14|          3|    8|         24|
    |state_execute_alu_results_uop_branch_is_br_1                  |   14|          3|    1|          3|
    |state_execute_alu_results_uop_branch_is_jal_1                 |   14|          3|    1|          3|
    |state_execute_alu_results_uop_branch_is_jalr_1                |   14|          3|    1|          3|
    |state_execute_alu_results_uop_queue_rob_allocation_id_1       |   14|          3|   32|         96|
    |state_execute_alu_results_uop_queue_rob_idx_1                 |   14|          3|    8|         24|
    |state_execute_alu_results_uop_rename_dst_rtype_1              |   14|          3|    8|         24|
    |state_execute_alu_results_uop_rename_pdst_1                   |   14|          3|    8|         24|
    |state_execute_alu_results_valid_0_o                           |    9|          2|    1|          2|
    |state_execute_alu_results_valid_1_o                           |    9|          2|    1|          2|
    |state_execute_divider_allocation_id_o                         |   14|          3|   32|         96|
    |state_execute_divider_arithmetic_busy_o                       |   14|          3|    1|          3|
    |state_execute_divider_arithmetic_busy_o_ap_vld                |   14|          3|    1|          3|
    |state_execute_divider_arithmetic_dividend_magnitude_o         |   20|          4|   64|        256|
    |state_execute_divider_arithmetic_dividend_magnitude_o_ap_vld  |   14|          3|    1|          3|
    |state_execute_divider_arithmetic_divisor_magnitude_o          |   14|          3|   64|        192|
    |state_execute_divider_arithmetic_divisor_magnitude_o_ap_vld   |   14|          3|    1|          3|
    |state_execute_divider_arithmetic_iteration_o                  |   20|          4|    8|         32|
    |state_execute_divider_arithmetic_iteration_o_ap_vld           |   14|          3|    1|          3|
    |state_execute_divider_arithmetic_operation_o                  |   14|          3|    6|         18|
    |state_execute_divider_arithmetic_operation_o_ap_vld           |   14|          3|    1|          3|
    |state_execute_divider_arithmetic_original_dividend_o          |   20|          4|   64|        256|
    |state_execute_divider_arithmetic_original_dividend_o_ap_vld   |   14|          3|    1|          3|
    |state_execute_divider_arithmetic_quotient_negative_o          |   14|          3|    1|          3|
    |state_execute_divider_arithmetic_quotient_negative_o_ap_vld   |   14|          3|    1|          3|
    |state_execute_divider_arithmetic_quotient_o                   |   20|          4|   63|        252|
    |state_execute_divider_arithmetic_quotient_o_ap_vld            |   14|          3|    1|          3|
    |state_execute_divider_arithmetic_remainder_negative_o         |   14|          3|    1|          3|
    |state_execute_divider_arithmetic_remainder_negative_o_ap_vld  |   14|          3|    1|          3|
    |state_execute_divider_arithmetic_remainder_o                  |   20|          4|   64|        256|
    |state_execute_divider_arithmetic_remainder_o_ap_vld           |   14|          3|    1|          3|
    |state_execute_divider_arithmetic_result_pending_o             |   20|          4|    1|          4|
    |state_execute_divider_arithmetic_result_pending_o_ap_vld      |   14|          3|    1|          3|
    |state_execute_divider_arithmetic_word_operation_o             |   14|          3|    1|          3|
    |state_execute_divider_arithmetic_word_operation_o_ap_vld      |   14|          3|    1|          3|
    |state_execute_divider_branch_mask_o                           |   20|          4|    8|         32|
    |state_execute_divider_rob_idx_o                               |   14|          3|    8|         24|
    |state_execute_divider_token_valid_o                           |   14|          3|    1|          3|
    |state_execute_divider_uop_branch_br_mask_o                    |   20|          4|    8|         32|
    |state_execute_divider_uop_branch_br_tag_o                     |   14|          3|    8|         24|
    |state_execute_divider_uop_branch_is_br_o                      |   14|          3|    1|          3|
    |state_execute_divider_uop_branch_is_jal_o                     |   14|          3|    1|          3|
    |state_execute_divider_uop_branch_is_jalr_o                    |   14|          3|    1|          3|
    |state_execute_divider_uop_queue_rob_allocation_id_o           |   14|          3|   32|         96|
    |state_execute_divider_uop_queue_rob_idx_o                     |   14|          3|    8|         24|
    |state_execute_divider_uop_rename_dst_rtype_o                  |   14|          3|    8|         24|
    |state_execute_divider_uop_rename_pdst_o                       |   14|          3|    8|         24|
    |state_int_rf_bank0_address0                                   |   14|          3|    6|         18|
    |state_int_rf_bank1_address0                                   |   14|          3|    6|         18|
    |state_rename_int_free_list_busy_table_address0                |   14|          3|    6|         18|
    |state_rob_entries_busy_address0                               |   14|          3|    5|         15|
    |state_rob_entries_uop_queue_rob_allocation_id_address0        |   14|          3|    5|         15|
    |state_rob_entries_valid_address0                              |   14|          3|    5|         15|
    |value_3_reg_740                                               |    9|          2|   64|        128|
    +--------------------------------------------------------------+-----+-----------+-----+-----------+
    |Total                                                         | 1738|        360| 1787|       8611|
    +--------------------------------------------------------------+-----+-----------+-----+-----------+

    * Register: 
    +-------------------------------------------------------+-----+----+-----+-----------+
    |                          Name                         |  FF | LUT| Bits| Const Bits|
    +-------------------------------------------------------+-----+----+-----+-----------+
    |add_ln1978_reg_4978                                    |    2|   0|    2|          0|
    |and_ln1430_reg_5025                                    |    1|   0|    1|          0|
    |and_ln1983_reg_4971                                    |    1|   0|    1|          0|
    |ap_CS_fsm                                              |   18|   0|   18|          0|
    |conflict_18_reg_687                                    |    1|   0|    1|          0|
    |conflict_20_reg_751                                    |    1|   0|    1|          0|
    |divider_accepted_fu_524                                |    1|   0|    1|          0|
    |high_reg_5252                                          |   64|   0|   64|          0|
    |hit_19_reg_729                                         |    1|   0|    1|          0|
    |hit_reg_665                                            |    1|   0|    1|          0|
    |i_64_reg_654                                           |    2|   0|    2|          0|
    |i_65_reg_718                                           |    2|   0|    2|          0|
    |i_fu_520                                               |    2|   0|    2|          0|
    |icmp_ln1427_12_reg_5030                                |    1|   0|    1|          0|
    |icmp_ln1652_1_reg_5264                                 |    1|   0|    1|          0|
    |icmp_ln1652_2_reg_5269                                 |    1|   0|    1|          0|
    |icmp_ln1652_3_reg_5274                                 |    1|   0|    1|          0|
    |icmp_ln1652_reg_5259                                   |    1|   0|    1|          0|
    |icmp_ln1917_1_reg_4777                                 |    1|   0|    1|          0|
    |icmp_ln1917_reg_4773                                   |    1|   0|    1|          0|
    |icmp_ln1955_reg_4764                                   |    1|   0|    1|          0|
    |icmp_ln286_9_reg_5229                                  |    1|   0|    1|          0|
    |icmp_ln286_reg_5137                                    |    1|   0|    1|          0|
    |or_ln1932_1_reg_5163                                   |    1|   0|    1|          0|
    |or_ln1932_reg_5056                                     |    1|   0|    1|          0|
    |or_ln1936_1_reg_5205                                   |    1|   0|    1|          0|
    |or_ln1936_reg_5113                                     |    1|   0|    1|          0|
    |reg_676                                                |  128|   0|  128|          0|
    |reg_959                                                |    8|   0|    8|          0|
    |reg_963                                                |    8|   0|    8|          0|
    |reg_967                                                |    8|   0|    8|          0|
    |reg_971                                                |   64|   0|   64|          0|
    |reg_975                                                |   64|   0|   64|          0|
    |reg_979                                                |   64|   0|   64|          0|
    |request_operation_reg_5279                             |    6|   0|    6|          0|
    |rs1_reg_698                                            |   64|   0|   64|          0|
    |rs2_reg_762                                            |   64|   0|   64|          0|
    |select_ln1423_reg_5008                                 |    1|   0|    1|          0|
    |select_ln1424_2_reg_5012                               |    8|   0|    8|          0|
    |select_ln1986_reg_5044                                 |    8|   0|    8|          0|
    |select_ln1987_reg_5051                                 |   64|   0|   64|          0|
    |select_ln1988_reg_5151                                 |    8|   0|    8|          0|
    |select_ln1989_reg_5158                                 |   64|   0|   64|          0|
    |select_ln1999_1_reg_5300                               |    8|   0|    8|          0|
    |select_ln1999_reg_5290                                 |   32|   0|   32|          0|
    |select_ln2023_9_reg_5246                               |   64|   0|   64|          0|
    |state_completion_bypass_valid_0_load_1_reg_5167        |    1|   0|    1|          0|
    |state_completion_bypass_valid_0_load_reg_5060          |    1|   0|    1|          0|
    |state_completion_bypass_valid_1_load_1_reg_5172        |    1|   0|    1|          0|
    |state_completion_bypass_valid_1_load_reg_5065          |    1|   0|    1|          0|
    |state_completion_bypass_valid_2_load_1_reg_5177        |    1|   0|    1|          0|
    |state_completion_bypass_valid_2_load_reg_5070          |    1|   0|    1|          0|
    |state_execute_divider_allocation_id_load_reg_4768      |   32|   0|   32|          0|
    |state_execute_divider_token_valid_load_reg_4749        |    1|   0|    1|          0|
    |state_rename_int_free_list_busy_table_load_2_reg_5225  |    1|   0|    1|          0|
    |state_rename_int_free_list_busy_table_load_reg_5133    |    1|   0|    1|          0|
    |state_rob_entries_busy_load_reg_4801                   |    1|   0|    1|          0|
    |state_rob_entries_valid_load_reg_4792                  |    1|   0|    1|          0|
    |trunc_ln1424_reg_5020                                  |    6|   0|    6|          0|
    |trunc_ln1979_reg_4983                                  |    1|   0|    1|          0|
    |trunc_ln1988_reg_4869                                  |   52|   0|   52|          0|
    |value_3_reg_740                                        |   64|   0|   64|          0|
    |zext_ln1919_reg_4781                                   |    8|   0|   64|         56|
    |zext_ln1938_1_reg_5214                                 |    8|   0|   64|         56|
    |zext_ln1938_reg_5122                                   |    8|   0|   64|         56|
    |zext_ln2000_reg_5309                                   |    8|   0|   64|         56|
    +-------------------------------------------------------+-----+----+-----+-----------+
    |Total                                                  | 1044|   0| 1268|        224|
    +-------------------------------------------------------+-----+----+-----+-----------+



================================================================
== Interface
================================================================
* Summary: 
+----------------------------------------------------------------+-----+-----+------------+---------------------------------------------------------+--------------+
|                            RTL Ports                           | Dir | Bits|  Protocol  |                      Source Object                      |    C Type    |
+----------------------------------------------------------------+-----+-----+------------+---------------------------------------------------------+--------------+
|ap_clk                                                          |   in|    1|  ap_ctrl_hs|                                           execute_module|  return value|
|ap_rst                                                          |   in|    1|  ap_ctrl_hs|                                           execute_module|  return value|
|ap_start                                                        |   in|    1|  ap_ctrl_hs|                                           execute_module|  return value|
|ap_done                                                         |  out|    1|  ap_ctrl_hs|                                           execute_module|  return value|
|ap_idle                                                         |  out|    1|  ap_ctrl_hs|                                           execute_module|  return value|
|ap_ready                                                        |  out|    1|  ap_ctrl_hs|                                           execute_module|  return value|
|state_execute_alu_results_uop_branch_br_mask_2                  |  out|    8|      ap_vld|           state_execute_alu_results_uop_branch_br_mask_2|       pointer|
|state_execute_alu_results_uop_branch_br_mask_2_ap_vld           |  out|    1|      ap_vld|           state_execute_alu_results_uop_branch_br_mask_2|       pointer|
|state_execute_divider_token_valid_i                             |   in|    1|     ap_ovld|                        state_execute_divider_token_valid|       pointer|
|state_execute_divider_token_valid_o                             |  out|    1|     ap_ovld|                        state_execute_divider_token_valid|       pointer|
|state_execute_divider_token_valid_o_ap_vld                      |  out|    1|     ap_ovld|                        state_execute_divider_token_valid|       pointer|
|state_brupdate_valid                                            |   in|    1|     ap_none|                                     state_brupdate_valid|       pointer|
|state_brupdate_mispredict                                       |   in|    1|     ap_none|                                state_brupdate_mispredict|       pointer|
|state_brupdate_mispredict_mask                                  |   in|    8|     ap_none|                           state_brupdate_mispredict_mask|       pointer|
|state_execute_divider_branch_mask_i                             |   in|    8|     ap_ovld|                        state_execute_divider_branch_mask|       pointer|
|state_execute_divider_branch_mask_o                             |  out|    8|     ap_ovld|                        state_execute_divider_branch_mask|       pointer|
|state_execute_divider_branch_mask_o_ap_vld                      |  out|    1|     ap_ovld|                        state_execute_divider_branch_mask|       pointer|
|state_execute_divider_arithmetic_busy_i                         |   in|    1|     ap_ovld|                    state_execute_divider_arithmetic_busy|       pointer|
|state_execute_divider_arithmetic_busy_o                         |  out|    1|     ap_ovld|                    state_execute_divider_arithmetic_busy|       pointer|
|state_execute_divider_arithmetic_busy_o_ap_vld                  |  out|    1|     ap_ovld|                    state_execute_divider_arithmetic_busy|       pointer|
|state_execute_divider_arithmetic_result_pending_i               |   in|    1|     ap_ovld|          state_execute_divider_arithmetic_result_pending|       pointer|
|state_execute_divider_arithmetic_result_pending_o               |  out|    1|     ap_ovld|          state_execute_divider_arithmetic_result_pending|       pointer|
|state_execute_divider_arithmetic_result_pending_o_ap_vld        |  out|    1|     ap_ovld|          state_execute_divider_arithmetic_result_pending|       pointer|
|state_execute_divider_arithmetic_operation_i                    |   in|    6|     ap_ovld|               state_execute_divider_arithmetic_operation|       pointer|
|state_execute_divider_arithmetic_operation_o                    |  out|    6|     ap_ovld|               state_execute_divider_arithmetic_operation|       pointer|
|state_execute_divider_arithmetic_operation_o_ap_vld             |  out|    1|     ap_ovld|               state_execute_divider_arithmetic_operation|       pointer|
|state_execute_divider_arithmetic_original_dividend_i            |   in|   64|     ap_ovld|       state_execute_divider_arithmetic_original_dividend|       pointer|
|state_execute_divider_arithmetic_original_dividend_o            |  out|   64|     ap_ovld|       state_execute_divider_arithmetic_original_dividend|       pointer|
|state_execute_divider_arithmetic_original_dividend_o_ap_vld     |  out|    1|     ap_ovld|       state_execute_divider_arithmetic_original_dividend|       pointer|
|state_execute_divider_arithmetic_dividend_magnitude_i           |   in|   64|     ap_ovld|      state_execute_divider_arithmetic_dividend_magnitude|       pointer|
|state_execute_divider_arithmetic_dividend_magnitude_o           |  out|   64|     ap_ovld|      state_execute_divider_arithmetic_dividend_magnitude|       pointer|
|state_execute_divider_arithmetic_dividend_magnitude_o_ap_vld    |  out|    1|     ap_ovld|      state_execute_divider_arithmetic_dividend_magnitude|       pointer|
|state_execute_divider_arithmetic_divisor_magnitude_i            |   in|   64|     ap_ovld|       state_execute_divider_arithmetic_divisor_magnitude|       pointer|
|state_execute_divider_arithmetic_divisor_magnitude_o            |  out|   64|     ap_ovld|       state_execute_divider_arithmetic_divisor_magnitude|       pointer|
|state_execute_divider_arithmetic_divisor_magnitude_o_ap_vld     |  out|    1|     ap_ovld|       state_execute_divider_arithmetic_divisor_magnitude|       pointer|
|state_execute_divider_arithmetic_quotient_i                     |   in|   63|     ap_ovld|                state_execute_divider_arithmetic_quotient|       pointer|
|state_execute_divider_arithmetic_quotient_o                     |  out|   63|     ap_ovld|                state_execute_divider_arithmetic_quotient|       pointer|
|state_execute_divider_arithmetic_quotient_o_ap_vld              |  out|    1|     ap_ovld|                state_execute_divider_arithmetic_quotient|       pointer|
|state_execute_divider_arithmetic_remainder_i                    |   in|   64|     ap_ovld|               state_execute_divider_arithmetic_remainder|       pointer|
|state_execute_divider_arithmetic_remainder_o                    |  out|   64|     ap_ovld|               state_execute_divider_arithmetic_remainder|       pointer|
|state_execute_divider_arithmetic_remainder_o_ap_vld             |  out|    1|     ap_ovld|               state_execute_divider_arithmetic_remainder|       pointer|
|state_execute_divider_arithmetic_iteration_i                    |   in|    8|     ap_ovld|               state_execute_divider_arithmetic_iteration|       pointer|
|state_execute_divider_arithmetic_iteration_o                    |  out|    8|     ap_ovld|               state_execute_divider_arithmetic_iteration|       pointer|
|state_execute_divider_arithmetic_iteration_o_ap_vld             |  out|    1|     ap_ovld|               state_execute_divider_arithmetic_iteration|       pointer|
|state_execute_divider_arithmetic_quotient_negative_i            |   in|    1|     ap_ovld|       state_execute_divider_arithmetic_quotient_negative|       pointer|
|state_execute_divider_arithmetic_quotient_negative_o            |  out|    1|     ap_ovld|       state_execute_divider_arithmetic_quotient_negative|       pointer|
|state_execute_divider_arithmetic_quotient_negative_o_ap_vld     |  out|    1|     ap_ovld|       state_execute_divider_arithmetic_quotient_negative|       pointer|
|state_execute_divider_arithmetic_remainder_negative_i           |   in|    1|     ap_ovld|      state_execute_divider_arithmetic_remainder_negative|       pointer|
|state_execute_divider_arithmetic_remainder_negative_o           |  out|    1|     ap_ovld|      state_execute_divider_arithmetic_remainder_negative|       pointer|
|state_execute_divider_arithmetic_remainder_negative_o_ap_vld    |  out|    1|     ap_ovld|      state_execute_divider_arithmetic_remainder_negative|       pointer|
|state_execute_divider_arithmetic_word_operation_i               |   in|    1|     ap_ovld|          state_execute_divider_arithmetic_word_operation|       pointer|
|state_execute_divider_arithmetic_word_operation_o               |  out|    1|     ap_ovld|          state_execute_divider_arithmetic_word_operation|       pointer|
|state_execute_divider_arithmetic_word_operation_o_ap_vld        |  out|    1|     ap_ovld|          state_execute_divider_arithmetic_word_operation|       pointer|
|state_execute_divider_uop_branch_br_mask_i                      |   in|    8|     ap_ovld|                 state_execute_divider_uop_branch_br_mask|       pointer|
|state_execute_divider_uop_branch_br_mask_o                      |  out|    8|     ap_ovld|                 state_execute_divider_uop_branch_br_mask|       pointer|
|state_execute_divider_uop_branch_br_mask_o_ap_vld               |  out|    1|     ap_ovld|                 state_execute_divider_uop_branch_br_mask|       pointer|
|state_execute_divider_uop_branch_br_tag_i                       |   in|    8|     ap_ovld|                  state_execute_divider_uop_branch_br_tag|       pointer|
|state_execute_divider_uop_branch_br_tag_o                       |  out|    8|     ap_ovld|                  state_execute_divider_uop_branch_br_tag|       pointer|
|state_execute_divider_uop_branch_br_tag_o_ap_vld                |  out|    1|     ap_ovld|                  state_execute_divider_uop_branch_br_tag|       pointer|
|state_execute_divider_uop_branch_is_br_i                        |   in|    1|     ap_ovld|                   state_execute_divider_uop_branch_is_br|       pointer|
|state_execute_divider_uop_branch_is_br_o                        |  out|    1|     ap_ovld|                   state_execute_divider_uop_branch_is_br|       pointer|
|state_execute_divider_uop_branch_is_br_o_ap_vld                 |  out|    1|     ap_ovld|                   state_execute_divider_uop_branch_is_br|       pointer|
|state_execute_divider_uop_branch_is_jalr_i                      |   in|    1|     ap_ovld|                 state_execute_divider_uop_branch_is_jalr|       pointer|
|state_execute_divider_uop_branch_is_jalr_o                      |  out|    1|     ap_ovld|                 state_execute_divider_uop_branch_is_jalr|       pointer|
|state_execute_divider_uop_branch_is_jalr_o_ap_vld               |  out|    1|     ap_ovld|                 state_execute_divider_uop_branch_is_jalr|       pointer|
|state_execute_divider_uop_branch_is_jal_i                       |   in|    1|     ap_ovld|                  state_execute_divider_uop_branch_is_jal|       pointer|
|state_execute_divider_uop_branch_is_jal_o                       |  out|    1|     ap_ovld|                  state_execute_divider_uop_branch_is_jal|       pointer|
|state_execute_divider_uop_branch_is_jal_o_ap_vld                |  out|    1|     ap_ovld|                  state_execute_divider_uop_branch_is_jal|       pointer|
|state_execute_divider_uop_queue_rob_idx_i                       |   in|    8|     ap_ovld|                  state_execute_divider_uop_queue_rob_idx|       pointer|
|state_execute_divider_uop_queue_rob_idx_o                       |  out|    8|     ap_ovld|                  state_execute_divider_uop_queue_rob_idx|       pointer|
|state_execute_divider_uop_queue_rob_idx_o_ap_vld                |  out|    1|     ap_ovld|                  state_execute_divider_uop_queue_rob_idx|       pointer|
|state_execute_divider_uop_queue_rob_allocation_id_i             |   in|   32|     ap_ovld|        state_execute_divider_uop_queue_rob_allocation_id|       pointer|
|state_execute_divider_uop_queue_rob_allocation_id_o             |  out|   32|     ap_ovld|        state_execute_divider_uop_queue_rob_allocation_id|       pointer|
|state_execute_divider_uop_queue_rob_allocation_id_o_ap_vld      |  out|    1|     ap_ovld|        state_execute_divider_uop_queue_rob_allocation_id|       pointer|
|state_execute_divider_uop_rename_pdst_i                         |   in|    8|     ap_ovld|                    state_execute_divider_uop_rename_pdst|       pointer|
|state_execute_divider_uop_rename_pdst_o                         |  out|    8|     ap_ovld|                    state_execute_divider_uop_rename_pdst|       pointer|
|state_execute_divider_uop_rename_pdst_o_ap_vld                  |  out|    1|     ap_ovld|                    state_execute_divider_uop_rename_pdst|       pointer|
|state_execute_divider_uop_rename_dst_rtype_i                    |   in|    8|     ap_ovld|               state_execute_divider_uop_rename_dst_rtype|       pointer|
|state_execute_divider_uop_rename_dst_rtype_o                    |  out|    8|     ap_ovld|               state_execute_divider_uop_rename_dst_rtype|       pointer|
|state_execute_divider_uop_rename_dst_rtype_o_ap_vld             |  out|    1|     ap_ovld|               state_execute_divider_uop_rename_dst_rtype|       pointer|
|state_execute_divider_rob_idx_i                                 |   in|    8|     ap_ovld|                            state_execute_divider_rob_idx|       pointer|
|state_execute_divider_rob_idx_o                                 |  out|    8|     ap_ovld|                            state_execute_divider_rob_idx|       pointer|
|state_execute_divider_rob_idx_o_ap_vld                          |  out|    1|     ap_ovld|                            state_execute_divider_rob_idx|       pointer|
|state_execute_divider_allocation_id_i                           |   in|   32|     ap_ovld|                      state_execute_divider_allocation_id|       pointer|
|state_execute_divider_allocation_id_o                           |  out|   32|     ap_ovld|                      state_execute_divider_allocation_id|       pointer|
|state_execute_divider_allocation_id_o_ap_vld                    |  out|    1|     ap_ovld|                      state_execute_divider_allocation_id|       pointer|
|state_brupdate_resolve_mask                                     |   in|    8|     ap_none|                              state_brupdate_resolve_mask|       pointer|
|state_rob_entries_valid_address0                                |  out|    5|   ap_memory|                                  state_rob_entries_valid|         array|
|state_rob_entries_valid_ce0                                     |  out|    1|   ap_memory|                                  state_rob_entries_valid|         array|
|state_rob_entries_valid_q0                                      |   in|    1|   ap_memory|                                  state_rob_entries_valid|         array|
|state_rob_entries_busy_address0                                 |  out|    5|   ap_memory|                                   state_rob_entries_busy|         array|
|state_rob_entries_busy_ce0                                      |  out|    1|   ap_memory|                                   state_rob_entries_busy|         array|
|state_rob_entries_busy_q0                                       |   in|    1|   ap_memory|                                   state_rob_entries_busy|         array|
|state_rob_entries_uop_queue_rob_allocation_id_address0          |  out|    5|   ap_memory|            state_rob_entries_uop_queue_rob_allocation_id|         array|
|state_rob_entries_uop_queue_rob_allocation_id_ce0               |  out|    1|   ap_memory|            state_rob_entries_uop_queue_rob_allocation_id|         array|
|state_rob_entries_uop_queue_rob_allocation_id_q0                |   in|   32|   ap_memory|            state_rob_entries_uop_queue_rob_allocation_id|         array|
|state_execute_alu_results_valid_1_i                             |   in|    1|     ap_ovld|                        state_execute_alu_results_valid_1|       pointer|
|state_execute_alu_results_valid_1_o                             |  out|    1|     ap_ovld|                        state_execute_alu_results_valid_1|       pointer|
|state_execute_alu_results_valid_1_o_ap_vld                      |  out|    1|     ap_ovld|                        state_execute_alu_results_valid_1|       pointer|
|state_execute_alu_results_exception_1                           |  out|    1|      ap_vld|                    state_execute_alu_results_exception_1|       pointer|
|state_execute_alu_results_exception_1_ap_vld                    |  out|    1|      ap_vld|                    state_execute_alu_results_exception_1|       pointer|
|state_execute_alu_results_exc_cause_1                           |  out|   64|      ap_vld|                    state_execute_alu_results_exc_cause_1|       pointer|
|state_execute_alu_results_exc_cause_1_ap_vld                    |  out|    1|      ap_vld|                    state_execute_alu_results_exc_cause_1|       pointer|
|state_execute_alu_results_mispredict_1                          |  out|    1|      ap_vld|                   state_execute_alu_results_mispredict_1|       pointer|
|state_execute_alu_results_mispredict_1_ap_vld                   |  out|    1|      ap_vld|                   state_execute_alu_results_mispredict_1|       pointer|
|state_execute_alu_results_redirect_pc_1                         |  out|   64|      ap_vld|                  state_execute_alu_results_redirect_pc_1|       pointer|
|state_execute_alu_results_redirect_pc_1_ap_vld                  |  out|    1|      ap_vld|                  state_execute_alu_results_redirect_pc_1|       pointer|
|state_execute_alu_results_memory_valid_1                        |  out|    1|      ap_vld|                 state_execute_alu_results_memory_valid_1|       pointer|
|state_execute_alu_results_memory_valid_1_ap_vld                 |  out|    1|      ap_vld|                 state_execute_alu_results_memory_valid_1|       pointer|
|state_execute_alu_results_is_load_1                             |  out|    1|      ap_vld|                      state_execute_alu_results_is_load_1|       pointer|
|state_execute_alu_results_is_load_1_ap_vld                      |  out|    1|      ap_vld|                      state_execute_alu_results_is_load_1|       pointer|
|state_execute_alu_results_is_store_1                            |  out|    1|      ap_vld|                     state_execute_alu_results_is_store_1|       pointer|
|state_execute_alu_results_is_store_1_ap_vld                     |  out|    1|      ap_vld|                     state_execute_alu_results_is_store_1|       pointer|
|state_execute_alu_results_signed_load_1                         |  out|    1|      ap_vld|                  state_execute_alu_results_signed_load_1|       pointer|
|state_execute_alu_results_signed_load_1_ap_vld                  |  out|    1|      ap_vld|                  state_execute_alu_results_signed_load_1|       pointer|
|state_execute_alu_results_memory_address_1                      |  out|   64|      ap_vld|               state_execute_alu_results_memory_address_1|       pointer|
|state_execute_alu_results_memory_address_1_ap_vld               |  out|    1|      ap_vld|               state_execute_alu_results_memory_address_1|       pointer|
|state_execute_alu_results_store_data_1                          |  out|   64|      ap_vld|                   state_execute_alu_results_store_data_1|       pointer|
|state_execute_alu_results_store_data_1_ap_vld                   |  out|    1|      ap_vld|                   state_execute_alu_results_store_data_1|       pointer|
|state_execute_alu_results_memory_mask_1                         |  out|    5|      ap_vld|                  state_execute_alu_results_memory_mask_1|       pointer|
|state_execute_alu_results_memory_mask_1_ap_vld                  |  out|    1|      ap_vld|                  state_execute_alu_results_memory_mask_1|       pointer|
|state_execute_alu_results_memory_size_1                         |  out|    8|      ap_vld|                  state_execute_alu_results_memory_size_1|       pointer|
|state_execute_alu_results_memory_size_1_ap_vld                  |  out|    1|      ap_vld|                  state_execute_alu_results_memory_size_1|       pointer|
|state_execute_alu_results_uop_branch_br_mask_1                  |  out|    8|      ap_vld|           state_execute_alu_results_uop_branch_br_mask_1|       pointer|
|state_execute_alu_results_uop_branch_br_mask_1_ap_vld           |  out|    1|      ap_vld|           state_execute_alu_results_uop_branch_br_mask_1|       pointer|
|state_execute_alu_results_uop_branch_br_tag_1                   |  out|    8|      ap_vld|            state_execute_alu_results_uop_branch_br_tag_1|       pointer|
|state_execute_alu_results_uop_branch_br_tag_1_ap_vld            |  out|    1|      ap_vld|            state_execute_alu_results_uop_branch_br_tag_1|       pointer|
|state_execute_alu_results_uop_branch_is_br_1                    |  out|    1|      ap_vld|             state_execute_alu_results_uop_branch_is_br_1|       pointer|
|state_execute_alu_results_uop_branch_is_br_1_ap_vld             |  out|    1|      ap_vld|             state_execute_alu_results_uop_branch_is_br_1|       pointer|
|state_execute_alu_results_uop_branch_is_jalr_1                  |  out|    1|      ap_vld|           state_execute_alu_results_uop_branch_is_jalr_1|       pointer|
|state_execute_alu_results_uop_branch_is_jalr_1_ap_vld           |  out|    1|      ap_vld|           state_execute_alu_results_uop_branch_is_jalr_1|       pointer|
|state_execute_alu_results_uop_branch_is_jal_1                   |  out|    1|      ap_vld|            state_execute_alu_results_uop_branch_is_jal_1|       pointer|
|state_execute_alu_results_uop_branch_is_jal_1_ap_vld            |  out|    1|      ap_vld|            state_execute_alu_results_uop_branch_is_jal_1|       pointer|
|state_execute_alu_results_uop_queue_rob_idx_1                   |  out|    8|      ap_vld|            state_execute_alu_results_uop_queue_rob_idx_1|       pointer|
|state_execute_alu_results_uop_queue_rob_idx_1_ap_vld            |  out|    1|      ap_vld|            state_execute_alu_results_uop_queue_rob_idx_1|       pointer|
|state_execute_alu_results_uop_queue_rob_allocation_id_1         |  out|   32|      ap_vld|  state_execute_alu_results_uop_queue_rob_allocation_id_1|       pointer|
|state_execute_alu_results_uop_queue_rob_allocation_id_1_ap_vld  |  out|    1|      ap_vld|  state_execute_alu_results_uop_queue_rob_allocation_id_1|       pointer|
|state_execute_alu_results_uop_rename_pdst_1                     |  out|    8|      ap_vld|              state_execute_alu_results_uop_rename_pdst_1|       pointer|
|state_execute_alu_results_uop_rename_pdst_1_ap_vld              |  out|    1|      ap_vld|              state_execute_alu_results_uop_rename_pdst_1|       pointer|
|state_execute_alu_results_uop_rename_dst_rtype_1                |  out|    8|      ap_vld|         state_execute_alu_results_uop_rename_dst_rtype_1|       pointer|
|state_execute_alu_results_uop_rename_dst_rtype_1_ap_vld         |  out|    1|      ap_vld|         state_execute_alu_results_uop_rename_dst_rtype_1|       pointer|
|state_execute_alu_results_result_1                              |  out|   64|      ap_vld|                       state_execute_alu_results_result_1|       pointer|
|state_execute_alu_results_result_1_ap_vld                       |  out|    1|      ap_vld|                       state_execute_alu_results_result_1|       pointer|
|state_issue_issued_uops_exception_0                             |   in|    1|     ap_none|                      state_issue_issued_uops_exception_0|       pointer|
|state_issue_issued_uops_exception_1                             |   in|    1|     ap_none|                      state_issue_issued_uops_exception_1|       pointer|
|state_issue_issued_uops_iq_type_0                               |   in|    8|     ap_none|                        state_issue_issued_uops_iq_type_0|       pointer|
|state_issue_issued_uops_iq_type_1                               |   in|    8|     ap_none|                        state_issue_issued_uops_iq_type_1|       pointer|
|state_issue_issued_uops_fu_code_0                               |   in|    8|     ap_none|                        state_issue_issued_uops_fu_code_0|       pointer|
|state_issue_issued_uops_fu_code_1                               |   in|    8|     ap_none|                        state_issue_issued_uops_fu_code_1|       pointer|
|state_issue_issued_uops_uopc_0                                  |   in|    8|     ap_none|                           state_issue_issued_uops_uopc_0|       pointer|
|state_issue_issued_uops_uopc_1                                  |   in|    8|     ap_none|                           state_issue_issued_uops_uopc_1|       pointer|
|state_issue_issued_uops_branch_br_mask_0                        |   in|    8|     ap_none|                 state_issue_issued_uops_branch_br_mask_0|       pointer|
|state_issue_issued_uops_branch_br_mask_1                        |   in|    8|     ap_none|                 state_issue_issued_uops_branch_br_mask_1|       pointer|
|state_issue_issued_uops_rename_prs1_0                           |   in|    8|     ap_none|                    state_issue_issued_uops_rename_prs1_0|       pointer|
|state_issue_issued_uops_rename_prs1_1                           |   in|    8|     ap_none|                    state_issue_issued_uops_rename_prs1_1|       pointer|
|state_int_rf_latest_bank                                        |   in|   64|     ap_none|                                 state_int_rf_latest_bank|       pointer|
|state_issue_issued_uops_rename_prs2_0                           |   in|    8|     ap_none|                    state_issue_issued_uops_rename_prs2_0|       pointer|
|state_issue_issued_uops_rename_prs2_1                           |   in|    8|     ap_none|                    state_issue_issued_uops_rename_prs2_1|       pointer|
|state_issue_issued_uops_debug_pc_0                              |   in|   64|     ap_none|                       state_issue_issued_uops_debug_pc_0|       pointer|
|state_issue_issued_uops_debug_pc_1                              |   in|   64|     ap_none|                       state_issue_issued_uops_debug_pc_1|       pointer|
|state_issue_issued_uops_queue_rob_allocation_id_0               |   in|   32|     ap_none|        state_issue_issued_uops_queue_rob_allocation_id_0|       pointer|
|state_issue_issued_uops_queue_rob_allocation_id_1               |   in|   32|     ap_none|        state_issue_issued_uops_queue_rob_allocation_id_1|       pointer|
|state_issue_issued_uops_queue_rob_idx_0                         |   in|    8|     ap_none|                  state_issue_issued_uops_queue_rob_idx_0|       pointer|
|state_issue_issued_uops_queue_rob_idx_1                         |   in|    8|     ap_none|                  state_issue_issued_uops_queue_rob_idx_1|       pointer|
|state_issue_issued_uops_ctrl_op1_sel_0                          |   in|    8|     ap_none|                   state_issue_issued_uops_ctrl_op1_sel_0|       pointer|
|state_issue_issued_uops_ctrl_op1_sel_1                          |   in|    8|     ap_none|                   state_issue_issued_uops_ctrl_op1_sel_1|       pointer|
|state_issue_issued_uops_ctrl_op2_sel_0                          |   in|    8|     ap_none|                   state_issue_issued_uops_ctrl_op2_sel_0|       pointer|
|state_issue_issued_uops_ctrl_op2_sel_1                          |   in|    8|     ap_none|                   state_issue_issued_uops_ctrl_op2_sel_1|       pointer|
|state_issue_issued_uops_branch_br_tag_0                         |   in|    8|     ap_none|                  state_issue_issued_uops_branch_br_tag_0|       pointer|
|state_issue_issued_uops_branch_br_tag_1                         |   in|    8|     ap_none|                  state_issue_issued_uops_branch_br_tag_1|       pointer|
|state_issue_issued_uops_branch_is_br_0                          |   in|    1|     ap_none|                   state_issue_issued_uops_branch_is_br_0|       pointer|
|state_issue_issued_uops_branch_is_br_1                          |   in|    1|     ap_none|                   state_issue_issued_uops_branch_is_br_1|       pointer|
|state_issue_issued_uops_branch_is_jalr_0                        |   in|    1|     ap_none|                 state_issue_issued_uops_branch_is_jalr_0|       pointer|
|state_issue_issued_uops_branch_is_jalr_1                        |   in|    1|     ap_none|                 state_issue_issued_uops_branch_is_jalr_1|       pointer|
|state_issue_issued_uops_branch_is_jal_0                         |   in|    1|     ap_none|                  state_issue_issued_uops_branch_is_jal_0|       pointer|
|state_issue_issued_uops_branch_is_jal_1                         |   in|    1|     ap_none|                  state_issue_issued_uops_branch_is_jal_1|       pointer|
|state_issue_issued_uops_imm_packed_0                            |   in|   32|     ap_none|                     state_issue_issued_uops_imm_packed_0|       pointer|
|state_issue_issued_uops_imm_packed_1                            |   in|   32|     ap_none|                     state_issue_issued_uops_imm_packed_1|       pointer|
|state_issue_issued_uops_rename_pdst_0                           |   in|    8|     ap_none|                    state_issue_issued_uops_rename_pdst_0|       pointer|
|state_issue_issued_uops_rename_pdst_1                           |   in|    8|     ap_none|                    state_issue_issued_uops_rename_pdst_1|       pointer|
|state_issue_issued_uops_rename_dst_rtype_0                      |   in|    8|     ap_none|               state_issue_issued_uops_rename_dst_rtype_0|       pointer|
|state_issue_issued_uops_rename_dst_rtype_1                      |   in|    8|     ap_none|               state_issue_issued_uops_rename_dst_rtype_1|       pointer|
|state_issue_issued_uops_exc_cause_0                             |   in|   64|     ap_none|                      state_issue_issued_uops_exc_cause_0|       pointer|
|state_issue_issued_uops_exc_cause_1                             |   in|   64|     ap_none|                      state_issue_issued_uops_exc_cause_1|       pointer|
|state_issue_issued_uops_mem_mem_size_0                          |   in|    8|     ap_none|                   state_issue_issued_uops_mem_mem_size_0|       pointer|
|state_issue_issued_uops_mem_mem_size_1                          |   in|    8|     ap_none|                   state_issue_issued_uops_mem_mem_size_1|       pointer|
|state_issue_issued_uops_mem_mem_signed_0                        |   in|    1|     ap_none|                 state_issue_issued_uops_mem_mem_signed_0|       pointer|
|state_issue_issued_uops_mem_mem_signed_1                        |   in|    1|     ap_none|                 state_issue_issued_uops_mem_mem_signed_1|       pointer|
|state_issue_issued_valids_0                                     |   in|    1|     ap_none|                              state_issue_issued_valids_0|       pointer|
|state_issue_issued_valids_1                                     |   in|    1|     ap_none|                              state_issue_issued_valids_1|       pointer|
|state_execute_alu_results_valid_0_i                             |   in|    1|     ap_ovld|                        state_execute_alu_results_valid_0|       pointer|
|state_execute_alu_results_valid_0_o                             |  out|    1|     ap_ovld|                        state_execute_alu_results_valid_0|       pointer|
|state_execute_alu_results_valid_0_o_ap_vld                      |  out|    1|     ap_ovld|                        state_execute_alu_results_valid_0|       pointer|
|state_issue_issued_prs1_data_0                                  |   in|   64|     ap_none|                           state_issue_issued_prs1_data_0|       pointer|
|state_issue_issued_prs1_data_1                                  |   in|   64|     ap_none|                           state_issue_issued_prs1_data_1|       pointer|
|state_completion_bypass_valid_0                                 |   in|    1|     ap_none|                          state_completion_bypass_valid_0|       pointer|
|state_completion_bypass_valid_1                                 |   in|    1|     ap_none|                          state_completion_bypass_valid_1|       pointer|
|state_completion_bypass_valid_2                                 |   in|    1|     ap_none|                          state_completion_bypass_valid_2|       pointer|
|state_completion_bypass_pdst_0                                  |   in|    8|     ap_none|                           state_completion_bypass_pdst_0|       pointer|
|state_completion_bypass_pdst_1                                  |   in|    8|     ap_none|                           state_completion_bypass_pdst_1|       pointer|
|state_completion_bypass_pdst_2                                  |   in|    8|     ap_none|                           state_completion_bypass_pdst_2|       pointer|
|state_completion_bypass_value_0                                 |   in|   64|     ap_none|                          state_completion_bypass_value_0|       pointer|
|state_completion_bypass_value_1                                 |   in|   64|     ap_none|                          state_completion_bypass_value_1|       pointer|
|state_completion_bypass_value_2                                 |   in|   64|     ap_none|                          state_completion_bypass_value_2|       pointer|
|state_rename_int_free_list_busy_table_address0                  |  out|    6|   ap_memory|                    state_rename_int_free_list_busy_table|         array|
|state_rename_int_free_list_busy_table_ce0                       |  out|    1|   ap_memory|                    state_rename_int_free_list_busy_table|         array|
|state_rename_int_free_list_busy_table_q0                        |   in|    1|   ap_memory|                    state_rename_int_free_list_busy_table|         array|
|state_int_rf_bank1_address0                                     |  out|    6|   ap_memory|                                       state_int_rf_bank1|         array|
|state_int_rf_bank1_ce0                                          |  out|    1|   ap_memory|                                       state_int_rf_bank1|         array|
|state_int_rf_bank1_q0                                           |   in|   64|   ap_memory|                                       state_int_rf_bank1|         array|
|state_int_rf_bank0_address0                                     |  out|    6|   ap_memory|                                       state_int_rf_bank0|         array|
|state_int_rf_bank0_ce0                                          |  out|    1|   ap_memory|                                       state_int_rf_bank0|         array|
|state_int_rf_bank0_q0                                           |   in|   64|   ap_memory|                                       state_int_rf_bank0|         array|
|state_issue_issued_prs2_data_0                                  |   in|   64|     ap_none|                           state_issue_issued_prs2_data_0|       pointer|
|state_issue_issued_prs2_data_1                                  |   in|   64|     ap_none|                           state_issue_issued_prs2_data_1|       pointer|
|state_execute_alu_results_uop_rename_pdst_0                     |  out|    8|      ap_vld|              state_execute_alu_results_uop_rename_pdst_0|       pointer|
|state_execute_alu_results_uop_rename_pdst_0_ap_vld              |  out|    1|      ap_vld|              state_execute_alu_results_uop_rename_pdst_0|       pointer|
|state_execute_alu_results_uop_rename_dst_rtype_0                |  out|    8|      ap_vld|         state_execute_alu_results_uop_rename_dst_rtype_0|       pointer|
|state_execute_alu_results_uop_rename_dst_rtype_0_ap_vld         |  out|    1|      ap_vld|         state_execute_alu_results_uop_rename_dst_rtype_0|       pointer|
|state_execute_alu_results_uop_queue_rob_idx_0                   |  out|    8|      ap_vld|            state_execute_alu_results_uop_queue_rob_idx_0|       pointer|
|state_execute_alu_results_uop_queue_rob_idx_0_ap_vld            |  out|    1|      ap_vld|            state_execute_alu_results_uop_queue_rob_idx_0|       pointer|
|state_execute_alu_results_uop_queue_rob_allocation_id_0         |  out|   32|      ap_vld|  state_execute_alu_results_uop_queue_rob_allocation_id_0|       pointer|
|state_execute_alu_results_uop_queue_rob_allocation_id_0_ap_vld  |  out|    1|      ap_vld|  state_execute_alu_results_uop_queue_rob_allocation_id_0|       pointer|
|state_execute_alu_results_uop_branch_is_jalr_0                  |  out|    1|      ap_vld|           state_execute_alu_results_uop_branch_is_jalr_0|       pointer|
|state_execute_alu_results_uop_branch_is_jalr_0_ap_vld           |  out|    1|      ap_vld|           state_execute_alu_results_uop_branch_is_jalr_0|       pointer|
|state_execute_alu_results_uop_branch_is_jal_0                   |  out|    1|      ap_vld|            state_execute_alu_results_uop_branch_is_jal_0|       pointer|
|state_execute_alu_results_uop_branch_is_jal_0_ap_vld            |  out|    1|      ap_vld|            state_execute_alu_results_uop_branch_is_jal_0|       pointer|
|state_execute_alu_results_uop_branch_is_br_0                    |  out|    1|      ap_vld|             state_execute_alu_results_uop_branch_is_br_0|       pointer|
|state_execute_alu_results_uop_branch_is_br_0_ap_vld             |  out|    1|      ap_vld|             state_execute_alu_results_uop_branch_is_br_0|       pointer|
|state_execute_alu_results_uop_branch_br_tag_0                   |  out|    8|      ap_vld|            state_execute_alu_results_uop_branch_br_tag_0|       pointer|
|state_execute_alu_results_uop_branch_br_tag_0_ap_vld            |  out|    1|      ap_vld|            state_execute_alu_results_uop_branch_br_tag_0|       pointer|
|state_execute_alu_results_uop_branch_br_mask_0                  |  out|    8|      ap_vld|           state_execute_alu_results_uop_branch_br_mask_0|       pointer|
|state_execute_alu_results_uop_branch_br_mask_0_ap_vld           |  out|    1|      ap_vld|           state_execute_alu_results_uop_branch_br_mask_0|       pointer|
|state_execute_alu_results_store_data_0                          |  out|   64|      ap_vld|                   state_execute_alu_results_store_data_0|       pointer|
|state_execute_alu_results_store_data_0_ap_vld                   |  out|    1|      ap_vld|                   state_execute_alu_results_store_data_0|       pointer|
|state_execute_alu_results_signed_load_0                         |  out|    1|      ap_vld|                  state_execute_alu_results_signed_load_0|       pointer|
|state_execute_alu_results_signed_load_0_ap_vld                  |  out|    1|      ap_vld|                  state_execute_alu_results_signed_load_0|       pointer|
|state_execute_alu_results_result_0                              |  out|   64|      ap_vld|                       state_execute_alu_results_result_0|       pointer|
|state_execute_alu_results_result_0_ap_vld                       |  out|    1|      ap_vld|                       state_execute_alu_results_result_0|       pointer|
|state_execute_alu_results_redirect_pc_0                         |  out|   64|      ap_vld|                  state_execute_alu_results_redirect_pc_0|       pointer|
|state_execute_alu_results_redirect_pc_0_ap_vld                  |  out|    1|      ap_vld|                  state_execute_alu_results_redirect_pc_0|       pointer|
|state_execute_alu_results_mispredict_0                          |  out|    1|      ap_vld|                   state_execute_alu_results_mispredict_0|       pointer|
|state_execute_alu_results_mispredict_0_ap_vld                   |  out|    1|      ap_vld|                   state_execute_alu_results_mispredict_0|       pointer|
|state_execute_alu_results_memory_valid_0                        |  out|    1|      ap_vld|                 state_execute_alu_results_memory_valid_0|       pointer|
|state_execute_alu_results_memory_valid_0_ap_vld                 |  out|    1|      ap_vld|                 state_execute_alu_results_memory_valid_0|       pointer|
|state_execute_alu_results_memory_size_0                         |  out|    8|      ap_vld|                  state_execute_alu_results_memory_size_0|       pointer|
|state_execute_alu_results_memory_size_0_ap_vld                  |  out|    1|      ap_vld|                  state_execute_alu_results_memory_size_0|       pointer|
|state_execute_alu_results_memory_mask_0                         |  out|    5|      ap_vld|                  state_execute_alu_results_memory_mask_0|       pointer|
|state_execute_alu_results_memory_mask_0_ap_vld                  |  out|    1|      ap_vld|                  state_execute_alu_results_memory_mask_0|       pointer|
|state_execute_alu_results_memory_address_0                      |  out|   64|      ap_vld|               state_execute_alu_results_memory_address_0|       pointer|
|state_execute_alu_results_memory_address_0_ap_vld               |  out|    1|      ap_vld|               state_execute_alu_results_memory_address_0|       pointer|
|state_execute_alu_results_is_store_0                            |  out|    1|      ap_vld|                     state_execute_alu_results_is_store_0|       pointer|
|state_execute_alu_results_is_store_0_ap_vld                     |  out|    1|      ap_vld|                     state_execute_alu_results_is_store_0|       pointer|
|state_execute_alu_results_is_load_0                             |  out|    1|      ap_vld|                      state_execute_alu_results_is_load_0|       pointer|
|state_execute_alu_results_is_load_0_ap_vld                      |  out|    1|      ap_vld|                      state_execute_alu_results_is_load_0|       pointer|
|state_execute_alu_results_exception_0                           |  out|    1|      ap_vld|                    state_execute_alu_results_exception_0|       pointer|
|state_execute_alu_results_exception_0_ap_vld                    |  out|    1|      ap_vld|                    state_execute_alu_results_exception_0|       pointer|
|state_execute_alu_results_exc_cause_0                           |  out|   64|      ap_vld|                    state_execute_alu_results_exc_cause_0|       pointer|
|state_execute_alu_results_exc_cause_0_ap_vld                    |  out|    1|      ap_vld|                    state_execute_alu_results_exc_cause_0|       pointer|
+----------------------------------------------------------------+-----+-----+------------+---------------------------------------------------------+--------------+

