

================================================================
== Vitis HLS Report for 'frontend_module'
================================================================
* Date:           Wed Aug  5 16:20:16 2026

* Version:        2021.2 (Build 3367213 on Tue Oct 19 02:47:39 MDT 2021)
* Project:        boom_core_top
* Solution:       solution_gate4_1_m3b_full_core_rtl (Vivado IP Flow Target)
* Product family: zynquplus
* Target device:  xczu7ev-ffvc1156-2-e


================================================================
== Performance Estimates
================================================================
+ Timing: 
    * Summary: 
    +--------+----------+----------+------------+
    |  Clock |  Target  | Estimated| Uncertainty|
    +--------+----------+----------+------------+
    |ap_clk  |  10.00 ns|  3.354 ns|     2.70 ns|
    +--------+----------+----------+------------+

+ Latency: 
    * Summary: 
    +---------+---------+----------+----------+-----+-----+---------+
    |  Latency (cycles) |  Latency (absolute) |  Interval | Pipeline|
    |   min   |   max   |    min   |    max   | min | max |   Type  |
    +---------+---------+----------+----------+-----+-----+---------+
    |        0|        0|      0 ns|      0 ns|    0|    0|       no|
    +---------+---------+----------+----------+-----+-----+---------+

    + Detail: 
        * Instance: 
        N/A

        * Loop: 
        N/A



================================================================
== Utilization Estimates
================================================================
* Summary: 
+-----------------+---------+------+--------+--------+-----+
|       Name      | BRAM_18K|  DSP |   FF   |   LUT  | URAM|
+-----------------+---------+------+--------+--------+-----+
|DSP              |        -|     -|       -|       -|    -|
|Expression       |        -|     -|       0|     428|    -|
|FIFO             |        -|     -|       -|       -|    -|
|Instance         |        -|     -|       -|       -|    -|
|Memory           |        -|     -|       -|       -|    -|
|Multiplexer      |        -|     -|       -|     528|    -|
|Register         |        -|     -|       1|       -|    -|
+-----------------+---------+------+--------+--------+-----+
|Total            |        0|     0|       1|     956|    0|
+-----------------+---------+------+--------+--------+-----+
|Available        |      624|  1728|  460800|  230400|   96|
+-----------------+---------+------+--------+--------+-----+
|Utilization (%)  |        0|     0|      ~0|      ~0|    0|
+-----------------+---------+------+--------+--------+-----+

+ Detail: 
    * Instance: 
    N/A

    * DSP: 
    N/A

    * Memory: 
    N/A

    * FIFO: 
    N/A

    * Expression: 
    +--------------------------------+----------+----+---+----+------------+------------+
    |          Variable Name         | Operation| DSP| FF| LUT| Bitwidth P0| Bitwidth P1|
    +--------------------------------+----------+----+---+----+------------+------------+
    |add_ln108_fu_821_p2             |         +|   0|  0|  71|          64|           3|
    |add_ln83_fu_736_p2              |         +|   0|  0|  39|          32|           1|
    |and_ln43_1_fu_646_p2            |       and|   0|  0|   2|           1|           1|
    |and_ln43_2_fu_652_p2            |       and|   0|  0|   2|           1|           1|
    |and_ln43_3_fu_659_p2            |       and|   0|  0|   2|           1|           1|
    |and_ln43_fu_580_p2              |       and|   0|  0|   2|           1|           1|
    |and_ln70_fu_709_p2              |       and|   0|  0|   2|           1|           1|
    |ap_predicate_op48_write_state1  |       and|   0|  0|   2|           1|           1|
    |ap_predicate_op61_read_state1   |       and|   0|  0|   2|           1|           1|
    |tmp_s_nbreadreq_fu_103_p3       |       and|   0|  0|   2|           1|           0|
    |icmp_ln52_fu_669_p2             |      icmp|   0|  0|   8|           2|           2|
    |icmp_ln90_fu_771_p2             |      icmp|   0|  0|  20|          32|          32|
    |ap_block_state1                 |        or|   0|  0|   2|           1|           1|
    |or_ln101_fu_795_p2              |        or|   0|  0|   2|           1|           1|
    |or_ln43_fu_590_p2               |        or|   0|  0|   2|           1|           1|
    |or_ln67_fu_683_p2               |        or|   0|  0|   2|           1|           1|
    |or_ln70_1_fu_703_p2             |        or|   0|  0|   2|           1|           1|
    |or_ln70_fu_689_p2               |        or|   0|  0|   2|           1|           1|
    |req_address_fu_632_p3           |    select|   0|  0|  64|           1|          64|
    |select_ln43_1_fu_612_p3         |    select|   0|  0|  64|           1|          64|
    |select_ln43_2_fu_624_p3         |    select|   0|  0|  64|           1|          64|
    |select_ln43_fu_604_p3           |    select|   0|  0|  64|           1|          64|
    |xor_ln101_fu_789_p2             |       xor|   0|  0|   2|           1|           2|
    |xor_ln43_fu_640_p2              |       xor|   0|  0|   2|           2|           1|
    |xor_ln70_fu_697_p2              |       xor|   0|  0|   2|           1|           2|
    +--------------------------------+----------+----+---+----+------------+------------+
    |Total                           |          |   0|  0| 428|         152|         312|
    +--------------------------------+----------+----+---+----+------------+------------+

    * Multiplexer: 
    +--------------------------------------------------------------------+----+-----------+-----+-----------+
    |                                Name                                | LUT| Input Size| Bits| Total Bits|
    +--------------------------------------------------------------------+----+-----------+-----+-----------+
    |ap_phi_mux_empty_202_phi_fu_320_p6                                  |  14|          3|    1|          3|
    |ap_phi_mux_empty_phi_fu_236_p6                                      |  14|          3|    1|          3|
    |ap_phi_mux_req_fetch_id_phi_fu_141_p4                               |  14|          3|   32|         96|
    |ap_phi_mux_state_frontend_fetch_id_flag_1_phi_fu_161_p6             |  14|          3|    1|          3|
    |ap_phi_mux_state_frontend_fetch_id_flag_2_phi_fu_365_p10            |  14|          3|    1|          3|
    |ap_phi_mux_state_frontend_fetch_id_new_1_phi_fu_175_p6              |  14|          3|   32|         96|
    |ap_phi_mux_state_frontend_fetch_id_new_2_phi_fu_385_p10             |  14|          3|   32|         96|
    |ap_phi_mux_state_frontend_fetch_packet_valid_flag_2_phi_fu_481_p10  |  14|          3|    1|          3|
    |ap_phi_mux_state_frontend_fetch_packet_valid_new_2_phi_fu_500_p10   |  14|          3|    1|          3|
    |ap_phi_mux_state_frontend_pc_flag_0_phi_fu_120_p4                   |  14|          3|    1|          3|
    |ap_phi_mux_state_frontend_pc_flag_3_phi_fu_334_p10                  |  14|          3|    1|          3|
    |ap_phi_mux_state_frontend_pc_loc_0_phi_fu_131_p4                    |  14|          3|   64|        192|
    |ap_phi_mux_state_frontend_pc_new_3_phi_fu_350_p10                   |  14|          3|   64|        192|
    |ap_phi_mux_state_frontend_request_sent_flag_2_phi_fu_188_p6         |  14|          3|    1|          3|
    |ap_phi_mux_state_frontend_request_sent_flag_3_phi_fu_250_p6         |  14|          3|    1|          3|
    |ap_phi_mux_state_frontend_request_sent_flag_5_phi_fu_405_p10        |  20|          4|    1|          4|
    |ap_phi_mux_state_frontend_request_sent_loc_0_phi_fu_151_p4          |  14|          3|    1|          3|
    |ap_phi_mux_state_frontend_request_sent_new_2_phi_fu_200_p6          |  14|          3|    1|          3|
    |ap_phi_mux_state_frontend_request_sent_new_3_phi_fu_264_p6          |  14|          3|    1|          3|
    |ap_phi_mux_state_frontend_request_sent_new_5_phi_fu_423_p10         |  20|          4|    1|          4|
    |ap_phi_mux_state_frontend_response_received_flag_2_phi_fu_214_p6    |  14|          3|    1|          3|
    |ap_phi_mux_state_frontend_response_received_flag_3_phi_fu_278_p6    |  14|          3|    1|          3|
    |ap_phi_mux_state_frontend_response_received_flag_5_phi_fu_443_p10   |  26|          5|    1|          5|
    |ap_phi_mux_state_frontend_response_received_loc_2_phi_fu_225_p6     |  14|          3|    1|          3|
    |ap_phi_mux_state_frontend_response_received_loc_3_phi_fu_306_p6     |  14|          3|    1|          3|
    |ap_phi_mux_state_frontend_response_received_new_3_phi_fu_292_p6     |  14|          3|    1|          3|
    |ap_phi_mux_state_frontend_response_received_new_5_phi_fu_461_p10    |  14|          3|    1|          3|
    |ap_sig_allocacmp_state_frontend_pending_fetch_id_load               |   9|          2|   32|         64|
    |ap_sig_allocacmp_uop_debug_pc                                       |   9|          2|   64|        128|
    |ap_sig_allocacmp_uop_inst                                           |   9|          2|   32|         64|
    |pipe_0_blk_n                                                        |   9|          2|    1|          2|
    |pipe_1_blk_n                                                        |   9|          2|    1|          2|
    |state_frontend_fetch_id_o                                           |   9|          2|   32|         64|
    |state_frontend_fetch_packet_valid_o                                 |   9|          2|    1|          2|
    |state_frontend_pc_o                                                 |   9|          2|   64|        128|
    |state_frontend_pending_fetch_id_o                                   |   9|          2|   32|         64|
    |state_frontend_request_sent_o                                       |   9|          2|    1|          2|
    |state_frontend_reset_done_o                                         |   9|          2|    1|          2|
    |state_frontend_resp_address_o                                       |   9|          2|   64|        128|
    |state_frontend_resp_instruction_o                                   |   9|          2|   32|         64|
    |state_frontend_response_received_o                                  |   9|          2|    1|          2|
    +--------------------------------------------------------------------+----+-----------+-----+-----------+
    |Total                                                               | 528|        113|  604|       1458|
    +--------------------------------------------------------------------+----+-----------+-----+-----------+

    * Register: 
    +-----------+---+----+-----+-----------+
    |    Name   | FF| LUT| Bits| Const Bits|
    +-----------+---+----+-----+-----------+
    |ap_CS_fsm  |  1|   0|    1|          0|
    +-----------+---+----+-----+-----------+
    |Total      |  1|   0|    1|          0|
    +-----------+---+----+-----+-----------+



================================================================
== Interface
================================================================
* Summary: 
+--------------------------------------------+-----+-----+------------+---------------------------------------+--------------+
|                  RTL Ports                 | Dir | Bits|  Protocol  |             Source Object             |    C Type    |
+--------------------------------------------+-----+-----+------------+---------------------------------------+--------------+
|ap_clk                                      |   in|    1|  ap_ctrl_hs|                        frontend_module|  return value|
|ap_rst                                      |   in|    1|  ap_ctrl_hs|                        frontend_module|  return value|
|ap_start                                    |   in|    1|  ap_ctrl_hs|                        frontend_module|  return value|
|ap_done                                     |  out|    1|  ap_ctrl_hs|                        frontend_module|  return value|
|ap_idle                                     |  out|    1|  ap_ctrl_hs|                        frontend_module|  return value|
|ap_ready                                    |  out|    1|  ap_ctrl_hs|                        frontend_module|  return value|
|pipe_0_blk_n                                |  out|    1|  ap_ctrl_hs|                        frontend_module|  return value|
|pipe_1_blk_n                                |  out|    1|  ap_ctrl_hs|                        frontend_module|  return value|
|pipe_0_din                                  |  out|   97|     ap_fifo|                                 pipe_0|       pointer|
|pipe_0_full_n                               |   in|    1|     ap_fifo|                                 pipe_0|       pointer|
|pipe_0_write                                |  out|    1|     ap_fifo|                                 pipe_0|       pointer|
|pipe_1_dout                                 |   in|  193|     ap_fifo|                                 pipe_1|       pointer|
|pipe_1_empty_n                              |   in|    1|     ap_fifo|                                 pipe_1|       pointer|
|pipe_1_read                                 |  out|    1|     ap_fifo|                                 pipe_1|       pointer|
|state_frontend_reset_done_i                 |   in|    1|     ap_ovld|              state_frontend_reset_done|       pointer|
|state_frontend_reset_done_o                 |  out|    1|     ap_ovld|              state_frontend_reset_done|       pointer|
|state_frontend_reset_done_o_ap_vld          |  out|    1|     ap_ovld|              state_frontend_reset_done|       pointer|
|state_frontend_pc_i                         |   in|   64|     ap_ovld|                      state_frontend_pc|       pointer|
|state_frontend_pc_o                         |  out|   64|     ap_ovld|                      state_frontend_pc|       pointer|
|state_frontend_pc_o_ap_vld                  |  out|    1|     ap_ovld|                      state_frontend_pc|       pointer|
|state_frontend_fetch_id_i                   |   in|   32|     ap_ovld|                state_frontend_fetch_id|       pointer|
|state_frontend_fetch_id_o                   |  out|   32|     ap_ovld|                state_frontend_fetch_id|       pointer|
|state_frontend_fetch_id_o_ap_vld            |  out|    1|     ap_ovld|                state_frontend_fetch_id|       pointer|
|state_frontend_request_sent_i               |   in|    1|     ap_ovld|            state_frontend_request_sent|       pointer|
|state_frontend_request_sent_o               |  out|    1|     ap_ovld|            state_frontend_request_sent|       pointer|
|state_frontend_request_sent_o_ap_vld        |  out|    1|     ap_ovld|            state_frontend_request_sent|       pointer|
|state_brupdate_valid                        |   in|    1|     ap_none|                   state_brupdate_valid|       pointer|
|state_frontend_response_received_i          |   in|    1|     ap_ovld|       state_frontend_response_received|       pointer|
|state_frontend_response_received_o          |  out|    1|     ap_ovld|       state_frontend_response_received|       pointer|
|state_frontend_response_received_o_ap_vld   |  out|    1|     ap_ovld|       state_frontend_response_received|       pointer|
|state_frontend_fetch_packet_valid_i         |   in|    1|     ap_ovld|      state_frontend_fetch_packet_valid|       pointer|
|state_frontend_fetch_packet_valid_o         |  out|    1|     ap_ovld|      state_frontend_fetch_packet_valid|       pointer|
|state_frontend_fetch_packet_valid_o_ap_vld  |  out|    1|     ap_ovld|      state_frontend_fetch_packet_valid|       pointer|
|state_brupdate_mispredict                   |   in|    1|     ap_none|              state_brupdate_mispredict|       pointer|
|state_brupdate_jalr_target                  |   in|   64|     ap_none|             state_brupdate_jalr_target|       pointer|
|state_rob_state                             |   in|    2|     ap_none|                        state_rob_state|       pointer|
|state_rename_dispatch_packets_valid_0       |   in|    1|     ap_none|  state_rename_dispatch_packets_valid_0|       pointer|
|state_decode_dec_valids_0                   |   in|    1|     ap_none|              state_decode_dec_valids_0|       pointer|
|state_frontend_pending_fetch_id_i           |   in|   32|     ap_ovld|        state_frontend_pending_fetch_id|       pointer|
|state_frontend_pending_fetch_id_o           |  out|   32|     ap_ovld|        state_frontend_pending_fetch_id|       pointer|
|state_frontend_pending_fetch_id_o_ap_vld    |  out|    1|     ap_ovld|        state_frontend_pending_fetch_id|       pointer|
|state_frontend_resp_address_i               |   in|   64|     ap_ovld|            state_frontend_resp_address|       pointer|
|state_frontend_resp_address_o               |  out|   64|     ap_ovld|            state_frontend_resp_address|       pointer|
|state_frontend_resp_address_o_ap_vld        |  out|    1|     ap_ovld|            state_frontend_resp_address|       pointer|
|state_frontend_resp_instruction_i           |   in|   32|     ap_ovld|        state_frontend_resp_instruction|       pointer|
|state_frontend_resp_instruction_o           |  out|   32|     ap_ovld|        state_frontend_resp_instruction|       pointer|
|state_frontend_resp_instruction_o_ap_vld    |  out|    1|     ap_ovld|        state_frontend_resp_instruction|       pointer|
|state_frontend_fetch_uop_inst               |  out|   32|      ap_vld|          state_frontend_fetch_uop_inst|       pointer|
|state_frontend_fetch_uop_inst_ap_vld        |  out|    1|      ap_vld|          state_frontend_fetch_uop_inst|       pointer|
|state_frontend_fetch_uop_debug_pc           |  out|   64|      ap_vld|      state_frontend_fetch_uop_debug_pc|       pointer|
|state_frontend_fetch_uop_debug_pc_ap_vld    |  out|    1|      ap_vld|      state_frontend_fetch_uop_debug_pc|       pointer|
+--------------------------------------------+-----+-----+------------+---------------------------------------+--------------+

