

================================================================
== Vitis HLS Report for 'kill_rob_younger_than'
================================================================
* Date:           Wed Aug  5 16:20:11 2026

* Version:        2021.2 (Build 3367213 on Tue Oct 19 02:47:39 MDT 2021)
* Project:        boom_core_top
* Solution:       solution_gate4_1_m3b_full_core_rtl (Vivado IP Flow Target)
* Product family: zynquplus
* Target device:  xczu7ev-ffvc1156-2-e


================================================================
== Performance Estimates
================================================================
+ Timing: 
    * Summary: 
    +--------+----------+----------+------------+
    |  Clock |  Target  | Estimated| Uncertainty|
    +--------+----------+----------+------------+
    |ap_clk  |  10.00 ns|  2.763 ns|     2.70 ns|
    +--------+----------+----------+------------+

+ Latency: 
    * Summary: 
    +---------+---------+----------+----------+-----+-----+---------+
    |  Latency (cycles) |  Latency (absolute) |  Interval | Pipeline|
    |   min   |   max   |    min   |    max   | min | max |   Type  |
    +---------+---------+----------+----------+-----+-----+---------+
    |       97|       97|  0.970 us|  0.970 us|   97|   97|       no|
    +---------+---------+----------+----------+-----+-----+---------+

    + Detail: 
        * Instance: 
        N/A

        * Loop: 
        +---------------------+---------+---------+----------+-----------+-----------+------+----------+
        |                     |  Latency (cycles) | Iteration|  Initiation Interval  | Trip |          |
        |      Loop Name      |   min   |   max   |  Latency |  achieved |   target  | Count| Pipelined|
        +---------------------+---------+---------+----------+-----------+-----------+------+----------+
        |- VITIS_LOOP_2274_1  |       96|       96|         3|          -|          -|    32|        no|
        +---------------------+---------+---------+----------+-----------+-----------+------+----------+



================================================================
== Utilization Estimates
================================================================
* Summary: 
+-----------------+---------+------+--------+--------+-----+
|       Name      | BRAM_18K|  DSP |   FF   |   LUT  | URAM|
+-----------------+---------+------+--------+--------+-----+
|DSP              |        -|     -|       -|       -|    -|
|Expression       |        -|     -|       0|      79|    -|
|FIFO             |        -|     -|       -|       -|    -|
|Instance         |        -|     -|       -|       -|    -|
|Memory           |        -|     -|       -|       -|    -|
|Multiplexer      |        -|     -|       -|     456|    -|
|Register         |        -|     -|      46|       -|    -|
+-----------------+---------+------+--------+--------+-----+
|Total            |        0|     0|      46|     535|    0|
+-----------------+---------+------+--------+--------+-----+
|Available        |      624|  1728|  460800|  230400|   96|
+-----------------+---------+------+--------+--------+-----+
|Utilization (%)  |        0|     0|      ~0|      ~0|    0|
+-----------------+---------+------+--------+--------+-----+

+ Detail: 
    * Instance: 
    N/A

    * DSP: 
    N/A

    * Memory: 
    N/A

    * FIFO: 
    N/A

    * Expression: 
    +-----------------------+----------+----+---+----+------------+------------+
    |     Variable Name     | Operation| DSP| FF| LUT| Bitwidth P0| Bitwidth P1|
    +-----------------------+----------+----+---+----+------------+------------+
    |i_33_fu_796_p2         |         +|   0|  0|  13|           6|           1|
    |idx_8_fu_854_p2        |         +|   0|  0|  12|           5|           1|
    |state_rob_tail         |         +|   0|  0|  12|           5|           1|
    |and_ln2094_fu_843_p2   |       and|   0|  0|   8|           8|           8|
    |and_ln2276_fu_833_p2   |       and|   0|  0|   2|           1|           1|
    |icmp_ln2094_fu_848_p2  |      icmp|   0|  0|  11|           8|           1|
    |icmp_ln2274_fu_790_p2  |      icmp|   0|  0|  10|           6|           7|
    |icmp_ln2276_fu_811_p2  |      icmp|   0|  0|  11|           8|           8|
    +-----------------------+----------+----+---+----+------------+------------+
    |Total                  |          |   0|  0|  79|          47|          28|
    +-----------------------+----------+----+---+----+------------+------------+

    * Multiplexer: 
    +--------------------------------------------------------+----+-----------+-----+-----------+
    |                          Name                          | LUT| Input Size| Bits| Total Bits|
    +--------------------------------------------------------+----+-----------+-----+-----------+
    |ap_NS_fsm                                               |  26|          5|    1|          5|
    |i_fu_108                                                |   9|          2|    6|         12|
    |idx_7_fu_104                                            |   9|          2|    5|         10|
    |state_rob_entries_busy_address0                         |  14|          3|    5|         15|
    |state_rob_entries_exception_address0                    |  14|          3|    5|         15|
    |state_rob_entries_exception_reported_address0           |  14|          3|    5|         15|
    |state_rob_entries_is_load_address0                      |  14|          3|    5|         15|
    |state_rob_entries_is_store_address0                     |  14|          3|    5|         15|
    |state_rob_entries_memory_address_address0               |  14|          3|    5|         15|
    |state_rob_entries_memory_completed_address0             |  14|          3|    5|         15|
    |state_rob_entries_memory_data_address0                  |  14|          3|    5|         15|
    |state_rob_entries_memory_mask_address0                  |  14|          3|    5|         15|
    |state_rob_entries_memory_request_sent_address0          |  14|          3|    5|         15|
    |state_rob_entries_memory_size_address0                  |  14|          3|    5|         15|
    |state_rob_entries_memory_transaction_id_address0        |  14|          3|    5|         15|
    |state_rob_entries_memory_valid_address0                 |  14|          3|    5|         15|
    |state_rob_entries_signed_load_address0                  |  14|          3|    5|         15|
    |state_rob_entries_uop_branch_br_mask_address0           |  20|          4|    5|         20|
    |state_rob_entries_uop_branch_br_tag_address0            |  14|          3|    5|         15|
    |state_rob_entries_uop_ctrl_is_load_address0             |  14|          3|    5|         15|
    |state_rob_entries_uop_ctrl_is_sta_address0              |  14|          3|    5|         15|
    |state_rob_entries_uop_debug_pc_address0                 |  14|          3|    5|         15|
    |state_rob_entries_uop_exc_cause_address0                |  14|          3|    5|         15|
    |state_rob_entries_uop_inst_address0                     |  14|          3|    5|         15|
    |state_rob_entries_uop_queue_rob_allocation_id_address0  |  14|          3|    5|         15|
    |state_rob_entries_uop_queue_rob_idx_address0            |  14|          3|    5|         15|
    |state_rob_entries_uop_rename_dst_rtype_address0         |  14|          3|    5|         15|
    |state_rob_entries_uop_rename_ldst_address0              |  14|          3|    5|         15|
    |state_rob_entries_uop_rename_pdst_address0              |  14|          3|    5|         15|
    |state_rob_entries_uop_rename_stale_pdst_address0        |  14|          3|    5|         15|
    |state_rob_entries_uop_uopc_address0                     |  14|          3|    5|         15|
    |state_rob_entries_valid_address0                        |  14|          3|    5|         15|
    +--------------------------------------------------------+----+-----------+-----+-----------+
    |Total                                                   | 456|         97|  157|        467|
    +--------------------------------------------------------+----+-----------+-----+-----------+

    * Register: 
    +--------------------------------------+---+----+-----+-----------+
    |                 Name                 | FF| LUT| Bits| Const Bits|
    +--------------------------------------+---+----+-----+-----------+
    |and_ln2276_reg_990                    |  1|   0|    1|          0|
    |ap_CS_fsm                             |  4|   0|    4|          0|
    |found_branch_fu_112                   |  1|   0|    1|          0|
    |found_branch_load_1_reg_994           |  1|   0|    1|          0|
    |i_33_reg_908                          |  6|   0|    6|          0|
    |i_fu_108                              |  6|   0|    6|          0|
    |icmp_ln2276_reg_978                   |  1|   0|    1|          0|
    |idx_7_fu_104                          |  5|   0|    5|          0|
    |state_rob_entries_valid_addr_reg_973  |  5|   0|    5|          0|
    |state_rob_entries_valid_load_reg_986  |  1|   0|    1|          0|
    |trunc_ln2273_reg_900                  |  5|   0|    5|          0|
    |uop_branch_br_mask_reg_998            |  5|   0|    5|          0|
    |zext_ln2275_reg_913                   |  5|   0|   64|         59|
    +--------------------------------------+---+----+-----+-----------+
    |Total                                 | 46|   0|  105|         59|
    +--------------------------------------+---+----+-----+-----------+



================================================================
== Interface
================================================================
* Summary: 
+--------------------------------------------------------+-----+-----+------------+-----------------------------------------------+--------------+
|                        RTL Ports                       | Dir | Bits|  Protocol  |                 Source Object                 |    C Type    |
+--------------------------------------------------------+-----+-----+------------+-----------------------------------------------+--------------+
|ap_clk                                                  |   in|    1|  ap_ctrl_hs|                          kill_rob_younger_than|  return value|
|ap_rst                                                  |   in|    1|  ap_ctrl_hs|                          kill_rob_younger_than|  return value|
|ap_start                                                |   in|    1|  ap_ctrl_hs|                          kill_rob_younger_than|  return value|
|ap_done                                                 |  out|    1|  ap_ctrl_hs|                          kill_rob_younger_than|  return value|
|ap_idle                                                 |  out|    1|  ap_ctrl_hs|                          kill_rob_younger_than|  return value|
|ap_ready                                                |  out|    1|  ap_ctrl_hs|                          kill_rob_younger_than|  return value|
|branch_rob_idx                                          |   in|    8|     ap_none|                                 branch_rob_idx|        scalar|
|mispredict_mask                                         |   in|    8|     ap_none|                                mispredict_mask|        scalar|
|state_rob_head                                          |   in|    5|     ap_none|                                 state_rob_head|       pointer|
|state_rob_entries_valid_address0                        |  out|    5|   ap_memory|                        state_rob_entries_valid|         array|
|state_rob_entries_valid_ce0                             |  out|    1|   ap_memory|                        state_rob_entries_valid|         array|
|state_rob_entries_valid_we0                             |  out|    1|   ap_memory|                        state_rob_entries_valid|         array|
|state_rob_entries_valid_d0                              |  out|    1|   ap_memory|                        state_rob_entries_valid|         array|
|state_rob_entries_valid_q0                              |   in|    1|   ap_memory|                        state_rob_entries_valid|         array|
|state_rob_entries_busy_address0                         |  out|    5|   ap_memory|                         state_rob_entries_busy|         array|
|state_rob_entries_busy_ce0                              |  out|    1|   ap_memory|                         state_rob_entries_busy|         array|
|state_rob_entries_busy_we0                              |  out|    1|   ap_memory|                         state_rob_entries_busy|         array|
|state_rob_entries_busy_d0                               |  out|    1|   ap_memory|                         state_rob_entries_busy|         array|
|state_rob_entries_exception_address0                    |  out|    5|   ap_memory|                    state_rob_entries_exception|         array|
|state_rob_entries_exception_ce0                         |  out|    1|   ap_memory|                    state_rob_entries_exception|         array|
|state_rob_entries_exception_we0                         |  out|    1|   ap_memory|                    state_rob_entries_exception|         array|
|state_rob_entries_exception_d0                          |  out|    1|   ap_memory|                    state_rob_entries_exception|         array|
|state_rob_entries_exception_reported_address0           |  out|    5|   ap_memory|           state_rob_entries_exception_reported|         array|
|state_rob_entries_exception_reported_ce0                |  out|    1|   ap_memory|           state_rob_entries_exception_reported|         array|
|state_rob_entries_exception_reported_we0                |  out|    1|   ap_memory|           state_rob_entries_exception_reported|         array|
|state_rob_entries_exception_reported_d0                 |  out|    1|   ap_memory|           state_rob_entries_exception_reported|         array|
|state_rob_entries_uop_uopc_address0                     |  out|    5|   ap_memory|                     state_rob_entries_uop_uopc|         array|
|state_rob_entries_uop_uopc_ce0                          |  out|    1|   ap_memory|                     state_rob_entries_uop_uopc|         array|
|state_rob_entries_uop_uopc_we0                          |  out|    1|   ap_memory|                     state_rob_entries_uop_uopc|         array|
|state_rob_entries_uop_uopc_d0                           |  out|    8|   ap_memory|                     state_rob_entries_uop_uopc|         array|
|state_rob_entries_uop_inst_address0                     |  out|    5|   ap_memory|                     state_rob_entries_uop_inst|         array|
|state_rob_entries_uop_inst_ce0                          |  out|    1|   ap_memory|                     state_rob_entries_uop_inst|         array|
|state_rob_entries_uop_inst_we0                          |  out|    1|   ap_memory|                     state_rob_entries_uop_inst|         array|
|state_rob_entries_uop_inst_d0                           |  out|   32|   ap_memory|                     state_rob_entries_uop_inst|         array|
|state_rob_entries_uop_debug_pc_address0                 |  out|    5|   ap_memory|                 state_rob_entries_uop_debug_pc|         array|
|state_rob_entries_uop_debug_pc_ce0                      |  out|    1|   ap_memory|                 state_rob_entries_uop_debug_pc|         array|
|state_rob_entries_uop_debug_pc_we0                      |  out|    1|   ap_memory|                 state_rob_entries_uop_debug_pc|         array|
|state_rob_entries_uop_debug_pc_d0                       |  out|   64|   ap_memory|                 state_rob_entries_uop_debug_pc|         array|
|state_rob_entries_uop_ctrl_is_load_address0             |  out|    5|   ap_memory|             state_rob_entries_uop_ctrl_is_load|         array|
|state_rob_entries_uop_ctrl_is_load_ce0                  |  out|    1|   ap_memory|             state_rob_entries_uop_ctrl_is_load|         array|
|state_rob_entries_uop_ctrl_is_load_we0                  |  out|    1|   ap_memory|             state_rob_entries_uop_ctrl_is_load|         array|
|state_rob_entries_uop_ctrl_is_load_d0                   |  out|    1|   ap_memory|             state_rob_entries_uop_ctrl_is_load|         array|
|state_rob_entries_uop_ctrl_is_sta_address0              |  out|    5|   ap_memory|              state_rob_entries_uop_ctrl_is_sta|         array|
|state_rob_entries_uop_ctrl_is_sta_ce0                   |  out|    1|   ap_memory|              state_rob_entries_uop_ctrl_is_sta|         array|
|state_rob_entries_uop_ctrl_is_sta_we0                   |  out|    1|   ap_memory|              state_rob_entries_uop_ctrl_is_sta|         array|
|state_rob_entries_uop_ctrl_is_sta_d0                    |  out|    1|   ap_memory|              state_rob_entries_uop_ctrl_is_sta|         array|
|state_rob_entries_uop_branch_br_mask_address0           |  out|    5|   ap_memory|           state_rob_entries_uop_branch_br_mask|         array|
|state_rob_entries_uop_branch_br_mask_ce0                |  out|    1|   ap_memory|           state_rob_entries_uop_branch_br_mask|         array|
|state_rob_entries_uop_branch_br_mask_we0                |  out|    1|   ap_memory|           state_rob_entries_uop_branch_br_mask|         array|
|state_rob_entries_uop_branch_br_mask_d0                 |  out|    8|   ap_memory|           state_rob_entries_uop_branch_br_mask|         array|
|state_rob_entries_uop_branch_br_mask_q0                 |   in|    8|   ap_memory|           state_rob_entries_uop_branch_br_mask|         array|
|state_rob_entries_uop_branch_br_tag_address0            |  out|    5|   ap_memory|            state_rob_entries_uop_branch_br_tag|         array|
|state_rob_entries_uop_branch_br_tag_ce0                 |  out|    1|   ap_memory|            state_rob_entries_uop_branch_br_tag|         array|
|state_rob_entries_uop_branch_br_tag_we0                 |  out|    1|   ap_memory|            state_rob_entries_uop_branch_br_tag|         array|
|state_rob_entries_uop_branch_br_tag_d0                  |  out|    3|   ap_memory|            state_rob_entries_uop_branch_br_tag|         array|
|state_rob_entries_uop_queue_rob_idx_address0            |  out|    5|   ap_memory|            state_rob_entries_uop_queue_rob_idx|         array|
|state_rob_entries_uop_queue_rob_idx_ce0                 |  out|    1|   ap_memory|            state_rob_entries_uop_queue_rob_idx|         array|
|state_rob_entries_uop_queue_rob_idx_we0                 |  out|    1|   ap_memory|            state_rob_entries_uop_queue_rob_idx|         array|
|state_rob_entries_uop_queue_rob_idx_d0                  |  out|    5|   ap_memory|            state_rob_entries_uop_queue_rob_idx|         array|
|state_rob_entries_uop_queue_rob_allocation_id_address0  |  out|    5|   ap_memory|  state_rob_entries_uop_queue_rob_allocation_id|         array|
|state_rob_entries_uop_queue_rob_allocation_id_ce0       |  out|    1|   ap_memory|  state_rob_entries_uop_queue_rob_allocation_id|         array|
|state_rob_entries_uop_queue_rob_allocation_id_we0       |  out|    1|   ap_memory|  state_rob_entries_uop_queue_rob_allocation_id|         array|
|state_rob_entries_uop_queue_rob_allocation_id_d0        |  out|   32|   ap_memory|  state_rob_entries_uop_queue_rob_allocation_id|         array|
|state_rob_entries_uop_rename_ldst_address0              |  out|    5|   ap_memory|              state_rob_entries_uop_rename_ldst|         array|
|state_rob_entries_uop_rename_ldst_ce0                   |  out|    1|   ap_memory|              state_rob_entries_uop_rename_ldst|         array|
|state_rob_entries_uop_rename_ldst_we0                   |  out|    1|   ap_memory|              state_rob_entries_uop_rename_ldst|         array|
|state_rob_entries_uop_rename_ldst_d0                    |  out|    5|   ap_memory|              state_rob_entries_uop_rename_ldst|         array|
|state_rob_entries_uop_rename_pdst_address0              |  out|    5|   ap_memory|              state_rob_entries_uop_rename_pdst|         array|
|state_rob_entries_uop_rename_pdst_ce0                   |  out|    1|   ap_memory|              state_rob_entries_uop_rename_pdst|         array|
|state_rob_entries_uop_rename_pdst_we0                   |  out|    1|   ap_memory|              state_rob_entries_uop_rename_pdst|         array|
|state_rob_entries_uop_rename_pdst_d0                    |  out|    8|   ap_memory|              state_rob_entries_uop_rename_pdst|         array|
|state_rob_entries_uop_rename_stale_pdst_address0        |  out|    5|   ap_memory|        state_rob_entries_uop_rename_stale_pdst|         array|
|state_rob_entries_uop_rename_stale_pdst_ce0             |  out|    1|   ap_memory|        state_rob_entries_uop_rename_stale_pdst|         array|
|state_rob_entries_uop_rename_stale_pdst_we0             |  out|    1|   ap_memory|        state_rob_entries_uop_rename_stale_pdst|         array|
|state_rob_entries_uop_rename_stale_pdst_d0              |  out|    8|   ap_memory|        state_rob_entries_uop_rename_stale_pdst|         array|
|state_rob_entries_uop_rename_dst_rtype_address0         |  out|    5|   ap_memory|         state_rob_entries_uop_rename_dst_rtype|         array|
|state_rob_entries_uop_rename_dst_rtype_ce0              |  out|    1|   ap_memory|         state_rob_entries_uop_rename_dst_rtype|         array|
|state_rob_entries_uop_rename_dst_rtype_we0              |  out|    1|   ap_memory|         state_rob_entries_uop_rename_dst_rtype|         array|
|state_rob_entries_uop_rename_dst_rtype_d0               |  out|    2|   ap_memory|         state_rob_entries_uop_rename_dst_rtype|         array|
|state_rob_entries_uop_exc_cause_address0                |  out|    5|   ap_memory|                state_rob_entries_uop_exc_cause|         array|
|state_rob_entries_uop_exc_cause_ce0                     |  out|    1|   ap_memory|                state_rob_entries_uop_exc_cause|         array|
|state_rob_entries_uop_exc_cause_we0                     |  out|    1|   ap_memory|                state_rob_entries_uop_exc_cause|         array|
|state_rob_entries_uop_exc_cause_d0                      |  out|   64|   ap_memory|                state_rob_entries_uop_exc_cause|         array|
|state_rob_entries_memory_valid_address0                 |  out|    5|   ap_memory|                 state_rob_entries_memory_valid|         array|
|state_rob_entries_memory_valid_ce0                      |  out|    1|   ap_memory|                 state_rob_entries_memory_valid|         array|
|state_rob_entries_memory_valid_we0                      |  out|    1|   ap_memory|                 state_rob_entries_memory_valid|         array|
|state_rob_entries_memory_valid_d0                       |  out|    1|   ap_memory|                 state_rob_entries_memory_valid|         array|
|state_rob_entries_is_load_address0                      |  out|    5|   ap_memory|                      state_rob_entries_is_load|         array|
|state_rob_entries_is_load_ce0                           |  out|    1|   ap_memory|                      state_rob_entries_is_load|         array|
|state_rob_entries_is_load_we0                           |  out|    1|   ap_memory|                      state_rob_entries_is_load|         array|
|state_rob_entries_is_load_d0                            |  out|    1|   ap_memory|                      state_rob_entries_is_load|         array|
|state_rob_entries_is_store_address0                     |  out|    5|   ap_memory|                     state_rob_entries_is_store|         array|
|state_rob_entries_is_store_ce0                          |  out|    1|   ap_memory|                     state_rob_entries_is_store|         array|
|state_rob_entries_is_store_we0                          |  out|    1|   ap_memory|                     state_rob_entries_is_store|         array|
|state_rob_entries_is_store_d0                           |  out|    1|   ap_memory|                     state_rob_entries_is_store|         array|
|state_rob_entries_signed_load_address0                  |  out|    5|   ap_memory|                  state_rob_entries_signed_load|         array|
|state_rob_entries_signed_load_ce0                       |  out|    1|   ap_memory|                  state_rob_entries_signed_load|         array|
|state_rob_entries_signed_load_we0                       |  out|    1|   ap_memory|                  state_rob_entries_signed_load|         array|
|state_rob_entries_signed_load_d0                        |  out|    1|   ap_memory|                  state_rob_entries_signed_load|         array|
|state_rob_entries_memory_request_sent_address0          |  out|    5|   ap_memory|          state_rob_entries_memory_request_sent|         array|
|state_rob_entries_memory_request_sent_ce0               |  out|    1|   ap_memory|          state_rob_entries_memory_request_sent|         array|
|state_rob_entries_memory_request_sent_we0               |  out|    1|   ap_memory|          state_rob_entries_memory_request_sent|         array|
|state_rob_entries_memory_request_sent_d0                |  out|    1|   ap_memory|          state_rob_entries_memory_request_sent|         array|
|state_rob_entries_memory_completed_address0             |  out|    5|   ap_memory|             state_rob_entries_memory_completed|         array|
|state_rob_entries_memory_completed_ce0                  |  out|    1|   ap_memory|             state_rob_entries_memory_completed|         array|
|state_rob_entries_memory_completed_we0                  |  out|    1|   ap_memory|             state_rob_entries_memory_completed|         array|
|state_rob_entries_memory_completed_d0                   |  out|    1|   ap_memory|             state_rob_entries_memory_completed|         array|
|state_rob_entries_memory_address_address0               |  out|    5|   ap_memory|               state_rob_entries_memory_address|         array|
|state_rob_entries_memory_address_ce0                    |  out|    1|   ap_memory|               state_rob_entries_memory_address|         array|
|state_rob_entries_memory_address_we0                    |  out|    1|   ap_memory|               state_rob_entries_memory_address|         array|
|state_rob_entries_memory_address_d0                     |  out|   64|   ap_memory|               state_rob_entries_memory_address|         array|
|state_rob_entries_memory_data_address0                  |  out|    5|   ap_memory|                  state_rob_entries_memory_data|         array|
|state_rob_entries_memory_data_ce0                       |  out|    1|   ap_memory|                  state_rob_entries_memory_data|         array|
|state_rob_entries_memory_data_we0                       |  out|    1|   ap_memory|                  state_rob_entries_memory_data|         array|
|state_rob_entries_memory_data_d0                        |  out|   64|   ap_memory|                  state_rob_entries_memory_data|         array|
|state_rob_entries_memory_mask_address0                  |  out|    5|   ap_memory|                  state_rob_entries_memory_mask|         array|
|state_rob_entries_memory_mask_ce0                       |  out|    1|   ap_memory|                  state_rob_entries_memory_mask|         array|
|state_rob_entries_memory_mask_we0                       |  out|    1|   ap_memory|                  state_rob_entries_memory_mask|         array|
|state_rob_entries_memory_mask_d0                        |  out|    8|   ap_memory|                  state_rob_entries_memory_mask|         array|
|state_rob_entries_memory_size_address0                  |  out|    5|   ap_memory|                  state_rob_entries_memory_size|         array|
|state_rob_entries_memory_size_ce0                       |  out|    1|   ap_memory|                  state_rob_entries_memory_size|         array|
|state_rob_entries_memory_size_we0                       |  out|    1|   ap_memory|                  state_rob_entries_memory_size|         array|
|state_rob_entries_memory_size_d0                        |  out|    8|   ap_memory|                  state_rob_entries_memory_size|         array|
|state_rob_entries_memory_transaction_id_address0        |  out|    5|   ap_memory|        state_rob_entries_memory_transaction_id|         array|
|state_rob_entries_memory_transaction_id_ce0             |  out|    1|   ap_memory|        state_rob_entries_memory_transaction_id|         array|
|state_rob_entries_memory_transaction_id_we0             |  out|    1|   ap_memory|        state_rob_entries_memory_transaction_id|         array|
|state_rob_entries_memory_transaction_id_d0              |  out|   32|   ap_memory|        state_rob_entries_memory_transaction_id|         array|
|state_rob_tail                                          |  out|    5|      ap_vld|                                 state_rob_tail|       pointer|
|state_rob_tail_ap_vld                                   |  out|    1|      ap_vld|                                 state_rob_tail|       pointer|
|state_rob_maybe_full                                    |  out|    1|      ap_vld|                           state_rob_maybe_full|       pointer|
|state_rob_maybe_full_ap_vld                             |  out|    1|      ap_vld|                           state_rob_maybe_full|       pointer|
+--------------------------------------------------------+-----+-----+------------+-----------------------------------------------+--------------+

