

================================================================
== Vitis HLS Report for 'synth_frontend_top'
================================================================
* Date:           Wed Sep  2 19:05:18 2026

* Version:        2021.2 (Build 3367213 on Tue Oct 19 02:47:39 MDT 2021)
* Project:        boom_hls_gate5_4_f1_preserve_synth_frontend_top
* Solution:       solution_module (Vivado IP Flow Target)
* Product family: zynquplus
* Target device:  xczu7ev-ffvc1156-2-e


================================================================
== Performance Estimates
================================================================
+ Timing: 
    * Summary: 
    +--------+----------+----------+------------+
    |  Clock |  Target  | Estimated| Uncertainty|
    +--------+----------+----------+------------+
    |ap_clk  |  10.00 ns|  6.071 ns|     2.70 ns|
    +--------+----------+----------+------------+

+ Latency: 
    * Summary: 
    +---------+---------+-----------+----------+-----+-----+---------+
    |  Latency (cycles) |  Latency (absolute)  |  Interval | Pipeline|
    |   min   |   max   |    min    |    max   | min | max |   Type  |
    +---------+---------+-----------+----------+-----+-----+---------+
    |        5|       16|  50.000 ns|  0.160 us|    6|   17|       no|
    +---------+---------+-----------+----------+-----+-----+---------+

    + Detail: 
        * Instance: 
        +----------------------------+-----------------+---------+---------+-----------+-----------+-----+-----+---------+
        |                            |                 |  Latency (cycles) |   Latency (absolute)  |  Interval | Pipeline|
        |          Instance          |      Module     |   min   |   max   |    min    |    max    | min | max |   Type  |
        +----------------------------+-----------------+---------+---------+-----------+-----------+-----+-----+---------+
        |grp_frontend_module_fu_252  |frontend_module  |        1|        8|  10.000 ns|  80.000 ns|    1|    8|       no|
        +----------------------------+-----------------+---------+---------+-----------+-----------+-----+-----+---------+

        * Loop: 
        +----------+---------+---------+----------+-----------+-----------+------+----------+
        |          |  Latency (cycles) | Iteration|  Initiation Interval  | Trip |          |
        | Loop Name|   min   |   max   |  Latency |  achieved |   target  | Count| Pipelined|
        +----------+---------+---------+----------+-----------+-----------+------+----------+
        |- Loop 1  |        4|        4|         1|          -|          -|     4|        no|
        +----------+---------+---------+----------+-----------+-----------+------+----------+



================================================================
== Utilization Estimates
================================================================
* Summary: 
+-----------------+---------+------+--------+--------+-----+
|       Name      | BRAM_18K|  DSP |   FF   |   LUT  | URAM|
+-----------------+---------+------+--------+--------+-----+
|DSP              |        -|     -|       -|       -|    -|
|Expression       |        -|     -|       0|      27|    -|
|FIFO             |        -|     -|     198|     134|    -|
|Instance         |        -|     -|    3504|    7303|    -|
|Memory           |        -|     -|       -|       -|    -|
|Multiplexer      |        -|     -|       -|     360|    -|
|Register         |        -|     -|     728|       -|    -|
+-----------------+---------+------+--------+--------+-----+
|Total            |        0|     0|    4430|    7824|    0|
+-----------------+---------+------+--------+--------+-----+
|Available        |      624|  1728|  460800|  230400|   96|
+-----------------+---------+------+--------+--------+-----+
|Utilization (%)  |        0|     0|      ~0|       3|    0|
+-----------------+---------+------+--------+--------+-----+

+ Detail: 
    * Instance: 
    +----------------------------+-----------------+---------+----+------+------+-----+
    |          Instance          |      Module     | BRAM_18K| DSP|  FF  |  LUT | URAM|
    +----------------------------+-----------------+---------+----+------+------+-----+
    |grp_frontend_module_fu_252  |frontend_module  |        0|   0|  3504|  7303|    0|
    +----------------------------+-----------------+---------+----+------+------+-----+
    |Total                       |                 |        0|   0|  3504|  7303|    0|
    +----------------------------+-----------------+---------+----+------+------+-----+

    * DSP: 
    N/A

    * Memory: 
    N/A

    * FIFO: 
    +---------------+---------+----+----+-----+------+-----+---------+
    |      Name     | BRAM_18K| FF | LUT| URAM| Depth| Bits| Size:D*B|
    +---------------+---------+----+----+-----+------+-----+---------+
    |pipe_0_fifo_U  |        0|  99|   0|    -|     2|  129|      258|
    |pipe_1_fifo_U  |        0|  99|   0|    -|     2|  225|      450|
    +---------------+---------+----+----+-----+------+-----+---------+
    |Total          |        0| 198|   0|    0|     4|  354|      708|
    +---------------+---------+----+----+-----+------+-----+---------+

    * Expression: 
    +-------------------------------+----------+----+---+----+------------+------------+
    |         Variable Name         | Operation| DSP| FF| LUT| Bitwidth P0| Bitwidth P1|
    +-------------------------------+----------+----+---+----+------------+------------+
    |add_ln32_fu_536_p2             |         +|   0|  0|   9|           2|           1|
    |tmp_1_nbreadreq_fu_225_p3      |       and|   0|  0|   2|           1|           0|
    |tmp_nbreadreq_fu_204_p3        |       and|   0|  0|   2|           1|           0|
    |icmp_ln32_fu_638_p2            |      icmp|   0|  0|   8|           2|           2|
    |ap_block_state2                |        or|   0|  0|   2|           1|           1|
    |ap_block_state5                |        or|   0|  0|   2|           1|           1|
    |ap_predicate_op94_read_state2  |        or|   0|  0|   2|           1|           1|
    +-------------------------------+----------+----+---+----+------------+------------+
    |Total                          |          |   0|  0|  27|           9|           6|
    +-------------------------------+----------+----+---+----+------------+------------+

    * Multiplexer: 
    +--------------------------------------------+----+-----------+-----+-----------+
    |                    Name                    | LUT| Input Size| Bits| Total Bits|
    +--------------------------------------------+----+-----------+-----+-----------+
    |ap_NS_fsm                                   |  31|          6|    1|          6|
    |imem_req_out_blk_n                          |   9|          2|    1|          2|
    |imem_resp_in_blk_n                          |   9|          2|    1|          2|
    |phi_ln32_fu_194                             |   9|          2|    2|          4|
    |pipe_0_write                                |   9|          2|    1|          2|
    |pipe_1_read                                 |   9|          2|    1|          2|
    |state_frontend_epoch                        |   9|          2|   32|         64|
    |state_frontend_fetch_buffer_count           |   9|          2|    8|         16|
    |state_frontend_fetch_buffer_head            |   9|          2|    3|          6|
    |state_frontend_fetch_buffer_tail            |   9|          2|    3|          6|
    |state_frontend_fetch_id                     |   9|          2|   32|         64|
    |state_frontend_halfword                     |   9|          2|   16|         32|
    |state_frontend_halfword_epoch               |   9|          2|   32|         64|
    |state_frontend_halfword_pc                  |   9|          2|   64|        128|
    |state_frontend_halfword_valid               |   9|          2|    1|          2|
    |state_frontend_pc                           |  14|          3|   64|        192|
    |state_frontend_pending_address              |   9|          2|   64|        128|
    |state_frontend_pending_epoch                |   9|          2|   32|         64|
    |state_frontend_pending_fetch_id             |   9|          2|   32|         64|
    |state_frontend_pending_packet_valid         |   9|          2|    1|          2|
    |state_frontend_pending_packet_valid_mask    |   9|          2|    4|          8|
    |state_frontend_producer_uop_debug_inst      |   9|          2|   32|         64|
    |state_frontend_producer_uop_debug_pc        |   9|          2|   64|        128|
    |state_frontend_producer_uop_exc_cause       |   9|          2|   64|        128|
    |state_frontend_producer_uop_exc_xcpt_ae_if  |   9|          2|    1|          2|
    |state_frontend_producer_uop_exc_xcpt_ma_if  |   9|          2|    1|          2|
    |state_frontend_producer_uop_exception       |   9|          2|    1|          2|
    |state_frontend_producer_uop_inst            |   9|          2|   32|         64|
    |state_frontend_producer_uop_is_rvc          |   9|          2|    1|          2|
    |state_frontend_producer_valid               |   9|          2|    1|          2|
    |state_frontend_request_sent                 |   9|          2|    1|          2|
    |state_frontend_reset_done                   |   9|          2|    1|          2|
    |state_frontend_resp_exc_cause               |   9|          2|   64|        128|
    |state_frontend_resp_exception               |   9|          2|    1|          2|
    |state_frontend_resp_fetch_id                |   9|          2|   32|         64|
    |state_frontend_resp_instruction             |   9|          2|   32|         64|
    |state_frontend_response_received            |   9|          2|    1|          2|
    +--------------------------------------------+----+-----------+-----+-----------+
    |Total                                       | 360|         79|  724|       1516|
    +--------------------------------------------+----+-----------+-----+-----------+

    * Register: 
    +---------------------------------------------------------------------------------------------------------------------------------+----+----+-----+-----------+
    |                                                               Name                                                              | FF | LUT| Bits| Const Bits|
    +---------------------------------------------------------------------------------------------------------------------------------+----+----+-----+-----------+
    |ap_CS_fsm                                                                                                                        |   5|   0|    5|          0|
    |empty_reg_706                                                                                                                    |   1|   0|    1|          0|
    |grp_frontend_module_fu_252_ap_start_reg                                                                                          |   1|   0|    1|          0|
    |guard_variable_for_synth_frontend_top_stream_ImemRequest_0_stream_ImemResponse_0_unsigned_long_unsigned_long_state               |   1|   0|    1|          0|
    |guard_variable_for_synth_frontend_top_stream_ImemRequest_0_stream_ImemResponse_0_unsigned_long_unsigned_long_state_load_reg_723  |   1|   0|    1|          0|
    |phi_ln32_fu_194                                                                                                                  |   2|   0|    2|          0|
    |state_frontend_epoch                                                                                                             |  32|   0|   32|          0|
    |state_frontend_fetch_buffer_count                                                                                                |   8|   0|    8|          0|
    |state_frontend_fetch_buffer_head                                                                                                 |   3|   0|    3|          0|
    |state_frontend_fetch_buffer_tail                                                                                                 |   3|   0|    3|          0|
    |state_frontend_fetch_id                                                                                                          |  32|   0|   32|          0|
    |state_frontend_halfword                                                                                                          |  16|   0|   16|          0|
    |state_frontend_halfword_epoch                                                                                                    |  32|   0|   32|          0|
    |state_frontend_halfword_pc                                                                                                       |  64|   0|   64|          0|
    |state_frontend_halfword_valid                                                                                                    |   1|   0|    1|          0|
    |state_frontend_pc                                                                                                                |  64|   0|   64|          0|
    |state_frontend_pending_address                                                                                                   |  64|   0|   64|          0|
    |state_frontend_pending_epoch                                                                                                     |  32|   0|   32|          0|
    |state_frontend_pending_fetch_id                                                                                                  |  32|   0|   32|          0|
    |state_frontend_pending_packet_valid                                                                                              |   1|   0|    1|          0|
    |state_frontend_pending_packet_valid_mask                                                                                         |   4|   0|    4|          0|
    |state_frontend_producer_uop_debug_inst                                                                                           |  32|   0|   32|          0|
    |state_frontend_producer_uop_debug_pc                                                                                             |  64|   0|   64|          0|
    |state_frontend_producer_uop_exc_cause                                                                                            |  64|   0|   64|          0|
    |state_frontend_producer_uop_exc_xcpt_ae_if                                                                                       |   1|   0|    1|          0|
    |state_frontend_producer_uop_exc_xcpt_ma_if                                                                                       |   1|   0|    1|          0|
    |state_frontend_producer_uop_exception                                                                                            |   1|   0|    1|          0|
    |state_frontend_producer_uop_inst                                                                                                 |  32|   0|   32|          0|
    |state_frontend_producer_uop_is_rvc                                                                                               |   1|   0|    1|          0|
    |state_frontend_producer_valid                                                                                                    |   1|   0|    1|          0|
    |state_frontend_request_sent                                                                                                      |   1|   0|    1|          0|
    |state_frontend_reset_done                                                                                                        |   1|   0|    1|          0|
    |state_frontend_resp_exc_cause                                                                                                    |  64|   0|   64|          0|
    |state_frontend_resp_exception                                                                                                    |   1|   0|    1|          0|
    |state_frontend_resp_fetch_id                                                                                                     |  32|   0|   32|          0|
    |state_frontend_resp_instruction                                                                                                  |  32|   0|   32|          0|
    |state_frontend_response_received                                                                                                 |   1|   0|    1|          0|
    +---------------------------------------------------------------------------------------------------------------------------------+----+----+-----+-----------+
    |Total                                                                                                                            | 728|   0|  728|          0|
    +---------------------------------------------------------------------------------------------------------------------------------+----+----+-----+-----------+



================================================================
== Interface
================================================================
* Summary: 
+----------------------+-----+-----+------------+--------------------+--------------+
|       RTL Ports      | Dir | Bits|  Protocol  |    Source Object   |    C Type    |
+----------------------+-----+-----+------------+--------------------+--------------+
|ap_local_block        |  out|    1|  ap_ctrl_hs|  synth_frontend_top|  return value|
|ap_local_deadlock     |  out|    1|  ap_ctrl_hs|  synth_frontend_top|  return value|
|ap_clk                |   in|    1|  ap_ctrl_hs|  synth_frontend_top|  return value|
|ap_rst                |   in|    1|  ap_ctrl_hs|  synth_frontend_top|  return value|
|ap_start              |   in|    1|  ap_ctrl_hs|  synth_frontend_top|  return value|
|ap_done               |  out|    1|  ap_ctrl_hs|  synth_frontend_top|  return value|
|ap_idle               |  out|    1|  ap_ctrl_hs|  synth_frontend_top|  return value|
|ap_ready              |  out|    1|  ap_ctrl_hs|  synth_frontend_top|  return value|
|imem_req_out_din      |  out|  129|     ap_fifo|        imem_req_out|       pointer|
|imem_req_out_full_n   |   in|    1|     ap_fifo|        imem_req_out|       pointer|
|imem_req_out_write    |  out|    1|     ap_fifo|        imem_req_out|       pointer|
|imem_resp_in_dout     |   in|  225|     ap_fifo|        imem_resp_in|       pointer|
|imem_resp_in_empty_n  |   in|    1|     ap_fifo|        imem_resp_in|       pointer|
|imem_resp_in_read     |  out|    1|     ap_fifo|        imem_resp_in|       pointer|
|seed                  |   in|   64|     ap_none|                seed|        scalar|
|observable            |  out|   64|      ap_vld|          observable|       pointer|
|observable_ap_vld     |  out|    1|      ap_vld|          observable|       pointer|
+----------------------+-----+-----+------------+--------------------+--------------+

