#-----------------------------------------------------------
# xsim v2021.2 (64-bit)
# SW Build 3367213 on Tue Oct 19 02:47:39 MDT 2021
# IP Build 3369179 on Thu Oct 21 08:25:16 MDT 2021
# Start of session at: Tue Aug 11 19:55:35 2026
# Process ID: 43072
# Current directory: /home/lab_726/boom/hls_boom/build/gate5_1_frontend/repair/r4/w4_rtl_final/xsim
# Command line: xsim -log /home/lab_726/boom/hls_boom/reports/gate5_1_frontend/repair/r4/w4_rtl_final/rtl_logs/two_producers_wake_two_consumers.log -mode tcl -source {xsim.dir/w4_completion_diagnostic_snapshot/xsim_script.tcl}
# Log file: /home/lab_726/boom/hls_boom/reports/gate5_1_frontend/repair/r4/w4_rtl_final/rtl_logs/two_producers_wake_two_consumers.log
# Journal file: /home/lab_726/boom/hls_boom/build/gate5_1_frontend/repair/r4/w4_rtl_final/xsim/xsim.jou
# Running On: 726, OS: Linux, CPU Frequency: 4598.908 MHz, CPU Physical cores: 14, Host memory: 67148 MB
#-----------------------------------------------------------
source xsim.dir/w4_completion_diagnostic_snapshot/xsim_script.tcl
# xsim {w4_completion_diagnostic_snapshot} -testplusarg SCENARIO=11 -testplusarg EXPECT=00000009a0000011 -autoloadwcfg -runall -onerror quit
Time resolution is 1 ps
run -all
W4_RTL_PASS scenario=11 expected=00000009a0000011 observed=00000009a0000011
$finish called at time : 16645 ns : File "/home/lab_726/boom/hls_boom/rtl_tb/gate4_0/w4_completion_diagnostic_tb.sv" Line 33
exit
INFO: [Common 17-206] Exiting xsim at Tue Aug 11 19:55:39 2026...
