
****** xsim v2021.2 (64-bit)
  **** SW Build 3367213 on Tue Oct 19 02:47:39 MDT 2021
  **** IP Build 3369179 on Thu Oct 21 08:25:16 MDT 2021
    ** Copyright 1986-2021 Xilinx, Inc. All Rights Reserved.

source xsim.dir/gate3_9_snapshot/xsim_script.tcl
# xsim {gate3_9_snapshot} -testplusarg PROGRAM=/home/lab_726/boom/hls_boom/reports/gate4_0/w4/full_core_rtl/xsim/raw_chain.readmemh -testplusarg PROGRAM_NAME=raw_chain -testplusarg SCENARIO=R3_RESET_IQ_NONEMPTY -testplusarg MAX_CYCLES=50000 -testplusarg TRACE=/home/lab_726/boom/hls_boom/reference/rtl_traces/w4/full_core/raw_chain_R3_RESET_IQ_NONEMPTY.jsonl -autoloadwcfg -runall -onerror quit
Time resolution is 1 ps
run -all
GATE3_8_IMEM program=/home/lab_726/boom/hls_boom/reports/gate4_0/w4/full_core_rtl/xsim/raw_chain.readmemh
GATE3_8_START scenario=R3_RESET_IQ_NONEMPTY code=3 program=raw_chain max_cycles=50000
GATE3_8_PASS scenario=R3_RESET_IQ_NONEMPTY cycles=28128 commits=14 resets=2 imem=16 dmem=1 loads=0 stores=1 tohost=0000000000000001
$finish called at time : 281325 ns : File "/home/lab_726/boom/hls_boom/rtl_tb/boom_core_rtl_tb.sv" Line 282
exit
INFO: [Common 17-206] Exiting xsim at Tue Aug  4 01:02:41 2026...
{
  "cpp_csim_commit_first_difference": null,
  "cpp_csim_tohost_first_difference": null,
  "cpp_records": 10,
  "cpp_rtl_commit_first_difference": null,
  "cpp_rtl_tohost_first_difference": null,
  "csim_records": 10,
  "rtl_records": 10,
  "status": "PASS"
}
