
****** Vitis HLS - High-Level Synthesis from C, C++ and OpenCL v2021.2 (64-bit)
  **** SW Build 3367213 on Tue Oct 19 02:47:39 MDT 2021
  **** IP Build 3369179 on Thu Oct 21 08:25:16 MDT 2021
    ** Copyright 1986-2021 Xilinx, Inc. All Rights Reserved.

source /home/lab_726/Xilinx/Vitis_HLS/2021.2/scripts/vitis_hls/hls.tcl -notrace
INFO: [HLS 200-10] Running '/home/lab_726/Xilinx/Vitis_HLS/2021.2/bin/unwrapped/lnx64.o/vitis_hls'
INFO: [HLS 200-10] For user 'lab_726' on host '726' (Linux_x86_64 version 6.8.0-124-generic) on Sat Jul 25 20:58:20 CST 2026
INFO: [HLS 200-10] On os Ubuntu 22.04.5 LTS
INFO: [HLS 200-10] In directory '/home/lab_726/boom/hls_boom'
Sourcing Tcl script 'scripts/run_baseline_csynth.tcl'
INFO: [HLS 200-1510] Running: open_project -reset boom_hls_gate3_2_baseline
INFO: [HLS 200-10] Creating and opening project '/home/lab_726/boom/hls_boom/boom_hls_gate3_2_baseline'.
INFO: [HLS 200-1510] Running: set_top boom_core_top
INFO: [HLS 200-1510] Running: add_files -cflags -std=c++11 -I/home/lab_726/boom/hls_boom/include  /home/lab_726/boom/hls_boom/src/boom_core_merged.cpp
INFO: [HLS 200-10] Adding design file '/home/lab_726/boom/hls_boom/src/boom_core_merged.cpp' to the project
INFO: [HLS 200-1510] Running: open_solution -reset solution_baseline
INFO: [HLS 200-10] Creating and opening solution '/home/lab_726/boom/hls_boom/boom_hls_gate3_2_baseline/solution_baseline'.
INFO: [HLS 200-10] Cleaning up the solution database.
WARNING: [HLS 200-40] No /home/lab_726/boom/hls_boom/boom_hls_gate3_2_baseline/solution_baseline/solution_baseline.aps file found.
INFO: [HLS 200-1505] Using default flow_target 'vivado'
Resolution: For help on HLS 200-1505 see www.xilinx.com/cgi-bin/docs/rdoc?v=2021.2;t=hls+guidance;d=200-1505.html
INFO: [HLS 200-1510] Running: set_part xczu7ev-ffvc1156-2-e
INFO: [HLS 200-1611] Setting target device to 'xczu7ev-ffvc1156-2-e'
INFO: [HLS 200-1510] Running: create_clock -period 10 -name default
INFO: [SYN 201-201] Setting up clock 'default' with a period of 10ns.
INFO: [HLS 200-1510] Running: config_compile -pipeline_loops 0
INFO: [XFORM 203-1171] Pipeline the innermost loop with trip count more than 0 or its parent loop when its trip count is less than or equal 0.
INFO: [HLS 200-1510] Running: csynth_design
INFO: [HLS 200-111] Finished File checks and directory preparation: CPU user time: 0.01 seconds. CPU system time: 0 seconds. Elapsed time: 0 seconds; current allocated memory: 1.321 GB.
INFO: [HLS 200-10] Analyzing design file '/home/lab_726/boom/hls_boom/src/boom_core_merged.cpp' ...
INFO: [HLS 200-111] Finished Source Code Analysis and Preprocessing: CPU user time: 0.58 seconds. CPU system time: 0.21 seconds. Elapsed time: 0.4 seconds; current allocated memory: 1.322 GB.
INFO: [HLS 200-777] Using interface defaults for 'Vivado' flow target.
INFO: [HLS 214-284] Auto array partition mode is set into default.
INFO: [HLS 214-178] Inlining function 'MicroOp::MicroOp() (.19.22)' into 'FrontendState::FrontendState()' (/home/lab_726/boom/hls_boom/include/boom_state.hpp:26:0)
INFO: [HLS 214-178] Inlining function 'MicroOp::MicroOp() (.19.22)' into 'DecodeState::DecodeState()' (/home/lab_726/boom/hls_boom/include/boom_state.hpp:32:0)
INFO: [HLS 214-178] Inlining function 'RenameMapTableState::RenameMapTableState()' into 'RenameState::RenameState()' (/home/lab_726/boom/hls_boom/include/boom_state.hpp:58:0)
INFO: [HLS 214-178] Inlining function 'RenameFreeListState::RenameFreeListState()' into 'RenameState::RenameState()' (/home/lab_726/boom/hls_boom/include/boom_state.hpp:58:0)
INFO: [HLS 214-178] Inlining function 'MicroOp::MicroOp() (.19.22)' into 'RenameState::RenameState()' (/home/lab_726/boom/hls_boom/include/boom_state.hpp:58:0)
INFO: [HLS 214-178] Inlining function 'MicroOp::MicroOp() (.19.22)' into 'IssueSlotEntry::IssueSlotEntry()' (/home/lab_726/boom/hls_boom/include/boom_types.hpp:88:0)
INFO: [HLS 214-178] Inlining function 'IssueSlotEntry::IssueSlotEntry()' into 'IssueQueueState::IssueQueueState()' (/home/lab_726/boom/hls_boom/include/boom_state.hpp:65:0)
INFO: [HLS 214-178] Inlining function 'MicroOp::MicroOp() (.19.22)' into 'IssueState::IssueState()' (/home/lab_726/boom/hls_boom/include/boom_state.hpp:73:0)
INFO: [HLS 214-178] Inlining function 'MicroOp::MicroOp() (.19.22)' into 'ExecuteState::AluResult::AluResult()' (/home/lab_726/boom/hls_boom/include/boom_state.hpp:88:0)
INFO: [HLS 214-178] Inlining function 'ExecuteState::AluResult::AluResult()' into 'ExecuteState::ExecuteState()' (/home/lab_726/boom/hls_boom/include/boom_state.hpp:91:0)
INFO: [HLS 214-178] Inlining function 'MicroOp::MicroOp() (.19.22)' into 'RobEntry::RobEntry()' (/home/lab_726/boom/hls_boom/include/boom_types.hpp:79:0)
INFO: [HLS 214-178] Inlining function 'RobEntry::RobEntry()' into 'RobInternalState::RobInternalState()' (/home/lab_726/boom/hls_boom/include/boom_state.hpp:104:0)
INFO: [HLS 214-178] Inlining function 'CommitEntry::CommitEntry()' into 'RobInternalState::RobInternalState()' (/home/lab_726/boom/hls_boom/include/boom_state.hpp:104:0)
INFO: [HLS 214-178] Inlining function 'StoreQueueEntry::StoreQueueEntry()' into 'LsuState::LsuState()' (/home/lab_726/boom/hls_boom/include/boom_state.hpp:145:0)
INFO: [HLS 214-178] Inlining function 'LoadQueueEntry::LoadQueueEntry()' into 'LsuState::LsuState()' (/home/lab_726/boom/hls_boom/include/boom_state.hpp:145:0)
INFO: [HLS 214-178] Inlining function 'MicroOp::MicroOp() (.19.22)' into 'BranchUpdate::BranchUpdate()' (/home/lab_726/boom/hls_boom/include/boom_types.hpp:97:0)
INFO: [HLS 214-178] Inlining function 'FrontendState::FrontendState()' into 'BoomCoreState::BoomCoreState()' (/home/lab_726/boom/hls_boom/include/boom_state.hpp:168:0)
INFO: [HLS 214-178] Inlining function 'CsrState::CsrState()' into 'BoomCoreState::BoomCoreState()' (/home/lab_726/boom/hls_boom/include/boom_state.hpp:168:0)
INFO: [HLS 214-178] Inlining function 'LsuState::LsuState()' into 'BoomCoreState::BoomCoreState()' (/home/lab_726/boom/hls_boom/include/boom_state.hpp:168:0)
INFO: [HLS 214-178] Inlining function 'BranchUpdate::BranchUpdate()' into 'BoomCoreState::BoomCoreState()' (/home/lab_726/boom/hls_boom/include/boom_state.hpp:168:0)
INFO: [HLS 214-178] Inlining function 'boom::bytes_for_size(unsigned char)' into 'boom::load_value(unsigned long, unsigned long, unsigned char, bool)' (/home/lab_726/boom/hls_boom/src/boom_core_merged.cpp:595:0)
INFO: [HLS 214-178] Inlining function 'boom::sign_extend(unsigned long, unsigned char)' into 'boom::load_value(unsigned long, unsigned long, unsigned char, bool)' (/home/lab_726/boom/hls_boom/src/boom_core_merged.cpp:595:0)
INFO: [HLS 214-178] Inlining function 'boom::older_store_in_rob(BoomCoreState const&, unsigned char)' into 'boom::try_issue_load(BoomCoreState&, PipeSignals&, unsigned char)' (/home/lab_726/boom/hls_boom/src/boom_core_merged.cpp:628:0)
INFO: [HLS 214-178] Inlining function 'DmemRequest::DmemRequest()' into 'boom::try_issue_load(BoomCoreState&, PipeSignals&, unsigned char)' (/home/lab_726/boom/hls_boom/src/boom_core_merged.cpp:628:0)
INFO: [HLS 214-178] Inlining function 'boom::clear_lsu_queues(LsuState&)' into 'boom::lsu_module(BoomCoreState&, PipeSignals&)' (/home/lab_726/boom/hls_boom/src/boom_core_merged.cpp:705:0)
INFO: [HLS 214-178] Inlining function 'DmemResponse::DmemResponse()' into 'boom::lsu_module(BoomCoreState&, PipeSignals&)' (/home/lab_726/boom/hls_boom/src/boom_core_merged.cpp:705:0)
INFO: [HLS 214-178] Inlining function 'boom::load_value(unsigned long, unsigned long, unsigned char, bool)' into 'boom::lsu_module(BoomCoreState&, PipeSignals&)' (/home/lab_726/boom/hls_boom/src/boom_core_merged.cpp:705:0)
INFO: [HLS 214-178] Inlining function 'boom::enqueue_store(BoomCoreState&, ExecuteState::AluResult const&, RobEntry&)' into 'boom::lsu_module(BoomCoreState&, PipeSignals&)' (/home/lab_726/boom/hls_boom/src/boom_core_merged.cpp:705:0)
INFO: [HLS 214-178] Inlining function 'boom::enqueue_load(BoomCoreState&, ExecuteState::AluResult const&, RobEntry&)' into 'boom::lsu_module(BoomCoreState&, PipeSignals&)' (/home/lab_726/boom/hls_boom/src/boom_core_merged.cpp:705:0)
INFO: [HLS 214-178] Inlining function 'ImemRequest::ImemRequest()' into 'boom::frontend_module(BoomCoreState&, PipeSignals&)' (/home/lab_726/boom/hls_boom/src/boom_core_merged.cpp:19:0)
INFO: [HLS 214-178] Inlining function 'ImemResponse::ImemResponse()' into 'boom::frontend_module(BoomCoreState&, PipeSignals&)' (/home/lab_726/boom/hls_boom/src/boom_core_merged.cpp:19:0)
INFO: [HLS 214-178] Inlining function 'MicroOp::MicroOp() (.19.22)' into 'boom::frontend_module(BoomCoreState&, PipeSignals&)' (/home/lab_726/boom/hls_boom/src/boom_core_merged.cpp:19:0)
INFO: [HLS 214-178] Inlining function 'MicroOp::MicroOp() (.19.22)' into 'boom::decode_module(BoomCoreState&)' (/home/lab_726/boom/hls_boom/src/boom_core_merged.cpp:198:0)
INFO: [HLS 214-178] Inlining function 'boom::extract_imm_u(unsigned int)' into 'boom::decode_module(BoomCoreState&)' (/home/lab_726/boom/hls_boom/src/boom_core_merged.cpp:198:0)
INFO: [HLS 214-178] Inlining function 'boom::extract_imm_j(unsigned int)' into 'boom::decode_module(BoomCoreState&)' (/home/lab_726/boom/hls_boom/src/boom_core_merged.cpp:198:0)
INFO: [HLS 214-178] Inlining function 'boom::extract_imm_i(unsigned int)' into 'boom::decode_module(BoomCoreState&)' (/home/lab_726/boom/hls_boom/src/boom_core_merged.cpp:198:0)
INFO: [HLS 214-178] Inlining function 'boom::extract_imm_b(unsigned int)' into 'boom::decode_module(BoomCoreState&)' (/home/lab_726/boom/hls_boom/src/boom_core_merged.cpp:198:0)
INFO: [HLS 214-178] Inlining function 'boom::extract_imm_s(unsigned int)' into 'boom::decode_module(BoomCoreState&)' (/home/lab_726/boom/hls_boom/src/boom_core_merged.cpp:198:0)
INFO: [HLS 214-178] Inlining function 'IssueSlotEntry::IssueSlotEntry()' into 'boom::issue_module(BoomCoreState&)' (/home/lab_726/boom/hls_boom/src/boom_core_merged.cpp:438:0)
INFO: [HLS 214-178] Inlining function 'boom::sext32(long)' into 'boom::execute_module(BoomCoreState&)' (/home/lab_726/boom/hls_boom/src/boom_core_merged.cpp:491:0)
INFO: [HLS 214-178] Inlining function 'boom::mask_for_size(unsigned char)' into 'boom::execute_module(BoomCoreState&)' (/home/lab_726/boom/hls_boom/src/boom_core_merged.cpp:491:0)
INFO: [HLS 214-178] Inlining function 'boom::rob_flush(BoomCoreState&)' into 'boom::rob_branch_kill(BoomCoreState&)' (/home/lab_726/boom/hls_boom/src/boom_core_merged.cpp:391:0)
INFO: [HLS 214-178] Inlining function 'boom::rob_branch_kill(BoomCoreState&)' into 'boom::rob_commit_module(BoomCoreState&, PipeSignals&)' (/home/lab_726/boom/hls_boom/src/boom_core_merged.cpp:766:0)
INFO: [HLS 214-178] Inlining function 'boom::rob_complete(BoomCoreState&)' into 'boom::rob_commit_module(BoomCoreState&, PipeSignals&)' (/home/lab_726/boom/hls_boom/src/boom_core_merged.cpp:766:0)
INFO: [HLS 214-178] Inlining function 'DmemRequest::DmemRequest()' into 'boom::rob_commit_module(BoomCoreState&, PipeSignals&)' (/home/lab_726/boom/hls_boom/src/boom_core_merged.cpp:766:0)
INFO: [HLS 214-178] Inlining function 'CommitEntry::CommitEntry()' into 'boom::rob_commit_module(BoomCoreState&, PipeSignals&)' (/home/lab_726/boom/hls_boom/src/boom_core_merged.cpp:766:0)
INFO: [HLS 214-178] Inlining function 'boom::csr_module(BoomCoreState&)' into 'boom_core_step(BoomCoreState&, PipeSignals&)' (/home/lab_726/boom/hls_boom/src/boom_core_merged.cpp:872:0)
INFO: [HLS 214-178] Inlining function 'boom::branch_module(BoomCoreState&)' into 'boom_core_step(BoomCoreState&, PipeSignals&)' (/home/lab_726/boom/hls_boom/src/boom_core_merged.cpp:872:0)
INFO: [HLS 214-178] Inlining function 'ImemResponse::ImemResponse()' into 'boom_core_cycle_io(BoomCoreState&, PipeSignals&, hls::stream<ImemRequest, 0>&, hls::stream<ImemResponse, 0>&, hls::stream<DmemRequest, 0>&, hls::stream<DmemResponse, 0>&, hls::stream<CommitEntry, 0>&, bool&, bool&, bool&, bool&, unsigned long&, unsigned long&)' (/home/lab_726/boom/hls_boom/src/boom_core_merged.cpp:905:0)
INFO: [HLS 214-178] Inlining function 'DmemResponse::DmemResponse()' into 'boom_core_cycle_io(BoomCoreState&, PipeSignals&, hls::stream<ImemRequest, 0>&, hls::stream<ImemResponse, 0>&, hls::stream<DmemRequest, 0>&, hls::stream<DmemResponse, 0>&, hls::stream<CommitEntry, 0>&, bool&, bool&, bool&, bool&, unsigned long&, unsigned long&)' (/home/lab_726/boom/hls_boom/src/boom_core_merged.cpp:905:0)
INFO: [HLS 214-178] Inlining function 'boom_core_step(BoomCoreState&, PipeSignals&)' into 'boom_core_cycle_io(BoomCoreState&, PipeSignals&, hls::stream<ImemRequest, 0>&, hls::stream<ImemResponse, 0>&, hls::stream<DmemRequest, 0>&, hls::stream<DmemResponse, 0>&, hls::stream<CommitEntry, 0>&, bool&, bool&, bool&, bool&, unsigned long&, unsigned long&)' (/home/lab_726/boom/hls_boom/src/boom_core_merged.cpp:905:0)
INFO: [HLS 214-178] Inlining function 'ImemRequest::ImemRequest()' into 'boom_core_cycle_io(BoomCoreState&, PipeSignals&, hls::stream<ImemRequest, 0>&, hls::stream<ImemResponse, 0>&, hls::stream<DmemRequest, 0>&, hls::stream<DmemResponse, 0>&, hls::stream<CommitEntry, 0>&, bool&, bool&, bool&, bool&, unsigned long&, unsigned long&)' (/home/lab_726/boom/hls_boom/src/boom_core_merged.cpp:905:0)
INFO: [HLS 214-178] Inlining function 'DmemRequest::DmemRequest()' into 'boom_core_cycle_io(BoomCoreState&, PipeSignals&, hls::stream<ImemRequest, 0>&, hls::stream<ImemResponse, 0>&, hls::stream<DmemRequest, 0>&, hls::stream<DmemResponse, 0>&, hls::stream<CommitEntry, 0>&, bool&, bool&, bool&, bool&, unsigned long&, unsigned long&)' (/home/lab_726/boom/hls_boom/src/boom_core_merged.cpp:905:0)
INFO: [HLS 214-178] Inlining function 'CommitEntry::CommitEntry()' into 'boom_core_cycle_io(BoomCoreState&, PipeSignals&, hls::stream<ImemRequest, 0>&, hls::stream<ImemResponse, 0>&, hls::stream<DmemRequest, 0>&, hls::stream<DmemResponse, 0>&, hls::stream<CommitEntry, 0>&, bool&, bool&, bool&, bool&, unsigned long&, unsigned long&)' (/home/lab_726/boom/hls_boom/src/boom_core_merged.cpp:905:0)
INFO: [HLS 214-241] Aggregating fifo (hls::stream) variable 'pipe.4' with compact=bit mode in 518-bits (/home/lab_726/boom/hls_boom/src/boom_core_merged.cpp:955:14)
INFO: [HLS 214-241] Aggregating fifo (hls::stream) variable 'pipe.2' with compact=bit mode in 283-bits (/home/lab_726/boom/hls_boom/src/boom_core_merged.cpp:955:14)
INFO: [HLS 214-241] Aggregating fifo (hls::stream) variable 'pipe.0' with compact=bit mode in 97-bits (/home/lab_726/boom/hls_boom/src/boom_core_merged.cpp:955:14)
INFO: [HLS 214-241] Aggregating fifo (hls::stream) variable 'pipe.3' with compact=bit mode in 289-bits (/home/lab_726/boom/hls_boom/src/boom_core_merged.cpp:955:14)
INFO: [HLS 214-241] Aggregating fifo (hls::stream) variable 'pipe.1' with compact=bit mode in 193-bits (/home/lab_726/boom/hls_boom/src/boom_core_merged.cpp:955:14)
INFO: [HLS 214-270] Starting automatic array partition analysis...
INFO: [HLS 214-131] Inlining function '_llvm.fpga.pack.none.i384.sl_i32i64i64i1i64i64s' into '_llvm.fpga.unpack.bits.s_struct.DmemResponses.i289.1'
INFO: [HLS 214-131] Inlining function '_llvm.fpga.pack.none.i320.s_struct.DmemRequests' into 'boom::try_issue_load(BoomCoreState&, PipeSignals&, unsigned char) (.1)' (/home/lab_726/Xilinx/Vitis_HLS/2021.2/common/technology/autopilot/hls_stream_39.h:173:9)
INFO: [HLS 214-131] Inlining function '_llvm.fpga.pack.bits.i283.s_struct.DmemRequests.1' into 'boom::try_issue_load(BoomCoreState&, PipeSignals&, unsigned char) (.1)' (/home/lab_726/Xilinx/Vitis_HLS/2021.2/common/technology/autopilot/hls_stream_39.h:173:9)
INFO: [HLS 214-131] Inlining function '_llvm.fpga.unpack.bits.s_struct.DmemResponses.i289.1' into 'boom::lsu_module(BoomCoreState&, PipeSignals&) (.1)' (/home/lab_726/Xilinx/Vitis_HLS/2021.2/common/technology/autopilot/hls_stream_39.h:144:9)
INFO: [HLS 214-131] Inlining function '_llvm.fpga.pack.none.i256.sl_i64i32i32i1i64s' into '_llvm.fpga.unpack.bits.s_struct.ImemResponses.i193.1'
INFO: [HLS 214-131] Inlining function '_llvm.fpga.pack.none.i128.s_struct.ImemRequests' into 'boom::frontend_module(BoomCoreState&, PipeSignals&) (.1)' (/home/lab_726/Xilinx/Vitis_HLS/2021.2/common/technology/autopilot/hls_stream_39.h:173:9)
INFO: [HLS 214-131] Inlining function '_llvm.fpga.unpack.bits.s_struct.ImemResponses.i193.1' into 'boom::frontend_module(BoomCoreState&, PipeSignals&) (.1)' (/home/lab_726/Xilinx/Vitis_HLS/2021.2/common/technology/autopilot/hls_stream_39.h:144:9)
INFO: [HLS 214-131] Inlining function '_llvm.fpga.pack.bits.i97.s_struct.ImemRequests.1' into 'boom::frontend_module(BoomCoreState&, PipeSignals&) (.1)' (/home/lab_726/Xilinx/Vitis_HLS/2021.2/common/technology/autopilot/hls_stream_39.h:173:9)
INFO: [HLS 214-131] Inlining function '_llvm.fpga.pack.none.i320.s_struct.DmemRequests' into 'boom::rob_commit_module(BoomCoreState&, PipeSignals&) (.1)' (/home/lab_726/Xilinx/Vitis_HLS/2021.2/common/technology/autopilot/hls_stream_39.h:173:9)
INFO: [HLS 214-131] Inlining function '_llvm.fpga.pack.bits.i518.s_struct.CommitEntrys.1' into 'boom::rob_commit_module(BoomCoreState&, PipeSignals&) (.1)' (/home/lab_726/Xilinx/Vitis_HLS/2021.2/common/technology/autopilot/hls_stream_39.h:173:9)
INFO: [HLS 214-131] Inlining function '_llvm.fpga.pack.none.i768.s_struct.CommitEntrys' into 'boom::rob_commit_module(BoomCoreState&, PipeSignals&) (.1)' (/home/lab_726/Xilinx/Vitis_HLS/2021.2/common/technology/autopilot/hls_stream_39.h:173:9)
INFO: [HLS 214-131] Inlining function '_llvm.fpga.pack.bits.i283.s_struct.DmemRequests.1' into 'boom::rob_commit_module(BoomCoreState&, PipeSignals&) (.1)' (/home/lab_726/Xilinx/Vitis_HLS/2021.2/common/technology/autopilot/hls_stream_39.h:173:9)
INFO: [HLS 214-131] Inlining function '_llvm.fpga.pack.none.i128.sl_i64i32i1s' into '_llvm.fpga.unpack.bits.s_struct.ImemRequests.i97.1'
INFO: [HLS 214-131] Inlining function '_llvm.fpga.pack.none.i320.sl_i32i8i8i8i8i8i8i8i1i1i1i64i64i64s' into '_llvm.fpga.unpack.bits.s_struct.DmemRequests.i283.1'
INFO: [HLS 214-131] Inlining function '_llvm.fpga.pack.none.i768.sl_i1i64i32i8i8i64i1i1i64i1i1i1i64i64i64i64i8i8s' into '_llvm.fpga.unpack.bits.s_struct.CommitEntrys.i518.1'
INFO: [HLS 214-131] Inlining function '_llvm.fpga.pack.bits.i193.s_struct.ImemResponses.1' into 'boom_core_cycle_io(BoomCoreState&, PipeSignals&, hls::stream<ImemRequest, 0>&, hls::stream<ImemResponse, 0>&, hls::stream<DmemRequest, 0>&, hls::stream<DmemResponse, 0>&, hls::stream<CommitEntry, 0>&, bool&, bool&, bool&, bool&, unsigned long&, unsigned long&) (.1)' (/home/lab_726/Xilinx/Vitis_HLS/2021.2/common/technology/autopilot/hls_stream_39.h:173:9)
INFO: [HLS 214-131] Inlining function '_llvm.fpga.pack.none.i768.s_struct.CommitEntrys' into 'boom_core_cycle_io(BoomCoreState&, PipeSignals&, hls::stream<ImemRequest, 0>&, hls::stream<ImemResponse, 0>&, hls::stream<DmemRequest, 0>&, hls::stream<DmemResponse, 0>&, hls::stream<CommitEntry, 0>&, bool&, bool&, bool&, bool&, unsigned long&, unsigned long&) (.1)' (/home/lab_726/Xilinx/Vitis_HLS/2021.2/common/technology/autopilot/hls_stream_39.h:173:9)
INFO: [HLS 214-131] Inlining function '_llvm.fpga.unpack.bits.s_struct.CommitEntrys.i518.1' into 'boom_core_cycle_io(BoomCoreState&, PipeSignals&, hls::stream<ImemRequest, 0>&, hls::stream<ImemResponse, 0>&, hls::stream<DmemRequest, 0>&, hls::stream<DmemResponse, 0>&, hls::stream<CommitEntry, 0>&, bool&, bool&, bool&, bool&, unsigned long&, unsigned long&) (.1)' (/home/lab_726/Xilinx/Vitis_HLS/2021.2/common/technology/autopilot/hls_stream_39.h:144:9)
INFO: [HLS 214-131] Inlining function '_llvm.fpga.pack.none.i320.s_struct.DmemRequests' into 'boom_core_cycle_io(BoomCoreState&, PipeSignals&, hls::stream<ImemRequest, 0>&, hls::stream<ImemResponse, 0>&, hls::stream<DmemRequest, 0>&, hls::stream<DmemResponse, 0>&, hls::stream<CommitEntry, 0>&, bool&, bool&, bool&, bool&, unsigned long&, unsigned long&) (.1)' (/home/lab_726/Xilinx/Vitis_HLS/2021.2/common/technology/autopilot/hls_stream_39.h:173:9)
INFO: [HLS 214-131] Inlining function '_llvm.fpga.unpack.bits.s_struct.DmemRequests.i283.1' into 'boom_core_cycle_io(BoomCoreState&, PipeSignals&, hls::stream<ImemRequest, 0>&, hls::stream<ImemResponse, 0>&, hls::stream<DmemRequest, 0>&, hls::stream<DmemResponse, 0>&, hls::stream<CommitEntry, 0>&, bool&, bool&, bool&, bool&, unsigned long&, unsigned long&) (.1)' (/home/lab_726/Xilinx/Vitis_HLS/2021.2/common/technology/autopilot/hls_stream_39.h:144:9)
INFO: [HLS 214-131] Inlining function '_llvm.fpga.pack.none.i128.s_struct.ImemRequests' into 'boom_core_cycle_io(BoomCoreState&, PipeSignals&, hls::stream<ImemRequest, 0>&, hls::stream<ImemResponse, 0>&, hls::stream<DmemRequest, 0>&, hls::stream<DmemResponse, 0>&, hls::stream<CommitEntry, 0>&, bool&, bool&, bool&, bool&, unsigned long&, unsigned long&) (.1)' (/home/lab_726/Xilinx/Vitis_HLS/2021.2/common/technology/autopilot/hls_stream_39.h:173:9)
INFO: [HLS 214-131] Inlining function '_llvm.fpga.unpack.bits.s_struct.ImemRequests.i97.1' into 'boom_core_cycle_io(BoomCoreState&, PipeSignals&, hls::stream<ImemRequest, 0>&, hls::stream<ImemResponse, 0>&, hls::stream<DmemRequest, 0>&, hls::stream<DmemResponse, 0>&, hls::stream<CommitEntry, 0>&, bool&, bool&, bool&, bool&, unsigned long&, unsigned long&) (.1)' (/home/lab_726/Xilinx/Vitis_HLS/2021.2/common/technology/autopilot/hls_stream_39.h:144:9)
INFO: [HLS 214-131] Inlining function '_llvm.fpga.pack.bits.i289.s_struct.DmemResponses.1' into 'boom_core_cycle_io(BoomCoreState&, PipeSignals&, hls::stream<ImemRequest, 0>&, hls::stream<ImemResponse, 0>&, hls::stream<DmemRequest, 0>&, hls::stream<DmemResponse, 0>&, hls::stream<CommitEntry, 0>&, bool&, bool&, bool&, bool&, unsigned long&, unsigned long&) (.1)' (/home/lab_726/Xilinx/Vitis_HLS/2021.2/common/technology/autopilot/hls_stream_39.h:173:9)
INFO: [HLS 200-111] Finished Compiling Optimization and Transform: CPU user time: 24.69 seconds. CPU system time: 0.42 seconds. Elapsed time: 24.96 seconds; current allocated memory: 442.859 MB.
INFO: [HLS 200-111] Finished Checking Pragmas: CPU user time: 0 seconds. CPU system time: 0 seconds. Elapsed time: 0 seconds; current allocated memory: 442.859 MB.
INFO: [HLS 200-10] Starting code transformations ...
INFO: [HLS 200-111] Finished Standard Transforms: CPU user time: 0.59 seconds. CPU system time: 0 seconds. Elapsed time: 0.6 seconds; current allocated memory: 454.816 MB.
INFO: [HLS 200-10] Checking synthesizability ...
INFO: [HLS 200-111] Finished Checking Synthesizability: CPU user time: 0.82 seconds. CPU system time: 0.01 seconds. Elapsed time: 0.82 seconds; current allocated memory: 464.898 MB.
WARNING: [HLS 200-805] An internal stream 'pipe.0' with default size can result in deadlock. Please consider resizing the stream using the directive 'set_directive_stream' or the 'HLS stream' pragma.
WARNING: [HLS 200-805] An internal stream 'pipe.1' with default size can result in deadlock. Please consider resizing the stream using the directive 'set_directive_stream' or the 'HLS stream' pragma.
WARNING: [HLS 200-805] An internal stream 'pipe.2' with default size can result in deadlock. Please consider resizing the stream using the directive 'set_directive_stream' or the 'HLS stream' pragma.
WARNING: [HLS 200-805] An internal stream 'pipe.3' with default size can result in deadlock. Please consider resizing the stream using the directive 'set_directive_stream' or the 'HLS stream' pragma.
WARNING: [HLS 200-805] An internal stream 'pipe.4' with default size can result in deadlock. Please consider resizing the stream using the directive 'set_directive_stream' or the 'HLS stream' pragma.
INFO: [XFORM 203-401] Performing if-conversion on hyperblock from (/home/lab_726/boom/hls_boom/src/boom_core_merged.cpp:810:30) to (/home/lab_726/boom/hls_boom/src/boom_core_merged.cpp:825:17) in function 'boom::rob_commit_module'... converting 3 basic blocks.
INFO: [XFORM 203-401] Performing if-conversion on hyperblock from (/home/lab_726/boom/hls_boom/src/boom_core_merged.cpp:723:37) to (/home/lab_726/boom/hls_boom/src/boom_core_merged.cpp:725:25) in function 'boom::lsu_module'... converting 4 basic blocks.
INFO: [XFORM 203-401] Performing if-conversion on hyperblock from (/home/lab_726/boom/hls_boom/src/boom_core_merged.cpp:35:24) to (/home/lab_726/boom/hls_boom/src/boom_core_merged.cpp:44:9) in function 'boom::frontend_module'... converting 3 basic blocks.
INFO: [XFORM 203-401] Performing if-conversion on hyperblock from (/home/lab_726/boom/hls_boom/src/boom_core_merged.cpp:502:36) to (/home/lab_726/boom/hls_boom/src/boom_core_merged.cpp:515:9) in function 'boom::execute_module'... converting 7 basic blocks.
INFO: [XFORM 203-401] Performing if-conversion on hyperblock from (/home/lab_726/boom/hls_boom/src/boom_core_merged.cpp:542:31) to (/home/lab_726/boom/hls_boom/src/boom_core_merged.cpp:544:91) in function 'boom::execute_module'... converting 3 basic blocks.
INFO: [XFORM 203-401] Performing if-conversion on hyperblock from (/home/lab_726/boom/hls_boom/src/boom_core_merged.cpp:546:31) to (/home/lab_726/boom/hls_boom/src/boom_core_merged.cpp:548:91) in function 'boom::execute_module'... converting 3 basic blocks.
INFO: [XFORM 203-11] Balancing expressions in function 'boom::try_issue_load' (/home/lab_726/boom/hls_boom/src/boom_core_merged.cpp:139:30)...3 expression(s) balanced.
INFO: [XFORM 203-11] Balancing expressions in function 'boom::rob_commit_module' (/home/lab_726/boom/hls_boom/src/boom_core_merged.cpp:139:17)...19 expression(s) balanced.
INFO: [XFORM 203-11] Balancing expressions in function 'boom::decode_module' (/home/lab_726/boom/hls_boom/src/boom_core_merged.cpp:187:55)...6 expression(s) balanced.
INFO: [HLS 200-111] Finished Loop, function and other optimizations: CPU user time: 2.16 seconds. CPU system time: 0.02 seconds. Elapsed time: 2.19 seconds; current allocated memory: 500.062 MB.
WARNING: [XFORM 203-561] 'CORE_CYCLE' (/home/lab_726/boom/hls_boom/src/boom_core_merged.cpp:962:9) in function 'boom_core_top' is an infinite loop.
INFO: [HLS 200-472] Inferring partial write operation for 'state.rob.entries.memory_request_sent' (/home/lab_726/boom/hls_boom/src/boom_core_merged.cpp:646:31)
INFO: [HLS 200-472] Inferring partial write operation for 'state.rob.entries.memory_transaction_id' (/home/lab_726/boom/hls_boom/src/boom_core_merged.cpp:647:33)
INFO: [HLS 200-472] Inferring partial write operation for 'state.rob.entries.valid' (/home/lab_726/boom/hls_boom/src/boom_core_merged.cpp:386:57)
INFO: [HLS 200-472] Inferring partial write operation for 'state.rob.entries.busy' (/home/lab_726/boom/hls_boom/src/boom_core_merged.cpp:386:84)
INFO: [HLS 200-472] Inferring partial write operation for 'state.rob.entries.busy' (/home/lab_726/boom/hls_boom/src/boom_core_merged.cpp:406:41)
INFO: [HLS 200-472] Inferring partial write operation for 'state.rob.entries.exception' (/home/lab_726/boom/hls_boom/src/boom_core_merged.cpp:407:63)
INFO: [HLS 200-472] Inferring partial write operation for 'state.rob.entries.valid' (/home/lab_726/boom/hls_boom/src/boom_core_merged.cpp:783:25)
INFO: [HLS 200-472] Inferring partial write operation for 'state.rob.entries.memory_request_sent' (/home/lab_726/boom/hls_boom/src/boom_core_merged.cpp:805:44)
INFO: [HLS 200-472] Inferring partial write operation for 'state.rob.entries.memory_completed' (/home/lab_726/boom/hls_boom/src/boom_core_merged.cpp:806:41)
INFO: [HLS 200-472] Inferring partial write operation for 'state.rename.int_map_table.committed_map_table' (/home/lab_726/boom/hls_boom/src/boom_core_merged.cpp:826:80)
INFO: [HLS 200-472] Inferring partial write operation for 'state.rename.int_free_list.busy_table' (/home/lab_726/boom/hls_boom/src/boom_core_merged.cpp:830:61)
INFO: [HLS 200-472] Inferring partial write operation for 'state.rename.int_free_list.free_list' (/home/lab_726/boom/hls_boom/src/boom_core_merged.cpp:831:46)
INFO: [HLS 200-472] Inferring partial write operation for 'state.rob.entries.valid' (/home/lab_726/boom/hls_boom/src/boom_core_merged.cpp:838:21)
INFO: [HLS 200-472] Inferring partial write operation for 'state.rename.renamed_valids' (/home/lab_726/boom/hls_boom/src/boom_core_merged.cpp:420:54)
INFO: [HLS 200-472] Inferring partial write operation for 'state.rob.entries.unsafe' (/home/lab_726/boom/hls_boom/src/boom_core_merged.cpp:424:15)
INFO: [HLS 200-472] Inferring partial write operation for 'state.rob.entries.valid' (/home/lab_726/boom/hls_boom/src/boom_core_merged.cpp:425:20)
INFO: [HLS 200-472] Inferring partial write operation for 'state.rob.entries.busy' (/home/lab_726/boom/hls_boom/src/boom_core_merged.cpp:425:37)
INFO: [HLS 200-472] Inferring partial write operation for 'state.rob.entries.exception' (/home/lab_726/boom/hls_boom/src/boom_core_merged.cpp:425:59)
INFO: [HLS 200-472] Inferring partial write operation for 'state.rob.entries.uop.uopc' (/home/lab_726/boom/hls_boom/src/boom_core_merged.cpp:426:49)
INFO: [HLS 200-472] Inferring partial write operation for 'state.rename.renamed_uops.queue.rob_idx' (/home/lab_726/boom/hls_boom/src/boom_core_merged.cpp:427:52)
INFO: [HLS 200-472] Inferring partial write operation for 'state.rename.renamed_valids' (/home/lab_726/boom/hls_boom/src/boom_core_merged.cpp:340:30)
INFO: [HLS 200-472] Inferring partial write operation for 'state.rename.renamed_uops.uopc' (/home/lab_726/boom/hls_boom/src/boom_core_merged.cpp:340:57)
INFO: [HLS 200-472] Inferring partial write operation for 'state.rename.int_map_table.map_table' (/home/lab_726/boom/hls_boom/src/boom_core_merged.cpp:346:29)
INFO: [HLS 200-472] Inferring partial write operation for 'state.rename.int_map_table.br_snapshots' (/home/lab_726/boom/hls_boom/src/boom_core_merged.cpp:347:76)
INFO: [HLS 200-472] Inferring partial write operation for 'state.rename.int_free_list.busy_table' (/home/lab_726/boom/hls_boom/src/boom_core_merged.cpp:366:37)
INFO: [HLS 200-472] Inferring partial write operation for 'state.rename.int_map_table.map_table' (/home/lab_726/boom/hls_boom/src/boom_core_merged.cpp:368:47)
INFO: [HLS 200-472] Inferring partial write operation for 'state.rename.renamed_uops.uopc' (/home/lab_726/boom/hls_boom/src/boom_core_merged.cpp:372:29)
INFO: [HLS 200-472] Inferring partial write operation for 'state.rename.renamed_valids' (/home/lab_726/boom/hls_boom/src/boom_core_merged.cpp:373:31)
INFO: [HLS 200-472] Inferring partial write operation for 'state.lsu.ldq.valid' (/home/lab_726/boom/hls_boom/src/boom_core_merged.cpp:623:44)
INFO: [HLS 200-472] Inferring partial write operation for 'state.lsu.stq.valid' (/home/lab_726/boom/hls_boom/src/boom_core_merged.cpp:625:44)
INFO: [HLS 200-472] Inferring partial write operation for 'state.rob.entries.exception' (/home/lab_726/boom/hls_boom/src/boom_core_merged.cpp:719:37)
INFO: [HLS 200-472] Inferring partial write operation for 'state.rob.entries.uop.exception' (/home/lab_726/boom/hls_boom/src/boom_core_merged.cpp:720:41)
INFO: [HLS 200-472] Inferring partial write operation for 'state.rob.entries.uop.exc_cause' (/home/lab_726/boom/hls_boom/src/boom_core_merged.cpp:721:41)
INFO: [HLS 200-472] Inferring partial write operation for 'state.int_rf' (/home/lab_726/boom/hls_boom/src/boom_core_merged.cpp:725:89)
INFO: [HLS 200-472] Inferring partial write operation for 'state.rob.entries.memory_data' (/home/lab_726/boom/hls_boom/src/boom_core_merged.cpp:726:39)
INFO: [HLS 200-472] Inferring partial write operation for 'state.rob.entries.memory_completed' (/home/lab_726/boom/hls_boom/src/boom_core_merged.cpp:728:40)
INFO: [HLS 200-472] Inferring partial write operation for 'state.rob.entries.busy' (/home/lab_726/boom/hls_boom/src/boom_core_merged.cpp:729:28)
INFO: [HLS 200-472] Inferring partial write operation for 'state.rob.entries.memory_valid' (/home/lab_726/boom/hls_boom/src/boom_core_merged.cpp:655:24)
INFO: [HLS 200-472] Inferring partial write operation for 'state.rob.entries.is_store' (/home/lab_726/boom/hls_boom/src/boom_core_merged.cpp:656:20)
INFO: [HLS 200-472] Inferring partial write operation for 'state.rob.entries.is_load' (/home/lab_726/boom/hls_boom/src/boom_core_merged.cpp:657:19)
INFO: [HLS 200-472] Inferring partial write operation for 'state.rob.entries.memory_completed' (/home/lab_726/boom/hls_boom/src/boom_core_merged.cpp:658:28)
INFO: [HLS 200-472] Inferring partial write operation for 'state.rob.entries.memory_address' (/home/lab_726/boom/hls_boom/src/boom_core_merged.cpp:659:26)
INFO: [HLS 200-472] Inferring partial write operation for 'state.rob.entries.memory_data' (/home/lab_726/boom/hls_boom/src/boom_core_merged.cpp:660:23)
INFO: [HLS 200-472] Inferring partial write operation for 'state.rob.entries.memory_mask' (/home/lab_726/boom/hls_boom/src/boom_core_merged.cpp:661:23)
INFO: [HLS 200-472] Inferring partial write operation for 'state.rob.entries.memory_size' (/home/lab_726/boom/hls_boom/src/boom_core_merged.cpp:662:23)
INFO: [HLS 200-472] Inferring partial write operation for 'state.rob.entries.busy' (/home/lab_726/boom/hls_boom/src/boom_core_merged.cpp:663:16)
INFO: [HLS 200-472] Inferring partial write operation for 'state.lsu.stq.valid' (/home/lab_726/boom/hls_boom/src/boom_core_merged.cpp:668:19)
INFO: [HLS 200-472] Inferring partial write operation for 'state.lsu.stq.rob_idx' (/home/lab_726/boom/hls_boom/src/boom_core_merged.cpp:669:21)
INFO: [HLS 200-472] Inferring partial write operation for 'state.lsu.stq.address_valid' (/home/lab_726/boom/hls_boom/src/boom_core_merged.cpp:670:27)
INFO: [HLS 200-472] Inferring partial write operation for 'state.lsu.stq.address' (/home/lab_726/boom/hls_boom/src/boom_core_merged.cpp:671:21)
INFO: [HLS 200-472] Inferring partial write operation for 'state.lsu.stq.data_valid' (/home/lab_726/boom/hls_boom/src/boom_core_merged.cpp:672:24)
INFO: [HLS 200-472] Inferring partial write operation for 'state.lsu.stq.data' (/home/lab_726/boom/hls_boom/src/boom_core_merged.cpp:673:18)
INFO: [HLS 200-472] Inferring partial write operation for 'state.lsu.stq.mask' (/home/lab_726/boom/hls_boom/src/boom_core_merged.cpp:674:18)
INFO: [HLS 200-472] Inferring partial write operation for 'state.lsu.stq.size' (/home/lab_726/boom/hls_boom/src/boom_core_merged.cpp:675:18)
INFO: [HLS 200-472] Inferring partial write operation for 'state.lsu.stq.branch_mask' (/home/lab_726/boom/hls_boom/src/boom_core_merged.cpp:676:25)
INFO: [HLS 200-472] Inferring partial write operation for 'state.rob.entries.memory_valid' (/home/lab_726/boom/hls_boom/src/boom_core_merged.cpp:683:24)
INFO: [HLS 200-472] Inferring partial write operation for 'state.rob.entries.is_load' (/home/lab_726/boom/hls_boom/src/boom_core_merged.cpp:684:19)
INFO: [HLS 200-472] Inferring partial write operation for 'state.rob.entries.is_store' (/home/lab_726/boom/hls_boom/src/boom_core_merged.cpp:685:20)
INFO: [HLS 200-472] Inferring partial write operation for 'state.rob.entries.signed_load' (/home/lab_726/boom/hls_boom/src/boom_core_merged.cpp:686:23)
INFO: [HLS 200-472] Inferring partial write operation for 'state.rob.entries.memory_address' (/home/lab_726/boom/hls_boom/src/boom_core_merged.cpp:687:26)
INFO: [HLS 200-472] Inferring partial write operation for 'state.rob.entries.memory_mask' (/home/lab_726/boom/hls_boom/src/boom_core_merged.cpp:688:23)
INFO: [HLS 200-472] Inferring partial write operation for 'state.rob.entries.memory_size' (/home/lab_726/boom/hls_boom/src/boom_core_merged.cpp:689:23)
INFO: [HLS 200-472] Inferring partial write operation for 'state.lsu.ldq.valid' (/home/lab_726/boom/hls_boom/src/boom_core_merged.cpp:694:19)
INFO: [HLS 200-472] Inferring partial write operation for 'state.lsu.ldq.rob_idx' (/home/lab_726/boom/hls_boom/src/boom_core_merged.cpp:695:21)
INFO: [HLS 200-472] Inferring partial write operation for 'state.lsu.ldq.address' (/home/lab_726/boom/hls_boom/src/boom_core_merged.cpp:696:21)
INFO: [HLS 200-472] Inferring partial write operation for 'state.lsu.ldq.size' (/home/lab_726/boom/hls_boom/src/boom_core_merged.cpp:697:18)
INFO: [HLS 200-472] Inferring partial write operation for 'state.lsu.ldq.signed_load' (/home/lab_726/boom/hls_boom/src/boom_core_merged.cpp:698:25)
INFO: [HLS 200-472] Inferring partial write operation for 'state.lsu.ldq.branch_mask' (/home/lab_726/boom/hls_boom/src/boom_core_merged.cpp:699:25)
INFO: [HLS 200-472] Inferring partial write operation for 'state.issue.issued_valids' (/home/lab_726/boom/hls_boom/src/boom_core_merged.cpp:442:69)
INFO: [HLS 200-472] Inferring partial write operation for 'state.issue.issued_uops.uopc' (/home/lab_726/boom/hls_boom/src/boom_core_merged.cpp:442:95)
INFO: [HLS 200-472] Inferring partial write operation for 'state.issue.alu_iq.entries.valid' (/home/lab_726/boom/hls_boom/src/boom_core_merged.cpp:445:78)
INFO: [HLS 200-472] Inferring partial write operation for 'state.issue.alu_iq.entries.valid' (/home/lab_726/boom/hls_boom/src/boom_core_merged.cpp:455:19)
INFO: [HLS 200-472] Inferring partial write operation for 'state.issue.alu_iq.entries.request' (/home/lab_726/boom/hls_boom/src/boom_core_merged.cpp:455:38)
INFO: [HLS 200-472] Inferring partial write operation for 'state.issue.alu_iq.entries.granted' (/home/lab_726/boom/hls_boom/src/boom_core_merged.cpp:455:57)
INFO: [HLS 200-472] Inferring partial write operation for 'state.issue.alu_iq.entries.killed' (/home/lab_726/boom/hls_boom/src/boom_core_merged.cpp:455:76)
INFO: [HLS 200-472] Inferring partial write operation for 'state.issue.alu_iq.entries.uop.uopc' (/home/lab_726/boom/hls_boom/src/boom_core_merged.cpp:456:17)
INFO: [HLS 200-472] Inferring partial write operation for 'state.issue.alu_iq.entries.prs1_busy' (/home/lab_726/boom/hls_boom/src/boom_core_merged.cpp:456:37)
INFO: [HLS 200-472] Inferring partial write operation for 'state.issue.alu_iq.entries.prs2_busy' (/home/lab_726/boom/hls_boom/src/boom_core_merged.cpp:457:23)
INFO: [HLS 200-472] Inferring partial write operation for 'state.issue.alu_iq.entries.pdst_busy' (/home/lab_726/boom/hls_boom/src/boom_core_merged.cpp:457:60)
INFO: [HLS 200-472] Inferring partial write operation for 'state.issue.alu_iq.entries.granted' (/home/lab_726/boom/hls_boom/src/boom_core_merged.cpp:466:22)
INFO: [HLS 200-472] Inferring partial write operation for 'state.issue.alu_iq.entries.request' (/home/lab_726/boom/hls_boom/src/boom_core_merged.cpp:466:38)
INFO: [HLS 200-472] Inferring partial write operation for 'state.issue.issued_uops.uopc' (/home/lab_726/boom/hls_boom/src/boom_core_merged.cpp:467:36)
INFO: [HLS 200-472] Inferring partial write operation for 'state.issue.issued_valids' (/home/lab_726/boom/hls_boom/src/boom_core_merged.cpp:467:69)
INFO: [HLS 200-472] Inferring partial write operation for 'temp.valid' (/home/lab_726/boom/hls_boom/include/boom_types.hpp:86:24)
INFO: [HLS 200-472] Inferring partial write operation for 'temp.request' (/home/lab_726/boom/hls_boom/include/boom_types.hpp:86:38)
INFO: [HLS 200-472] Inferring partial write operation for 'temp.granted' (/home/lab_726/boom/hls_boom/include/boom_types.hpp:86:54)
INFO: [HLS 200-472] Inferring partial write operation for 'temp.killed' (/home/lab_726/boom/hls_boom/include/boom_types.hpp:86:70)
INFO: [HLS 200-472] Inferring partial write operation for 'temp.pdst_busy' (/home/lab_726/boom/hls_boom/include/boom_types.hpp:87:9)
INFO: [HLS 200-472] Inferring partial write operation for 'temp.prs1_busy' (/home/lab_726/boom/hls_boom/include/boom_types.hpp:87:27)
INFO: [HLS 200-472] Inferring partial write operation for 'temp.prs2_busy' (/home/lab_726/boom/hls_boom/include/boom_types.hpp:87:45)
INFO: [HLS 200-472] Inferring partial write operation for 'temp.prs3_busy' (/home/lab_726/boom/hls_boom/include/boom_types.hpp:87:63)
INFO: [HLS 200-472] Inferring partial write operation for 'temp.uop.uopc' (/home/lab_726/boom/hls_boom/include/boom_types.hpp:62:21)
INFO: [HLS 200-472] Inferring partial write operation for 'temp.uop.inst' (/home/lab_726/boom/hls_boom/include/boom_types.hpp:62:29)
INFO: [HLS 200-472] Inferring partial write operation for 'temp.uop.debug_inst' (/home/lab_726/boom/hls_boom/include/boom_types.hpp:62:43)
INFO: [HLS 200-472] Inferring partial write operation for 'temp.uop.is_rvc' (/home/lab_726/boom/hls_boom/include/boom_types.hpp:62:53)
INFO: [HLS 200-472] Inferring partial write operation for 'temp.uop.debug_pc' (/home/lab_726/boom/hls_boom/include/boom_types.hpp:62:69)
INFO: [HLS 200-472] Inferring partial write operation for 'temp.uop.iq_type' (/home/lab_726/boom/hls_boom/include/boom_types.hpp:62:80)
INFO: [HLS 200-472] Inferring partial write operation for 'temp.uop.fu_code' (/home/lab_726/boom/hls_boom/include/boom_types.hpp:62:91)
INFO: [HLS 200-472] Inferring partial write operation for 'temp.uop.ctrl.br_type' (/home/lab_726/boom/hls_boom/include/boom_types.hpp:63:13)
INFO: [HLS 200-472] Inferring partial write operation for 'temp.uop.iw_state' (/home/lab_726/boom/hls_boom/include/boom_types.hpp:63:26)
INFO: [HLS 200-472] Inferring partial write operation for 'temp.uop.iw_p2_poisoned' (/home/lab_726/boom/hls_boom/include/boom_types.hpp:63:59)
INFO: [HLS 200-472] Inferring partial write operation for 'temp.uop.iw_p1_poisoned' (/home/lab_726/boom/hls_boom/include/boom_types.hpp:63:44)
INFO: [HLS 200-472] Inferring partial write operation for 'temp.uop.branch.br_mask' (/home/lab_726/boom/hls_boom/include/boom_types.hpp:63:73)
INFO: [HLS 200-472] Inferring partial write operation for 'temp.uop.imm_packed' (/home/lab_726/boom/hls_boom/include/boom_types.hpp:63:88)
INFO: [HLS 200-472] Inferring partial write operation for 'temp.uop.csr_addr' (/home/lab_726/boom/hls_boom/include/boom_types.hpp:63:100)
INFO: [HLS 200-472] Inferring partial write operation for 'temp.uop.queue.rob_idx' (/home/lab_726/boom/hls_boom/include/boom_types.hpp:64:14)
INFO: [HLS 200-472] Inferring partial write operation for 'temp.uop.rename.ldst' (/home/lab_726/boom/hls_boom/include/boom_types.hpp:64:25)
INFO: [HLS 200-472] Inferring partial write operation for 'temp.uop.exception' (/home/lab_726/boom/hls_boom/include/boom_types.hpp:64:39)
INFO: [HLS 200-472] Inferring partial write operation for 'temp.uop.exc_cause' (/home/lab_726/boom/hls_boom/include/boom_types.hpp:64:56)
INFO: [HLS 200-472] Inferring partial write operation for 'temp.uop.bypassable' (/home/lab_726/boom/hls_boom/include/boom_types.hpp:64:70)
INFO: [HLS 200-472] Inferring partial write operation for 'temp.uop.mem.mem_cmd' (/home/lab_726/boom/hls_boom/include/boom_types.hpp:64:81)
INFO: [HLS 200-472] Inferring partial write operation for 'temp.uop.flush_on_commit' (/home/lab_726/boom/hls_boom/include/boom_types.hpp:65:48)
INFO: [HLS 200-472] Inferring partial write operation for 'temp.uop.is_unique' (/home/lab_726/boom/hls_boom/include/boom_types.hpp:65:32)
INFO: [HLS 200-472] Inferring partial write operation for 'temp.uop.is_sys_pc2epc' (/home/lab_726/boom/hls_boom/include/boom_types.hpp:65:22)
INFO: [HLS 200-472] Inferring partial write operation for 'temp.uop.exc.exception' (/home/lab_726/boom/hls_boom/include/boom_types.hpp:65:59)
INFO: [HLS 200-472] Inferring partial write operation for 'temp.uop.debug.debug_fsrc' (/home/lab_726/boom/hls_boom/include/boom_types.hpp:65:69)
INFO: [HLS 200-472] Inferring partial write operation for 'temp.prs1_data' (/home/lab_726/boom/hls_boom/include/boom_types.hpp:88:16)
INFO: [HLS 200-472] Inferring partial write operation for 'temp.prs2_data' (/home/lab_726/boom/hls_boom/include/boom_types.hpp:88:30)
INFO: [HLS 200-472] Inferring partial write operation for 'temp.prs3_data' (/home/lab_726/boom/hls_boom/include/boom_types.hpp:88:44)
INFO: [HLS 200-472] Inferring partial write operation for 'temp.valid' (/home/lab_726/boom/hls_boom/src/boom_core_merged.cpp:475:22)
INFO: [HLS 200-472] Inferring partial write operation for 'temp.valid' (/home/lab_726/boom/hls_boom/src/boom_core_merged.cpp:477:60)
INFO: [HLS 200-472] Inferring partial write operation for 'state.issue.alu_iq.entries.valid' (/home/lab_726/boom/hls_boom/src/boom_core_merged.cpp:478:68)
INFO: [HLS 200-472] Inferring partial write operation for 'state.execute.alu_results.valid' (/home/lab_726/boom/hls_boom/src/boom_core_merged.cpp:495:65)
INFO: [HLS 200-472] Inferring partial write operation for 'state.execute.alu_results.exc_cause' (/home/lab_726/boom/hls_boom/src/boom_core_merged.cpp:512:11)
INFO: [HLS 200-472] Inferring partial write operation for 'state.execute.alu_results.valid' (/home/lab_726/boom/hls_boom/src/boom_core_merged.cpp:513:16)
INFO: [HLS 200-472] Inferring partial write operation for 'state.execute.alu_results.uop.uopc' (/home/lab_726/boom/hls_boom/src/boom_core_merged.cpp:513:28)
INFO: [HLS 200-472] Inferring partial write operation for 'state.execute.alu_results.exception' (/home/lab_726/boom/hls_boom/src/boom_core_merged.cpp:513:45)
INFO: [HLS 200-472] Inferring partial write operation for 'state.execute.alu_results.mispredict' (/home/lab_726/boom/hls_boom/src/boom_core_merged.cpp:513:65)
INFO: [HLS 200-472] Inferring partial write operation for 'state.execute.alu_results.result' (/home/lab_726/boom/hls_boom/src/boom_core_merged.cpp:513:81)
INFO: [HLS 200-472] Inferring partial write operation for 'state.execute.alu_results.result' (/home/lab_726/boom/hls_boom/src/boom_core_merged.cpp:516:38)
INFO: [HLS 200-472] Inferring partial write operation for 'state.execute.alu_results.result' (/home/lab_726/boom/hls_boom/src/boom_core_merged.cpp:517:29)
INFO: [HLS 200-472] Inferring partial write operation for 'state.execute.alu_results.result' (/home/lab_726/boom/hls_boom/src/boom_core_merged.cpp:518:38)
INFO: [HLS 200-472] Inferring partial write operation for 'state.execute.alu_results.result' (/home/lab_726/boom/hls_boom/src/boom_core_merged.cpp:519:38)
INFO: [HLS 200-472] Inferring partial write operation for 'state.execute.alu_results.result' (/home/lab_726/boom/hls_boom/src/boom_core_merged.cpp:520:38)
INFO: [HLS 200-472] Inferring partial write operation for 'state.execute.alu_results.result' (/home/lab_726/boom/hls_boom/src/boom_core_merged.cpp:521:38)
INFO: [HLS 200-472] Inferring partial write operation for 'state.execute.alu_results.result' (/home/lab_726/boom/hls_boom/src/boom_core_merged.cpp:522:38)
INFO: [HLS 200-472] Inferring partial write operation for 'state.execute.alu_results.result' (/home/lab_726/boom/hls_boom/src/boom_core_merged.cpp:523:38)
INFO: [HLS 200-472] Inferring partial write operation for 'state.execute.alu_results.result' (/home/lab_726/boom/hls_boom/src/boom_core_merged.cpp:524:38)
INFO: [HLS 200-472] Inferring partial write operation for 'state.execute.alu_results.result' (/home/lab_726/boom/hls_boom/src/boom_core_merged.cpp:525:39)
INFO: [HLS 200-472] Inferring partial write operation for 'state.execute.alu_results.result' (/home/lab_726/boom/hls_boom/src/boom_core_merged.cpp:526:39)
INFO: [HLS 200-472] Inferring partial write operation for 'state.execute.alu_results.result' (/home/lab_726/boom/hls_boom/src/boom_core_merged.cpp:527:30)
INFO: [HLS 200-472] Inferring partial write operation for 'state.execute.alu_results.result' (/home/lab_726/boom/hls_boom/src/boom_core_merged.cpp:528:39)
INFO: [HLS 200-472] Inferring partial write operation for 'state.execute.alu_results.result' (/home/lab_726/boom/hls_boom/src/boom_core_merged.cpp:529:39)
INFO: [HLS 200-472] Inferring partial write operation for 'state.execute.alu_results.result' (/home/lab_726/boom/hls_boom/src/boom_core_merged.cpp:530:30)
INFO: [HLS 200-472] Inferring partial write operation for 'state.execute.alu_results.result' (/home/lab_726/boom/hls_boom/src/boom_core_merged.cpp:531:30)
INFO: [HLS 200-472] Inferring partial write operation for 'state.execute.alu_results.mispredict' (/home/lab_726/boom/hls_boom/src/boom_core_merged.cpp:531:49)
INFO: [HLS 200-472] Inferring partial write operation for 'state.execute.alu_results.redirect_pc' (/home/lab_726/boom/hls_boom/src/boom_core_merged.cpp:531:69)
INFO: [HLS 200-472] Inferring partial write operation for 'state.execute.alu_results.result' (/home/lab_726/boom/hls_boom/src/boom_core_merged.cpp:532:30)
INFO: [HLS 200-472] Inferring partial write operation for 'state.execute.alu_results.mispredict' (/home/lab_726/boom/hls_boom/src/boom_core_merged.cpp:532:49)
INFO: [HLS 200-472] Inferring partial write operation for 'state.execute.alu_results.redirect_pc' (/home/lab_726/boom/hls_boom/src/boom_core_merged.cpp:532:69)
INFO: [HLS 200-472] Inferring partial write operation for 'state.execute.alu_results.mispredict' (/home/lab_726/boom/hls_boom/src/boom_core_merged.cpp:533:34)
INFO: [HLS 200-472] Inferring partial write operation for 'state.execute.alu_results.redirect_pc' (/home/lab_726/boom/hls_boom/src/boom_core_merged.cpp:533:60)
INFO: [HLS 200-472] Inferring partial write operation for 'state.execute.alu_results.mispredict' (/home/lab_726/boom/hls_boom/src/boom_core_merged.cpp:534:34)
INFO: [HLS 200-472] Inferring partial write operation for 'state.execute.alu_results.redirect_pc' (/home/lab_726/boom/hls_boom/src/boom_core_merged.cpp:534:60)
INFO: [HLS 200-472] Inferring partial write operation for 'state.execute.alu_results.mispredict' (/home/lab_726/boom/hls_boom/src/boom_core_merged.cpp:535:34)
INFO: [HLS 200-472] Inferring partial write operation for 'state.execute.alu_results.redirect_pc' (/home/lab_726/boom/hls_boom/src/boom_core_merged.cpp:535:77)
INFO: [HLS 200-472] Inferring partial write operation for 'state.execute.alu_results.mispredict' (/home/lab_726/boom/hls_boom/src/boom_core_merged.cpp:536:34)
INFO: [HLS 200-472] Inferring partial write operation for 'state.execute.alu_results.redirect_pc' (/home/lab_726/boom/hls_boom/src/boom_core_merged.cpp:536:78)
INFO: [HLS 200-472] Inferring partial write operation for 'state.execute.alu_results.mispredict' (/home/lab_726/boom/hls_boom/src/boom_core_merged.cpp:537:34)
INFO: [HLS 200-472] Inferring partial write operation for 'state.execute.alu_results.redirect_pc' (/home/lab_726/boom/hls_boom/src/boom_core_merged.cpp:537:59)
INFO: [HLS 200-472] Inferring partial write operation for 'state.execute.alu_results.mispredict' (/home/lab_726/boom/hls_boom/src/boom_core_merged.cpp:538:34)
INFO: [HLS 200-472] Inferring partial write operation for 'state.execute.alu_results.redirect_pc' (/home/lab_726/boom/hls_boom/src/boom_core_merged.cpp:538:60)
INFO: [HLS 200-472] Inferring partial write operation for 'state.execute.alu_results.result' (/home/lab_726/boom/hls_boom/src/boom_core_merged.cpp:539:30)
INFO: [HLS 200-472] Inferring partial write operation for 'state.execute.alu_results.result' (/home/lab_726/boom/hls_boom/src/boom_core_merged.cpp:540:30)
INFO: [HLS 200-472] Inferring partial write operation for 'state.execute.alu_results.memory_valid' (/home/lab_726/boom/hls_boom/src/boom_core_merged.cpp:542:31)
INFO: [HLS 200-472] Inferring partial write operation for 'state.execute.alu_results.is_load' (/home/lab_726/boom/hls_boom/src/boom_core_merged.cpp:542:47)
INFO: [HLS 200-472] Inferring partial write operation for 'state.execute.alu_results.signed_load' (/home/lab_726/boom/hls_boom/src/boom_core_merged.cpp:542:67)
INFO: [HLS 200-472] Inferring partial write operation for 'state.execute.alu_results.memory_size' (/home/lab_726/boom/hls_boom/src/boom_core_merged.cpp:543:30)
INFO: [HLS 200-472] Inferring partial write operation for 'state.execute.alu_results.memory_address' (/home/lab_726/boom/hls_boom/src/boom_core_merged.cpp:543:65)
INFO: [HLS 200-472] Inferring partial write operation for 'state.execute.alu_results.memory_mask' (/home/lab_726/boom/hls_boom/src/boom_core_merged.cpp:544:30)
INFO: [HLS 200-472] Inferring partial write operation for 'state.execute.alu_results.result' (/home/lab_726/boom/hls_boom/src/boom_core_merged.cpp:544:72)
INFO: [HLS 200-472] Inferring partial write operation for 'state.execute.alu_results.memory_valid' (/home/lab_726/boom/hls_boom/src/boom_core_merged.cpp:546:31)
INFO: [HLS 200-472] Inferring partial write operation for 'state.execute.alu_results.is_store' (/home/lab_726/boom/hls_boom/src/boom_core_merged.cpp:546:48)
INFO: [HLS 200-472] Inferring partial write operation for 'state.execute.alu_results.memory_size' (/home/lab_726/boom/hls_boom/src/boom_core_merged.cpp:546:68)
INFO: [HLS 200-472] Inferring partial write operation for 'state.execute.alu_results.memory_address' (/home/lab_726/boom/hls_boom/src/boom_core_merged.cpp:547:33)
INFO: [HLS 200-472] Inferring partial write operation for 'state.execute.alu_results.store_data' (/home/lab_726/boom/hls_boom/src/boom_core_merged.cpp:547:84)
INFO: [HLS 200-472] Inferring partial write operation for 'state.execute.alu_results.memory_mask' (/home/lab_726/boom/hls_boom/src/boom_core_merged.cpp:548:30)
INFO: [HLS 200-472] Inferring partial write operation for 'state.execute.alu_results.result' (/home/lab_726/boom/hls_boom/src/boom_core_merged.cpp:548:72)
INFO: [HLS 200-472] Inferring partial write operation for 'state.execute.alu_results.result' (/home/lab_726/boom/hls_boom/src/boom_core_merged.cpp:549:75)
INFO: [HLS 200-472] Inferring partial write operation for 'state.execute.alu_results.result' (/home/lab_726/boom/hls_boom/src/boom_core_merged.cpp:550:30)
INFO: [HLS 200-472] Inferring partial write operation for 'state.execute.alu_results.exception' (/home/lab_726/boom/hls_boom/src/boom_core_merged.cpp:553:41)
INFO: [HLS 200-472] Inferring partial write operation for 'state.execute.alu_results.exc_cause' (/home/lab_726/boom/hls_boom/src/boom_core_merged.cpp:553:59)
INFO: [HLS 200-472] Inferring partial write operation for 'state.int_rf' (/home/lab_726/boom/hls_boom/src/boom_core_merged.cpp:556:43)
INFO: [HLS 200-472] Inferring partial write operation for 'state.decode.dec_valids' (/home/lab_726/boom/hls_boom/src/boom_core_merged.cpp:200:23)
INFO: [HLS 200-472] Inferring partial write operation for 'state.decode.dec_uops.uopc' (/home/lab_726/boom/hls_boom/src/boom_core_merged.cpp:324:21)
INFO: [HLS 200-472] Inferring partial write operation for 'state.decode.dec_valids' (/home/lab_726/boom/hls_boom/src/boom_core_merged.cpp:325:23)
INFO: [HLS 200-111] Finished Architecture Synthesis: CPU user time: 1.93 seconds. CPU system time: 0.04 seconds. Elapsed time: 1.97 seconds; current allocated memory: 637.402 MB.
INFO: [HLS 200-10] Starting hardware synthesis ...
INFO: [HLS 200-10] Synthesizing 'boom_core_top' ...
INFO: [HLS 200-10] ----------------------------------------------------------------
INFO: [HLS 200-42] -- Implementing module 'try_issue_load'
INFO: [HLS 200-10] ----------------------------------------------------------------
INFO: [SCHED 204-11] Starting scheduling ...
INFO: [SCHED 204-11] Finished scheduling.
INFO: [HLS 200-111] Finished Scheduling: CPU user time: 0.18 seconds. CPU system time: 0.01 seconds. Elapsed time: 0.19 seconds; current allocated memory: 642.055 MB.
INFO: [BIND 205-100] Starting micro-architecture generation ...
INFO: [BIND 205-101] Performing variable lifetime analysis.
INFO: [BIND 205-101] Exploring resource sharing.
INFO: [BIND 205-101] Binding ...
INFO: [BIND 205-100] Finished micro-architecture generation.
INFO: [HLS 200-111] Finished Binding: CPU user time: 0.03 seconds. CPU system time: 0 seconds. Elapsed time: 0.03 seconds; current allocated memory: 642.055 MB.
INFO: [HLS 200-10] ----------------------------------------------------------------
INFO: [HLS 200-42] -- Implementing module 'lsu_module'
INFO: [HLS 200-10] ----------------------------------------------------------------
INFO: [SCHED 204-11] Starting scheduling ...
INFO: [SCHED 204-11] Finished scheduling.
INFO: [HLS 200-111] Finished Scheduling: CPU user time: 0.09 seconds. CPU system time: 0 seconds. Elapsed time: 0.1 seconds; current allocated memory: 645.016 MB.
INFO: [BIND 205-100] Starting micro-architecture generation ...
INFO: [BIND 205-101] Performing variable lifetime analysis.
INFO: [BIND 205-101] Exploring resource sharing.
INFO: [BIND 205-101] Binding ...
INFO: [BIND 205-100] Finished micro-architecture generation.
INFO: [HLS 200-111] Finished Binding: CPU user time: 0.08 seconds. CPU system time: 0 seconds. Elapsed time: 0.08 seconds; current allocated memory: 645.016 MB.
INFO: [HLS 200-10] ----------------------------------------------------------------
INFO: [HLS 200-42] -- Implementing module 'frontend_module'
INFO: [HLS 200-10] ----------------------------------------------------------------
INFO: [SCHED 204-11] Starting scheduling ...
INFO: [SCHED 204-11] Finished scheduling.
INFO: [HLS 200-111] Finished Scheduling: CPU user time: 0.12 seconds. CPU system time: 0 seconds. Elapsed time: 0.12 seconds; current allocated memory: 646.457 MB.
INFO: [BIND 205-100] Starting micro-architecture generation ...
INFO: [BIND 205-101] Performing variable lifetime analysis.
INFO: [BIND 205-101] Exploring resource sharing.
INFO: [BIND 205-101] Binding ...
INFO: [BIND 205-100] Finished micro-architecture generation.
INFO: [HLS 200-111] Finished Binding: CPU user time: 0.04 seconds. CPU system time: 0 seconds. Elapsed time: 0.04 seconds; current allocated memory: 646.457 MB.
INFO: [HLS 200-10] ----------------------------------------------------------------
INFO: [HLS 200-42] -- Implementing module 'decode_module'
INFO: [HLS 200-10] ----------------------------------------------------------------
INFO: [SCHED 204-11] Starting scheduling ...
INFO: [SCHED 204-11] Finished scheduling.
INFO: [HLS 200-111] Finished Scheduling: CPU user time: 0.24 seconds. CPU system time: 0 seconds. Elapsed time: 0.24 seconds; current allocated memory: 651.441 MB.
INFO: [BIND 205-100] Starting micro-architecture generation ...
INFO: [BIND 205-101] Performing variable lifetime analysis.
INFO: [BIND 205-101] Exploring resource sharing.
INFO: [BIND 205-101] Binding ...
INFO: [BIND 205-100] Finished micro-architecture generation.
INFO: [HLS 200-111] Finished Binding: CPU user time: 0.06 seconds. CPU system time: 0 seconds. Elapsed time: 0.06 seconds; current allocated memory: 651.441 MB.
INFO: [HLS 200-10] ----------------------------------------------------------------
INFO: [HLS 200-42] -- Implementing module 'rename_module'
INFO: [HLS 200-10] ----------------------------------------------------------------
INFO: [SCHED 204-11] Starting scheduling ...
INFO: [SCHED 204-11] Finished scheduling.
INFO: [HLS 200-111] Finished Scheduling: CPU user time: 0.18 seconds. CPU system time: 0 seconds. Elapsed time: 0.18 seconds; current allocated memory: 654.598 MB.
INFO: [BIND 205-100] Starting micro-architecture generation ...
INFO: [BIND 205-101] Performing variable lifetime analysis.
INFO: [BIND 205-101] Exploring resource sharing.
INFO: [BIND 205-101] Binding ...
INFO: [BIND 205-100] Finished micro-architecture generation.
INFO: [HLS 200-111] Finished Binding: CPU user time: 0.08 seconds. CPU system time: 0 seconds. Elapsed time: 0.08 seconds; current allocated memory: 654.598 MB.
INFO: [HLS 200-10] ----------------------------------------------------------------
INFO: [HLS 200-42] -- Implementing module 'rob_allocate'
INFO: [HLS 200-10] ----------------------------------------------------------------
INFO: [SCHED 204-11] Starting scheduling ...
INFO: [SCHED 204-11] Finished scheduling.
INFO: [HLS 200-111] Finished Scheduling: CPU user time: 0.15 seconds. CPU system time: 0.01 seconds. Elapsed time: 0.16 seconds; current allocated memory: 657.727 MB.
INFO: [BIND 205-100] Starting micro-architecture generation ...
INFO: [BIND 205-101] Performing variable lifetime analysis.
INFO: [BIND 205-101] Exploring resource sharing.
INFO: [BIND 205-101] Binding ...
INFO: [BIND 205-100] Finished micro-architecture generation.
INFO: [HLS 200-111] Finished Binding: CPU user time: 0.06 seconds. CPU system time: 0 seconds. Elapsed time: 0.05 seconds; current allocated memory: 657.727 MB.
INFO: [HLS 200-10] ----------------------------------------------------------------
INFO: [HLS 200-42] -- Implementing module 'issue_module'
INFO: [HLS 200-10] ----------------------------------------------------------------
INFO: [SCHED 204-11] Starting scheduling ...
INFO: [SCHED 204-11] Finished scheduling.
INFO: [HLS 200-111] Finished Scheduling: CPU user time: 0.53 seconds. CPU system time: 0.01 seconds. Elapsed time: 0.55 seconds; current allocated memory: 674.957 MB.
INFO: [BIND 205-100] Starting micro-architecture generation ...
INFO: [BIND 205-101] Performing variable lifetime analysis.
INFO: [BIND 205-101] Exploring resource sharing.
INFO: [BIND 205-101] Binding ...
INFO: [BIND 205-100] Finished micro-architecture generation.
INFO: [HLS 200-111] Finished Binding: CPU user time: 0.26 seconds. CPU system time: 0 seconds. Elapsed time: 0.26 seconds; current allocated memory: 674.957 MB.
INFO: [HLS 200-10] ----------------------------------------------------------------
INFO: [HLS 200-42] -- Implementing module 'execute_module'
INFO: [HLS 200-10] ----------------------------------------------------------------
INFO: [SCHED 204-11] Starting scheduling ...
INFO: [SCHED 204-11] Finished scheduling.
INFO: [HLS 200-111] Finished Scheduling: CPU user time: 0.43 seconds. CPU system time: 0 seconds. Elapsed time: 0.44 seconds; current allocated memory: 678.035 MB.
INFO: [BIND 205-100] Starting micro-architecture generation ...
INFO: [BIND 205-101] Performing variable lifetime analysis.
INFO: [BIND 205-101] Exploring resource sharing.
INFO: [BIND 205-101] Binding ...
INFO: [BIND 205-100] Finished micro-architecture generation.
INFO: [HLS 200-111] Finished Binding: CPU user time: 0.13 seconds. CPU system time: 0 seconds. Elapsed time: 0.13 seconds; current allocated memory: 678.035 MB.
INFO: [HLS 200-10] ----------------------------------------------------------------
INFO: [HLS 200-42] -- Implementing module 'rob_commit_module'
INFO: [HLS 200-10] ----------------------------------------------------------------
INFO: [SCHED 204-11] Starting scheduling ...
INFO: [SCHED 204-11] Finished scheduling.
INFO: [HLS 200-111] Finished Scheduling: CPU user time: 0.22 seconds. CPU system time: 0.01 seconds. Elapsed time: 0.22 seconds; current allocated memory: 680.129 MB.
INFO: [BIND 205-100] Starting micro-architecture generation ...
INFO: [BIND 205-101] Performing variable lifetime analysis.
INFO: [BIND 205-101] Exploring resource sharing.
INFO: [BIND 205-101] Binding ...
INFO: [BIND 205-100] Finished micro-architecture generation.
INFO: [HLS 200-111] Finished Binding: CPU user time: 0.08 seconds. CPU system time: 0 seconds. Elapsed time: 0.09 seconds; current allocated memory: 680.129 MB.
INFO: [HLS 200-10] ----------------------------------------------------------------
INFO: [HLS 200-42] -- Implementing module 'boom_core_cycle_io'
INFO: [HLS 200-10] ----------------------------------------------------------------
INFO: [SCHED 204-11] Starting scheduling ...
INFO: [SCHED 204-11] Finished scheduling.
INFO: [HLS 200-111] Finished Scheduling: CPU user time: 0.1 seconds. CPU system time: 0 seconds. Elapsed time: 0.1 seconds; current allocated memory: 680.711 MB.
INFO: [BIND 205-100] Starting micro-architecture generation ...
INFO: [BIND 205-101] Performing variable lifetime analysis.
INFO: [BIND 205-101] Exploring resource sharing.
INFO: [BIND 205-101] Binding ...
INFO: [BIND 205-100] Finished micro-architecture generation.
INFO: [HLS 200-111] Finished Binding: CPU user time: 0.21 seconds. CPU system time: 0 seconds. Elapsed time: 0.22 seconds; current allocated memory: 682.977 MB.
INFO: [HLS 200-10] ----------------------------------------------------------------
INFO: [HLS 200-42] -- Implementing module 'boom_core_top'
INFO: [HLS 200-10] ----------------------------------------------------------------
INFO: [SCHED 204-11] Starting scheduling ...
INFO: [SCHED 204-11] Finished scheduling.
INFO: [HLS 200-111] Finished Scheduling: CPU user time: 0.34 seconds. CPU system time: 0.01 seconds. Elapsed time: 0.36 seconds; current allocated memory: 686.559 MB.
INFO: [BIND 205-100] Starting micro-architecture generation ...
INFO: [BIND 205-101] Performing variable lifetime analysis.
INFO: [BIND 205-101] Exploring resource sharing.
INFO: [BIND 205-101] Binding ...
INFO: [BIND 205-100] Finished micro-architecture generation.
INFO: [HLS 200-111] Finished Binding: CPU user time: 0.18 seconds. CPU system time: 0 seconds. Elapsed time: 0.18 seconds; current allocated memory: 687.520 MB.
INFO: [HLS 200-10] ----------------------------------------------------------------
INFO: [HLS 200-10] -- Generating RTL for module 'try_issue_load'
INFO: [HLS 200-10] ----------------------------------------------------------------
INFO: [RTGEN 206-100] Finished creating RTL model for 'try_issue_load'.
INFO: [HLS 200-111] Finished Creating RTL model: CPU user time: 0.36 seconds. CPU system time: 0.01 seconds. Elapsed time: 0.37 seconds; current allocated memory: 688.277 MB.
INFO: [HLS 200-10] ----------------------------------------------------------------
INFO: [HLS 200-10] -- Generating RTL for module 'lsu_module'
INFO: [HLS 200-10] ----------------------------------------------------------------
WARNING: [RTGEN 206-101] Register 'state_lsu_ldq_count' is power-on initialization.
WARNING: [RTGEN 206-101] Register 'state_lsu_ldq_tail' is power-on initialization.
WARNING: [RTGEN 206-101] Register 'state_lsu_stq_count' is power-on initialization.
WARNING: [RTGEN 206-101] Register 'state_lsu_stq_tail' is power-on initialization.
WARNING: [RTGEN 206-101] Register 'state_lsu_load_response_pending' is power-on initialization.
WARNING: [RTGEN 206-101] Register 'state_lsu_pending_load_transaction_id' is power-on initialization.
WARNING: [RTGEN 206-101] Register 'state_lsu_pending_load_rob_idx' is power-on initialization.
INFO: [RTGEN 206-100] Finished creating RTL model for 'lsu_module'.
INFO: [HLS 200-111] Finished Creating RTL model: CPU user time: 0.07 seconds. CPU system time: 0 seconds. Elapsed time: 0.07 seconds; current allocated memory: 691.914 MB.
INFO: [HLS 200-10] ----------------------------------------------------------------
INFO: [HLS 200-10] -- Generating RTL for module 'frontend_module'
INFO: [HLS 200-10] ----------------------------------------------------------------
WARNING: [RTGEN 206-101] Register 'state_frontend_flush' is power-on initialization.
WARNING: [RTGEN 206-101] Register 'state_frontend_request_sent' is power-on initialization.
WARNING: [RTGEN 206-101] Register 'state_frontend_reset_done' is power-on initialization.
WARNING: [RTGEN 206-101] Register 'state_frontend_pc' is power-on initialization.
WARNING: [RTGEN 206-101] Register 'state_frontend_fetch_id' is power-on initialization.
WARNING: [RTGEN 206-101] Register 'state_frontend_response_received' is power-on initialization.
WARNING: [RTGEN 206-101] Register 'state_frontend_pending_fetch_id' is power-on initialization.
WARNING: [RTGEN 206-101] Register 'state_frontend_resp_address' is power-on initialization.
WARNING: [RTGEN 206-101] Register 'state_frontend_resp_instruction' is power-on initialization.
INFO: [RTGEN 206-100] Finished creating RTL model for 'frontend_module'.
INFO: [HLS 200-111] Finished Creating RTL model: CPU user time: 0.22 seconds. CPU system time: 0.01 seconds. Elapsed time: 0.23 seconds; current allocated memory: 698.395 MB.
INFO: [HLS 200-10] ----------------------------------------------------------------
INFO: [HLS 200-10] -- Generating RTL for module 'decode_module'
INFO: [HLS 200-10] ----------------------------------------------------------------
INFO: [RTGEN 206-100] Finished creating RTL model for 'decode_module'.
INFO: [HLS 200-111] Finished Creating RTL model: CPU user time: 0.27 seconds. CPU system time: 0.01 seconds. Elapsed time: 0.28 seconds; current allocated memory: 707.371 MB.
INFO: [HLS 200-10] ----------------------------------------------------------------
INFO: [HLS 200-10] -- Generating RTL for module 'rename_module'
INFO: [HLS 200-10] ----------------------------------------------------------------
WARNING: [RTGEN 206-101] Register 'state_rename_int_free_list_head' is power-on initialization.
INFO: [RTGEN 206-100] Finished creating RTL model for 'rename_module'.
INFO: [HLS 200-111] Finished Creating RTL model: CPU user time: 0.23 seconds. CPU system time: 0.01 seconds. Elapsed time: 0.23 seconds; current allocated memory: 718.191 MB.
INFO: [HLS 200-10] ----------------------------------------------------------------
INFO: [HLS 200-10] -- Generating RTL for module 'rob_allocate'
INFO: [HLS 200-10] ----------------------------------------------------------------
INFO: [RTGEN 206-100] Finished creating RTL model for 'rob_allocate'.
INFO: [HLS 200-111] Finished Creating RTL model: CPU user time: 0.21 seconds. CPU system time: 0 seconds. Elapsed time: 0.23 seconds; current allocated memory: 728.926 MB.
INFO: [HLS 200-10] ----------------------------------------------------------------
INFO: [HLS 200-10] -- Generating RTL for module 'issue_module'
INFO: [HLS 200-10] ----------------------------------------------------------------
WARNING: [RTGEN 206-101] Register 'state_issue_alu_iq_count' is power-on initialization.
WARNING: [RTGEN 206-101] Register 'state_issue_alu_iq_tail' is power-on initialization.
INFO: [RTGEN 206-100] Finished creating RTL model for 'issue_module'.
INFO: [HLS 200-111] Finished Creating RTL model: CPU user time: 0.37 seconds. CPU system time: 0.01 seconds. Elapsed time: 0.37 seconds; current allocated memory: 745.660 MB.
INFO: [HLS 200-10] ----------------------------------------------------------------
INFO: [HLS 200-10] -- Generating RTL for module 'execute_module'
INFO: [HLS 200-10] ----------------------------------------------------------------
INFO: [RTGEN 206-100] Generating core module 'mul_32s_32s_64_1_1': 1 instance(s).
INFO: [RTGEN 206-100] Finished creating RTL model for 'execute_module'.
INFO: [HLS 200-111] Finished Creating RTL model: CPU user time: 0.69 seconds. CPU system time: 0.02 seconds. Elapsed time: 0.71 seconds; current allocated memory: 783.551 MB.
INFO: [HLS 200-10] ----------------------------------------------------------------
INFO: [HLS 200-10] -- Generating RTL for module 'rob_commit_module'
INFO: [HLS 200-10] ----------------------------------------------------------------
WARNING: [RTGEN 206-101] Register 'state_csr_instret' is power-on initialization.
WARNING: [RTGEN 206-101] Register 'state_csr_priv' is power-on initialization.
WARNING: [RTGEN 206-101] Register 'state_rename_int_free_list_tail' is power-on initialization.
INFO: [RTGEN 206-100] Finished creating RTL model for 'rob_commit_module'.
INFO: [HLS 200-111] Finished Creating RTL model: CPU user time: 0.39 seconds. CPU system time: 0.01 seconds. Elapsed time: 0.4 seconds; current allocated memory: 796.832 MB.
INFO: [HLS 200-10] ----------------------------------------------------------------
INFO: [HLS 200-10] -- Generating RTL for module 'boom_core_cycle_io'
INFO: [HLS 200-10] ----------------------------------------------------------------
WARNING: [RTGEN 206-101] Register 'state_global_flush' is power-on initialization.
WARNING: [RTGEN 206-101] Register 'state_brupdate_mispredict' is power-on initialization.
WARNING: [RTGEN 206-101] Register 'state_brupdate_valid' is power-on initialization.
WARNING: [RTGEN 206-101] Register 'state_csr_cycle' is power-on initialization.
WARNING: [RTGEN 206-101] Register 'state_brupdate_jalr_target' is power-on initialization.
WARNING: [RTGEN 206-101] Register 'state_rob_head' is power-on initialization.
WARNING: [RTGEN 206-101] Register 'state_lsu_next_transaction_id' is power-on initialization.
WARNING: [RTGEN 206-101] Register 'state_frontend_fetch_packet_valid' is power-on initialization.
WARNING: [RTGEN 206-101] Register 'state_rob_state' is power-on initialization.
WARNING: [RTGEN 206-101] Register 'state_frontend_fetch_uop_inst' is power-on initialization.
WARNING: [RTGEN 206-101] Register 'state_frontend_fetch_uop_debug_pc' is power-on initialization.
WARNING: [RTGEN 206-101] Register 'state_rename_int_free_list_count' is power-on initialization.
WARNING: [RTGEN 206-101] Register 'state_rob_tail' is power-on initialization.
WARNING: [RTGEN 206-101] Register 'state_rob_maybe_full' is power-on initialization.
INFO: [RTGEN 206-100] Finished creating RTL model for 'boom_core_cycle_io'.
INFO: [HLS 200-111] Finished Creating RTL model: CPU user time: 1.63 seconds. CPU system time: 0.03 seconds. Elapsed time: 1.67 seconds; current allocated memory: 823.359 MB.
INFO: [HLS 200-10] ----------------------------------------------------------------
INFO: [HLS 200-10] -- Generating RTL for module 'boom_core_top'
INFO: [HLS 200-10] ----------------------------------------------------------------
WARNING: [RTGEN 206-101] Design contains AXI ports. Reset is fixed to synchronous and active low.
INFO: [RTGEN 206-500] Setting interface mode on port 'boom_core_top/imem_req_out' to 'axis' (register, both mode).
INFO: [RTGEN 206-500] Setting interface mode on port 'boom_core_top/imem_resp_in' to 'axis' (register, both mode).
INFO: [RTGEN 206-500] Setting interface mode on port 'boom_core_top/dmem_req_out' to 'axis' (register, both mode).
INFO: [RTGEN 206-500] Setting interface mode on port 'boom_core_top/dmem_resp_in' to 'axis' (register, both mode).
INFO: [RTGEN 206-500] Setting interface mode on port 'boom_core_top/commit_trace_out' to 'axis' (register, both mode).
INFO: [RTGEN 206-500] Setting interface mode on port 'boom_core_top/io_success' to 'ap_none'.
INFO: [RTGEN 206-500] Setting interface mode on port 'boom_core_top/io_halted' to 'ap_none'.
INFO: [RTGEN 206-500] Setting interface mode on port 'boom_core_top/io_trap' to 'ap_none'.
INFO: [RTGEN 206-500] Setting interface mode on port 'boom_core_top/io_cycle_valid' to 'ap_none'.
INFO: [RTGEN 206-500] Setting interface mode on port 'boom_core_top/io_cycle' to 'ap_none'.
INFO: [RTGEN 206-500] Setting interface mode on port 'boom_core_top/io_instret' to 'ap_none'.
INFO: [RTGEN 206-500] Setting interface mode on function 'boom_core_top' to 'ap_ctrl_none'.
WARNING: [RTGEN 206-101] Port 'boom_core_top/io_success' has no fanin or fanout and is left dangling.
               Please use C simulation to confirm this function argument can be read from or written to.
WARNING: [RTGEN 206-101] Port 'boom_core_top/io_halted' has no fanin or fanout and is left dangling.
               Please use C simulation to confirm this function argument can be read from or written to.
WARNING: [RTGEN 206-101] Port 'boom_core_top/io_trap' has no fanin or fanout and is left dangling.
               Please use C simulation to confirm this function argument can be read from or written to.
WARNING: [RTGEN 206-101] Port 'boom_core_top/io_cycle_valid' has no fanin or fanout and is left dangling.
               Please use C simulation to confirm this function argument can be read from or written to.
WARNING: [RTGEN 206-101] Port 'boom_core_top/io_cycle' has no fanin or fanout and is left dangling.
               Please use C simulation to confirm this function argument can be read from or written to.
WARNING: [RTGEN 206-101] Port 'boom_core_top/io_instret' has no fanin or fanout and is left dangling.
               Please use C simulation to confirm this function argument can be read from or written to.
INFO: [RTGEN 206-100] Finished creating RTL model for 'boom_core_top'.
INFO: [HLS 200-111] Finished Creating RTL model: CPU user time: 1.65 seconds. CPU system time: 0.02 seconds. Elapsed time: 1.67 seconds; current allocated memory: 841.531 MB.
INFO: [RTMG 210-278] Implementing memory 'boom_core_top_lsu_module_state_lsu_ldq_valid_RAM_AUTO_0R0W_ram (RAM)' using auto RAMs with reset.
INFO: [RTMG 210-278] Implementing memory 'boom_core_top_lsu_module_state_lsu_ldq_rob_idx_RAM_AUTO_0R0W_ram (RAM)' using auto RAMs with reset.
INFO: [RTMG 210-278] Implementing memory 'boom_core_top_lsu_module_state_lsu_ldq_address_RAM_AUTO_0R0W_ram (RAM)' using auto RAMs with reset.
INFO: [RTMG 210-278] Implementing memory 'boom_core_top_lsu_module_state_lsu_stq_mask_RAM_AUTO_0R0W_ram (RAM)' using auto RAMs with reset.
INFO: [RTMG 210-278] Implementing memory 'boom_core_top_decode_module_state_decode_dec_uops_rename_prs1_RAM_AUTO_0R0W_ram (RAM)' using auto RAMs with reset.
INFO: [RTMG 210-278] Implementing memory 'boom_core_top_rename_module_state_rename_int_map_table_br_snapshots_RAM_AUTO_0R0W_ram (RAM)' using auto RAMs with reset.
INFO: [RTMG 210-278] Implementing memory 'boom_core_top_rob_allocate_state_rob_entries_unsafe_RAM_AUTO_0R0W_ram (RAM)' using auto RAMs with reset.
INFO: [RTMG 210-278] Implementing memory 'boom_core_top_rob_allocate_state_rob_entries_uop_fu_code_RAM_AUTO_0R0W_ram (RAM)' using auto RAMs with reset.
INFO: [RTMG 210-278] Implementing memory 'boom_core_top_rob_allocate_state_rob_entries_uop_ctrl_br_type_RAM_AUTO_0R0W_ram (RAM)' using auto RAMs with reset.
INFO: [RTMG 210-278] Implementing memory 'boom_core_top_rob_allocate_state_rob_entries_uop_ctrl_op1_sel_RAM_AUTO_0R0W_ram (RAM)' using auto RAMs with reset.
INFO: [RTMG 210-278] Implementing memory 'boom_core_top_rob_allocate_state_rob_entries_uop_branch_pc_lob_RAM_AUTO_0R0W_ram (RAM)' using auto RAMs with reset.
INFO: [RTMG 210-278] Implementing memory 'boom_core_top_rob_allocate_state_rob_entries_uop_imm_packed_RAM_AUTO_0R0W_ram (RAM)' using auto RAMs with reset.
INFO: [RTMG 210-278] Implementing memory 'boom_core_top_rob_allocate_state_rob_entries_uop_csr_addr_RAM_AUTO_0R0W_ram (RAM)' using auto RAMs with reset.
INFO: [RTMG 210-278] Implementing memory 'boom_core_top_rob_allocate_state_rob_entries_uop_rename_lrs1_RAM_AUTO_0R0W_ram (RAM)' using auto RAMs with reset.
INFO: [RTMG 210-278] Implementing memory 'boom_core_top_rob_allocate_state_rob_entries_uop_rename_prs1_RAM_AUTO_0R0W_ram (RAM)' using auto RAMs with reset.
INFO: [RTMG 210-278] Implementing memory 'boom_core_top_issue_module_state_issue_alu_iq_entries_valid_RAM_AUTO_1R1W_ram (RAM)' using auto RAMs with reset.
INFO: [RTMG 210-278] Implementing memory 'boom_core_top_issue_module_state_issue_alu_iq_entries_uop_uopc_RAM_AUTO_1R1W_ram (RAM)' using auto RAMs with reset.
INFO: [RTMG 210-278] Implementing memory 'boom_core_top_issue_module_state_issue_alu_iq_entries_uop_inst_RAM_AUTO_1R1W_ram (RAM)' using auto RAMs with reset.
INFO: [RTMG 210-278] Implementing memory 'boom_core_top_issue_module_state_issue_alu_iq_entries_uop_debug_pc_RAM_AUTO_1R1W_ram (RAM)' using auto RAMs with reset.
INFO: [RTMG 210-278] Implementing memory 'boom_core_top_issue_module_state_issue_alu_iq_entries_uop_csr_addr_RAM_AUTO_1R1W_ram (RAM)' using auto RAMs with reset.
INFO: [RTMG 210-278] Implementing memory 'boom_core_top_issue_module_temp_valid_RAM_AUTO_1R1W_ram (RAM)' using auto RAMs.
INFO: [RTMG 210-278] Implementing memory 'boom_core_top_issue_module_temp_uop_uopc_RAM_AUTO_1R1W_ram (RAM)' using auto RAMs.
INFO: [RTMG 210-278] Implementing memory 'boom_core_top_issue_module_temp_uop_inst_RAM_AUTO_1R1W_ram (RAM)' using auto RAMs.
INFO: [RTMG 210-278] Implementing memory 'boom_core_top_issue_module_temp_uop_debug_pc_RAM_AUTO_1R1W_ram (RAM)' using auto RAMs.
INFO: [RTMG 210-278] Implementing memory 'boom_core_top_issue_module_temp_uop_csr_addr_RAM_AUTO_1R1W_ram (RAM)' using auto RAMs.
INFO: [RTMG 210-278] Implementing memory 'boom_core_top_execute_module_state_execute_alu_results_exc_cause_RAM_AUTO_0R0W_ram (RAM)' using auto RAMs with reset.
INFO: [RTMG 210-278] Implementing memory 'boom_core_top_execute_module_state_execute_alu_results_uop_uopc_RAM_AUTO_0R0W_ram (RAM)' using auto RAMs with reset.
INFO: [RTMG 210-278] Implementing memory 'boom_core_top_execute_module_state_execute_alu_results_uop_inst_RAM_AUTO_0R0W_ram (RAM)' using auto RAMs with reset.
INFO: [RTMG 210-278] Implementing memory 'boom_core_top_execute_module_state_execute_alu_results_uop_csr_addr_RAM_AUTO_0R0W_ram (RAM)' using auto RAMs with reset.
INFO: [RTMG 210-278] Implementing memory 'boom_core_top_execute_module_state_execute_alu_results_result_RAM_AUTO_1R1W_ram (RAM)' using auto RAMs with reset.
INFO: [RTMG 210-278] Implementing memory 'boom_core_top_boom_core_cycle_io_state_rob_entries_valid_RAM_AUTO_1R1W_ram (RAM)' using auto RAMs with power-on initialization.
INFO: [RTMG 210-278] Implementing memory 'boom_core_top_boom_core_cycle_io_state_rob_entries_uop_exception_RAM_AUTO_0R0W_ram (RAM)' using auto RAMs with power-on initialization.
INFO: [RTMG 210-278] Implementing memory 'boom_core_top_boom_core_cycle_io_state_rob_entries_uop_exc_cause_RAM_AUTO_0R0W_ram (RAM)' using auto RAMs with power-on initialization.
INFO: [RTMG 210-278] Implementing memory 'boom_core_top_boom_core_cycle_io_state_rob_entries_memory_address_RAM_AUTO_1R1W_ram (RAM)' using auto RAMs with power-on initialization.
INFO: [RTMG 210-278] Implementing memory 'boom_core_top_boom_core_cycle_io_state_rob_entries_memory_size_RAM_AUTO_1R1W_ram (RAM)' using auto RAMs with power-on initialization.
INFO: [RTMG 210-278] Implementing memory 'boom_core_top_boom_core_cycle_io_state_int_rf_RAM_AUTO_1R1W_ram (RAM)' using auto RAMs with power-on initialization.
INFO: [RTMG 210-278] Implementing memory 'boom_core_top_boom_core_cycle_io_state_rob_entries_memory_mask_RAM_AUTO_1R1W_ram (RAM)' using auto RAMs with power-on initialization.
INFO: [RTMG 210-278] Implementing memory 'boom_core_top_boom_core_cycle_io_state_rob_entries_memory_transaction_id_RAM_AUTO_0R0W_ram (RAM)' using auto RAMs with power-on initialization.
INFO: [RTMG 210-278] Implementing memory 'boom_core_top_boom_core_cycle_io_state_execute_alu_results_valid_RAM_AUTO_1R1W_ram (RAM)' using auto RAMs with reset.
INFO: [RTMG 210-278] Implementing memory 'boom_core_top_boom_core_cycle_io_state_execute_alu_results_memory_valid_RAM_AUTO_1R1W_ram (RAM)' using auto RAMs with power-on initialization.
INFO: [RTMG 210-278] Implementing memory 'boom_core_top_boom_core_cycle_io_state_execute_alu_results_uop_queue_rob_idx_RAM_AUTO_1R1W_ram (RAM)' using auto RAMs with power-on initialization.
INFO: [RTMG 210-278] Implementing memory 'boom_core_top_boom_core_cycle_io_state_execute_alu_results_memory_address_RAM_AUTO_1R1W_ram (RAM)' using auto RAMs with power-on initialization.
INFO: [RTMG 210-278] Implementing memory 'boom_core_top_boom_core_cycle_io_state_execute_alu_results_memory_mask_RAM_AUTO_1R1W_ram (RAM)' using auto RAMs with power-on initialization.
INFO: [RTMG 210-278] Implementing memory 'boom_core_top_boom_core_cycle_io_state_decode_dec_uops_inst_RAM_AUTO_1R1W_ram (RAM)' using auto RAMs with power-on initialization.
INFO: [RTMG 210-278] Implementing memory 'boom_core_top_boom_core_cycle_io_state_decode_dec_uops_fu_code_RAM_AUTO_1R1W_ram (RAM)' using auto RAMs with power-on initialization.
INFO: [RTMG 210-278] Implementing memory 'boom_core_top_boom_core_cycle_io_state_decode_dec_uops_ctrl_br_type_RAM_AUTO_1R1W_ram (RAM)' using auto RAMs with power-on initialization.
INFO: [RTMG 210-278] Implementing memory 'boom_core_top_boom_core_cycle_io_state_decode_dec_uops_ctrl_op1_sel_RAM_AUTO_1R1W_ram (RAM)' using auto RAMs with power-on initialization.
INFO: [RTMG 210-278] Implementing memory 'boom_core_top_boom_core_cycle_io_state_decode_dec_uops_branch_pc_lob_RAM_AUTO_1R1W_ram (RAM)' using auto RAMs with power-on initialization.
INFO: [RTMG 210-278] Implementing memory 'boom_core_top_boom_core_cycle_io_state_decode_dec_uops_csr_addr_RAM_AUTO_1R1W_ram (RAM)' using auto RAMs with power-on initialization.
INFO: [RTMG 210-278] Implementing memory 'boom_core_top_boom_core_cycle_io_state_rename_int_map_table_map_table_RAM_AUTO_1R1W_ram (RAM)' using auto RAMs with power-on initialization.
INFO: [RTMG 210-278] Implementing memory 'boom_core_top_boom_core_cycle_io_state_rename_int_free_list_free_list_RAM_AUTO_1R1W_ram (RAM)' using auto RAMs with power-on initialization.
INFO: [RTMG 210-278] Implementing memory 'boom_core_top_boom_core_cycle_io_state_rename_int_free_list_busy_table_RAM_AUTO_0R0W_ram (RAM)' using auto RAMs with power-on initialization.
INFO: [RTMG 210-278] Implementing memory 'boom_core_top_boom_core_cycle_io_state_rob_entries_uop_inst_RAM_AUTO_1R1W_ram (RAM)' using auto RAMs with power-on initialization.
INFO: [RTMG 210-278] Implementing memory 'boom_core_top_boom_core_cycle_io_state_rob_entries_uop_rename_dst_rtype_RAM_AUTO_1R1W_ram (RAM)' using auto RAMs with power-on initialization.
INFO: [RTMG 210-278] Implementing memory 'boom_core_top_boom_core_cycle_io_state_issue_issued_valids_RAM_AUTO_1R1W_ram (RAM)' using auto RAMs with power-on initialization.
INFO: [RTMG 210-278] Implementing memory 'boom_core_top_boom_core_cycle_io_state_issue_issued_uops_uopc_RAM_AUTO_1R1W_ram (RAM)' using auto RAMs with power-on initialization.
INFO: [RTMG 210-278] Implementing memory 'boom_core_top_boom_core_cycle_io_state_issue_issued_uops_inst_RAM_AUTO_1R1W_ram (RAM)' using auto RAMs with power-on initialization.
INFO: [RTMG 210-278] Implementing memory 'boom_core_top_boom_core_cycle_io_state_issue_issued_uops_debug_pc_RAM_AUTO_1R1W_ram (RAM)' using auto RAMs with power-on initialization.
INFO: [RTMG 210-278] Implementing memory 'boom_core_top_boom_core_cycle_io_state_issue_issued_uops_csr_addr_RAM_AUTO_1R1W_ram (RAM)' using auto RAMs with power-on initialization.
INFO: [RTMG 210-285] Implementing FIFO 'pipe_0_U(boom_core_top_fifo_w97_d2_S)' using Shift Registers.
INFO: [RTMG 210-285] Implementing FIFO 'pipe_1_U(boom_core_top_fifo_w193_d2_S)' using Shift Registers.
INFO: [RTMG 210-285] Implementing FIFO 'pipe_2_U(boom_core_top_fifo_w283_d2_S)' using Shift Registers.
INFO: [RTMG 210-285] Implementing FIFO 'pipe_3_U(boom_core_top_fifo_w289_d2_S)' using Shift Registers.
INFO: [RTMG 210-285] Implementing FIFO 'pipe_4_U(boom_core_top_fifo_w518_d2_S)' using Shift Registers.
INFO: [HLS 200-111] Finished Generating all RTL models: CPU user time: 1.85 seconds. CPU system time: 0.04 seconds. Elapsed time: 1.89 seconds; current allocated memory: 846.945 MB.
INFO: [HLS 200-111] Finished Updating report files: CPU user time: 0.63 seconds. CPU system time: 0.01 seconds. Elapsed time: 0.64 seconds; current allocated memory: 860.285 MB.
INFO: [VHDL 208-304] Generating VHDL RTL for boom_core_top.
INFO: [VLOG 209-307] Generating Verilog RTL for boom_core_top.
INFO: [HLS 200-790] **** Loop Constraint Status: All loop constraints were satisfied.
INFO: [HLS 200-789] **** Estimated Fmax: 169.55 MHz
INFO: [HLS 200-111] Finished Command csynth_design CPU user time: 43.21 seconds. CPU system time: 0.95 seconds. Elapsed time: 43.63 seconds; current allocated memory: -491.785 MB.
INFO: [HLS 200-112] Total CPU user time: 44.59 seconds. Total CPU system time: 1.34 seconds. Total elapsed time: 44.76 seconds; peak allocated memory: 1.322 GB.
INFO: [Common 17-206] Exiting vitis_hls at Sat Jul 25 20:59:05 2026...
