
****** Vitis HLS - High-Level Synthesis from C, C++ and OpenCL v2021.2 (64-bit)
  **** SW Build 3367213 on Tue Oct 19 02:47:39 MDT 2021
  **** IP Build 3369179 on Thu Oct 21 08:25:16 MDT 2021
    ** Copyright 1986-2021 Xilinx, Inc. All Rights Reserved.

source /home/lab_726/Xilinx/Vitis_HLS/2021.2/scripts/vitis_hls/hls.tcl -notrace
INFO: [HLS 200-10] Running '/home/lab_726/Xilinx/Vitis_HLS/2021.2/bin/unwrapped/lnx64.o/vitis_hls'
INFO: [HLS 200-10] For user 'lab_726' on host '726' (Linux_x86_64 version 6.8.0-136-generic) on Mon Aug 03 12:04:34 CST 2026
INFO: [HLS 200-10] On os Ubuntu 22.04.5 LTS
INFO: [HLS 200-10] In directory '/home/lab_726/boom/hls_boom/build/gate4_0/w4d_probe_csynth/projects'
Sourcing Tcl script '/home/lab_726/boom/hls_boom/scripts/run_top_csynth.tcl'
INFO: [HLS 200-1510] Running: open_project -reset synth_completion_top 
INFO: [HLS 200-10] Creating and opening project '/home/lab_726/boom/hls_boom/build/gate4_0/w4d_probe_csynth/projects/synth_completion_top'.
INFO: [HLS 200-1510] Running: set_top synth_completion_top 
INFO: [HLS 200-1510] Running: add_files -cflags -std=c++11 -I/home/lab_726/boom/hls_boom/include  /home/lab_726/boom/hls_boom/src/boom_core_merged.cpp 
INFO: [HLS 200-10] Adding design file '/home/lab_726/boom/hls_boom/src/boom_core_merged.cpp' to the project
INFO: [HLS 200-1510] Running: open_solution -reset solution_w4d_probe_csynth 
INFO: [HLS 200-10] Creating and opening solution '/home/lab_726/boom/hls_boom/build/gate4_0/w4d_probe_csynth/projects/synth_completion_top/solution_w4d_probe_csynth'.
INFO: [HLS 200-10] Cleaning up the solution database.
WARNING: [HLS 200-40] No /home/lab_726/boom/hls_boom/build/gate4_0/w4d_probe_csynth/projects/synth_completion_top/solution_w4d_probe_csynth/solution_w4d_probe_csynth.aps file found.
INFO: [HLS 200-1505] Using default flow_target 'vivado'
Resolution: For help on HLS 200-1505 see www.xilinx.com/cgi-bin/docs/rdoc?v=2021.2;t=hls+guidance;d=200-1505.html
INFO: [HLS 200-1510] Running: set_part xczu7ev-ffvc1156-2-e 
INFO: [HLS 200-1611] Setting target device to 'xczu7ev-ffvc1156-2-e'
INFO: [HLS 200-1510] Running: create_clock -period 10 -name default 
INFO: [SYN 201-201] Setting up clock 'default' with a period of 10ns.
INFO: [HLS 200-1510] Running: config_compile -pipeline_loops 0 
INFO: [XFORM 203-1171] Pipeline the innermost loop with trip count more than 0 or its parent loop when its trip count is less than or equal 0.
INFO: [HLS 200-1510] Running: csynth_design 
INFO: [HLS 200-111] Finished File checks and directory preparation: CPU user time: 0 seconds. CPU system time: 0 seconds. Elapsed time: 0 seconds; current allocated memory: 1.321 GB.
INFO: [HLS 200-10] Analyzing design file '/home/lab_726/boom/hls_boom/src/boom_core_merged.cpp' ... 
WARNING: [HLS 207-5523] 'Resource pragma' is deprecated, use 'bind_op/bind_storage pragma' instead (/home/lab_726/boom/hls_boom/src/boom_core_merged.cpp:862:9)
WARNING: [HLS 207-5565] '#pragma HLS unroll' can only be applied inside loop body (/home/lab_726/boom/hls_boom/src/boom_core_merged.cpp:881:9)
WARNING: [HLS 207-5523] 'Resource pragma' is deprecated, use 'bind_op/bind_storage pragma' instead (/home/lab_726/boom/hls_boom/src/boom_core_merged.cpp:2473:9)
WARNING: [HLS 207-5523] 'Resource pragma' is deprecated, use 'bind_op/bind_storage pragma' instead (/home/lab_726/boom/hls_boom/src/boom_core_merged.cpp:2702:9)
WARNING: [HLS 207-5523] 'Resource pragma' is deprecated, use 'bind_op/bind_storage pragma' instead (/home/lab_726/boom/hls_boom/src/boom_core_merged.cpp:2938:9)
INFO: [HLS 200-111] Finished Source Code Analysis and Preprocessing: CPU user time: 0.99 seconds. CPU system time: 0.23 seconds. Elapsed time: 0.7 seconds; current allocated memory: 419.090 MB.
INFO: [HLS 200-777] Using interface defaults for 'Vivado' flow target.
INFO: [HLS 214-284] Auto array partition mode is set into default.
INFO: [HLS 214-131] Inlining function 'boom::completion_from_execute(ExecuteState::AluResult const&, CompletionSourceId, RobCompleteEvent&)' into 'boom::capture_execute_events(BoomCoreState&)' (/home/lab_726/boom/hls_boom/src/boom_core_merged.cpp:818:9)
INFO: [HLS 214-131] Inlining function 'boom::completion_from_execute(ExecuteState::AluResult const&, CompletionSourceId, RobCompleteEvent&)' into 'boom::capture_execute_events(BoomCoreState&)' (/home/lab_726/boom/hls_boom/src/boom_core_merged.cpp:825:9)
INFO: [HLS 214-131] Inlining function 'boom::build_rob_complete_ports(BoomCoreState const&, RobCompleteEvent*)' into 'boom::build_wakeup_bypass_ports(BoomCoreState&)' (/home/lab_726/boom/hls_boom/src/boom_core_merged.cpp:698:5)
INFO: [HLS 214-131] Inlining function 'boom::result_can_forward(BoomCoreState const&, RobCompleteEvent const&)' into 'boom::build_wakeup_bypass_ports(BoomCoreState&)' (/home/lab_726/boom/hls_boom/src/boom_core_merged.cpp:706:21)
INFO: [HLS 214-131] Inlining function 'boom::completion_writes_integer(RobCompleteEvent const&)' into 'boom::write_conflicts(BoomCoreState const&, RobCompleteEvent const*, int)' (/home/lab_726/boom/hls_boom/src/boom_core_merged.cpp:851:7)
INFO: [HLS 214-131] Inlining function 'boom::completion_writes_integer(RobCompleteEvent const&)' into 'boom::write_conflicts(BoomCoreState const&, RobCompleteEvent const*, int)' (/home/lab_726/boom/hls_boom/src/boom_core_merged.cpp:854:14)
INFO: [HLS 214-131] Inlining function 'boom::completion_writes_integer(RobCompleteEvent const&)' into 'boom::apply_completion_selected(BoomCoreState&, RobCompleteEvent const&, bool, bool)' (/home/lab_726/boom/hls_boom/src/boom_core_merged.cpp:635:27)
INFO: [HLS 214-131] Inlining function 'boom::build_rob_complete_ports(BoomCoreState const&, RobCompleteEvent*)' into 'boom::service_pending(BoomCoreState&)' (/home/lab_726/boom/hls_boom/src/boom_core_merged.cpp:870:9)
INFO: [HLS 214-131] Inlining function 'boom::discard_invalid_pending(BoomCoreState&)' into 'boom::service_pending(BoomCoreState&)' (/home/lab_726/boom/hls_boom/src/boom_core_merged.cpp:883:9)
INFO: [HLS 214-131] Inlining function 'boom::build_rob_complete_ports(BoomCoreState const&, RobCompleteEvent*)' into 'boom::service_pending(BoomCoreState&)' (/home/lab_726/boom/hls_boom/src/boom_core_merged.cpp:885:9)
INFO: [HLS 214-131] Inlining function 'boom::completion_writes_integer(RobCompleteEvent const&)' into 'boom::service_pending(BoomCoreState&)' (/home/lab_726/boom/hls_boom/src/boom_core_merged.cpp:907:37)
INFO: [HLS 214-131] Inlining function 'boom::write_conflicts(BoomCoreState const&, RobCompleteEvent const*, int)' into 'boom::service_pending(BoomCoreState&)' (/home/lab_726/boom/hls_boom/src/boom_core_merged.cpp:909:54)
INFO: [HLS 214-131] Inlining function 'boom::completion_writes_integer(RobCompleteEvent const&)' into 'boom::service_pending(BoomCoreState&)' (/home/lab_726/boom/hls_boom/src/boom_core_merged.cpp:930:27)
INFO: [HLS 214-131] Inlining function 'boom::apply_completion_selected(BoomCoreState&, RobCompleteEvent const&, bool, bool)' into 'boom::service_pending(BoomCoreState&)' (/home/lab_726/boom/hls_boom/src/boom_core_merged.cpp:937:24)
INFO: [HLS 214-131] Inlining function 'boom::apply_completion_selected(BoomCoreState&, RobCompleteEvent const&, bool, bool)' into 'boom::service_pending(BoomCoreState&)' (/home/lab_726/boom/hls_boom/src/boom_core_merged.cpp:947:24)
INFO: [HLS 214-131] Inlining function 'boom::apply_completion_selected(BoomCoreState&, RobCompleteEvent const&, bool, bool)' into 'boom::service_pending(BoomCoreState&)' (/home/lab_726/boom/hls_boom/src/boom_core_merged.cpp:956:24)
INFO: [HLS 214-131] Inlining function 'boom::capture_execute_events(BoomCoreState&)' into 'boom::begin_completion_cycle(BoomCoreState&)' (/home/lab_726/boom/hls_boom/src/boom_core_merged.cpp:997:5)
INFO: [HLS 214-131] Inlining function 'boom::build_wakeup_bypass_ports(BoomCoreState&)' into 'boom::begin_completion_cycle(BoomCoreState&)' (/home/lab_726/boom/hls_boom/src/boom_core_merged.cpp:998:5)
INFO: [HLS 214-178] Inlining function 'MicroOp::MicroOp() (.23.29.35.41.47.53.59.65)' into 'FrontendState::FrontendState()' (/home/lab_726/boom/hls_boom/include/boom_state.hpp:26:0)
INFO: [HLS 214-178] Inlining function 'MicroOp::MicroOp() (.23.29.35.41.47.53.59.65)' into 'DecodeState::DecodeState()' (/home/lab_726/boom/hls_boom/include/boom_state.hpp:32:0)
INFO: [HLS 214-178] Inlining function 'MicroOp::MicroOp() (.23.29.35.41.47.53.59.65)' into 'RenameDispatchPacket::RenameDispatchPacket()' (/home/lab_726/boom/hls_boom/include/boom_state.hpp:73:0)
INFO: [HLS 214-178] Inlining function 'RenameMapTableState::RenameMapTableState()' into 'RenameState::RenameState()' (/home/lab_726/boom/hls_boom/include/boom_state.hpp:76:0)
INFO: [HLS 214-178] Inlining function 'RenameFreeListState::RenameFreeListState()' into 'RenameState::RenameState()' (/home/lab_726/boom/hls_boom/include/boom_state.hpp:76:0)
INFO: [HLS 214-178] Inlining function 'RenameDispatchPacket::RenameDispatchPacket()' into 'RenameState::RenameState()' (/home/lab_726/boom/hls_boom/include/boom_state.hpp:76:0)
INFO: [HLS 214-178] Inlining function 'MicroOp::MicroOp() (.23.29.35.41.47.53.59.65)' into 'IssueSlotEntry::IssueSlotEntry()' (/home/lab_726/boom/hls_boom/include/boom_types.hpp:178:0)
INFO: [HLS 214-178] Inlining function 'IssueSlotEntry::IssueSlotEntry()' into 'IssueQueueState::IssueQueueState()' (/home/lab_726/boom/hls_boom/include/boom_state.hpp:85:0)
INFO: [HLS 214-178] Inlining function 'MicroOp::MicroOp() (.23.29.35.41.47.53.59.65)' into 'IssueGrant::IssueGrant()' (/home/lab_726/boom/hls_boom/include/boom_types.hpp:155:0)
INFO: [HLS 214-178] Inlining function 'IssueGrant::IssueGrant()' into 'IssueState::IssueState()' (/home/lab_726/boom/hls_boom/include/boom_state.hpp:104:0)
INFO: [HLS 214-178] Inlining function 'MicroOp::MicroOp() (.23.29.35.41.47.53.59.65)' into 'IssueState::IssueState()' (/home/lab_726/boom/hls_boom/include/boom_state.hpp:104:0)
INFO: [HLS 214-178] Inlining function 'MicroOp::MicroOp() (.23.29.35.41.47.53.59.65)' into 'ExecuteState::AluResult::AluResult()' (/home/lab_726/boom/hls_boom/include/boom_state.hpp:124:0)
INFO: [HLS 214-178] Inlining function 'ExecuteState::AluResult::AluResult()' into 'ExecuteState::ExecuteState()' (/home/lab_726/boom/hls_boom/include/boom_state.hpp:127:0)
INFO: [HLS 214-178] Inlining function 'MicroOp::MicroOp() (.23.29.35.41.47.53.59.65)' into 'RobEntry::RobEntry()' (/home/lab_726/boom/hls_boom/include/boom_types.hpp:169:0)
INFO: [HLS 214-178] Inlining function 'RobEntry::RobEntry()' into 'RobInternalState::RobInternalState()' (/home/lab_726/boom/hls_boom/include/boom_state.hpp:141:0)
INFO: [HLS 214-178] Inlining function 'CommitEntry::CommitEntry()' into 'RobInternalState::RobInternalState()' (/home/lab_726/boom/hls_boom/include/boom_state.hpp:141:0)
INFO: [HLS 214-178] Inlining function 'StoreQueueEntry::StoreQueueEntry()' into 'LsuState::LsuState()' (/home/lab_726/boom/hls_boom/include/boom_state.hpp:184:0)
INFO: [HLS 214-178] Inlining function 'LoadQueueEntry::LoadQueueEntry()' into 'LsuState::LsuState()' (/home/lab_726/boom/hls_boom/include/boom_state.hpp:184:0)
INFO: [HLS 214-178] Inlining function 'MicroOp::MicroOp() (.23.29.35.41.47.53.59.65)' into 'RobCompleteEvent::RobCompleteEvent()' (/home/lab_726/boom/hls_boom/include/boom_types.hpp:108:0)
INFO: [HLS 214-178] Inlining function 'WritebackEvent::WritebackEvent()' into 'CompletionPendingState::CompletionPendingState()' (/home/lab_726/boom/hls_boom/include/boom_state.hpp:210:0)
INFO: [HLS 214-178] Inlining function 'WakeupEvent::WakeupEvent()' into 'CompletionPendingState::CompletionPendingState()' (/home/lab_726/boom/hls_boom/include/boom_state.hpp:210:0)
INFO: [HLS 214-178] Inlining function 'BypassEvent::BypassEvent()' into 'CompletionPendingState::CompletionPendingState()' (/home/lab_726/boom/hls_boom/include/boom_state.hpp:210:0)
INFO: [HLS 214-178] Inlining function 'MicroOp::MicroOp() (.23.29.35.41.47.53.59.65)' into 'BranchUpdate::BranchUpdate()' (/home/lab_726/boom/hls_boom/include/boom_types.hpp:187:0)
INFO: [HLS 214-178] Inlining function 'FrontendState::FrontendState()' into 'BoomCoreState::BoomCoreState()' (/home/lab_726/boom/hls_boom/include/boom_state.hpp:240:0)
INFO: [HLS 214-178] Inlining function 'CsrState::CsrState()' into 'BoomCoreState::BoomCoreState()' (/home/lab_726/boom/hls_boom/include/boom_state.hpp:240:0)
INFO: [HLS 214-178] Inlining function 'LsuState::LsuState()' into 'BoomCoreState::BoomCoreState()' (/home/lab_726/boom/hls_boom/include/boom_state.hpp:240:0)
INFO: [HLS 214-178] Inlining function 'BranchRecoveryState::BranchRecoveryState()' into 'BoomCoreState::BoomCoreState()' (/home/lab_726/boom/hls_boom/include/boom_state.hpp:240:0)
INFO: [HLS 214-178] Inlining function 'BranchUpdate::BranchUpdate()' into 'BoomCoreState::BoomCoreState()' (/home/lab_726/boom/hls_boom/include/boom_state.hpp:240:0)
INFO: [HLS 214-178] Inlining function 'boom::completion_has_rob_owner(BoomCoreState const&, RobCompleteEvent const&) (.77.92.117.145.173.201.229.257.285)' into 'boom::completion_is_valid(BoomCoreState const&, RobCompleteEvent const&) (.4824)' (/home/lab_726/boom/hls_boom/src/boom_core_merged.cpp:582:0)
INFO: [HLS 214-178] Inlining function 'IssueSlotEntry::IssueSlotEntry()' into 'boom::compact_issue_queue(IssueQueueState&)' (/home/lab_726/boom/hls_boom/src/boom_core_merged.cpp:1531:0)
INFO: [HLS 214-178] Inlining function 'boom::killed_by_mask(MicroOp const&, unsigned char)' into 'boom::kill_issue_state(BoomCoreState&, unsigned char)' (/home/lab_726/boom/hls_boom/src/boom_core_merged.cpp:1544:0)
INFO: [HLS 214-178] Inlining function 'boom::killed_by_mask(MicroOp const&, unsigned char)' into 'boom::kill_execute_state(BoomCoreState&, unsigned char)' (/home/lab_726/boom/hls_boom/src/boom_core_merged.cpp:1561:0)
INFO: [HLS 214-178] Inlining function 'LoadQueueEntry::LoadQueueEntry()' into 'boom::kill_lsu_state(BoomCoreState&, unsigned char)' (/home/lab_726/boom/hls_boom/src/boom_core_merged.cpp:1586:0)
INFO: [HLS 214-178] Inlining function 'StoreQueueEntry::StoreQueueEntry()' into 'boom::kill_lsu_state(BoomCoreState&, unsigned char)' (/home/lab_726/boom/hls_boom/src/boom_core_merged.cpp:1586:0)
INFO: [HLS 214-178] Inlining function 'boom::killed_by_mask(MicroOp const&, unsigned char)' into 'boom::kill_rob_younger_than(BoomCoreState&, unsigned char, unsigned char)' (/home/lab_726/boom/hls_boom/src/boom_core_merged.cpp:1628:0)
INFO: [HLS 214-178] Inlining function 'boom::branch_free_list_contains(RenameFreeListState const&, unsigned char)' into 'boom::branch_free_preg_unique(RenameFreeListState&, unsigned char)' (/home/lab_726/boom/hls_boom/src/boom_core_merged.cpp:1483:0)
INFO: [HLS 214-178] Inlining function 'boom::preg_in_map(RenameMapTableState const&, unsigned char)' into 'boom::rollback_free_list(BoomCoreState&, unsigned char)' (/home/lab_726/boom/hls_boom/src/boom_core_merged.cpp:1667:0)
INFO: [HLS 214-178] Inlining function 'boom::branch_free_preg_unique(RenameFreeListState&, unsigned char)' into 'boom::rollback_free_list(BoomCoreState&, unsigned char)' (/home/lab_726/boom/hls_boom/src/boom_core_merged.cpp:1667:0)
INFO: [HLS 214-178] Inlining function 'boom::branch_tag_bit(unsigned char)' into 'boom::prune_recovered_tags(BoomCoreState&, unsigned char, unsigned char)' (/home/lab_726/boom/hls_boom/src/boom_core_merged.cpp:1686:0)
INFO: [HLS 214-178] Inlining function 'boom::branch_clear_alloc_list(BranchRecoveryState&, unsigned char)' into 'boom::prune_recovered_tags(BoomCoreState&, unsigned char, unsigned char)' (/home/lab_726/boom/hls_boom/src/boom_core_merged.cpp:1686:0)
INFO: [HLS 214-178] Inlining function 'boom::clear_resolved_mask(MicroOp&, unsigned char)' into 'boom::clear_resolved_masks_in_state(BoomCoreState&, unsigned char)' (/home/lab_726/boom/hls_boom/src/boom_core_merged.cpp:1507:0)
INFO: [HLS 214-178] Inlining function 'boom::killed_by_mask(MicroOp const&, unsigned char)' into 'boom::recover_mispredict(BoomCoreState&, BranchUpdate const&)' (/home/lab_726/boom/hls_boom/src/boom_core_merged.cpp:1699:0)
INFO: [HLS 214-178] Inlining function 'boom::restore_map_snapshot(BoomCoreState&, unsigned char)' into 'boom::recover_mispredict(BoomCoreState&, BranchUpdate const&)' (/home/lab_726/boom/hls_boom/src/boom_core_merged.cpp:1699:0)
INFO: [HLS 214-178] Inlining function 'boom::rollback_free_list(BoomCoreState&, unsigned char)' into 'boom::recover_mispredict(BoomCoreState&, BranchUpdate const&)' (/home/lab_726/boom/hls_boom/src/boom_core_merged.cpp:1699:0)
INFO: [HLS 214-178] Inlining function 'boom::prune_recovered_tags(BoomCoreState&, unsigned char, unsigned char)' into 'boom::recover_mispredict(BoomCoreState&, BranchUpdate const&)' (/home/lab_726/boom/hls_boom/src/boom_core_merged.cpp:1699:0)
INFO: [HLS 214-178] Inlining function 'boom::rebuild_busy_after_recovery(BoomCoreState&)' into 'boom::recover_mispredict(BoomCoreState&, BranchUpdate const&)' (/home/lab_726/boom/hls_boom/src/boom_core_merged.cpp:1699:0)
INFO: [HLS 214-178] Inlining function 'boom::branch_tag_bit(unsigned char)' into 'boom::release_tag(BoomCoreState&, unsigned char)' (/home/lab_726/boom/hls_boom/src/boom_core_merged.cpp:1497:0)
INFO: [HLS 214-178] Inlining function 'boom::branch_clear_alloc_list(BranchRecoveryState&, unsigned char)' into 'boom::release_tag(BoomCoreState&, unsigned char)' (/home/lab_726/boom/hls_boom/src/boom_core_merged.cpp:1497:0)
INFO: [HLS 214-178] Inlining function 'boom::release_tag(BoomCoreState&, unsigned char)' into 'boom::release_resolved_branch(BoomCoreState&, unsigned char, unsigned char)' (/home/lab_726/boom/hls_boom/src/boom_core_merged.cpp:1728:0)
INFO: [HLS 214-178] Inlining function 'boom::branch_tag_bit(unsigned char)' into 'boom::branch_complete_event(BoomCoreState&, MicroOp const&, bool, unsigned long)' (/home/lab_726/boom/hls_boom/src/boom_core_merged.cpp:1734:0)
INFO: [HLS 214-178] Inlining function 'boom::release_resolved_branch(BoomCoreState&, unsigned char, unsigned char)' into 'boom::branch_complete_event(BoomCoreState&, MicroOp const&, bool, unsigned long)' (/home/lab_726/boom/hls_boom/src/boom_core_merged.cpp:1734:0)
INFO: [HLS 214-178] Inlining function 'boom::enqueue_store(BoomCoreState&, MicroOp const&, unsigned long, unsigned long, unsigned char, unsigned char, RobEntry&) (.105.129.157.185.213.241.269.297)' into 'boom::lsu_accept_completion(BoomCoreState&, MicroOp const&, bool, bool, bool, unsigned long, unsigned long, unsigned char, unsigned char)' (/home/lab_726/boom/hls_boom/src/boom_core_merged.cpp:1863:0)
INFO: [HLS 214-178] Inlining function 'boom::enqueue_load(BoomCoreState&, MicroOp const&, bool, unsigned long, unsigned char, unsigned char, RobEntry&) (.102.126.154.182.210.238.266.294)' into 'boom::lsu_accept_completion(BoomCoreState&, MicroOp const&, bool, bool, bool, unsigned long, unsigned long, unsigned char, unsigned char)' (/home/lab_726/boom/hls_boom/src/boom_core_merged.cpp:1863:0)
INFO: [HLS 214-178] Inlining function 'LoadQueueEntry::LoadQueueEntry()' into 'boom::reclaim_ldq(BoomCoreState&, unsigned char, unsigned int)' (/home/lab_726/boom/hls_boom/src/boom_core_merged.cpp:1879:0)
INFO: [HLS 214-178] Inlining function 'boom::completion_age(BoomCoreState const&, RobCompleteEvent const&)' into 'boom::service_pending(BoomCoreState&)' (/home/lab_726/boom/hls_boom/src/boom_core_merged.cpp:861:0)
INFO: [HLS 214-178] Inlining function 'boom::completion_has_rob_owner(BoomCoreState const&, RobCompleteEvent const&) (.77.92.117.145.173.201.229.257.285)' into 'boom::service_pending(BoomCoreState&)' (/home/lab_726/boom/hls_boom/src/boom_core_merged.cpp:861:0)
INFO: [HLS 214-178] Inlining function 'boom::lsu_finish_load_response(BoomCoreState&, unsigned char, unsigned int, unsigned int)' into 'boom::service_pending(BoomCoreState&)' (/home/lab_726/boom/hls_boom/src/boom_core_merged.cpp:861:0)
INFO: [HLS 214-178] Inlining function 'boom::is_branch(MicroOp const&)' into 'boom::begin_completion_cycle(BoomCoreState&)' (/home/lab_726/boom/hls_boom/src/boom_core_merged.cpp:992:0)
INFO: [HLS 214-178] Inlining function 'WakeupEvent::WakeupEvent()' into 'boom::begin_completion_cycle(BoomCoreState&)' (/home/lab_726/boom/hls_boom/src/boom_core_merged.cpp:992:0)
INFO: [HLS 214-178] Inlining function 'BypassEvent::BypassEvent()' into 'boom::begin_completion_cycle(BoomCoreState&)' (/home/lab_726/boom/hls_boom/src/boom_core_merged.cpp:992:0)
INFO: [HLS 214-178] Inlining function 'boom::completion_age(BoomCoreState const&, RobCompleteEvent const&)' into 'boom::begin_completion_cycle(BoomCoreState&)' (/home/lab_726/boom/hls_boom/src/boom_core_merged.cpp:992:0)
INFO: [HLS 214-178] Inlining function 'boom::completion_service_execute(BoomCoreState&)' into 'synth_completion_top(unsigned char, unsigned char, unsigned long, unsigned long&)' (/home/lab_726/boom/hls_boom/src/boom_core_merged.cpp:2700:0)
INFO: [HLS 214-270] Starting automatic array partition analysis...
INFO: [HLS 200-111] Finished Compiling Optimization and Transform: CPU user time: 86.38 seconds. CPU system time: 0.82 seconds. Elapsed time: 87.21 seconds; current allocated memory: 471.867 MB.
INFO: [HLS 200-111] Finished Checking Pragmas: CPU user time: 0.01 seconds. CPU system time: 0 seconds. Elapsed time: 0 seconds; current allocated memory: 471.867 MB.
INFO: [HLS 200-10] Starting code transformations ...
INFO: [HLS 200-111] Finished Standard Transforms: CPU user time: 0.82 seconds. CPU system time: 0.01 seconds. Elapsed time: 0.84 seconds; current allocated memory: 494.988 MB.
INFO: [HLS 200-10] Checking synthesizability ...
INFO: [HLS 200-111] Finished Checking Synthesizability: CPU user time: 0.46 seconds. CPU system time: 0.01 seconds. Elapsed time: 0.46 seconds; current allocated memory: 505.324 MB.
INFO: [XFORM 203-102] Partitioning array 'state.rename.dispatch_packets.valid' automatically.
INFO: [XFORM 203-102] Partitioning array 'state.rename.dispatch_packets.uop.branch.br_mask' automatically.
INFO: [XFORM 203-102] Partitioning array 'state.decode.dec_uops.branch.br_mask' automatically.
INFO: [XFORM 203-102] Automatically partitioning small array 'state.issue.issued_valids' completely based on array size.
INFO: [XFORM 203-102] Automatically partitioning small array 'state.issue.issued_uops.branch.br_mask' completely based on array size.
INFO: [XFORM 203-102] Automatically partitioning small array 'state.execute.alu_results.valid' completely based on array size.
INFO: [XFORM 203-102] Automatically partitioning small array 'state.execute.alu_results.uop.uopc' completely based on array size.
INFO: [XFORM 203-102] Automatically partitioning small array 'state.execute.alu_results.uop.rename.stale_pdst' completely based on array size.
INFO: [XFORM 203-102] Automatically partitioning small array 'state.execute.alu_results.uop.rename.prs3_busy' completely based on array size.
INFO: [XFORM 203-102] Automatically partitioning small array 'state.execute.alu_results.uop.rename.prs3' completely based on array size.
INFO: [XFORM 203-102] Automatically partitioning small array 'state.execute.alu_results.uop.rename.prs2_busy' completely based on array size.
INFO: [XFORM 203-102] Automatically partitioning small array 'state.execute.alu_results.uop.rename.prs2' completely based on array size.
INFO: [XFORM 203-102] Automatically partitioning small array 'state.execute.alu_results.uop.rename.prs1_busy' completely based on array size.
INFO: [XFORM 203-102] Automatically partitioning small array 'state.execute.alu_results.uop.rename.prs1' completely based on array size.
INFO: [XFORM 203-102] Automatically partitioning small array 'state.execute.alu_results.uop.rename.ppred_busy' completely based on array size.
INFO: [XFORM 203-102] Automatically partitioning small array 'state.execute.alu_results.uop.rename.ppred' completely based on array size.
INFO: [XFORM 203-102] Automatically partitioning small array 'state.execute.alu_results.uop.rename.pdst' completely based on array size.
INFO: [XFORM 203-102] Automatically partitioning small array 'state.execute.alu_results.uop.rename.lrs3' completely based on array size.
INFO: [XFORM 203-102] Automatically partitioning small array 'state.execute.alu_results.uop.rename.lrs2_rtype' completely based on array size.
INFO: [XFORM 203-102] Automatically partitioning small array 'state.execute.alu_results.uop.rename.lrs2' completely based on array size.
INFO: [XFORM 203-102] Automatically partitioning small array 'state.execute.alu_results.uop.rename.lrs1_rtype' completely based on array size.
INFO: [XFORM 203-102] Automatically partitioning small array 'state.execute.alu_results.uop.rename.lrs1' completely based on array size.
INFO: [XFORM 203-102] Automatically partitioning small array 'state.execute.alu_results.uop.rename.ldst' completely based on array size.
INFO: [XFORM 203-102] Automatically partitioning small array 'state.execute.alu_results.uop.rename.frs3_en' completely based on array size.
INFO: [XFORM 203-102] Automatically partitioning small array 'state.execute.alu_results.uop.rename.fp_val' completely based on array size.
INFO: [XFORM 203-102] Automatically partitioning small array 'state.execute.alu_results.uop.rename.fp_single' completely based on array size.
INFO: [XFORM 203-102] Automatically partitioning small array 'state.execute.alu_results.uop.rename.dst_rtype' completely based on array size.
INFO: [XFORM 203-102] Automatically partitioning small array 'state.execute.alu_results.uop.queue.stq_idx' completely based on array size.
INFO: [XFORM 203-102] Automatically partitioning small array 'state.execute.alu_results.uop.queue.rxq_idx' completely based on array size.
INFO: [XFORM 203-102] Automatically partitioning small array 'state.execute.alu_results.uop.queue.rob_idx' completely based on array size.
INFO: [XFORM 203-102] Automatically partitioning small array 'state.execute.alu_results.uop.queue.rob_allocation_id' completely based on array size.
INFO: [XFORM 203-102] Automatically partitioning small array 'state.execute.alu_results.uop.queue.ldq_idx' completely based on array size.
INFO: [XFORM 203-102] Automatically partitioning small array 'state.execute.alu_results.uop.mem.uses_stq' completely based on array size.
INFO: [XFORM 203-102] Automatically partitioning small array 'state.execute.alu_results.uop.mem.uses_ldq' completely based on array size.
INFO: [XFORM 203-102] Automatically partitioning small array 'state.execute.alu_results.uop.mem.mem_size' completely based on array size.
INFO: [XFORM 203-102] Automatically partitioning small array 'state.execute.alu_results.uop.mem.mem_signed' completely based on array size.
INFO: [XFORM 203-102] Automatically partitioning small array 'state.execute.alu_results.uop.mem.mem_cmd' completely based on array size.
INFO: [XFORM 203-102] Automatically partitioning small array 'state.execute.alu_results.uop.mem.ldst_val' completely based on array size.
INFO: [XFORM 203-102] Automatically partitioning small array 'state.execute.alu_results.uop.mem.ldst_is_rs1' completely based on array size.
INFO: [XFORM 203-102] Automatically partitioning small array 'state.execute.alu_results.uop.mem.is_fencei' completely based on array size.
INFO: [XFORM 203-102] Automatically partitioning small array 'state.execute.alu_results.uop.mem.is_fence' completely based on array size.
INFO: [XFORM 203-102] Automatically partitioning small array 'state.execute.alu_results.uop.mem.is_amo' completely based on array size.
INFO: [XFORM 203-102] Automatically partitioning small array 'state.execute.alu_results.uop.iw_state' completely based on array size.
INFO: [XFORM 203-102] Automatically partitioning small array 'state.execute.alu_results.uop.iw_p2_poisoned' completely based on array size.
INFO: [XFORM 203-102] Automatically partitioning small array 'state.execute.alu_results.uop.iw_p1_poisoned' completely based on array size.
INFO: [XFORM 203-102] Automatically partitioning small array 'state.execute.alu_results.uop.is_unique' completely based on array size.
INFO: [XFORM 203-102] Automatically partitioning small array 'state.execute.alu_results.uop.is_sys_pc2epc' completely based on array size.
INFO: [XFORM 203-102] Automatically partitioning small array 'state.execute.alu_results.uop.is_rvc' completely based on array size.
INFO: [XFORM 203-102] Automatically partitioning small array 'state.execute.alu_results.uop.iq_type' completely based on array size.
INFO: [XFORM 203-102] Automatically partitioning small array 'state.execute.alu_results.uop.inst' completely based on array size.
INFO: [XFORM 203-102] Automatically partitioning small array 'state.execute.alu_results.uop.imm_packed' completely based on array size.
INFO: [XFORM 203-102] Automatically partitioning small array 'state.execute.alu_results.uop.fu_code' completely based on array size.
INFO: [XFORM 203-102] Automatically partitioning small array 'state.execute.alu_results.uop.flush_on_commit' completely based on array size.
INFO: [XFORM 203-102] Automatically partitioning small array 'state.execute.alu_results.uop.exception' completely based on array size.
INFO: [XFORM 203-102] Automatically partitioning small array 'state.execute.alu_results.uop.exc_cause' completely based on array size.
INFO: [XFORM 203-102] Automatically partitioning small array 'state.execute.alu_results.uop.exc.xcpt_pf_if' completely based on array size.
INFO: [XFORM 203-102] Automatically partitioning small array 'state.execute.alu_results.uop.exc.xcpt_ma_if' completely based on array size.
INFO: [XFORM 203-102] Automatically partitioning small array 'state.execute.alu_results.uop.exc.xcpt_ae_if' completely based on array size.
INFO: [XFORM 203-102] Automatically partitioning small array 'state.execute.alu_results.uop.exc.exception' completely based on array size.
INFO: [XFORM 203-102] Automatically partitioning small array 'state.execute.alu_results.uop.exc.exc_cause' completely based on array size.
INFO: [XFORM 203-102] Automatically partitioning small array 'state.execute.alu_results.uop.exc.bp_xcpt_if' completely based on array size.
INFO: [XFORM 203-102] Automatically partitioning small array 'state.execute.alu_results.uop.exc.bp_debug_if' completely based on array size.
INFO: [XFORM 203-102] Automatically partitioning small array 'state.execute.alu_results.uop.debug_pc' completely based on array size.
INFO: [XFORM 203-102] Automatically partitioning small array 'state.execute.alu_results.uop.debug_inst' completely based on array size.
INFO: [XFORM 203-102] Automatically partitioning small array 'state.execute.alu_results.uop.debug.debug_tsrc' completely based on array size.
INFO: [XFORM 203-102] Automatically partitioning small array 'state.execute.alu_results.uop.debug.debug_pc' completely based on array size.
INFO: [XFORM 203-102] Automatically partitioning small array 'state.execute.alu_results.uop.debug.debug_inst' completely based on array size.
INFO: [XFORM 203-102] Automatically partitioning small array 'state.execute.alu_results.uop.debug.debug_fsrc' completely based on array size.
INFO: [XFORM 203-102] Automatically partitioning small array 'state.execute.alu_results.uop.ctrl.op_fcn' completely based on array size.
INFO: [XFORM 203-102] Automatically partitioning small array 'state.execute.alu_results.uop.ctrl.op2_sel' completely based on array size.
INFO: [XFORM 203-102] Automatically partitioning small array 'state.execute.alu_results.uop.ctrl.op1_sel' completely based on array size.
INFO: [XFORM 203-102] Automatically partitioning small array 'state.execute.alu_results.uop.ctrl.is_std' completely based on array size.
INFO: [XFORM 203-102] Automatically partitioning small array 'state.execute.alu_results.uop.ctrl.is_sta' completely based on array size.
INFO: [XFORM 203-102] Automatically partitioning small array 'state.execute.alu_results.uop.ctrl.is_load' completely based on array size.
INFO: [XFORM 203-102] Automatically partitioning small array 'state.execute.alu_results.uop.ctrl.imm_sel' completely based on array size.
INFO: [XFORM 203-102] Automatically partitioning small array 'state.execute.alu_results.uop.ctrl.fcn_dw' completely based on array size.
INFO: [XFORM 203-102] Automatically partitioning small array 'state.execute.alu_results.uop.ctrl.csr_cmd' completely based on array size.
INFO: [XFORM 203-102] Automatically partitioning small array 'state.execute.alu_results.uop.ctrl.br_type' completely based on array size.
INFO: [XFORM 203-102] Automatically partitioning small array 'state.execute.alu_results.uop.csr_addr' completely based on array size.
INFO: [XFORM 203-102] Automatically partitioning small array 'state.execute.alu_results.uop.bypassable' completely based on array size.
INFO: [XFORM 203-102] Automatically partitioning small array 'state.execute.alu_results.uop.branch.taken' completely based on array size.
INFO: [XFORM 203-102] Automatically partitioning small array 'state.execute.alu_results.uop.branch.pc_lob' completely based on array size.
INFO: [XFORM 203-102] Automatically partitioning small array 'state.execute.alu_results.uop.branch.is_sfb' completely based on array size.
INFO: [XFORM 203-102] Automatically partitioning small array 'state.execute.alu_results.uop.branch.is_jalr' completely based on array size.
INFO: [XFORM 203-102] Automatically partitioning small array 'state.execute.alu_results.uop.branch.is_jal' completely based on array size.
INFO: [XFORM 203-102] Automatically partitioning small array 'state.execute.alu_results.uop.branch.is_br' completely based on array size.
INFO: [XFORM 203-102] Automatically partitioning small array 'state.execute.alu_results.uop.branch.ftq_idx' completely based on array size.
INFO: [XFORM 203-102] Automatically partitioning small array 'state.execute.alu_results.uop.branch.edge_inst' completely based on array size.
INFO: [XFORM 203-102] Automatically partitioning small array 'state.execute.alu_results.uop.branch.br_tag' completely based on array size.
INFO: [XFORM 203-102] Automatically partitioning small array 'state.execute.alu_results.uop.branch.br_mask' completely based on array size.
INFO: [XFORM 203-102] Automatically partitioning small array 'state.execute.alu_results.store_data' completely based on array size.
INFO: [XFORM 203-102] Automatically partitioning small array 'state.execute.alu_results.signed_load' completely based on array size.
INFO: [XFORM 203-102] Automatically partitioning small array 'state.execute.alu_results.result' completely based on array size.
INFO: [XFORM 203-102] Automatically partitioning small array 'state.execute.alu_results.redirect_pc' completely based on array size.
INFO: [XFORM 203-102] Automatically partitioning small array 'state.execute.alu_results.mispredict' completely based on array size.
INFO: [XFORM 203-102] Automatically partitioning small array 'state.execute.alu_results.memory_valid' completely based on array size.
INFO: [XFORM 203-102] Automatically partitioning small array 'state.execute.alu_results.memory_size' completely based on array size.
INFO: [XFORM 203-102] Automatically partitioning small array 'state.execute.alu_results.memory_mask' completely based on array size.
INFO: [XFORM 203-102] Automatically partitioning small array 'state.execute.alu_results.memory_address' completely based on array size.
INFO: [XFORM 203-102] Automatically partitioning small array 'state.execute.alu_results.is_store' completely based on array size.
INFO: [XFORM 203-102] Automatically partitioning small array 'state.execute.alu_results.is_load' completely based on array size.
INFO: [XFORM 203-102] Automatically partitioning small array 'state.execute.alu_results.exception' completely based on array size.
INFO: [XFORM 203-102] Automatically partitioning small array 'state.execute.alu_results.exc_cause' completely based on array size.
INFO: [XFORM 203-102] Automatically partitioning small array 'state.completion.writebacks.value' completely based on array size.
INFO: [XFORM 203-102] Automatically partitioning small array 'state.completion.writebacks.valid' completely based on array size.
INFO: [XFORM 203-102] Automatically partitioning small array 'state.completion.writebacks.pdst' completely based on array size.
INFO: [XFORM 203-102] Automatically partitioning small array 'state.completion.wakeups.valid' completely based on array size.
INFO: [XFORM 203-102] Automatically partitioning small array 'state.completion.wakeups.branch_mask' completely based on array size.
INFO: [XFORM 203-102] Automatically partitioning small array 'state.completion.wakeup_sent' completely based on array size.
INFO: [XFORM 203-102] Automatically partitioning small array 'state.completion.bypass.valid' completely based on array size.
INFO: [XFORM 203-102] Automatically partitioning small array 'state.completion.bypass.branch_mask' completely based on array size.
INFO: [XFORM 203-102] Automatically partitioning small array 'initial.valid' (/home/lab_726/boom/hls_boom/src/boom_core_merged.cpp:869) completely based on array size.
INFO: [XFORM 203-102] Automatically partitioning small array 'initial.kind' (/home/lab_726/boom/hls_boom/src/boom_core_merged.cpp:869) completely based on array size.
INFO: [XFORM 203-102] Automatically partitioning small array 'initial.source' (/home/lab_726/boom/hls_boom/src/boom_core_merged.cpp:869) completely based on array size.
INFO: [XFORM 203-102] Automatically partitioning small array 'initial.uop.queue.rob_idx' (/home/lab_726/boom/hls_boom/src/boom_core_merged.cpp:869) completely based on array size.
INFO: [XFORM 203-102] Automatically partitioning small array 'initial.uop.queue.rob_allocation_id' (/home/lab_726/boom/hls_boom/src/boom_core_merged.cpp:869) completely based on array size.
INFO: [XFORM 203-102] Automatically partitioning small array 'initial.exception' (/home/lab_726/boom/hls_boom/src/boom_core_merged.cpp:869) completely based on array size.
INFO: [XFORM 203-102] Automatically partitioning small array 'initial.transaction_id' (/home/lab_726/boom/hls_boom/src/boom_core_merged.cpp:869) completely based on array size.
INFO: [XFORM 203-102] Automatically partitioning small array 'ports.valid' (/home/lab_726/boom/hls_boom/src/boom_core_merged.cpp:884) completely based on array size.
INFO: [XFORM 203-102] Automatically partitioning small array 'ports.kind' (/home/lab_726/boom/hls_boom/src/boom_core_merged.cpp:884) completely based on array size.
INFO: [XFORM 203-102] Automatically partitioning small array 'ports.source' (/home/lab_726/boom/hls_boom/src/boom_core_merged.cpp:884) completely based on array size.
INFO: [XFORM 203-102] Automatically partitioning small array 'ports.uop.queue.rob_idx' (/home/lab_726/boom/hls_boom/src/boom_core_merged.cpp:884) completely based on array size.
INFO: [XFORM 203-102] Automatically partitioning small array 'ports.uop.queue.rob_allocation_id' (/home/lab_726/boom/hls_boom/src/boom_core_merged.cpp:884) completely based on array size.
INFO: [XFORM 203-102] Automatically partitioning small array 'ports.uop.rename.pdst' (/home/lab_726/boom/hls_boom/src/boom_core_merged.cpp:884) completely based on array size.
INFO: [XFORM 203-102] Automatically partitioning small array 'ports.writes_prf' (/home/lab_726/boom/hls_boom/src/boom_core_merged.cpp:884) completely based on array size.
INFO: [XFORM 203-102] Automatically partitioning small array 'ports.value' (/home/lab_726/boom/hls_boom/src/boom_core_merged.cpp:884) completely based on array size.
INFO: [XFORM 203-102] Automatically partitioning small array 'ports.exception' (/home/lab_726/boom/hls_boom/src/boom_core_merged.cpp:884) completely based on array size.
INFO: [XFORM 203-102] Automatically partitioning small array 'ports.is_load' (/home/lab_726/boom/hls_boom/src/boom_core_merged.cpp:884) completely based on array size.
INFO: [XFORM 203-102] Automatically partitioning small array 'ports.transaction_id' (/home/lab_726/boom/hls_boom/src/boom_core_merged.cpp:884) completely based on array size.
INFO: [XFORM 203-102] Automatically partitioning small array 'ports.valid' (/home/lab_726/boom/hls_boom/src/boom_core_merged.cpp:697) completely based on array size.
INFO: [XFORM 203-102] Automatically partitioning small array 'ports.kind' (/home/lab_726/boom/hls_boom/src/boom_core_merged.cpp:697) completely based on array size.
INFO: [XFORM 203-102] Automatically partitioning small array 'ports.source' (/home/lab_726/boom/hls_boom/src/boom_core_merged.cpp:697) completely based on array size.
INFO: [XFORM 203-102] Automatically partitioning small array 'ports.uop.branch.br_mask' (/home/lab_726/boom/hls_boom/src/boom_core_merged.cpp:697) completely based on array size.
INFO: [XFORM 203-102] Automatically partitioning small array 'ports.uop.queue.rob_idx' (/home/lab_726/boom/hls_boom/src/boom_core_merged.cpp:697) completely based on array size.
INFO: [XFORM 203-102] Automatically partitioning small array 'ports.uop.queue.rob_allocation_id' (/home/lab_726/boom/hls_boom/src/boom_core_merged.cpp:697) completely based on array size.
INFO: [XFORM 203-102] Automatically partitioning small array 'ports.uop.rename.pdst' (/home/lab_726/boom/hls_boom/src/boom_core_merged.cpp:697) completely based on array size.
INFO: [XFORM 203-102] Automatically partitioning small array 'ports.writes_prf' (/home/lab_726/boom/hls_boom/src/boom_core_merged.cpp:697) completely based on array size.
INFO: [XFORM 203-102] Automatically partitioning small array 'ports.value' (/home/lab_726/boom/hls_boom/src/boom_core_merged.cpp:697) completely based on array size.
INFO: [XFORM 203-102] Automatically partitioning small array 'ports.exception' (/home/lab_726/boom/hls_boom/src/boom_core_merged.cpp:697) completely based on array size.
INFO: [XFORM 203-102] Automatically partitioning small array 'ports.transaction_id' (/home/lab_726/boom/hls_boom/src/boom_core_merged.cpp:697) completely based on array size.
INFO: [XFORM 203-102] Automatically partitioning small array 'usable' (/home/lab_726/boom/hls_boom/src/boom_core_merged.cpp:704) completely based on array size.
INFO: [XFORM 203-101] Partitioning array 'state.issue.issued_valids' in dimension 1 completely.
INFO: [XFORM 203-101] Partitioning array 'state.issue.issued_uops.branch.br_mask' in dimension 1 completely.
INFO: [XFORM 203-101] Partitioning array 'state.execute.alu_results.valid' in dimension 1 completely.
INFO: [XFORM 203-101] Partitioning array 'state.execute.alu_results.uop.uopc' in dimension 1 completely.
INFO: [XFORM 203-101] Partitioning array 'state.execute.alu_results.uop.rename.stale_pdst' in dimension 1 completely.
INFO: [XFORM 203-101] Partitioning array 'state.execute.alu_results.uop.rename.prs3_busy' in dimension 1 completely.
INFO: [XFORM 203-101] Partitioning array 'state.execute.alu_results.uop.rename.prs3' in dimension 1 completely.
INFO: [XFORM 203-101] Partitioning array 'state.execute.alu_results.uop.rename.prs2_busy' in dimension 1 completely.
INFO: [XFORM 203-101] Partitioning array 'state.execute.alu_results.uop.rename.prs2' in dimension 1 completely.
INFO: [XFORM 203-101] Partitioning array 'state.execute.alu_results.uop.rename.prs1_busy' in dimension 1 completely.
INFO: [XFORM 203-101] Partitioning array 'state.execute.alu_results.uop.rename.prs1' in dimension 1 completely.
INFO: [XFORM 203-101] Partitioning array 'state.execute.alu_results.uop.rename.ppred_busy' in dimension 1 completely.
INFO: [XFORM 203-101] Partitioning array 'state.execute.alu_results.uop.rename.ppred' in dimension 1 completely.
INFO: [XFORM 203-101] Partitioning array 'state.execute.alu_results.uop.rename.pdst' in dimension 1 completely.
INFO: [XFORM 203-101] Partitioning array 'state.execute.alu_results.uop.rename.lrs3' in dimension 1 completely.
INFO: [XFORM 203-101] Partitioning array 'state.execute.alu_results.uop.rename.lrs2_rtype' in dimension 1 completely.
INFO: [XFORM 203-101] Partitioning array 'state.execute.alu_results.uop.rename.lrs2' in dimension 1 completely.
INFO: [XFORM 203-101] Partitioning array 'state.execute.alu_results.uop.rename.lrs1_rtype' in dimension 1 completely.
INFO: [XFORM 203-101] Partitioning array 'state.execute.alu_results.uop.rename.lrs1' in dimension 1 completely.
INFO: [XFORM 203-101] Partitioning array 'state.execute.alu_results.uop.rename.ldst' in dimension 1 completely.
INFO: [XFORM 203-101] Partitioning array 'state.execute.alu_results.uop.rename.frs3_en' in dimension 1 completely.
INFO: [XFORM 203-101] Partitioning array 'state.execute.alu_results.uop.rename.fp_val' in dimension 1 completely.
INFO: [XFORM 203-101] Partitioning array 'state.execute.alu_results.uop.rename.fp_single' in dimension 1 completely.
INFO: [XFORM 203-101] Partitioning array 'state.execute.alu_results.uop.rename.dst_rtype' in dimension 1 completely.
INFO: [XFORM 203-101] Partitioning array 'state.execute.alu_results.uop.queue.stq_idx' in dimension 1 completely.
INFO: [XFORM 203-101] Partitioning array 'state.execute.alu_results.uop.queue.rxq_idx' in dimension 1 completely.
INFO: [XFORM 203-101] Partitioning array 'state.execute.alu_results.uop.queue.rob_idx' in dimension 1 completely.
INFO: [XFORM 203-101] Partitioning array 'state.execute.alu_results.uop.queue.rob_allocation_id' in dimension 1 completely.
INFO: [XFORM 203-101] Partitioning array 'state.execute.alu_results.uop.queue.ldq_idx' in dimension 1 completely.
INFO: [XFORM 203-101] Partitioning array 'state.execute.alu_results.uop.mem.uses_stq' in dimension 1 completely.
INFO: [XFORM 203-101] Partitioning array 'state.execute.alu_results.uop.mem.uses_ldq' in dimension 1 completely.
INFO: [XFORM 203-101] Partitioning array 'state.execute.alu_results.uop.mem.mem_size' in dimension 1 completely.
INFO: [XFORM 203-101] Partitioning array 'state.execute.alu_results.uop.mem.mem_signed' in dimension 1 completely.
INFO: [XFORM 203-101] Partitioning array 'state.execute.alu_results.uop.mem.mem_cmd' in dimension 1 completely.
INFO: [XFORM 203-101] Partitioning array 'state.execute.alu_results.uop.mem.ldst_val' in dimension 1 completely.
INFO: [XFORM 203-101] Partitioning array 'state.execute.alu_results.uop.mem.ldst_is_rs1' in dimension 1 completely.
INFO: [XFORM 203-101] Partitioning array 'state.execute.alu_results.uop.mem.is_fencei' in dimension 1 completely.
INFO: [XFORM 203-101] Partitioning array 'state.execute.alu_results.uop.mem.is_fence' in dimension 1 completely.
INFO: [XFORM 203-101] Partitioning array 'state.execute.alu_results.uop.mem.is_amo' in dimension 1 completely.
INFO: [XFORM 203-101] Partitioning array 'state.execute.alu_results.uop.iw_state' in dimension 1 completely.
INFO: [XFORM 203-101] Partitioning array 'state.execute.alu_results.uop.iw_p2_poisoned' in dimension 1 completely.
INFO: [XFORM 203-101] Partitioning array 'state.execute.alu_results.uop.iw_p1_poisoned' in dimension 1 completely.
INFO: [XFORM 203-101] Partitioning array 'state.execute.alu_results.uop.is_unique' in dimension 1 completely.
INFO: [XFORM 203-101] Partitioning array 'state.execute.alu_results.uop.is_sys_pc2epc' in dimension 1 completely.
INFO: [XFORM 203-101] Partitioning array 'state.execute.alu_results.uop.is_rvc' in dimension 1 completely.
INFO: [XFORM 203-101] Partitioning array 'state.execute.alu_results.uop.iq_type' in dimension 1 completely.
INFO: [XFORM 203-101] Partitioning array 'state.execute.alu_results.uop.inst' in dimension 1 completely.
INFO: [XFORM 203-101] Partitioning array 'state.execute.alu_results.uop.imm_packed' in dimension 1 completely.
INFO: [XFORM 203-101] Partitioning array 'state.execute.alu_results.uop.fu_code' in dimension 1 completely.
INFO: [XFORM 203-101] Partitioning array 'state.execute.alu_results.uop.flush_on_commit' in dimension 1 completely.
INFO: [XFORM 203-101] Partitioning array 'state.execute.alu_results.uop.exception' in dimension 1 completely.
INFO: [XFORM 203-101] Partitioning array 'state.execute.alu_results.uop.exc_cause' in dimension 1 completely.
INFO: [XFORM 203-101] Partitioning array 'state.execute.alu_results.uop.exc.xcpt_pf_if' in dimension 1 completely.
INFO: [XFORM 203-101] Partitioning array 'state.execute.alu_results.uop.exc.xcpt_ma_if' in dimension 1 completely.
INFO: [XFORM 203-101] Partitioning array 'state.execute.alu_results.uop.exc.xcpt_ae_if' in dimension 1 completely.
INFO: [XFORM 203-101] Partitioning array 'state.execute.alu_results.uop.exc.exception' in dimension 1 completely.
INFO: [XFORM 203-101] Partitioning array 'state.execute.alu_results.uop.exc.exc_cause' in dimension 1 completely.
INFO: [XFORM 203-101] Partitioning array 'state.execute.alu_results.uop.exc.bp_xcpt_if' in dimension 1 completely.
INFO: [XFORM 203-101] Partitioning array 'state.execute.alu_results.uop.exc.bp_debug_if' in dimension 1 completely.
INFO: [XFORM 203-101] Partitioning array 'state.execute.alu_results.uop.debug_pc' in dimension 1 completely.
INFO: [XFORM 203-101] Partitioning array 'state.execute.alu_results.uop.debug_inst' in dimension 1 completely.
INFO: [XFORM 203-101] Partitioning array 'state.execute.alu_results.uop.debug.debug_tsrc' in dimension 1 completely.
INFO: [XFORM 203-101] Partitioning array 'state.execute.alu_results.uop.debug.debug_pc' in dimension 1 completely.
INFO: [XFORM 203-101] Partitioning array 'state.execute.alu_results.uop.debug.debug_inst' in dimension 1 completely.
INFO: [XFORM 203-101] Partitioning array 'state.execute.alu_results.uop.debug.debug_fsrc' in dimension 1 completely.
INFO: [XFORM 203-101] Partitioning array 'state.execute.alu_results.uop.ctrl.op_fcn' in dimension 1 completely.
INFO: [XFORM 203-101] Partitioning array 'state.execute.alu_results.uop.ctrl.op2_sel' in dimension 1 completely.
INFO: [XFORM 203-101] Partitioning array 'state.execute.alu_results.uop.ctrl.op1_sel' in dimension 1 completely.
INFO: [XFORM 203-101] Partitioning array 'state.execute.alu_results.uop.ctrl.is_std' in dimension 1 completely.
INFO: [XFORM 203-101] Partitioning array 'state.execute.alu_results.uop.ctrl.is_sta' in dimension 1 completely.
INFO: [XFORM 203-101] Partitioning array 'state.execute.alu_results.uop.ctrl.is_load' in dimension 1 completely.
INFO: [XFORM 203-101] Partitioning array 'state.execute.alu_results.uop.ctrl.imm_sel' in dimension 1 completely.
INFO: [XFORM 203-101] Partitioning array 'state.execute.alu_results.uop.ctrl.fcn_dw' in dimension 1 completely.
INFO: [XFORM 203-101] Partitioning array 'state.execute.alu_results.uop.ctrl.csr_cmd' in dimension 1 completely.
INFO: [XFORM 203-101] Partitioning array 'state.execute.alu_results.uop.ctrl.br_type' in dimension 1 completely.
INFO: [XFORM 203-101] Partitioning array 'state.execute.alu_results.uop.csr_addr' in dimension 1 completely.
INFO: [XFORM 203-101] Partitioning array 'state.execute.alu_results.uop.bypassable' in dimension 1 completely.
INFO: [XFORM 203-101] Partitioning array 'state.execute.alu_results.uop.branch.taken' in dimension 1 completely.
INFO: [XFORM 203-101] Partitioning array 'state.execute.alu_results.uop.branch.pc_lob' in dimension 1 completely.
INFO: [XFORM 203-101] Partitioning array 'state.execute.alu_results.uop.branch.is_sfb' in dimension 1 completely.
INFO: [XFORM 203-101] Partitioning array 'state.execute.alu_results.uop.branch.is_jalr' in dimension 1 completely.
INFO: [XFORM 203-101] Partitioning array 'state.execute.alu_results.uop.branch.is_jal' in dimension 1 completely.
INFO: [XFORM 203-101] Partitioning array 'state.execute.alu_results.uop.branch.is_br' in dimension 1 completely.
INFO: [XFORM 203-101] Partitioning array 'state.execute.alu_results.uop.branch.ftq_idx' in dimension 1 completely.
INFO: [XFORM 203-101] Partitioning array 'state.execute.alu_results.uop.branch.edge_inst' in dimension 1 completely.
INFO: [XFORM 203-101] Partitioning array 'state.execute.alu_results.uop.branch.br_tag' in dimension 1 completely.
INFO: [XFORM 203-101] Partitioning array 'state.execute.alu_results.uop.branch.br_mask' in dimension 1 completely.
INFO: [XFORM 203-101] Partitioning array 'state.execute.alu_results.store_data' in dimension 1 completely.
INFO: [XFORM 203-101] Partitioning array 'state.execute.alu_results.signed_load' in dimension 1 completely.
INFO: [XFORM 203-101] Partitioning array 'state.execute.alu_results.result' in dimension 1 completely.
INFO: [XFORM 203-101] Partitioning array 'state.execute.alu_results.redirect_pc' in dimension 1 completely.
INFO: [XFORM 203-101] Partitioning array 'state.execute.alu_results.mispredict' in dimension 1 completely.
INFO: [XFORM 203-101] Partitioning array 'state.execute.alu_results.memory_valid' in dimension 1 completely.
INFO: [XFORM 203-101] Partitioning array 'state.execute.alu_results.memory_size' in dimension 1 completely.
INFO: [XFORM 203-101] Partitioning array 'state.execute.alu_results.memory_mask' in dimension 1 completely.
INFO: [XFORM 203-101] Partitioning array 'state.execute.alu_results.memory_address' in dimension 1 completely.
INFO: [XFORM 203-101] Partitioning array 'state.execute.alu_results.is_store' in dimension 1 completely.
INFO: [XFORM 203-101] Partitioning array 'state.execute.alu_results.is_load' in dimension 1 completely.
INFO: [XFORM 203-101] Partitioning array 'state.execute.alu_results.exception' in dimension 1 completely.
INFO: [XFORM 203-101] Partitioning array 'state.execute.alu_results.exc_cause' in dimension 1 completely.
INFO: [XFORM 203-101] Partitioning array 'state.completion.writebacks.value' in dimension 1 completely.
INFO: [XFORM 203-101] Partitioning array 'state.completion.writebacks.valid' in dimension 1 completely.
INFO: [XFORM 203-101] Partitioning array 'state.completion.writebacks.pdst' in dimension 1 completely.
INFO: [XFORM 203-101] Partitioning array 'state.completion.wakeups.valid' in dimension 1 completely.
INFO: [XFORM 203-101] Partitioning array 'state.completion.wakeups.branch_mask' in dimension 1 completely.
INFO: [XFORM 203-101] Partitioning array 'state.completion.wakeup_sent' in dimension 1 completely.
INFO: [XFORM 203-101] Partitioning array 'state.completion.bypass.valid' in dimension 1 completely.
INFO: [XFORM 203-101] Partitioning array 'state.completion.bypass.branch_mask' in dimension 1 completely.
INFO: [XFORM 203-101] Partitioning array 'initial.valid' (/home/lab_726/boom/hls_boom/src/boom_core_merged.cpp:869) in dimension 1 completely.
INFO: [XFORM 203-101] Partitioning array 'initial.kind' (/home/lab_726/boom/hls_boom/src/boom_core_merged.cpp:869) in dimension 1 completely.
INFO: [XFORM 203-101] Partitioning array 'initial.source' (/home/lab_726/boom/hls_boom/src/boom_core_merged.cpp:869) in dimension 1 completely.
INFO: [XFORM 203-101] Partitioning array 'initial.uop.queue.rob_idx' (/home/lab_726/boom/hls_boom/src/boom_core_merged.cpp:869) in dimension 1 completely.
INFO: [XFORM 203-101] Partitioning array 'initial.uop.queue.rob_allocation_id' (/home/lab_726/boom/hls_boom/src/boom_core_merged.cpp:869) in dimension 1 completely.
INFO: [XFORM 203-101] Partitioning array 'initial.exception' (/home/lab_726/boom/hls_boom/src/boom_core_merged.cpp:869) in dimension 1 completely.
INFO: [XFORM 203-101] Partitioning array 'initial.transaction_id' (/home/lab_726/boom/hls_boom/src/boom_core_merged.cpp:869) in dimension 1 completely.
INFO: [XFORM 203-101] Partitioning array 'ports.valid' (/home/lab_726/boom/hls_boom/src/boom_core_merged.cpp:884) in dimension 1 completely.
INFO: [XFORM 203-101] Partitioning array 'ports.kind' (/home/lab_726/boom/hls_boom/src/boom_core_merged.cpp:884) in dimension 1 completely.
INFO: [XFORM 203-101] Partitioning array 'ports.source' (/home/lab_726/boom/hls_boom/src/boom_core_merged.cpp:884) in dimension 1 completely.
INFO: [XFORM 203-101] Partitioning array 'ports.uop.queue.rob_idx' (/home/lab_726/boom/hls_boom/src/boom_core_merged.cpp:884) in dimension 1 completely.
INFO: [XFORM 203-101] Partitioning array 'ports.uop.queue.rob_allocation_id' (/home/lab_726/boom/hls_boom/src/boom_core_merged.cpp:884) in dimension 1 completely.
INFO: [XFORM 203-101] Partitioning array 'ports.uop.rename.pdst' (/home/lab_726/boom/hls_boom/src/boom_core_merged.cpp:884) in dimension 1 completely.
INFO: [XFORM 203-101] Partitioning array 'ports.writes_prf' (/home/lab_726/boom/hls_boom/src/boom_core_merged.cpp:884) in dimension 1 completely.
INFO: [XFORM 203-101] Partitioning array 'ports.value' (/home/lab_726/boom/hls_boom/src/boom_core_merged.cpp:884) in dimension 1 completely.
INFO: [XFORM 203-101] Partitioning array 'ports.exception' (/home/lab_726/boom/hls_boom/src/boom_core_merged.cpp:884) in dimension 1 completely.
INFO: [XFORM 203-101] Partitioning array 'ports.is_load' (/home/lab_726/boom/hls_boom/src/boom_core_merged.cpp:884) in dimension 1 completely.
INFO: [XFORM 203-101] Partitioning array 'ports.transaction_id' (/home/lab_726/boom/hls_boom/src/boom_core_merged.cpp:884) in dimension 1 completely.
INFO: [XFORM 203-101] Partitioning array 'ports.valid' (/home/lab_726/boom/hls_boom/src/boom_core_merged.cpp:697) in dimension 1 completely.
INFO: [XFORM 203-101] Partitioning array 'ports.kind' (/home/lab_726/boom/hls_boom/src/boom_core_merged.cpp:697) in dimension 1 completely.
INFO: [XFORM 203-101] Partitioning array 'ports.source' (/home/lab_726/boom/hls_boom/src/boom_core_merged.cpp:697) in dimension 1 completely.
INFO: [XFORM 203-101] Partitioning array 'ports.uop.branch.br_mask' (/home/lab_726/boom/hls_boom/src/boom_core_merged.cpp:697) in dimension 1 completely.
INFO: [XFORM 203-101] Partitioning array 'ports.uop.queue.rob_idx' (/home/lab_726/boom/hls_boom/src/boom_core_merged.cpp:697) in dimension 1 completely.
INFO: [XFORM 203-101] Partitioning array 'ports.uop.queue.rob_allocation_id' (/home/lab_726/boom/hls_boom/src/boom_core_merged.cpp:697) in dimension 1 completely.
INFO: [XFORM 203-101] Partitioning array 'ports.uop.rename.pdst' (/home/lab_726/boom/hls_boom/src/boom_core_merged.cpp:697) in dimension 1 completely.
INFO: [XFORM 203-101] Partitioning array 'ports.writes_prf' (/home/lab_726/boom/hls_boom/src/boom_core_merged.cpp:697) in dimension 1 completely.
INFO: [XFORM 203-101] Partitioning array 'ports.value' (/home/lab_726/boom/hls_boom/src/boom_core_merged.cpp:697) in dimension 1 completely.
INFO: [XFORM 203-101] Partitioning array 'ports.exception' (/home/lab_726/boom/hls_boom/src/boom_core_merged.cpp:697) in dimension 1 completely.
INFO: [XFORM 203-101] Partitioning array 'ports.transaction_id' (/home/lab_726/boom/hls_boom/src/boom_core_merged.cpp:697) in dimension 1 completely.
INFO: [XFORM 203-101] Partitioning array 'usable' (/home/lab_726/boom/hls_boom/src/boom_core_merged.cpp:704) in dimension 1 completely.
INFO: [XFORM 203-401] Performing if-conversion on hyperblock from (/home/lab_726/boom/hls_boom/src/boom_core_merged.cpp:602:23) to (/home/lab_726/boom/hls_boom/src/boom_core_merged.cpp:893:37) in function 'boom::service_pending'... converting 4 basic blocks.
INFO: [XFORM 203-401] Performing if-conversion on hyperblock from (/home/lab_726/boom/hls_boom/src/boom_core_merged.cpp:623:73) to (/home/lab_726/boom/hls_boom/src/boom_core_merged.cpp:624:26) in function 'boom::service_pending'... converting 4 basic blocks.
INFO: [XFORM 203-401] Performing if-conversion on hyperblock from (/home/lab_726/boom/hls_boom/src/boom_core_merged.cpp:625:59) to (/home/lab_726/boom/hls_boom/src/boom_core_merged.cpp:853:13) in function 'boom::service_pending'... converting 4 basic blocks.
INFO: [XFORM 203-401] Performing if-conversion on hyperblock from (/home/lab_726/boom/hls_boom/src/boom_core_merged.cpp:905:18) in function 'boom::service_pending'... converting 4 basic blocks.
INFO: [XFORM 203-401] Performing if-conversion on hyperblock from (/home/lab_726/boom/hls_boom/src/boom_core_merged.cpp:624:35) to (/home/lab_726/boom/hls_boom/src/boom_core_merged.cpp:624:46) in function 'boom::service_pending'... converting 4 basic blocks.
INFO: [XFORM 203-401] Performing if-conversion on hyperblock from (/home/lab_726/boom/hls_boom/src/boom_core_merged.cpp:623:73) to (/home/lab_726/boom/hls_boom/src/boom_core_merged.cpp:624:26) in function 'boom::service_pending'... converting 4 basic blocks.
INFO: [XFORM 203-401] Performing if-conversion on hyperblock from (/home/lab_726/boom/hls_boom/src/boom_core_merged.cpp:625:59) to (/home/lab_726/boom/hls_boom/src/boom_core_merged.cpp:908:17) in function 'boom::service_pending'... converting 4 basic blocks.
INFO: [XFORM 203-401] Performing if-conversion on hyperblock from (/home/lab_726/boom/hls_boom/src/boom_core_merged.cpp:909:41) to (/home/lab_726/boom/hls_boom/src/boom_core_merged.cpp:909:51) in function 'boom::service_pending'... converting 4 basic blocks.
INFO: [XFORM 203-401] Performing if-conversion on hyperblock from (/home/lab_726/boom/hls_boom/src/boom_core_merged.cpp:906:18) to (/home/lab_726/boom/hls_boom/src/boom_core_merged.cpp:911:35) in function 'boom::service_pending'... converting 4 basic blocks.
INFO: [XFORM 203-401] Performing if-conversion on hyperblock from (/home/lab_726/boom/hls_boom/src/boom_core_merged.cpp:623:73) to (/home/lab_726/boom/hls_boom/src/boom_core_merged.cpp:624:26) in function 'boom::service_pending'... converting 4 basic blocks.
INFO: [XFORM 203-401] Performing if-conversion on hyperblock from (/home/lab_726/boom/hls_boom/src/boom_core_merged.cpp:625:59) to (/home/lab_726/boom/hls_boom/src/boom_core_merged.cpp:851:6) in function 'boom::service_pending'... converting 4 basic blocks.
INFO: [XFORM 203-401] Performing if-conversion on hyperblock from (/home/lab_726/boom/hls_boom/src/boom_core_merged.cpp:856:48) to (/home/lab_726/boom/hls_boom/src/boom_core_merged.cpp:852:23) in function 'boom::service_pending'... converting 4 basic blocks.
INFO: [XFORM 203-401] Performing if-conversion on hyperblock from (/home/lab_726/boom/hls_boom/src/boom_core_merged.cpp:928:60) to (/home/lab_726/boom/hls_boom/src/boom_core_merged.cpp:932:13) in function 'boom::service_pending'... converting 6 basic blocks.
INFO: [XFORM 203-401] Performing if-conversion on hyperblock to (/home/lab_726/boom/hls_boom/src/boom_core_merged.cpp:598:1) in function 'boom::completion_is_valid'... converting 14 basic blocks.
INFO: [XFORM 203-401] Performing if-conversion on hyperblock from (/home/lab_726/boom/hls_boom/src/boom_core_merged.cpp:706:19) to (/home/lab_726/boom/hls_boom/src/boom_core_merged.cpp:707:13) in function 'boom::begin_completion_cycle'... converting 5 basic blocks.
INFO: [XFORM 203-401] Performing if-conversion on hyperblock from (/home/lab_726/boom/hls_boom/src/boom_core_merged.cpp:691:46) to (/home/lab_726/boom/hls_boom/src/boom_core_merged.cpp:707:13) in function 'boom::begin_completion_cycle'... converting 8 basic blocks.
INFO: [XFORM 203-401] Performing if-conversion on hyperblock from (/home/lab_726/boom/hls_boom/src/boom_core_merged.cpp:711:32) to (/home/lab_726/boom/hls_boom/src/boom_core_merged.cpp:712:13) in function 'boom::begin_completion_cycle'... converting 4 basic blocks.
INFO: [XFORM 203-401] Performing if-conversion on hyperblock from (/home/lab_726/boom/hls_boom/src/boom_core_merged.cpp:602:39) to (/home/lab_726/boom/hls_boom/src/boom_core_merged.cpp:722:17) in function 'boom::begin_completion_cycle'... converting 4 basic blocks.
INFO: [XFORM 203-401] Performing if-conversion on hyperblock from (/home/lab_726/boom/hls_boom/src/boom_core_merged.cpp:723:27) to (/home/lab_726/boom/hls_boom/src/boom_core_merged.cpp:723:17) in function 'boom::begin_completion_cycle'... converting 5 basic blocks.
INFO: [XFORM 203-401] Performing if-conversion on hyperblock from (/home/lab_726/boom/hls_boom/src/boom_core_merged.cpp:731:27) to (/home/lab_726/boom/hls_boom/src/boom_core_merged.cpp:734:13) in function 'boom::begin_completion_cycle'... converting 9 basic blocks.
INFO: [XFORM 203-401] Performing if-conversion on hyperblock from (/home/lab_726/boom/hls_boom/src/boom_core_merged.cpp:728:51) to (/home/lab_726/boom/hls_boom/src/boom_core_merged.cpp:727:44) in function 'boom::begin_completion_cycle'... converting 9 basic blocks.
INFO: [XFORM 203-401] Performing if-conversion on hyperblock from (/home/lab_726/boom/hls_boom/src/boom_core_merged.cpp:498:14) to (/home/lab_726/boom/hls_boom/src/boom_core_merged.cpp:822:5) in function 'boom::begin_completion_cycle'... converting 3 basic blocks.
INFO: [XFORM 203-401] Performing if-conversion on hyperblock from (/home/lab_726/boom/hls_boom/src/boom_core_merged.cpp:498:14) to (/home/lab_726/boom/hls_boom/src/boom_core_merged.cpp:829:5) in function 'boom::begin_completion_cycle'... converting 3 basic blocks.
INFO: [XFORM 203-11] Balancing expressions in function 'boom::service_pending' (/home/lab_726/boom/hls_boom/src/boom_core_merged.cpp:576:22)...6 expression(s) balanced.
INFO: [XFORM 203-11] Balancing expressions in function 'boom::completion_is_valid' (/home/lab_726/boom/hls_boom/src/boom_core_merged.cpp:576:1)...8 expression(s) balanced.
INFO: [HLS 200-111] Finished Loop, function and other optimizations: CPU user time: 1.67 seconds. CPU system time: 0.02 seconds. Elapsed time: 1.71 seconds; current allocated memory: 543.223 MB.
INFO: [HLS 200-472] Inferring partial write operation for 'state.issue.alu_iq.entries.uop.branch.br_mask' (/home/lab_726/boom/hls_boom/include/boom_types.hpp:83:73)
INFO: [HLS 200-472] Inferring partial write operation for 'state.issue.alu_iq.entries.uop.branch.br_mask' (/home/lab_726/boom/hls_boom/include/boom_state.hpp:86:60)
INFO: [HLS 200-472] Inferring partial write operation for 'state.rob.entries.valid' (/home/lab_726/boom/hls_boom/include/boom_types.hpp:166:18)
INFO: [HLS 200-472] Inferring partial write operation for 'state.rob.entries.busy' (/home/lab_726/boom/hls_boom/include/boom_types.hpp:166:32)
INFO: [HLS 200-472] Inferring partial write operation for 'state.rob.entries.uop.branch.br_mask' (/home/lab_726/boom/hls_boom/include/boom_types.hpp:83:73)
INFO: [HLS 200-472] Inferring partial write operation for 'state.rob.entries.uop.queue.rob_idx' (/home/lab_726/boom/hls_boom/include/boom_types.hpp:84:14)
INFO: [HLS 200-472] Inferring partial write operation for 'state.rob.entries.memory_valid' (/home/lab_726/boom/hls_boom/include/boom_types.hpp:167:9)
INFO: [HLS 200-472] Inferring partial write operation for 'state.rob.entries.is_load' (/home/lab_726/boom/hls_boom/include/boom_types.hpp:167:30)
INFO: [HLS 200-472] Inferring partial write operation for 'state.rob.entries.memory_request_sent' (/home/lab_726/boom/hls_boom/include/boom_types.hpp:168:9)
INFO: [HLS 200-472] Inferring partial write operation for 'state.rob.entries.memory_completed' (/home/lab_726/boom/hls_boom/include/boom_types.hpp:168:37)
INFO: [HLS 200-472] Inferring partial write operation for 'state.rob.entries.memory_transaction_id' (/home/lab_726/boom/hls_boom/include/boom_types.hpp:169:57)
INFO: [HLS 200-472] Inferring partial write operation for 'state.rob.entries.valid' (/home/lab_726/boom/hls_boom/include/boom_state.hpp:142:62)
INFO: [HLS 200-472] Inferring partial write operation for 'state.lsu.stq.branch_mask' (/home/lab_726/boom/hls_boom/include/boom_state.hpp:160:18)
INFO: [HLS 200-472] Inferring partial write operation for 'state.lsu.ldq.branch_mask' (/home/lab_726/boom/hls_boom/include/boom_state.hpp:169:63)
INFO: [HLS 200-472] Inferring partial write operation for 'state.int_rf' (/home/lab_726/boom/hls_boom/include/boom_state.hpp:241:61)
INFO: [HLS 200-472] Inferring partial write operation for 'state.int_rf' (/home/lab_726/boom/hls_boom/include/boom_state.hpp:243:18)
INFO: [HLS 200-472] Inferring partial write operation for 'state.rob.entries.valid' (/home/lab_726/boom/hls_boom/src/boom_core_merged.cpp:2706:38)
INFO: [HLS 200-472] Inferring partial write operation for 'state.rob.entries.busy' (/home/lab_726/boom/hls_boom/src/boom_core_merged.cpp:2707:37)
INFO: [HLS 200-472] Inferring partial write operation for 'state.rob.entries.uop.queue.rob_idx' (/home/lab_726/boom/hls_boom/src/boom_core_merged.cpp:2708:50)
INFO: [HLS 200-472] Inferring partial write operation for 'state.rob.entries.uop.queue.rob_allocation_id' (/home/lab_726/boom/hls_boom/src/boom_core_merged.cpp:2709:60)
INFO: [HLS 200-472] Inferring partial write operation for 'state.rob.entries.valid' (/home/lab_726/boom/hls_boom/src/boom_core_merged.cpp:2710:38)
INFO: [HLS 200-472] Inferring partial write operation for 'state.rob.entries.busy' (/home/lab_726/boom/hls_boom/src/boom_core_merged.cpp:2711:37)
INFO: [HLS 200-472] Inferring partial write operation for 'state.rob.entries.uop.queue.rob_idx' (/home/lab_726/boom/hls_boom/src/boom_core_merged.cpp:2712:50)
INFO: [HLS 200-472] Inferring partial write operation for 'state.rob.entries.uop.queue.rob_allocation_id' (/home/lab_726/boom/hls_boom/src/boom_core_merged.cpp:2713:60)
INFO: [HLS 200-472] Inferring partial write operation for 'state.rob.entries.busy' (/home/lab_726/boom/hls_boom/src/boom_core_merged.cpp:652:35)
INFO: [HLS 200-472] Inferring partial write operation for 'state.int_rf' (/home/lab_726/boom/hls_boom/src/boom_core_merged.cpp:660:45)
INFO: [HLS 200-472] Inferring partial write operation for 'state.rob.entries.memory_completed' (/home/lab_726/boom/hls_boom/src/boom_core_merged.cpp:666:32)
INFO: [HLS 200-472] Inferring partial write operation for 'state.issue.alu_iq.entries.uop.branch.br_mask' (/home/lab_726/boom/hls_boom/src/boom_core_merged.cpp:1465:24)
INFO: [HLS 200-472] Inferring partial write operation for 'state.lsu.ldq.branch_mask' (/home/lab_726/boom/hls_boom/src/boom_core_merged.cpp:1527:77)
INFO: [HLS 200-472] Inferring partial write operation for 'state.lsu.stq.branch_mask' (/home/lab_726/boom/hls_boom/src/boom_core_merged.cpp:1528:77)
INFO: [HLS 200-111] Finished Architecture Synthesis: CPU user time: 0.57 seconds. CPU system time: 0.02 seconds. Elapsed time: 0.59 seconds; current allocated memory: 610.887 MB.
INFO: [HLS 200-10] Starting hardware synthesis ...
INFO: [HLS 200-10] Synthesizing 'synth_completion_top' ...
INFO: [HLS 200-10] ----------------------------------------------------------------
INFO: [HLS 200-42] -- Implementing module 'completion_is_valid' 
INFO: [HLS 200-10] ----------------------------------------------------------------
INFO: [SCHED 204-11] Starting scheduling ...
INFO: [SCHED 204-11] Finished scheduling.
INFO: [HLS 200-111] Finished Scheduling: CPU user time: 0.06 seconds. CPU system time: 0.02 seconds. Elapsed time: 0.08 seconds; current allocated memory: 613.449 MB.
INFO: [BIND 205-100] Starting micro-architecture generation ...
INFO: [BIND 205-101] Performing variable lifetime analysis.
INFO: [BIND 205-101] Exploring resource sharing.
INFO: [BIND 205-101] Binding ...
INFO: [BIND 205-100] Finished micro-architecture generation.
INFO: [HLS 200-111] Finished Binding: CPU user time: 0.04 seconds. CPU system time: 0 seconds. Elapsed time: 0.04 seconds; current allocated memory: 613.512 MB.
INFO: [HLS 200-10] ----------------------------------------------------------------
INFO: [HLS 200-42] -- Implementing module 'clear_resolved_masks_in_state' 
INFO: [HLS 200-10] ----------------------------------------------------------------
INFO: [SCHED 204-11] Starting scheduling ...
INFO: [SCHED 204-11] Finished scheduling.
INFO: [HLS 200-111] Finished Scheduling: CPU user time: 0.1 seconds. CPU system time: 0 seconds. Elapsed time: 0.1 seconds; current allocated memory: 615.219 MB.
INFO: [BIND 205-100] Starting micro-architecture generation ...
INFO: [BIND 205-101] Performing variable lifetime analysis.
INFO: [BIND 205-101] Exploring resource sharing.
INFO: [BIND 205-101] Binding ...
INFO: [BIND 205-100] Finished micro-architecture generation.
INFO: [HLS 200-111] Finished Binding: CPU user time: 0.05 seconds. CPU system time: 0 seconds. Elapsed time: 0.05 seconds; current allocated memory: 615.219 MB.
INFO: [HLS 200-10] ----------------------------------------------------------------
INFO: [HLS 200-42] -- Implementing module 'branch_complete_event' 
INFO: [HLS 200-10] ----------------------------------------------------------------
INFO: [SCHED 204-11] Starting scheduling ...
INFO: [SCHED 204-11] Finished scheduling.
INFO: [HLS 200-111] Finished Scheduling: CPU user time: 0.06 seconds. CPU system time: 0.01 seconds. Elapsed time: 0.06 seconds; current allocated memory: 615.852 MB.
INFO: [BIND 205-100] Starting micro-architecture generation ...
INFO: [BIND 205-101] Performing variable lifetime analysis.
INFO: [BIND 205-101] Exploring resource sharing.
INFO: [BIND 205-101] Binding ...
INFO: [BIND 205-100] Finished micro-architecture generation.
INFO: [HLS 200-111] Finished Binding: CPU user time: 0.02 seconds. CPU system time: 0 seconds. Elapsed time: 0.02 seconds; current allocated memory: 615.852 MB.
INFO: [HLS 200-10] ----------------------------------------------------------------
INFO: [HLS 200-42] -- Implementing module 'service_pending' 
INFO: [HLS 200-10] ----------------------------------------------------------------
INFO: [SCHED 204-11] Starting scheduling ...
INFO: [SCHED 204-11] Finished scheduling.
INFO: [HLS 200-111] Finished Scheduling: CPU user time: 0.15 seconds. CPU system time: 0 seconds. Elapsed time: 0.16 seconds; current allocated memory: 619.188 MB.
INFO: [BIND 205-100] Starting micro-architecture generation ...
INFO: [BIND 205-101] Performing variable lifetime analysis.
INFO: [BIND 205-101] Exploring resource sharing.
INFO: [BIND 205-101] Binding ...
INFO: [BIND 205-100] Finished micro-architecture generation.
INFO: [HLS 200-111] Finished Binding: CPU user time: 0.22 seconds. CPU system time: 0 seconds. Elapsed time: 0.23 seconds; current allocated memory: 635.188 MB.
INFO: [HLS 200-10] ----------------------------------------------------------------
INFO: [HLS 200-42] -- Implementing module 'begin_completion_cycle' 
INFO: [HLS 200-10] ----------------------------------------------------------------
INFO: [SCHED 204-11] Starting scheduling ...
INFO: [SCHED 204-11] Finished scheduling.
INFO: [HLS 200-111] Finished Scheduling: CPU user time: 0.33 seconds. CPU system time: 0 seconds. Elapsed time: 0.33 seconds; current allocated memory: 635.188 MB.
INFO: [BIND 205-100] Starting micro-architecture generation ...
INFO: [BIND 205-101] Performing variable lifetime analysis.
INFO: [BIND 205-101] Exploring resource sharing.
INFO: [BIND 205-101] Binding ...
INFO: [BIND 205-100] Finished micro-architecture generation.
INFO: [HLS 200-111] Finished Binding: CPU user time: 0.18 seconds. CPU system time: 0 seconds. Elapsed time: 0.19 seconds; current allocated memory: 635.188 MB.
INFO: [HLS 200-10] ----------------------------------------------------------------
INFO: [HLS 200-42] -- Implementing module 'synth_completion_top' 
INFO: [HLS 200-10] ----------------------------------------------------------------
INFO: [SCHED 204-11] Starting scheduling ...
INFO: [SCHED 204-11] Finished scheduling.
INFO: [HLS 200-111] Finished Scheduling: CPU user time: 0.48 seconds. CPU system time: 0 seconds. Elapsed time: 0.47 seconds; current allocated memory: 635.801 MB.
INFO: [BIND 205-100] Starting micro-architecture generation ...
INFO: [BIND 205-101] Performing variable lifetime analysis.
INFO: [BIND 205-101] Exploring resource sharing.
INFO: [BIND 205-101] Binding ...
INFO: [BIND 205-100] Finished micro-architecture generation.
INFO: [HLS 200-111] Finished Binding: CPU user time: 0.2 seconds. CPU system time: 0.01 seconds. Elapsed time: 0.2 seconds; current allocated memory: 635.801 MB.
INFO: [HLS 200-10] ----------------------------------------------------------------
INFO: [HLS 200-10] -- Generating RTL for module 'completion_is_valid' 
INFO: [HLS 200-10] ----------------------------------------------------------------
INFO: [RTGEN 206-100] Finished creating RTL model for 'completion_is_valid'.
INFO: [HLS 200-111] Finished Creating RTL model: CPU user time: 0.4 seconds. CPU system time: 0 seconds. Elapsed time: 0.41 seconds; current allocated memory: 636.105 MB.
INFO: [HLS 200-10] ----------------------------------------------------------------
INFO: [HLS 200-10] -- Generating RTL for module 'clear_resolved_masks_in_state' 
INFO: [HLS 200-10] ----------------------------------------------------------------
INFO: [RTGEN 206-100] Generating core module 'mux_32_8_1_1': 4 instance(s).
INFO: [RTGEN 206-100] Finished creating RTL model for 'clear_resolved_masks_in_state'.
INFO: [HLS 200-111] Finished Creating RTL model: CPU user time: 0.15 seconds. CPU system time: 0 seconds. Elapsed time: 0.16 seconds; current allocated memory: 638.355 MB.
INFO: [HLS 200-10] ----------------------------------------------------------------
INFO: [HLS 200-10] -- Generating RTL for module 'branch_complete_event' 
INFO: [HLS 200-10] ----------------------------------------------------------------
INFO: [RTGEN 206-100] Finished creating RTL model for 'branch_complete_event'.
INFO: [HLS 200-111] Finished Creating RTL model: CPU user time: 0.13 seconds. CPU system time: 0.01 seconds. Elapsed time: 0.13 seconds; current allocated memory: 641.879 MB.
INFO: [HLS 200-10] ----------------------------------------------------------------
INFO: [HLS 200-10] -- Generating RTL for module 'service_pending' 
INFO: [HLS 200-10] ----------------------------------------------------------------
INFO: [RTGEN 206-100] Generating core module 'mux_42_1_1_1': 2 instance(s).
INFO: [RTGEN 206-100] Generating core module 'mux_42_2_1_1': 3 instance(s).
INFO: [RTGEN 206-100] Generating core module 'mux_42_32_1_1': 3 instance(s).
INFO: [RTGEN 206-100] Generating core module 'mux_42_3_1_1': 3 instance(s).
INFO: [RTGEN 206-100] Generating core module 'mux_42_64_1_1': 1 instance(s).
INFO: [RTGEN 206-100] Generating core module 'mux_42_8_1_1': 6 instance(s).
INFO: [RTGEN 206-100] Finished creating RTL model for 'service_pending'.
INFO: [HLS 200-111] Finished Creating RTL model: CPU user time: 0.14 seconds. CPU system time: 0 seconds. Elapsed time: 0.13 seconds; current allocated memory: 646.293 MB.
INFO: [HLS 200-10] ----------------------------------------------------------------
INFO: [HLS 200-10] -- Generating RTL for module 'begin_completion_cycle' 
INFO: [HLS 200-10] ----------------------------------------------------------------
INFO: [RTGEN 206-100] Generating core module 'mux_32_1_1_1': 5 instance(s).
INFO: [RTGEN 206-100] Generating core module 'mux_42_32_1_1': 2 instance(s).
INFO: [RTGEN 206-100] Generating core module 'mux_42_64_1_1': 1 instance(s).
INFO: [RTGEN 206-100] Generating core module 'mux_42_8_1_1': 8 instance(s).
INFO: [RTGEN 206-100] Finished creating RTL model for 'begin_completion_cycle'.
INFO: [HLS 200-111] Finished Creating RTL model: CPU user time: 0.51 seconds. CPU system time: 0.01 seconds. Elapsed time: 0.53 seconds; current allocated memory: 658.488 MB.
INFO: [HLS 200-10] ----------------------------------------------------------------
INFO: [HLS 200-10] -- Generating RTL for module 'synth_completion_top' 
INFO: [HLS 200-10] ----------------------------------------------------------------
INFO: [RTGEN 206-500] Setting interface mode on port 'synth_completion_top/seed_sources' to 'ap_none'.
INFO: [RTGEN 206-500] Setting interface mode on port 'synth_completion_top/seed_head' to 'ap_none'.
INFO: [RTGEN 206-500] Setting interface mode on port 'synth_completion_top/seed_value' to 'ap_none'.
INFO: [RTGEN 206-500] Setting interface mode on port 'synth_completion_top/observable' to 'ap_vld'.
INFO: [RTGEN 206-500] Setting interface mode on function 'synth_completion_top' to 'ap_ctrl_hs'.
WARNING: [RTGEN 206-101] Register 'guard_variable_for_synth_completion_top_unsigned_char_unsigned_char_unsigned_long_unsigned_long_state' is power-on initialization.
WARNING: [RTGEN 206-101] Register 'state_decode_dec_uops_branch_br_mask_0' is power-on initialization.
WARNING: [RTGEN 206-101] Register 'state_rename_dispatch_packets_uop_branch_br_mask_0' is power-on initialization.
WARNING: [RTGEN 206-101] Register 'state_completion_mem_execute_valid' is power-on initialization.
WARNING: [RTGEN 206-101] Register 'state_completion_mem_execute_kind' is power-on initialization.
WARNING: [RTGEN 206-101] Register 'state_completion_mem_execute_source' is power-on initialization.
WARNING: [RTGEN 206-101] Register 'state_completion_mem_execute_uop_branch_br_mask' is power-on initialization.
WARNING: [RTGEN 206-101] Register 'state_completion_mem_execute_uop_branch_br_tag' is power-on initialization.
WARNING: [RTGEN 206-101] Register 'state_completion_mem_execute_uop_queue_rob_idx' is power-on initialization.
WARNING: [RTGEN 206-101] Register 'state_completion_mem_execute_uop_queue_rob_allocation_id' is power-on initialization.
WARNING: [RTGEN 206-101] Register 'state_completion_mem_execute_uop_rename_pdst' is power-on initialization.
WARNING: [RTGEN 206-101] Register 'state_completion_mem_execute_writes_prf' is power-on initialization.
WARNING: [RTGEN 206-101] Register 'state_completion_mem_execute_value' is power-on initialization.
WARNING: [RTGEN 206-101] Register 'state_completion_int_execute_valid' is power-on initialization.
WARNING: [RTGEN 206-101] Register 'state_completion_int_execute_kind' is power-on initialization.
WARNING: [RTGEN 206-101] Register 'state_completion_int_execute_source' is power-on initialization.
WARNING: [RTGEN 206-101] Register 'state_completion_int_execute_uop_branch_br_mask' is power-on initialization.
WARNING: [RTGEN 206-101] Register 'state_completion_int_execute_uop_branch_br_tag' is power-on initialization.
WARNING: [RTGEN 206-101] Register 'state_completion_int_execute_uop_queue_rob_idx' is power-on initialization.
WARNING: [RTGEN 206-101] Register 'state_completion_int_execute_uop_queue_rob_allocation_id' is power-on initialization.
WARNING: [RTGEN 206-101] Register 'state_completion_int_execute_uop_rename_pdst' is power-on initialization.
WARNING: [RTGEN 206-101] Register 'state_completion_int_execute_writes_prf' is power-on initialization.
WARNING: [RTGEN 206-101] Register 'state_completion_int_execute_value' is power-on initialization.
WARNING: [RTGEN 206-101] Register 'state_completion_peak_completion_accepts' is power-on initialization.
WARNING: [RTGEN 206-101] Register 'state_completion_peak_rob_completes' is power-on initialization.
WARNING: [RTGEN 206-101] Register 'state_completion_peak_prf_writes' is power-on initialization.
WARNING: [RTGEN 206-101] Register 'state_completion_peak_wakeups' is power-on initialization.
WARNING: [RTGEN 206-101] Register 'state_completion_peak_bypass' is power-on initialization.
WARNING: [RTGEN 206-101] Register 'state_completion_total_completion_accepts' is power-on initialization.
WARNING: [RTGEN 206-101] Register 'state_completion_total_rob_completes' is power-on initialization.
WARNING: [RTGEN 206-101] Register 'state_completion_total_prf_writes' is power-on initialization.
WARNING: [RTGEN 206-101] Register 'state_completion_total_wakeups' is power-on initialization.
WARNING: [RTGEN 206-101] Register 'state_completion_total_bypass' is power-on initialization.
WARNING: [RTGEN 206-101] Register 'state_completion_writeback_conflicts' is power-on initialization.
WARNING: [RTGEN 206-101] Register 'state_completion_wakeup_conflicts' is power-on initialization.
WARNING: [RTGEN 206-101] Register 'state_completion_bypass_conflicts' is power-on initialization.
WARNING: [RTGEN 206-101] Register 'state_branch_state_active_mask' is power-on initialization.
WARNING: [RTGEN 206-101] Register 'state_branch_state_releases' is power-on initialization.
WARNING: [RTGEN 206-101] Register 'state_rob_head' is power-on initialization.
WARNING: [RTGEN 206-101] Register 'state_execute_alu_results_valid_0' is power-on initialization.
WARNING: [RTGEN 206-101] Register 'state_execute_alu_results_uop_branch_br_mask_0' is power-on initialization.
WARNING: [RTGEN 206-101] Register 'state_execute_alu_results_uop_branch_br_tag_0' is power-on initialization.
WARNING: [RTGEN 206-101] Register 'state_execute_alu_results_uop_branch_is_br_0' is power-on initialization.
WARNING: [RTGEN 206-101] Register 'state_execute_alu_results_uop_branch_is_jalr_0' is power-on initialization.
WARNING: [RTGEN 206-101] Register 'state_execute_alu_results_uop_branch_is_jal_0' is power-on initialization.
WARNING: [RTGEN 206-101] Register 'state_execute_alu_results_uop_queue_rob_idx_0' is power-on initialization.
WARNING: [RTGEN 206-101] Register 'state_execute_alu_results_uop_queue_rob_allocation_id_0' is power-on initialization.
WARNING: [RTGEN 206-101] Register 'state_execute_alu_results_uop_rename_pdst_0' is power-on initialization.
WARNING: [RTGEN 206-101] Register 'state_execute_alu_results_result_0' is power-on initialization.
WARNING: [RTGEN 206-101] Register 'state_execute_alu_results_valid_1' is power-on initialization.
WARNING: [RTGEN 206-101] Register 'state_execute_alu_results_uop_branch_br_mask_1' is power-on initialization.
WARNING: [RTGEN 206-101] Register 'state_execute_alu_results_uop_branch_br_tag_1' is power-on initialization.
WARNING: [RTGEN 206-101] Register 'state_execute_alu_results_uop_branch_is_br_1' is power-on initialization.
WARNING: [RTGEN 206-101] Register 'state_execute_alu_results_uop_branch_is_jalr_1' is power-on initialization.
WARNING: [RTGEN 206-101] Register 'state_execute_alu_results_uop_branch_is_jal_1' is power-on initialization.
WARNING: [RTGEN 206-101] Register 'state_execute_alu_results_uop_queue_rob_idx_1' is power-on initialization.
WARNING: [RTGEN 206-101] Register 'state_execute_alu_results_uop_queue_rob_allocation_id_1' is power-on initialization.
WARNING: [RTGEN 206-101] Register 'state_execute_alu_results_uop_rename_pdst_1' is power-on initialization.
WARNING: [RTGEN 206-101] Register 'state_execute_alu_results_result_1' is power-on initialization.
WARNING: [RTGEN 206-101] Register 'state_completion_completion_accepts_this_cycle' is power-on initialization.
WARNING: [RTGEN 206-101] Register 'state_completion_rob_completes_this_cycle' is power-on initialization.
WARNING: [RTGEN 206-101] Register 'state_completion_prf_writes_this_cycle' is power-on initialization.
WARNING: [RTGEN 206-101] Register 'state_execute_alu_results_uop_branch_br_mask_2' is power-on initialization.
WARNING: [RTGEN 206-101] Register 'state_completion_wakeup_sent_0' is power-on initialization.
WARNING: [RTGEN 206-101] Register 'state_completion_wakeup_sent_1' is power-on initialization.
WARNING: [RTGEN 206-101] Register 'state_completion_wakeup_sent_2' is power-on initialization.
WARNING: [RTGEN 206-101] Register 'state_completion_writebacks_valid_0' is power-on initialization.
WARNING: [RTGEN 206-101] Register 'state_completion_writebacks_valid_1' is power-on initialization.
WARNING: [RTGEN 206-101] Register 'state_completion_writebacks_pdst_0' is power-on initialization.
WARNING: [RTGEN 206-101] Register 'state_completion_writebacks_pdst_1' is power-on initialization.
WARNING: [RTGEN 206-101] Register 'state_completion_writebacks_value_0' is power-on initialization.
WARNING: [RTGEN 206-101] Register 'state_completion_writebacks_value_1' is power-on initialization.
WARNING: [RTGEN 206-101] Register 'state_issue_issued_uops_branch_br_mask_0' is power-on initialization.
WARNING: [RTGEN 206-101] Register 'state_issue_issued_uops_branch_br_mask_1' is power-on initialization.
WARNING: [RTGEN 206-101] Register 'state_issue_issued_uops_branch_br_mask_2' is power-on initialization.
WARNING: [RTGEN 206-101] Register 'state_completion_wakeups_branch_mask_0' is power-on initialization.
WARNING: [RTGEN 206-101] Register 'state_completion_wakeups_branch_mask_1' is power-on initialization.
WARNING: [RTGEN 206-101] Register 'state_completion_wakeups_branch_mask_2' is power-on initialization.
WARNING: [RTGEN 206-101] Register 'state_completion_bypass_branch_mask_0' is power-on initialization.
WARNING: [RTGEN 206-101] Register 'state_completion_bypass_branch_mask_1' is power-on initialization.
WARNING: [RTGEN 206-101] Register 'state_completion_bypass_branch_mask_2' is power-on initialization.
INFO: [RTGEN 206-100] Finished creating RTL model for 'synth_completion_top'.
INFO: [HLS 200-111] Finished Creating RTL model: CPU user time: 0.81 seconds. CPU system time: 0.01 seconds. Elapsed time: 0.82 seconds; current allocated memory: 670.605 MB.
INFO: [RTMG 210-278] Implementing memory 'synth_completion_top_state_issue_alu_iq_entries_uop_branch_br_mask_RAM_AUTO_1R1W_ram (RAM)' using auto RAMs with power-on initialization.
INFO: [RTMG 210-278] Implementing memory 'synth_completion_top_state_rob_entries_valid_RAM_AUTO_1R1W_ram (RAM)' using auto RAMs with power-on initialization.
INFO: [RTMG 210-278] Implementing memory 'synth_completion_top_state_rob_entries_busy_RAM_AUTO_1R1W_ram (RAM)' using auto RAMs with power-on initialization.
INFO: [RTMG 210-278] Implementing memory 'synth_completion_top_state_rob_entries_uop_branch_br_mask_RAM_AUTO_1R1W_ram (RAM)' using auto RAMs with power-on initialization.
INFO: [RTMG 210-278] Implementing memory 'synth_completion_top_state_rob_entries_uop_branch_br_tag_RAM_AUTO_1R1W_ram (RAM)' using auto RAMs with power-on initialization.
INFO: [RTMG 210-278] Implementing memory 'synth_completion_top_state_rob_entries_uop_queue_rob_idx_RAM_AUTO_1R1W_ram (RAM)' using auto RAMs with power-on initialization.
INFO: [RTMG 210-278] Implementing memory 'synth_completion_top_state_rob_entries_uop_queue_rob_allocation_id_RAM_AUTO_1R1W_ram (RAM)' using auto RAMs with power-on initialization.
INFO: [RTMG 210-278] Implementing memory 'synth_completion_top_state_int_rf_RAM_T2P_BRAM_1R1W_ram (RAM_T2P_BRAM)' using block RAMs with power-on initialization.
INFO: [HLS 200-111] Finished Generating all RTL models: CPU user time: 1.11 seconds. CPU system time: 0.03 seconds. Elapsed time: 1.13 seconds; current allocated memory: 682.137 MB.
INFO: [HLS 200-111] Finished Updating report files: CPU user time: 0.53 seconds. CPU system time: 0 seconds. Elapsed time: 0.54 seconds; current allocated memory: 688.574 MB.
INFO: [VHDL 208-304] Generating VHDL RTL for synth_completion_top.
INFO: [VLOG 209-307] Generating Verilog RTL for synth_completion_top.
INFO: [HLS 200-790] **** Loop Constraint Status: All loop constraints were satisfied.
INFO: [HLS 200-789] **** Estimated Fmax: 185.39 MHz
INFO: [HLS 200-111] Finished Command csynth_design CPU user time: 96.63 seconds. CPU system time: 1.22 seconds. Elapsed time: 97.35 seconds; current allocated memory: -663.781 MB.
INFO: [HLS 200-112] Total CPU user time: 97.99 seconds. Total CPU system time: 1.62 seconds. Total elapsed time: 98.43 seconds; peak allocated memory: 1.321 GB.
INFO: [Common 17-206] Exiting vitis_hls at Mon Aug  3 12:06:12 2026...
