#-----------------------------------------------------------
# xsim v2021.2 (64-bit)
# SW Build 3367213 on Tue Oct 19 02:47:39 MDT 2021
# IP Build 3369179 on Thu Oct 21 08:25:16 MDT 2021
# Start of session at: Wed Aug  5 16:29:48 2026
# Process ID: 32210
# Current directory: /home/lab_726/boom/hls_boom/build/gate4_1/m3b_full_core_rtl/xsim
# Command line: xsim -log /home/lab_726/boom/hls_boom/reports/gate4_1/m3/m3b/reset_rtl_49/logs/nested_branch_N4_NORMAL_NESTED_BRANCH.log -mode tcl -source {xsim.dir/gate3_9_snapshot/xsim_script.tcl}
# Log file: /home/lab_726/boom/hls_boom/reports/gate4_1/m3/m3b/reset_rtl_49/logs/nested_branch_N4_NORMAL_NESTED_BRANCH.log
# Journal file: /home/lab_726/boom/hls_boom/build/gate4_1/m3b_full_core_rtl/xsim/xsim.jou
# Running On: 726, OS: Linux, CPU Frequency: 5300.000 MHz, CPU Physical cores: 14, Host memory: 67148 MB
#-----------------------------------------------------------
source xsim.dir/gate3_9_snapshot/xsim_script.tcl
# xsim {gate3_9_snapshot} -testplusarg PROGRAM=/home/lab_726/boom/hls_boom/build/gate4_1/m3b_full_core_rtl/xsim/nested_branch.readmemh -testplusarg PROGRAM_NAME=nested_branch -testplusarg SCENARIO=N4_NORMAL_NESTED_BRANCH -testplusarg MAX_CYCLES=50000 -testplusarg TRACE=/home/lab_726/boom/hls_boom/reports/gate4_1/m3/m3b/reset_rtl_49/rtl_traces/nested_branch_N4_NORMAL_NESTED_BRANCH.jsonl -autoloadwcfg -runall -onerror quit
Time resolution is 1 ps
run -all
GATE3_8_IMEM program=/home/lab_726/boom/hls_boom/build/gate4_1/m3b_full_core_rtl/xsim/nested_branch.readmemh
GATE3_8_START scenario=N4_NORMAL_NESTED_BRANCH code=0 program=nested_branch max_cycles=50000
GATE3_8_PASS scenario=N4_NORMAL_NESTED_BRANCH cycles=29763 commits=14 resets=1 imem=15 dmem=1 loads=0 stores=1 tohost=0000000000000001
$finish called at time : 297675 ns : File "/home/lab_726/boom/hls_boom/rtl_tb/boom_core_rtl_tb.sv" Line 282
exit
INFO: [Common 17-206] Exiting xsim at Wed Aug  5 16:29:55 2026...
