#-----------------------------------------------------------
# xsim v2021.2 (64-bit)
# SW Build 3367213 on Tue Oct 19 02:47:39 MDT 2021
# IP Build 3369179 on Thu Oct 21 08:25:16 MDT 2021
# Start of session at: Wed Aug  5 16:25:08 2026
# Process ID: 29842
# Current directory: /home/lab_726/boom/hls_boom/build/gate4_1/m3b_full_core_rtl/xsim
# Command line: xsim -log /home/lab_726/boom/hls_boom/reports/gate4_1/m3/m3b/reset_rtl_49/logs/raw_chain_R2_RESET_ROB_NONEMPTY.log -mode tcl -source {xsim.dir/gate3_9_snapshot/xsim_script.tcl}
# Log file: /home/lab_726/boom/hls_boom/reports/gate4_1/m3/m3b/reset_rtl_49/logs/raw_chain_R2_RESET_ROB_NONEMPTY.log
# Journal file: /home/lab_726/boom/hls_boom/build/gate4_1/m3b_full_core_rtl/xsim/xsim.jou
# Running On: 726, OS: Linux, CPU Frequency: 3093.123 MHz, CPU Physical cores: 14, Host memory: 67148 MB
#-----------------------------------------------------------
source xsim.dir/gate3_9_snapshot/xsim_script.tcl
# xsim {gate3_9_snapshot} -testplusarg PROGRAM=/home/lab_726/boom/hls_boom/build/gate4_1/m3b_full_core_rtl/xsim/raw_chain.readmemh -testplusarg PROGRAM_NAME=raw_chain -testplusarg SCENARIO=R2_RESET_ROB_NONEMPTY -testplusarg MAX_CYCLES=50000 -testplusarg TRACE=/home/lab_726/boom/hls_boom/reports/gate4_1/m3/m3b/reset_rtl_49/rtl_traces/raw_chain_R2_RESET_ROB_NONEMPTY.jsonl -autoloadwcfg -runall -onerror quit
Time resolution is 1 ps
run -all
GATE3_8_IMEM program=/home/lab_726/boom/hls_boom/build/gate4_1/m3b_full_core_rtl/xsim/raw_chain.readmemh
GATE3_8_START scenario=R2_RESET_ROB_NONEMPTY code=2 program=raw_chain max_cycles=50000
GATE3_8_PASS scenario=R2_RESET_ROB_NONEMPTY cycles=26043 commits=12 resets=2 imem=14 dmem=1 loads=0 stores=1 tohost=0000000000000001
$finish called at time : 260475 ns : File "/home/lab_726/boom/hls_boom/rtl_tb/boom_core_rtl_tb.sv" Line 282
exit
INFO: [Common 17-206] Exiting xsim at Wed Aug  5 16:25:14 2026...
