#-----------------------------------------------------------
# xsim v2021.2 (64-bit)
# SW Build 3367213 on Tue Oct 19 02:47:39 MDT 2021
# IP Build 3369179 on Thu Oct 21 08:25:16 MDT 2021
# Start of session at: Wed Aug  5 16:28:41 2026
# Process ID: 31616
# Current directory: /home/lab_726/boom/hls_boom/build/gate4_1/m3b_full_core_rtl/xsim
# Command line: xsim -log /home/lab_726/boom/hls_boom/reports/gate4_1/m3/m3b/reset_rtl_49/logs/tohost_P2_RESET_AND_STORE_ACCEPT.log -mode tcl -source {xsim.dir/gate3_9_snapshot/xsim_script.tcl}
# Log file: /home/lab_726/boom/hls_boom/reports/gate4_1/m3/m3b/reset_rtl_49/logs/tohost_P2_RESET_AND_STORE_ACCEPT.log
# Journal file: /home/lab_726/boom/hls_boom/build/gate4_1/m3b_full_core_rtl/xsim/xsim.jou
# Running On: 726, OS: Linux, CPU Frequency: 4681.900 MHz, CPU Physical cores: 14, Host memory: 67148 MB
#-----------------------------------------------------------
source xsim.dir/gate3_9_snapshot/xsim_script.tcl
# xsim {gate3_9_snapshot} -testplusarg PROGRAM=/home/lab_726/boom/hls_boom/build/gate4_1/m3b_full_core_rtl/xsim/tohost.readmemh -testplusarg PROGRAM_NAME=tohost -testplusarg SCENARIO=P2_RESET_AND_STORE_ACCEPT -testplusarg MAX_CYCLES=50000 -testplusarg TRACE=/home/lab_726/boom/hls_boom/reports/gate4_1/m3/m3b/reset_rtl_49/rtl_traces/tohost_P2_RESET_AND_STORE_ACCEPT.jsonl -autoloadwcfg -runall -onerror quit
Time resolution is 1 ps
run -all
GATE3_8_IMEM program=/home/lab_726/boom/hls_boom/build/gate4_1/m3b_full_core_rtl/xsim/tohost.readmemh
GATE3_8_START scenario=P2_RESET_AND_STORE_ACCEPT code=42 program=tohost max_cycles=50000
GATE3_8_PASS scenario=P2_RESET_AND_STORE_ACCEPT cycles=30034 commits=13 resets=2 imem=15 dmem=1 loads=0 stores=1 tohost=0000000000000001
$finish called at time : 300385 ns : File "/home/lab_726/boom/hls_boom/rtl_tb/boom_core_rtl_tb.sv" Line 282
exit
INFO: [Common 17-206] Exiting xsim at Wed Aug  5 16:28:48 2026...
