
****** Vitis HLS - High-Level Synthesis from C, C++ and OpenCL v2021.2 (64-bit)
  **** SW Build 3367213 on Tue Oct 19 02:47:39 MDT 2021
  **** IP Build 3369179 on Thu Oct 21 08:25:16 MDT 2021
    ** Copyright 1986-2021 Xilinx, Inc. All Rights Reserved.

source /home/lab_726/Xilinx/Vitis_HLS/2021.2/scripts/vitis_hls/hls.tcl -notrace
INFO: [HLS 200-10] Running '/home/lab_726/Xilinx/Vitis_HLS/2021.2/bin/unwrapped/lnx64.o/vitis_hls'
INFO: [HLS 200-10] For user 'lab_726' on host '726' (Linux_x86_64 version 6.8.0-136-generic) on Wed Aug 05 22:54:13 CST 2026
INFO: [HLS 200-10] On os Ubuntu 22.04.5 LTS
INFO: [HLS 200-10] In directory '/home/lab_726/boom/hls_boom'
Sourcing Tcl script '/home/lab_726/boom/hls_boom/scripts/module_csynth.tcl'
INFO: [HLS 200-1510] Running: open_project -reset boom_hls_gate5_1_frontend_synth_frontend_top
INFO: [HLS 200-10] Creating and opening project '/home/lab_726/boom/hls_boom/boom_hls_gate5_1_frontend_synth_frontend_top'.
INFO: [HLS 200-1510] Running: set_top synth_frontend_top
INFO: [HLS 200-1510] Running: add_files -cflags -std=c++11 -I/home/lab_726/boom/hls_boom/include  /home/lab_726/boom/hls_boom/src/boom_core_merged.cpp
INFO: [HLS 200-10] Adding design file '/home/lab_726/boom/hls_boom/src/boom_core_merged.cpp' to the project
INFO: [HLS 200-1510] Running: open_solution -reset solution_module
INFO: [HLS 200-10] Creating and opening solution '/home/lab_726/boom/hls_boom/boom_hls_gate5_1_frontend_synth_frontend_top/solution_module'.
INFO: [HLS 200-10] Cleaning up the solution database.
WARNING: [HLS 200-40] No /home/lab_726/boom/hls_boom/boom_hls_gate5_1_frontend_synth_frontend_top/solution_module/solution_module.aps file found.
INFO: [HLS 200-1505] Using default flow_target 'vivado'
Resolution: For help on HLS 200-1505 see www.xilinx.com/cgi-bin/docs/rdoc?v=2021.2;t=hls+guidance;d=200-1505.html
INFO: [HLS 200-1510] Running: set_part xczu7ev-ffvc1156-2-e
INFO: [HLS 200-1611] Setting target device to 'xczu7ev-ffvc1156-2-e'
INFO: [HLS 200-1510] Running: create_clock -period 10 -name default
INFO: [SYN 201-201] Setting up clock 'default' with a period of 10ns.
INFO: [HLS 200-1510] Running: config_compile -pipeline_loops 0
INFO: [XFORM 203-1171] Pipeline the innermost loop with trip count more than 0 or its parent loop when its trip count is less than or equal 0.
INFO: [HLS 200-1510] Running: csynth_design
INFO: [HLS 200-111] Finished File checks and directory preparation: CPU user time: 0 seconds. CPU system time: 0 seconds. Elapsed time: 0.01 seconds; current allocated memory: 1.321 GB.
INFO: [HLS 200-10] Analyzing design file '/home/lab_726/boom/hls_boom/src/boom_core_merged.cpp' ...
INFO: [HLS 200-111] Finished Source Code Analysis and Preprocessing: CPU user time: 2.52 seconds. CPU system time: 0.33 seconds. Elapsed time: 2.29 seconds; current allocated memory: 419.117 MB.
INFO: [HLS 200-777] Using interface defaults for 'Vivado' flow target.
INFO: [HLS 214-284] Auto array partition mode is set into default.
INFO: [HLS 214-178] Inlining function 'MicroOp::MicroOp() (.11.14.36)' into 'FrontendState::FrontendState()' (/home/lab_726/boom/hls_boom/include/boom_state.hpp:31:0)
INFO: [HLS 214-178] Inlining function 'MicroOp::MicroOp() (.11.14.36)' into 'DecodeState::DecodeState()' (/home/lab_726/boom/hls_boom/include/boom_state.hpp:37:0)
INFO: [HLS 214-178] Inlining function 'MicroOp::MicroOp() (.11.14.36)' into 'RenameDispatchPacket::RenameDispatchPacket()' (/home/lab_726/boom/hls_boom/include/boom_state.hpp:78:0)
INFO: [HLS 214-178] Inlining function 'RenameMapTableState::RenameMapTableState()' into 'RenameState::RenameState()' (/home/lab_726/boom/hls_boom/include/boom_state.hpp:81:0)
INFO: [HLS 214-178] Inlining function 'RenameFreeListState::RenameFreeListState()' into 'RenameState::RenameState()' (/home/lab_726/boom/hls_boom/include/boom_state.hpp:81:0)
INFO: [HLS 214-178] Inlining function 'RenameDispatchPacket::RenameDispatchPacket()' into 'RenameState::RenameState()' (/home/lab_726/boom/hls_boom/include/boom_state.hpp:81:0)
INFO: [HLS 214-178] Inlining function 'MicroOp::MicroOp() (.11.14.36)' into 'IssueSlotEntry::IssueSlotEntry()' (/home/lab_726/boom/hls_boom/include/boom_types.hpp:179:0)
INFO: [HLS 214-178] Inlining function 'IssueSlotEntry::IssueSlotEntry()' into 'IssueQueueState::IssueQueueState()' (/home/lab_726/boom/hls_boom/include/boom_state.hpp:90:0)
INFO: [HLS 214-178] Inlining function 'MicroOp::MicroOp() (.11.14.36)' into 'IssueGrant::IssueGrant()' (/home/lab_726/boom/hls_boom/include/boom_types.hpp:155:0)
INFO: [HLS 214-178] Inlining function 'IssueGrant::IssueGrant()' into 'IssueState::IssueState()' (/home/lab_726/boom/hls_boom/include/boom_state.hpp:109:0)
INFO: [HLS 214-178] Inlining function 'MicroOp::MicroOp() (.11.14.36)' into 'IssueState::IssueState()' (/home/lab_726/boom/hls_boom/include/boom_state.hpp:109:0)
INFO: [HLS 214-178] Inlining function 'MicroOp::MicroOp() (.11.14.36)' into 'ExecuteState::AluResult::AluResult()' (/home/lab_726/boom/hls_boom/include/boom_state.hpp:142:0)
INFO: [HLS 214-178] Inlining function 'boom::divider_reset(boom::DividerState&)' into 'boom::DividerState::DividerState()' (/home/lab_726/boom/hls_boom/src/boom_core_merged.cpp:1807:0)
INFO: [HLS 214-178] Inlining function 'boom::DividerState::DividerState()' into 'DividerExecutionState::DividerExecutionState()' (/home/lab_726/boom/hls_boom/include/boom_state.hpp:128:0)
INFO: [HLS 214-178] Inlining function 'MicroOp::MicroOp() (.11.14.36)' into 'DividerExecutionState::DividerExecutionState()' (/home/lab_726/boom/hls_boom/include/boom_state.hpp:128:0)
INFO: [HLS 214-178] Inlining function 'ExecuteState::AluResult::AluResult()' into 'ExecuteState::ExecuteState()' (/home/lab_726/boom/hls_boom/include/boom_state.hpp:146:0)
INFO: [HLS 214-178] Inlining function 'MicroOp::MicroOp() (.11.14.36)' into 'RobEntry::RobEntry()' (/home/lab_726/boom/hls_boom/include/boom_types.hpp:170:0)
INFO: [HLS 214-178] Inlining function 'CommitEntry::CommitEntry()' into 'RobInternalState::RobInternalState()' (/home/lab_726/boom/hls_boom/include/boom_state.hpp:160:0)
INFO: [HLS 214-178] Inlining function 'StoreQueueEntry::StoreQueueEntry()' into 'LsuState::LsuState()' (/home/lab_726/boom/hls_boom/include/boom_state.hpp:203:0)
INFO: [HLS 214-178] Inlining function 'LoadQueueEntry::LoadQueueEntry()' into 'LsuState::LsuState()' (/home/lab_726/boom/hls_boom/include/boom_state.hpp:203:0)
INFO: [HLS 214-178] Inlining function 'MicroOp::MicroOp() (.11.14.36)' into 'RobCompleteEvent::RobCompleteEvent()' (/home/lab_726/boom/hls_boom/include/boom_types.hpp:108:0)
INFO: [HLS 214-178] Inlining function 'WritebackEvent::WritebackEvent()' into 'CompletionPendingState::CompletionPendingState()' (/home/lab_726/boom/hls_boom/include/boom_state.hpp:243:0)
INFO: [HLS 214-178] Inlining function 'WakeupEvent::WakeupEvent()' into 'CompletionPendingState::CompletionPendingState()' (/home/lab_726/boom/hls_boom/include/boom_state.hpp:243:0)
INFO: [HLS 214-178] Inlining function 'BypassEvent::BypassEvent()' into 'CompletionPendingState::CompletionPendingState()' (/home/lab_726/boom/hls_boom/include/boom_state.hpp:243:0)
INFO: [HLS 214-178] Inlining function 'MicroOp::MicroOp() (.11.14.36)' into 'BranchUpdate::BranchUpdate()' (/home/lab_726/boom/hls_boom/include/boom_types.hpp:188:0)
INFO: [HLS 214-178] Inlining function 'CsrState::CsrState()' into 'BoomCoreState::BoomCoreState()' (/home/lab_726/boom/hls_boom/include/boom_state.hpp:276:0)
INFO: [HLS 214-178] Inlining function 'LsuState::LsuState()' into 'BoomCoreState::BoomCoreState()' (/home/lab_726/boom/hls_boom/include/boom_state.hpp:276:0)
INFO: [HLS 214-178] Inlining function 'BranchRecoveryState::BranchRecoveryState()' into 'BoomCoreState::BoomCoreState()' (/home/lab_726/boom/hls_boom/include/boom_state.hpp:276:0)
INFO: [HLS 214-178] Inlining function 'BranchUpdate::BranchUpdate()' into 'BoomCoreState::BoomCoreState()' (/home/lab_726/boom/hls_boom/include/boom_state.hpp:276:0)
INFO: [HLS 214-178] Inlining function 'FrontendRedirect::FrontendRedirect()' into 'BoomCoreState::BoomCoreState()' (/home/lab_726/boom/hls_boom/include/boom_state.hpp:276:0)
INFO: [HLS 214-178] Inlining function 'boom::architectural_redirect_owner_valid(BoomCoreState const&)' into 'boom::frontend_module(BoomCoreState&, PipeSignals&)' (/home/lab_726/boom/hls_boom/src/boom_core_merged.cpp:36:0)
INFO: [HLS 214-178] Inlining function 'ImemResponse::ImemResponse()' into 'boom::frontend_module(BoomCoreState&, PipeSignals&)' (/home/lab_726/boom/hls_boom/src/boom_core_merged.cpp:36:0)
INFO: [HLS 214-178] Inlining function 'ImemRequest::ImemRequest()' into 'boom::frontend_module(BoomCoreState&, PipeSignals&)' (/home/lab_726/boom/hls_boom/src/boom_core_merged.cpp:36:0)
INFO: [HLS 214-178] Inlining function 'ImemResponse::ImemResponse()' into 'synth_frontend_top(hls::stream<ImemRequest, 0>&, hls::stream<ImemResponse, 0>&, unsigned long, unsigned long&)' (/home/lab_726/boom/hls_boom/src/boom_core_merged.cpp:3335:0)
INFO: [HLS 214-178] Inlining function 'ImemRequest::ImemRequest()' into 'synth_frontend_top(hls::stream<ImemRequest, 0>&, hls::stream<ImemResponse, 0>&, unsigned long, unsigned long&)' (/home/lab_726/boom/hls_boom/src/boom_core_merged.cpp:3335:0)
INFO: [HLS 214-241] Aggregating fifo (hls::stream) variable 'pipe.0' with compact=bit mode in 129-bits (/home/lab_726/boom/hls_boom/src/boom_core_merged.cpp:3338:17)
INFO: [HLS 214-241] Aggregating fifo (hls::stream) variable 'pipe.1' with compact=bit mode in 225-bits (/home/lab_726/boom/hls_boom/src/boom_core_merged.cpp:3338:17)
INFO: [HLS 214-241] Aggregating fifo (hls::stream) variable 'imem_resp_in' with compact=bit mode in 225-bits (/home/lab_726/boom/hls_boom/src/boom_core_merged.cpp:3335:0)
INFO: [HLS 214-241] Aggregating fifo (hls::stream) variable 'imem_req_out' with compact=bit mode in 129-bits (/home/lab_726/boom/hls_boom/src/boom_core_merged.cpp:3335:0)
INFO: [HLS 214-270] Starting automatic array partition analysis...
INFO: [HLS 214-131] Inlining function '_llvm.fpga.pack.none.i256.sl_i64i32i32i32i1i64s' into '_llvm.fpga.unpack.bits.s_struct.ImemResponses.i225.1'
INFO: [HLS 214-131] Inlining function '_llvm.fpga.unpack.bits.s_struct.ImemResponses.i225.1' into 'boom::frontend_module(BoomCoreState&, PipeSignals&) (.1)' (/home/lab_726/Xilinx/Vitis_HLS/2021.2/common/technology/autopilot/hls_stream_39.h:144:9)
INFO: [HLS 214-131] Inlining function '_llvm.fpga.pack.bits.i129.s_struct.ImemRequests.1' into 'boom::frontend_module(BoomCoreState&, PipeSignals&) (.1)' (/home/lab_726/Xilinx/Vitis_HLS/2021.2/common/technology/autopilot/hls_stream_39.h:173:9)
INFO: [HLS 214-131] Inlining function '_llvm.fpga.pack.none.i192.s_struct.ImemRequests' into 'boom::frontend_module(BoomCoreState&, PipeSignals&) (.1)' (/home/lab_726/Xilinx/Vitis_HLS/2021.2/common/technology/autopilot/hls_stream_39.h:173:9)
INFO: [HLS 214-131] Inlining function '_llvm.fpga.unpack.bits.s_struct.ImemResponses.i225.1' into 'synth_frontend_top(hls::stream<ImemRequest, 0>&, hls::stream<ImemResponse, 0>&, unsigned long, unsigned long&)' (/home/lab_726/Xilinx/Vitis_HLS/2021.2/common/technology/autopilot/hls_stream_39.h:144:9)
INFO: [HLS 214-131] Inlining function '_llvm.fpga.pack.none.i256.s_struct.ImemResponses' into 'synth_frontend_top(hls::stream<ImemRequest, 0>&, hls::stream<ImemResponse, 0>&, unsigned long, unsigned long&)' (/home/lab_726/Xilinx/Vitis_HLS/2021.2/common/technology/autopilot/hls_stream_39.h:173:9)
INFO: [HLS 214-131] Inlining function '_llvm.fpga.pack.bits.i225.s_struct.ImemResponses.1' into 'synth_frontend_top(hls::stream<ImemRequest, 0>&, hls::stream<ImemResponse, 0>&, unsigned long, unsigned long&)' (/home/lab_726/Xilinx/Vitis_HLS/2021.2/common/technology/autopilot/hls_stream_39.h:173:9)
INFO: [HLS 200-111] Finished Compiling Optimization and Transform: CPU user time: 33.94 seconds. CPU system time: 0.3 seconds. Elapsed time: 34.26 seconds; current allocated memory: 432.113 MB.
INFO: [HLS 200-111] Finished Checking Pragmas: CPU user time: 0 seconds. CPU system time: 0 seconds. Elapsed time: 0 seconds; current allocated memory: 432.113 MB.
INFO: [HLS 200-10] Starting code transformations ...
INFO: [HLS 200-111] Finished Standard Transforms: CPU user time: 0.11 seconds. CPU system time: 0 seconds. Elapsed time: 0.11 seconds; current allocated memory: 445.773 MB.
INFO: [HLS 200-10] Checking synthesizability ...
INFO: [HLS 200-111] Finished Checking Synthesizability: CPU user time: 0.03 seconds. CPU system time: 0 seconds. Elapsed time: 0.04 seconds; current allocated memory: 446.727 MB.
INFO: [XFORM 203-102] Partitioning array 'state.rename.dispatch_packets.valid' automatically.
INFO: [XFORM 203-102] Partitioning array 'state.decode.dec_valids' automatically.
WARNING: [HLS 200-805] An internal stream 'pipe.0' with default size can result in deadlock. Please consider resizing the stream using the directive 'set_directive_stream' or the 'HLS stream' pragma.
WARNING: [HLS 200-805] An internal stream 'pipe.1' with default size can result in deadlock. Please consider resizing the stream using the directive 'set_directive_stream' or the 'HLS stream' pragma.
INFO: [XFORM 203-11] Balancing expressions in function 'boom::frontend_module' (/home/lab_726/boom/hls_boom/src/boom_core_merged.cpp:39:1)...3 expression(s) balanced.
INFO: [HLS 200-111] Finished Loop, function and other optimizations: CPU user time: 0.06 seconds. CPU system time: 0.01 seconds. Elapsed time: 0.06 seconds; current allocated memory: 472.504 MB.
INFO: [HLS 200-111] Finished Architecture Synthesis: CPU user time: 0.03 seconds. CPU system time: 0 seconds. Elapsed time: 0.03 seconds; current allocated memory: 472.504 MB.
INFO: [HLS 200-10] Starting hardware synthesis ...
INFO: [HLS 200-10] Synthesizing 'synth_frontend_top' ...
INFO: [HLS 200-10] ----------------------------------------------------------------
INFO: [HLS 200-42] -- Implementing module 'frontend_module'
INFO: [HLS 200-10] ----------------------------------------------------------------
INFO: [SCHED 204-11] Starting scheduling ...
INFO: [SCHED 204-11] Finished scheduling.
INFO: [HLS 200-111] Finished Scheduling: CPU user time: 0.03 seconds. CPU system time: 0.01 seconds. Elapsed time: 0.04 seconds; current allocated memory: 473.035 MB.
INFO: [BIND 205-100] Starting micro-architecture generation ...
INFO: [BIND 205-101] Performing variable lifetime analysis.
INFO: [BIND 205-101] Exploring resource sharing.
INFO: [BIND 205-101] Binding ...
INFO: [BIND 205-100] Finished micro-architecture generation.
INFO: [HLS 200-111] Finished Binding: CPU user time: 0.02 seconds. CPU system time: 0 seconds. Elapsed time: 0.01 seconds; current allocated memory: 473.035 MB.
INFO: [HLS 200-10] ----------------------------------------------------------------
INFO: [HLS 200-42] -- Implementing module 'synth_frontend_top'
INFO: [HLS 200-10] ----------------------------------------------------------------
INFO: [SCHED 204-11] Starting scheduling ...
INFO: [SCHED 204-11] Finished scheduling.
INFO: [HLS 200-111] Finished Scheduling: CPU user time: 0.02 seconds. CPU system time: 0 seconds. Elapsed time: 0.03 seconds; current allocated memory: 473.992 MB.
INFO: [BIND 205-100] Starting micro-architecture generation ...
INFO: [BIND 205-101] Performing variable lifetime analysis.
INFO: [BIND 205-101] Exploring resource sharing.
INFO: [BIND 205-101] Binding ...
INFO: [BIND 205-100] Finished micro-architecture generation.
INFO: [HLS 200-111] Finished Binding: CPU user time: 0.01 seconds. CPU system time: 0 seconds. Elapsed time: 0.01 seconds; current allocated memory: 473.992 MB.
INFO: [HLS 200-10] ----------------------------------------------------------------
INFO: [HLS 200-10] -- Generating RTL for module 'frontend_module'
INFO: [HLS 200-10] ----------------------------------------------------------------
WARNING: [RTGEN 206-101] Register 'state_frontend_reset_done' is power-on initialization.
WARNING: [RTGEN 206-101] Register 'state_frontend_fetch_id' is power-on initialization.
WARNING: [RTGEN 206-101] Register 'state_frontend_epoch' is power-on initialization.
WARNING: [RTGEN 206-101] Register 'state_frontend_request_sent' is power-on initialization.
WARNING: [RTGEN 206-101] Register 'state_frontend_response_received' is power-on initialization.
WARNING: [RTGEN 206-101] Register 'state_frontend_fetch_packet_valid' is power-on initialization.
WARNING: [RTGEN 206-101] Register 'state_frontend_pending_fetch_id' is power-on initialization.
WARNING: [RTGEN 206-101] Register 'state_frontend_pending_epoch' is power-on initialization.
WARNING: [RTGEN 206-101] Register 'state_frontend_pending_address' is power-on initialization.
WARNING: [RTGEN 206-101] Register 'state_frontend_resp_address' is power-on initialization.
INFO: [RTGEN 206-100] Finished creating RTL model for 'frontend_module'.
INFO: [HLS 200-111] Finished Creating RTL model: CPU user time: 0.03 seconds. CPU system time: 0.01 seconds. Elapsed time: 0.02 seconds; current allocated memory: 473.992 MB.
INFO: [HLS 200-10] ----------------------------------------------------------------
INFO: [HLS 200-10] -- Generating RTL for module 'synth_frontend_top'
INFO: [HLS 200-10] ----------------------------------------------------------------
INFO: [RTGEN 206-500] Setting interface mode on port 'synth_frontend_top/imem_req_out' to 'ap_fifo'.
INFO: [RTGEN 206-500] Setting interface mode on port 'synth_frontend_top/imem_resp_in' to 'ap_fifo'.
INFO: [RTGEN 206-500] Setting interface mode on port 'synth_frontend_top/seed' to 'ap_none'.
INFO: [RTGEN 206-500] Setting interface mode on port 'synth_frontend_top/observable' to 'ap_vld'.
INFO: [RTGEN 206-500] Setting interface mode on function 'synth_frontend_top' to 'ap_ctrl_hs'.
WARNING: [RTGEN 206-101] Register 'state_frontend_pc' is power-on initialization.
INFO: [RTGEN 206-100] Finished creating RTL model for 'synth_frontend_top'.
INFO: [HLS 200-111] Finished Creating RTL model: CPU user time: 0.05 seconds. CPU system time: 0 seconds. Elapsed time: 0.06 seconds; current allocated memory: 475.656 MB.
INFO: [RTMG 210-285] Implementing FIFO 'pipe_0_U(synth_frontend_top_fifo_w129_d2_S)' using Shift Registers.
INFO: [RTMG 210-285] Implementing FIFO 'pipe_1_U(synth_frontend_top_fifo_w225_d2_S)' using Shift Registers.
INFO: [HLS 200-111] Finished Generating all RTL models: CPU user time: 0.13 seconds. CPU system time: 0 seconds. Elapsed time: 0.13 seconds; current allocated memory: 479.469 MB.
INFO: [HLS 200-111] Finished Updating report files: CPU user time: 0.16 seconds. CPU system time: 0 seconds. Elapsed time: 0.17 seconds; current allocated memory: 479.469 MB.
INFO: [VHDL 208-304] Generating VHDL RTL for synth_frontend_top.
INFO: [VLOG 209-307] Generating Verilog RTL for synth_frontend_top.
INFO: [HLS 200-789] **** Estimated Fmax: 179.57 MHz
INFO: [HLS 200-111] Finished Command csynth_design CPU user time: 37.15 seconds. CPU system time: 0.66 seconds. Elapsed time: 37.28 seconds; current allocated memory: -873.113 MB.
INFO: [HLS 200-112] Total CPU user time: 38.48 seconds. Total CPU system time: 1.09 seconds. Total elapsed time: 38.37 seconds; peak allocated memory: 1.321 GB.
INFO: [Common 17-206] Exiting vitis_hls at Wed Aug  5 22:54:52 2026...
