

================================================================
== Vitis HLS Report for 'rob_allocate'
================================================================
* Date:           Fri Jul 31 19:21:41 2026

* Version:        2021.2 (Build 3367213 on Tue Oct 19 02:47:39 MDT 2021)
* Project:        synth_rob_top
* Solution:       solution_w3_csynth (Vivado IP Flow Target)
* Product family: zynquplus
* Target device:  xczu7ev-ffvc1156-2-e


================================================================
== Performance Estimates
================================================================
+ Timing: 
    * Summary: 
    +--------+----------+----------+------------+
    |  Clock |  Target  | Estimated| Uncertainty|
    +--------+----------+----------+------------+
    |ap_clk  |  10.00 ns|  1.829 ns|     2.70 ns|
    +--------+----------+----------+------------+

+ Latency: 
    * Summary: 
    +---------+---------+----------+----------+-----+-----+---------+
    |  Latency (cycles) |  Latency (absolute) |  Interval | Pipeline|
    |   min   |   max   |    min   |    max   | min | max |   Type  |
    +---------+---------+----------+----------+-----+-----+---------+
    |        0|        0|      0 ns|      0 ns|    0|    0|       no|
    +---------+---------+----------+----------+-----+-----+---------+

    + Detail: 
        * Instance: 
        N/A

        * Loop: 
        N/A



================================================================
== Utilization Estimates
================================================================
* Summary: 
+-----------------+---------+------+--------+--------+-----+
|       Name      | BRAM_18K|  DSP |   FF   |   LUT  | URAM|
+-----------------+---------+------+--------+--------+-----+
|DSP              |        -|     -|       -|       -|    -|
|Expression       |        -|     -|       0|     130|    -|
|FIFO             |        -|     -|       -|       -|    -|
|Instance         |        -|     -|       -|       -|    -|
|Memory           |        -|     -|       -|       -|    -|
|Multiplexer      |        -|     -|       -|       -|    -|
|Register         |        -|     -|      41|       -|    -|
+-----------------+---------+------+--------+--------+-----+
|Total            |        0|     0|      41|     130|    0|
+-----------------+---------+------+--------+--------+-----+
|Available        |      624|  1728|  460800|  230400|   96|
+-----------------+---------+------+--------+--------+-----+
|Utilization (%)  |        0|     0|      ~0|      ~0|    0|
+-----------------+---------+------+--------+--------+-----+

+ Detail: 
    * Instance: 
    N/A

    * DSP: 
    N/A

    * Memory: 
    N/A

    * FIFO: 
    N/A

    * Expression: 
    +-----------------------+----------+----+---+----+------------+------------+
    |     Variable Name     | Operation| DSP| FF| LUT| Bitwidth P0| Bitwidth P1|
    +-----------------------+----------+----+---+----+------------+------------+
    |add_ln537_fu_72_p2     |         +|   0|  0|  39|          32|           1|
    |add_ln548_fu_104_p2    |         +|   0|  0|  12|           5|           1|
    |icmp_ln533_fu_48_p2    |      icmp|   0|  0|   9|           5|           1|
    |icmp_ln536_fu_62_p2    |      icmp|   0|  0|   9|           5|           1|
    |icmp_ln538_fu_78_p2    |      icmp|   0|  0|  20|          32|           1|
    |icmp_ln549_fu_116_p2   |      icmp|   0|  0|   9|           5|           1|
    |select_ln538_fu_84_p3  |    select|   0|  0|  32|           1|           2|
    +-----------------------+----------+----+---+----+------------+------------+
    |Total                  |          |   0|  0| 130|          85|           8|
    +-----------------------+----------+----+---+----+------------+------------+

    * Multiplexer: 
    N/A

    * Register: 
    +-----------------------------------------------+----+----+-----+-----------+
    |                      Name                     | FF | LUT| Bits| Const Bits|
    +-----------------------------------------------+----+----+-----+-----------+
    |ap_CS_fsm                                      |   1|   0|    1|          0|
    |state_rename_dispatch_packets_rob_allocated_0  |   1|   0|    1|          0|
    |state_rob_maybe_full                           |   1|   0|    1|          0|
    |state_rob_next_allocation_id                   |  32|   0|   32|          0|
    |state_rob_state                                |   1|   0|    1|          0|
    |state_rob_tail                                 |   5|   0|    5|          0|
    +-----------------------------------------------+----+----+-----+-----------+
    |Total                                          |  41|   0|   41|          0|
    +-----------------------------------------------+----+----+-----+-----------+



================================================================
== Interface
================================================================
* Summary: 
+------------------------------------------+-----+-----+------------+------------------------------------------+--------------+
|                 RTL Ports                | Dir | Bits|  Protocol  |               Source Object              |    C Type    |
+------------------------------------------+-----+-----+------------+------------------------------------------+--------------+
|ap_clk                                    |   in|    1|  ap_ctrl_hs|                              rob_allocate|  return value|
|ap_rst                                    |   in|    1|  ap_ctrl_hs|                              rob_allocate|  return value|
|ap_start                                  |   in|    1|  ap_ctrl_hs|                              rob_allocate|  return value|
|ap_done                                   |  out|    1|  ap_ctrl_hs|                              rob_allocate|  return value|
|ap_idle                                   |  out|    1|  ap_ctrl_hs|                              rob_allocate|  return value|
|ap_ready                                  |  out|    1|  ap_ctrl_hs|                              rob_allocate|  return value|
|state_rename_dispatch_packets_valid_0     |   in|    1|     ap_none|     state_rename_dispatch_packets_valid_0|       pointer|
|state_rename_dispatch_packets_uop_uopc_0  |   in|    5|     ap_none|  state_rename_dispatch_packets_uop_uopc_0|       pointer|
+------------------------------------------+-----+-----+------------+------------------------------------------+--------------+

============================================================
+ Verbose Summary: Synthesis Manager
============================================================
InlineROM: 1
ExposeGlobal: 0
============================================================
+ Verbose Summary: CDFG Model
============================================================
IsTopModel: 0
ResetActiveHigh: 1
IsCombinational: 2
IsDatapathOnly: 2
HasWiredReturn: 1
HasMFsm: 0
HasVarLatency: 0
IsPipeline: 0
IsRtlPipelined: 0
IsInstanceOverlapped: 0
IsDontTouch: 0
HasImplIP: 0
IsGatedGlobalClock: 0


============================================================
+ Verbose Summary: Schedule
============================================================
* Number of FSM states : 1
* Pipeline : 0
* Dataflow Pipeline: 0

* FSM state transitions: 
1 --> 

* FSM state operations: 

State 1 <SV = 0> <Delay = 1.82>
ST_1 : Operation 2 [1/1] (0.00ns)   --->   "%state_rob_state_load = load i1 %state_rob_state" [/home/lab_726/boom/hls_boom/src/boom_core_merged.cpp:527]   --->   Operation 2 'load' 'state_rob_state_load' <Predicate = true> <Delay = 0.00>
ST_1 : Operation 3 [1/1] (0.00ns)   --->   "%br_ln527 = br i1 %state_rob_state_load, void, void %._crit_edge" [/home/lab_726/boom/hls_boom/src/boom_core_merged.cpp:527]   --->   Operation 3 'br' 'br_ln527' <Predicate = true> <Delay = 0.00>
ST_1 : Operation 4 [1/1] (0.00ns)   --->   "%store_ln527 = store i1 1, i1 %state_rob_state" [/home/lab_726/boom/hls_boom/src/boom_core_merged.cpp:527]   --->   Operation 4 'store' 'store_ln527' <Predicate = (!state_rob_state_load)> <Delay = 0.00>
ST_1 : Operation 5 [1/1] (0.00ns)   --->   "%br_ln527 = br void %._crit_edge" [/home/lab_726/boom/hls_boom/src/boom_core_merged.cpp:527]   --->   Operation 5 'br' 'br_ln527' <Predicate = (!state_rob_state_load)> <Delay = 0.00>
ST_1 : Operation 6 [1/1] (0.00ns)   --->   "%state_rename_dispatch_packets_valid_0_load = load i1 %state_rename_dispatch_packets_valid_0" [/home/lab_726/boom/hls_boom/src/boom_core_merged.cpp:532]   --->   Operation 6 'load' 'state_rename_dispatch_packets_valid_0_load' <Predicate = true> <Delay = 0.00>
ST_1 : Operation 7 [1/1] (0.00ns)   --->   "%br_ln532 = br i1 %state_rename_dispatch_packets_valid_0_load, void %._crit_edge1, void" [/home/lab_726/boom/hls_boom/src/boom_core_merged.cpp:532]   --->   Operation 7 'br' 'br_ln532' <Predicate = true> <Delay = 0.00>
ST_1 : Operation 8 [1/1] (0.00ns)   --->   "%state_rename_dispatch_packets_rob_allocated_0_load = load i1 %state_rename_dispatch_packets_rob_allocated_0" [/home/lab_726/boom/hls_boom/src/boom_core_merged.cpp:532]   --->   Operation 8 'load' 'state_rename_dispatch_packets_rob_allocated_0_load' <Predicate = (state_rename_dispatch_packets_valid_0_load)> <Delay = 0.00>
ST_1 : Operation 9 [1/1] (0.00ns)   --->   "%br_ln532 = br i1 %state_rename_dispatch_packets_rob_allocated_0_load, void, void %._crit_edge1" [/home/lab_726/boom/hls_boom/src/boom_core_merged.cpp:532]   --->   Operation 9 'br' 'br_ln532' <Predicate = (state_rename_dispatch_packets_valid_0_load)> <Delay = 0.00>
ST_1 : Operation 10 [1/1] (0.00ns)   --->   "%uop_queue_rob_idx = load i5 %state_rob_tail" [/home/lab_726/boom/hls_boom/src/boom_core_merged.cpp:533]   --->   Operation 10 'load' 'uop_queue_rob_idx' <Predicate = (state_rename_dispatch_packets_valid_0_load & !state_rename_dispatch_packets_rob_allocated_0_load)> <Delay = 0.00>
ST_1 : Operation 11 [1/1] (0.75ns)   --->   "%icmp_ln533 = icmp_eq  i5 %uop_queue_rob_idx, i5 0" [/home/lab_726/boom/hls_boom/src/boom_core_merged.cpp:533]   --->   Operation 11 'icmp' 'icmp_ln533' <Predicate = (state_rename_dispatch_packets_valid_0_load & !state_rename_dispatch_packets_rob_allocated_0_load)> <Delay = 0.75> <CoreInst = "Cmp">   --->   Core 9 'Cmp' <Latency = 0> <II = 1> <Delay = 0.75> <FuncUnit> <Opcode : 'icmp'> <InPorts = 2> <OutPorts = 1>
ST_1 : Operation 12 [1/1] (0.00ns)   --->   "%br_ln533 = br i1 %icmp_ln533, void %.critedge, void" [/home/lab_726/boom/hls_boom/src/boom_core_merged.cpp:533]   --->   Operation 12 'br' 'br_ln533' <Predicate = (state_rename_dispatch_packets_valid_0_load & !state_rename_dispatch_packets_rob_allocated_0_load)> <Delay = 0.00>
ST_1 : Operation 13 [1/1] (0.00ns)   --->   "%is_full = load i1 %state_rob_maybe_full" [/home/lab_726/boom/hls_boom/src/boom_core_merged.cpp:533]   --->   Operation 13 'load' 'is_full' <Predicate = (state_rename_dispatch_packets_valid_0_load & !state_rename_dispatch_packets_rob_allocated_0_load & icmp_ln533)> <Delay = 0.00>
ST_1 : Operation 14 [1/1] (0.00ns)   --->   "%br_ln534 = br i1 %is_full, void %.critedge, void %.loopexit" [/home/lab_726/boom/hls_boom/src/boom_core_merged.cpp:534]   --->   Operation 14 'br' 'br_ln534' <Predicate = (state_rename_dispatch_packets_valid_0_load & !state_rename_dispatch_packets_rob_allocated_0_load & icmp_ln533)> <Delay = 0.00>
ST_1 : Operation 15 [1/1] (0.00ns)   --->   "%uop_uopc = load i5 %state_rename_dispatch_packets_uop_uopc_0" [/home/lab_726/boom/hls_boom/src/boom_core_merged.cpp:535]   --->   Operation 15 'load' 'uop_uopc' <Predicate = (state_rename_dispatch_packets_valid_0_load & !state_rename_dispatch_packets_rob_allocated_0_load & !is_full) | (state_rename_dispatch_packets_valid_0_load & !state_rename_dispatch_packets_rob_allocated_0_load & !icmp_ln533)> <Delay = 0.00>
ST_1 : Operation 16 [1/1] (0.75ns)   --->   "%icmp_ln536 = icmp_eq  i5 %uop_uopc, i5 0" [/home/lab_726/boom/hls_boom/src/boom_core_merged.cpp:536]   --->   Operation 16 'icmp' 'icmp_ln536' <Predicate = (state_rename_dispatch_packets_valid_0_load & !state_rename_dispatch_packets_rob_allocated_0_load & !is_full) | (state_rename_dispatch_packets_valid_0_load & !state_rename_dispatch_packets_rob_allocated_0_load & !icmp_ln533)> <Delay = 0.75> <CoreInst = "Cmp">   --->   Core 9 'Cmp' <Latency = 0> <II = 1> <Delay = 0.75> <FuncUnit> <Opcode : 'icmp'> <InPorts = 2> <OutPorts = 1>
ST_1 : Operation 17 [1/1] (0.00ns)   --->   "%br_ln536 = br i1 %icmp_ln536, void, void %.critedge._crit_edge" [/home/lab_726/boom/hls_boom/src/boom_core_merged.cpp:536]   --->   Operation 17 'br' 'br_ln536' <Predicate = (state_rename_dispatch_packets_valid_0_load & !state_rename_dispatch_packets_rob_allocated_0_load & !is_full) | (state_rename_dispatch_packets_valid_0_load & !state_rename_dispatch_packets_rob_allocated_0_load & !icmp_ln533)> <Delay = 0.00>
ST_1 : Operation 18 [1/1] (0.00ns)   --->   "%allocation_id = load i32 %state_rob_next_allocation_id" [/home/lab_726/boom/hls_boom/src/boom_core_merged.cpp:537]   --->   Operation 18 'load' 'allocation_id' <Predicate = (state_rename_dispatch_packets_valid_0_load & !state_rename_dispatch_packets_rob_allocated_0_load & !is_full & !icmp_ln536) | (state_rename_dispatch_packets_valid_0_load & !state_rename_dispatch_packets_rob_allocated_0_load & !icmp_ln533 & !icmp_ln536)> <Delay = 0.00>
ST_1 : Operation 19 [1/1] (1.01ns)   --->   "%add_ln537 = add i32 %allocation_id, i32 1" [/home/lab_726/boom/hls_boom/src/boom_core_merged.cpp:537]   --->   Operation 19 'add' 'add_ln537' <Predicate = (state_rename_dispatch_packets_valid_0_load & !state_rename_dispatch_packets_rob_allocated_0_load & !is_full & !icmp_ln536 & !icmp_ln538) | (state_rename_dispatch_packets_valid_0_load & !state_rename_dispatch_packets_rob_allocated_0_load & !icmp_ln533 & !icmp_ln536 & !icmp_ln538)> <Delay = 1.01> <CoreInst = "Adder">   --->   Core 1 'Adder' <Latency = 0> <II = 1> <Delay = 0.78> <FuncUnit> <Opcode : 'add' 'sub'> <InPorts = 2> <OutPorts = 1>
ST_1 : Operation 20 [1/1] (0.99ns)   --->   "%icmp_ln538 = icmp_eq  i32 %allocation_id, i32 0" [/home/lab_726/boom/hls_boom/src/boom_core_merged.cpp:538]   --->   Operation 20 'icmp' 'icmp_ln538' <Predicate = (state_rename_dispatch_packets_valid_0_load & !state_rename_dispatch_packets_rob_allocated_0_load & !is_full & !icmp_ln536) | (state_rename_dispatch_packets_valid_0_load & !state_rename_dispatch_packets_rob_allocated_0_load & !icmp_ln533 & !icmp_ln536)> <Delay = 0.99> <CoreInst = "Cmp">   --->   Core 9 'Cmp' <Latency = 0> <II = 1> <Delay = 0.75> <FuncUnit> <Opcode : 'icmp'> <InPorts = 2> <OutPorts = 1>
ST_1 : Operation 21 [1/1] (0.44ns)   --->   "%select_ln538 = select i1 %icmp_ln538, i32 2, i32 %add_ln537" [/home/lab_726/boom/hls_boom/src/boom_core_merged.cpp:538]   --->   Operation 21 'select' 'select_ln538' <Predicate = (state_rename_dispatch_packets_valid_0_load & !state_rename_dispatch_packets_rob_allocated_0_load & !is_full & !icmp_ln536) | (state_rename_dispatch_packets_valid_0_load & !state_rename_dispatch_packets_rob_allocated_0_load & !icmp_ln533 & !icmp_ln536)> <Delay = 0.44> <CoreInst = "Sel">   --->   Core 73 'Sel' <Latency = 0> <II = 1> <Delay = 0.44> <FuncUnit> <Opcode : 'select'> <InPorts = 3> <OutPorts = 1>
ST_1 : Operation 22 [1/1] (0.00ns)   --->   "%store_ln538 = store i32 %select_ln538, i32 %state_rob_next_allocation_id" [/home/lab_726/boom/hls_boom/src/boom_core_merged.cpp:538]   --->   Operation 22 'store' 'store_ln538' <Predicate = (state_rename_dispatch_packets_valid_0_load & !state_rename_dispatch_packets_rob_allocated_0_load & !is_full & !icmp_ln536) | (state_rename_dispatch_packets_valid_0_load & !state_rename_dispatch_packets_rob_allocated_0_load & !icmp_ln533 & !icmp_ln536)> <Delay = 0.00>
ST_1 : Operation 23 [1/1] (0.00ns)   --->   "%store_ln547 = store i1 1, i1 %state_rename_dispatch_packets_rob_allocated_0" [/home/lab_726/boom/hls_boom/src/boom_core_merged.cpp:547]   --->   Operation 23 'store' 'store_ln547' <Predicate = (state_rename_dispatch_packets_valid_0_load & !state_rename_dispatch_packets_rob_allocated_0_load & !is_full & !icmp_ln536) | (state_rename_dispatch_packets_valid_0_load & !state_rename_dispatch_packets_rob_allocated_0_load & !icmp_ln533 & !icmp_ln536)> <Delay = 0.00>
ST_1 : Operation 24 [1/1] (0.78ns)   --->   "%add_ln548 = add i5 %uop_queue_rob_idx, i5 1" [/home/lab_726/boom/hls_boom/src/boom_core_merged.cpp:548]   --->   Operation 24 'add' 'add_ln548' <Predicate = (state_rename_dispatch_packets_valid_0_load & !state_rename_dispatch_packets_rob_allocated_0_load & !is_full & !icmp_ln536) | (state_rename_dispatch_packets_valid_0_load & !state_rename_dispatch_packets_rob_allocated_0_load & !icmp_ln533 & !icmp_ln536)> <Delay = 0.78> <CoreInst = "Adder">   --->   Core 1 'Adder' <Latency = 0> <II = 1> <Delay = 0.78> <FuncUnit> <Opcode : 'add' 'sub'> <InPorts = 2> <OutPorts = 1>
ST_1 : Operation 25 [1/1] (0.00ns)   --->   "%store_ln548 = store i5 %add_ln548, i5 %state_rob_tail" [/home/lab_726/boom/hls_boom/src/boom_core_merged.cpp:548]   --->   Operation 25 'store' 'store_ln548' <Predicate = (state_rename_dispatch_packets_valid_0_load & !state_rename_dispatch_packets_rob_allocated_0_load & !is_full & !icmp_ln536) | (state_rename_dispatch_packets_valid_0_load & !state_rename_dispatch_packets_rob_allocated_0_load & !icmp_ln533 & !icmp_ln536)> <Delay = 0.00>
ST_1 : Operation 26 [1/1] (0.75ns)   --->   "%icmp_ln549 = icmp_eq  i5 %add_ln548, i5 0" [/home/lab_726/boom/hls_boom/src/boom_core_merged.cpp:549]   --->   Operation 26 'icmp' 'icmp_ln549' <Predicate = (state_rename_dispatch_packets_valid_0_load & !state_rename_dispatch_packets_rob_allocated_0_load & !is_full & !icmp_ln536) | (state_rename_dispatch_packets_valid_0_load & !state_rename_dispatch_packets_rob_allocated_0_load & !icmp_ln533 & !icmp_ln536)> <Delay = 0.75> <CoreInst = "Cmp">   --->   Core 9 'Cmp' <Latency = 0> <II = 1> <Delay = 0.75> <FuncUnit> <Opcode : 'icmp'> <InPorts = 2> <OutPorts = 1>
ST_1 : Operation 27 [1/1] (0.00ns)   --->   "%br_ln549 = br i1 %icmp_ln549, void %._crit_edge4, void" [/home/lab_726/boom/hls_boom/src/boom_core_merged.cpp:549]   --->   Operation 27 'br' 'br_ln549' <Predicate = (state_rename_dispatch_packets_valid_0_load & !state_rename_dispatch_packets_rob_allocated_0_load & !is_full & !icmp_ln536) | (state_rename_dispatch_packets_valid_0_load & !state_rename_dispatch_packets_rob_allocated_0_load & !icmp_ln533 & !icmp_ln536)> <Delay = 0.00>
ST_1 : Operation 28 [1/1] (0.00ns)   --->   "%store_ln549 = store i1 1, i1 %state_rob_maybe_full" [/home/lab_726/boom/hls_boom/src/boom_core_merged.cpp:549]   --->   Operation 28 'store' 'store_ln549' <Predicate = (state_rename_dispatch_packets_valid_0_load & !state_rename_dispatch_packets_rob_allocated_0_load & !is_full & !icmp_ln536 & icmp_ln549) | (state_rename_dispatch_packets_valid_0_load & !state_rename_dispatch_packets_rob_allocated_0_load & !icmp_ln533 & !icmp_ln536 & icmp_ln549)> <Delay = 0.00>
ST_1 : Operation 29 [1/1] (0.00ns)   --->   "%br_ln549 = br void %._crit_edge4" [/home/lab_726/boom/hls_boom/src/boom_core_merged.cpp:549]   --->   Operation 29 'br' 'br_ln549' <Predicate = (state_rename_dispatch_packets_valid_0_load & !state_rename_dispatch_packets_rob_allocated_0_load & !is_full & !icmp_ln536 & icmp_ln549) | (state_rename_dispatch_packets_valid_0_load & !state_rename_dispatch_packets_rob_allocated_0_load & !icmp_ln533 & !icmp_ln536 & icmp_ln549)> <Delay = 0.00>
ST_1 : Operation 30 [1/1] (0.00ns)   --->   "%br_ln550 = br void %.critedge._crit_edge" [/home/lab_726/boom/hls_boom/src/boom_core_merged.cpp:550]   --->   Operation 30 'br' 'br_ln550' <Predicate = (state_rename_dispatch_packets_valid_0_load & !state_rename_dispatch_packets_rob_allocated_0_load & !is_full & !icmp_ln536) | (state_rename_dispatch_packets_valid_0_load & !state_rename_dispatch_packets_rob_allocated_0_load & !icmp_ln533 & !icmp_ln536)> <Delay = 0.00>
ST_1 : Operation 31 [1/1] (0.00ns)   --->   "%br_ln532 = br void %.critedge._crit_edge" [/home/lab_726/boom/hls_boom/src/boom_core_merged.cpp:532]   --->   Operation 31 'br' 'br_ln532' <Predicate = (state_rename_dispatch_packets_rob_allocated_0_load) | (!state_rename_dispatch_packets_valid_0_load)> <Delay = 0.00>
ST_1 : Operation 32 [1/1] (0.00ns)   --->   "%br_ln530 = br void %.loopexit" [/home/lab_726/boom/hls_boom/src/boom_core_merged.cpp:530]   --->   Operation 32 'br' 'br_ln530' <Predicate = (!is_full) | (!icmp_ln533) | (state_rename_dispatch_packets_rob_allocated_0_load) | (!state_rename_dispatch_packets_valid_0_load)> <Delay = 0.00>
ST_1 : Operation 33 [1/1] (0.00ns)   --->   "%ret_ln551 = ret" [/home/lab_726/boom/hls_boom/src/boom_core_merged.cpp:551]   --->   Operation 33 'ret' 'ret_ln551' <Predicate = true> <Delay = 0.00>


============================================================
+ Verbose Summary: Binding
============================================================
STG Binding: 
---------------- STG Properties BEGIN ----------------
- Is combinational: 0
- Is one-state seq: 1
- Is datapath-only: 0
- Is pipelined: 0
- Is top level: 0
Port [ Return ] is wired: 1; IO mode=ap_ctrl_hs:ce=0
Port [ state_rob_state]:  wired=0; compound=0; hidden=1; nouse=0; global=1; static=1; extern=0; dir=2; type=0; pingpong=0; private_global=1; IO mode=ap_ovld:ce=0
Port [ state_rename_dispatch_packets_valid_0]:  wired=1; compound=0; hidden=0; nouse=0; global=1; static=1; extern=0; dir=0; type=0; pingpong=0; private_global=0; IO mode=ap_none:ce=0
Port [ state_rename_dispatch_packets_rob_allocated_0]:  wired=0; compound=0; hidden=1; nouse=0; global=1; static=1; extern=0; dir=2; type=0; pingpong=0; private_global=1; IO mode=ap_ovld:ce=0
Port [ state_rob_tail]:  wired=0; compound=0; hidden=1; nouse=0; global=1; static=1; extern=0; dir=2; type=0; pingpong=0; private_global=1; IO mode=ap_ovld:ce=0
Port [ state_rob_maybe_full]:  wired=0; compound=0; hidden=1; nouse=0; global=1; static=1; extern=0; dir=2; type=0; pingpong=0; private_global=1; IO mode=ap_ovld:ce=0
Port [ state_rename_dispatch_packets_uop_uopc_0]:  wired=1; compound=0; hidden=0; nouse=0; global=1; static=1; extern=0; dir=0; type=0; pingpong=0; private_global=0; IO mode=ap_none:ce=0
Port [ state_rob_next_allocation_id]:  wired=0; compound=0; hidden=1; nouse=0; global=1; static=1; extern=0; dir=2; type=0; pingpong=0; private_global=1; IO mode=ap_ovld:ce=0
---------------- STG Properties END ------------------

---------------- Datapath Model BEGIN ----------------

<LifeTime>
<method=bitvector/>
state_rob_state_load                               (load  ) [ 01]
br_ln527                                           (br    ) [ 00]
store_ln527                                        (store ) [ 00]
br_ln527                                           (br    ) [ 00]
state_rename_dispatch_packets_valid_0_load         (load  ) [ 01]
br_ln532                                           (br    ) [ 00]
state_rename_dispatch_packets_rob_allocated_0_load (load  ) [ 01]
br_ln532                                           (br    ) [ 00]
uop_queue_rob_idx                                  (load  ) [ 00]
icmp_ln533                                         (icmp  ) [ 01]
br_ln533                                           (br    ) [ 00]
is_full                                            (load  ) [ 01]
br_ln534                                           (br    ) [ 00]
uop_uopc                                           (load  ) [ 00]
icmp_ln536                                         (icmp  ) [ 01]
br_ln536                                           (br    ) [ 00]
allocation_id                                      (load  ) [ 00]
add_ln537                                          (add   ) [ 00]
icmp_ln538                                         (icmp  ) [ 01]
select_ln538                                       (select) [ 00]
store_ln538                                        (store ) [ 00]
store_ln547                                        (store ) [ 00]
add_ln548                                          (add   ) [ 00]
store_ln548                                        (store ) [ 00]
icmp_ln549                                         (icmp  ) [ 01]
br_ln549                                           (br    ) [ 00]
store_ln549                                        (store ) [ 00]
br_ln549                                           (br    ) [ 00]
br_ln550                                           (br    ) [ 00]
br_ln532                                           (br    ) [ 00]
br_ln530                                           (br    ) [ 00]
ret_ln551                                          (ret   ) [ 00]
</LifeTime>

<model>

<comp_list>
<comp id="0" class="1000" name="state_rob_state">
<pin_list>
<pin id="1" dir="1" index="0" bw="1" slack="0"/>
</pin_list>
<bind>
<StgValue><ssdm name="state_rob_state"/></StgValue>
</bind>
</comp>

<comp id="2" class="1000" name="state_rename_dispatch_packets_valid_0">
<pin_list>
<pin id="3" dir="1" index="0" bw="1" slack="0"/>
</pin_list>
<bind>
<StgValue><ssdm name="state_rename_dispatch_packets_valid_0"/></StgValue>
</bind>
</comp>

<comp id="4" class="1000" name="state_rename_dispatch_packets_rob_allocated_0">
<pin_list>
<pin id="5" dir="1" index="0" bw="1" slack="0"/>
</pin_list>
<bind>
<StgValue><ssdm name="state_rename_dispatch_packets_rob_allocated_0"/></StgValue>
</bind>
</comp>

<comp id="6" class="1000" name="state_rob_tail">
<pin_list>
<pin id="7" dir="1" index="0" bw="1" slack="0"/>
</pin_list>
<bind>
<StgValue><ssdm name="state_rob_tail"/></StgValue>
</bind>
</comp>

<comp id="8" class="1000" name="state_rob_maybe_full">
<pin_list>
<pin id="9" dir="1" index="0" bw="1" slack="0"/>
</pin_list>
<bind>
<StgValue><ssdm name="state_rob_maybe_full"/></StgValue>
</bind>
</comp>

<comp id="10" class="1000" name="state_rename_dispatch_packets_uop_uopc_0">
<pin_list>
<pin id="11" dir="1" index="0" bw="1" slack="0"/>
</pin_list>
<bind>
<StgValue><ssdm name="state_rename_dispatch_packets_uop_uopc_0"/></StgValue>
</bind>
</comp>

<comp id="12" class="1000" name="state_rob_next_allocation_id">
<pin_list>
<pin id="13" dir="1" index="0" bw="1" slack="0"/>
</pin_list>
<bind>
<StgValue><ssdm name="state_rob_next_allocation_id"/></StgValue>
</bind>
</comp>

<comp id="14" class="1001" name="const_14">
<pin_list>
<pin id="15" dir="1" index="0" bw="1" slack="0"/>
</pin_list>
<bind>
<StgValue><ssdm name=""/></StgValue>
</bind>
</comp>

<comp id="16" class="1001" name="const_16">
<pin_list>
<pin id="17" dir="1" index="0" bw="1" slack="0"/>
</pin_list>
<bind>
<StgValue><ssdm name=""/></StgValue>
</bind>
</comp>

<comp id="18" class="1001" name="const_18">
<pin_list>
<pin id="19" dir="1" index="0" bw="1" slack="0"/>
</pin_list>
<bind>
<StgValue><ssdm name=""/></StgValue>
</bind>
</comp>

<comp id="20" class="1001" name="const_20">
<pin_list>
<pin id="21" dir="1" index="0" bw="1" slack="0"/>
</pin_list>
<bind>
<StgValue><ssdm name=""/></StgValue>
</bind>
</comp>

<comp id="22" class="1001" name="const_22">
<pin_list>
<pin id="23" dir="1" index="0" bw="1" slack="0"/>
</pin_list>
<bind>
<StgValue><ssdm name=""/></StgValue>
</bind>
</comp>

<comp id="24" class="1001" name="const_24">
<pin_list>
<pin id="25" dir="1" index="0" bw="1" slack="0"/>
</pin_list>
<bind>
<StgValue><ssdm name=""/></StgValue>
</bind>
</comp>

<comp id="26" class="1004" name="state_rob_state_load_load_fu_26">
<pin_list>
<pin id="27" dir="0" index="0" bw="1" slack="0"/>
<pin id="28" dir="1" index="1" bw="1" slack="2147483647"/>
</pin_list>
<bind>
<opcode="load(27) " fcode="load"/>
<opset="state_rob_state_load/1 "/>
</bind>
</comp>

<comp id="30" class="1004" name="store_ln527_store_fu_30">
<pin_list>
<pin id="31" dir="0" index="0" bw="1" slack="0"/>
<pin id="32" dir="0" index="1" bw="1" slack="0"/>
<pin id="33" dir="1" index="2" bw="0" slack="2147483647"/>
</pin_list>
<bind>
<opcode="store(28) " fcode="store"/>
<opset="store_ln527/1 "/>
</bind>
</comp>

<comp id="36" class="1004" name="state_rename_dispatch_packets_valid_0_load_load_fu_36">
<pin_list>
<pin id="37" dir="0" index="0" bw="1" slack="0"/>
<pin id="38" dir="1" index="1" bw="1" slack="2147483647"/>
</pin_list>
<bind>
<opcode="load(27) " fcode="load"/>
<opset="state_rename_dispatch_packets_valid_0_load/1 "/>
</bind>
</comp>

<comp id="40" class="1004" name="state_rename_dispatch_packets_rob_allocated_0_load_load_fu_40">
<pin_list>
<pin id="41" dir="0" index="0" bw="1" slack="0"/>
<pin id="42" dir="1" index="1" bw="1" slack="2147483647"/>
</pin_list>
<bind>
<opcode="load(27) " fcode="load"/>
<opset="state_rename_dispatch_packets_rob_allocated_0_load/1 "/>
</bind>
</comp>

<comp id="44" class="1004" name="uop_queue_rob_idx_load_fu_44">
<pin_list>
<pin id="45" dir="0" index="0" bw="5" slack="0"/>
<pin id="46" dir="1" index="1" bw="5" slack="0"/>
</pin_list>
<bind>
<opcode="load(27) " fcode="load"/>
<opset="uop_queue_rob_idx/1 "/>
</bind>
</comp>

<comp id="48" class="1004" name="icmp_ln533_fu_48">
<pin_list>
<pin id="49" dir="0" index="0" bw="5" slack="0"/>
<pin id="50" dir="0" index="1" bw="5" slack="0"/>
<pin id="51" dir="1" index="2" bw="1" slack="2147483647"/>
</pin_list>
<bind>
<opcode="icmp(45) " fcode="icmp"/>
<opset="icmp_ln533/1 "/>
</bind>
</comp>

<comp id="54" class="1004" name="is_full_load_fu_54">
<pin_list>
<pin id="55" dir="0" index="0" bw="1" slack="0"/>
<pin id="56" dir="1" index="1" bw="1" slack="2147483647"/>
</pin_list>
<bind>
<opcode="load(27) " fcode="load"/>
<opset="is_full/1 "/>
</bind>
</comp>

<comp id="58" class="1004" name="uop_uopc_load_fu_58">
<pin_list>
<pin id="59" dir="0" index="0" bw="5" slack="0"/>
<pin id="60" dir="1" index="1" bw="5" slack="0"/>
</pin_list>
<bind>
<opcode="load(27) " fcode="load"/>
<opset="uop_uopc/1 "/>
</bind>
</comp>

<comp id="62" class="1004" name="icmp_ln536_fu_62">
<pin_list>
<pin id="63" dir="0" index="0" bw="5" slack="0"/>
<pin id="64" dir="0" index="1" bw="5" slack="0"/>
<pin id="65" dir="1" index="2" bw="1" slack="2147483647"/>
</pin_list>
<bind>
<opcode="icmp(45) " fcode="icmp"/>
<opset="icmp_ln536/1 "/>
</bind>
</comp>

<comp id="68" class="1004" name="allocation_id_load_fu_68">
<pin_list>
<pin id="69" dir="0" index="0" bw="32" slack="0"/>
<pin id="70" dir="1" index="1" bw="32" slack="0"/>
</pin_list>
<bind>
<opcode="load(27) " fcode="load"/>
<opset="allocation_id/1 "/>
</bind>
</comp>

<comp id="72" class="1004" name="add_ln537_fu_72">
<pin_list>
<pin id="73" dir="0" index="0" bw="32" slack="0"/>
<pin id="74" dir="0" index="1" bw="1" slack="0"/>
<pin id="75" dir="1" index="2" bw="32" slack="0"/>
</pin_list>
<bind>
<opcode="add(8) " fcode="add"/>
<opset="add_ln537/1 "/>
</bind>
</comp>

<comp id="78" class="1004" name="icmp_ln538_fu_78">
<pin_list>
<pin id="79" dir="0" index="0" bw="32" slack="0"/>
<pin id="80" dir="0" index="1" bw="32" slack="0"/>
<pin id="81" dir="1" index="2" bw="1" slack="0"/>
</pin_list>
<bind>
<opcode="icmp(45) " fcode="icmp"/>
<opset="icmp_ln538/1 "/>
</bind>
</comp>

<comp id="84" class="1004" name="select_ln538_fu_84">
<pin_list>
<pin id="85" dir="0" index="0" bw="1" slack="0"/>
<pin id="86" dir="0" index="1" bw="32" slack="0"/>
<pin id="87" dir="0" index="2" bw="32" slack="0"/>
<pin id="88" dir="1" index="3" bw="32" slack="0"/>
</pin_list>
<bind>
<opcode="select(49) " fcode="select"/>
<opset="select_ln538/1 "/>
</bind>
</comp>

<comp id="92" class="1004" name="store_ln538_store_fu_92">
<pin_list>
<pin id="93" dir="0" index="0" bw="32" slack="0"/>
<pin id="94" dir="0" index="1" bw="32" slack="0"/>
<pin id="95" dir="1" index="2" bw="0" slack="2147483647"/>
</pin_list>
<bind>
<opcode="store(28) " fcode="store"/>
<opset="store_ln538/1 "/>
</bind>
</comp>

<comp id="98" class="1004" name="store_ln547_store_fu_98">
<pin_list>
<pin id="99" dir="0" index="0" bw="1" slack="0"/>
<pin id="100" dir="0" index="1" bw="1" slack="0"/>
<pin id="101" dir="1" index="2" bw="0" slack="2147483647"/>
</pin_list>
<bind>
<opcode="store(28) " fcode="store"/>
<opset="store_ln547/1 "/>
</bind>
</comp>

<comp id="104" class="1004" name="add_ln548_fu_104">
<pin_list>
<pin id="105" dir="0" index="0" bw="5" slack="0"/>
<pin id="106" dir="0" index="1" bw="1" slack="0"/>
<pin id="107" dir="1" index="2" bw="5" slack="0"/>
</pin_list>
<bind>
<opcode="add(8) " fcode="add"/>
<opset="add_ln548/1 "/>
</bind>
</comp>

<comp id="110" class="1004" name="store_ln548_store_fu_110">
<pin_list>
<pin id="111" dir="0" index="0" bw="5" slack="0"/>
<pin id="112" dir="0" index="1" bw="5" slack="0"/>
<pin id="113" dir="1" index="2" bw="0" slack="2147483647"/>
</pin_list>
<bind>
<opcode="store(28) " fcode="store"/>
<opset="store_ln548/1 "/>
</bind>
</comp>

<comp id="116" class="1004" name="icmp_ln549_fu_116">
<pin_list>
<pin id="117" dir="0" index="0" bw="5" slack="0"/>
<pin id="118" dir="0" index="1" bw="5" slack="0"/>
<pin id="119" dir="1" index="2" bw="1" slack="2147483647"/>
</pin_list>
<bind>
<opcode="icmp(45) " fcode="icmp"/>
<opset="icmp_ln549/1 "/>
</bind>
</comp>

<comp id="122" class="1004" name="store_ln549_store_fu_122">
<pin_list>
<pin id="123" dir="0" index="0" bw="1" slack="0"/>
<pin id="124" dir="0" index="1" bw="1" slack="0"/>
<pin id="125" dir="1" index="2" bw="0" slack="2147483647"/>
</pin_list>
<bind>
<opcode="store(28) " fcode="store"/>
<opset="store_ln549/1 "/>
</bind>
</comp>

</comp_list>

<net_list>
<net id="29"><net_src comp="0" pin="0"/><net_sink comp="26" pin=0"/></net>

<net id="34"><net_src comp="14" pin="0"/><net_sink comp="30" pin=0"/></net>

<net id="35"><net_src comp="0" pin="0"/><net_sink comp="30" pin=1"/></net>

<net id="39"><net_src comp="2" pin="0"/><net_sink comp="36" pin=0"/></net>

<net id="43"><net_src comp="4" pin="0"/><net_sink comp="40" pin=0"/></net>

<net id="47"><net_src comp="6" pin="0"/><net_sink comp="44" pin=0"/></net>

<net id="52"><net_src comp="44" pin="1"/><net_sink comp="48" pin=0"/></net>

<net id="53"><net_src comp="16" pin="0"/><net_sink comp="48" pin=1"/></net>

<net id="57"><net_src comp="8" pin="0"/><net_sink comp="54" pin=0"/></net>

<net id="61"><net_src comp="10" pin="0"/><net_sink comp="58" pin=0"/></net>

<net id="66"><net_src comp="58" pin="1"/><net_sink comp="62" pin=0"/></net>

<net id="67"><net_src comp="16" pin="0"/><net_sink comp="62" pin=1"/></net>

<net id="71"><net_src comp="12" pin="0"/><net_sink comp="68" pin=0"/></net>

<net id="76"><net_src comp="68" pin="1"/><net_sink comp="72" pin=0"/></net>

<net id="77"><net_src comp="18" pin="0"/><net_sink comp="72" pin=1"/></net>

<net id="82"><net_src comp="68" pin="1"/><net_sink comp="78" pin=0"/></net>

<net id="83"><net_src comp="20" pin="0"/><net_sink comp="78" pin=1"/></net>

<net id="89"><net_src comp="78" pin="2"/><net_sink comp="84" pin=0"/></net>

<net id="90"><net_src comp="22" pin="0"/><net_sink comp="84" pin=1"/></net>

<net id="91"><net_src comp="72" pin="2"/><net_sink comp="84" pin=2"/></net>

<net id="96"><net_src comp="84" pin="3"/><net_sink comp="92" pin=0"/></net>

<net id="97"><net_src comp="12" pin="0"/><net_sink comp="92" pin=1"/></net>

<net id="102"><net_src comp="14" pin="0"/><net_sink comp="98" pin=0"/></net>

<net id="103"><net_src comp="4" pin="0"/><net_sink comp="98" pin=1"/></net>

<net id="108"><net_src comp="44" pin="1"/><net_sink comp="104" pin=0"/></net>

<net id="109"><net_src comp="24" pin="0"/><net_sink comp="104" pin=1"/></net>

<net id="114"><net_src comp="104" pin="2"/><net_sink comp="110" pin=0"/></net>

<net id="115"><net_src comp="6" pin="0"/><net_sink comp="110" pin=1"/></net>

<net id="120"><net_src comp="104" pin="2"/><net_sink comp="116" pin=0"/></net>

<net id="121"><net_src comp="16" pin="0"/><net_sink comp="116" pin=1"/></net>

<net id="126"><net_src comp="14" pin="0"/><net_sink comp="122" pin=0"/></net>

<net id="127"><net_src comp="8" pin="0"/><net_sink comp="122" pin=1"/></net>

</net_list>

</model> 
---------------- Datapath Model END ------------------

* FSMD analyzer results:
  - Output states:
	Port: state_rob_state | {1 }
	Port: state_rename_dispatch_packets_valid_0 | {}
	Port: state_rename_dispatch_packets_rob_allocated_0 | {1 }
	Port: state_rob_tail | {1 }
	Port: state_rob_maybe_full | {1 }
	Port: state_rename_dispatch_packets_uop_uopc_0 | {}
	Port: state_rob_next_allocation_id | {1 }
 - Input state : 
	Port: rob_allocate : state_rob_state | {1 }
	Port: rob_allocate : state_rename_dispatch_packets_valid_0 | {1 }
	Port: rob_allocate : state_rename_dispatch_packets_rob_allocated_0 | {1 }
	Port: rob_allocate : state_rob_tail | {1 }
	Port: rob_allocate : state_rob_maybe_full | {1 }
	Port: rob_allocate : state_rename_dispatch_packets_uop_uopc_0 | {1 }
	Port: rob_allocate : state_rob_next_allocation_id | {1 }
  - Chain level:
	State 1
		br_ln527 : 1
		br_ln532 : 1
		br_ln532 : 1
		icmp_ln533 : 1
		br_ln533 : 2
		br_ln534 : 1
		icmp_ln536 : 1
		br_ln536 : 2
		add_ln537 : 1
		icmp_ln538 : 1
		select_ln538 : 2
		store_ln538 : 3
		add_ln548 : 1
		store_ln548 : 2
		icmp_ln549 : 2
		br_ln549 : 3


============================================================
+ Verbose Summary: Datapath Resource usage 
============================================================

* Functional unit list:
|----------|--------------------|---------|---------|
| Operation|   Functional Unit  |    FF   |   LUT   |
|----------|--------------------|---------|---------|
|    add   |   add_ln537_fu_72  |    0    |    39   |
|          |  add_ln548_fu_104  |    0    |    12   |
|----------|--------------------|---------|---------|
|          |  icmp_ln533_fu_48  |    0    |    9    |
|   icmp   |  icmp_ln536_fu_62  |    0    |    9    |
|          |  icmp_ln538_fu_78  |    0    |    20   |
|          |  icmp_ln549_fu_116 |    0    |    9    |
|----------|--------------------|---------|---------|
|  select  | select_ln538_fu_84 |    0    |    32   |
|----------|--------------------|---------|---------|
|   Total  |                    |    0    |   130   |
|----------|--------------------|---------|---------|

Memories:
N/A

* Register list:
N/A

* Multiplexer (MUX) list: 
|--------|------|------|------|--------|
|  Comp  |  Pin | Size |  BW  | S x BW |
|--------|------|------|------|--------|
|  Total |      |      |      |    0   |
|--------|------|------|------|--------|



* Summary:
+-----------+--------+--------+
|           |   FF   |   LUT  |
+-----------+--------+--------+
|  Function |    0   |   130  |
|   Memory  |    -   |    -   |
|Multiplexer|    -   |    -   |
|  Register |    -   |    -   |
+-----------+--------+--------+
|   Total   |    0   |   130  |
+-----------+--------+--------+
