INFO: [VRFC 10-2263] Analyzing Verilog file "/home/lab_726/boom/hls_boom/boom_hls_gate5_1_frontend_repair_r3_s0_synth_frontend_top/solution_module/syn/verilog/synth_frontend_top_fifo_w129_d2_S.v" into library work
INFO: [VRFC 10-311] analyzing module synth_frontend_top_fifo_w129_d2_S_shiftReg
INFO: [VRFC 10-311] analyzing module synth_frontend_top_fifo_w129_d2_S
INFO: [VRFC 10-2263] Analyzing Verilog file "/home/lab_726/boom/hls_boom/boom_hls_gate5_1_frontend_repair_r3_s0_synth_frontend_top/solution_module/syn/verilog/synth_frontend_top_fifo_w225_d2_S.v" into library work
INFO: [VRFC 10-311] analyzing module synth_frontend_top_fifo_w225_d2_S_shiftReg
INFO: [VRFC 10-311] analyzing module synth_frontend_top_fifo_w225_d2_S
INFO: [VRFC 10-2263] Analyzing Verilog file "/home/lab_726/boom/hls_boom/boom_hls_gate5_1_frontend_repair_r3_s0_synth_frontend_top/solution_module/syn/verilog/synth_frontend_top_frontend_module.v" into library work
INFO: [VRFC 10-311] analyzing module synth_frontend_top_frontend_module
INFO: [VRFC 10-2263] Analyzing Verilog file "/home/lab_726/boom/hls_boom/boom_hls_gate5_1_frontend_repair_r3_s0_synth_frontend_top/solution_module/syn/verilog/synth_frontend_top.v" into library work
INFO: [VRFC 10-311] analyzing module synth_frontend_top
INFO: [VRFC 10-2263] Analyzing SystemVerilog file "/home/lab_726/boom/hls_boom/rtl_tb/frontend_throughput_rtl_tb.sv" into library work
INFO: [VRFC 10-311] analyzing module frontend_throughput_rtl_tb
Vivado Simulator v2021.2
Copyright 1986-1999, 2001-2021 Xilinx, Inc. All Rights Reserved.
Running: /home/lab_726/Xilinx/Vivado/2021.2/bin/unwrapped/lnx64.o/xelab frontend_throughput_rtl_tb -s frontend_throughput_rtl_snapshot -timescale 1ns/1ps
Multi-threading is on. Using 18 slave threads.
Starting static elaboration
Pass Through NonSizing Optimizer
WARNING: [VRFC 10-3645] port 'ap_local_block' remains unconnected for this instance [/home/lab_726/boom/hls_boom/rtl_tb/frontend_throughput_rtl_tb.sv:30]
Completed static elaboration
Starting simulation data flow analysis
Completed simulation data flow analysis
Time Resolution for simulation is 1ps
Compiling module work.synth_frontend_top_frontend_modu...
Compiling module work.synth_frontend_top_fifo_w129_d2_...
Compiling module work.synth_frontend_top_fifo_w129_d2_...
Compiling module work.synth_frontend_top_fifo_w225_d2_...
Compiling module work.synth_frontend_top_fifo_w225_d2_...
Compiling module work.synth_frontend_top
Compiling module work.frontend_throughput_rtl_tb
Built simulation snapshot frontend_throughput_rtl_snapshot
