

================================================================
== Vitis HLS Report for 'synth_mul_top'
================================================================
* Date:           Tue Aug  4 22:36:37 2026

* Version:        2021.2 (Build 3367213 on Tue Oct 19 02:47:39 MDT 2021)
* Project:        synth_mul_top
* Solution:       solution_gate4_1_m2a (Vivado IP Flow Target)
* Product family: zynquplus
* Target device:  xczu7ev-ffvc1156-2-e


================================================================
== Performance Estimates
================================================================
+ Timing: 
    * Summary: 
    +--------+----------+----------+------------+
    |  Clock |  Target  | Estimated| Uncertainty|
    +--------+----------+----------+------------+
    |ap_clk  |  10.00 ns|  6.463 ns|     2.70 ns|
    +--------+----------+----------+------------+

+ Latency: 
    * Summary: 
    +---------+---------+-----------+-----------+-----+-----+---------+
    |  Latency (cycles) |   Latency (absolute)  |  Interval | Pipeline|
    |   min   |   max   |    min    |    max    | min | max |   Type  |
    +---------+---------+-----------+-----------+-----+-----+---------+
    |        1|        1|  10.000 ns|  10.000 ns|    2|    2|       no|
    +---------+---------+-----------+-----------+-----+-----+---------+

    + Detail: 
        * Instance: 
        N/A

        * Loop: 
        N/A

============================================================
+ Verbose Summary: Synthesis Manager
============================================================
InlineROM: 1
ExposeGlobal: 0
============================================================
+ Verbose Summary: CDFG Model
============================================================
IsTopModel: 1
ResetActiveHigh: 1
IsCombinational: 0
IsDatapathOnly: 0
HasWiredReturn: 1
HasMFsm: 0
HasVarLatency: 1
IsPipeline: 0
IsRtlPipelined: 0
IsInstanceOverlapped: 0
IsDontTouch: 0
HasImplIP: 0
IsGatedGlobalClock: 0


============================================================
+ Verbose Summary: Schedule
============================================================
* Number of FSM states : 2
* Pipeline : 0
* Dataflow Pipeline: 0

* FSM state transitions: 
1 --> 2 
2 --> 

* FSM state operations: 

State 1 <SV = 0> <Delay = 1.13>
ST_1 : Operation 3 [1/1] (0.00ns)   --->   "%operation_read = read i8 @_ssdm_op_Read.ap_auto.i8, i8 %operation" [/home/lab_726/boom/hls_boom/src/boom_core_merged.cpp:3097]   --->   Operation 3 'read' 'operation_read' <Predicate = true> <Delay = 0.00>
ST_1 : Operation 4 [1/1] (0.84ns)   --->   "%icmp_ln1635 = icmp_eq  i8 %operation_read, i8 4" [/home/lab_726/boom/hls_boom/src/boom_core_merged.cpp:1635]   --->   Operation 4 'icmp' 'icmp_ln1635' <Predicate = true> <Delay = 0.84> <CoreInst = "Cmp">   --->   Core 9 'Cmp' <Latency = 0> <II = 1> <Delay = 0.84> <FuncUnit> <Opcode : 'icmp'> <InPorts = 2> <OutPorts = 1>
ST_1 : Operation 5 [1/1] (0.84ns)   --->   "%icmp_ln1635_1 = icmp_eq  i8 %operation_read, i8 3" [/home/lab_726/boom/hls_boom/src/boom_core_merged.cpp:1635]   --->   Operation 5 'icmp' 'icmp_ln1635_1' <Predicate = true> <Delay = 0.84> <CoreInst = "Cmp">   --->   Core 9 'Cmp' <Latency = 0> <II = 1> <Delay = 0.84> <FuncUnit> <Opcode : 'icmp'> <InPorts = 2> <OutPorts = 1>
ST_1 : Operation 6 [1/1] (0.84ns)   --->   "%icmp_ln1635_2 = icmp_eq  i8 %operation_read, i8 2" [/home/lab_726/boom/hls_boom/src/boom_core_merged.cpp:1635]   --->   Operation 6 'icmp' 'icmp_ln1635_2' <Predicate = true> <Delay = 0.84> <CoreInst = "Cmp">   --->   Core 9 'Cmp' <Latency = 0> <II = 1> <Delay = 0.84> <FuncUnit> <Opcode : 'icmp'> <InPorts = 2> <OutPorts = 1>
ST_1 : Operation 7 [1/1] (0.84ns)   --->   "%icmp_ln1635_3 = icmp_eq  i8 %operation_read, i8 1" [/home/lab_726/boom/hls_boom/src/boom_core_merged.cpp:1635]   --->   Operation 7 'icmp' 'icmp_ln1635_3' <Predicate = true> <Delay = 0.84> <CoreInst = "Cmp">   --->   Core 9 'Cmp' <Latency = 0> <II = 1> <Delay = 0.84> <FuncUnit> <Opcode : 'icmp'> <InPorts = 2> <OutPorts = 1>
ST_1 : Operation 8 [1/1] (0.84ns)   --->   "%icmp_ln1635_4 = icmp_eq  i8 %operation_read, i8 0" [/home/lab_726/boom/hls_boom/src/boom_core_merged.cpp:1635]   --->   Operation 8 'icmp' 'icmp_ln1635_4' <Predicate = true> <Delay = 0.84> <CoreInst = "Cmp">   --->   Core 9 'Cmp' <Latency = 0> <II = 1> <Delay = 0.84> <FuncUnit> <Opcode : 'icmp'> <InPorts = 2> <OutPorts = 1>
ST_1 : Operation 9 [1/1] (0.00ns) (grouped into LUT with out node response_valid)   --->   "%or_ln1635 = or i1 %icmp_ln1635_1, i1 %icmp_ln1635" [/home/lab_726/boom/hls_boom/src/boom_core_merged.cpp:1635]   --->   Operation 9 'or' 'or_ln1635' <Predicate = true> <Delay = 0.00> <CoreInst = "LogicGate">   --->   Core 74 'LogicGate' <Latency = 0> <II = 1> <Delay = 0.28> <FuncUnit> <Opcode : 'and' 'or' 'xor'> <InPorts = 2> <OutPorts = 1>
ST_1 : Operation 10 [1/1] (0.00ns) (grouped into LUT with out node response_valid)   --->   "%or_ln1635_1 = or i1 %icmp_ln1635_3, i1 %icmp_ln1635_4" [/home/lab_726/boom/hls_boom/src/boom_core_merged.cpp:1635]   --->   Operation 10 'or' 'or_ln1635_1' <Predicate = true> <Delay = 0.00> <CoreInst = "LogicGate">   --->   Core 74 'LogicGate' <Latency = 0> <II = 1> <Delay = 0.28> <FuncUnit> <Opcode : 'and' 'or' 'xor'> <InPorts = 2> <OutPorts = 1>
ST_1 : Operation 11 [1/1] (0.00ns) (grouped into LUT with out node response_valid)   --->   "%or_ln1635_2 = or i1 %or_ln1635_1, i1 %icmp_ln1635_2" [/home/lab_726/boom/hls_boom/src/boom_core_merged.cpp:1635]   --->   Operation 11 'or' 'or_ln1635_2' <Predicate = true> <Delay = 0.00> <CoreInst = "LogicGate">   --->   Core 74 'LogicGate' <Latency = 0> <II = 1> <Delay = 0.28> <FuncUnit> <Opcode : 'and' 'or' 'xor'> <InPorts = 2> <OutPorts = 1>
ST_1 : Operation 12 [1/1] (0.28ns) (out node of the LUT)   --->   "%response_valid = or i1 %or_ln1635_2, i1 %or_ln1635" [/home/lab_726/boom/hls_boom/src/boom_core_merged.cpp:1635]   --->   Operation 12 'or' 'response_valid' <Predicate = true> <Delay = 0.28> <CoreInst = "LogicGate">   --->   Core 74 'LogicGate' <Latency = 0> <II = 1> <Delay = 0.28> <FuncUnit> <Opcode : 'and' 'or' 'xor'> <InPorts = 2> <OutPorts = 1>
ST_1 : Operation 13 [1/1] (0.00ns)   --->   "%write_ln3106 = write void @_ssdm_op_Write.ap_auto.i1P0A, i1 %valid, i1 %response_valid" [/home/lab_726/boom/hls_boom/src/boom_core_merged.cpp:3106]   --->   Operation 13 'write' 'write_ln3106' <Predicate = true> <Delay = 0.00>

State 2 <SV = 1> <Delay = 6.46>
ST_2 : Operation 14 [1/1] (0.00ns)   --->   "%spectopmodule_ln0 = spectopmodule void @_ssdm_op_SpecTopModule, void @empty_1"   --->   Operation 14 'spectopmodule' 'spectopmodule_ln0' <Predicate = true> <Delay = 0.00>
ST_2 : Operation 15 [1/1] (0.00ns)   --->   "%specbitsmap_ln0 = specbitsmap void @_ssdm_op_SpecBitsMap, i8 %operation"   --->   Operation 15 'specbitsmap' 'specbitsmap_ln0' <Predicate = true> <Delay = 0.00>
ST_2 : Operation 16 [1/1] (0.00ns)   --->   "%specinterface_ln0 = specinterface void @_ssdm_op_SpecInterface, i8 %operation, void @empty, i32 0, i32 0, void @empty_0, i32 0, i32 0, void @empty_0, void @empty_0, void @empty_0, i32 0, i32 0, i32 0, i32 0, void @empty_0, void @empty_0"   --->   Operation 16 'specinterface' 'specinterface_ln0' <Predicate = true> <Delay = 0.00>
ST_2 : Operation 17 [1/1] (0.00ns)   --->   "%specbitsmap_ln0 = specbitsmap void @_ssdm_op_SpecBitsMap, i64 %lhs"   --->   Operation 17 'specbitsmap' 'specbitsmap_ln0' <Predicate = true> <Delay = 0.00>
ST_2 : Operation 18 [1/1] (0.00ns)   --->   "%specinterface_ln0 = specinterface void @_ssdm_op_SpecInterface, i64 %lhs, void @empty, i32 0, i32 0, void @empty_0, i32 0, i32 0, void @empty_0, void @empty_0, void @empty_0, i32 0, i32 0, i32 0, i32 0, void @empty_0, void @empty_0"   --->   Operation 18 'specinterface' 'specinterface_ln0' <Predicate = true> <Delay = 0.00>
ST_2 : Operation 19 [1/1] (0.00ns)   --->   "%specbitsmap_ln0 = specbitsmap void @_ssdm_op_SpecBitsMap, i64 %rhs"   --->   Operation 19 'specbitsmap' 'specbitsmap_ln0' <Predicate = true> <Delay = 0.00>
ST_2 : Operation 20 [1/1] (0.00ns)   --->   "%specinterface_ln0 = specinterface void @_ssdm_op_SpecInterface, i64 %rhs, void @empty, i32 0, i32 0, void @empty_0, i32 0, i32 0, void @empty_0, void @empty_0, void @empty_0, i32 0, i32 0, i32 0, i32 0, void @empty_0, void @empty_0"   --->   Operation 20 'specinterface' 'specinterface_ln0' <Predicate = true> <Delay = 0.00>
ST_2 : Operation 21 [1/1] (0.00ns)   --->   "%specbitsmap_ln0 = specbitsmap void @_ssdm_op_SpecBitsMap, i64 %result"   --->   Operation 21 'specbitsmap' 'specbitsmap_ln0' <Predicate = true> <Delay = 0.00>
ST_2 : Operation 22 [1/1] (0.00ns)   --->   "%specinterface_ln0 = specinterface void @_ssdm_op_SpecInterface, i64 %result, void @empty, i32 0, i32 0, void @empty_0, i32 0, i32 0, void @empty_0, void @empty_0, void @empty_0, i32 0, i32 0, i32 0, i32 0, void @empty_0, void @empty_0"   --->   Operation 22 'specinterface' 'specinterface_ln0' <Predicate = true> <Delay = 0.00>
ST_2 : Operation 23 [1/1] (0.00ns)   --->   "%specbitsmap_ln0 = specbitsmap void @_ssdm_op_SpecBitsMap, i1 %valid"   --->   Operation 23 'specbitsmap' 'specbitsmap_ln0' <Predicate = true> <Delay = 0.00>
ST_2 : Operation 24 [1/1] (0.00ns)   --->   "%specinterface_ln0 = specinterface void @_ssdm_op_SpecInterface, i1 %valid, void @empty, i32 0, i32 0, void @empty_0, i32 0, i32 0, void @empty_0, void @empty_0, void @empty_0, i32 0, i32 0, i32 0, i32 0, void @empty_0, void @empty_0"   --->   Operation 24 'specinterface' 'specinterface_ln0' <Predicate = true> <Delay = 0.00>
ST_2 : Operation 25 [1/1] (0.00ns)   --->   "%rhs_read = read i64 @_ssdm_op_Read.ap_auto.i64, i64 %rhs" [/home/lab_726/boom/hls_boom/src/boom_core_merged.cpp:3097]   --->   Operation 25 'read' 'rhs_read' <Predicate = true> <Delay = 0.00>
ST_2 : Operation 26 [1/1] (0.00ns)   --->   "%lhs_read = read i64 @_ssdm_op_Read.ap_auto.i64, i64 %lhs" [/home/lab_726/boom/hls_boom/src/boom_core_merged.cpp:3097]   --->   Operation 26 'read' 'lhs_read' <Predicate = true> <Delay = 0.00>
ST_2 : Operation 27 [1/1] (0.00ns)   --->   "%zext_ln232 = zext i64 %lhs_read"   --->   Operation 27 'zext' 'zext_ln232' <Predicate = true> <Delay = 0.00>
ST_2 : Operation 28 [1/1] (0.00ns)   --->   "%zext_ln232_1 = zext i64 %rhs_read"   --->   Operation 28 'zext' 'zext_ln232_1' <Predicate = true> <Delay = 0.00>
ST_2 : Operation 29 [1/1] (4.53ns)   --->   "%ret = mul i128 %zext_ln232_1, i128 %zext_ln232"   --->   Operation 29 'mul' 'ret' <Predicate = true> <Delay = 4.53> <CoreInst = "Multiplier">   --->   Core 3 'Multiplier' <Latency = 0> <II = 1> <Delay = 3.42> <FuncUnit> <Opcode : 'mul'> <InPorts = 2> <OutPorts = 1>
ST_2 : Operation 30 [1/1] (0.00ns) (grouped into LUT with out node response_result_9)   --->   "%response_result = trunc i128 %ret"   --->   Operation 30 'trunc' 'response_result' <Predicate = (icmp_ln1635_4)> <Delay = 0.00>
ST_2 : Operation 31 [1/1] (0.00ns)   --->   "%sext_ln70 = sext i64 %lhs_read"   --->   Operation 31 'sext' 'sext_ln70' <Predicate = (icmp_ln1635_3 & !icmp_ln1635_4)> <Delay = 0.00>
ST_2 : Operation 32 [1/1] (0.00ns)   --->   "%sext_ln70_1 = sext i64 %rhs_read"   --->   Operation 32 'sext' 'sext_ln70_1' <Predicate = (icmp_ln1635_3 & !icmp_ln1635_4)> <Delay = 0.00>
ST_2 : Operation 33 [1/1] (4.53ns)   --->   "%product = mul i128 %sext_ln70_1, i128 %sext_ln70"   --->   Operation 33 'mul' 'product' <Predicate = (icmp_ln1635_3 & !icmp_ln1635_4)> <Delay = 4.53> <CoreInst = "Multiplier">   --->   Core 3 'Multiplier' <Latency = 0> <II = 1> <Delay = 3.42> <FuncUnit> <Opcode : 'mul'> <InPorts = 2> <OutPorts = 1>
ST_2 : Operation 34 [1/1] (0.00ns) (grouped into LUT with out node response_result_9)   --->   "%response_result_1 = partselect i64 @_ssdm_op_PartSelect.i64.i128.i32.i32, i128 %product, i32 64, i32 127"   --->   Operation 34 'partselect' 'response_result_1' <Predicate = (icmp_ln1635_3 & !icmp_ln1635_4)> <Delay = 0.00>
ST_2 : Operation 35 [1/1] (0.00ns)   --->   "%high = partselect i64 @_ssdm_op_PartSelect.i64.i128.i32.i32, i128 %ret, i32 64, i32 127"   --->   Operation 35 'partselect' 'high' <Predicate = (!icmp_ln1635_3 & !icmp_ln1635_4)> <Delay = 0.00>
ST_2 : Operation 36 [1/1] (0.00ns) (grouped into LUT with out node response_result_7)   --->   "%tmp = bitselect i1 @_ssdm_op_BitSelect.i1.i64.i32, i64 %lhs_read, i32 63" [/home/lab_726/boom/hls_boom/src/boom_core_merged.cpp:1650]   --->   Operation 36 'bitselect' 'tmp' <Predicate = (icmp_ln1635_2 & !icmp_ln1635_3 & !icmp_ln1635_4)> <Delay = 0.00>
ST_2 : Operation 37 [1/1] (1.08ns)   --->   "%high_1 = sub i64 %high, i64 %rhs_read" [/home/lab_726/boom/hls_boom/src/boom_core_merged.cpp:1650]   --->   Operation 37 'sub' 'high_1' <Predicate = (icmp_ln1635_2 & !icmp_ln1635_3 & !icmp_ln1635_4)> <Delay = 1.08> <CoreInst = "Adder">   --->   Core 1 'Adder' <Latency = 0> <II = 1> <Delay = 1.08> <FuncUnit> <Opcode : 'add' 'sub'> <InPorts = 2> <OutPorts = 1>
ST_2 : Operation 38 [1/1] (0.00ns) (grouped into LUT with out node response_result_7)   --->   "%high_3 = select i1 %tmp, i64 %high_1, i64 %high" [/home/lab_726/boom/hls_boom/src/boom_core_merged.cpp:1650]   --->   Operation 38 'select' 'high_3' <Predicate = (icmp_ln1635_2 & !icmp_ln1635_3 & !icmp_ln1635_4)> <Delay = 0.00> <CoreInst = "Sel">   --->   Core 73 'Sel' <Latency = 0> <II = 1> <Delay = 0.42> <FuncUnit> <Opcode : 'select'> <InPorts = 3> <OutPorts = 1>
ST_2 : Operation 39 [1/1] (0.00ns)   --->   "%lhs_word = trunc i64 %lhs_read"   --->   Operation 39 'trunc' 'lhs_word' <Predicate = (icmp_ln1635 & !icmp_ln1635_1 & !icmp_ln1635_2 & !icmp_ln1635_3 & !icmp_ln1635_4)> <Delay = 0.00>
ST_2 : Operation 40 [1/1] (0.00ns)   --->   "%rhs_word = trunc i64 %rhs_read"   --->   Operation 40 'trunc' 'rhs_word' <Predicate = (icmp_ln1635 & !icmp_ln1635_1 & !icmp_ln1635_2 & !icmp_ln1635_3 & !icmp_ln1635_4)> <Delay = 0.00>
ST_2 : Operation 41 [1/1] (3.42ns)   --->   "%ret_1 = mul i32 %rhs_word, i32 %lhs_word"   --->   Operation 41 'mul' 'ret_1' <Predicate = (icmp_ln1635 & !icmp_ln1635_1 & !icmp_ln1635_2 & !icmp_ln1635_3 & !icmp_ln1635_4)> <Delay = 3.42> <CoreInst = "Multiplier">   --->   Core 3 'Multiplier' <Latency = 0> <II = 1> <Delay = 3.42> <FuncUnit> <Opcode : 'mul'> <InPorts = 2> <OutPorts = 1>
ST_2 : Operation 42 [1/1] (0.00ns) (grouped into LUT with out node response_result_6)   --->   "%response_result_5 = select i1 %icmp_ln1635, i32 %ret_1, i32 0" [/home/lab_726/boom/hls_boom/src/boom_core_merged.cpp:1635]   --->   Operation 42 'select' 'response_result_5' <Predicate = (!icmp_ln1635_1 & !icmp_ln1635_2 & !icmp_ln1635_3 & !icmp_ln1635_4)> <Delay = 0.00> <CoreInst = "Sel">   --->   Core 73 'Sel' <Latency = 0> <II = 1> <Delay = 0.42> <FuncUnit> <Opcode : 'select'> <InPorts = 3> <OutPorts = 1>
ST_2 : Operation 43 [1/1] (0.00ns) (grouped into LUT with out node response_result_6)   --->   "%sext_ln3104 = sext i32 %response_result_5" [/home/lab_726/boom/hls_boom/src/boom_core_merged.cpp:3104]   --->   Operation 43 'sext' 'sext_ln3104' <Predicate = (!icmp_ln1635_1 & !icmp_ln1635_2 & !icmp_ln1635_3 & !icmp_ln1635_4)> <Delay = 0.00>
ST_2 : Operation 44 [1/1] (0.44ns) (out node of the LUT)   --->   "%response_result_6 = select i1 %icmp_ln1635_1, i64 %high, i64 %sext_ln3104" [/home/lab_726/boom/hls_boom/src/boom_core_merged.cpp:1635]   --->   Operation 44 'select' 'response_result_6' <Predicate = (!icmp_ln1635_2 & !icmp_ln1635_3 & !icmp_ln1635_4)> <Delay = 0.44> <CoreInst = "Sel">   --->   Core 73 'Sel' <Latency = 0> <II = 1> <Delay = 0.42> <FuncUnit> <Opcode : 'select'> <InPorts = 3> <OutPorts = 1>
ST_2 : Operation 45 [1/1] (0.42ns) (out node of the LUT)   --->   "%response_result_7 = select i1 %icmp_ln1635_2, i64 %high_3, i64 %response_result_6" [/home/lab_726/boom/hls_boom/src/boom_core_merged.cpp:1635]   --->   Operation 45 'select' 'response_result_7' <Predicate = (!icmp_ln1635_3 & !icmp_ln1635_4)> <Delay = 0.42> <CoreInst = "Sel">   --->   Core 73 'Sel' <Latency = 0> <II = 1> <Delay = 0.42> <FuncUnit> <Opcode : 'select'> <InPorts = 3> <OutPorts = 1>
ST_2 : Operation 46 [1/1] (0.00ns) (grouped into LUT with out node response_result_9)   --->   "%response_result_8 = select i1 %icmp_ln1635_3, i64 %response_result_1, i64 %response_result_7" [/home/lab_726/boom/hls_boom/src/boom_core_merged.cpp:1635]   --->   Operation 46 'select' 'response_result_8' <Predicate = (!icmp_ln1635_4)> <Delay = 0.00> <CoreInst = "Sel">   --->   Core 73 'Sel' <Latency = 0> <II = 1> <Delay = 0.42> <FuncUnit> <Opcode : 'select'> <InPorts = 3> <OutPorts = 1>
ST_2 : Operation 47 [1/1] (0.42ns) (out node of the LUT)   --->   "%response_result_9 = select i1 %icmp_ln1635_4, i64 %response_result, i64 %response_result_8" [/home/lab_726/boom/hls_boom/src/boom_core_merged.cpp:1635]   --->   Operation 47 'select' 'response_result_9' <Predicate = true> <Delay = 0.42> <CoreInst = "Sel">   --->   Core 73 'Sel' <Latency = 0> <II = 1> <Delay = 0.42> <FuncUnit> <Opcode : 'select'> <InPorts = 3> <OutPorts = 1>
ST_2 : Operation 48 [1/1] (0.00ns)   --->   "%write_ln3105 = write void @_ssdm_op_Write.ap_auto.i64P0A, i64 %result, i64 %response_result_9" [/home/lab_726/boom/hls_boom/src/boom_core_merged.cpp:3105]   --->   Operation 48 'write' 'write_ln3105' <Predicate = true> <Delay = 0.00>
ST_2 : Operation 49 [1/1] (0.00ns)   --->   "%ret_ln3107 = ret" [/home/lab_726/boom/hls_boom/src/boom_core_merged.cpp:3107]   --->   Operation 49 'ret' 'ret_ln3107' <Predicate = true> <Delay = 0.00>


============================================================
+ Verbose Summary: Binding
============================================================
STG Binding: 
---------------- STG Properties BEGIN ----------------
- Is combinational: 0
- Is one-state seq: 0
- Is datapath-only: 0
- Is pipelined: 0
- Is top level: 1
Port [ Return ] is wired: 1; IO mode=ap_ctrl_hs:ce=0
Port [ operation]:  wired=1; compound=0; hidden=0; nouse=0; global=0; static=0; extern=0; dir=0; type=0; pingpong=0; private_global=0; IO mode=ap_none:ce=0
Port [ lhs]:  wired=1; compound=0; hidden=0; nouse=0; global=0; static=0; extern=0; dir=0; type=0; pingpong=0; private_global=0; IO mode=ap_none:ce=0
Port [ rhs]:  wired=1; compound=0; hidden=0; nouse=0; global=0; static=0; extern=0; dir=0; type=0; pingpong=0; private_global=0; IO mode=ap_none:ce=0
Port [ result]:  wired=1; compound=0; hidden=0; nouse=0; global=0; static=0; extern=0; dir=1; type=0; pingpong=0; private_global=0; IO mode=ap_vld:ce=0
Port [ valid]:  wired=1; compound=0; hidden=0; nouse=0; global=0; static=0; extern=0; dir=1; type=0; pingpong=0; private_global=0; IO mode=ap_vld:ce=0
---------------- STG Properties END ------------------

---------------- Datapath Model BEGIN ----------------

<LifeTime>
<method=bitvector/>
operation_read    (read         ) [ 000]
icmp_ln1635       (icmp         ) [ 001]
icmp_ln1635_1     (icmp         ) [ 001]
icmp_ln1635_2     (icmp         ) [ 001]
icmp_ln1635_3     (icmp         ) [ 001]
icmp_ln1635_4     (icmp         ) [ 001]
or_ln1635         (or           ) [ 000]
or_ln1635_1       (or           ) [ 000]
or_ln1635_2       (or           ) [ 000]
response_valid    (or           ) [ 000]
write_ln3106      (write        ) [ 000]
spectopmodule_ln0 (spectopmodule) [ 000]
specbitsmap_ln0   (specbitsmap  ) [ 000]
specinterface_ln0 (specinterface) [ 000]
specbitsmap_ln0   (specbitsmap  ) [ 000]
specinterface_ln0 (specinterface) [ 000]
specbitsmap_ln0   (specbitsmap  ) [ 000]
specinterface_ln0 (specinterface) [ 000]
specbitsmap_ln0   (specbitsmap  ) [ 000]
specinterface_ln0 (specinterface) [ 000]
specbitsmap_ln0   (specbitsmap  ) [ 000]
specinterface_ln0 (specinterface) [ 000]
rhs_read          (read         ) [ 000]
lhs_read          (read         ) [ 000]
zext_ln232        (zext         ) [ 000]
zext_ln232_1      (zext         ) [ 000]
ret               (mul          ) [ 000]
response_result   (trunc        ) [ 000]
sext_ln70         (sext         ) [ 000]
sext_ln70_1       (sext         ) [ 000]
product           (mul          ) [ 000]
response_result_1 (partselect   ) [ 000]
high              (partselect   ) [ 000]
tmp               (bitselect    ) [ 000]
high_1            (sub          ) [ 000]
high_3            (select       ) [ 000]
lhs_word          (trunc        ) [ 000]
rhs_word          (trunc        ) [ 000]
ret_1             (mul          ) [ 000]
response_result_5 (select       ) [ 000]
sext_ln3104       (sext         ) [ 000]
response_result_6 (select       ) [ 000]
response_result_7 (select       ) [ 000]
response_result_8 (select       ) [ 000]
response_result_9 (select       ) [ 000]
write_ln3105      (write        ) [ 000]
ret_ln3107        (ret          ) [ 000]
</LifeTime>

<model>

<comp_list>
<comp id="0" class="1000" name="operation">
<pin_list>
<pin id="1" dir="1" index="0" bw="1" slack="0"/>
</pin_list>
<bind>
<StgValue><ssdm name="operation"/></StgValue>
</bind>
</comp>

<comp id="2" class="1000" name="lhs">
<pin_list>
<pin id="3" dir="1" index="0" bw="1" slack="0"/>
</pin_list>
<bind>
<StgValue><ssdm name="lhs"/></StgValue>
</bind>
</comp>

<comp id="4" class="1000" name="rhs">
<pin_list>
<pin id="5" dir="1" index="0" bw="1" slack="0"/>
</pin_list>
<bind>
<StgValue><ssdm name="rhs"/></StgValue>
</bind>
</comp>

<comp id="6" class="1000" name="result">
<pin_list>
<pin id="7" dir="1" index="0" bw="1" slack="0"/>
</pin_list>
<bind>
<StgValue><ssdm name="result"/></StgValue>
</bind>
</comp>

<comp id="8" class="1000" name="valid">
<pin_list>
<pin id="9" dir="1" index="0" bw="1" slack="0"/>
</pin_list>
<bind>
<StgValue><ssdm name="valid"/></StgValue>
</bind>
</comp>

<comp id="10" class="1001" name="const_10">
<pin_list>
<pin id="11" dir="1" index="0" bw="1" slack="0"/>
</pin_list>
<bind>
<StgValue><ssdm name="_ssdm_op_Read.ap_auto.i8"/></StgValue>
</bind>
</comp>

<comp id="12" class="1001" name="const_12">
<pin_list>
<pin id="13" dir="1" index="0" bw="1" slack="0"/>
</pin_list>
<bind>
<StgValue><ssdm name=""/></StgValue>
</bind>
</comp>

<comp id="14" class="1001" name="const_14">
<pin_list>
<pin id="15" dir="1" index="0" bw="1" slack="0"/>
</pin_list>
<bind>
<StgValue><ssdm name=""/></StgValue>
</bind>
</comp>

<comp id="16" class="1001" name="const_16">
<pin_list>
<pin id="17" dir="1" index="0" bw="1" slack="0"/>
</pin_list>
<bind>
<StgValue><ssdm name=""/></StgValue>
</bind>
</comp>

<comp id="18" class="1001" name="const_18">
<pin_list>
<pin id="19" dir="1" index="0" bw="1" slack="0"/>
</pin_list>
<bind>
<StgValue><ssdm name=""/></StgValue>
</bind>
</comp>

<comp id="20" class="1001" name="const_20">
<pin_list>
<pin id="21" dir="1" index="0" bw="1" slack="0"/>
</pin_list>
<bind>
<StgValue><ssdm name=""/></StgValue>
</bind>
</comp>

<comp id="22" class="1001" name="const_22">
<pin_list>
<pin id="23" dir="1" index="0" bw="1" slack="0"/>
</pin_list>
<bind>
<StgValue><ssdm name="_ssdm_op_Write.ap_auto.i1P0A"/></StgValue>
</bind>
</comp>

<comp id="24" class="1001" name="const_24">
<pin_list>
<pin id="25" dir="1" index="0" bw="1" slack="2147483647"/>
</pin_list>
<bind>
<StgValue><ssdm name="_ssdm_op_SpecTopModule"/></StgValue>
</bind>
</comp>

<comp id="26" class="1001" name="const_26">
<pin_list>
<pin id="27" dir="1" index="0" bw="1" slack="2147483647"/>
</pin_list>
<bind>
<StgValue><ssdm name="empty_1"/></StgValue>
</bind>
</comp>

<comp id="28" class="1001" name="const_28">
<pin_list>
<pin id="29" dir="1" index="0" bw="1" slack="2147483647"/>
</pin_list>
<bind>
<StgValue><ssdm name="_ssdm_op_SpecBitsMap"/></StgValue>
</bind>
</comp>

<comp id="30" class="1001" name="const_30">
<pin_list>
<pin id="31" dir="1" index="0" bw="1" slack="2147483647"/>
</pin_list>
<bind>
<StgValue><ssdm name="_ssdm_op_SpecInterface"/></StgValue>
</bind>
</comp>

<comp id="32" class="1001" name="const_32">
<pin_list>
<pin id="33" dir="1" index="0" bw="1" slack="2147483647"/>
</pin_list>
<bind>
<StgValue><ssdm name="empty"/></StgValue>
</bind>
</comp>

<comp id="34" class="1001" name="const_34">
<pin_list>
<pin id="35" dir="1" index="0" bw="1" slack="0"/>
</pin_list>
<bind>
<StgValue><ssdm name=""/></StgValue>
</bind>
</comp>

<comp id="36" class="1001" name="const_36">
<pin_list>
<pin id="37" dir="1" index="0" bw="1" slack="2147483647"/>
</pin_list>
<bind>
<StgValue><ssdm name="empty_0"/></StgValue>
</bind>
</comp>

<comp id="38" class="1001" name="const_38">
<pin_list>
<pin id="39" dir="1" index="0" bw="1" slack="0"/>
</pin_list>
<bind>
<StgValue><ssdm name="_ssdm_op_Read.ap_auto.i64"/></StgValue>
</bind>
</comp>

<comp id="40" class="1001" name="const_40">
<pin_list>
<pin id="41" dir="1" index="0" bw="1" slack="0"/>
</pin_list>
<bind>
<StgValue><ssdm name="_ssdm_op_PartSelect.i64.i128.i32.i32"/></StgValue>
</bind>
</comp>

<comp id="42" class="1001" name="const_42">
<pin_list>
<pin id="43" dir="1" index="0" bw="1" slack="0"/>
</pin_list>
<bind>
<StgValue><ssdm name=""/></StgValue>
</bind>
</comp>

<comp id="44" class="1001" name="const_44">
<pin_list>
<pin id="45" dir="1" index="0" bw="1" slack="0"/>
</pin_list>
<bind>
<StgValue><ssdm name=""/></StgValue>
</bind>
</comp>

<comp id="46" class="1001" name="const_46">
<pin_list>
<pin id="47" dir="1" index="0" bw="1" slack="0"/>
</pin_list>
<bind>
<StgValue><ssdm name="_ssdm_op_BitSelect.i1.i64.i32"/></StgValue>
</bind>
</comp>

<comp id="48" class="1001" name="const_48">
<pin_list>
<pin id="49" dir="1" index="0" bw="1" slack="0"/>
</pin_list>
<bind>
<StgValue><ssdm name=""/></StgValue>
</bind>
</comp>

<comp id="50" class="1001" name="const_50">
<pin_list>
<pin id="51" dir="1" index="0" bw="1" slack="0"/>
</pin_list>
<bind>
<StgValue><ssdm name="_ssdm_op_Write.ap_auto.i64P0A"/></StgValue>
</bind>
</comp>

<comp id="52" class="1004" name="operation_read_read_fu_52">
<pin_list>
<pin id="53" dir="0" index="0" bw="8" slack="0"/>
<pin id="54" dir="0" index="1" bw="8" slack="0"/>
<pin id="55" dir="1" index="2" bw="8" slack="0"/>
</pin_list>
<bind>
<opcode="read(1150) " fcode="read"/>
<opset="operation_read/1 "/>
</bind>
</comp>

<comp id="58" class="1004" name="write_ln3106_write_fu_58">
<pin_list>
<pin id="59" dir="0" index="0" bw="0" slack="0"/>
<pin id="60" dir="0" index="1" bw="1" slack="0"/>
<pin id="61" dir="0" index="2" bw="1" slack="0"/>
<pin id="62" dir="1" index="3" bw="0" slack="2147483647"/>
</pin_list>
<bind>
<opcode="write(1151) " fcode="write"/>
<opset="write_ln3106/1 "/>
</bind>
</comp>

<comp id="65" class="1004" name="rhs_read_read_fu_65">
<pin_list>
<pin id="66" dir="0" index="0" bw="64" slack="0"/>
<pin id="67" dir="0" index="1" bw="64" slack="0"/>
<pin id="68" dir="1" index="2" bw="64" slack="0"/>
</pin_list>
<bind>
<opcode="read(1150) " fcode="read"/>
<opset="rhs_read/2 "/>
</bind>
</comp>

<comp id="71" class="1004" name="lhs_read_read_fu_71">
<pin_list>
<pin id="72" dir="0" index="0" bw="64" slack="0"/>
<pin id="73" dir="0" index="1" bw="64" slack="0"/>
<pin id="74" dir="1" index="2" bw="64" slack="0"/>
</pin_list>
<bind>
<opcode="read(1150) " fcode="read"/>
<opset="lhs_read/2 "/>
</bind>
</comp>

<comp id="77" class="1004" name="write_ln3105_write_fu_77">
<pin_list>
<pin id="78" dir="0" index="0" bw="0" slack="0"/>
<pin id="79" dir="0" index="1" bw="64" slack="0"/>
<pin id="80" dir="0" index="2" bw="64" slack="0"/>
<pin id="81" dir="1" index="3" bw="0" slack="2147483647"/>
</pin_list>
<bind>
<opcode="write(1151) " fcode="write"/>
<opset="write_ln3105/2 "/>
</bind>
</comp>

<comp id="84" class="1004" name="icmp_ln1635_fu_84">
<pin_list>
<pin id="85" dir="0" index="0" bw="8" slack="0"/>
<pin id="86" dir="0" index="1" bw="4" slack="0"/>
<pin id="87" dir="1" index="2" bw="1" slack="0"/>
</pin_list>
<bind>
<opcode="icmp(45) " fcode="icmp"/>
<opset="icmp_ln1635/1 "/>
</bind>
</comp>

<comp id="90" class="1004" name="icmp_ln1635_1_fu_90">
<pin_list>
<pin id="91" dir="0" index="0" bw="8" slack="0"/>
<pin id="92" dir="0" index="1" bw="3" slack="0"/>
<pin id="93" dir="1" index="2" bw="1" slack="0"/>
</pin_list>
<bind>
<opcode="icmp(45) " fcode="icmp"/>
<opset="icmp_ln1635_1/1 "/>
</bind>
</comp>

<comp id="96" class="1004" name="icmp_ln1635_2_fu_96">
<pin_list>
<pin id="97" dir="0" index="0" bw="8" slack="0"/>
<pin id="98" dir="0" index="1" bw="3" slack="0"/>
<pin id="99" dir="1" index="2" bw="1" slack="0"/>
</pin_list>
<bind>
<opcode="icmp(45) " fcode="icmp"/>
<opset="icmp_ln1635_2/1 "/>
</bind>
</comp>

<comp id="102" class="1004" name="icmp_ln1635_3_fu_102">
<pin_list>
<pin id="103" dir="0" index="0" bw="8" slack="0"/>
<pin id="104" dir="0" index="1" bw="1" slack="0"/>
<pin id="105" dir="1" index="2" bw="1" slack="0"/>
</pin_list>
<bind>
<opcode="icmp(45) " fcode="icmp"/>
<opset="icmp_ln1635_3/1 "/>
</bind>
</comp>

<comp id="108" class="1004" name="icmp_ln1635_4_fu_108">
<pin_list>
<pin id="109" dir="0" index="0" bw="8" slack="0"/>
<pin id="110" dir="0" index="1" bw="1" slack="0"/>
<pin id="111" dir="1" index="2" bw="1" slack="0"/>
</pin_list>
<bind>
<opcode="icmp(45) " fcode="icmp"/>
<opset="icmp_ln1635_4/1 "/>
</bind>
</comp>

<comp id="114" class="1004" name="or_ln1635_fu_114">
<pin_list>
<pin id="115" dir="0" index="0" bw="1" slack="0"/>
<pin id="116" dir="0" index="1" bw="1" slack="0"/>
<pin id="117" dir="1" index="2" bw="1" slack="0"/>
</pin_list>
<bind>
<opcode="or(24) " fcode="or"/>
<opset="or_ln1635/1 "/>
</bind>
</comp>

<comp id="120" class="1004" name="or_ln1635_1_fu_120">
<pin_list>
<pin id="121" dir="0" index="0" bw="1" slack="0"/>
<pin id="122" dir="0" index="1" bw="1" slack="0"/>
<pin id="123" dir="1" index="2" bw="1" slack="0"/>
</pin_list>
<bind>
<opcode="or(24) " fcode="or"/>
<opset="or_ln1635_1/1 "/>
</bind>
</comp>

<comp id="126" class="1004" name="or_ln1635_2_fu_126">
<pin_list>
<pin id="127" dir="0" index="0" bw="1" slack="0"/>
<pin id="128" dir="0" index="1" bw="1" slack="0"/>
<pin id="129" dir="1" index="2" bw="1" slack="0"/>
</pin_list>
<bind>
<opcode="or(24) " fcode="or"/>
<opset="or_ln1635_2/1 "/>
</bind>
</comp>

<comp id="132" class="1004" name="response_valid_fu_132">
<pin_list>
<pin id="133" dir="0" index="0" bw="1" slack="0"/>
<pin id="134" dir="0" index="1" bw="1" slack="0"/>
<pin id="135" dir="1" index="2" bw="1" slack="0"/>
</pin_list>
<bind>
<opcode="or(24) " fcode="or"/>
<opset="response_valid/1 "/>
</bind>
</comp>

<comp id="139" class="1004" name="zext_ln232_fu_139">
<pin_list>
<pin id="140" dir="0" index="0" bw="64" slack="0"/>
<pin id="141" dir="1" index="1" bw="128" slack="0"/>
</pin_list>
<bind>
<opcode="zext(34) " fcode="zext"/>
<opset="zext_ln232/2 "/>
</bind>
</comp>

<comp id="143" class="1004" name="zext_ln232_1_fu_143">
<pin_list>
<pin id="144" dir="0" index="0" bw="64" slack="0"/>
<pin id="145" dir="1" index="1" bw="128" slack="0"/>
</pin_list>
<bind>
<opcode="zext(34) " fcode="zext"/>
<opset="zext_ln232_1/2 "/>
</bind>
</comp>

<comp id="147" class="1004" name="ret_fu_147">
<pin_list>
<pin id="148" dir="0" index="0" bw="64" slack="0"/>
<pin id="149" dir="0" index="1" bw="64" slack="0"/>
<pin id="150" dir="1" index="2" bw="128" slack="0"/>
</pin_list>
<bind>
<opcode="mul(12) " fcode="mul"/>
<opset="ret/2 "/>
</bind>
</comp>

<comp id="153" class="1004" name="response_result_fu_153">
<pin_list>
<pin id="154" dir="0" index="0" bw="128" slack="0"/>
<pin id="155" dir="1" index="1" bw="64" slack="0"/>
</pin_list>
<bind>
<opcode="trunc(33) " fcode="trunc"/>
<opset="response_result/2 "/>
</bind>
</comp>

<comp id="157" class="1004" name="sext_ln70_fu_157">
<pin_list>
<pin id="158" dir="0" index="0" bw="64" slack="0"/>
<pin id="159" dir="1" index="1" bw="128" slack="0"/>
</pin_list>
<bind>
<opcode="sext(35) " fcode="sext"/>
<opset="sext_ln70/2 "/>
</bind>
</comp>

<comp id="161" class="1004" name="sext_ln70_1_fu_161">
<pin_list>
<pin id="162" dir="0" index="0" bw="64" slack="0"/>
<pin id="163" dir="1" index="1" bw="128" slack="0"/>
</pin_list>
<bind>
<opcode="sext(35) " fcode="sext"/>
<opset="sext_ln70_1/2 "/>
</bind>
</comp>

<comp id="165" class="1004" name="product_fu_165">
<pin_list>
<pin id="166" dir="0" index="0" bw="64" slack="0"/>
<pin id="167" dir="0" index="1" bw="64" slack="0"/>
<pin id="168" dir="1" index="2" bw="128" slack="0"/>
</pin_list>
<bind>
<opcode="mul(12) " fcode="mul"/>
<opset="product/2 "/>
</bind>
</comp>

<comp id="171" class="1004" name="response_result_1_fu_171">
<pin_list>
<pin id="172" dir="0" index="0" bw="64" slack="0"/>
<pin id="173" dir="0" index="1" bw="128" slack="0"/>
<pin id="174" dir="0" index="2" bw="8" slack="0"/>
<pin id="175" dir="0" index="3" bw="8" slack="0"/>
<pin id="176" dir="1" index="4" bw="64" slack="0"/>
</pin_list>
<bind>
<opcode="partselect(1002) " fcode="partselect"/>
<opset="response_result_1/2 "/>
</bind>
</comp>

<comp id="181" class="1004" name="high_fu_181">
<pin_list>
<pin id="182" dir="0" index="0" bw="64" slack="0"/>
<pin id="183" dir="0" index="1" bw="128" slack="0"/>
<pin id="184" dir="0" index="2" bw="8" slack="0"/>
<pin id="185" dir="0" index="3" bw="8" slack="0"/>
<pin id="186" dir="1" index="4" bw="64" slack="0"/>
</pin_list>
<bind>
<opcode="partselect(1002) " fcode="partselect"/>
<opset="high/2 "/>
</bind>
</comp>

<comp id="191" class="1004" name="tmp_fu_191">
<pin_list>
<pin id="192" dir="0" index="0" bw="1" slack="0"/>
<pin id="193" dir="0" index="1" bw="64" slack="0"/>
<pin id="194" dir="0" index="2" bw="7" slack="0"/>
<pin id="195" dir="1" index="3" bw="1" slack="0"/>
</pin_list>
<bind>
<opcode="bitselect(1000) " fcode="bitselect"/>
<opset="tmp/2 "/>
</bind>
</comp>

<comp id="199" class="1004" name="high_1_fu_199">
<pin_list>
<pin id="200" dir="0" index="0" bw="64" slack="0"/>
<pin id="201" dir="0" index="1" bw="64" slack="0"/>
<pin id="202" dir="1" index="2" bw="64" slack="0"/>
</pin_list>
<bind>
<opcode="sub(10) " fcode="sub"/>
<opset="high_1/2 "/>
</bind>
</comp>

<comp id="205" class="1004" name="high_3_fu_205">
<pin_list>
<pin id="206" dir="0" index="0" bw="1" slack="0"/>
<pin id="207" dir="0" index="1" bw="64" slack="0"/>
<pin id="208" dir="0" index="2" bw="64" slack="0"/>
<pin id="209" dir="1" index="3" bw="64" slack="0"/>
</pin_list>
<bind>
<opcode="select(49) " fcode="select"/>
<opset="high_3/2 "/>
</bind>
</comp>

<comp id="213" class="1004" name="lhs_word_fu_213">
<pin_list>
<pin id="214" dir="0" index="0" bw="64" slack="0"/>
<pin id="215" dir="1" index="1" bw="32" slack="0"/>
</pin_list>
<bind>
<opcode="trunc(33) " fcode="trunc"/>
<opset="lhs_word/2 "/>
</bind>
</comp>

<comp id="217" class="1004" name="rhs_word_fu_217">
<pin_list>
<pin id="218" dir="0" index="0" bw="64" slack="0"/>
<pin id="219" dir="1" index="1" bw="32" slack="0"/>
</pin_list>
<bind>
<opcode="trunc(33) " fcode="trunc"/>
<opset="rhs_word/2 "/>
</bind>
</comp>

<comp id="221" class="1004" name="ret_1_fu_221">
<pin_list>
<pin id="222" dir="0" index="0" bw="32" slack="0"/>
<pin id="223" dir="0" index="1" bw="32" slack="0"/>
<pin id="224" dir="1" index="2" bw="32" slack="0"/>
</pin_list>
<bind>
<opcode="mul(12) " fcode="mul"/>
<opset="ret_1/2 "/>
</bind>
</comp>

<comp id="227" class="1004" name="response_result_5_fu_227">
<pin_list>
<pin id="228" dir="0" index="0" bw="1" slack="1"/>
<pin id="229" dir="0" index="1" bw="32" slack="0"/>
<pin id="230" dir="0" index="2" bw="1" slack="0"/>
<pin id="231" dir="1" index="3" bw="32" slack="0"/>
</pin_list>
<bind>
<opcode="select(49) " fcode="select"/>
<opset="response_result_5/2 "/>
</bind>
</comp>

<comp id="234" class="1004" name="sext_ln3104_fu_234">
<pin_list>
<pin id="235" dir="0" index="0" bw="32" slack="0"/>
<pin id="236" dir="1" index="1" bw="64" slack="0"/>
</pin_list>
<bind>
<opcode="sext(35) " fcode="sext"/>
<opset="sext_ln3104/2 "/>
</bind>
</comp>

<comp id="238" class="1004" name="response_result_6_fu_238">
<pin_list>
<pin id="239" dir="0" index="0" bw="1" slack="1"/>
<pin id="240" dir="0" index="1" bw="64" slack="0"/>
<pin id="241" dir="0" index="2" bw="32" slack="0"/>
<pin id="242" dir="1" index="3" bw="64" slack="0"/>
</pin_list>
<bind>
<opcode="select(49) " fcode="select"/>
<opset="response_result_6/2 "/>
</bind>
</comp>

<comp id="245" class="1004" name="response_result_7_fu_245">
<pin_list>
<pin id="246" dir="0" index="0" bw="1" slack="1"/>
<pin id="247" dir="0" index="1" bw="64" slack="0"/>
<pin id="248" dir="0" index="2" bw="64" slack="0"/>
<pin id="249" dir="1" index="3" bw="64" slack="0"/>
</pin_list>
<bind>
<opcode="select(49) " fcode="select"/>
<opset="response_result_7/2 "/>
</bind>
</comp>

<comp id="252" class="1004" name="response_result_8_fu_252">
<pin_list>
<pin id="253" dir="0" index="0" bw="1" slack="1"/>
<pin id="254" dir="0" index="1" bw="64" slack="0"/>
<pin id="255" dir="0" index="2" bw="64" slack="0"/>
<pin id="256" dir="1" index="3" bw="64" slack="0"/>
</pin_list>
<bind>
<opcode="select(49) " fcode="select"/>
<opset="response_result_8/2 "/>
</bind>
</comp>

<comp id="259" class="1004" name="response_result_9_fu_259">
<pin_list>
<pin id="260" dir="0" index="0" bw="1" slack="1"/>
<pin id="261" dir="0" index="1" bw="64" slack="0"/>
<pin id="262" dir="0" index="2" bw="64" slack="0"/>
<pin id="263" dir="1" index="3" bw="64" slack="0"/>
</pin_list>
<bind>
<opcode="select(49) " fcode="select"/>
<opset="response_result_9/2 "/>
</bind>
</comp>

<comp id="267" class="1005" name="icmp_ln1635_reg_267">
<pin_list>
<pin id="268" dir="0" index="0" bw="1" slack="1"/>
<pin id="269" dir="1" index="1" bw="1" slack="1"/>
</pin_list>
<bind>
<opset="icmp_ln1635 "/>
</bind>
</comp>

<comp id="272" class="1005" name="icmp_ln1635_1_reg_272">
<pin_list>
<pin id="273" dir="0" index="0" bw="1" slack="1"/>
<pin id="274" dir="1" index="1" bw="1" slack="1"/>
</pin_list>
<bind>
<opset="icmp_ln1635_1 "/>
</bind>
</comp>

<comp id="277" class="1005" name="icmp_ln1635_2_reg_277">
<pin_list>
<pin id="278" dir="0" index="0" bw="1" slack="1"/>
<pin id="279" dir="1" index="1" bw="1" slack="1"/>
</pin_list>
<bind>
<opset="icmp_ln1635_2 "/>
</bind>
</comp>

<comp id="282" class="1005" name="icmp_ln1635_3_reg_282">
<pin_list>
<pin id="283" dir="0" index="0" bw="1" slack="1"/>
<pin id="284" dir="1" index="1" bw="1" slack="1"/>
</pin_list>
<bind>
<opset="icmp_ln1635_3 "/>
</bind>
</comp>

<comp id="287" class="1005" name="icmp_ln1635_4_reg_287">
<pin_list>
<pin id="288" dir="0" index="0" bw="1" slack="1"/>
<pin id="289" dir="1" index="1" bw="1" slack="1"/>
</pin_list>
<bind>
<opset="icmp_ln1635_4 "/>
</bind>
</comp>

</comp_list>

<net_list>
<net id="56"><net_src comp="10" pin="0"/><net_sink comp="52" pin=0"/></net>

<net id="57"><net_src comp="0" pin="0"/><net_sink comp="52" pin=1"/></net>

<net id="63"><net_src comp="22" pin="0"/><net_sink comp="58" pin=0"/></net>

<net id="64"><net_src comp="8" pin="0"/><net_sink comp="58" pin=1"/></net>

<net id="69"><net_src comp="38" pin="0"/><net_sink comp="65" pin=0"/></net>

<net id="70"><net_src comp="4" pin="0"/><net_sink comp="65" pin=1"/></net>

<net id="75"><net_src comp="38" pin="0"/><net_sink comp="71" pin=0"/></net>

<net id="76"><net_src comp="2" pin="0"/><net_sink comp="71" pin=1"/></net>

<net id="82"><net_src comp="50" pin="0"/><net_sink comp="77" pin=0"/></net>

<net id="83"><net_src comp="6" pin="0"/><net_sink comp="77" pin=1"/></net>

<net id="88"><net_src comp="52" pin="2"/><net_sink comp="84" pin=0"/></net>

<net id="89"><net_src comp="12" pin="0"/><net_sink comp="84" pin=1"/></net>

<net id="94"><net_src comp="52" pin="2"/><net_sink comp="90" pin=0"/></net>

<net id="95"><net_src comp="14" pin="0"/><net_sink comp="90" pin=1"/></net>

<net id="100"><net_src comp="52" pin="2"/><net_sink comp="96" pin=0"/></net>

<net id="101"><net_src comp="16" pin="0"/><net_sink comp="96" pin=1"/></net>

<net id="106"><net_src comp="52" pin="2"/><net_sink comp="102" pin=0"/></net>

<net id="107"><net_src comp="18" pin="0"/><net_sink comp="102" pin=1"/></net>

<net id="112"><net_src comp="52" pin="2"/><net_sink comp="108" pin=0"/></net>

<net id="113"><net_src comp="20" pin="0"/><net_sink comp="108" pin=1"/></net>

<net id="118"><net_src comp="90" pin="2"/><net_sink comp="114" pin=0"/></net>

<net id="119"><net_src comp="84" pin="2"/><net_sink comp="114" pin=1"/></net>

<net id="124"><net_src comp="102" pin="2"/><net_sink comp="120" pin=0"/></net>

<net id="125"><net_src comp="108" pin="2"/><net_sink comp="120" pin=1"/></net>

<net id="130"><net_src comp="120" pin="2"/><net_sink comp="126" pin=0"/></net>

<net id="131"><net_src comp="96" pin="2"/><net_sink comp="126" pin=1"/></net>

<net id="136"><net_src comp="126" pin="2"/><net_sink comp="132" pin=0"/></net>

<net id="137"><net_src comp="114" pin="2"/><net_sink comp="132" pin=1"/></net>

<net id="138"><net_src comp="132" pin="2"/><net_sink comp="58" pin=2"/></net>

<net id="142"><net_src comp="71" pin="2"/><net_sink comp="139" pin=0"/></net>

<net id="146"><net_src comp="65" pin="2"/><net_sink comp="143" pin=0"/></net>

<net id="151"><net_src comp="143" pin="1"/><net_sink comp="147" pin=0"/></net>

<net id="152"><net_src comp="139" pin="1"/><net_sink comp="147" pin=1"/></net>

<net id="156"><net_src comp="147" pin="2"/><net_sink comp="153" pin=0"/></net>

<net id="160"><net_src comp="71" pin="2"/><net_sink comp="157" pin=0"/></net>

<net id="164"><net_src comp="65" pin="2"/><net_sink comp="161" pin=0"/></net>

<net id="169"><net_src comp="161" pin="1"/><net_sink comp="165" pin=0"/></net>

<net id="170"><net_src comp="157" pin="1"/><net_sink comp="165" pin=1"/></net>

<net id="177"><net_src comp="40" pin="0"/><net_sink comp="171" pin=0"/></net>

<net id="178"><net_src comp="165" pin="2"/><net_sink comp="171" pin=1"/></net>

<net id="179"><net_src comp="42" pin="0"/><net_sink comp="171" pin=2"/></net>

<net id="180"><net_src comp="44" pin="0"/><net_sink comp="171" pin=3"/></net>

<net id="187"><net_src comp="40" pin="0"/><net_sink comp="181" pin=0"/></net>

<net id="188"><net_src comp="147" pin="2"/><net_sink comp="181" pin=1"/></net>

<net id="189"><net_src comp="42" pin="0"/><net_sink comp="181" pin=2"/></net>

<net id="190"><net_src comp="44" pin="0"/><net_sink comp="181" pin=3"/></net>

<net id="196"><net_src comp="46" pin="0"/><net_sink comp="191" pin=0"/></net>

<net id="197"><net_src comp="71" pin="2"/><net_sink comp="191" pin=1"/></net>

<net id="198"><net_src comp="48" pin="0"/><net_sink comp="191" pin=2"/></net>

<net id="203"><net_src comp="181" pin="4"/><net_sink comp="199" pin=0"/></net>

<net id="204"><net_src comp="65" pin="2"/><net_sink comp="199" pin=1"/></net>

<net id="210"><net_src comp="191" pin="3"/><net_sink comp="205" pin=0"/></net>

<net id="211"><net_src comp="199" pin="2"/><net_sink comp="205" pin=1"/></net>

<net id="212"><net_src comp="181" pin="4"/><net_sink comp="205" pin=2"/></net>

<net id="216"><net_src comp="71" pin="2"/><net_sink comp="213" pin=0"/></net>

<net id="220"><net_src comp="65" pin="2"/><net_sink comp="217" pin=0"/></net>

<net id="225"><net_src comp="217" pin="1"/><net_sink comp="221" pin=0"/></net>

<net id="226"><net_src comp="213" pin="1"/><net_sink comp="221" pin=1"/></net>

<net id="232"><net_src comp="221" pin="2"/><net_sink comp="227" pin=1"/></net>

<net id="233"><net_src comp="34" pin="0"/><net_sink comp="227" pin=2"/></net>

<net id="237"><net_src comp="227" pin="3"/><net_sink comp="234" pin=0"/></net>

<net id="243"><net_src comp="181" pin="4"/><net_sink comp="238" pin=1"/></net>

<net id="244"><net_src comp="234" pin="1"/><net_sink comp="238" pin=2"/></net>

<net id="250"><net_src comp="205" pin="3"/><net_sink comp="245" pin=1"/></net>

<net id="251"><net_src comp="238" pin="3"/><net_sink comp="245" pin=2"/></net>

<net id="257"><net_src comp="171" pin="4"/><net_sink comp="252" pin=1"/></net>

<net id="258"><net_src comp="245" pin="3"/><net_sink comp="252" pin=2"/></net>

<net id="264"><net_src comp="153" pin="1"/><net_sink comp="259" pin=1"/></net>

<net id="265"><net_src comp="252" pin="3"/><net_sink comp="259" pin=2"/></net>

<net id="266"><net_src comp="259" pin="3"/><net_sink comp="77" pin=2"/></net>

<net id="270"><net_src comp="84" pin="2"/><net_sink comp="267" pin=0"/></net>

<net id="271"><net_src comp="267" pin="1"/><net_sink comp="227" pin=0"/></net>

<net id="275"><net_src comp="90" pin="2"/><net_sink comp="272" pin=0"/></net>

<net id="276"><net_src comp="272" pin="1"/><net_sink comp="238" pin=0"/></net>

<net id="280"><net_src comp="96" pin="2"/><net_sink comp="277" pin=0"/></net>

<net id="281"><net_src comp="277" pin="1"/><net_sink comp="245" pin=0"/></net>

<net id="285"><net_src comp="102" pin="2"/><net_sink comp="282" pin=0"/></net>

<net id="286"><net_src comp="282" pin="1"/><net_sink comp="252" pin=0"/></net>

<net id="290"><net_src comp="108" pin="2"/><net_sink comp="287" pin=0"/></net>

<net id="291"><net_src comp="287" pin="1"/><net_sink comp="259" pin=0"/></net>

</net_list>

</model> 
---------------- Datapath Model END ------------------

* FSMD analyzer results:
  - Output states:
	Port: result | {2 }
	Port: valid | {1 }
 - Input state : 
	Port: synth_mul_top : operation | {1 }
	Port: synth_mul_top : lhs | {2 }
	Port: synth_mul_top : rhs | {2 }
  - Chain level:
	State 1
		or_ln1635 : 1
		or_ln1635_1 : 1
		or_ln1635_2 : 1
		response_valid : 1
		write_ln3106 : 1
	State 2
		ret : 1
		response_result : 2
		product : 1
		response_result_1 : 2
		high : 2
		high_1 : 3
		high_3 : 4
		ret_1 : 1
		response_result_5 : 2
		sext_ln3104 : 3
		response_result_6 : 4
		response_result_7 : 5
		response_result_8 : 6
		response_result_9 : 7
		write_ln3105 : 8


============================================================
+ Verbose Summary: Datapath Resource usage 
============================================================

* Functional unit list:
|----------|---------------------------|---------|---------|---------|
| Operation|      Functional Unit      |   DSP   |    FF   |   LUT   |
|----------|---------------------------|---------|---------|---------|
|          |       high_3_fu_205       |    0    |    0    |    64   |
|          |  response_result_5_fu_227 |    0    |    0    |    32   |
|  select  |  response_result_6_fu_238 |    0    |    0    |    64   |
|          |  response_result_7_fu_245 |    0    |    0    |    64   |
|          |  response_result_8_fu_252 |    0    |    0    |    64   |
|          |  response_result_9_fu_259 |    0    |    0    |    64   |
|----------|---------------------------|---------|---------|---------|
|          |         ret_fu_147        |    15   |    0    |    46   |
|    mul   |       product_fu_165      |    15   |    0    |    46   |
|          |        ret_1_fu_221       |    3    |    0    |    20   |
|----------|---------------------------|---------|---------|---------|
|    sub   |       high_1_fu_199       |    0    |    0    |    71   |
|----------|---------------------------|---------|---------|---------|
|          |     icmp_ln1635_fu_84     |    0    |    0    |    11   |
|          |    icmp_ln1635_1_fu_90    |    0    |    0    |    11   |
|   icmp   |    icmp_ln1635_2_fu_96    |    0    |    0    |    11   |
|          |    icmp_ln1635_3_fu_102   |    0    |    0    |    11   |
|          |    icmp_ln1635_4_fu_108   |    0    |    0    |    11   |
|----------|---------------------------|---------|---------|---------|
|          |      or_ln1635_fu_114     |    0    |    0    |    2    |
|    or    |     or_ln1635_1_fu_120    |    0    |    0    |    2    |
|          |     or_ln1635_2_fu_126    |    0    |    0    |    2    |
|          |   response_valid_fu_132   |    0    |    0    |    2    |
|----------|---------------------------|---------|---------|---------|
|          | operation_read_read_fu_52 |    0    |    0    |    0    |
|   read   |    rhs_read_read_fu_65    |    0    |    0    |    0    |
|          |    lhs_read_read_fu_71    |    0    |    0    |    0    |
|----------|---------------------------|---------|---------|---------|
|   write  |  write_ln3106_write_fu_58 |    0    |    0    |    0    |
|          |  write_ln3105_write_fu_77 |    0    |    0    |    0    |
|----------|---------------------------|---------|---------|---------|
|   zext   |     zext_ln232_fu_139     |    0    |    0    |    0    |
|          |    zext_ln232_1_fu_143    |    0    |    0    |    0    |
|----------|---------------------------|---------|---------|---------|
|          |   response_result_fu_153  |    0    |    0    |    0    |
|   trunc  |      lhs_word_fu_213      |    0    |    0    |    0    |
|          |      rhs_word_fu_217      |    0    |    0    |    0    |
|----------|---------------------------|---------|---------|---------|
|          |      sext_ln70_fu_157     |    0    |    0    |    0    |
|   sext   |     sext_ln70_1_fu_161    |    0    |    0    |    0    |
|          |     sext_ln3104_fu_234    |    0    |    0    |    0    |
|----------|---------------------------|---------|---------|---------|
|partselect|  response_result_1_fu_171 |    0    |    0    |    0    |
|          |        high_fu_181        |    0    |    0    |    0    |
|----------|---------------------------|---------|---------|---------|
| bitselect|         tmp_fu_191        |    0    |    0    |    0    |
|----------|---------------------------|---------|---------|---------|
|   Total  |                           |    33   |    0    |   598   |
|----------|---------------------------|---------|---------|---------|

Memories:
N/A

* Register list:
+---------------------+--------+
|                     |   FF   |
+---------------------+--------+
|icmp_ln1635_1_reg_272|    1   |
|icmp_ln1635_2_reg_277|    1   |
|icmp_ln1635_3_reg_282|    1   |
|icmp_ln1635_4_reg_287|    1   |
| icmp_ln1635_reg_267 |    1   |
+---------------------+--------+
|        Total        |    5   |
+---------------------+--------+

* Multiplexer (MUX) list: 
|--------|------|------|------|--------|
|  Comp  |  Pin | Size |  BW  | S x BW |
|--------|------|------|------|--------|
|  Total |      |      |      |    0   |
|--------|------|------|------|--------|



* Summary:
+-----------+--------+--------+--------+
|           |   DSP  |   FF   |   LUT  |
+-----------+--------+--------+--------+
|  Function |   33   |    0   |   598  |
|   Memory  |    -   |    -   |    -   |
|Multiplexer|    -   |    -   |    -   |
|  Register |    -   |    5   |    -   |
+-----------+--------+--------+--------+
|   Total   |   33   |    5   |   598  |
+-----------+--------+--------+--------+
