INFO: [VRFC 10-2263] Analyzing Verilog file "/home/lab_726/boom/hls_boom/build/gate4_1/m3c_w4_rtl/hls_core_step_retention_project/solution_w4_rtl/syn/verilog/synth_w4_core_step_retention_top_apply_writeback_ports.v" into library work
INFO: [VRFC 10-311] analyzing module synth_w4_core_step_retention_top_apply_writeback_ports
INFO: [VRFC 10-2263] Analyzing Verilog file "/home/lab_726/boom/hls_boom/build/gate4_1/m3c_w4_rtl/hls_core_step_retention_project/solution_w4_rtl/syn/verilog/synth_w4_core_step_retention_top_boom_core_step.v" into library work
INFO: [VRFC 10-311] analyzing module synth_w4_core_step_retention_top_boom_core_step
INFO: [VRFC 10-2263] Analyzing Verilog file "/home/lab_726/boom/hls_boom/build/gate4_1/m3c_w4_rtl/hls_core_step_retention_project/solution_w4_rtl/syn/verilog/synth_w4_core_step_retention_top_branch_complete_event.v" into library work
INFO: [VRFC 10-311] analyzing module synth_w4_core_step_retention_top_branch_complete_event
INFO: [VRFC 10-2263] Analyzing Verilog file "/home/lab_726/boom/hls_boom/build/gate4_1/m3c_w4_rtl/hls_core_step_retention_project/solution_w4_rtl/syn/verilog/synth_w4_core_step_retention_top_clear_resolved_masks_in_state.v" into library work
INFO: [VRFC 10-311] analyzing module synth_w4_core_step_retention_top_clear_resolved_masks_in_state
INFO: [VRFC 10-2263] Analyzing Verilog file "/home/lab_726/boom/hls_boom/build/gate4_1/m3c_w4_rtl/hls_core_step_retention_project/solution_w4_rtl/syn/verilog/synth_w4_core_step_retention_top_compact_iq.v" into library work
INFO: [VRFC 10-311] analyzing module synth_w4_core_step_retention_top_compact_iq
INFO: [VRFC 10-2263] Analyzing Verilog file "/home/lab_726/boom/hls_boom/build/gate4_1/m3c_w4_rtl/hls_core_step_retention_project/solution_w4_rtl/syn/verilog/synth_w4_core_step_retention_top_compact_issue_queue_temp_uop_csr_addr_RAM_AUTO_1R1W.v" into library work
INFO: [VRFC 10-311] analyzing module synth_w4_core_step_retention_top_compact_issue_queue_temp_uop_csr_addr_RAM_AUTO_1R1W
INFO: [VRFC 10-2263] Analyzing Verilog file "/home/lab_726/boom/hls_boom/build/gate4_1/m3c_w4_rtl/hls_core_step_retention_project/solution_w4_rtl/syn/verilog/synth_w4_core_step_retention_top_compact_issue_queue_temp_uop_debug_pc_RAM_AUTO_1R1W.v" into library work
INFO: [VRFC 10-311] analyzing module synth_w4_core_step_retention_top_compact_issue_queue_temp_uop_debug_pc_RAM_AUTO_1R1W
INFO: [VRFC 10-2263] Analyzing Verilog file "/home/lab_726/boom/hls_boom/build/gate4_1/m3c_w4_rtl/hls_core_step_retention_project/solution_w4_rtl/syn/verilog/synth_w4_core_step_retention_top_compact_issue_queue_temp_uop_inst_RAM_AUTO_1R1W.v" into library work
INFO: [VRFC 10-311] analyzing module synth_w4_core_step_retention_top_compact_issue_queue_temp_uop_inst_RAM_AUTO_1R1W
INFO: [VRFC 10-2263] Analyzing Verilog file "/home/lab_726/boom/hls_boom/build/gate4_1/m3c_w4_rtl/hls_core_step_retention_project/solution_w4_rtl/syn/verilog/synth_w4_core_step_retention_top_compact_issue_queue_temp_uop_uopc_RAM_AUTO_1R1W.v" into library work
INFO: [VRFC 10-311] analyzing module synth_w4_core_step_retention_top_compact_issue_queue_temp_uop_uopc_RAM_AUTO_1R1W
INFO: [VRFC 10-2263] Analyzing Verilog file "/home/lab_726/boom/hls_boom/build/gate4_1/m3c_w4_rtl/hls_core_step_retention_project/solution_w4_rtl/syn/verilog/synth_w4_core_step_retention_top_compact_issue_queue_temp_valid_RAM_AUTO_1R1W.v" into library work
INFO: [VRFC 10-311] analyzing module synth_w4_core_step_retention_top_compact_issue_queue_temp_valid_RAM_AUTO_1R1W
INFO: [VRFC 10-2263] Analyzing Verilog file "/home/lab_726/boom/hls_boom/build/gate4_1/m3c_w4_rtl/hls_core_step_retention_project/solution_w4_rtl/syn/verilog/synth_w4_core_step_retention_top_compact_issue_queue.v" into library work
INFO: [VRFC 10-311] analyzing module synth_w4_core_step_retention_top_compact_issue_queue
INFO: [VRFC 10-2263] Analyzing Verilog file "/home/lab_726/boom/hls_boom/build/gate4_1/m3c_w4_rtl/hls_core_step_retention_project/solution_w4_rtl/syn/verilog/synth_w4_core_step_retention_top_completion_is_valid.v" into library work
INFO: [VRFC 10-311] analyzing module synth_w4_core_step_retention_top_completion_is_valid
INFO: [VRFC 10-2263] Analyzing Verilog file "/home/lab_726/boom/hls_boom/build/gate4_1/m3c_w4_rtl/hls_core_step_retention_project/solution_w4_rtl/syn/verilog/synth_w4_core_step_retention_top_completion_service_cycle.v" into library work
INFO: [VRFC 10-311] analyzing module synth_w4_core_step_retention_top_completion_service_cycle
INFO: [VRFC 10-2263] Analyzing Verilog file "/home/lab_726/boom/hls_boom/build/gate4_1/m3c_w4_rtl/hls_core_step_retention_project/solution_w4_rtl/syn/verilog/synth_w4_core_step_retention_top_decode_module.v" into library work
INFO: [VRFC 10-311] analyzing module synth_w4_core_step_retention_top_decode_module
INFO: [VRFC 10-2263] Analyzing Verilog file "/home/lab_726/boom/hls_boom/build/gate4_1/m3c_w4_rtl/hls_core_step_retention_project/solution_w4_rtl/syn/verilog/synth_w4_core_step_retention_top_divider_accept.v" into library work
INFO: [VRFC 10-311] analyzing module synth_w4_core_step_retention_top_divider_accept
INFO: [VRFC 10-2263] Analyzing Verilog file "/home/lab_726/boom/hls_boom/build/gate4_1/m3c_w4_rtl/hls_core_step_retention_project/solution_w4_rtl/syn/verilog/synth_w4_core_step_retention_top_execute_module.v" into library work
INFO: [VRFC 10-311] analyzing module synth_w4_core_step_retention_top_execute_module
INFO: [VRFC 10-2263] Analyzing Verilog file "/home/lab_726/boom/hls_boom/build/gate4_1/m3c_w4_rtl/hls_core_step_retention_project/solution_w4_rtl/syn/verilog/synth_w4_core_step_retention_top_fifo_w128_d2_S.v" into library work
INFO: [VRFC 10-311] analyzing module synth_w4_core_step_retention_top_fifo_w128_d2_S_shiftReg
INFO: [VRFC 10-311] analyzing module synth_w4_core_step_retention_top_fifo_w128_d2_S
INFO: [VRFC 10-2263] Analyzing Verilog file "/home/lab_726/boom/hls_boom/build/gate4_1/m3c_w4_rtl/hls_core_step_retention_project/solution_w4_rtl/syn/verilog/synth_w4_core_step_retention_top_fifo_w256_d2_S.v" into library work
INFO: [VRFC 10-311] analyzing module synth_w4_core_step_retention_top_fifo_w256_d2_S_shiftReg
INFO: [VRFC 10-311] analyzing module synth_w4_core_step_retention_top_fifo_w256_d2_S
INFO: [VRFC 10-2263] Analyzing Verilog file "/home/lab_726/boom/hls_boom/build/gate4_1/m3c_w4_rtl/hls_core_step_retention_project/solution_w4_rtl/syn/verilog/synth_w4_core_step_retention_top_fifo_w320_d2_S.v" into library work
INFO: [VRFC 10-311] analyzing module synth_w4_core_step_retention_top_fifo_w320_d2_S_shiftReg
INFO: [VRFC 10-311] analyzing module synth_w4_core_step_retention_top_fifo_w320_d2_S
INFO: [VRFC 10-2263] Analyzing Verilog file "/home/lab_726/boom/hls_boom/build/gate4_1/m3c_w4_rtl/hls_core_step_retention_project/solution_w4_rtl/syn/verilog/synth_w4_core_step_retention_top_fifo_w384_d2_S.v" into library work
INFO: [VRFC 10-311] analyzing module synth_w4_core_step_retention_top_fifo_w384_d2_S_shiftReg
INFO: [VRFC 10-311] analyzing module synth_w4_core_step_retention_top_fifo_w384_d2_S
INFO: [VRFC 10-2263] Analyzing Verilog file "/home/lab_726/boom/hls_boom/build/gate4_1/m3c_w4_rtl/hls_core_step_retention_project/solution_w4_rtl/syn/verilog/synth_w4_core_step_retention_top_fifo_w768_d2_S.v" into library work
INFO: [VRFC 10-311] analyzing module synth_w4_core_step_retention_top_fifo_w768_d2_S_shiftReg
INFO: [VRFC 10-311] analyzing module synth_w4_core_step_retention_top_fifo_w768_d2_S
INFO: [VRFC 10-2263] Analyzing Verilog file "/home/lab_726/boom/hls_boom/build/gate4_1/m3c_w4_rtl/hls_core_step_retention_project/solution_w4_rtl/syn/verilog/synth_w4_core_step_retention_top_frontend_module.v" into library work
INFO: [VRFC 10-311] analyzing module synth_w4_core_step_retention_top_frontend_module
INFO: [VRFC 10-2263] Analyzing Verilog file "/home/lab_726/boom/hls_boom/build/gate4_1/m3c_w4_rtl/hls_core_step_retention_project/solution_w4_rtl/syn/verilog/synth_w4_core_step_retention_top_issue_module.v" into library work
INFO: [VRFC 10-311] analyzing module synth_w4_core_step_retention_top_issue_module
INFO: [VRFC 10-2263] Analyzing Verilog file "/home/lab_726/boom/hls_boom/build/gate4_1/m3c_w4_rtl/hls_core_step_retention_project/solution_w4_rtl/syn/verilog/synth_w4_core_step_retention_top_kill_execute_state.v" into library work
INFO: [VRFC 10-311] analyzing module synth_w4_core_step_retention_top_kill_execute_state
INFO: [VRFC 10-2263] Analyzing Verilog file "/home/lab_726/boom/hls_boom/build/gate4_1/m3c_w4_rtl/hls_core_step_retention_project/solution_w4_rtl/syn/verilog/synth_w4_core_step_retention_top_kill_issue_state.v" into library work
INFO: [VRFC 10-311] analyzing module synth_w4_core_step_retention_top_kill_issue_state
INFO: [VRFC 10-2263] Analyzing Verilog file "/home/lab_726/boom/hls_boom/build/gate4_1/m3c_w4_rtl/hls_core_step_retention_project/solution_w4_rtl/syn/verilog/synth_w4_core_step_retention_top_kill_lsu_state.v" into library work
INFO: [VRFC 10-311] analyzing module synth_w4_core_step_retention_top_kill_lsu_state
INFO: [VRFC 10-2263] Analyzing Verilog file "/home/lab_726/boom/hls_boom/build/gate4_1/m3c_w4_rtl/hls_core_step_retention_project/solution_w4_rtl/syn/verilog/synth_w4_core_step_retention_top_kill_rob_younger_than.v" into library work
INFO: [VRFC 10-311] analyzing module synth_w4_core_step_retention_top_kill_rob_younger_than
INFO: [VRFC 10-2263] Analyzing Verilog file "/home/lab_726/boom/hls_boom/build/gate4_1/m3c_w4_rtl/hls_core_step_retention_project/solution_w4_rtl/syn/verilog/synth_w4_core_step_retention_top_lsu_accept_completion.v" into library work
INFO: [VRFC 10-311] analyzing module synth_w4_core_step_retention_top_lsu_accept_completion
INFO: [VRFC 10-2263] Analyzing Verilog file "/home/lab_726/boom/hls_boom/build/gate4_1/m3c_w4_rtl/hls_core_step_retention_project/solution_w4_rtl/syn/verilog/synth_w4_core_step_retention_top_lsu_reclaim_store.v" into library work
INFO: [VRFC 10-311] analyzing module synth_w4_core_step_retention_top_lsu_reclaim_store
INFO: [VRFC 10-2263] Analyzing Verilog file "/home/lab_726/boom/hls_boom/build/gate4_1/m3c_w4_rtl/hls_core_step_retention_project/solution_w4_rtl/syn/verilog/synth_w4_core_step_retention_top_mul_3ns_7ns_9_1_1.v" into library work
INFO: [VRFC 10-311] analyzing module synth_w4_core_step_retention_top_mul_3ns_7ns_9_1_1
INFO: [VRFC 10-2263] Analyzing Verilog file "/home/lab_726/boom/hls_boom/build/gate4_1/m3c_w4_rtl/hls_core_step_retention_project/solution_w4_rtl/syn/verilog/synth_w4_core_step_retention_top_mul_65s_65s_128_1_1.v" into library work
INFO: [VRFC 10-311] analyzing module synth_w4_core_step_retention_top_mul_65s_65s_128_1_1
INFO: [VRFC 10-2263] Analyzing Verilog file "/home/lab_726/boom/hls_boom/build/gate4_1/m3c_w4_rtl/hls_core_step_retention_project/solution_w4_rtl/syn/verilog/synth_w4_core_step_retention_top_mul_8ns_7ns_9_1_1.v" into library work
INFO: [VRFC 10-311] analyzing module synth_w4_core_step_retention_top_mul_8ns_7ns_9_1_1
INFO: [VRFC 10-2263] Analyzing Verilog file "/home/lab_726/boom/hls_boom/build/gate4_1/m3c_w4_rtl/hls_core_step_retention_project/solution_w4_rtl/syn/verilog/synth_w4_core_step_retention_top_mux_32_1_1_1.v" into library work
INFO: [VRFC 10-311] analyzing module synth_w4_core_step_retention_top_mux_32_1_1_1
INFO: [VRFC 10-2263] Analyzing Verilog file "/home/lab_726/boom/hls_boom/build/gate4_1/m3c_w4_rtl/hls_core_step_retention_project/solution_w4_rtl/syn/verilog/synth_w4_core_step_retention_top_mux_32_64_1_1.v" into library work
INFO: [VRFC 10-311] analyzing module synth_w4_core_step_retention_top_mux_32_64_1_1
INFO: [VRFC 10-2263] Analyzing Verilog file "/home/lab_726/boom/hls_boom/build/gate4_1/m3c_w4_rtl/hls_core_step_retention_project/solution_w4_rtl/syn/verilog/synth_w4_core_step_retention_top_mux_32_8_1_1.v" into library work
INFO: [VRFC 10-311] analyzing module synth_w4_core_step_retention_top_mux_32_8_1_1
INFO: [VRFC 10-2263] Analyzing Verilog file "/home/lab_726/boom/hls_boom/build/gate4_1/m3c_w4_rtl/hls_core_step_retention_project/solution_w4_rtl/syn/verilog/synth_w4_core_step_retention_top_mux_42_1_1_1.v" into library work
INFO: [VRFC 10-311] analyzing module synth_w4_core_step_retention_top_mux_42_1_1_1
INFO: [VRFC 10-2263] Analyzing Verilog file "/home/lab_726/boom/hls_boom/build/gate4_1/m3c_w4_rtl/hls_core_step_retention_project/solution_w4_rtl/syn/verilog/synth_w4_core_step_retention_top_mux_42_2_1_1.v" into library work
INFO: [VRFC 10-311] analyzing module synth_w4_core_step_retention_top_mux_42_2_1_1
INFO: [VRFC 10-2263] Analyzing Verilog file "/home/lab_726/boom/hls_boom/build/gate4_1/m3c_w4_rtl/hls_core_step_retention_project/solution_w4_rtl/syn/verilog/synth_w4_core_step_retention_top_mux_42_3_1_1.v" into library work
INFO: [VRFC 10-311] analyzing module synth_w4_core_step_retention_top_mux_42_3_1_1
INFO: [VRFC 10-2263] Analyzing Verilog file "/home/lab_726/boom/hls_boom/build/gate4_1/m3c_w4_rtl/hls_core_step_retention_project/solution_w4_rtl/syn/verilog/synth_w4_core_step_retention_top_mux_42_32_1_1.v" into library work
INFO: [VRFC 10-311] analyzing module synth_w4_core_step_retention_top_mux_42_32_1_1
INFO: [VRFC 10-2263] Analyzing Verilog file "/home/lab_726/boom/hls_boom/build/gate4_1/m3c_w4_rtl/hls_core_step_retention_project/solution_w4_rtl/syn/verilog/synth_w4_core_step_retention_top_mux_42_64_1_1.v" into library work
INFO: [VRFC 10-311] analyzing module synth_w4_core_step_retention_top_mux_42_64_1_1
INFO: [VRFC 10-2263] Analyzing Verilog file "/home/lab_726/boom/hls_boom/build/gate4_1/m3c_w4_rtl/hls_core_step_retention_project/solution_w4_rtl/syn/verilog/synth_w4_core_step_retention_top_mux_42_8_1_1.v" into library work
INFO: [VRFC 10-311] analyzing module synth_w4_core_step_retention_top_mux_42_8_1_1
INFO: [VRFC 10-2263] Analyzing Verilog file "/home/lab_726/boom/hls_boom/build/gate4_1/m3c_w4_rtl/hls_core_step_retention_project/solution_w4_rtl/syn/verilog/synth_w4_core_step_retention_top_reclaim_ldq.v" into library work
INFO: [VRFC 10-311] analyzing module synth_w4_core_step_retention_top_reclaim_ldq
INFO: [VRFC 10-2263] Analyzing Verilog file "/home/lab_726/boom/hls_boom/build/gate4_1/m3c_w4_rtl/hls_core_step_retention_project/solution_w4_rtl/syn/verilog/synth_w4_core_step_retention_top_recover_mispredict.v" into library work
INFO: [VRFC 10-311] analyzing module synth_w4_core_step_retention_top_recover_mispredict
INFO: [VRFC 10-2263] Analyzing Verilog file "/home/lab_726/boom/hls_boom/build/gate4_1/m3c_w4_rtl/hls_core_step_retention_project/solution_w4_rtl/syn/verilog/synth_w4_core_step_retention_top_rename_module.v" into library work
INFO: [VRFC 10-311] analyzing module synth_w4_core_step_retention_top_rename_module
INFO: [VRFC 10-2263] Analyzing Verilog file "/home/lab_726/boom/hls_boom/build/gate4_1/m3c_w4_rtl/hls_core_step_retention_project/solution_w4_rtl/syn/verilog/synth_w4_core_step_retention_top_rob_allocate.v" into library work
INFO: [VRFC 10-311] analyzing module synth_w4_core_step_retention_top_rob_allocate
INFO: [VRFC 10-2263] Analyzing Verilog file "/home/lab_726/boom/hls_boom/build/gate4_1/m3c_w4_rtl/hls_core_step_retention_project/solution_w4_rtl/syn/verilog/synth_w4_core_step_retention_top_rob_commit_module.v" into library work
INFO: [VRFC 10-311] analyzing module synth_w4_core_step_retention_top_rob_commit_module
INFO: [VRFC 10-2263] Analyzing Verilog file "/home/lab_726/boom/hls_boom/build/gate4_1/m3c_w4_rtl/hls_core_step_retention_project/solution_w4_rtl/syn/verilog/synth_w4_core_step_retention_top_service_pending.v" into library work
INFO: [VRFC 10-311] analyzing module synth_w4_core_step_retention_top_service_pending
INFO: [VRFC 10-2263] Analyzing Verilog file "/home/lab_726/boom/hls_boom/build/gate4_1/m3c_w4_rtl/hls_core_step_retention_project/solution_w4_rtl/syn/verilog/synth_w4_core_step_retention_top_state_branch_state_br_alloc_lists_RAM_AUTO_1R1W.v" into library work
INFO: [VRFC 10-311] analyzing module synth_w4_core_step_retention_top_state_branch_state_br_alloc_lists_RAM_AUTO_1R1W
INFO: [VRFC 10-2263] Analyzing Verilog file "/home/lab_726/boom/hls_boom/build/gate4_1/m3c_w4_rtl/hls_core_step_retention_project/solution_w4_rtl/syn/verilog/synth_w4_core_step_retention_top_state_int_rf_bank0_RAM_AUTO_1R1W.v" into library work
INFO: [VRFC 10-311] analyzing module synth_w4_core_step_retention_top_state_int_rf_bank0_RAM_AUTO_1R1W
INFO: [VRFC 10-2263] Analyzing Verilog file "/home/lab_726/boom/hls_boom/build/gate4_1/m3c_w4_rtl/hls_core_step_retention_project/solution_w4_rtl/syn/verilog/synth_w4_core_step_retention_top_state_issue_alu_iq_entries_uop_csr_addr_RAM_AUTO_1R1W.v" into library work
INFO: [VRFC 10-311] analyzing module synth_w4_core_step_retention_top_state_issue_alu_iq_entries_uop_csr_addr_RAM_AUTO_1R1W
INFO: [VRFC 10-2263] Analyzing Verilog file "/home/lab_726/boom/hls_boom/build/gate4_1/m3c_w4_rtl/hls_core_step_retention_project/solution_w4_rtl/syn/verilog/synth_w4_core_step_retention_top_state_issue_alu_iq_entries_uop_debug_pc_RAM_AUTO_1R1W.v" into library work
INFO: [VRFC 10-311] analyzing module synth_w4_core_step_retention_top_state_issue_alu_iq_entries_uop_debug_pc_RAM_AUTO_1R1W
INFO: [VRFC 10-2263] Analyzing Verilog file "/home/lab_726/boom/hls_boom/build/gate4_1/m3c_w4_rtl/hls_core_step_retention_project/solution_w4_rtl/syn/verilog/synth_w4_core_step_retention_top_state_issue_alu_iq_entries_uop_inst_RAM_AUTO_1R1W.v" into library work
INFO: [VRFC 10-311] analyzing module synth_w4_core_step_retention_top_state_issue_alu_iq_entries_uop_inst_RAM_AUTO_1R1W
INFO: [VRFC 10-2263] Analyzing Verilog file "/home/lab_726/boom/hls_boom/build/gate4_1/m3c_w4_rtl/hls_core_step_retention_project/solution_w4_rtl/syn/verilog/synth_w4_core_step_retention_top_state_issue_alu_iq_entries_uop_uopc_RAM_AUTO_1R1W.v" into library work
INFO: [VRFC 10-311] analyzing module synth_w4_core_step_retention_top_state_issue_alu_iq_entries_uop_uopc_RAM_AUTO_1R1W
INFO: [VRFC 10-2263] Analyzing Verilog file "/home/lab_726/boom/hls_boom/build/gate4_1/m3c_w4_rtl/hls_core_step_retention_project/solution_w4_rtl/syn/verilog/synth_w4_core_step_retention_top_state_issue_alu_iq_entries_valid_RAM_AUTO_1R1W.v" into library work
INFO: [VRFC 10-311] analyzing module synth_w4_core_step_retention_top_state_issue_alu_iq_entries_valid_RAM_AUTO_1R1W
INFO: [VRFC 10-2263] Analyzing Verilog file "/home/lab_726/boom/hls_boom/build/gate4_1/m3c_w4_rtl/hls_core_step_retention_project/solution_w4_rtl/syn/verilog/synth_w4_core_step_retention_top_state_rename_int_free_list_busy_table_RAM_AUTO_1R1W.v" into library work
INFO: [VRFC 10-311] analyzing module synth_w4_core_step_retention_top_state_rename_int_free_list_busy_table_RAM_AUTO_1R1W
INFO: [VRFC 10-2263] Analyzing Verilog file "/home/lab_726/boom/hls_boom/build/gate4_1/m3c_w4_rtl/hls_core_step_retention_project/solution_w4_rtl/syn/verilog/synth_w4_core_step_retention_top_state_rename_int_free_list_free_list_RAM_AUTO_1R1W.v" into library work
INFO: [VRFC 10-311] analyzing module synth_w4_core_step_retention_top_state_rename_int_free_list_free_list_RAM_AUTO_1R1W
INFO: [VRFC 10-2263] Analyzing Verilog file "/home/lab_726/boom/hls_boom/build/gate4_1/m3c_w4_rtl/hls_core_step_retention_project/solution_w4_rtl/syn/verilog/synth_w4_core_step_retention_top_state_rename_int_map_table_br_snapshots_RAM_AUTO_1R1W.v" into library work
INFO: [VRFC 10-311] analyzing module synth_w4_core_step_retention_top_state_rename_int_map_table_br_snapshots_RAM_AUTO_1R1W
INFO: [VRFC 10-2263] Analyzing Verilog file "/home/lab_726/boom/hls_boom/build/gate4_1/m3c_w4_rtl/hls_core_step_retention_project/solution_w4_rtl/syn/verilog/synth_w4_core_step_retention_top_state_rename_int_map_table_committed_map_table_RAM_AUTO_1R1W.v" into library work
INFO: [VRFC 10-311] analyzing module synth_w4_core_step_retention_top_state_rename_int_map_table_committed_map_table_RAM_AUTO_1R1W
INFO: [VRFC 10-2263] Analyzing Verilog file "/home/lab_726/boom/hls_boom/build/gate4_1/m3c_w4_rtl/hls_core_step_retention_project/solution_w4_rtl/syn/verilog/synth_w4_core_step_retention_top_state_rename_int_map_table_map_table_RAM_AUTO_1R1W.v" into library work
INFO: [VRFC 10-311] analyzing module synth_w4_core_step_retention_top_state_rename_int_map_table_map_table_RAM_AUTO_1R1W
INFO: [VRFC 10-2263] Analyzing Verilog file "/home/lab_726/boom/hls_boom/build/gate4_1/m3c_w4_rtl/hls_core_step_retention_project/solution_w4_rtl/syn/verilog/synth_w4_core_step_retention_top_state_rob_entries_uop_branch_br_tag_RAM_AUTO_1R1W.v" into library work
INFO: [VRFC 10-311] analyzing module synth_w4_core_step_retention_top_state_rob_entries_uop_branch_br_tag_RAM_AUTO_1R1W
INFO: [VRFC 10-2263] Analyzing Verilog file "/home/lab_726/boom/hls_boom/build/gate4_1/m3c_w4_rtl/hls_core_step_retention_project/solution_w4_rtl/syn/verilog/synth_w4_core_step_retention_top_state_rob_entries_uop_debug_pc_RAM_AUTO_1R1W.v" into library work
INFO: [VRFC 10-311] analyzing module synth_w4_core_step_retention_top_state_rob_entries_uop_debug_pc_RAM_AUTO_1R1W
INFO: [VRFC 10-2263] Analyzing Verilog file "/home/lab_726/boom/hls_boom/build/gate4_1/m3c_w4_rtl/hls_core_step_retention_project/solution_w4_rtl/syn/verilog/synth_w4_core_step_retention_top_state_rob_entries_uop_inst_RAM_AUTO_1R1W.v" into library work
INFO: [VRFC 10-311] analyzing module synth_w4_core_step_retention_top_state_rob_entries_uop_inst_RAM_AUTO_1R1W
INFO: [VRFC 10-2263] Analyzing Verilog file "/home/lab_726/boom/hls_boom/build/gate4_1/m3c_w4_rtl/hls_core_step_retention_project/solution_w4_rtl/syn/verilog/synth_w4_core_step_retention_top_state_rob_entries_uop_queue_rob_idx_RAM_AUTO_1R1W.v" into library work
INFO: [VRFC 10-311] analyzing module synth_w4_core_step_retention_top_state_rob_entries_uop_queue_rob_idx_RAM_AUTO_1R1W
INFO: [VRFC 10-2263] Analyzing Verilog file "/home/lab_726/boom/hls_boom/build/gate4_1/m3c_w4_rtl/hls_core_step_retention_project/solution_w4_rtl/syn/verilog/synth_w4_core_step_retention_top_state_rob_entries_uop_rename_dst_rtype_RAM_AUTO_1R1W.v" into library work
INFO: [VRFC 10-311] analyzing module synth_w4_core_step_retention_top_state_rob_entries_uop_rename_dst_rtype_RAM_AUTO_1R1W
INFO: [VRFC 10-2263] Analyzing Verilog file "/home/lab_726/boom/hls_boom/build/gate4_1/m3c_w4_rtl/hls_core_step_retention_project/solution_w4_rtl/syn/verilog/synth_w4_core_step_retention_top_state_rob_entries_valid_RAM_AUTO_1R1W.v" into library work
INFO: [VRFC 10-311] analyzing module synth_w4_core_step_retention_top_state_rob_entries_valid_RAM_AUTO_1R1W
INFO: [VRFC 10-2263] Analyzing Verilog file "/home/lab_726/boom/hls_boom/build/gate4_1/m3c_w4_rtl/hls_core_step_retention_project/solution_w4_rtl/syn/verilog/synth_w4_core_step_retention_top_try_issue_load.v" into library work
INFO: [VRFC 10-311] analyzing module synth_w4_core_step_retention_top_try_issue_load
INFO: [VRFC 10-2263] Analyzing Verilog file "/home/lab_726/boom/hls_boom/build/gate4_1/m3c_w4_rtl/hls_core_step_retention_project/solution_w4_rtl/syn/verilog/synth_w4_core_step_retention_top.v" into library work
INFO: [VRFC 10-311] analyzing module synth_w4_core_step_retention_top
INFO: [VRFC 10-2263] Analyzing Verilog file "/home/lab_726/boom/hls_boom/build/gate4_1/m3c_w4_rtl/hls_core_step_retention_project/solution_w4_rtl/syn/verilog/synth_w4_core_step_retention_top_w4_retention_read_prf.v" into library work
INFO: [VRFC 10-311] analyzing module synth_w4_core_step_retention_top_w4_retention_read_prf
INFO: [VRFC 10-2263] Analyzing Verilog file "/home/lab_726/boom/hls_boom/build/gate4_1/m3c_w4_rtl/hls_project/solution_w4_rtl/syn/verilog/synth_w4d_oracle_top_apply_writeback_ports.v" into library work
INFO: [VRFC 10-311] analyzing module synth_w4d_oracle_top_apply_writeback_ports
INFO: [VRFC 10-2263] Analyzing Verilog file "/home/lab_726/boom/hls_boom/build/gate4_1/m3c_w4_rtl/hls_project/solution_w4_rtl/syn/verilog/synth_w4d_oracle_top_begin_completion_cycle.v" into library work
INFO: [VRFC 10-311] analyzing module synth_w4d_oracle_top_begin_completion_cycle
INFO: [VRFC 10-2263] Analyzing Verilog file "/home/lab_726/boom/hls_boom/build/gate4_1/m3c_w4_rtl/hls_project/solution_w4_rtl/syn/verilog/synth_w4d_oracle_top_branch_complete_event.v" into library work
INFO: [VRFC 10-311] analyzing module synth_w4d_oracle_top_branch_complete_event
INFO: [VRFC 10-2263] Analyzing Verilog file "/home/lab_726/boom/hls_boom/build/gate4_1/m3c_w4_rtl/hls_project/solution_w4_rtl/syn/verilog/synth_w4d_oracle_top_clear_resolved_masks_in_state.v" into library work
INFO: [VRFC 10-311] analyzing module synth_w4d_oracle_top_clear_resolved_masks_in_state
INFO: [VRFC 10-2263] Analyzing Verilog file "/home/lab_726/boom/hls_boom/build/gate4_1/m3c_w4_rtl/hls_project/solution_w4_rtl/syn/verilog/synth_w4d_oracle_top_compact_issue_queue_temp_uop_csr_addr_RAM_AUTO_1R1W.v" into library work
INFO: [VRFC 10-311] analyzing module synth_w4d_oracle_top_compact_issue_queue_temp_uop_csr_addr_RAM_AUTO_1R1W
INFO: [VRFC 10-2263] Analyzing Verilog file "/home/lab_726/boom/hls_boom/build/gate4_1/m3c_w4_rtl/hls_project/solution_w4_rtl/syn/verilog/synth_w4d_oracle_top_compact_issue_queue_temp_uop_debug_pc_RAM_AUTO_1R1W.v" into library work
INFO: [VRFC 10-311] analyzing module synth_w4d_oracle_top_compact_issue_queue_temp_uop_debug_pc_RAM_AUTO_1R1W
INFO: [VRFC 10-2263] Analyzing Verilog file "/home/lab_726/boom/hls_boom/build/gate4_1/m3c_w4_rtl/hls_project/solution_w4_rtl/syn/verilog/synth_w4d_oracle_top_compact_issue_queue_temp_uop_inst_RAM_AUTO_1R1W.v" into library work
INFO: [VRFC 10-311] analyzing module synth_w4d_oracle_top_compact_issue_queue_temp_uop_inst_RAM_AUTO_1R1W
INFO: [VRFC 10-2263] Analyzing Verilog file "/home/lab_726/boom/hls_boom/build/gate4_1/m3c_w4_rtl/hls_project/solution_w4_rtl/syn/verilog/synth_w4d_oracle_top_compact_issue_queue_temp_uop_uopc_RAM_AUTO_1R1W.v" into library work
INFO: [VRFC 10-311] analyzing module synth_w4d_oracle_top_compact_issue_queue_temp_uop_uopc_RAM_AUTO_1R1W
INFO: [VRFC 10-2263] Analyzing Verilog file "/home/lab_726/boom/hls_boom/build/gate4_1/m3c_w4_rtl/hls_project/solution_w4_rtl/syn/verilog/synth_w4d_oracle_top_compact_issue_queue_temp_valid_RAM_AUTO_1R1W.v" into library work
INFO: [VRFC 10-311] analyzing module synth_w4d_oracle_top_compact_issue_queue_temp_valid_RAM_AUTO_1R1W
INFO: [VRFC 10-2263] Analyzing Verilog file "/home/lab_726/boom/hls_boom/build/gate4_1/m3c_w4_rtl/hls_project/solution_w4_rtl/syn/verilog/synth_w4d_oracle_top_compact_issue_queue.v" into library work
INFO: [VRFC 10-311] analyzing module synth_w4d_oracle_top_compact_issue_queue
INFO: [VRFC 10-2263] Analyzing Verilog file "/home/lab_726/boom/hls_boom/build/gate4_1/m3c_w4_rtl/hls_project/solution_w4_rtl/syn/verilog/synth_w4d_oracle_top_completion_is_valid.v" into library work
INFO: [VRFC 10-311] analyzing module synth_w4d_oracle_top_completion_is_valid
INFO: [VRFC 10-2263] Analyzing Verilog file "/home/lab_726/boom/hls_boom/build/gate4_1/m3c_w4_rtl/hls_project/solution_w4_rtl/syn/verilog/synth_w4d_oracle_top_kill_execute_state.v" into library work
INFO: [VRFC 10-311] analyzing module synth_w4d_oracle_top_kill_execute_state
INFO: [VRFC 10-2263] Analyzing Verilog file "/home/lab_726/boom/hls_boom/build/gate4_1/m3c_w4_rtl/hls_project/solution_w4_rtl/syn/verilog/synth_w4d_oracle_top_kill_issue_state.v" into library work
INFO: [VRFC 10-311] analyzing module synth_w4d_oracle_top_kill_issue_state
INFO: [VRFC 10-2263] Analyzing Verilog file "/home/lab_726/boom/hls_boom/build/gate4_1/m3c_w4_rtl/hls_project/solution_w4_rtl/syn/verilog/synth_w4d_oracle_top_kill_lsu_state.v" into library work
INFO: [VRFC 10-311] analyzing module synth_w4d_oracle_top_kill_lsu_state
INFO: [VRFC 10-2263] Analyzing Verilog file "/home/lab_726/boom/hls_boom/build/gate4_1/m3c_w4_rtl/hls_project/solution_w4_rtl/syn/verilog/synth_w4d_oracle_top_kill_rob_younger_than.v" into library work
INFO: [VRFC 10-311] analyzing module synth_w4d_oracle_top_kill_rob_younger_than
INFO: [VRFC 10-2263] Analyzing Verilog file "/home/lab_726/boom/hls_boom/build/gate4_1/m3c_w4_rtl/hls_project/solution_w4_rtl/syn/verilog/synth_w4d_oracle_top_lsu_accept_completion.v" into library work
INFO: [VRFC 10-311] analyzing module synth_w4d_oracle_top_lsu_accept_completion
INFO: [VRFC 10-2263] Analyzing Verilog file "/home/lab_726/boom/hls_boom/build/gate4_1/m3c_w4_rtl/hls_project/solution_w4_rtl/syn/verilog/synth_w4d_oracle_top_mul_3ns_7ns_9_1_1.v" into library work
INFO: [VRFC 10-311] analyzing module synth_w4d_oracle_top_mul_3ns_7ns_9_1_1
INFO: [VRFC 10-2263] Analyzing Verilog file "/home/lab_726/boom/hls_boom/build/gate4_1/m3c_w4_rtl/hls_project/solution_w4_rtl/syn/verilog/synth_w4d_oracle_top_mul_8ns_7ns_9_1_1.v" into library work
INFO: [VRFC 10-311] analyzing module synth_w4d_oracle_top_mul_8ns_7ns_9_1_1
INFO: [VRFC 10-2263] Analyzing Verilog file "/home/lab_726/boom/hls_boom/build/gate4_1/m3c_w4_rtl/hls_project/solution_w4_rtl/syn/verilog/synth_w4d_oracle_top_mux_32_1_1_1.v" into library work
INFO: [VRFC 10-311] analyzing module synth_w4d_oracle_top_mux_32_1_1_1
INFO: [VRFC 10-2263] Analyzing Verilog file "/home/lab_726/boom/hls_boom/build/gate4_1/m3c_w4_rtl/hls_project/solution_w4_rtl/syn/verilog/synth_w4d_oracle_top_mux_32_64_1_1.v" into library work
INFO: [VRFC 10-311] analyzing module synth_w4d_oracle_top_mux_32_64_1_1
INFO: [VRFC 10-2263] Analyzing Verilog file "/home/lab_726/boom/hls_boom/build/gate4_1/m3c_w4_rtl/hls_project/solution_w4_rtl/syn/verilog/synth_w4d_oracle_top_mux_32_8_1_1.v" into library work
INFO: [VRFC 10-311] analyzing module synth_w4d_oracle_top_mux_32_8_1_1
INFO: [VRFC 10-2263] Analyzing Verilog file "/home/lab_726/boom/hls_boom/build/gate4_1/m3c_w4_rtl/hls_project/solution_w4_rtl/syn/verilog/synth_w4d_oracle_top_mux_42_11_1_1.v" into library work
INFO: [VRFC 10-311] analyzing module synth_w4d_oracle_top_mux_42_11_1_1
INFO: [VRFC 10-2263] Analyzing Verilog file "/home/lab_726/boom/hls_boom/build/gate4_1/m3c_w4_rtl/hls_project/solution_w4_rtl/syn/verilog/synth_w4d_oracle_top_mux_42_1_1_1.v" into library work
INFO: [VRFC 10-311] analyzing module synth_w4d_oracle_top_mux_42_1_1_1
INFO: [VRFC 10-2263] Analyzing Verilog file "/home/lab_726/boom/hls_boom/build/gate4_1/m3c_w4_rtl/hls_project/solution_w4_rtl/syn/verilog/synth_w4d_oracle_top_mux_42_2_1_1.v" into library work
INFO: [VRFC 10-311] analyzing module synth_w4d_oracle_top_mux_42_2_1_1
INFO: [VRFC 10-2263] Analyzing Verilog file "/home/lab_726/boom/hls_boom/build/gate4_1/m3c_w4_rtl/hls_project/solution_w4_rtl/syn/verilog/synth_w4d_oracle_top_mux_42_3_1_1.v" into library work
INFO: [VRFC 10-311] analyzing module synth_w4d_oracle_top_mux_42_3_1_1
INFO: [VRFC 10-2263] Analyzing Verilog file "/home/lab_726/boom/hls_boom/build/gate4_1/m3c_w4_rtl/hls_project/solution_w4_rtl/syn/verilog/synth_w4d_oracle_top_mux_42_32_1_1.v" into library work
INFO: [VRFC 10-311] analyzing module synth_w4d_oracle_top_mux_42_32_1_1
INFO: [VRFC 10-2263] Analyzing Verilog file "/home/lab_726/boom/hls_boom/build/gate4_1/m3c_w4_rtl/hls_project/solution_w4_rtl/syn/verilog/synth_w4d_oracle_top_mux_42_64_1_1.v" into library work
INFO: [VRFC 10-311] analyzing module synth_w4d_oracle_top_mux_42_64_1_1
INFO: [VRFC 10-2263] Analyzing Verilog file "/home/lab_726/boom/hls_boom/build/gate4_1/m3c_w4_rtl/hls_project/solution_w4_rtl/syn/verilog/synth_w4d_oracle_top_mux_42_8_1_1.v" into library work
INFO: [VRFC 10-311] analyzing module synth_w4d_oracle_top_mux_42_8_1_1
INFO: [VRFC 10-2263] Analyzing Verilog file "/home/lab_726/boom/hls_boom/build/gate4_1/m3c_w4_rtl/hls_project/solution_w4_rtl/syn/verilog/synth_w4d_oracle_top_reclaim_ldq.v" into library work
INFO: [VRFC 10-311] analyzing module synth_w4d_oracle_top_reclaim_ldq
INFO: [VRFC 10-2263] Analyzing Verilog file "/home/lab_726/boom/hls_boom/build/gate4_1/m3c_w4_rtl/hls_project/solution_w4_rtl/syn/verilog/synth_w4d_oracle_top_recover_mispredict.v" into library work
INFO: [VRFC 10-311] analyzing module synth_w4d_oracle_top_recover_mispredict
INFO: [VRFC 10-2263] Analyzing Verilog file "/home/lab_726/boom/hls_boom/build/gate4_1/m3c_w4_rtl/hls_project/solution_w4_rtl/syn/verilog/synth_w4d_oracle_top_service_pending.v" into library work
INFO: [VRFC 10-311] analyzing module synth_w4d_oracle_top_service_pending
INFO: [VRFC 10-2263] Analyzing Verilog file "/home/lab_726/boom/hls_boom/build/gate4_1/m3c_w4_rtl/hls_project/solution_w4_rtl/syn/verilog/synth_w4d_oracle_top_state_branch_state_br_alloc_lists_RAM_AUTO_1R1W.v" into library work
INFO: [VRFC 10-311] analyzing module synth_w4d_oracle_top_state_branch_state_br_alloc_lists_RAM_AUTO_1R1W
INFO: [VRFC 10-2263] Analyzing Verilog file "/home/lab_726/boom/hls_boom/build/gate4_1/m3c_w4_rtl/hls_project/solution_w4_rtl/syn/verilog/synth_w4d_oracle_top_state_int_rf_bank0_RAM_AUTO_1R1W.v" into library work
INFO: [VRFC 10-311] analyzing module synth_w4d_oracle_top_state_int_rf_bank0_RAM_AUTO_1R1W
INFO: [VRFC 10-2263] Analyzing Verilog file "/home/lab_726/boom/hls_boom/build/gate4_1/m3c_w4_rtl/hls_project/solution_w4_rtl/syn/verilog/synth_w4d_oracle_top_state_issue_alu_iq_entries_uop_csr_addr_RAM_AUTO_1R1W.v" into library work
INFO: [VRFC 10-311] analyzing module synth_w4d_oracle_top_state_issue_alu_iq_entries_uop_csr_addr_RAM_AUTO_1R1W
INFO: [VRFC 10-2263] Analyzing Verilog file "/home/lab_726/boom/hls_boom/build/gate4_1/m3c_w4_rtl/hls_project/solution_w4_rtl/syn/verilog/synth_w4d_oracle_top_state_issue_alu_iq_entries_uop_debug_pc_RAM_AUTO_1R1W.v" into library work
INFO: [VRFC 10-311] analyzing module synth_w4d_oracle_top_state_issue_alu_iq_entries_uop_debug_pc_RAM_AUTO_1R1W
INFO: [VRFC 10-2263] Analyzing Verilog file "/home/lab_726/boom/hls_boom/build/gate4_1/m3c_w4_rtl/hls_project/solution_w4_rtl/syn/verilog/synth_w4d_oracle_top_state_issue_alu_iq_entries_uop_inst_RAM_AUTO_1R1W.v" into library work
INFO: [VRFC 10-311] analyzing module synth_w4d_oracle_top_state_issue_alu_iq_entries_uop_inst_RAM_AUTO_1R1W
INFO: [VRFC 10-2263] Analyzing Verilog file "/home/lab_726/boom/hls_boom/build/gate4_1/m3c_w4_rtl/hls_project/solution_w4_rtl/syn/verilog/synth_w4d_oracle_top_state_issue_alu_iq_entries_uop_uopc_RAM_AUTO_1R1W.v" into library work
INFO: [VRFC 10-311] analyzing module synth_w4d_oracle_top_state_issue_alu_iq_entries_uop_uopc_RAM_AUTO_1R1W
INFO: [VRFC 10-2263] Analyzing Verilog file "/home/lab_726/boom/hls_boom/build/gate4_1/m3c_w4_rtl/hls_project/solution_w4_rtl/syn/verilog/synth_w4d_oracle_top_state_issue_alu_iq_entries_valid_RAM_AUTO_1R1W.v" into library work
INFO: [VRFC 10-311] analyzing module synth_w4d_oracle_top_state_issue_alu_iq_entries_valid_RAM_AUTO_1R1W
INFO: [VRFC 10-2263] Analyzing Verilog file "/home/lab_726/boom/hls_boom/build/gate4_1/m3c_w4_rtl/hls_project/solution_w4_rtl/syn/verilog/synth_w4d_oracle_top_state_rename_int_free_list_free_list_RAM_AUTO_1R1W.v" into library work
INFO: [VRFC 10-311] analyzing module synth_w4d_oracle_top_state_rename_int_free_list_free_list_RAM_AUTO_1R1W
INFO: [VRFC 10-2263] Analyzing Verilog file "/home/lab_726/boom/hls_boom/build/gate4_1/m3c_w4_rtl/hls_project/solution_w4_rtl/syn/verilog/synth_w4d_oracle_top_state_rename_int_map_table_br_snapshots_RAM_AUTO_1R1W.v" into library work
INFO: [VRFC 10-311] analyzing module synth_w4d_oracle_top_state_rename_int_map_table_br_snapshots_RAM_AUTO_1R1W
INFO: [VRFC 10-2263] Analyzing Verilog file "/home/lab_726/boom/hls_boom/build/gate4_1/m3c_w4_rtl/hls_project/solution_w4_rtl/syn/verilog/synth_w4d_oracle_top_state_rename_int_map_table_map_table_RAM_AUTO_1R1W.v" into library work
INFO: [VRFC 10-311] analyzing module synth_w4d_oracle_top_state_rename_int_map_table_map_table_RAM_AUTO_1R1W
INFO: [VRFC 10-2263] Analyzing Verilog file "/home/lab_726/boom/hls_boom/build/gate4_1/m3c_w4_rtl/hls_project/solution_w4_rtl/syn/verilog/synth_w4d_oracle_top_state_rob_entries_memory_address_RAM_AUTO_1R1W.v" into library work
INFO: [VRFC 10-311] analyzing module synth_w4d_oracle_top_state_rob_entries_memory_address_RAM_AUTO_1R1W
INFO: [VRFC 10-2263] Analyzing Verilog file "/home/lab_726/boom/hls_boom/build/gate4_1/m3c_w4_rtl/hls_project/solution_w4_rtl/syn/verilog/synth_w4d_oracle_top_state_rob_entries_memory_mask_RAM_AUTO_1R1W.v" into library work
INFO: [VRFC 10-311] analyzing module synth_w4d_oracle_top_state_rob_entries_memory_mask_RAM_AUTO_1R1W
INFO: [VRFC 10-2263] Analyzing Verilog file "/home/lab_726/boom/hls_boom/build/gate4_1/m3c_w4_rtl/hls_project/solution_w4_rtl/syn/verilog/synth_w4d_oracle_top_state_rob_entries_memory_transaction_id_RAM_AUTO_1R1W.v" into library work
INFO: [VRFC 10-311] analyzing module synth_w4d_oracle_top_state_rob_entries_memory_transaction_id_RAM_AUTO_1R1W
INFO: [VRFC 10-2263] Analyzing Verilog file "/home/lab_726/boom/hls_boom/build/gate4_1/m3c_w4_rtl/hls_project/solution_w4_rtl/syn/verilog/synth_w4d_oracle_top_state_rob_entries_uop_branch_br_mask_RAM_AUTO_1R1W.v" into library work
INFO: [VRFC 10-311] analyzing module synth_w4d_oracle_top_state_rob_entries_uop_branch_br_mask_RAM_AUTO_1R1W
INFO: [VRFC 10-2263] Analyzing Verilog file "/home/lab_726/boom/hls_boom/build/gate4_1/m3c_w4_rtl/hls_project/solution_w4_rtl/syn/verilog/synth_w4d_oracle_top_state_rob_entries_uop_branch_br_tag_RAM_AUTO_1R1W.v" into library work
INFO: [VRFC 10-311] analyzing module synth_w4d_oracle_top_state_rob_entries_uop_branch_br_tag_RAM_AUTO_1R1W
INFO: [VRFC 10-2263] Analyzing Verilog file "/home/lab_726/boom/hls_boom/build/gate4_1/m3c_w4_rtl/hls_project/solution_w4_rtl/syn/verilog/synth_w4d_oracle_top_state_rob_entries_uop_queue_rob_allocation_id_RAM_AUTO_1R1W.v" into library work
INFO: [VRFC 10-311] analyzing module synth_w4d_oracle_top_state_rob_entries_uop_queue_rob_allocation_id_RAM_AUTO_1R1W
INFO: [VRFC 10-2263] Analyzing Verilog file "/home/lab_726/boom/hls_boom/build/gate4_1/m3c_w4_rtl/hls_project/solution_w4_rtl/syn/verilog/synth_w4d_oracle_top_state_rob_entries_uop_queue_rob_idx_RAM_AUTO_1R1W.v" into library work
INFO: [VRFC 10-311] analyzing module synth_w4d_oracle_top_state_rob_entries_uop_queue_rob_idx_RAM_AUTO_1R1W
INFO: [VRFC 10-2263] Analyzing Verilog file "/home/lab_726/boom/hls_boom/build/gate4_1/m3c_w4_rtl/hls_project/solution_w4_rtl/syn/verilog/synth_w4d_oracle_top_state_rob_entries_uop_rename_dst_rtype_RAM_AUTO_1R1W.v" into library work
INFO: [VRFC 10-311] analyzing module synth_w4d_oracle_top_state_rob_entries_uop_rename_dst_rtype_RAM_AUTO_1R1W
INFO: [VRFC 10-2263] Analyzing Verilog file "/home/lab_726/boom/hls_boom/build/gate4_1/m3c_w4_rtl/hls_project/solution_w4_rtl/syn/verilog/synth_w4d_oracle_top_state_rob_entries_uop_rename_pdst_RAM_AUTO_1R1W.v" into library work
INFO: [VRFC 10-311] analyzing module synth_w4d_oracle_top_state_rob_entries_uop_rename_pdst_RAM_AUTO_1R1W
INFO: [VRFC 10-2263] Analyzing Verilog file "/home/lab_726/boom/hls_boom/build/gate4_1/m3c_w4_rtl/hls_project/solution_w4_rtl/syn/verilog/synth_w4d_oracle_top_state_rob_entries_valid_RAM_AUTO_1R1W.v" into library work
INFO: [VRFC 10-311] analyzing module synth_w4d_oracle_top_state_rob_entries_valid_RAM_AUTO_1R1W
INFO: [VRFC 10-2263] Analyzing Verilog file "/home/lab_726/boom/hls_boom/build/gate4_1/m3c_w4_rtl/hls_project/solution_w4_rtl/syn/verilog/synth_w4d_oracle_top.v" into library work
INFO: [VRFC 10-311] analyzing module synth_w4d_oracle_top
INFO: [VRFC 10-2263] Analyzing SystemVerilog file "/home/lab_726/boom/hls_boom/rtl_tb/gate4_0/w4_completion_diagnostic_tb.sv" into library work
INFO: [VRFC 10-311] analyzing module w4_completion_diagnostic_tb
INFO: [VRFC 10-2263] Analyzing SystemVerilog file "/home/lab_726/boom/hls_boom/rtl_tb/gate4_0/w4_core_step_retention_tb.sv" into library work
INFO: [VRFC 10-311] analyzing module w4_core_step_retention_tb
Vivado Simulator v2021.2
Copyright 1986-1999, 2001-2021 Xilinx, Inc. All Rights Reserved.
Running: /home/lab_726/Xilinx/Vivado/2021.2/bin/unwrapped/lnx64.o/xelab w4_completion_diagnostic_tb -s w4_completion_diagnostic_snapshot -timescale 1ns/1ps 
Multi-threading is on. Using 18 slave threads.
Starting static elaboration
Pass Through NonSizing Optimizer
WARNING: [VRFC 10-3645] port 'ap_local_block' remains unconnected for this instance [/home/lab_726/boom/hls_boom/rtl_tb/gate4_0/w4_completion_diagnostic_tb.sv:14]
Completed static elaboration
Starting simulation data flow analysis
Completed simulation data flow analysis
Time Resolution for simulation is 1ps
Compiling module work.synth_w4d_oracle_top_state_renam...
Compiling module work.synth_w4d_oracle_top_state_renam...
Compiling module work.synth_w4d_oracle_top_state_renam...
Compiling module work.synth_w4d_oracle_top_state_issue...
Compiling module work.synth_w4d_oracle_top_state_issue...
Compiling module work.synth_w4d_oracle_top_state_issue...
Compiling module work.synth_w4d_oracle_top_state_issue...
Compiling module work.synth_w4d_oracle_top_state_issue...
Compiling module work.synth_w4d_oracle_top_state_rob_e...
Compiling module work.synth_w4d_oracle_top_state_rob_e...
Compiling module work.synth_w4d_oracle_top_state_rob_e...
Compiling module work.synth_w4d_oracle_top_state_rob_e...
Compiling module work.synth_w4d_oracle_top_state_rob_e...
Compiling module work.synth_w4d_oracle_top_state_rob_e...
Compiling module work.synth_w4d_oracle_top_state_rob_e...
Compiling module work.synth_w4d_oracle_top_state_rob_e...
Compiling module work.synth_w4d_oracle_top_state_rob_e...
Compiling module work.synth_w4d_oracle_top_state_rob_e...
Compiling module work.synth_w4d_oracle_top_state_branc...
Compiling module work.synth_w4d_oracle_top_state_int_r...
Compiling module work.synth_w4d_oracle_top_mux_32_8_1_...
Compiling module work.synth_w4d_oracle_top_clear_resol...
Compiling module work.synth_w4d_oracle_top_compact_iss...
Compiling module work.synth_w4d_oracle_top_compact_iss...
Compiling module work.synth_w4d_oracle_top_compact_iss...
Compiling module work.synth_w4d_oracle_top_compact_iss...
Compiling module work.synth_w4d_oracle_top_compact_iss...
Compiling module work.synth_w4d_oracle_top_compact_iss...
Compiling module work.synth_w4d_oracle_top_mux_32_1_1_...
Compiling module work.synth_w4d_oracle_top_kill_issue_...
Compiling module work.synth_w4d_oracle_top_kill_execut...
Compiling module work.synth_w4d_oracle_top_kill_lsu_st...
Compiling module work.synth_w4d_oracle_top_kill_rob_yo...
Compiling module work.synth_w4d_oracle_top_mul_8ns_7ns...
Compiling module work.synth_w4d_oracle_top_mul_3ns_7ns...
Compiling module work.synth_w4d_oracle_top_recover_mis...
Compiling module work.synth_w4d_oracle_top_branch_comp...
Compiling module work.synth_w4d_oracle_top_completion_...
Compiling module work.synth_w4d_oracle_top_lsu_accept_...
Compiling module work.synth_w4d_oracle_top_reclaim_ldq
Compiling module work.synth_w4d_oracle_top_apply_write...
Compiling module work.synth_w4d_oracle_top_mux_42_8_1_...
Compiling module work.synth_w4d_oracle_top_mux_42_32_1...
Compiling module work.synth_w4d_oracle_top_mux_42_1_1_...
Compiling module work.synth_w4d_oracle_top_mux_42_3_1_...
Compiling module work.synth_w4d_oracle_top_mux_42_2_1_...
Compiling module work.synth_w4d_oracle_top_mux_42_64_1...
Compiling module work.synth_w4d_oracle_top_service_pen...
Compiling module work.synth_w4d_oracle_top_mux_42_11_1...
Compiling module work.synth_w4d_oracle_top_begin_compl...
Compiling module work.synth_w4d_oracle_top_mux_32_64_1...
Compiling module work.synth_w4d_oracle_top
Compiling module work.w4_completion_diagnostic_tb
Built simulation snapshot w4_completion_diagnostic_snapshot
Vivado Simulator v2021.2
Copyright 1986-1999, 2001-2021 Xilinx, Inc. All Rights Reserved.
Running: /home/lab_726/Xilinx/Vivado/2021.2/bin/unwrapped/lnx64.o/xelab w4_core_step_retention_tb -s w4_core_step_retention_snapshot -timescale 1ns/1ps 
Multi-threading is on. Using 18 slave threads.
Starting static elaboration
Pass Through NonSizing Optimizer
WARNING: [VRFC 10-3645] port 'ap_local_block' remains unconnected for this instance [/home/lab_726/boom/hls_boom/rtl_tb/gate4_0/w4_core_step_retention_tb.sv:17]
Completed static elaboration
Starting simulation data flow analysis
Completed simulation data flow analysis
Time Resolution for simulation is 1ps
Compiling module work.synth_w4_core_step_retention_top...
Compiling module work.synth_w4_core_step_retention_top...
Compiling module work.synth_w4_core_step_retention_top...
Compiling module work.synth_w4_core_step_retention_top...
Compiling module work.synth_w4_core_step_retention_top...
Compiling module work.synth_w4_core_step_retention_top...
Compiling module work.synth_w4_core_step_retention_top...
Compiling module work.synth_w4_core_step_retention_top...
Compiling module work.synth_w4_core_step_retention_top...
Compiling module work.synth_w4_core_step_retention_top...
Compiling module work.synth_w4_core_step_retention_top...
Compiling module work.synth_w4_core_step_retention_top...
Compiling module work.synth_w4_core_step_retention_top...
Compiling module work.synth_w4_core_step_retention_top...
Compiling module work.synth_w4_core_step_retention_top...
Compiling module work.synth_w4_core_step_retention_top...
Compiling module work.synth_w4_core_step_retention_top...
Compiling module work.synth_w4_core_step_retention_top...
Compiling module work.synth_w4_core_step_retention_top...
Compiling module work.synth_w4_core_step_retention_top...
Compiling module work.synth_w4_core_step_retention_top...
Compiling module work.synth_w4_core_step_retention_top...
Compiling module work.synth_w4_core_step_retention_top...
Compiling module work.synth_w4_core_step_retention_top...
Compiling module work.synth_w4_core_step_retention_top...
Compiling module work.synth_w4_core_step_retention_top...
Compiling module work.synth_w4_core_step_retention_top...
Compiling module work.synth_w4_core_step_retention_top...
Compiling module work.synth_w4_core_step_retention_top...
Compiling module work.synth_w4_core_step_retention_top...
Compiling module work.synth_w4_core_step_retention_top...
Compiling module work.synth_w4_core_step_retention_top...
Compiling module work.synth_w4_core_step_retention_top...
Compiling module work.synth_w4_core_step_retention_top...
Compiling module work.synth_w4_core_step_retention_top...
Compiling module work.synth_w4_core_step_retention_top...
Compiling module work.synth_w4_core_step_retention_top...
Compiling module work.synth_w4_core_step_retention_top...
Compiling module work.synth_w4_core_step_retention_top...
Compiling module work.synth_w4_core_step_retention_top...
Compiling module work.synth_w4_core_step_retention_top...
Compiling module work.synth_w4_core_step_retention_top...
Compiling module work.synth_w4_core_step_retention_top...
Compiling module work.synth_w4_core_step_retention_top...
Compiling module work.synth_w4_core_step_retention_top...
Compiling module work.synth_w4_core_step_retention_top...
Compiling module work.synth_w4_core_step_retention_top...
Compiling module work.synth_w4_core_step_retention_top...
Compiling module work.synth_w4_core_step_retention_top...
Compiling module work.synth_w4_core_step_retention_top...
Compiling module work.synth_w4_core_step_retention_top...
Compiling module work.synth_w4_core_step_retention_top...
Compiling module work.synth_w4_core_step_retention_top...
Compiling module work.synth_w4_core_step_retention_top...
Compiling module work.synth_w4_core_step_retention_top...
Compiling module work.synth_w4_core_step_retention_top...
Compiling module work.synth_w4_core_step_retention_top...
Compiling module work.synth_w4_core_step_retention_top...
Compiling module work.synth_w4_core_step_retention_top...
Compiling module work.synth_w4_core_step_retention_top...
Compiling module work.synth_w4_core_step_retention_top...
Compiling module work.synth_w4_core_step_retention_top...
Compiling module work.synth_w4_core_step_retention_top...
Compiling module work.synth_w4_core_step_retention_top...
Compiling module work.synth_w4_core_step_retention_top...
Compiling module work.synth_w4_core_step_retention_top...
Compiling module work.synth_w4_core_step_retention_top...
Compiling module work.synth_w4_core_step_retention_top...
Compiling module work.synth_w4_core_step_retention_top...
Compiling module work.synth_w4_core_step_retention_top...
Compiling module work.synth_w4_core_step_retention_top...
Compiling module work.synth_w4_core_step_retention_top...
Compiling module work.synth_w4_core_step_retention_top
Compiling module work.w4_core_step_retention_tb
Built simulation snapshot w4_core_step_retention_snapshot
