

================================================================
== Vitis HLS Report for 'synth_rob_top'
================================================================
* Date:           Sun Aug  2 12:05:57 2026

* Version:        2021.2 (Build 3367213 on Tue Oct 19 02:47:39 MDT 2021)
* Project:        synth_rob_top
* Solution:       solution_w4a_csynth (Vivado IP Flow Target)
* Product family: zynquplus
* Target device:  xczu7ev-ffvc1156-2-e


================================================================
== Performance Estimates
================================================================
+ Timing: 
    * Summary: 
    +--------+----------+----------+------------+
    |  Clock |  Target  | Estimated| Uncertainty|
    +--------+----------+----------+------------+
    |ap_clk  |  10.00 ns|  1.829 ns|     2.70 ns|
    +--------+----------+----------+------------+

+ Latency: 
    * Summary: 
    +---------+---------+-----------+-----------+-----+-----+---------+
    |  Latency (cycles) |   Latency (absolute)  |  Interval | Pipeline|
    |   min   |   max   |    min    |    max    | min | max |   Type  |
    +---------+---------+-----------+-----------+-----+-----+---------+
    |        1|        1|  10.000 ns|  10.000 ns|    2|    2|       no|
    +---------+---------+-----------+-----------+-----+-----+---------+

    + Detail: 
        * Instance: 
        +--------------------------------+--------------+---------+---------+----------+----------+-----+-----+---------+
        |                                |              |  Latency (cycles) |  Latency (absolute) |  Interval | Pipeline|
        |            Instance            |    Module    |   min   |   max   |    min   |    max   | min | max |   Type  |
        +--------------------------------+--------------+---------+---------+----------+----------+-----+-----+---------+
        |call_ln2152_rob_allocate_fu_52  |rob_allocate  |        0|        0|      0 ns|      0 ns|    0|    0|       no|
        +--------------------------------+--------------+---------+---------+----------+----------+-----+-----+---------+

        * Loop: 
        N/A



================================================================
== Utilization Estimates
================================================================
* Summary: 
+-----------------+---------+------+--------+--------+-----+
|       Name      | BRAM_18K|  DSP |   FF   |   LUT  | URAM|
+-----------------+---------+------+--------+--------+-----+
|DSP              |        -|     -|       -|       -|    -|
|Expression       |        -|     -|       -|       -|    -|
|FIFO             |        -|     -|       -|       -|    -|
|Instance         |        -|     -|      41|     130|    -|
|Memory           |        -|     -|       -|       -|    -|
|Multiplexer      |        -|     -|       -|      14|    -|
|Register         |        -|     -|       5|       -|    -|
+-----------------+---------+------+--------+--------+-----+
|Total            |        0|     0|      46|     144|    0|
+-----------------+---------+------+--------+--------+-----+
|Available        |      624|  1728|  460800|  230400|   96|
+-----------------+---------+------+--------+--------+-----+
|Utilization (%)  |        0|     0|      ~0|      ~0|    0|
+-----------------+---------+------+--------+--------+-----+

+ Detail: 
    * Instance: 
    +--------------------------------+--------------+---------+----+----+-----+-----+
    |            Instance            |    Module    | BRAM_18K| DSP| FF | LUT | URAM|
    +--------------------------------+--------------+---------+----+----+-----+-----+
    |call_ln2152_rob_allocate_fu_52  |rob_allocate  |        0|   0|  41|  130|    0|
    +--------------------------------+--------------+---------+----+----+-----+-----+
    |Total                           |              |        0|   0|  41|  130|    0|
    +--------------------------------+--------------+---------+----+----+-----+-----+

    * DSP: 
    N/A

    * Memory: 
    N/A

    * FIFO: 
    N/A

    * Expression: 
    N/A

    * Multiplexer: 
    +-----------+----+-----------+-----+-----------+
    |    Name   | LUT| Input Size| Bits| Total Bits|
    +-----------+----+-----------+-----+-----------+
    |ap_NS_fsm  |  14|          3|    1|          3|
    +-----------+----+-----------+-----+-----------+
    |Total      |  14|          3|    1|          3|
    +-----------+----+-----------+-----+-----------+

    * Register: 
    +------------------------------------------+---+----+-----+-----------+
    |                   Name                   | FF| LUT| Bits| Const Bits|
    +------------------------------------------+---+----+-----+-----------+
    |ap_CS_fsm                                 |  2|   0|    2|          0|
    |state_rename_dispatch_packets_uop_uopc_0  |  2|   0|    5|          3|
    |state_rename_dispatch_packets_valid_0     |  1|   0|    1|          0|
    +------------------------------------------+---+----+-----+-----------+
    |Total                                     |  5|   0|    8|          3|
    +------------------------------------------+---+----+-----+-----------+



================================================================
== Interface
================================================================
* Summary: 
+-------------------+-----+-----+------------+---------------+--------------+
|     RTL Ports     | Dir | Bits|  Protocol  | Source Object |    C Type    |
+-------------------+-----+-----+------------+---------------+--------------+
|ap_local_block     |  out|    1|  ap_ctrl_hs|  synth_rob_top|  return value|
|ap_local_deadlock  |  out|    1|  ap_ctrl_hs|  synth_rob_top|  return value|
|ap_clk             |   in|    1|  ap_ctrl_hs|  synth_rob_top|  return value|
|ap_rst             |   in|    1|  ap_ctrl_hs|  synth_rob_top|  return value|
|ap_start           |   in|    1|  ap_ctrl_hs|  synth_rob_top|  return value|
|ap_done            |  out|    1|  ap_ctrl_hs|  synth_rob_top|  return value|
|ap_idle            |  out|    1|  ap_ctrl_hs|  synth_rob_top|  return value|
|ap_ready           |  out|    1|  ap_ctrl_hs|  synth_rob_top|  return value|
|seed_inst          |   in|   32|     ap_none|      seed_inst|        scalar|
|seed_pc            |   in|   64|     ap_none|        seed_pc|        scalar|
|observable         |  out|   64|      ap_vld|     observable|       pointer|
|observable_ap_vld  |  out|    1|      ap_vld|     observable|       pointer|
+-------------------+-----+-----+------------+---------------+--------------+

