#-----------------------------------------------------------
# xsim v2021.2 (64-bit)
# SW Build 3367213 on Tue Oct 19 02:47:39 MDT 2021
# IP Build 3369179 on Thu Oct 21 08:25:16 MDT 2021
# Start of session at: Thu Jul 30 09:19:50 2026
# Process ID: 16986
# Current directory: /home/lab_726/boom/hls_boom/build/gate3_10/SWEEP_P0_4_5/xsim
# Command line: xsim -log /home/lab_726/boom/hls_boom/reports/gate3_10/variants/SWEEP_P0_4_5/logs/branch_not_taken_N3_NORMAL_BRANCH_NOT_TAKEN.log -mode tcl -source {xsim.dir/gate3_10_snapshot/xsim_script.tcl}
# Log file: /home/lab_726/boom/hls_boom/reports/gate3_10/variants/SWEEP_P0_4_5/logs/branch_not_taken_N3_NORMAL_BRANCH_NOT_TAKEN.log
# Journal file: /home/lab_726/boom/hls_boom/build/gate3_10/SWEEP_P0_4_5/xsim/xsim.jou
# Running On: 726, OS: Linux, CPU Frequency: 4124.817 MHz, CPU Physical cores: 14, Host memory: 67148 MB
#-----------------------------------------------------------
source xsim.dir/gate3_10_snapshot/xsim_script.tcl
# xsim {gate3_10_snapshot} -testplusarg PROGRAM=/home/lab_726/boom/hls_boom/build/gate3_10/SWEEP_P0_4_5/xsim/branch_not_taken.readmemh -testplusarg PROGRAM_NAME=branch_not_taken -testplusarg SCENARIO=N3_NORMAL_BRANCH_NOT_TAKEN -testplusarg MAX_CYCLES=50000 -testplusarg TRACE=/home/lab_726/boom/hls_boom/reports/gate3_10/variants/SWEEP_P0_4_5/rtl_traces/branch_not_taken_N3_NORMAL_BRANCH_NOT_TAKEN.jsonl -autoloadwcfg -runall -onerror quit
Time resolution is 1 ps
run -all
GATE3_8_IMEM program=/home/lab_726/boom/hls_boom/build/gate3_10/SWEEP_P0_4_5/xsim/branch_not_taken.readmemh
GATE3_8_START scenario=N3_NORMAL_BRANCH_NOT_TAKEN code=0 program=branch_not_taken max_cycles=50000
GATE3_8_PASS scenario=N3_NORMAL_BRANCH_NOT_TAKEN cycles=14419 commits=14 resets=1 imem=15 dmem=1 loads=0 stores=1 tohost=0000000000000001
$finish called at time : 144235 ns : File "/home/lab_726/boom/hls_boom/rtl_tb/boom_core_rtl_tb.sv" Line 282
exit
INFO: [Common 17-206] Exiting xsim at Thu Jul 30 09:19:54 2026...
