
****** Vitis HLS - High-Level Synthesis from C, C++ and OpenCL v2021.2 (64-bit)
  **** SW Build 3367213 on Tue Oct 19 02:47:39 MDT 2021
  **** IP Build 3369179 on Thu Oct 21 08:25:16 MDT 2021
    ** Copyright 1986-2021 Xilinx, Inc. All Rights Reserved.

source /home/lab_726/Xilinx/Vitis_HLS/2021.2/scripts/vitis_hls/hls.tcl -notrace
INFO: [HLS 200-10] Running '/home/lab_726/Xilinx/Vitis_HLS/2021.2/bin/unwrapped/lnx64.o/vitis_hls'
INFO: [HLS 200-10] For user 'lab_726' on host '726' (Linux_x86_64 version 6.8.0-136-generic) on Sun Aug 02 13:05:49 CST 2026
INFO: [HLS 200-10] On os Ubuntu 22.04.5 LTS
INFO: [HLS 200-10] In directory '/home/lab_726/boom/hls_boom/build/gate4_0/w4b_csynth/projects'
Sourcing Tcl script '/home/lab_726/boom/hls_boom/scripts/run_top_csynth.tcl'
INFO: [HLS 200-1510] Running: open_project -reset synth_completion_top 
INFO: [HLS 200-10] Opening and resetting project '/home/lab_726/boom/hls_boom/build/gate4_0/w4b_csynth/projects/synth_completion_top'.
WARNING: [HLS 200-40] No /home/lab_726/boom/hls_boom/build/gate4_0/w4b_csynth/projects/synth_completion_top/solution_w4b_csynth/solution_w4b_csynth.aps file found.
INFO: [HLS 200-1510] Running: set_top synth_completion_top 
INFO: [HLS 200-1510] Running: add_files -cflags -std=c++11 -I/home/lab_726/boom/hls_boom/include  /home/lab_726/boom/hls_boom/src/boom_core_merged.cpp 
INFO: [HLS 200-10] Adding design file '/home/lab_726/boom/hls_boom/src/boom_core_merged.cpp' to the project
INFO: [HLS 200-1510] Running: open_solution -reset solution_w4b_csynth 
INFO: [HLS 200-10] Creating and opening solution '/home/lab_726/boom/hls_boom/build/gate4_0/w4b_csynth/projects/synth_completion_top/solution_w4b_csynth'.
INFO: [HLS 200-10] Cleaning up the solution database.
WARNING: [HLS 200-40] No /home/lab_726/boom/hls_boom/build/gate4_0/w4b_csynth/projects/synth_completion_top/solution_w4b_csynth/solution_w4b_csynth.aps file found.
INFO: [HLS 200-1505] Using default flow_target 'vivado'
Resolution: For help on HLS 200-1505 see www.xilinx.com/cgi-bin/docs/rdoc?v=2021.2;t=hls+guidance;d=200-1505.html
INFO: [HLS 200-1510] Running: set_part xczu7ev-ffvc1156-2-e 
INFO: [HLS 200-1611] Setting target device to 'xczu7ev-ffvc1156-2-e'
INFO: [HLS 200-1510] Running: create_clock -period 10 -name default 
INFO: [SYN 201-201] Setting up clock 'default' with a period of 10ns.
INFO: [HLS 200-1510] Running: config_compile -pipeline_loops 0 
INFO: [XFORM 203-1171] Pipeline the innermost loop with trip count more than 0 or its parent loop when its trip count is less than or equal 0.
INFO: [HLS 200-1510] Running: csynth_design 
INFO: [HLS 200-111] Finished File checks and directory preparation: CPU user time: 0 seconds. CPU system time: 0 seconds. Elapsed time: 0 seconds; current allocated memory: 1.321 GB.
INFO: [HLS 200-10] Analyzing design file '/home/lab_726/boom/hls_boom/src/boom_core_merged.cpp' ... 
INFO: [HLS 200-111] Finished Source Code Analysis and Preprocessing: CPU user time: 0.93 seconds. CPU system time: 0.26 seconds. Elapsed time: 0.66 seconds; current allocated memory: 418.336 MB.
INFO: [HLS 200-777] Using interface defaults for 'Vivado' flow target.
INFO: [HLS 214-284] Auto array partition mode is set into default.
INFO: [HLS 214-131] Inlining function 'boom::completion_from_execute(ExecuteState::AluResult const&, CompletionSourceId, RobCompleteEvent&)' into 'boom::capture_execute_events(BoomCoreState&)' (/home/lab_726/boom/hls_boom/src/boom_core_merged.cpp:674:9)
INFO: [HLS 214-131] Inlining function 'boom::completion_from_execute(ExecuteState::AluResult const&, CompletionSourceId, RobCompleteEvent&)' into 'boom::capture_execute_events(BoomCoreState&)' (/home/lab_726/boom/hls_boom/src/boom_core_merged.cpp:681:9)
INFO: [HLS 214-131] Inlining function 'boom::discard_invalid_pending(BoomCoreState&)' into 'boom::service_pending(BoomCoreState&)' (/home/lab_726/boom/hls_boom/src/boom_core_merged.cpp:773:9)
INFO: [HLS 214-131] Inlining function 'boom::build_rob_complete_ports(BoomCoreState const&, RobCompleteEvent*)' into 'boom::service_pending(BoomCoreState&)' (/home/lab_726/boom/hls_boom/src/boom_core_merged.cpp:775:9)
INFO: [HLS 214-131] Inlining function 'boom::select_pending(BoomCoreState const&, RobCompleteEvent const*, bool, bool&, bool&)' into 'boom::service_pending(BoomCoreState&)' (/home/lab_726/boom/hls_boom/src/boom_core_merged.cpp:778:39)
INFO: [HLS 214-131] Inlining function 'boom::apply_completion(BoomCoreState&, RobCompleteEvent const&)' into 'boom::service_pending(BoomCoreState&)' (/home/lab_726/boom/hls_boom/src/boom_core_merged.cpp:791:24)
INFO: [HLS 214-131] Inlining function 'boom::apply_completion(BoomCoreState&, RobCompleteEvent const&)' into 'boom::service_pending(BoomCoreState&)' (/home/lab_726/boom/hls_boom/src/boom_core_merged.cpp:800:24)
INFO: [HLS 214-131] Inlining function 'boom::apply_completion(BoomCoreState&, RobCompleteEvent const&)' into 'boom::service_pending(BoomCoreState&)' (/home/lab_726/boom/hls_boom/src/boom_core_merged.cpp:806:24)
INFO: [HLS 214-131] Inlining function 'boom::capture_execute_events(BoomCoreState&)' into 'boom::begin_completion_cycle(BoomCoreState&)' (/home/lab_726/boom/hls_boom/src/boom_core_merged.cpp:835:5)
INFO: [HLS 214-178] Inlining function 'MicroOp::MicroOp() (.23.29.35.41.47.53.59.65)' into 'FrontendState::FrontendState()' (/home/lab_726/boom/hls_boom/include/boom_state.hpp:26:0)
INFO: [HLS 214-178] Inlining function 'MicroOp::MicroOp() (.23.29.35.41.47.53.59.65)' into 'DecodeState::DecodeState()' (/home/lab_726/boom/hls_boom/include/boom_state.hpp:32:0)
INFO: [HLS 214-178] Inlining function 'MicroOp::MicroOp() (.23.29.35.41.47.53.59.65)' into 'RenameDispatchPacket::RenameDispatchPacket()' (/home/lab_726/boom/hls_boom/include/boom_state.hpp:73:0)
INFO: [HLS 214-178] Inlining function 'RenameMapTableState::RenameMapTableState()' into 'RenameState::RenameState()' (/home/lab_726/boom/hls_boom/include/boom_state.hpp:76:0)
INFO: [HLS 214-178] Inlining function 'RenameFreeListState::RenameFreeListState()' into 'RenameState::RenameState()' (/home/lab_726/boom/hls_boom/include/boom_state.hpp:76:0)
INFO: [HLS 214-178] Inlining function 'RenameDispatchPacket::RenameDispatchPacket()' into 'RenameState::RenameState()' (/home/lab_726/boom/hls_boom/include/boom_state.hpp:76:0)
INFO: [HLS 214-178] Inlining function 'MicroOp::MicroOp() (.23.29.35.41.47.53.59.65)' into 'IssueSlotEntry::IssueSlotEntry()' (/home/lab_726/boom/hls_boom/include/boom_types.hpp:141:0)
INFO: [HLS 214-178] Inlining function 'IssueSlotEntry::IssueSlotEntry()' into 'IssueQueueState::IssueQueueState()' (/home/lab_726/boom/hls_boom/include/boom_state.hpp:85:0)
INFO: [HLS 214-178] Inlining function 'MicroOp::MicroOp() (.23.29.35.41.47.53.59.65)' into 'IssueGrant::IssueGrant()' (/home/lab_726/boom/hls_boom/include/boom_types.hpp:118:0)
INFO: [HLS 214-178] Inlining function 'IssueGrant::IssueGrant()' into 'IssueState::IssueState()' (/home/lab_726/boom/hls_boom/include/boom_state.hpp:102:0)
INFO: [HLS 214-178] Inlining function 'MicroOp::MicroOp() (.23.29.35.41.47.53.59.65)' into 'IssueState::IssueState()' (/home/lab_726/boom/hls_boom/include/boom_state.hpp:102:0)
INFO: [HLS 214-178] Inlining function 'MicroOp::MicroOp() (.23.29.35.41.47.53.59.65)' into 'ExecuteState::AluResult::AluResult()' (/home/lab_726/boom/hls_boom/include/boom_state.hpp:121:0)
INFO: [HLS 214-178] Inlining function 'ExecuteState::AluResult::AluResult()' into 'ExecuteState::ExecuteState()' (/home/lab_726/boom/hls_boom/include/boom_state.hpp:124:0)
INFO: [HLS 214-178] Inlining function 'MicroOp::MicroOp() (.23.29.35.41.47.53.59.65)' into 'RobEntry::RobEntry()' (/home/lab_726/boom/hls_boom/include/boom_types.hpp:132:0)
INFO: [HLS 214-178] Inlining function 'RobEntry::RobEntry()' into 'RobInternalState::RobInternalState()' (/home/lab_726/boom/hls_boom/include/boom_state.hpp:138:0)
INFO: [HLS 214-178] Inlining function 'CommitEntry::CommitEntry()' into 'RobInternalState::RobInternalState()' (/home/lab_726/boom/hls_boom/include/boom_state.hpp:138:0)
INFO: [HLS 214-178] Inlining function 'StoreQueueEntry::StoreQueueEntry()' into 'LsuState::LsuState()' (/home/lab_726/boom/hls_boom/include/boom_state.hpp:181:0)
INFO: [HLS 214-178] Inlining function 'LoadQueueEntry::LoadQueueEntry()' into 'LsuState::LsuState()' (/home/lab_726/boom/hls_boom/include/boom_state.hpp:181:0)
INFO: [HLS 214-178] Inlining function 'MicroOp::MicroOp() (.23.29.35.41.47.53.59.65)' into 'RobCompleteEvent::RobCompleteEvent()' (/home/lab_726/boom/hls_boom/include/boom_types.hpp:108:0)
INFO: [HLS 214-178] Inlining function 'MicroOp::MicroOp() (.23.29.35.41.47.53.59.65)' into 'BranchUpdate::BranchUpdate()' (/home/lab_726/boom/hls_boom/include/boom_types.hpp:150:0)
INFO: [HLS 214-178] Inlining function 'FrontendState::FrontendState()' into 'BoomCoreState::BoomCoreState()' (/home/lab_726/boom/hls_boom/include/boom_state.hpp:220:0)
INFO: [HLS 214-178] Inlining function 'CsrState::CsrState()' into 'BoomCoreState::BoomCoreState()' (/home/lab_726/boom/hls_boom/include/boom_state.hpp:220:0)
INFO: [HLS 214-178] Inlining function 'LsuState::LsuState()' into 'BoomCoreState::BoomCoreState()' (/home/lab_726/boom/hls_boom/include/boom_state.hpp:220:0)
INFO: [HLS 214-178] Inlining function 'CompletionPendingState::CompletionPendingState()' into 'BoomCoreState::BoomCoreState()' (/home/lab_726/boom/hls_boom/include/boom_state.hpp:220:0)
INFO: [HLS 214-178] Inlining function 'BranchRecoveryState::BranchRecoveryState()' into 'BoomCoreState::BoomCoreState()' (/home/lab_726/boom/hls_boom/include/boom_state.hpp:220:0)
INFO: [HLS 214-178] Inlining function 'BranchUpdate::BranchUpdate()' into 'BoomCoreState::BoomCoreState()' (/home/lab_726/boom/hls_boom/include/boom_state.hpp:220:0)
INFO: [HLS 214-178] Inlining function 'boom::completion_has_rob_owner(BoomCoreState const&, RobCompleteEvent const&) (.80.93.135.163.191.219.247.275.303)' into 'boom::completion_is_valid(BoomCoreState const&, RobCompleteEvent const&)' (/home/lab_726/boom/hls_boom/src/boom_core_merged.cpp:580:0)
INFO: [HLS 214-178] Inlining function 'IssueSlotEntry::IssueSlotEntry()' into 'boom::compact_issue_queue(IssueQueueState&)' (/home/lab_726/boom/hls_boom/src/boom_core_merged.cpp:1320:0)
INFO: [HLS 214-178] Inlining function 'boom::killed_by_mask(MicroOp const&, unsigned char)' into 'boom::kill_issue_state(BoomCoreState&, unsigned char)' (/home/lab_726/boom/hls_boom/src/boom_core_merged.cpp:1333:0)
INFO: [HLS 214-178] Inlining function 'boom::killed_by_mask(MicroOp const&, unsigned char)' into 'boom::kill_execute_state(BoomCoreState&, unsigned char)' (/home/lab_726/boom/hls_boom/src/boom_core_merged.cpp:1350:0)
INFO: [HLS 214-178] Inlining function 'LoadQueueEntry::LoadQueueEntry()' into 'boom::kill_lsu_state(BoomCoreState&, unsigned char)' (/home/lab_726/boom/hls_boom/src/boom_core_merged.cpp:1367:0)
INFO: [HLS 214-178] Inlining function 'StoreQueueEntry::StoreQueueEntry()' into 'boom::kill_lsu_state(BoomCoreState&, unsigned char)' (/home/lab_726/boom/hls_boom/src/boom_core_merged.cpp:1367:0)
INFO: [HLS 214-178] Inlining function 'boom::killed_by_mask(MicroOp const&, unsigned char)' into 'boom::kill_rob_younger_than(BoomCoreState&, unsigned char, unsigned char)' (/home/lab_726/boom/hls_boom/src/boom_core_merged.cpp:1409:0)
INFO: [HLS 214-178] Inlining function 'boom::branch_free_list_contains(RenameFreeListState const&, unsigned char)' into 'boom::branch_free_preg_unique(RenameFreeListState&, unsigned char)' (/home/lab_726/boom/hls_boom/src/boom_core_merged.cpp:1276:0)
INFO: [HLS 214-178] Inlining function 'boom::preg_in_map(RenameMapTableState const&, unsigned char)' into 'boom::rollback_free_list(BoomCoreState&, unsigned char)' (/home/lab_726/boom/hls_boom/src/boom_core_merged.cpp:1448:0)
INFO: [HLS 214-178] Inlining function 'boom::branch_free_preg_unique(RenameFreeListState&, unsigned char)' into 'boom::rollback_free_list(BoomCoreState&, unsigned char)' (/home/lab_726/boom/hls_boom/src/boom_core_merged.cpp:1448:0)
INFO: [HLS 214-178] Inlining function 'boom::branch_tag_bit(unsigned char)' into 'boom::prune_recovered_tags(BoomCoreState&, unsigned char, unsigned char)' (/home/lab_726/boom/hls_boom/src/boom_core_merged.cpp:1467:0)
INFO: [HLS 214-178] Inlining function 'boom::branch_clear_alloc_list(BranchRecoveryState&, unsigned char)' into 'boom::prune_recovered_tags(BoomCoreState&, unsigned char, unsigned char)' (/home/lab_726/boom/hls_boom/src/boom_core_merged.cpp:1467:0)
INFO: [HLS 214-178] Inlining function 'boom::clear_resolved_mask(MicroOp&, unsigned char)' into 'boom::clear_resolved_masks_in_state(BoomCoreState&, unsigned char)' (/home/lab_726/boom/hls_boom/src/boom_core_merged.cpp:1300:0)
INFO: [HLS 214-178] Inlining function 'boom::killed_by_mask(MicroOp const&, unsigned char)' into 'boom::recover_mispredict(BoomCoreState&, BranchUpdate const&)' (/home/lab_726/boom/hls_boom/src/boom_core_merged.cpp:1480:0)
INFO: [HLS 214-178] Inlining function 'boom::restore_map_snapshot(BoomCoreState&, unsigned char)' into 'boom::recover_mispredict(BoomCoreState&, BranchUpdate const&)' (/home/lab_726/boom/hls_boom/src/boom_core_merged.cpp:1480:0)
INFO: [HLS 214-178] Inlining function 'boom::rollback_free_list(BoomCoreState&, unsigned char)' into 'boom::recover_mispredict(BoomCoreState&, BranchUpdate const&)' (/home/lab_726/boom/hls_boom/src/boom_core_merged.cpp:1480:0)
INFO: [HLS 214-178] Inlining function 'boom::prune_recovered_tags(BoomCoreState&, unsigned char, unsigned char)' into 'boom::recover_mispredict(BoomCoreState&, BranchUpdate const&)' (/home/lab_726/boom/hls_boom/src/boom_core_merged.cpp:1480:0)
INFO: [HLS 214-178] Inlining function 'boom::rebuild_busy_after_recovery(BoomCoreState&)' into 'boom::recover_mispredict(BoomCoreState&, BranchUpdate const&)' (/home/lab_726/boom/hls_boom/src/boom_core_merged.cpp:1480:0)
INFO: [HLS 214-178] Inlining function 'boom::branch_tag_bit(unsigned char)' into 'boom::release_tag(BoomCoreState&, unsigned char)' (/home/lab_726/boom/hls_boom/src/boom_core_merged.cpp:1290:0)
INFO: [HLS 214-178] Inlining function 'boom::branch_clear_alloc_list(BranchRecoveryState&, unsigned char)' into 'boom::release_tag(BoomCoreState&, unsigned char)' (/home/lab_726/boom/hls_boom/src/boom_core_merged.cpp:1290:0)
INFO: [HLS 214-178] Inlining function 'boom::release_tag(BoomCoreState&, unsigned char)' into 'boom::release_resolved_branch(BoomCoreState&, unsigned char, unsigned char)' (/home/lab_726/boom/hls_boom/src/boom_core_merged.cpp:1509:0)
INFO: [HLS 214-178] Inlining function 'boom::branch_tag_bit(unsigned char)' into 'boom::branch_complete_event(BoomCoreState&, MicroOp const&, bool, unsigned long)' (/home/lab_726/boom/hls_boom/src/boom_core_merged.cpp:1515:0)
INFO: [HLS 214-178] Inlining function 'boom::release_resolved_branch(BoomCoreState&, unsigned char, unsigned char)' into 'boom::branch_complete_event(BoomCoreState&, MicroOp const&, bool, unsigned long)' (/home/lab_726/boom/hls_boom/src/boom_core_merged.cpp:1515:0)
INFO: [HLS 214-178] Inlining function 'boom::enqueue_store(BoomCoreState&, MicroOp const&, unsigned long, unsigned long, unsigned char, unsigned char, RobEntry&) (.106.127.155.183.211.239.267.295)' into 'boom::lsu_accept_completion(BoomCoreState&, MicroOp const&, bool, bool, bool, unsigned long, unsigned long, unsigned char, unsigned char)' (/home/lab_726/boom/hls_boom/src/boom_core_merged.cpp:1644:0)
INFO: [HLS 214-178] Inlining function 'boom::enqueue_load(BoomCoreState&, MicroOp const&, bool, unsigned long, unsigned char, unsigned char, RobEntry&) (.103.124.152.180.208.236.264.292)' into 'boom::lsu_accept_completion(BoomCoreState&, MicroOp const&, bool, bool, bool, unsigned long, unsigned long, unsigned char, unsigned char)' (/home/lab_726/boom/hls_boom/src/boom_core_merged.cpp:1644:0)
INFO: [HLS 214-178] Inlining function 'LoadQueueEntry::LoadQueueEntry()' into 'boom::reclaim_ldq(BoomCoreState&, unsigned char, unsigned int)' (/home/lab_726/boom/hls_boom/src/boom_core_merged.cpp:1660:0)
INFO: [HLS 214-178] Inlining function 'boom::completion_age(BoomCoreState const&, RobCompleteEvent const&)' into 'boom::service_pending(BoomCoreState&)' (/home/lab_726/boom/hls_boom/src/boom_core_merged.cpp:769:0)
INFO: [HLS 214-178] Inlining function 'boom::completion_has_rob_owner(BoomCoreState const&, RobCompleteEvent const&) (.80.93.135.163.191.219.247.275.303)' into 'boom::service_pending(BoomCoreState&)' (/home/lab_726/boom/hls_boom/src/boom_core_merged.cpp:769:0)
INFO: [HLS 214-178] Inlining function 'boom::lsu_finish_load_response(BoomCoreState&, unsigned char, unsigned int, unsigned int)' into 'boom::service_pending(BoomCoreState&)' (/home/lab_726/boom/hls_boom/src/boom_core_merged.cpp:769:0)
INFO: [HLS 214-178] Inlining function 'boom::is_branch(MicroOp const&)' into 'boom::begin_completion_cycle(BoomCoreState&)' (/home/lab_726/boom/hls_boom/src/boom_core_merged.cpp:831:0)
INFO: [HLS 214-178] Inlining function 'boom::completion_service_execute(BoomCoreState&)' into 'synth_completion_top(unsigned char, unsigned char, unsigned long, unsigned long&)' (/home/lab_726/boom/hls_boom/src/boom_core_merged.cpp:2477:0)
INFO: [HLS 214-270] Starting automatic array partition analysis...
INFO: [HLS 200-111] Finished Compiling Optimization and Transform: CPU user time: 82.78 seconds. CPU system time: 0.76 seconds. Elapsed time: 83.52 seconds; current allocated memory: 462.250 MB.
INFO: [HLS 200-111] Finished Checking Pragmas: CPU user time: 0 seconds. CPU system time: 0 seconds. Elapsed time: 0.01 seconds; current allocated memory: 462.250 MB.
INFO: [HLS 200-10] Starting code transformations ...
INFO: [HLS 200-111] Finished Standard Transforms: CPU user time: 0.57 seconds. CPU system time: 0 seconds. Elapsed time: 0.57 seconds; current allocated memory: 482.918 MB.
INFO: [HLS 200-10] Checking synthesizability ...
INFO: [HLS 200-111] Finished Checking Synthesizability: CPU user time: 0.38 seconds. CPU system time: 0 seconds. Elapsed time: 0.38 seconds; current allocated memory: 492.941 MB.
INFO: [XFORM 203-102] Partitioning array 'state.rename.dispatch_packets.valid' automatically.
INFO: [XFORM 203-102] Partitioning array 'state.rename.dispatch_packets.uop.branch.br_mask' automatically.
INFO: [XFORM 203-102] Partitioning array 'state.decode.dec_uops.branch.br_mask' automatically.
INFO: [XFORM 203-102] Automatically partitioning small array 'state.issue.issued_valids' completely based on array size.
INFO: [XFORM 203-102] Automatically partitioning small array 'state.issue.issued_uops.branch.br_mask' completely based on array size.
INFO: [XFORM 203-102] Automatically partitioning small array 'state.execute.alu_results.valid' completely based on array size.
INFO: [XFORM 203-102] Automatically partitioning small array 'state.execute.alu_results.uop.uopc' completely based on array size.
INFO: [XFORM 203-102] Automatically partitioning small array 'state.execute.alu_results.uop.rename.stale_pdst' completely based on array size.
INFO: [XFORM 203-102] Automatically partitioning small array 'state.execute.alu_results.uop.rename.prs3_busy' completely based on array size.
INFO: [XFORM 203-102] Automatically partitioning small array 'state.execute.alu_results.uop.rename.prs3' completely based on array size.
INFO: [XFORM 203-102] Automatically partitioning small array 'state.execute.alu_results.uop.rename.prs2_busy' completely based on array size.
INFO: [XFORM 203-102] Automatically partitioning small array 'state.execute.alu_results.uop.rename.prs2' completely based on array size.
INFO: [XFORM 203-102] Automatically partitioning small array 'state.execute.alu_results.uop.rename.prs1_busy' completely based on array size.
INFO: [XFORM 203-102] Automatically partitioning small array 'state.execute.alu_results.uop.rename.prs1' completely based on array size.
INFO: [XFORM 203-102] Automatically partitioning small array 'state.execute.alu_results.uop.rename.ppred_busy' completely based on array size.
INFO: [XFORM 203-102] Automatically partitioning small array 'state.execute.alu_results.uop.rename.ppred' completely based on array size.
INFO: [XFORM 203-102] Automatically partitioning small array 'state.execute.alu_results.uop.rename.pdst' completely based on array size.
INFO: [XFORM 203-102] Automatically partitioning small array 'state.execute.alu_results.uop.rename.lrs3' completely based on array size.
INFO: [XFORM 203-102] Automatically partitioning small array 'state.execute.alu_results.uop.rename.lrs2_rtype' completely based on array size.
INFO: [XFORM 203-102] Automatically partitioning small array 'state.execute.alu_results.uop.rename.lrs2' completely based on array size.
INFO: [XFORM 203-102] Automatically partitioning small array 'state.execute.alu_results.uop.rename.lrs1_rtype' completely based on array size.
INFO: [XFORM 203-102] Automatically partitioning small array 'state.execute.alu_results.uop.rename.lrs1' completely based on array size.
INFO: [XFORM 203-102] Automatically partitioning small array 'state.execute.alu_results.uop.rename.ldst' completely based on array size.
INFO: [XFORM 203-102] Automatically partitioning small array 'state.execute.alu_results.uop.rename.frs3_en' completely based on array size.
INFO: [XFORM 203-102] Automatically partitioning small array 'state.execute.alu_results.uop.rename.fp_val' completely based on array size.
INFO: [XFORM 203-102] Automatically partitioning small array 'state.execute.alu_results.uop.rename.fp_single' completely based on array size.
INFO: [XFORM 203-102] Automatically partitioning small array 'state.execute.alu_results.uop.rename.dst_rtype' completely based on array size.
INFO: [XFORM 203-102] Automatically partitioning small array 'state.execute.alu_results.uop.queue.stq_idx' completely based on array size.
INFO: [XFORM 203-102] Automatically partitioning small array 'state.execute.alu_results.uop.queue.rxq_idx' completely based on array size.
INFO: [XFORM 203-102] Automatically partitioning small array 'state.execute.alu_results.uop.queue.rob_idx' completely based on array size.
INFO: [XFORM 203-102] Automatically partitioning small array 'state.execute.alu_results.uop.queue.rob_allocation_id' completely based on array size.
INFO: [XFORM 203-102] Automatically partitioning small array 'state.execute.alu_results.uop.queue.ldq_idx' completely based on array size.
INFO: [XFORM 203-102] Automatically partitioning small array 'state.execute.alu_results.uop.mem.uses_stq' completely based on array size.
INFO: [XFORM 203-102] Automatically partitioning small array 'state.execute.alu_results.uop.mem.uses_ldq' completely based on array size.
INFO: [XFORM 203-102] Automatically partitioning small array 'state.execute.alu_results.uop.mem.mem_size' completely based on array size.
INFO: [XFORM 203-102] Automatically partitioning small array 'state.execute.alu_results.uop.mem.mem_signed' completely based on array size.
INFO: [XFORM 203-102] Automatically partitioning small array 'state.execute.alu_results.uop.mem.mem_cmd' completely based on array size.
INFO: [XFORM 203-102] Automatically partitioning small array 'state.execute.alu_results.uop.mem.ldst_val' completely based on array size.
INFO: [XFORM 203-102] Automatically partitioning small array 'state.execute.alu_results.uop.mem.ldst_is_rs1' completely based on array size.
INFO: [XFORM 203-102] Automatically partitioning small array 'state.execute.alu_results.uop.mem.is_fencei' completely based on array size.
INFO: [XFORM 203-102] Automatically partitioning small array 'state.execute.alu_results.uop.mem.is_fence' completely based on array size.
INFO: [XFORM 203-102] Automatically partitioning small array 'state.execute.alu_results.uop.mem.is_amo' completely based on array size.
INFO: [XFORM 203-102] Automatically partitioning small array 'state.execute.alu_results.uop.iw_state' completely based on array size.
INFO: [XFORM 203-102] Automatically partitioning small array 'state.execute.alu_results.uop.iw_p2_poisoned' completely based on array size.
INFO: [XFORM 203-102] Automatically partitioning small array 'state.execute.alu_results.uop.iw_p1_poisoned' completely based on array size.
INFO: [XFORM 203-102] Automatically partitioning small array 'state.execute.alu_results.uop.is_unique' completely based on array size.
INFO: [XFORM 203-102] Automatically partitioning small array 'state.execute.alu_results.uop.is_sys_pc2epc' completely based on array size.
INFO: [XFORM 203-102] Automatically partitioning small array 'state.execute.alu_results.uop.is_rvc' completely based on array size.
INFO: [XFORM 203-102] Automatically partitioning small array 'state.execute.alu_results.uop.iq_type' completely based on array size.
INFO: [XFORM 203-102] Automatically partitioning small array 'state.execute.alu_results.uop.inst' completely based on array size.
INFO: [XFORM 203-102] Automatically partitioning small array 'state.execute.alu_results.uop.imm_packed' completely based on array size.
INFO: [XFORM 203-102] Automatically partitioning small array 'state.execute.alu_results.uop.fu_code' completely based on array size.
INFO: [XFORM 203-102] Automatically partitioning small array 'state.execute.alu_results.uop.flush_on_commit' completely based on array size.
INFO: [XFORM 203-102] Automatically partitioning small array 'state.execute.alu_results.uop.exception' completely based on array size.
INFO: [XFORM 203-102] Automatically partitioning small array 'state.execute.alu_results.uop.exc_cause' completely based on array size.
INFO: [XFORM 203-102] Automatically partitioning small array 'state.execute.alu_results.uop.exc.xcpt_pf_if' completely based on array size.
INFO: [XFORM 203-102] Automatically partitioning small array 'state.execute.alu_results.uop.exc.xcpt_ma_if' completely based on array size.
INFO: [XFORM 203-102] Automatically partitioning small array 'state.execute.alu_results.uop.exc.xcpt_ae_if' completely based on array size.
INFO: [XFORM 203-102] Automatically partitioning small array 'state.execute.alu_results.uop.exc.exception' completely based on array size.
INFO: [XFORM 203-102] Automatically partitioning small array 'state.execute.alu_results.uop.exc.exc_cause' completely based on array size.
INFO: [XFORM 203-102] Automatically partitioning small array 'state.execute.alu_results.uop.exc.bp_xcpt_if' completely based on array size.
INFO: [XFORM 203-102] Automatically partitioning small array 'state.execute.alu_results.uop.exc.bp_debug_if' completely based on array size.
INFO: [XFORM 203-102] Automatically partitioning small array 'state.execute.alu_results.uop.debug_pc' completely based on array size.
INFO: [XFORM 203-102] Automatically partitioning small array 'state.execute.alu_results.uop.debug_inst' completely based on array size.
INFO: [XFORM 203-102] Automatically partitioning small array 'state.execute.alu_results.uop.debug.debug_tsrc' completely based on array size.
INFO: [XFORM 203-102] Automatically partitioning small array 'state.execute.alu_results.uop.debug.debug_pc' completely based on array size.
INFO: [XFORM 203-102] Automatically partitioning small array 'state.execute.alu_results.uop.debug.debug_inst' completely based on array size.
INFO: [XFORM 203-102] Automatically partitioning small array 'state.execute.alu_results.uop.debug.debug_fsrc' completely based on array size.
INFO: [XFORM 203-102] Automatically partitioning small array 'state.execute.alu_results.uop.ctrl.op_fcn' completely based on array size.
INFO: [XFORM 203-102] Automatically partitioning small array 'state.execute.alu_results.uop.ctrl.op2_sel' completely based on array size.
INFO: [XFORM 203-102] Automatically partitioning small array 'state.execute.alu_results.uop.ctrl.op1_sel' completely based on array size.
INFO: [XFORM 203-102] Automatically partitioning small array 'state.execute.alu_results.uop.ctrl.is_std' completely based on array size.
INFO: [XFORM 203-102] Automatically partitioning small array 'state.execute.alu_results.uop.ctrl.is_sta' completely based on array size.
INFO: [XFORM 203-102] Automatically partitioning small array 'state.execute.alu_results.uop.ctrl.is_load' completely based on array size.
INFO: [XFORM 203-102] Automatically partitioning small array 'state.execute.alu_results.uop.ctrl.imm_sel' completely based on array size.
INFO: [XFORM 203-102] Automatically partitioning small array 'state.execute.alu_results.uop.ctrl.fcn_dw' completely based on array size.
INFO: [XFORM 203-102] Automatically partitioning small array 'state.execute.alu_results.uop.ctrl.csr_cmd' completely based on array size.
INFO: [XFORM 203-102] Automatically partitioning small array 'state.execute.alu_results.uop.ctrl.br_type' completely based on array size.
INFO: [XFORM 203-102] Automatically partitioning small array 'state.execute.alu_results.uop.csr_addr' completely based on array size.
INFO: [XFORM 203-102] Automatically partitioning small array 'state.execute.alu_results.uop.bypassable' completely based on array size.
INFO: [XFORM 203-102] Automatically partitioning small array 'state.execute.alu_results.uop.branch.taken' completely based on array size.
INFO: [XFORM 203-102] Automatically partitioning small array 'state.execute.alu_results.uop.branch.pc_lob' completely based on array size.
INFO: [XFORM 203-102] Automatically partitioning small array 'state.execute.alu_results.uop.branch.is_sfb' completely based on array size.
INFO: [XFORM 203-102] Automatically partitioning small array 'state.execute.alu_results.uop.branch.is_jalr' completely based on array size.
INFO: [XFORM 203-102] Automatically partitioning small array 'state.execute.alu_results.uop.branch.is_jal' completely based on array size.
INFO: [XFORM 203-102] Automatically partitioning small array 'state.execute.alu_results.uop.branch.is_br' completely based on array size.
INFO: [XFORM 203-102] Automatically partitioning small array 'state.execute.alu_results.uop.branch.ftq_idx' completely based on array size.
INFO: [XFORM 203-102] Automatically partitioning small array 'state.execute.alu_results.uop.branch.edge_inst' completely based on array size.
INFO: [XFORM 203-102] Automatically partitioning small array 'state.execute.alu_results.uop.branch.br_tag' completely based on array size.
INFO: [XFORM 203-102] Automatically partitioning small array 'state.execute.alu_results.uop.branch.br_mask' completely based on array size.
INFO: [XFORM 203-102] Automatically partitioning small array 'state.execute.alu_results.store_data' completely based on array size.
INFO: [XFORM 203-102] Automatically partitioning small array 'state.execute.alu_results.signed_load' completely based on array size.
INFO: [XFORM 203-102] Automatically partitioning small array 'state.execute.alu_results.result' completely based on array size.
INFO: [XFORM 203-102] Automatically partitioning small array 'state.execute.alu_results.redirect_pc' completely based on array size.
INFO: [XFORM 203-102] Automatically partitioning small array 'state.execute.alu_results.mispredict' completely based on array size.
INFO: [XFORM 203-102] Automatically partitioning small array 'state.execute.alu_results.memory_valid' completely based on array size.
INFO: [XFORM 203-102] Automatically partitioning small array 'state.execute.alu_results.memory_size' completely based on array size.
INFO: [XFORM 203-102] Automatically partitioning small array 'state.execute.alu_results.memory_mask' completely based on array size.
INFO: [XFORM 203-102] Automatically partitioning small array 'state.execute.alu_results.memory_address' completely based on array size.
INFO: [XFORM 203-102] Automatically partitioning small array 'state.execute.alu_results.is_store' completely based on array size.
INFO: [XFORM 203-102] Automatically partitioning small array 'state.execute.alu_results.is_load' completely based on array size.
INFO: [XFORM 203-102] Automatically partitioning small array 'state.execute.alu_results.exception' completely based on array size.
INFO: [XFORM 203-102] Automatically partitioning small array 'state.execute.alu_results.exc_cause' completely based on array size.
INFO: [XFORM 203-101] Partitioning array 'state.issue.issued_valids' in dimension 1 completely.
INFO: [XFORM 203-101] Partitioning array 'state.issue.issued_uops.branch.br_mask' in dimension 1 completely.
INFO: [XFORM 203-101] Partitioning array 'state.execute.alu_results.valid' in dimension 1 completely.
INFO: [XFORM 203-101] Partitioning array 'state.execute.alu_results.uop.uopc' in dimension 1 completely.
INFO: [XFORM 203-101] Partitioning array 'state.execute.alu_results.uop.rename.stale_pdst' in dimension 1 completely.
INFO: [XFORM 203-101] Partitioning array 'state.execute.alu_results.uop.rename.prs3_busy' in dimension 1 completely.
INFO: [XFORM 203-101] Partitioning array 'state.execute.alu_results.uop.rename.prs3' in dimension 1 completely.
INFO: [XFORM 203-101] Partitioning array 'state.execute.alu_results.uop.rename.prs2_busy' in dimension 1 completely.
INFO: [XFORM 203-101] Partitioning array 'state.execute.alu_results.uop.rename.prs2' in dimension 1 completely.
INFO: [XFORM 203-101] Partitioning array 'state.execute.alu_results.uop.rename.prs1_busy' in dimension 1 completely.
INFO: [XFORM 203-101] Partitioning array 'state.execute.alu_results.uop.rename.prs1' in dimension 1 completely.
INFO: [XFORM 203-101] Partitioning array 'state.execute.alu_results.uop.rename.ppred_busy' in dimension 1 completely.
INFO: [XFORM 203-101] Partitioning array 'state.execute.alu_results.uop.rename.ppred' in dimension 1 completely.
INFO: [XFORM 203-101] Partitioning array 'state.execute.alu_results.uop.rename.pdst' in dimension 1 completely.
INFO: [XFORM 203-101] Partitioning array 'state.execute.alu_results.uop.rename.lrs3' in dimension 1 completely.
INFO: [XFORM 203-101] Partitioning array 'state.execute.alu_results.uop.rename.lrs2_rtype' in dimension 1 completely.
INFO: [XFORM 203-101] Partitioning array 'state.execute.alu_results.uop.rename.lrs2' in dimension 1 completely.
INFO: [XFORM 203-101] Partitioning array 'state.execute.alu_results.uop.rename.lrs1_rtype' in dimension 1 completely.
INFO: [XFORM 203-101] Partitioning array 'state.execute.alu_results.uop.rename.lrs1' in dimension 1 completely.
INFO: [XFORM 203-101] Partitioning array 'state.execute.alu_results.uop.rename.ldst' in dimension 1 completely.
INFO: [XFORM 203-101] Partitioning array 'state.execute.alu_results.uop.rename.frs3_en' in dimension 1 completely.
INFO: [XFORM 203-101] Partitioning array 'state.execute.alu_results.uop.rename.fp_val' in dimension 1 completely.
INFO: [XFORM 203-101] Partitioning array 'state.execute.alu_results.uop.rename.fp_single' in dimension 1 completely.
INFO: [XFORM 203-101] Partitioning array 'state.execute.alu_results.uop.rename.dst_rtype' in dimension 1 completely.
INFO: [XFORM 203-101] Partitioning array 'state.execute.alu_results.uop.queue.stq_idx' in dimension 1 completely.
INFO: [XFORM 203-101] Partitioning array 'state.execute.alu_results.uop.queue.rxq_idx' in dimension 1 completely.
INFO: [XFORM 203-101] Partitioning array 'state.execute.alu_results.uop.queue.rob_idx' in dimension 1 completely.
INFO: [XFORM 203-101] Partitioning array 'state.execute.alu_results.uop.queue.rob_allocation_id' in dimension 1 completely.
INFO: [XFORM 203-101] Partitioning array 'state.execute.alu_results.uop.queue.ldq_idx' in dimension 1 completely.
INFO: [XFORM 203-101] Partitioning array 'state.execute.alu_results.uop.mem.uses_stq' in dimension 1 completely.
INFO: [XFORM 203-101] Partitioning array 'state.execute.alu_results.uop.mem.uses_ldq' in dimension 1 completely.
INFO: [XFORM 203-101] Partitioning array 'state.execute.alu_results.uop.mem.mem_size' in dimension 1 completely.
INFO: [XFORM 203-101] Partitioning array 'state.execute.alu_results.uop.mem.mem_signed' in dimension 1 completely.
INFO: [XFORM 203-101] Partitioning array 'state.execute.alu_results.uop.mem.mem_cmd' in dimension 1 completely.
INFO: [XFORM 203-101] Partitioning array 'state.execute.alu_results.uop.mem.ldst_val' in dimension 1 completely.
INFO: [XFORM 203-101] Partitioning array 'state.execute.alu_results.uop.mem.ldst_is_rs1' in dimension 1 completely.
INFO: [XFORM 203-101] Partitioning array 'state.execute.alu_results.uop.mem.is_fencei' in dimension 1 completely.
INFO: [XFORM 203-101] Partitioning array 'state.execute.alu_results.uop.mem.is_fence' in dimension 1 completely.
INFO: [XFORM 203-101] Partitioning array 'state.execute.alu_results.uop.mem.is_amo' in dimension 1 completely.
INFO: [XFORM 203-101] Partitioning array 'state.execute.alu_results.uop.iw_state' in dimension 1 completely.
INFO: [XFORM 203-101] Partitioning array 'state.execute.alu_results.uop.iw_p2_poisoned' in dimension 1 completely.
INFO: [XFORM 203-101] Partitioning array 'state.execute.alu_results.uop.iw_p1_poisoned' in dimension 1 completely.
INFO: [XFORM 203-101] Partitioning array 'state.execute.alu_results.uop.is_unique' in dimension 1 completely.
INFO: [XFORM 203-101] Partitioning array 'state.execute.alu_results.uop.is_sys_pc2epc' in dimension 1 completely.
INFO: [XFORM 203-101] Partitioning array 'state.execute.alu_results.uop.is_rvc' in dimension 1 completely.
INFO: [XFORM 203-101] Partitioning array 'state.execute.alu_results.uop.iq_type' in dimension 1 completely.
INFO: [XFORM 203-101] Partitioning array 'state.execute.alu_results.uop.inst' in dimension 1 completely.
INFO: [XFORM 203-101] Partitioning array 'state.execute.alu_results.uop.imm_packed' in dimension 1 completely.
INFO: [XFORM 203-101] Partitioning array 'state.execute.alu_results.uop.fu_code' in dimension 1 completely.
INFO: [XFORM 203-101] Partitioning array 'state.execute.alu_results.uop.flush_on_commit' in dimension 1 completely.
INFO: [XFORM 203-101] Partitioning array 'state.execute.alu_results.uop.exception' in dimension 1 completely.
INFO: [XFORM 203-101] Partitioning array 'state.execute.alu_results.uop.exc_cause' in dimension 1 completely.
INFO: [XFORM 203-101] Partitioning array 'state.execute.alu_results.uop.exc.xcpt_pf_if' in dimension 1 completely.
INFO: [XFORM 203-101] Partitioning array 'state.execute.alu_results.uop.exc.xcpt_ma_if' in dimension 1 completely.
INFO: [XFORM 203-101] Partitioning array 'state.execute.alu_results.uop.exc.xcpt_ae_if' in dimension 1 completely.
INFO: [XFORM 203-101] Partitioning array 'state.execute.alu_results.uop.exc.exception' in dimension 1 completely.
INFO: [XFORM 203-101] Partitioning array 'state.execute.alu_results.uop.exc.exc_cause' in dimension 1 completely.
INFO: [XFORM 203-101] Partitioning array 'state.execute.alu_results.uop.exc.bp_xcpt_if' in dimension 1 completely.
INFO: [XFORM 203-101] Partitioning array 'state.execute.alu_results.uop.exc.bp_debug_if' in dimension 1 completely.
INFO: [XFORM 203-101] Partitioning array 'state.execute.alu_results.uop.debug_pc' in dimension 1 completely.
INFO: [XFORM 203-101] Partitioning array 'state.execute.alu_results.uop.debug_inst' in dimension 1 completely.
INFO: [XFORM 203-101] Partitioning array 'state.execute.alu_results.uop.debug.debug_tsrc' in dimension 1 completely.
INFO: [XFORM 203-101] Partitioning array 'state.execute.alu_results.uop.debug.debug_pc' in dimension 1 completely.
INFO: [XFORM 203-101] Partitioning array 'state.execute.alu_results.uop.debug.debug_inst' in dimension 1 completely.
INFO: [XFORM 203-101] Partitioning array 'state.execute.alu_results.uop.debug.debug_fsrc' in dimension 1 completely.
INFO: [XFORM 203-101] Partitioning array 'state.execute.alu_results.uop.ctrl.op_fcn' in dimension 1 completely.
INFO: [XFORM 203-101] Partitioning array 'state.execute.alu_results.uop.ctrl.op2_sel' in dimension 1 completely.
INFO: [XFORM 203-101] Partitioning array 'state.execute.alu_results.uop.ctrl.op1_sel' in dimension 1 completely.
INFO: [XFORM 203-101] Partitioning array 'state.execute.alu_results.uop.ctrl.is_std' in dimension 1 completely.
INFO: [XFORM 203-101] Partitioning array 'state.execute.alu_results.uop.ctrl.is_sta' in dimension 1 completely.
INFO: [XFORM 203-101] Partitioning array 'state.execute.alu_results.uop.ctrl.is_load' in dimension 1 completely.
INFO: [XFORM 203-101] Partitioning array 'state.execute.alu_results.uop.ctrl.imm_sel' in dimension 1 completely.
INFO: [XFORM 203-101] Partitioning array 'state.execute.alu_results.uop.ctrl.fcn_dw' in dimension 1 completely.
INFO: [XFORM 203-101] Partitioning array 'state.execute.alu_results.uop.ctrl.csr_cmd' in dimension 1 completely.
INFO: [XFORM 203-101] Partitioning array 'state.execute.alu_results.uop.ctrl.br_type' in dimension 1 completely.
INFO: [XFORM 203-101] Partitioning array 'state.execute.alu_results.uop.csr_addr' in dimension 1 completely.
INFO: [XFORM 203-101] Partitioning array 'state.execute.alu_results.uop.bypassable' in dimension 1 completely.
INFO: [XFORM 203-101] Partitioning array 'state.execute.alu_results.uop.branch.taken' in dimension 1 completely.
INFO: [XFORM 203-101] Partitioning array 'state.execute.alu_results.uop.branch.pc_lob' in dimension 1 completely.
INFO: [XFORM 203-101] Partitioning array 'state.execute.alu_results.uop.branch.is_sfb' in dimension 1 completely.
INFO: [XFORM 203-101] Partitioning array 'state.execute.alu_results.uop.branch.is_jalr' in dimension 1 completely.
INFO: [XFORM 203-101] Partitioning array 'state.execute.alu_results.uop.branch.is_jal' in dimension 1 completely.
INFO: [XFORM 203-101] Partitioning array 'state.execute.alu_results.uop.branch.is_br' in dimension 1 completely.
INFO: [XFORM 203-101] Partitioning array 'state.execute.alu_results.uop.branch.ftq_idx' in dimension 1 completely.
INFO: [XFORM 203-101] Partitioning array 'state.execute.alu_results.uop.branch.edge_inst' in dimension 1 completely.
INFO: [XFORM 203-101] Partitioning array 'state.execute.alu_results.uop.branch.br_tag' in dimension 1 completely.
INFO: [XFORM 203-101] Partitioning array 'state.execute.alu_results.uop.branch.br_mask' in dimension 1 completely.
INFO: [XFORM 203-101] Partitioning array 'state.execute.alu_results.store_data' in dimension 1 completely.
INFO: [XFORM 203-101] Partitioning array 'state.execute.alu_results.signed_load' in dimension 1 completely.
INFO: [XFORM 203-101] Partitioning array 'state.execute.alu_results.result' in dimension 1 completely.
INFO: [XFORM 203-101] Partitioning array 'state.execute.alu_results.redirect_pc' in dimension 1 completely.
INFO: [XFORM 203-101] Partitioning array 'state.execute.alu_results.mispredict' in dimension 1 completely.
INFO: [XFORM 203-101] Partitioning array 'state.execute.alu_results.memory_valid' in dimension 1 completely.
INFO: [XFORM 203-101] Partitioning array 'state.execute.alu_results.memory_size' in dimension 1 completely.
INFO: [XFORM 203-101] Partitioning array 'state.execute.alu_results.memory_mask' in dimension 1 completely.
INFO: [XFORM 203-101] Partitioning array 'state.execute.alu_results.memory_address' in dimension 1 completely.
INFO: [XFORM 203-101] Partitioning array 'state.execute.alu_results.is_store' in dimension 1 completely.
INFO: [XFORM 203-101] Partitioning array 'state.execute.alu_results.is_load' in dimension 1 completely.
INFO: [XFORM 203-101] Partitioning array 'state.execute.alu_results.exception' in dimension 1 completely.
INFO: [XFORM 203-101] Partitioning array 'state.execute.alu_results.exc_cause' in dimension 1 completely.
INFO: [XFORM 203-401] Performing if-conversion on hyperblock from (/home/lab_726/boom/hls_boom/src/boom_core_merged.cpp:711:24) to (/home/lab_726/boom/hls_boom/src/boom_core_merged.cpp:739:9) in function 'boom::service_pending'... converting 6 basic blocks.
INFO: [XFORM 203-401] Performing if-conversion on hyperblock from (/home/lab_726/boom/hls_boom/src/boom_core_merged.cpp:744:54) to (/home/lab_726/boom/hls_boom/src/boom_core_merged.cpp:750:9) in function 'boom::service_pending'... converting 5 basic blocks.
INFO: [XFORM 203-401] Performing if-conversion on hyperblock from (/home/lab_726/boom/hls_boom/src/boom_core_merged.cpp:581:22) to (/home/lab_726/boom/hls_boom/src/boom_core_merged.cpp:596:1) in function 'boom::completion_is_valid'... converting 14 basic blocks.
INFO: [XFORM 203-401] Performing if-conversion on hyperblock from (/home/lab_726/boom/hls_boom/src/boom_core_merged.cpp:496:14) to (/home/lab_726/boom/hls_boom/src/boom_core_merged.cpp:678:5) in function 'boom::begin_completion_cycle'... converting 3 basic blocks.
INFO: [XFORM 203-401] Performing if-conversion on hyperblock from (/home/lab_726/boom/hls_boom/src/boom_core_merged.cpp:496:14) to (/home/lab_726/boom/hls_boom/src/boom_core_merged.cpp:685:5) in function 'boom::begin_completion_cycle'... converting 3 basic blocks.
INFO: [XFORM 203-11] Balancing expressions in function 'boom::service_pending' (/home/lab_726/boom/hls_boom/src/boom_core_merged.cpp:574:13)...7 expression(s) balanced.
INFO: [XFORM 203-11] Balancing expressions in function 'boom::completion_is_valid' (/home/lab_726/boom/hls_boom/src/boom_core_merged.cpp:574:1)...8 expression(s) balanced.
INFO: [HLS 200-111] Finished Loop, function and other optimizations: CPU user time: 1.13 seconds. CPU system time: 0.02 seconds. Elapsed time: 1.15 seconds; current allocated memory: 527.648 MB.
INFO: [HLS 200-472] Inferring partial write operation for 'state.issue.alu_iq.entries.uop.branch.br_mask' (/home/lab_726/boom/hls_boom/include/boom_types.hpp:83:73)
INFO: [HLS 200-472] Inferring partial write operation for 'state.issue.alu_iq.entries.uop.branch.br_mask' (/home/lab_726/boom/hls_boom/include/boom_state.hpp:86:60)
INFO: [HLS 200-472] Inferring partial write operation for 'state.rob.entries.valid' (/home/lab_726/boom/hls_boom/include/boom_types.hpp:129:18)
INFO: [HLS 200-472] Inferring partial write operation for 'state.rob.entries.busy' (/home/lab_726/boom/hls_boom/include/boom_types.hpp:129:32)
INFO: [HLS 200-472] Inferring partial write operation for 'state.rob.entries.uop.branch.br_mask' (/home/lab_726/boom/hls_boom/include/boom_types.hpp:83:73)
INFO: [HLS 200-472] Inferring partial write operation for 'state.rob.entries.uop.queue.rob_idx' (/home/lab_726/boom/hls_boom/include/boom_types.hpp:84:14)
INFO: [HLS 200-472] Inferring partial write operation for 'state.rob.entries.memory_valid' (/home/lab_726/boom/hls_boom/include/boom_types.hpp:130:9)
INFO: [HLS 200-472] Inferring partial write operation for 'state.rob.entries.is_load' (/home/lab_726/boom/hls_boom/include/boom_types.hpp:130:30)
INFO: [HLS 200-472] Inferring partial write operation for 'state.rob.entries.memory_request_sent' (/home/lab_726/boom/hls_boom/include/boom_types.hpp:131:9)
INFO: [HLS 200-472] Inferring partial write operation for 'state.rob.entries.memory_completed' (/home/lab_726/boom/hls_boom/include/boom_types.hpp:131:37)
INFO: [HLS 200-472] Inferring partial write operation for 'state.rob.entries.memory_transaction_id' (/home/lab_726/boom/hls_boom/include/boom_types.hpp:132:57)
INFO: [HLS 200-472] Inferring partial write operation for 'state.rob.entries.valid' (/home/lab_726/boom/hls_boom/include/boom_state.hpp:139:62)
INFO: [HLS 200-472] Inferring partial write operation for 'state.lsu.stq.branch_mask' (/home/lab_726/boom/hls_boom/include/boom_state.hpp:157:18)
INFO: [HLS 200-472] Inferring partial write operation for 'state.lsu.ldq.branch_mask' (/home/lab_726/boom/hls_boom/include/boom_state.hpp:166:63)
INFO: [HLS 200-472] Inferring partial write operation for 'state.int_rf' (/home/lab_726/boom/hls_boom/include/boom_state.hpp:221:61)
INFO: [HLS 200-472] Inferring partial write operation for 'state.int_rf' (/home/lab_726/boom/hls_boom/include/boom_state.hpp:223:18)
INFO: [HLS 200-472] Inferring partial write operation for 'state.rob.entries.valid' (/home/lab_726/boom/hls_boom/src/boom_core_merged.cpp:2482:38)
INFO: [HLS 200-472] Inferring partial write operation for 'state.rob.entries.busy' (/home/lab_726/boom/hls_boom/src/boom_core_merged.cpp:2483:37)
INFO: [HLS 200-472] Inferring partial write operation for 'state.rob.entries.uop.queue.rob_idx' (/home/lab_726/boom/hls_boom/src/boom_core_merged.cpp:2484:50)
INFO: [HLS 200-472] Inferring partial write operation for 'state.rob.entries.uop.queue.rob_allocation_id' (/home/lab_726/boom/hls_boom/src/boom_core_merged.cpp:2485:60)
INFO: [HLS 200-472] Inferring partial write operation for 'state.rob.entries.valid' (/home/lab_726/boom/hls_boom/src/boom_core_merged.cpp:2486:38)
INFO: [HLS 200-472] Inferring partial write operation for 'state.rob.entries.busy' (/home/lab_726/boom/hls_boom/src/boom_core_merged.cpp:2487:37)
INFO: [HLS 200-472] Inferring partial write operation for 'state.rob.entries.uop.queue.rob_idx' (/home/lab_726/boom/hls_boom/src/boom_core_merged.cpp:2488:50)
INFO: [HLS 200-472] Inferring partial write operation for 'state.rob.entries.uop.queue.rob_allocation_id' (/home/lab_726/boom/hls_boom/src/boom_core_merged.cpp:2489:60)
INFO: [HLS 200-472] Inferring partial write operation for 'state.rob.entries.busy' (/home/lab_726/boom/hls_boom/src/boom_core_merged.cpp:638:35)
INFO: [HLS 200-472] Inferring partial write operation for 'state.int_rf' (/home/lab_726/boom/hls_boom/src/boom_core_merged.cpp:649:45)
INFO: [HLS 200-472] Inferring partial write operation for 'state.rob.entries.memory_completed' (/home/lab_726/boom/hls_boom/src/boom_core_merged.cpp:653:32)
INFO: [HLS 200-472] Inferring partial write operation for 'state.issue.alu_iq.entries.uop.branch.br_mask' (/home/lab_726/boom/hls_boom/src/boom_core_merged.cpp:1258:24)
INFO: [HLS 200-472] Inferring partial write operation for 'state.lsu.ldq.branch_mask' (/home/lab_726/boom/hls_boom/src/boom_core_merged.cpp:1316:77)
INFO: [HLS 200-472] Inferring partial write operation for 'state.lsu.stq.branch_mask' (/home/lab_726/boom/hls_boom/src/boom_core_merged.cpp:1317:77)
INFO: [HLS 200-111] Finished Architecture Synthesis: CPU user time: 0.18 seconds. CPU system time: 0.01 seconds. Elapsed time: 0.19 seconds; current allocated memory: 565.148 MB.
INFO: [HLS 200-10] Starting hardware synthesis ...
INFO: [HLS 200-10] Synthesizing 'synth_completion_top' ...
INFO: [HLS 200-10] ----------------------------------------------------------------
INFO: [HLS 200-42] -- Implementing module 'completion_is_valid' 
INFO: [HLS 200-10] ----------------------------------------------------------------
INFO: [SCHED 204-11] Starting scheduling ...
INFO: [SCHED 204-11] Finished scheduling.
INFO: [HLS 200-111] Finished Scheduling: CPU user time: 0.05 seconds. CPU system time: 0 seconds. Elapsed time: 0.06 seconds; current allocated memory: 566.695 MB.
INFO: [BIND 205-100] Starting micro-architecture generation ...
INFO: [BIND 205-101] Performing variable lifetime analysis.
INFO: [BIND 205-101] Exploring resource sharing.
INFO: [BIND 205-101] Binding ...
INFO: [BIND 205-100] Finished micro-architecture generation.
INFO: [HLS 200-111] Finished Binding: CPU user time: 0.04 seconds. CPU system time: 0 seconds. Elapsed time: 0.03 seconds; current allocated memory: 566.695 MB.
INFO: [HLS 200-10] ----------------------------------------------------------------
INFO: [HLS 200-42] -- Implementing module 'clear_resolved_masks_in_state' 
INFO: [HLS 200-10] ----------------------------------------------------------------
INFO: [SCHED 204-11] Starting scheduling ...
INFO: [SCHED 204-11] Finished scheduling.
INFO: [HLS 200-111] Finished Scheduling: CPU user time: 0.08 seconds. CPU system time: 0 seconds. Elapsed time: 0.08 seconds; current allocated memory: 568.145 MB.
INFO: [BIND 205-100] Starting micro-architecture generation ...
INFO: [BIND 205-101] Performing variable lifetime analysis.
INFO: [BIND 205-101] Exploring resource sharing.
INFO: [BIND 205-101] Binding ...
INFO: [BIND 205-100] Finished micro-architecture generation.
INFO: [HLS 200-111] Finished Binding: CPU user time: 0.04 seconds. CPU system time: 0.01 seconds. Elapsed time: 0.03 seconds; current allocated memory: 568.145 MB.
INFO: [HLS 200-10] ----------------------------------------------------------------
INFO: [HLS 200-42] -- Implementing module 'branch_complete_event' 
INFO: [HLS 200-10] ----------------------------------------------------------------
INFO: [SCHED 204-11] Starting scheduling ...
INFO: [SCHED 204-11] Finished scheduling.
INFO: [HLS 200-111] Finished Scheduling: CPU user time: 0.05 seconds. CPU system time: 0 seconds. Elapsed time: 0.05 seconds; current allocated memory: 568.590 MB.
INFO: [BIND 205-100] Starting micro-architecture generation ...
INFO: [BIND 205-101] Performing variable lifetime analysis.
INFO: [BIND 205-101] Exploring resource sharing.
INFO: [BIND 205-101] Binding ...
INFO: [BIND 205-100] Finished micro-architecture generation.
INFO: [HLS 200-111] Finished Binding: CPU user time: 0.03 seconds. CPU system time: 0 seconds. Elapsed time: 0.02 seconds; current allocated memory: 568.590 MB.
INFO: [HLS 200-10] ----------------------------------------------------------------
INFO: [HLS 200-42] -- Implementing module 'service_pending' 
INFO: [HLS 200-10] ----------------------------------------------------------------
INFO: [SCHED 204-11] Starting scheduling ...
INFO: [SCHED 204-11] Finished scheduling.
INFO: [HLS 200-111] Finished Scheduling: CPU user time: 0.11 seconds. CPU system time: 0 seconds. Elapsed time: 0.12 seconds; current allocated memory: 571.379 MB.
INFO: [BIND 205-100] Starting micro-architecture generation ...
INFO: [BIND 205-101] Performing variable lifetime analysis.
INFO: [BIND 205-101] Exploring resource sharing.
INFO: [BIND 205-101] Binding ...
INFO: [BIND 205-100] Finished micro-architecture generation.
INFO: [HLS 200-111] Finished Binding: CPU user time: 0.12 seconds. CPU system time: 0 seconds. Elapsed time: 0.12 seconds; current allocated memory: 571.379 MB.
INFO: [HLS 200-10] ----------------------------------------------------------------
INFO: [HLS 200-42] -- Implementing module 'begin_completion_cycle' 
INFO: [HLS 200-10] ----------------------------------------------------------------
INFO: [SCHED 204-11] Starting scheduling ...
INFO: [SCHED 204-11] Finished scheduling.
INFO: [HLS 200-111] Finished Scheduling: CPU user time: 0.19 seconds. CPU system time: 0 seconds. Elapsed time: 0.19 seconds; current allocated memory: 571.379 MB.
INFO: [BIND 205-100] Starting micro-architecture generation ...
INFO: [BIND 205-101] Performing variable lifetime analysis.
INFO: [BIND 205-101] Exploring resource sharing.
INFO: [BIND 205-101] Binding ...
INFO: [BIND 205-100] Finished micro-architecture generation.
INFO: [HLS 200-111] Finished Binding: CPU user time: 0.07 seconds. CPU system time: 0 seconds. Elapsed time: 0.07 seconds; current allocated memory: 571.379 MB.
INFO: [HLS 200-10] ----------------------------------------------------------------
INFO: [HLS 200-42] -- Implementing module 'synth_completion_top' 
INFO: [HLS 200-10] ----------------------------------------------------------------
INFO: [SCHED 204-11] Starting scheduling ...
INFO: [SCHED 204-11] Finished scheduling.
INFO: [HLS 200-111] Finished Scheduling: CPU user time: 0.25 seconds. CPU system time: 0.01 seconds. Elapsed time: 0.26 seconds; current allocated memory: 575.715 MB.
INFO: [BIND 205-100] Starting micro-architecture generation ...
INFO: [BIND 205-101] Performing variable lifetime analysis.
INFO: [BIND 205-101] Exploring resource sharing.
INFO: [BIND 205-101] Binding ...
INFO: [BIND 205-100] Finished micro-architecture generation.
INFO: [HLS 200-111] Finished Binding: CPU user time: 0.12 seconds. CPU system time: 0 seconds. Elapsed time: 0.13 seconds; current allocated memory: 575.715 MB.
INFO: [HLS 200-10] ----------------------------------------------------------------
INFO: [HLS 200-10] -- Generating RTL for module 'completion_is_valid' 
INFO: [HLS 200-10] ----------------------------------------------------------------
INFO: [RTGEN 206-100] Finished creating RTL model for 'completion_is_valid'.
INFO: [HLS 200-111] Finished Creating RTL model: CPU user time: 0.23 seconds. CPU system time: 0 seconds. Elapsed time: 0.22 seconds; current allocated memory: 575.715 MB.
INFO: [HLS 200-10] ----------------------------------------------------------------
INFO: [HLS 200-10] -- Generating RTL for module 'clear_resolved_masks_in_state' 
INFO: [HLS 200-10] ----------------------------------------------------------------
INFO: [RTGEN 206-100] Generating core module 'mux_32_8_1_1': 2 instance(s).
INFO: [RTGEN 206-100] Finished creating RTL model for 'clear_resolved_masks_in_state'.
INFO: [HLS 200-111] Finished Creating RTL model: CPU user time: 0.15 seconds. CPU system time: 0 seconds. Elapsed time: 0.16 seconds; current allocated memory: 576.516 MB.
INFO: [HLS 200-10] ----------------------------------------------------------------
INFO: [HLS 200-10] -- Generating RTL for module 'branch_complete_event' 
INFO: [HLS 200-10] ----------------------------------------------------------------
INFO: [RTGEN 206-100] Finished creating RTL model for 'branch_complete_event'.
INFO: [HLS 200-111] Finished Creating RTL model: CPU user time: 0.1 seconds. CPU system time: 0 seconds. Elapsed time: 0.1 seconds; current allocated memory: 579.223 MB.
INFO: [HLS 200-10] ----------------------------------------------------------------
INFO: [HLS 200-10] -- Generating RTL for module 'service_pending' 
INFO: [HLS 200-10] ----------------------------------------------------------------
INFO: [RTGEN 206-100] Finished creating RTL model for 'service_pending'.
INFO: [HLS 200-111] Finished Creating RTL model: CPU user time: 0.09 seconds. CPU system time: 0 seconds. Elapsed time: 0.09 seconds; current allocated memory: 582.172 MB.
INFO: [HLS 200-10] ----------------------------------------------------------------
INFO: [HLS 200-10] -- Generating RTL for module 'begin_completion_cycle' 
INFO: [HLS 200-10] ----------------------------------------------------------------
INFO: [RTGEN 206-100] Finished creating RTL model for 'begin_completion_cycle'.
INFO: [HLS 200-111] Finished Creating RTL model: CPU user time: 0.37 seconds. CPU system time: 0.01 seconds. Elapsed time: 0.39 seconds; current allocated memory: 589.070 MB.
INFO: [HLS 200-10] ----------------------------------------------------------------
INFO: [HLS 200-10] -- Generating RTL for module 'synth_completion_top' 
INFO: [HLS 200-10] ----------------------------------------------------------------
INFO: [RTGEN 206-500] Setting interface mode on port 'synth_completion_top/seed_sources' to 'ap_none'.
INFO: [RTGEN 206-500] Setting interface mode on port 'synth_completion_top/seed_head' to 'ap_none'.
INFO: [RTGEN 206-500] Setting interface mode on port 'synth_completion_top/seed_value' to 'ap_none'.
INFO: [RTGEN 206-500] Setting interface mode on port 'synth_completion_top/observable' to 'ap_vld'.
INFO: [RTGEN 206-500] Setting interface mode on function 'synth_completion_top' to 'ap_ctrl_hs'.
WARNING: [RTGEN 206-101] Register 'guard_variable_for_synth_completion_top_unsigned_char_unsigned_char_unsigned_long_unsigned_long_state' is power-on initialization.
WARNING: [RTGEN 206-101] Register 'state_decode_dec_uops_branch_br_mask_0' is power-on initialization.
WARNING: [RTGEN 206-101] Register 'state_rename_dispatch_packets_uop_branch_br_mask_0' is power-on initialization.
WARNING: [RTGEN 206-101] Register 'state_completion_mem_execute_valid' is power-on initialization.
WARNING: [RTGEN 206-101] Register 'state_completion_mem_execute_kind' is power-on initialization.
WARNING: [RTGEN 206-101] Register 'state_completion_mem_execute_source' is power-on initialization.
WARNING: [RTGEN 206-101] Register 'state_completion_mem_execute_uop_branch_br_mask' is power-on initialization.
WARNING: [RTGEN 206-101] Register 'state_completion_mem_execute_uop_branch_br_tag' is power-on initialization.
WARNING: [RTGEN 206-101] Register 'state_completion_mem_execute_uop_queue_rob_idx' is power-on initialization.
WARNING: [RTGEN 206-101] Register 'state_completion_mem_execute_uop_queue_rob_allocation_id' is power-on initialization.
WARNING: [RTGEN 206-101] Register 'state_completion_mem_execute_uop_rename_pdst' is power-on initialization.
WARNING: [RTGEN 206-101] Register 'state_completion_mem_execute_writes_prf' is power-on initialization.
WARNING: [RTGEN 206-101] Register 'state_completion_mem_execute_value' is power-on initialization.
WARNING: [RTGEN 206-101] Register 'state_completion_int_execute_valid' is power-on initialization.
WARNING: [RTGEN 206-101] Register 'state_completion_int_execute_kind' is power-on initialization.
WARNING: [RTGEN 206-101] Register 'state_completion_int_execute_source' is power-on initialization.
WARNING: [RTGEN 206-101] Register 'state_completion_int_execute_uop_branch_br_mask' is power-on initialization.
WARNING: [RTGEN 206-101] Register 'state_completion_int_execute_uop_branch_br_tag' is power-on initialization.
WARNING: [RTGEN 206-101] Register 'state_completion_int_execute_uop_queue_rob_idx' is power-on initialization.
WARNING: [RTGEN 206-101] Register 'state_completion_int_execute_uop_queue_rob_allocation_id' is power-on initialization.
WARNING: [RTGEN 206-101] Register 'state_completion_int_execute_uop_rename_pdst' is power-on initialization.
WARNING: [RTGEN 206-101] Register 'state_completion_int_execute_writes_prf' is power-on initialization.
WARNING: [RTGEN 206-101] Register 'state_completion_int_execute_value' is power-on initialization.
WARNING: [RTGEN 206-101] Register 'state_completion_peak_rob_completes' is power-on initialization.
WARNING: [RTGEN 206-101] Register 'state_completion_peak_prf_writes' is power-on initialization.
WARNING: [RTGEN 206-101] Register 'state_completion_peak_wakeups' is power-on initialization.
WARNING: [RTGEN 206-101] Register 'state_completion_total_rob_completes' is power-on initialization.
WARNING: [RTGEN 206-101] Register 'state_completion_total_prf_writes' is power-on initialization.
WARNING: [RTGEN 206-101] Register 'state_completion_total_wakeups' is power-on initialization.
WARNING: [RTGEN 206-101] Register 'state_branch_state_active_mask' is power-on initialization.
WARNING: [RTGEN 206-101] Register 'state_branch_state_releases' is power-on initialization.
WARNING: [RTGEN 206-101] Register 'state_rob_head' is power-on initialization.
WARNING: [RTGEN 206-101] Register 'state_execute_alu_results_valid_0' is power-on initialization.
WARNING: [RTGEN 206-101] Register 'state_execute_alu_results_uop_branch_br_mask_0' is power-on initialization.
WARNING: [RTGEN 206-101] Register 'state_execute_alu_results_uop_branch_br_tag_0' is power-on initialization.
WARNING: [RTGEN 206-101] Register 'state_execute_alu_results_uop_branch_is_br_0' is power-on initialization.
WARNING: [RTGEN 206-101] Register 'state_execute_alu_results_uop_branch_is_jalr_0' is power-on initialization.
WARNING: [RTGEN 206-101] Register 'state_execute_alu_results_uop_branch_is_jal_0' is power-on initialization.
WARNING: [RTGEN 206-101] Register 'state_execute_alu_results_uop_queue_rob_idx_0' is power-on initialization.
WARNING: [RTGEN 206-101] Register 'state_execute_alu_results_uop_queue_rob_allocation_id_0' is power-on initialization.
WARNING: [RTGEN 206-101] Register 'state_execute_alu_results_uop_rename_pdst_0' is power-on initialization.
WARNING: [RTGEN 206-101] Register 'state_execute_alu_results_result_0' is power-on initialization.
WARNING: [RTGEN 206-101] Register 'state_execute_alu_results_valid_1' is power-on initialization.
WARNING: [RTGEN 206-101] Register 'state_execute_alu_results_uop_branch_br_mask_1' is power-on initialization.
WARNING: [RTGEN 206-101] Register 'state_execute_alu_results_uop_branch_br_tag_1' is power-on initialization.
WARNING: [RTGEN 206-101] Register 'state_execute_alu_results_uop_branch_is_br_1' is power-on initialization.
WARNING: [RTGEN 206-101] Register 'state_execute_alu_results_uop_branch_is_jalr_1' is power-on initialization.
WARNING: [RTGEN 206-101] Register 'state_execute_alu_results_uop_branch_is_jal_1' is power-on initialization.
WARNING: [RTGEN 206-101] Register 'state_execute_alu_results_uop_queue_rob_idx_1' is power-on initialization.
WARNING: [RTGEN 206-101] Register 'state_execute_alu_results_uop_queue_rob_allocation_id_1' is power-on initialization.
WARNING: [RTGEN 206-101] Register 'state_execute_alu_results_uop_rename_pdst_1' is power-on initialization.
WARNING: [RTGEN 206-101] Register 'state_execute_alu_results_result_1' is power-on initialization.
WARNING: [RTGEN 206-101] Register 'state_completion_rob_completes_this_cycle' is power-on initialization.
WARNING: [RTGEN 206-101] Register 'state_completion_prf_writes_this_cycle' is power-on initialization.
WARNING: [RTGEN 206-101] Register 'state_completion_wakeups_this_cycle' is power-on initialization.
WARNING: [RTGEN 206-101] Register 'state_execute_alu_results_uop_branch_br_mask_2' is power-on initialization.
WARNING: [RTGEN 206-101] Register 'state_issue_issued_uops_branch_br_mask_0' is power-on initialization.
WARNING: [RTGEN 206-101] Register 'state_issue_issued_uops_branch_br_mask_1' is power-on initialization.
WARNING: [RTGEN 206-101] Register 'state_issue_issued_uops_branch_br_mask_2' is power-on initialization.
INFO: [RTGEN 206-100] Finished creating RTL model for 'synth_completion_top'.
INFO: [HLS 200-111] Finished Creating RTL model: CPU user time: 0.31 seconds. CPU system time: 0.01 seconds. Elapsed time: 0.32 seconds; current allocated memory: 593.961 MB.
INFO: [RTMG 210-278] Implementing memory 'synth_completion_top_state_issue_alu_iq_entries_uop_branch_br_mask_RAM_AUTO_1R1W_ram (RAM)' using auto RAMs with power-on initialization.
INFO: [RTMG 210-278] Implementing memory 'synth_completion_top_state_rob_entries_valid_RAM_AUTO_1R1W_ram (RAM)' using auto RAMs with power-on initialization.
INFO: [RTMG 210-278] Implementing memory 'synth_completion_top_state_rob_entries_busy_RAM_AUTO_1R1W_ram (RAM)' using auto RAMs with power-on initialization.
INFO: [RTMG 210-278] Implementing memory 'synth_completion_top_state_rob_entries_uop_branch_br_mask_RAM_AUTO_1R1W_ram (RAM)' using auto RAMs with power-on initialization.
INFO: [RTMG 210-278] Implementing memory 'synth_completion_top_state_rob_entries_uop_branch_br_tag_RAM_AUTO_1R1W_ram (RAM)' using auto RAMs with power-on initialization.
INFO: [RTMG 210-278] Implementing memory 'synth_completion_top_state_rob_entries_uop_queue_rob_idx_RAM_AUTO_1R1W_ram (RAM)' using auto RAMs with power-on initialization.
INFO: [RTMG 210-278] Implementing memory 'synth_completion_top_state_rob_entries_uop_queue_rob_allocation_id_RAM_AUTO_1R1W_ram (RAM)' using auto RAMs with power-on initialization.
INFO: [RTMG 210-278] Implementing memory 'synth_completion_top_state_int_rf_RAM_AUTO_1R1W_ram (RAM)' using auto RAMs with power-on initialization.
INFO: [HLS 200-111] Finished Generating all RTL models: CPU user time: 0.69 seconds. CPU system time: 0.03 seconds. Elapsed time: 0.72 seconds; current allocated memory: 603.992 MB.
INFO: [HLS 200-111] Finished Updating report files: CPU user time: 0.34 seconds. CPU system time: 0 seconds. Elapsed time: 0.35 seconds; current allocated memory: 608.578 MB.
INFO: [VHDL 208-304] Generating VHDL RTL for synth_completion_top.
INFO: [VLOG 209-307] Generating Verilog RTL for synth_completion_top.
INFO: [HLS 200-790] **** Loop Constraint Status: All loop constraints were satisfied.
INFO: [HLS 200-789] **** Estimated Fmax: 157.18 MHz
INFO: [HLS 200-111] Finished Command csynth_design CPU user time: 89.46 seconds. CPU system time: 1.12 seconds. Elapsed time: 90.06 seconds; current allocated memory: -744.066 MB.
INFO: [HLS 200-112] Total CPU user time: 90.76 seconds. Total CPU system time: 1.55 seconds. Total elapsed time: 91.13 seconds; peak allocated memory: 1.321 GB.
INFO: [Common 17-206] Exiting vitis_hls at Sun Aug  2 13:07:20 2026...
