

================================================================
== Vitis HLS Report for 'synth_completion_top'
================================================================
* Date:           Sun Aug  2 13:07:19 2026

* Version:        2021.2 (Build 3367213 on Tue Oct 19 02:47:39 MDT 2021)
* Project:        synth_completion_top
* Solution:       solution_w4b_csynth (Vivado IP Flow Target)
* Product family: zynquplus
* Target device:  xczu7ev-ffvc1156-2-e


================================================================
== Performance Estimates
================================================================
+ Timing: 
    * Summary: 
    +--------+----------+----------+------------+
    |  Clock |  Target  | Estimated| Uncertainty|
    +--------+----------+----------+------------+
    |ap_clk  |  10.00 ns|  6.362 ns|     2.70 ns|
    +--------+----------+----------+------------+

+ Latency: 
    * Summary: 
    +---------+---------+----------+----------+-----+-----+---------+
    |  Latency (cycles) |  Latency (absolute) |  Interval | Pipeline|
    |   min   |   max   |    min   |    max   | min | max |   Type  |
    +---------+---------+----------+----------+-----+-----+---------+
    |       22|      632|  0.220 us|  6.320 us|   23|  633|       no|
    +---------+---------+----------+----------+-----+-----+---------+

    + Detail: 
        * Instance: 
        +-----------------------------------+------------------------+---------+---------+----------+----------+-----+-----+---------+
        |                                   |                        |  Latency (cycles) |  Latency (absolute) |  Interval | Pipeline|
        |              Instance             |         Module         |   min   |   max   |    min   |    max   | min | max |   Type  |
        +-----------------------------------+------------------------+---------+---------+----------+----------+-----+-----+---------+
        |grp_begin_completion_cycle_fu_880  |begin_completion_cycle  |       15|      454|  0.150 us|  4.540 us|   15|  454|       no|
        +-----------------------------------+------------------------+---------+---------+----------+----------+-----+-----+---------+

        * Loop: 
        +--------------------+---------+---------+----------+-----------+-----------+------+----------+
        |                    |  Latency (cycles) | Iteration|  Initiation Interval  | Trip |          |
        |      Loop Name     |   min   |   max   |  Latency |  achieved |   target  | Count| Pipelined|
        +--------------------+---------+---------+----------+-----------+-----------+------+----------+
        |- Loop 1            |        8|        8|         1|          -|          -|     8|        no|
        |- VITIS_LOOP_86_1   |        8|        8|         1|          -|          -|     8|        no|
        |- Loop 3            |        3|        3|         1|          -|          -|     3|        no|
        |- VITIS_LOOP_103_1  |        3|        3|         1|          -|          -|     3|        no|
        |- Loop 5            |        3|        3|         1|          -|          -|     3|        no|
        |- VITIS_LOOP_124_1  |        3|        3|         1|          -|          -|     3|        no|
        |- Loop 7            |       32|       32|         1|          -|          -|    32|        no|
        |- VITIS_LOOP_139_1  |       32|       32|         1|          -|          -|    32|        no|
        |- Loop 9            |        8|        8|         1|          -|          -|     8|        no|
        |- Loop 10           |        8|        8|         1|          -|          -|     8|        no|
        |- VITIS_LOOP_221_1  |       52|       52|         1|          -|          -|    52|        no|
        +--------------------+---------+---------+----------+-----------+-----------+------+----------+



================================================================
== Utilization Estimates
================================================================
* Summary: 
+-----------------+---------+------+--------+--------+-----+
|       Name      | BRAM_18K|  DSP |   FF   |   LUT  | URAM|
+-----------------+---------+------+--------+--------+-----+
|DSP              |        -|     -|       -|       -|    -|
|Expression       |        -|     -|       0|     341|    -|
|FIFO             |        -|     -|       -|       -|    -|
|Instance         |        -|     -|     154|    3682|    -|
|Memory           |        4|     -|     100|      22|    0|
|Multiplexer      |        -|     -|       -|    1693|    -|
|Register         |        -|     -|     800|       -|    -|
+-----------------+---------+------+--------+--------+-----+
|Total            |        4|     0|    1054|    5738|    0|
+-----------------+---------+------+--------+--------+-----+
|Available        |      624|  1728|  460800|  230400|   96|
+-----------------+---------+------+--------+--------+-----+
|Utilization (%)  |       ~0|     0|      ~0|       2|    0|
+-----------------+---------+------+--------+--------+-----+

+ Detail: 
    * Instance: 
    +-----------------------------------+------------------------+---------+----+-----+------+-----+
    |              Instance             |         Module         | BRAM_18K| DSP|  FF |  LUT | URAM|
    +-----------------------------------+------------------------+---------+----+-----+------+-----+
    |grp_begin_completion_cycle_fu_880  |begin_completion_cycle  |        0|   0|  154|  3682|    0|
    +-----------------------------------+------------------------+---------+----+-----+------+-----+
    |Total                              |                        |        0|   0|  154|  3682|    0|
    +-----------------------------------+------------------------+---------+----+-----+------+-----+

    * DSP: 
    N/A

    * Memory: 
    +-------------------------------------------------+-------------------------------------------------------------+---------+----+----+-----+------+-----+------+-------------+
    |                      Memory                     |                            Module                           | BRAM_18K| FF | LUT| URAM| Words| Bits| Banks| W*Bits*Banks|
    +-------------------------------------------------+-------------------------------------------------------------+---------+----+----+-----+------+-----+------+-------------+
    |state_int_rf_U                                   |state_int_rf_RAM_AUTO_1R1W                                   |        4|   0|   0|    0|    52|   56|     1|         2912|
    |state_issue_alu_iq_entries_uop_branch_br_mask_U  |state_issue_alu_iq_entries_uop_branch_br_mask_RAM_AUTO_1R1W  |        0|  16|   1|    0|     8|    8|     1|           64|
    |state_lsu_stq_branch_mask_U                      |state_issue_alu_iq_entries_uop_branch_br_mask_RAM_AUTO_1R1W  |        0|  16|   1|    0|     8|    8|     1|           64|
    |state_lsu_ldq_branch_mask_U                      |state_issue_alu_iq_entries_uop_branch_br_mask_RAM_AUTO_1R1W  |        0|  16|   1|    0|     8|    8|     1|           64|
    |state_rob_entries_busy_U                         |state_rob_entries_busy_RAM_AUTO_1R1W                         |        0|   2|   1|    0|    32|    1|     1|           32|
    |state_rob_entries_uop_branch_br_mask_U           |state_rob_entries_uop_branch_br_mask_RAM_AUTO_1R1W           |        0|  16|   4|    0|    32|    8|     1|          256|
    |state_rob_entries_uop_branch_br_tag_U            |state_rob_entries_uop_branch_br_tag_RAM_AUTO_1R1W            |        0|   2|   1|    0|    32|    1|     1|           32|
    |state_rob_entries_uop_branch_is_br_U             |state_rob_entries_uop_branch_br_tag_RAM_AUTO_1R1W            |        0|   2|   1|    0|    32|    1|     1|           32|
    |state_rob_entries_uop_branch_is_jalr_U           |state_rob_entries_uop_branch_br_tag_RAM_AUTO_1R1W            |        0|   2|   1|    0|    32|    1|     1|           32|
    |state_rob_entries_uop_branch_is_jal_U            |state_rob_entries_uop_branch_br_tag_RAM_AUTO_1R1W            |        0|   2|   1|    0|    32|    1|     1|           32|
    |state_rob_entries_memory_valid_U                 |state_rob_entries_uop_branch_br_tag_RAM_AUTO_1R1W            |        0|   2|   1|    0|    32|    1|     1|           32|
    |state_rob_entries_is_load_U                      |state_rob_entries_uop_branch_br_tag_RAM_AUTO_1R1W            |        0|   2|   1|    0|    32|    1|     1|           32|
    |state_rob_entries_memory_request_sent_U          |state_rob_entries_uop_branch_br_tag_RAM_AUTO_1R1W            |        0|   2|   1|    0|    32|    1|     1|           32|
    |state_rob_entries_memory_completed_U             |state_rob_entries_uop_branch_br_tag_RAM_AUTO_1R1W            |        0|   2|   1|    0|    32|    1|     1|           32|
    |state_rob_entries_memory_transaction_id_U        |state_rob_entries_uop_branch_br_tag_RAM_AUTO_1R1W            |        0|   2|   1|    0|    32|    1|     1|           32|
    |state_rob_entries_uop_queue_rob_allocation_id_U  |state_rob_entries_uop_queue_rob_allocation_id_RAM_AUTO_1R1W  |        0|   4|   1|    0|    32|    2|     1|           64|
    |state_rob_entries_uop_queue_rob_idx_U            |state_rob_entries_uop_queue_rob_idx_RAM_AUTO_1R1W            |        0|  10|   3|    0|    32|    5|     1|          160|
    |state_rob_entries_valid_U                        |state_rob_entries_valid_RAM_AUTO_1R1W                        |        0|   2|   1|    0|    32|    1|     1|           32|
    +-------------------------------------------------+-------------------------------------------------------------+---------+----+----+-----+------+-----+------+-------------+
    |Total                                            |                                                             |        4| 100|  22|    0|   524|  106|    18|         3936|
    +-------------------------------------------------+-------------------------------------------------------------+---------+----+----+-----+------+-----+------+-------------+

    * FIFO: 
    N/A

    * Expression: 
    +-------------------------+----------+----+---+----+------------+------------+
    |      Variable Name      | Operation| DSP| FF| LUT| Bitwidth P0| Bitwidth P1|
    +-------------------------+----------+----+---+----+------------+------------+
    |add_ln103_fu_1171_p2     |         +|   0|  0|   9|           2|           1|
    |add_ln124_1_fu_1365_p2   |         +|   0|  0|   9|           2|           1|
    |add_ln124_fu_1208_p2     |         +|   0|  0|   9|           2|           1|
    |add_ln137_fu_1510_p2     |         +|   0|  0|  12|           5|           1|
    |add_ln139_fu_1577_p2     |         +|   0|  0|  13|           6|           1|
    |add_ln179_1_fu_1626_p2   |         +|   0|  0|  10|           3|           1|
    |add_ln179_fu_1596_p2     |         +|   0|  0|  10|           3|           1|
    |add_ln221_fu_1835_p2     |         +|   0|  0|  13|           6|           1|
    |add_ln2505_fu_1972_p2    |         +|   0|  0|  63|          56|           1|
    |add_ln85_fu_1062_p2      |         +|   0|  0|  10|           3|           1|
    |add_ln86_fu_1103_p2      |         +|   0|  0|  12|           4|           1|
    |add_ln99_fu_1122_p2      |         +|   0|  0|   9|           2|           1|
    |mem_idx_fu_1857_p2       |         +|   0|  0|  12|           5|           1|
    |icmp_ln103_fu_1165_p2    |      icmp|   0|  0|   8|           2|           2|
    |icmp_ln124_1_fu_1359_p2  |      icmp|   0|  0|   8|           2|           2|
    |icmp_ln124_fu_1340_p2    |      icmp|   0|  0|   8|           2|           3|
    |icmp_ln137_fu_1534_p2    |      icmp|   0|  0|   9|           5|           2|
    |icmp_ln139_fu_1571_p2    |      icmp|   0|  0|  10|           6|           7|
    |icmp_ln179_1_fu_1637_p2  |      icmp|   0|  0|   8|           3|           2|
    |icmp_ln179_fu_1607_p2    |      icmp|   0|  0|   8|           3|           2|
    |icmp_ln221_fu_1829_p2    |      icmp|   0|  0|  10|           6|           5|
    |icmp_ln85_fu_1073_p2     |      icmp|   0|  0|   8|           3|           2|
    |icmp_ln86_fu_1097_p2     |      icmp|   0|  0|   9|           4|           5|
    |icmp_ln99_fu_1146_p2     |      icmp|   0|  0|   8|           2|           3|
    |xor_ln2512_fu_2039_p2    |       xor|   0|  0|  56|          56|          56|
    +-------------------------+----------+----+---+----+------------+------------+
    |Total                    |          |   0|  0| 341|         193|         104|
    +-------------------------+----------+----+---+----+------------+------------+

    * Multiplexer: 
    +----------------------------------------------------------+-----+-----------+-----+-----------+
    |                           Name                           | LUT | Input Size| Bits| Total Bits|
    +----------------------------------------------------------+-----+-----------+-----+-----------+
    |ap_NS_fsm                                                 |  101|         20|    1|         20|
    |i_1_fu_278                                                |    9|          2|    2|          4|
    |i_2_fu_286                                                |    9|          2|    2|          4|
    |i_3_fu_294                                                |    9|          2|    6|         12|
    |i_4_fu_306                                                |    9|          2|    6|         12|
    |i_fu_270                                                  |    9|          2|    4|          8|
    |indvar4_i3_i_fu_274                                       |    9|          2|    2|          4|
    |indvar4_i_i_fu_302                                        |    9|          2|    3|          6|
    |indvar_i27_i_fu_290                                       |    9|          2|    5|         10|
    |indvar_i6_i_fu_282                                        |    9|          2|    2|          4|
    |indvar_i_i_fu_298                                         |    9|          2|    3|          6|
    |indvar_i_i_i_fu_266                                       |    9|          2|    3|          6|
    |state_branch_state_active_mask                            |    9|          2|    8|         16|
    |state_branch_state_releases                               |    9|          2|   32|         64|
    |state_completion_int_execute_kind                         |    9|          2|    3|          6|
    |state_completion_int_execute_source                       |    9|          2|    2|          4|
    |state_completion_int_execute_uop_branch_br_mask           |    9|          2|    8|         16|
    |state_completion_int_execute_uop_branch_br_tag            |    9|          2|    1|          2|
    |state_completion_int_execute_uop_queue_rob_allocation_id  |    9|          2|    2|          4|
    |state_completion_int_execute_uop_queue_rob_idx            |    9|          2|    5|         10|
    |state_completion_int_execute_uop_rename_pdst              |    9|          2|    3|          6|
    |state_completion_int_execute_valid                        |    9|          2|    1|          2|
    |state_completion_int_execute_value                        |    9|          2|   56|        112|
    |state_completion_int_execute_writes_prf                   |    9|          2|    1|          2|
    |state_completion_mem_execute_kind                         |    9|          2|    3|          6|
    |state_completion_mem_execute_source                       |    9|          2|    1|          2|
    |state_completion_mem_execute_uop_branch_br_mask           |    9|          2|    8|         16|
    |state_completion_mem_execute_uop_branch_br_tag            |    9|          2|    1|          2|
    |state_completion_mem_execute_uop_queue_rob_allocation_id  |    9|          2|    2|          4|
    |state_completion_mem_execute_uop_queue_rob_idx            |    9|          2|    5|         10|
    |state_completion_mem_execute_uop_rename_pdst              |    9|          2|    2|          4|
    |state_completion_mem_execute_valid                        |    9|          2|    1|          2|
    |state_completion_mem_execute_value                        |    9|          2|   56|        112|
    |state_completion_mem_execute_writes_prf                   |    9|          2|    1|          2|
    |state_completion_peak_prf_writes                          |    9|          2|    8|         16|
    |state_completion_peak_rob_completes                       |    9|          2|    8|         16|
    |state_completion_peak_wakeups                             |    9|          2|    8|         16|
    |state_completion_prf_writes_this_cycle                    |    9|          2|    8|         16|
    |state_completion_rob_completes_this_cycle                 |    9|          2|    8|         16|
    |state_completion_total_prf_writes                         |    9|          2|   64|        128|
    |state_completion_total_rob_completes                      |    9|          2|   64|        128|
    |state_completion_total_wakeups                            |    9|          2|   64|        128|
    |state_completion_wakeups_this_cycle                       |    9|          2|    8|         16|
    |state_decode_dec_uops_branch_br_mask_0                    |    9|          2|    8|         16|
    |state_execute_alu_results_result_0                        |   14|          3|   56|        168|
    |state_execute_alu_results_result_1                        |   14|          3|   56|        168|
    |state_execute_alu_results_uop_branch_br_mask_0            |   14|          3|    8|         24|
    |state_execute_alu_results_uop_branch_br_mask_1            |   14|          3|    8|         24|
    |state_execute_alu_results_uop_branch_br_mask_2            |    9|          2|    8|         16|
    |state_execute_alu_results_uop_branch_br_tag_0             |   14|          3|    1|          3|
    |state_execute_alu_results_uop_branch_br_tag_1             |   14|          3|    1|          3|
    |state_execute_alu_results_uop_branch_is_br_0              |   14|          3|    1|          3|
    |state_execute_alu_results_uop_branch_is_br_1              |   14|          3|    1|          3|
    |state_execute_alu_results_uop_branch_is_jal_0             |   14|          3|    1|          3|
    |state_execute_alu_results_uop_branch_is_jal_1             |   14|          3|    1|          3|
    |state_execute_alu_results_uop_branch_is_jalr_0            |   14|          3|    1|          3|
    |state_execute_alu_results_uop_branch_is_jalr_1            |   14|          3|    1|          3|
    |state_execute_alu_results_uop_queue_rob_allocation_id_0   |   14|          3|    2|          6|
    |state_execute_alu_results_uop_queue_rob_allocation_id_1   |   14|          3|    2|          6|
    |state_execute_alu_results_uop_queue_rob_idx_0             |   14|          3|    5|         15|
    |state_execute_alu_results_uop_queue_rob_idx_1             |   14|          3|    5|         15|
    |state_execute_alu_results_uop_rename_pdst_0               |   14|          3|    2|          6|
    |state_execute_alu_results_uop_rename_pdst_1               |   14|          3|    3|          9|
    |state_execute_alu_results_valid_0                         |   14|          3|    1|          3|
    |state_execute_alu_results_valid_1                         |   14|          3|    1|          3|
    |state_int_rf_address0                                     |   26|          5|    6|         30|
    |state_int_rf_ce0                                          |   14|          3|    1|          3|
    |state_int_rf_d0                                           |   14|          3|   56|        168|
    |state_int_rf_we0                                          |   14|          3|    1|          3|
    |state_issue_alu_iq_entries_uop_branch_br_mask_address0    |   20|          4|    3|         12|
    |state_issue_alu_iq_entries_uop_branch_br_mask_ce0         |   14|          3|    1|          3|
    |state_issue_alu_iq_entries_uop_branch_br_mask_d0          |   14|          3|    8|         24|
    |state_issue_alu_iq_entries_uop_branch_br_mask_we0         |   14|          3|    1|          3|
    |state_issue_issued_uops_branch_br_mask_0                  |    9|          2|    8|         16|
    |state_issue_issued_uops_branch_br_mask_1                  |    9|          2|    8|         16|
    |state_issue_issued_uops_branch_br_mask_2                  |    9|          2|    8|         16|
    |state_lsu_ldq_branch_mask_address0                        |   14|          3|    3|          9|
    |state_lsu_ldq_branch_mask_ce0                             |   14|          3|    1|          3|
    |state_lsu_ldq_branch_mask_d0                              |   14|          3|    8|         24|
    |state_lsu_ldq_branch_mask_we0                             |   14|          3|    1|          3|
    |state_lsu_stq_branch_mask_address0                        |   14|          3|    3|          9|
    |state_lsu_stq_branch_mask_ce0                             |   14|          3|    1|          3|
    |state_lsu_stq_branch_mask_d0                              |   14|          3|    8|         24|
    |state_lsu_stq_branch_mask_we0                             |   14|          3|    1|          3|
    |state_rename_dispatch_packets_uop_branch_br_mask_0        |    9|          2|    8|         16|
    |state_rob_entries_busy_address0                           |   31|          6|    5|         30|
    |state_rob_entries_busy_address1                           |   14|          3|    5|         15|
    |state_rob_entries_busy_ce0                                |   14|          3|    1|          3|
    |state_rob_entries_busy_d0                                 |   20|          4|    1|          4|
    |state_rob_entries_busy_we0                                |   14|          3|    1|          3|
    |state_rob_entries_is_load_address0                        |   20|          4|    5|         20|
    |state_rob_entries_is_load_ce0                             |   14|          3|    1|          3|
    |state_rob_entries_memory_completed_address0               |   20|          4|    5|         20|
    |state_rob_entries_memory_completed_ce0                    |   14|          3|    1|          3|
    |state_rob_entries_memory_completed_d0                     |   14|          3|    1|          3|
    |state_rob_entries_memory_completed_we0                    |   14|          3|    1|          3|
    |state_rob_entries_memory_request_sent_address0            |   20|          4|    5|         20|
    |state_rob_entries_memory_request_sent_ce0                 |   14|          3|    1|          3|
    |state_rob_entries_memory_transaction_id_address0          |   20|          4|    5|         20|
    |state_rob_entries_memory_transaction_id_ce0               |   14|          3|    1|          3|
    |state_rob_entries_memory_valid_address0                   |   20|          4|    5|         20|
    |state_rob_entries_memory_valid_ce0                        |   14|          3|    1|          3|
    |state_rob_entries_uop_branch_br_mask_address0             |   31|          6|    5|         30|
    |state_rob_entries_uop_branch_br_mask_ce0                  |   14|          3|    1|          3|
    |state_rob_entries_uop_branch_br_mask_d0                   |   14|          3|    8|         24|
    |state_rob_entries_uop_branch_br_mask_we0                  |   14|          3|    1|          3|
    |state_rob_entries_uop_branch_br_tag_address0              |   26|          5|    5|         25|
    |state_rob_entries_uop_branch_is_br_address0               |   26|          5|    5|         25|
    |state_rob_entries_uop_branch_is_jal_address0              |   26|          5|    5|         25|
    |state_rob_entries_uop_branch_is_jalr_address0             |   26|          5|    5|         25|
    |state_rob_entries_uop_queue_rob_allocation_id_address0    |   26|          5|    5|         25|
    |state_rob_entries_uop_queue_rob_allocation_id_address1    |   14|          3|    5|         15|
    |state_rob_entries_uop_queue_rob_allocation_id_ce0         |   14|          3|    1|          3|
    |state_rob_entries_uop_queue_rob_allocation_id_d0          |   14|          3|    2|          6|
    |state_rob_entries_uop_queue_rob_idx_address0              |   20|          4|    5|         20|
    |state_rob_entries_uop_queue_rob_idx_address1              |   14|          3|    5|         15|
    |state_rob_entries_uop_queue_rob_idx_d0                    |   14|          3|    5|         15|
    |state_rob_entries_valid_address0                          |   26|          5|    5|         25|
    |state_rob_entries_valid_ce0                               |   14|          3|    1|          3|
    |state_rob_entries_valid_d0                                |   14|          3|    1|          3|
    +----------------------------------------------------------+-----+-----------+-----+-----------+
    |Total                                                     | 1693|        357|  904|       2337|
    +----------------------------------------------------------+-----+-----------+-----+-----------+

    * Register: 
    +---------------------------------------------------------------------------------------------------------------------+----+----+-----+-----------+
    |                                                         Name                                                        | FF | LUT| Bits| Const Bits|
    +---------------------------------------------------------------------------------------------------------------------+----+----+-----+-----------+
    |ap_CS_fsm                                                                                                            |  19|   0|   19|          0|
    |empty_17_reg_2073                                                                                                    |   1|   0|    1|          0|
    |empty_reg_2067                                                                                                       |  56|   0|   56|          0|
    |grp_begin_completion_cycle_fu_880_ap_start_reg                                                                       |   1|   0|    1|          0|
    |guard_variable_for_synth_completion_top_unsigned_char_unsigned_char_unsigned_long_unsigned_long_state                |   1|   0|    1|          0|
    |guard_variable_for_synth_completion_top_unsigned_char_unsigned_char_unsigned_long_unsigned_long_state_load_reg_2086  |   1|   0|    1|          0|
    |i_1_fu_278                                                                                                           |   2|   0|    2|          0|
    |i_2_fu_286                                                                                                           |   2|   0|    2|          0|
    |i_3_fu_294                                                                                                           |   6|   0|    6|          0|
    |i_4_fu_306                                                                                                           |   6|   0|    6|          0|
    |i_fu_270                                                                                                             |   4|   0|    4|          0|
    |indvar4_i3_i_fu_274                                                                                                  |   2|   0|    2|          0|
    |indvar4_i_i_fu_302                                                                                                   |   3|   0|    3|          0|
    |indvar_i27_i_fu_290                                                                                                  |   5|   0|    5|          0|
    |indvar_i6_i_fu_282                                                                                                   |   2|   0|    2|          0|
    |indvar_i_i_fu_298                                                                                                    |   3|   0|    3|          0|
    |indvar_i_i_i_fu_266                                                                                                  |   3|   0|    3|          0|
    |int_idx_reg_2077                                                                                                     |   5|   0|    5|          0|
    |state_branch_state_active_mask                                                                                       |   8|   0|    8|          0|
    |state_branch_state_releases                                                                                          |  32|   0|   32|          0|
    |state_completion_int_execute_kind                                                                                    |   3|   0|    3|          0|
    |state_completion_int_execute_source                                                                                  |   2|   0|    2|          0|
    |state_completion_int_execute_uop_branch_br_mask                                                                      |   8|   0|    8|          0|
    |state_completion_int_execute_uop_branch_br_tag                                                                       |   1|   0|    1|          0|
    |state_completion_int_execute_uop_queue_rob_allocation_id                                                             |   2|   0|    2|          0|
    |state_completion_int_execute_uop_queue_rob_idx                                                                       |   5|   0|    5|          0|
    |state_completion_int_execute_uop_rename_pdst                                                                         |   3|   0|    3|          0|
    |state_completion_int_execute_valid                                                                                   |   1|   0|    1|          0|
    |state_completion_int_execute_value                                                                                   |  56|   0|   56|          0|
    |state_completion_int_execute_writes_prf                                                                              |   1|   0|    1|          0|
    |state_completion_mem_execute_kind                                                                                    |   3|   0|    3|          0|
    |state_completion_mem_execute_source                                                                                  |   1|   0|    1|          0|
    |state_completion_mem_execute_uop_branch_br_mask                                                                      |   8|   0|    8|          0|
    |state_completion_mem_execute_uop_branch_br_tag                                                                       |   1|   0|    1|          0|
    |state_completion_mem_execute_uop_queue_rob_allocation_id                                                             |   2|   0|    2|          0|
    |state_completion_mem_execute_uop_queue_rob_idx                                                                       |   5|   0|    5|          0|
    |state_completion_mem_execute_uop_rename_pdst                                                                         |   2|   0|    2|          0|
    |state_completion_mem_execute_valid                                                                                   |   1|   0|    1|          0|
    |state_completion_mem_execute_value                                                                                   |  56|   0|   56|          0|
    |state_completion_mem_execute_writes_prf                                                                              |   1|   0|    1|          0|
    |state_completion_peak_prf_writes                                                                                     |   8|   0|    8|          0|
    |state_completion_peak_rob_completes                                                                                  |   8|   0|    8|          0|
    |state_completion_peak_wakeups                                                                                        |   8|   0|    8|          0|
    |state_completion_prf_writes_this_cycle                                                                               |   8|   0|    8|          0|
    |state_completion_rob_completes_this_cycle                                                                            |   8|   0|    8|          0|
    |state_completion_total_prf_writes                                                                                    |  64|   0|   64|          0|
    |state_completion_total_rob_completes                                                                                 |  64|   0|   64|          0|
    |state_completion_total_wakeups                                                                                       |  64|   0|   64|          0|
    |state_completion_wakeups_this_cycle                                                                                  |   8|   0|    8|          0|
    |state_decode_dec_uops_branch_br_mask_0                                                                               |   8|   0|    8|          0|
    |state_execute_alu_results_result_0                                                                                   |  56|   0|   56|          0|
    |state_execute_alu_results_result_1                                                                                   |  56|   0|   56|          0|
    |state_execute_alu_results_uop_branch_br_mask_0                                                                       |   8|   0|    8|          0|
    |state_execute_alu_results_uop_branch_br_mask_1                                                                       |   8|   0|    8|          0|
    |state_execute_alu_results_uop_branch_br_mask_2                                                                       |   8|   0|    8|          0|
    |state_execute_alu_results_uop_branch_br_tag_0                                                                        |   1|   0|    1|          0|
    |state_execute_alu_results_uop_branch_br_tag_1                                                                        |   1|   0|    1|          0|
    |state_execute_alu_results_uop_branch_is_br_0                                                                         |   1|   0|    1|          0|
    |state_execute_alu_results_uop_branch_is_br_1                                                                         |   1|   0|    1|          0|
    |state_execute_alu_results_uop_branch_is_jal_0                                                                        |   1|   0|    1|          0|
    |state_execute_alu_results_uop_branch_is_jal_1                                                                        |   1|   0|    1|          0|
    |state_execute_alu_results_uop_branch_is_jalr_0                                                                       |   1|   0|    1|          0|
    |state_execute_alu_results_uop_branch_is_jalr_1                                                                       |   1|   0|    1|          0|
    |state_execute_alu_results_uop_queue_rob_allocation_id_0                                                              |   2|   0|    2|          0|
    |state_execute_alu_results_uop_queue_rob_allocation_id_1                                                              |   2|   0|    2|          0|
    |state_execute_alu_results_uop_queue_rob_idx_0                                                                        |   5|   0|    5|          0|
    |state_execute_alu_results_uop_queue_rob_idx_1                                                                        |   5|   0|    5|          0|
    |state_execute_alu_results_uop_rename_pdst_0                                                                          |   2|   0|    2|          0|
    |state_execute_alu_results_uop_rename_pdst_1                                                                          |   3|   0|    3|          0|
    |state_execute_alu_results_valid_0                                                                                    |   1|   0|    1|          0|
    |state_execute_alu_results_valid_1                                                                                    |   1|   0|    1|          0|
    |state_issue_issued_uops_branch_br_mask_0                                                                             |   8|   0|    8|          0|
    |state_issue_issued_uops_branch_br_mask_1                                                                             |   8|   0|    8|          0|
    |state_issue_issued_uops_branch_br_mask_2                                                                             |   8|   0|    8|          0|
    |state_rename_dispatch_packets_uop_branch_br_mask_0                                                                   |   8|   0|    8|          0|
    |state_rob_entries_busy_addr_1_reg_2212                                                                               |   5|   0|    5|          0|
    |state_rob_entries_busy_addr_2_reg_2236                                                                               |   5|   0|    5|          0|
    |state_rob_entries_uop_queue_rob_allocation_id_addr_1_reg_2222                                                        |   5|   0|    5|          0|
    |state_rob_entries_uop_queue_rob_idx_addr_1_reg_2217                                                                  |   5|   0|    5|          0|
    |state_rob_head                                                                                                       |   5|   0|    5|          0|
    |tmp_reg_2266                                                                                                         |   1|   0|    1|          0|
    |zext_ln2486_reg_2227                                                                                                 |   5|   0|   64|         59|
    +---------------------------------------------------------------------------------------------------------------------+----+----+-----+-----------+
    |Total                                                                                                                | 800|   0|  859|         59|
    +---------------------------------------------------------------------------------------------------------------------+----+----+-----+-----------+



================================================================
== Interface
================================================================
* Summary: 
+-------------------+-----+-----+------------+----------------------+--------------+
|     RTL Ports     | Dir | Bits|  Protocol  |     Source Object    |    C Type    |
+-------------------+-----+-----+------------+----------------------+--------------+
|ap_local_block     |  out|    1|  ap_ctrl_hs|  synth_completion_top|  return value|
|ap_local_deadlock  |  out|    1|  ap_ctrl_hs|  synth_completion_top|  return value|
|ap_clk             |   in|    1|  ap_ctrl_hs|  synth_completion_top|  return value|
|ap_rst             |   in|    1|  ap_ctrl_hs|  synth_completion_top|  return value|
|ap_start           |   in|    1|  ap_ctrl_hs|  synth_completion_top|  return value|
|ap_done            |  out|    1|  ap_ctrl_hs|  synth_completion_top|  return value|
|ap_idle            |  out|    1|  ap_ctrl_hs|  synth_completion_top|  return value|
|ap_ready           |  out|    1|  ap_ctrl_hs|  synth_completion_top|  return value|
|seed_sources       |   in|    8|     ap_none|          seed_sources|        scalar|
|seed_head          |   in|    8|     ap_none|             seed_head|        scalar|
|seed_value         |   in|   64|     ap_none|            seed_value|        scalar|
|observable         |  out|   64|      ap_vld|            observable|       pointer|
|observable_ap_vld  |  out|    1|      ap_vld|            observable|       pointer|
+-------------------+-----+-----+------------+----------------------+--------------+

