#-----------------------------------------------------------
# xsim v2021.2 (64-bit)
# SW Build 3367213 on Tue Oct 19 02:47:39 MDT 2021
# IP Build 3369179 on Thu Oct 21 08:25:16 MDT 2021
# Start of session at: Tue Jul 28 21:42:49 2026
# Process ID: 76779
# Current directory: /home/lab_726/boom/hls_boom/build/gate3_8/xsim
# Command line: xsim -log /home/lab_726/boom/hls_boom/reports/gate3_8/logs/branch_taken_R6_RESET_BRANCH_RECOVERY.log -mode tcl -source {xsim.dir/gate3_8_snapshot/xsim_script.tcl}
# Log file: /home/lab_726/boom/hls_boom/reports/gate3_8/logs/branch_taken_R6_RESET_BRANCH_RECOVERY.log
# Journal file: /home/lab_726/boom/hls_boom/build/gate3_8/xsim/xsim.jou
# Running On: 726, OS: Linux, CPU Frequency: 5300.000 MHz, CPU Physical cores: 14, Host memory: 67149 MB
#-----------------------------------------------------------
source xsim.dir/gate3_8_snapshot/xsim_script.tcl
# xsim {gate3_8_snapshot} -testplusarg PROGRAM=/home/lab_726/boom/hls_boom/build/gate3_8/xsim/branch_taken.readmemh -testplusarg PROGRAM_NAME=branch_taken -testplusarg SCENARIO=R6_RESET_BRANCH_RECOVERY -testplusarg MAX_CYCLES=40000 -testplusarg TRACE=/home/lab_726/boom/hls_boom/reference/rtl_traces/branch_taken_R6_RESET_BRANCH_RECOVERY.jsonl -autoloadwcfg -runall -onerror quit
Time resolution is 1 ps
run -all
WARNING: Too many words specified in data file ./boom_core_top_boom_core_cycle_io_state_execute_alu_results_valid_RAM_AUTO_1R1W.dat
WARNING: Too many words specified in data file ./boom_core_top_boom_core_cycle_io_state_execute_alu_results_uop_branch_br_mask_RAM_AUTO_1R1W.dat
WARNING: Too many words specified in data file ./boom_core_top_boom_core_cycle_io_state_execute_alu_results_uop_branch_br_mask_RAM_AUTO_1R1W.dat
WARNING: Too many words specified in data file ./boom_core_top_boom_core_cycle_io_state_execute_alu_results_uop_inst_RAM_AUTO_1R1W.dat
WARNING: Too many words specified in data file ./boom_core_top_boom_core_cycle_io_state_execute_alu_results_uop_inst_RAM_AUTO_1R1W.dat
WARNING: Too many words specified in data file ./boom_core_top_boom_core_cycle_io_state_execute_alu_results_valid_RAM_AUTO_1R1W.dat
WARNING: Too many words specified in data file ./boom_core_top_boom_core_cycle_io_state_execute_alu_results_uop_debug_pc_RAM_AUTO_1R1W.dat
WARNING: Too many words specified in data file ./boom_core_top_boom_core_cycle_io_state_execute_alu_results_uop_branch_br_mask_RAM_AUTO_1R1W.dat
WARNING: Too many words specified in data file ./boom_core_top_boom_core_cycle_io_state_execute_alu_results_uop_branch_br_mask_RAM_AUTO_1R1W.dat
WARNING: Too many words specified in data file ./boom_core_top_boom_core_cycle_io_state_execute_alu_results_uop_branch_br_mask_RAM_AUTO_1R1W.dat
WARNING: Too many words specified in data file ./boom_core_top_boom_core_cycle_io_state_execute_alu_results_uop_branch_br_mask_RAM_AUTO_1R1W.dat
WARNING: Too many words specified in data file ./boom_core_top_boom_core_cycle_io_state_execute_alu_results_uop_branch_br_mask_RAM_AUTO_1R1W.dat
WARNING: Too many words specified in data file ./boom_core_top_boom_core_cycle_io_state_execute_alu_results_uop_branch_br_mask_RAM_AUTO_1R1W.dat
WARNING: Too many words specified in data file ./boom_core_top_boom_core_cycle_io_state_execute_alu_results_uop_branch_br_mask_RAM_AUTO_1R1W.dat
WARNING: Too many words specified in data file ./boom_core_top_boom_core_cycle_io_state_execute_alu_results_uop_branch_br_mask_RAM_AUTO_1R1W.dat
WARNING: Too many words specified in data file ./boom_core_top_boom_core_cycle_io_state_execute_alu_results_uop_branch_br_mask_RAM_AUTO_1R1W.dat
WARNING: Too many words specified in data file ./boom_core_top_boom_core_cycle_io_state_execute_alu_results_valid_RAM_AUTO_1R1W.dat
WARNING: Too many words specified in data file ./boom_core_top_boom_core_cycle_io_state_execute_alu_results_valid_RAM_AUTO_1R1W.dat
WARNING: Too many words specified in data file ./boom_core_top_boom_core_cycle_io_state_execute_alu_results_valid_RAM_AUTO_1R1W.dat
WARNING: Too many words specified in data file ./boom_core_top_boom_core_cycle_io_state_execute_alu_results_uop_branch_br_mask_RAM_AUTO_1R1W.dat
WARNING: Too many words specified in data file ./boom_core_top_boom_core_cycle_io_state_execute_alu_results_valid_RAM_AUTO_1R1W.dat
WARNING: Too many words specified in data file ./boom_core_top_boom_core_cycle_io_state_execute_alu_results_valid_RAM_AUTO_1R1W.dat
WARNING: Too many words specified in data file ./boom_core_top_boom_core_cycle_io_state_execute_alu_results_uop_branch_br_mask_RAM_AUTO_1R1W.dat
WARNING: Too many words specified in data file ./boom_core_top_boom_core_cycle_io_state_execute_alu_results_uop_branch_br_mask_RAM_AUTO_1R1W.dat
WARNING: Too many words specified in data file ./boom_core_top_boom_core_cycle_io_state_execute_alu_results_uop_branch_br_mask_RAM_AUTO_1R1W.dat
WARNING: Too many words specified in data file ./boom_core_top_boom_core_cycle_io_state_execute_alu_results_valid_RAM_AUTO_1R1W.dat
WARNING: Too many words specified in data file ./boom_core_top_boom_core_cycle_io_state_execute_alu_results_valid_RAM_AUTO_1R1W.dat
WARNING: Too many words specified in data file ./boom_core_top_boom_core_cycle_io_state_execute_alu_results_valid_RAM_AUTO_1R1W.dat
WARNING: Too many words specified in data file ./boom_core_top_boom_core_cycle_io_state_execute_alu_results_valid_RAM_AUTO_1R1W.dat
WARNING: Too many words specified in data file ./boom_core_top_boom_core_cycle_io_state_execute_alu_results_valid_RAM_AUTO_1R1W.dat
WARNING: Too many words specified in data file ./boom_core_top_boom_core_cycle_io_state_execute_alu_results_valid_RAM_AUTO_1R1W.dat
WARNING: Too many words specified in data file ./boom_core_top_boom_core_cycle_io_state_execute_alu_results_uop_inst_RAM_AUTO_1R1W.dat
WARNING: Too many words specified in data file ./boom_core_top_boom_core_cycle_io_state_execute_alu_results_uop_csr_addr_RAM_AUTO_1R1W.dat
WARNING: Too many words specified in data file ./boom_core_top_boom_core_cycle_io_state_execute_alu_results_uop_branch_br_mask_RAM_AUTO_1R1W.dat
WARNING: Too many words specified in data file ./boom_core_top_boom_core_cycle_io_state_execute_alu_results_uop_branch_br_mask_RAM_AUTO_1R1W.dat
WARNING: Too many words specified in data file ./boom_core_top_boom_core_cycle_io_state_execute_alu_results_uop_branch_br_mask_RAM_AUTO_1R1W.dat
WARNING: Too many words specified in data file ./boom_core_top_boom_core_cycle_io_state_execute_alu_results_uop_branch_br_mask_RAM_AUTO_1R1W.dat
WARNING: Too many words specified in data file ./boom_core_top_boom_core_cycle_io_state_execute_alu_results_uop_branch_br_mask_RAM_AUTO_1R1W.dat
WARNING: Too many words specified in data file ./boom_core_top_boom_core_cycle_io_state_execute_alu_results_uop_branch_br_mask_RAM_AUTO_1R1W.dat
WARNING: Too many words specified in data file ./boom_core_top_boom_core_cycle_io_state_execute_alu_results_uop_branch_br_mask_RAM_AUTO_1R1W.dat
WARNING: Too many words specified in data file ./boom_core_top_boom_core_cycle_io_state_execute_alu_results_uop_branch_br_mask_RAM_AUTO_1R1W.dat
WARNING: Too many words specified in data file ./boom_core_top_boom_core_cycle_io_state_execute_alu_results_uop_branch_br_mask_RAM_AUTO_1R1W.dat
WARNING: Too many words specified in data file ./boom_core_top_boom_core_cycle_io_state_execute_alu_results_uop_branch_br_mask_RAM_AUTO_1R1W.dat
WARNING: Too many words specified in data file ./boom_core_top_boom_core_cycle_io_state_execute_alu_results_uop_branch_br_mask_RAM_AUTO_1R1W.dat
WARNING: Too many words specified in data file ./boom_core_top_boom_core_cycle_io_state_execute_alu_results_uop_branch_br_mask_RAM_AUTO_1R1W.dat
WARNING: Too many words specified in data file ./boom_core_top_boom_core_cycle_io_state_execute_alu_results_uop_branch_br_mask_RAM_AUTO_1R1W.dat
WARNING: Too many words specified in data file ./boom_core_top_boom_core_cycle_io_state_execute_alu_results_valid_RAM_AUTO_1R1W.dat
WARNING: Too many words specified in data file ./boom_core_top_boom_core_cycle_io_state_execute_alu_results_valid_RAM_AUTO_1R1W.dat
WARNING: Too many words specified in data file ./boom_core_top_boom_core_cycle_io_state_execute_alu_results_valid_RAM_AUTO_1R1W.dat
WARNING: Too many words specified in data file ./boom_core_top_boom_core_cycle_io_state_execute_alu_results_valid_RAM_AUTO_1R1W.dat
WARNING: Too many words specified in data file ./boom_core_top_boom_core_cycle_io_state_execute_alu_results_uop_branch_br_mask_RAM_AUTO_1R1W.dat
WARNING: Too many words specified in data file ./boom_core_top_boom_core_cycle_io_state_execute_alu_results_uop_branch_br_mask_RAM_AUTO_1R1W.dat
WARNING: Too many words specified in data file ./boom_core_top_boom_core_cycle_io_state_execute_alu_results_uop_branch_br_mask_RAM_AUTO_1R1W.dat
WARNING: Too many words specified in data file ./boom_core_top_boom_core_cycle_io_state_execute_alu_results_uop_branch_br_mask_RAM_AUTO_1R1W.dat
WARNING: Too many words specified in data file ./boom_core_top_boom_core_cycle_io_state_execute_alu_results_valid_RAM_AUTO_1R1W.dat
WARNING: Too many words specified in data file ./boom_core_top_boom_core_cycle_io_state_execute_alu_results_valid_RAM_AUTO_1R1W.dat
WARNING: Too many words specified in data file ./boom_core_top_boom_core_cycle_io_state_execute_alu_results_valid_RAM_AUTO_1R1W.dat
WARNING: Too many words specified in data file ./boom_core_top_boom_core_cycle_io_state_execute_alu_results_valid_RAM_AUTO_1R1W.dat
WARNING: Too many words specified in data file ./boom_core_top_boom_core_cycle_io_state_execute_alu_results_uop_debug_pc_RAM_AUTO_1R1W.dat
WARNING: Too many words specified in data file ./boom_core_top_boom_core_cycle_io_state_execute_alu_results_valid_RAM_AUTO_1R1W.dat
WARNING: Too many words specified in data file ./boom_core_top_boom_core_cycle_io_state_execute_alu_results_uop_branch_br_mask_RAM_AUTO_1R1W.dat
WARNING: Too many words specified in data file ./boom_core_top_boom_core_cycle_io_state_execute_alu_results_uop_branch_br_mask_RAM_AUTO_1R1W.dat
WARNING: Too many words specified in data file ./boom_core_top_boom_core_cycle_io_state_execute_alu_results_valid_RAM_AUTO_1R1W.dat
WARNING: Too many words specified in data file ./boom_core_top_boom_core_cycle_io_state_execute_alu_results_valid_RAM_AUTO_1R1W.dat
WARNING: Too many words specified in data file ./boom_core_top_boom_core_cycle_io_state_execute_alu_results_valid_RAM_AUTO_1R1W.dat
WARNING: Too many words specified in data file ./boom_core_top_boom_core_cycle_io_state_execute_alu_results_valid_RAM_AUTO_1R1W.dat
WARNING: Too many words specified in data file ./boom_core_top_boom_core_cycle_io_state_execute_alu_results_valid_RAM_AUTO_1R1W.dat
WARNING: Too many words specified in data file ./boom_core_top_boom_core_cycle_io_state_execute_alu_results_valid_RAM_AUTO_1R1W.dat
WARNING: Too many words specified in data file ./boom_core_top_boom_core_cycle_io_state_execute_alu_results_valid_RAM_AUTO_1R1W.dat
WARNING: Too many words specified in data file ./boom_core_top_boom_core_cycle_io_state_execute_alu_results_valid_RAM_AUTO_1R1W.dat
WARNING: Too many words specified in data file ./boom_core_top_boom_core_cycle_io_state_execute_alu_results_valid_RAM_AUTO_1R1W.dat
WARNING: Too many words specified in data file ./boom_core_top_boom_core_cycle_io_state_execute_alu_results_valid_RAM_AUTO_1R1W.dat
WARNING: Too many words specified in data file ./boom_core_top_boom_core_cycle_io_state_execute_alu_results_valid_RAM_AUTO_1R1W.dat
WARNING: Too many words specified in data file ./boom_core_top_boom_core_cycle_io_state_execute_alu_results_valid_RAM_AUTO_1R1W.dat
WARNING: Too many words specified in data file ./boom_core_top_boom_core_cycle_io_state_execute_alu_results_uop_debug_pc_RAM_AUTO_1R1W.dat
WARNING: Too many words specified in data file ./boom_core_top_boom_core_cycle_io_state_execute_alu_results_valid_RAM_AUTO_1R1W.dat
WARNING: Too many words specified in data file ./boom_core_top_boom_core_cycle_io_state_execute_alu_results_valid_RAM_AUTO_1R1W.dat
WARNING: Too many words specified in data file ./boom_core_top_boom_core_cycle_io_state_execute_alu_results_valid_RAM_AUTO_1R1W.dat
WARNING: Too many words specified in data file ./boom_core_top_boom_core_cycle_io_state_execute_alu_results_valid_RAM_AUTO_1R1W.dat
WARNING: Too many words specified in data file ./boom_core_top_boom_core_cycle_io_state_execute_alu_results_valid_RAM_AUTO_1R1W.dat
WARNING: Too many words specified in data file ./boom_core_top_boom_core_cycle_io_state_execute_alu_results_uop_branch_br_mask_RAM_AUTO_1R1W.dat
WARNING: Too many words specified in data file ./boom_core_top_boom_core_cycle_io_state_execute_alu_results_uop_branch_br_mask_RAM_AUTO_1R1W.dat
WARNING: Too many words specified in data file ./boom_core_top_boom_core_cycle_io_state_execute_alu_results_uop_inst_RAM_AUTO_1R1W.dat
WARNING: Too many words specified in data file ./boom_core_top_boom_core_cycle_io_state_execute_alu_results_uop_debug_pc_RAM_AUTO_1R1W.dat
WARNING: Too many words specified in data file ./boom_core_top_boom_core_cycle_io_state_execute_alu_results_uop_debug_pc_RAM_AUTO_1R1W.dat
WARNING: Too many words specified in data file ./boom_core_top_boom_core_cycle_io_state_execute_alu_results_valid_RAM_AUTO_1R1W.dat
WARNING: Too many words specified in data file ./boom_core_top_boom_core_cycle_io_state_execute_alu_results_exc_cause_RAM_AUTO_0R0W.dat
WARNING: Too many words specified in data file ./boom_core_top_boom_core_cycle_io_state_execute_alu_results_valid_RAM_AUTO_1R1W.dat
WARNING: Too many words specified in data file ./boom_core_top_boom_core_cycle_io_state_execute_alu_results_uop_debug_pc_RAM_AUTO_1R1W.dat
WARNING: Too many words specified in data file ./boom_core_top_boom_core_cycle_io_state_execute_alu_results_valid_RAM_AUTO_1R1W.dat
WARNING: Too many words specified in data file ./boom_core_top_boom_core_cycle_io_state_execute_alu_results_valid_RAM_AUTO_1R1W.dat
WARNING: Too many words specified in data file ./boom_core_top_boom_core_cycle_io_state_execute_alu_results_valid_RAM_AUTO_1R1W.dat
WARNING: Too many words specified in data file ./boom_core_top_boom_core_cycle_io_state_execute_alu_results_valid_RAM_AUTO_1R1W.dat
WARNING: Too many words specified in data file ./boom_core_top_boom_core_cycle_io_state_execute_alu_results_uop_debug_pc_RAM_AUTO_1R1W.dat
WARNING: Too many words specified in data file ./boom_core_top_boom_core_cycle_io_state_execute_alu_results_uop_debug_pc_RAM_AUTO_1R1W.dat
WARNING: Too many words specified in data file ./boom_core_top_boom_core_cycle_io_state_execute_alu_results_memory_mask_RAM_AUTO_1R1W.dat
WARNING: Too many words specified in data file ./boom_core_top_boom_core_cycle_io_state_execute_alu_results_uop_branch_br_mask_RAM_AUTO_1R1W.dat
WARNING: Too many words specified in data file ./boom_core_top_boom_core_cycle_io_state_execute_alu_results_uop_branch_br_mask_RAM_AUTO_1R1W.dat
WARNING: Too many words specified in data file ./boom_core_top_boom_core_cycle_io_state_execute_alu_results_uop_branch_br_mask_RAM_AUTO_1R1W.dat
WARNING: Too many words specified in data file ./boom_core_top_boom_core_cycle_io_state_execute_alu_results_valid_RAM_AUTO_1R1W.dat
WARNING: Too many words specified in data file ./boom_core_top_boom_core_cycle_io_state_execute_alu_results_uop_branch_br_mask_RAM_AUTO_1R1W.dat
WARNING: Too many words specified in data file ./boom_core_top_boom_core_cycle_io_state_execute_alu_results_uop_inst_RAM_AUTO_1R1W.dat
WARNING: Too many words specified in data file ./boom_core_top_boom_core_cycle_io_state_execute_alu_results_valid_RAM_AUTO_1R1W.dat
WARNING: Too many words specified in data file ./boom_core_top_boom_core_cycle_io_state_execute_alu_results_valid_RAM_AUTO_1R1W.dat
WARNING: Too many words specified in data file ./boom_core_top_boom_core_cycle_io_state_execute_alu_results_uop_debug_pc_RAM_AUTO_1R1W.dat
WARNING: Too many words specified in data file ./boom_core_top_boom_core_cycle_io_state_execute_alu_results_valid_RAM_AUTO_1R1W.dat
WARNING: Too many words specified in data file ./boom_core_top_boom_core_cycle_io_state_decode_dec_uops_fu_code_RAM_AUTO_1R1W.dat
WARNING: Too many words specified in data file ./boom_core_top_boom_core_cycle_io_state_decode_dec_uops_ctrl_br_type_RAM_AUTO_1R1W.dat
WARNING: Too many words specified in data file ./boom_core_top_boom_core_cycle_io_state_decode_dec_uops_ctrl_op1_sel_RAM_AUTO_1R1W.dat
WARNING: Too many words specified in data file ./boom_core_top_boom_core_cycle_io_state_decode_dec_uops_ctrl_op1_sel_RAM_AUTO_1R1W.dat
WARNING: Too many words specified in data file ./boom_core_top_boom_core_cycle_io_state_execute_alu_results_valid_RAM_AUTO_1R1W.dat
WARNING: Too many words specified in data file ./boom_core_top_boom_core_cycle_io_state_execute_alu_results_valid_RAM_AUTO_1R1W.dat
WARNING: Too many words specified in data file ./boom_core_top_boom_core_cycle_io_state_execute_alu_results_valid_RAM_AUTO_1R1W.dat
WARNING: Too many words specified in data file ./boom_core_top_boom_core_cycle_io_state_decode_dec_uops_fu_code_RAM_AUTO_1R1W.dat
WARNING: Too many words specified in data file ./boom_core_top_boom_core_cycle_io_state_execute_alu_results_valid_RAM_AUTO_1R1W.dat
WARNING: Too many words specified in data file ./boom_core_top_boom_core_cycle_io_state_execute_alu_results_valid_RAM_AUTO_1R1W.dat
WARNING: Too many words specified in data file ./boom_core_top_boom_core_cycle_io_state_execute_alu_results_valid_RAM_AUTO_1R1W.dat
WARNING: Too many words specified in data file ./boom_core_top_boom_core_cycle_io_state_execute_alu_results_valid_RAM_AUTO_1R1W.dat
WARNING: Too many words specified in data file ./boom_core_top_boom_core_cycle_io_state_execute_alu_results_valid_RAM_AUTO_1R1W.dat
WARNING: Too many words specified in data file ./boom_core_top_boom_core_cycle_io_state_execute_alu_results_valid_RAM_AUTO_1R1W.dat
WARNING: Too many words specified in data file ./boom_core_top_boom_core_cycle_io_state_execute_alu_results_valid_RAM_AUTO_1R1W.dat
WARNING: Too many words specified in data file ./boom_core_top_boom_core_cycle_io_state_execute_alu_results_valid_RAM_AUTO_1R1W.dat
WARNING: Too many words specified in data file ./boom_core_top_boom_core_cycle_io_state_decode_dec_uops_branch_pc_lob_RAM_AUTO_1R1W.dat
WARNING: Too many words specified in data file ./boom_core_top_boom_core_cycle_io_state_execute_alu_results_valid_RAM_AUTO_1R1W.dat
WARNING: Too many words specified in data file ./boom_core_top_boom_core_cycle_io_state_execute_alu_results_valid_RAM_AUTO_1R1W.dat
WARNING: Too many words specified in data file ./boom_core_top_boom_core_cycle_io_state_execute_alu_results_valid_RAM_AUTO_1R1W.dat
WARNING: Too many words specified in data file ./boom_core_top_boom_core_cycle_io_state_execute_alu_results_valid_RAM_AUTO_1R1W.dat
WARNING: Too many words specified in data file ./boom_core_top_boom_core_cycle_io_state_execute_alu_results_valid_RAM_AUTO_1R1W.dat
WARNING: Too many words specified in data file ./boom_core_top_boom_core_cycle_io_state_execute_alu_results_valid_RAM_AUTO_1R1W.dat
WARNING: Too many words specified in data file ./boom_core_top_boom_core_cycle_io_state_execute_alu_results_uop_inst_RAM_AUTO_1R1W.dat
WARNING: Too many words specified in data file ./boom_core_top_boom_core_cycle_io_state_decode_dec_uops_csr_addr_RAM_AUTO_1R1W.dat
WARNING: Too many words specified in data file ./boom_core_top_boom_core_cycle_io_state_execute_alu_results_valid_RAM_AUTO_1R1W.dat
WARNING: Too many words specified in data file ./boom_core_top_boom_core_cycle_io_state_execute_alu_results_valid_RAM_AUTO_1R1W.dat
WARNING: Too many words specified in data file ./boom_core_top_boom_core_cycle_io_state_execute_alu_results_valid_RAM_AUTO_1R1W.dat
WARNING: Too many words specified in data file ./boom_core_top_boom_core_cycle_io_state_execute_alu_results_valid_RAM_AUTO_1R1W.dat
WARNING: Too many words specified in data file ./boom_core_top_boom_core_cycle_io_state_execute_alu_results_memory_mask_RAM_AUTO_1R1W.dat
WARNING: Too many words specified in data file ./boom_core_top_boom_core_cycle_io_state_execute_alu_results_memory_mask_RAM_AUTO_1R1W.dat
WARNING: Too many words specified in data file ./boom_core_top_boom_core_cycle_io_state_execute_alu_results_memory_mask_RAM_AUTO_1R1W.dat
WARNING: Too many words specified in data file ./boom_core_top_boom_core_cycle_io_state_execute_alu_results_valid_RAM_AUTO_1R1W.dat
WARNING: Too many words specified in data file ./boom_core_top_boom_core_cycle_io_state_decode_dec_uops_rename_pdst_RAM_AUTO_0R0W.dat
WARNING: Too many words specified in data file ./boom_core_top_boom_core_cycle_io_state_decode_dec_uops_rename_pdst_RAM_AUTO_0R0W.dat
WARNING: Too many words specified in data file ./boom_core_top_boom_core_cycle_io_state_decode_dec_uops_rename_pdst_RAM_AUTO_0R0W.dat
WARNING: Too many words specified in data file ./boom_core_top_boom_core_cycle_io_state_execute_alu_results_valid_RAM_AUTO_1R1W.dat
WARNING: Too many words specified in data file ./boom_core_top_boom_core_cycle_io_state_execute_alu_results_valid_RAM_AUTO_1R1W.dat
WARNING: Too many words specified in data file ./boom_core_top_boom_core_cycle_io_state_decode_dec_uops_rename_pdst_RAM_AUTO_0R0W.dat
WARNING: Too many words specified in data file ./boom_core_top_boom_core_cycle_io_state_decode_dec_uops_rename_pdst_RAM_AUTO_0R0W.dat
WARNING: Too many words specified in data file ./boom_core_top_boom_core_cycle_io_state_execute_alu_results_valid_RAM_AUTO_1R1W.dat
WARNING: Too many words specified in data file ./boom_core_top_boom_core_cycle_io_state_execute_alu_results_valid_RAM_AUTO_1R1W.dat
WARNING: Too many words specified in data file ./boom_core_top_boom_core_cycle_io_state_decode_dec_uops_rename_pdst_RAM_AUTO_0R0W.dat
WARNING: Too many words specified in data file ./boom_core_top_boom_core_cycle_io_state_decode_dec_uops_ctrl_op1_sel_RAM_AUTO_1R1W.dat
WARNING: Too many words specified in data file ./boom_core_top_boom_core_cycle_io_state_execute_alu_results_valid_RAM_AUTO_1R1W.dat
WARNING: Too many words specified in data file ./boom_core_top_boom_core_cycle_io_state_execute_alu_results_valid_RAM_AUTO_1R1W.dat
WARNING: Too many words specified in data file ./boom_core_top_boom_core_cycle_io_state_execute_alu_results_valid_RAM_AUTO_1R1W.dat
WARNING: Too many words specified in data file ./boom_core_top_boom_core_cycle_io_state_execute_alu_results_valid_RAM_AUTO_1R1W.dat
WARNING: Too many words specified in data file ./boom_core_top_boom_core_cycle_io_state_execute_alu_results_valid_RAM_AUTO_1R1W.dat
WARNING: Too many words specified in data file ./boom_core_top_boom_core_cycle_io_state_execute_alu_results_valid_RAM_AUTO_1R1W.dat
WARNING: Too many words specified in data file ./boom_core_top_boom_core_cycle_io_state_decode_dec_uops_ctrl_br_type_RAM_AUTO_1R1W.dat
WARNING: Too many words specified in data file ./boom_core_top_boom_core_cycle_io_state_execute_alu_results_valid_RAM_AUTO_1R1W.dat
WARNING: Too many words specified in data file ./boom_core_top_boom_core_cycle_io_state_execute_alu_results_valid_RAM_AUTO_1R1W.dat
WARNING: Too many words specified in data file ./boom_core_top_boom_core_cycle_io_state_decode_dec_uops_ctrl_op1_sel_RAM_AUTO_1R1W.dat
WARNING: Too many words specified in data file ./boom_core_top_boom_core_cycle_io_state_execute_alu_results_valid_RAM_AUTO_1R1W.dat
WARNING: Too many words specified in data file ./boom_core_top_boom_core_cycle_io_state_execute_alu_results_valid_RAM_AUTO_1R1W.dat
WARNING: Too many words specified in data file ./boom_core_top_boom_core_cycle_io_state_execute_alu_results_valid_RAM_AUTO_1R1W.dat
WARNING: Too many words specified in data file ./boom_core_top_boom_core_cycle_io_state_execute_alu_results_valid_RAM_AUTO_1R1W.dat
WARNING: Too many words specified in data file ./boom_core_top_boom_core_cycle_io_state_execute_alu_results_valid_RAM_AUTO_1R1W.dat
WARNING: Too many words specified in data file ./boom_core_top_boom_core_cycle_io_state_execute_alu_results_valid_RAM_AUTO_1R1W.dat
WARNING: Too many words specified in data file ./boom_core_top_boom_core_cycle_io_state_execute_alu_results_valid_RAM_AUTO_1R1W.dat
WARNING: Too many words specified in data file ./boom_core_top_boom_core_cycle_io_state_execute_alu_results_valid_RAM_AUTO_1R1W.dat
WARNING: Too many words specified in data file ./boom_core_top_boom_core_cycle_io_state_execute_alu_results_valid_RAM_AUTO_1R1W.dat
WARNING: Too many words specified in data file ./boom_core_top_boom_core_cycle_io_state_execute_alu_results_valid_RAM_AUTO_1R1W.dat
WARNING: Too many words specified in data file ./boom_core_top_boom_core_cycle_io_state_execute_alu_results_valid_RAM_AUTO_1R1W.dat
WARNING: Too many words specified in data file ./boom_core_top_boom_core_cycle_io_state_execute_alu_results_valid_RAM_AUTO_1R1W.dat
WARNING: Too many words specified in data file ./boom_core_top_boom_core_cycle_io_state_execute_alu_results_valid_RAM_AUTO_1R1W.dat
WARNING: Too many words specified in data file ./boom_core_top_boom_core_cycle_io_state_execute_alu_results_valid_RAM_AUTO_1R1W.dat
WARNING: Too many words specified in data file ./boom_core_top_boom_core_cycle_io_state_execute_alu_results_valid_RAM_AUTO_1R1W.dat
WARNING: Too many words specified in data file ./boom_core_top_boom_core_cycle_io_state_execute_alu_results_valid_RAM_AUTO_1R1W.dat
WARNING: Too many words specified in data file ./boom_core_top_boom_core_cycle_io_state_execute_alu_results_valid_RAM_AUTO_1R1W.dat
WARNING: Too many words specified in data file ./boom_core_top_boom_core_cycle_io_state_execute_alu_results_valid_RAM_AUTO_1R1W.dat
WARNING: Too many words specified in data file ./boom_core_top_boom_core_cycle_io_state_execute_alu_results_valid_RAM_AUTO_1R1W.dat
WARNING: Too many words specified in data file ./boom_core_top_boom_core_cycle_io_state_execute_alu_results_valid_RAM_AUTO_1R1W.dat
WARNING: Too many words specified in data file ./boom_core_top_boom_core_cycle_io_state_execute_alu_results_valid_RAM_AUTO_1R1W.dat
WARNING: Too many words specified in data file ./boom_core_top_boom_core_cycle_io_state_execute_alu_results_valid_RAM_AUTO_1R1W.dat
WARNING: Too many words specified in data file ./boom_core_top_boom_core_cycle_io_state_execute_alu_results_valid_RAM_AUTO_1R1W.dat
WARNING: Too many words specified in data file ./boom_core_top_boom_core_cycle_io_state_execute_alu_results_uop_branch_br_mask_RAM_AUTO_1R1W.dat
WARNING: Too many words specified in data file ./boom_core_top_boom_core_cycle_io_state_execute_alu_results_uop_inst_RAM_AUTO_1R1W.dat
WARNING: Too many words specified in data file ./boom_core_top_boom_core_cycle_io_state_execute_alu_results_valid_RAM_AUTO_1R1W.dat
WARNING: Too many words specified in data file ./boom_core_top_boom_core_cycle_io_state_execute_alu_results_valid_RAM_AUTO_1R1W.dat
WARNING: Too many words specified in data file ./boom_core_top_boom_core_cycle_io_state_execute_alu_results_uop_debug_pc_RAM_AUTO_1R1W.dat
WARNING: Too many words specified in data file ./boom_core_top_boom_core_cycle_io_state_execute_alu_results_valid_RAM_AUTO_1R1W.dat
WARNING: Too many words specified in data file ./boom_core_top_boom_core_cycle_io_state_decode_dec_uops_fu_code_RAM_AUTO_1R1W.dat
WARNING: Too many words specified in data file ./boom_core_top_boom_core_cycle_io_state_decode_dec_uops_ctrl_br_type_RAM_AUTO_1R1W.dat
WARNING: Too many words specified in data file ./boom_core_top_boom_core_cycle_io_state_decode_dec_uops_ctrl_op1_sel_RAM_AUTO_1R1W.dat
WARNING: Too many words specified in data file ./boom_core_top_boom_core_cycle_io_state_decode_dec_uops_ctrl_op1_sel_RAM_AUTO_1R1W.dat
WARNING: Too many words specified in data file ./boom_core_top_boom_core_cycle_io_state_execute_alu_results_valid_RAM_AUTO_1R1W.dat
WARNING: Too many words specified in data file ./boom_core_top_boom_core_cycle_io_state_execute_alu_results_valid_RAM_AUTO_1R1W.dat
WARNING: Too many words specified in data file ./boom_core_top_boom_core_cycle_io_state_execute_alu_results_valid_RAM_AUTO_1R1W.dat
WARNING: Too many words specified in data file ./boom_core_top_boom_core_cycle_io_state_decode_dec_uops_fu_code_RAM_AUTO_1R1W.dat
WARNING: Too many words specified in data file ./boom_core_top_boom_core_cycle_io_state_execute_alu_results_valid_RAM_AUTO_1R1W.dat
WARNING: Too many words specified in data file ./boom_core_top_boom_core_cycle_io_state_execute_alu_results_valid_RAM_AUTO_1R1W.dat
WARNING: Too many words specified in data file ./boom_core_top_boom_core_cycle_io_state_execute_alu_results_valid_RAM_AUTO_1R1W.dat
WARNING: Too many words specified in data file ./boom_core_top_boom_core_cycle_io_state_execute_alu_results_valid_RAM_AUTO_1R1W.dat
WARNING: Too many words specified in data file ./boom_core_top_boom_core_cycle_io_state_execute_alu_results_valid_RAM_AUTO_1R1W.dat
WARNING: Too many words specified in data file ./boom_core_top_boom_core_cycle_io_state_execute_alu_results_valid_RAM_AUTO_1R1W.dat
WARNING: Too many words specified in data file ./boom_core_top_boom_core_cycle_io_state_decode_dec_uops_fu_code_RAM_AUTO_1R1W.dat
WARNING: Too many words specified in data file ./boom_core_top_boom_core_cycle_io_state_execute_alu_results_valid_RAM_AUTO_1R1W.dat
WARNING: Too many words specified in data file ./boom_core_top_boom_core_cycle_io_state_decode_dec_uops_branch_pc_lob_RAM_AUTO_1R1W.dat
WARNING: Too many words specified in data file ./boom_core_top_boom_core_cycle_io_state_execute_alu_results_valid_RAM_AUTO_1R1W.dat
WARNING: Too many words specified in data file ./boom_core_top_boom_core_cycle_io_state_execute_alu_results_valid_RAM_AUTO_1R1W.dat
WARNING: Too many words specified in data file ./boom_core_top_boom_core_cycle_io_state_execute_alu_results_valid_RAM_AUTO_1R1W.dat
WARNING: Too many words specified in data file ./boom_core_top_boom_core_cycle_io_state_execute_alu_results_valid_RAM_AUTO_1R1W.dat
WARNING: Too many words specified in data file ./boom_core_top_boom_core_cycle_io_state_execute_alu_results_valid_RAM_AUTO_1R1W.dat
WARNING: Too many words specified in data file ./boom_core_top_boom_core_cycle_io_state_execute_alu_results_valid_RAM_AUTO_1R1W.dat
WARNING: Too many words specified in data file ./boom_core_top_boom_core_cycle_io_state_execute_alu_results_uop_inst_RAM_AUTO_1R1W.dat
WARNING: Too many words specified in data file ./boom_core_top_boom_core_cycle_io_state_decode_dec_uops_csr_addr_RAM_AUTO_1R1W.dat
WARNING: Too many words specified in data file ./boom_core_top_boom_core_cycle_io_state_execute_alu_results_memory_mask_RAM_AUTO_1R1W.dat
WARNING: Too many words specified in data file ./boom_core_top_boom_core_cycle_io_state_execute_alu_results_valid_RAM_AUTO_1R1W.dat
WARNING: Too many words specified in data file ./boom_core_top_boom_core_cycle_io_state_execute_alu_results_valid_RAM_AUTO_1R1W.dat
WARNING: Too many words specified in data file ./boom_core_top_boom_core_cycle_io_state_execute_alu_results_valid_RAM_AUTO_1R1W.dat
WARNING: Too many words specified in data file ./boom_core_top_boom_core_cycle_io_state_execute_alu_results_memory_mask_RAM_AUTO_1R1W.dat
WARNING: Too many words specified in data file ./boom_core_top_boom_core_cycle_io_state_execute_alu_results_memory_mask_RAM_AUTO_1R1W.dat
WARNING: Too many words specified in data file ./boom_core_top_boom_core_cycle_io_state_execute_alu_results_memory_mask_RAM_AUTO_1R1W.dat
WARNING: Too many words specified in data file ./boom_core_top_boom_core_cycle_io_state_execute_alu_results_valid_RAM_AUTO_1R1W.dat
WARNING: Too many words specified in data file ./boom_core_top_boom_core_cycle_io_state_execute_alu_results_uop_branch_br_mask_RAM_AUTO_1R1W.dat
WARNING: Too many words specified in data file ./boom_core_top_boom_core_cycle_io_state_execute_alu_results_uop_branch_br_mask_RAM_AUTO_1R1W.dat
WARNING: Too many words specified in data file ./boom_core_top_boom_core_cycle_io_state_execute_alu_results_uop_branch_br_mask_RAM_AUTO_1R1W.dat
WARNING: Too many words specified in data file ./boom_core_top_boom_core_cycle_io_state_execute_alu_results_valid_RAM_AUTO_1R1W.dat
WARNING: Too many words specified in data file ./boom_core_top_boom_core_cycle_io_state_execute_alu_results_valid_RAM_AUTO_1R1W.dat
WARNING: Too many words specified in data file ./boom_core_top_boom_core_cycle_io_state_execute_alu_results_valid_RAM_AUTO_1R1W.dat
WARNING: Too many words specified in data file ./boom_core_top_boom_core_cycle_io_state_execute_alu_results_valid_RAM_AUTO_1R1W.dat
WARNING: Too many words specified in data file ./boom_core_top_boom_core_cycle_io_state_execute_alu_results_valid_RAM_AUTO_1R1W.dat
WARNING: Too many words specified in data file ./boom_core_top_boom_core_cycle_io_state_execute_alu_results_valid_RAM_AUTO_1R1W.dat
WARNING: Too many words specified in data file ./boom_core_top_boom_core_cycle_io_state_execute_alu_results_uop_branch_br_mask_RAM_AUTO_1R1W.dat
WARNING: Too many words specified in data file ./boom_core_top_boom_core_cycle_io_state_decode_dec_uops_ctrl_op1_sel_RAM_AUTO_1R1W.dat
WARNING: Too many words specified in data file ./boom_core_top_boom_core_cycle_io_state_execute_alu_results_valid_RAM_AUTO_1R1W.dat
WARNING: Too many words specified in data file ./boom_core_top_boom_core_cycle_io_state_execute_alu_results_valid_RAM_AUTO_1R1W.dat
WARNING: Too many words specified in data file ./boom_core_top_boom_core_cycle_io_state_execute_alu_results_valid_RAM_AUTO_1R1W.dat
WARNING: Too many words specified in data file ./boom_core_top_boom_core_cycle_io_state_execute_alu_results_valid_RAM_AUTO_1R1W.dat
WARNING: Too many words specified in data file ./boom_core_top_boom_core_cycle_io_state_execute_alu_results_valid_RAM_AUTO_1R1W.dat
WARNING: Too many words specified in data file ./boom_core_top_boom_core_cycle_io_state_execute_alu_results_valid_RAM_AUTO_1R1W.dat
WARNING: Too many words specified in data file ./boom_core_top_boom_core_cycle_io_state_decode_dec_uops_ctrl_br_type_RAM_AUTO_1R1W.dat
WARNING: Too many words specified in data file ./boom_core_top_boom_core_cycle_io_state_execute_alu_results_valid_RAM_AUTO_1R1W.dat
WARNING: Too many words specified in data file ./boom_core_top_boom_core_cycle_io_state_execute_alu_results_valid_RAM_AUTO_1R1W.dat
WARNING: Too many words specified in data file ./boom_core_top_boom_core_cycle_io_state_decode_dec_uops_ctrl_op1_sel_RAM_AUTO_1R1W.dat
WARNING: Too many words specified in data file ./boom_core_top_boom_core_cycle_io_state_execute_alu_results_valid_RAM_AUTO_1R1W.dat
WARNING: Too many words specified in data file ./boom_core_top_boom_core_cycle_io_state_execute_alu_results_valid_RAM_AUTO_1R1W.dat
WARNING: Too many words specified in data file ./boom_core_top_boom_core_cycle_io_state_execute_alu_results_valid_RAM_AUTO_1R1W.dat
WARNING: Too many words specified in data file ./boom_core_top_boom_core_cycle_io_state_execute_alu_results_valid_RAM_AUTO_1R1W.dat
WARNING: Too many words specified in data file ./boom_core_top_boom_core_cycle_io_state_execute_alu_results_valid_RAM_AUTO_1R1W.dat
WARNING: Too many words specified in data file ./boom_core_top_boom_core_cycle_io_state_execute_alu_results_valid_RAM_AUTO_1R1W.dat
WARNING: Too many words specified in data file ./boom_core_top_boom_core_cycle_io_state_execute_alu_results_valid_RAM_AUTO_1R1W.dat
WARNING: Too many words specified in data file ./boom_core_top_boom_core_cycle_io_state_execute_alu_results_valid_RAM_AUTO_1R1W.dat
WARNING: Too many words specified in data file ./boom_core_top_boom_core_cycle_io_state_execute_alu_results_valid_RAM_AUTO_1R1W.dat
WARNING: Too many words specified in data file ./boom_core_top_boom_core_cycle_io_state_execute_alu_results_valid_RAM_AUTO_1R1W.dat
WARNING: Too many words specified in data file ./boom_core_top_boom_core_cycle_io_state_execute_alu_results_valid_RAM_AUTO_1R1W.dat
WARNING: Too many words specified in data file ./boom_core_top_boom_core_cycle_io_state_execute_alu_results_valid_RAM_AUTO_1R1W.dat
WARNING: Too many words specified in data file ./boom_core_top_boom_core_cycle_io_state_execute_alu_results_valid_RAM_AUTO_1R1W.dat
WARNING: Too many words specified in data file ./boom_core_top_boom_core_cycle_io_state_execute_alu_results_valid_RAM_AUTO_1R1W.dat
WARNING: Too many words specified in data file ./boom_core_top_boom_core_cycle_io_state_execute_alu_results_valid_RAM_AUTO_1R1W.dat
WARNING: Too many words specified in data file ./boom_core_top_boom_core_cycle_io_state_execute_alu_results_valid_RAM_AUTO_1R1W.dat
WARNING: Too many words specified in data file ./boom_core_top_boom_core_cycle_io_state_execute_alu_results_valid_RAM_AUTO_1R1W.dat
WARNING: Too many words specified in data file ./boom_core_top_boom_core_cycle_io_state_execute_alu_results_valid_RAM_AUTO_1R1W.dat
WARNING: Too many words specified in data file ./boom_core_top_boom_core_cycle_io_state_execute_alu_results_valid_RAM_AUTO_1R1W.dat
WARNING: Too many words specified in data file ./boom_core_top_boom_core_cycle_io_state_execute_alu_results_valid_RAM_AUTO_1R1W.dat
WARNING: Too many words specified in data file ./boom_core_top_boom_core_cycle_io_state_execute_alu_results_valid_RAM_AUTO_1R1W.dat
WARNING: Too many words specified in data file ./boom_core_top_boom_core_cycle_io_state_execute_alu_results_valid_RAM_AUTO_1R1W.dat
GATE3_8_IMEM program=/home/lab_726/boom/hls_boom/build/gate3_8/xsim/branch_taken.readmemh
GATE3_8_START scenario=R6_RESET_BRANCH_RECOVERY code=6 program=branch_taken max_cycles=40000
Error: mid-run reset first fetch was 0000000080000000, expected 0000000000010040
Time: 43785 ns  Iteration: 0  Process: /boom_core_rtl_tb/Always122_9542  Scope: boom_core_rtl_tb  File: /home/lab_726/boom/hls_boom/rtl_tb/boom_core_rtl_tb.sv Line: 135
Fatal: GATE3_8_FAIL scenario=R6_RESET_BRANCH_RECOVERY tohost=0000000000000001 protocol_error=0 first_fetch_error=1
Time: 146795 ns  Iteration: 0  Process: /boom_core_rtl_tb/Initial141_9543  Scope: boom_core_rtl_tb  File: /home/lab_726/boom/hls_boom/rtl_tb/boom_core_rtl_tb.sv Line: 199
$finish called at time : 146795 ns
exit
INFO: [Common 17-206] Exiting xsim at Tue Jul 28 21:42:54 2026...
