

================================================================
== Vitis HLS Report for 'synth_mul_top'
================================================================
* Date:           Wed Aug  5 21:51:51 2026

* Version:        2021.2 (Build 3367213 on Tue Oct 19 02:47:39 MDT 2021)
* Project:        synth_mul_top
* Solution:       solution_gate4_1_m3b (Vivado IP Flow Target)
* Product family: zynquplus
* Target device:  xczu7ev-ffvc1156-2-e


================================================================
== Performance Estimates
================================================================
+ Timing: 
    * Summary: 
    +--------+----------+----------+------------+
    |  Clock |  Target  | Estimated| Uncertainty|
    +--------+----------+----------+------------+
    |ap_clk  |  10.00 ns|  4.717 ns|     2.70 ns|
    +--------+----------+----------+------------+

+ Latency: 
    * Summary: 
    +---------+---------+-----------+-----------+-----+-----+---------+
    |  Latency (cycles) |   Latency (absolute)  |  Interval | Pipeline|
    |   min   |   max   |    min    |    max    | min | max |   Type  |
    +---------+---------+-----------+-----------+-----+-----+---------+
    |        1|        1|  10.000 ns|  10.000 ns|    2|    2|       no|
    +---------+---------+-----------+-----------+-----+-----+---------+

    + Detail: 
        * Instance: 
        N/A

        * Loop: 
        N/A

============================================================
+ Verbose Summary: Synthesis Manager
============================================================
InlineROM: 1
ExposeGlobal: 0
============================================================
+ Verbose Summary: CDFG Model
============================================================
IsTopModel: 1
ResetActiveHigh: 1
IsCombinational: 0
IsDatapathOnly: 0
HasWiredReturn: 1
HasMFsm: 0
HasVarLatency: 1
IsPipeline: 0
IsRtlPipelined: 0
IsInstanceOverlapped: 0
IsDontTouch: 0
HasImplIP: 0
IsGatedGlobalClock: 0


============================================================
+ Verbose Summary: Schedule
============================================================
* Number of FSM states : 2
* Pipeline : 0
* Dataflow Pipeline: 0

* FSM state transitions: 
1 --> 2 
2 --> 

* FSM state operations: 

State 1 <SV = 0> <Delay = 4.53>
ST_1 : Operation 3 [1/1] (0.00ns)   --->   "%rhs_read = read i64 @_ssdm_op_Read.ap_auto.i64, i64 %rhs" [/home/lab_726/boom/hls_boom/src/boom_core_merged.cpp:3401]   --->   Operation 3 'read' 'rhs_read' <Predicate = true> <Delay = 0.00>
ST_1 : Operation 4 [1/1] (0.00ns)   --->   "%lhs_read = read i64 @_ssdm_op_Read.ap_auto.i64, i64 %lhs" [/home/lab_726/boom/hls_boom/src/boom_core_merged.cpp:3401]   --->   Operation 4 'read' 'lhs_read' <Predicate = true> <Delay = 0.00>
ST_1 : Operation 5 [1/1] (0.00ns)   --->   "%operation_read = read i8 @_ssdm_op_Read.ap_auto.i8, i8 %operation" [/home/lab_726/boom/hls_boom/src/boom_core_merged.cpp:3401]   --->   Operation 5 'read' 'operation_read' <Predicate = true> <Delay = 0.00>
ST_1 : Operation 6 [1/1] (0.00ns)   --->   "%zext_ln232 = zext i64 %lhs_read"   --->   Operation 6 'zext' 'zext_ln232' <Predicate = true> <Delay = 0.00>
ST_1 : Operation 7 [1/1] (0.00ns)   --->   "%zext_ln232_1 = zext i64 %rhs_read"   --->   Operation 7 'zext' 'zext_ln232_1' <Predicate = true> <Delay = 0.00>
ST_1 : Operation 8 [1/1] (4.53ns)   --->   "%ret = mul i128 %zext_ln232_1, i128 %zext_ln232"   --->   Operation 8 'mul' 'ret' <Predicate = true> <Delay = 4.53> <CoreInst = "Multiplier">   --->   Core 3 'Multiplier' <Latency = 0> <II = 1> <Delay = 4.53> <FuncUnit> <Opcode : 'mul'> <InPorts = 2> <OutPorts = 1>
ST_1 : Operation 9 [1/1] (0.00ns)   --->   "%high = partselect i64 @_ssdm_op_PartSelect.i64.i128.i32.i32, i128 %ret, i32 64, i32 127"   --->   Operation 9 'partselect' 'high' <Predicate = true> <Delay = 0.00>
ST_1 : Operation 10 [1/1] (0.00ns)   --->   "%tmp = bitselect i1 @_ssdm_op_BitSelect.i1.i64.i32, i64 %lhs_read, i32 63" [/home/lab_726/boom/hls_boom/src/boom_core_merged.cpp:1658]   --->   Operation 10 'bitselect' 'tmp' <Predicate = true> <Delay = 0.00>
ST_1 : Operation 11 [1/1] (0.00ns)   --->   "%lhs_word = trunc i64 %lhs_read"   --->   Operation 11 'trunc' 'lhs_word' <Predicate = true> <Delay = 0.00>
ST_1 : Operation 12 [1/1] (0.00ns)   --->   "%rhs_word = trunc i64 %rhs_read"   --->   Operation 12 'trunc' 'rhs_word' <Predicate = true> <Delay = 0.00>
ST_1 : Operation 13 [1/1] (0.84ns)   --->   "%icmp_ln1652 = icmp_eq  i8 %operation_read, i8 4" [/home/lab_726/boom/hls_boom/src/boom_core_merged.cpp:1652]   --->   Operation 13 'icmp' 'icmp_ln1652' <Predicate = true> <Delay = 0.84> <CoreInst = "Cmp">   --->   Core 9 'Cmp' <Latency = 0> <II = 1> <Delay = 0.84> <FuncUnit> <Opcode : 'icmp'> <InPorts = 2> <OutPorts = 1>
ST_1 : Operation 14 [1/1] (0.84ns)   --->   "%icmp_ln1652_1 = icmp_eq  i8 %operation_read, i8 3" [/home/lab_726/boom/hls_boom/src/boom_core_merged.cpp:1652]   --->   Operation 14 'icmp' 'icmp_ln1652_1' <Predicate = true> <Delay = 0.84> <CoreInst = "Cmp">   --->   Core 9 'Cmp' <Latency = 0> <II = 1> <Delay = 0.84> <FuncUnit> <Opcode : 'icmp'> <InPorts = 2> <OutPorts = 1>
ST_1 : Operation 15 [1/1] (0.84ns)   --->   "%icmp_ln1652_2 = icmp_eq  i8 %operation_read, i8 2" [/home/lab_726/boom/hls_boom/src/boom_core_merged.cpp:1652]   --->   Operation 15 'icmp' 'icmp_ln1652_2' <Predicate = true> <Delay = 0.84> <CoreInst = "Cmp">   --->   Core 9 'Cmp' <Latency = 0> <II = 1> <Delay = 0.84> <FuncUnit> <Opcode : 'icmp'> <InPorts = 2> <OutPorts = 1>
ST_1 : Operation 16 [1/1] (0.84ns)   --->   "%icmp_ln1652_3 = icmp_eq  i8 %operation_read, i8 1" [/home/lab_726/boom/hls_boom/src/boom_core_merged.cpp:1652]   --->   Operation 16 'icmp' 'icmp_ln1652_3' <Predicate = true> <Delay = 0.84> <CoreInst = "Cmp">   --->   Core 9 'Cmp' <Latency = 0> <II = 1> <Delay = 0.84> <FuncUnit> <Opcode : 'icmp'> <InPorts = 2> <OutPorts = 1>
ST_1 : Operation 17 [1/1] (0.84ns)   --->   "%icmp_ln1652_4 = icmp_eq  i8 %operation_read, i8 0" [/home/lab_726/boom/hls_boom/src/boom_core_merged.cpp:1652]   --->   Operation 17 'icmp' 'icmp_ln1652_4' <Predicate = true> <Delay = 0.84> <CoreInst = "Cmp">   --->   Core 9 'Cmp' <Latency = 0> <II = 1> <Delay = 0.84> <FuncUnit> <Opcode : 'icmp'> <InPorts = 2> <OutPorts = 1>
ST_1 : Operation 18 [1/1] (0.00ns) (grouped into LUT with out node response_valid)   --->   "%or_ln1652 = or i1 %icmp_ln1652_1, i1 %icmp_ln1652" [/home/lab_726/boom/hls_boom/src/boom_core_merged.cpp:1652]   --->   Operation 18 'or' 'or_ln1652' <Predicate = true> <Delay = 0.00> <CoreInst = "LogicGate">   --->   Core 74 'LogicGate' <Latency = 0> <II = 1> <Delay = 0.28> <FuncUnit> <Opcode : 'and' 'or' 'xor'> <InPorts = 2> <OutPorts = 1>
ST_1 : Operation 19 [1/1] (0.00ns) (grouped into LUT with out node response_valid)   --->   "%or_ln1652_1 = or i1 %icmp_ln1652_3, i1 %icmp_ln1652_4" [/home/lab_726/boom/hls_boom/src/boom_core_merged.cpp:1652]   --->   Operation 19 'or' 'or_ln1652_1' <Predicate = true> <Delay = 0.00> <CoreInst = "LogicGate">   --->   Core 74 'LogicGate' <Latency = 0> <II = 1> <Delay = 0.28> <FuncUnit> <Opcode : 'and' 'or' 'xor'> <InPorts = 2> <OutPorts = 1>
ST_1 : Operation 20 [1/1] (0.00ns) (grouped into LUT with out node response_valid)   --->   "%or_ln1652_2 = or i1 %or_ln1652_1, i1 %icmp_ln1652_2" [/home/lab_726/boom/hls_boom/src/boom_core_merged.cpp:1652]   --->   Operation 20 'or' 'or_ln1652_2' <Predicate = true> <Delay = 0.00> <CoreInst = "LogicGate">   --->   Core 74 'LogicGate' <Latency = 0> <II = 1> <Delay = 0.28> <FuncUnit> <Opcode : 'and' 'or' 'xor'> <InPorts = 2> <OutPorts = 1>
ST_1 : Operation 21 [1/1] (0.28ns) (out node of the LUT)   --->   "%response_valid = or i1 %or_ln1652_2, i1 %or_ln1652" [/home/lab_726/boom/hls_boom/src/boom_core_merged.cpp:1652]   --->   Operation 21 'or' 'response_valid' <Predicate = true> <Delay = 0.28> <CoreInst = "LogicGate">   --->   Core 74 'LogicGate' <Latency = 0> <II = 1> <Delay = 0.28> <FuncUnit> <Opcode : 'and' 'or' 'xor'> <InPorts = 2> <OutPorts = 1>
ST_1 : Operation 22 [1/1] (0.00ns)   --->   "%write_ln3410 = write void @_ssdm_op_Write.ap_auto.i1P0A, i1 %valid, i1 %response_valid" [/home/lab_726/boom/hls_boom/src/boom_core_merged.cpp:3410]   --->   Operation 22 'write' 'write_ln3410' <Predicate = true> <Delay = 0.00>

State 2 <SV = 1> <Delay = 4.71>
ST_2 : Operation 23 [1/1] (0.00ns)   --->   "%spectopmodule_ln0 = spectopmodule void @_ssdm_op_SpecTopModule, void @empty_2"   --->   Operation 23 'spectopmodule' 'spectopmodule_ln0' <Predicate = true> <Delay = 0.00>
ST_2 : Operation 24 [1/1] (0.00ns)   --->   "%specbitsmap_ln0 = specbitsmap void @_ssdm_op_SpecBitsMap, i8 %operation"   --->   Operation 24 'specbitsmap' 'specbitsmap_ln0' <Predicate = true> <Delay = 0.00>
ST_2 : Operation 25 [1/1] (0.00ns)   --->   "%specinterface_ln0 = specinterface void @_ssdm_op_SpecInterface, i8 %operation, void @empty, i32 0, i32 0, void @empty_0, i32 0, i32 0, void @empty_0, void @empty_0, void @empty_0, i32 0, i32 0, i32 0, i32 0, void @empty_0, void @empty_0"   --->   Operation 25 'specinterface' 'specinterface_ln0' <Predicate = true> <Delay = 0.00>
ST_2 : Operation 26 [1/1] (0.00ns)   --->   "%specbitsmap_ln0 = specbitsmap void @_ssdm_op_SpecBitsMap, i64 %lhs"   --->   Operation 26 'specbitsmap' 'specbitsmap_ln0' <Predicate = true> <Delay = 0.00>
ST_2 : Operation 27 [1/1] (0.00ns)   --->   "%specinterface_ln0 = specinterface void @_ssdm_op_SpecInterface, i64 %lhs, void @empty, i32 0, i32 0, void @empty_0, i32 0, i32 0, void @empty_0, void @empty_0, void @empty_0, i32 0, i32 0, i32 0, i32 0, void @empty_0, void @empty_0"   --->   Operation 27 'specinterface' 'specinterface_ln0' <Predicate = true> <Delay = 0.00>
ST_2 : Operation 28 [1/1] (0.00ns)   --->   "%specbitsmap_ln0 = specbitsmap void @_ssdm_op_SpecBitsMap, i64 %rhs"   --->   Operation 28 'specbitsmap' 'specbitsmap_ln0' <Predicate = true> <Delay = 0.00>
ST_2 : Operation 29 [1/1] (0.00ns)   --->   "%specinterface_ln0 = specinterface void @_ssdm_op_SpecInterface, i64 %rhs, void @empty, i32 0, i32 0, void @empty_0, i32 0, i32 0, void @empty_0, void @empty_0, void @empty_0, i32 0, i32 0, i32 0, i32 0, void @empty_0, void @empty_0"   --->   Operation 29 'specinterface' 'specinterface_ln0' <Predicate = true> <Delay = 0.00>
ST_2 : Operation 30 [1/1] (0.00ns)   --->   "%specbitsmap_ln0 = specbitsmap void @_ssdm_op_SpecBitsMap, i64 %result"   --->   Operation 30 'specbitsmap' 'specbitsmap_ln0' <Predicate = true> <Delay = 0.00>
ST_2 : Operation 31 [1/1] (0.00ns)   --->   "%specinterface_ln0 = specinterface void @_ssdm_op_SpecInterface, i64 %result, void @empty, i32 0, i32 0, void @empty_0, i32 0, i32 0, void @empty_0, void @empty_0, void @empty_0, i32 0, i32 0, i32 0, i32 0, void @empty_0, void @empty_0"   --->   Operation 31 'specinterface' 'specinterface_ln0' <Predicate = true> <Delay = 0.00>
ST_2 : Operation 32 [1/1] (0.00ns)   --->   "%specbitsmap_ln0 = specbitsmap void @_ssdm_op_SpecBitsMap, i1 %valid"   --->   Operation 32 'specbitsmap' 'specbitsmap_ln0' <Predicate = true> <Delay = 0.00>
ST_2 : Operation 33 [1/1] (0.00ns)   --->   "%specinterface_ln0 = specinterface void @_ssdm_op_SpecInterface, i1 %valid, void @empty, i32 0, i32 0, void @empty_0, i32 0, i32 0, void @empty_0, void @empty_0, void @empty_0, i32 0, i32 0, i32 0, i32 0, void @empty_0, void @empty_0"   --->   Operation 33 'specinterface' 'specinterface_ln0' <Predicate = true> <Delay = 0.00>
ST_2 : Operation 34 [1/1] (0.00ns)   --->   "%specresourcelimit_ln1640 = specresourcelimit void @_ssdm_op_SpecResourceLimit, i64 1, void @empty_1, void @empty_0, void @empty_0, void @empty_0" [/home/lab_726/boom/hls_boom/src/boom_core_merged.cpp:1640]   --->   Operation 34 'specresourcelimit' 'specresourcelimit_ln1640' <Predicate = true> <Delay = 0.00>
ST_2 : Operation 35 [1/1] (0.00ns) (grouped into LUT with out node response_result_9)   --->   "%response_result = trunc i128 %ret"   --->   Operation 35 'trunc' 'response_result' <Predicate = (icmp_ln1652_4)> <Delay = 0.00>
ST_2 : Operation 36 [1/1] (1.08ns)   --->   "%high_1 = sub i64 %high, i64 %rhs_read" [/home/lab_726/boom/hls_boom/src/boom_core_merged.cpp:1658]   --->   Operation 36 'sub' 'high_1' <Predicate = (tmp & !icmp_ln1652_4)> <Delay = 1.08> <CoreInst = "Adder">   --->   Core 1 'Adder' <Latency = 0> <II = 1> <Delay = 1.08> <FuncUnit> <Opcode : 'add' 'sub'> <InPorts = 2> <OutPorts = 1>
ST_2 : Operation 37 [1/1] (0.42ns)   --->   "%high_5 = select i1 %tmp, i64 %high_1, i64 %high" [/home/lab_726/boom/hls_boom/src/boom_core_merged.cpp:1658]   --->   Operation 37 'select' 'high_5' <Predicate = (!icmp_ln1652_4)> <Delay = 0.42> <CoreInst = "Sel">   --->   Core 73 'Sel' <Latency = 0> <II = 1> <Delay = 0.42> <FuncUnit> <Opcode : 'select'> <InPorts = 3> <OutPorts = 1>
ST_2 : Operation 38 [1/1] (0.00ns) (grouped into LUT with out node response_result_8)   --->   "%tmp_1 = bitselect i1 @_ssdm_op_BitSelect.i1.i64.i32, i64 %rhs_read, i32 63" [/home/lab_726/boom/hls_boom/src/boom_core_merged.cpp:1659]   --->   Operation 38 'bitselect' 'tmp_1' <Predicate = (icmp_ln1652_3 & !icmp_ln1652_4)> <Delay = 0.00>
ST_2 : Operation 39 [1/1] (1.08ns)   --->   "%high_3 = sub i64 %high_5, i64 %lhs_read" [/home/lab_726/boom/hls_boom/src/boom_core_merged.cpp:1659]   --->   Operation 39 'sub' 'high_3' <Predicate = (icmp_ln1652_3 & !icmp_ln1652_4)> <Delay = 1.08> <CoreInst = "Adder">   --->   Core 1 'Adder' <Latency = 0> <II = 1> <Delay = 1.08> <FuncUnit> <Opcode : 'add' 'sub'> <InPorts = 2> <OutPorts = 1>
ST_2 : Operation 40 [1/1] (0.00ns) (grouped into LUT with out node response_result_8)   --->   "%high_6 = select i1 %tmp_1, i64 %high_3, i64 %high_5" [/home/lab_726/boom/hls_boom/src/boom_core_merged.cpp:1659]   --->   Operation 40 'select' 'high_6' <Predicate = (icmp_ln1652_3 & !icmp_ln1652_4)> <Delay = 0.00> <CoreInst = "Sel">   --->   Core 73 'Sel' <Latency = 0> <II = 1> <Delay = 0.42> <FuncUnit> <Opcode : 'select'> <InPorts = 3> <OutPorts = 1>
ST_2 : Operation 41 [1/1] (3.42ns)   --->   "%ret_1 = mul i32 %rhs_word, i32 %lhs_word"   --->   Operation 41 'mul' 'ret_1' <Predicate = (icmp_ln1652 & !icmp_ln1652_1 & !icmp_ln1652_2 & !icmp_ln1652_3 & !icmp_ln1652_4)> <Delay = 3.42> <CoreInst = "Multiplier">   --->   Core 3 'Multiplier' <Latency = 0> <II = 1> <Delay = 4.53> <FuncUnit> <Opcode : 'mul'> <InPorts = 2> <OutPorts = 1>
ST_2 : Operation 42 [1/1] (0.00ns) (grouped into LUT with out node response_result_7)   --->   "%response_result_5 = select i1 %icmp_ln1652, i32 %ret_1, i32 0" [/home/lab_726/boom/hls_boom/src/boom_core_merged.cpp:1652]   --->   Operation 42 'select' 'response_result_5' <Predicate = (!icmp_ln1652_1 & !icmp_ln1652_2 & !icmp_ln1652_3 & !icmp_ln1652_4)> <Delay = 0.00> <CoreInst = "Sel">   --->   Core 73 'Sel' <Latency = 0> <II = 1> <Delay = 0.42> <FuncUnit> <Opcode : 'select'> <InPorts = 3> <OutPorts = 1>
ST_2 : Operation 43 [1/1] (0.00ns) (grouped into LUT with out node response_result_7)   --->   "%sext_ln3408 = sext i32 %response_result_5" [/home/lab_726/boom/hls_boom/src/boom_core_merged.cpp:3408]   --->   Operation 43 'sext' 'sext_ln3408' <Predicate = (!icmp_ln1652_1 & !icmp_ln1652_2 & !icmp_ln1652_3 & !icmp_ln1652_4)> <Delay = 0.00>
ST_2 : Operation 44 [1/1] (0.00ns) (grouped into LUT with out node response_result_7)   --->   "%response_result_6 = select i1 %icmp_ln1652_1, i64 %high, i64 %sext_ln3408" [/home/lab_726/boom/hls_boom/src/boom_core_merged.cpp:1652]   --->   Operation 44 'select' 'response_result_6' <Predicate = (!icmp_ln1652_2 & !icmp_ln1652_3 & !icmp_ln1652_4)> <Delay = 0.00> <CoreInst = "Sel">   --->   Core 73 'Sel' <Latency = 0> <II = 1> <Delay = 0.42> <FuncUnit> <Opcode : 'select'> <InPorts = 3> <OutPorts = 1>
ST_2 : Operation 45 [1/1] (0.44ns) (out node of the LUT)   --->   "%response_result_7 = select i1 %icmp_ln1652_2, i64 %high_5, i64 %response_result_6" [/home/lab_726/boom/hls_boom/src/boom_core_merged.cpp:1652]   --->   Operation 45 'select' 'response_result_7' <Predicate = (!icmp_ln1652_3 & !icmp_ln1652_4)> <Delay = 0.44> <CoreInst = "Sel">   --->   Core 73 'Sel' <Latency = 0> <II = 1> <Delay = 0.42> <FuncUnit> <Opcode : 'select'> <InPorts = 3> <OutPorts = 1>
ST_2 : Operation 46 [1/1] (0.42ns) (out node of the LUT)   --->   "%response_result_8 = select i1 %icmp_ln1652_3, i64 %high_6, i64 %response_result_7" [/home/lab_726/boom/hls_boom/src/boom_core_merged.cpp:1652]   --->   Operation 46 'select' 'response_result_8' <Predicate = (!icmp_ln1652_4)> <Delay = 0.42> <CoreInst = "Sel">   --->   Core 73 'Sel' <Latency = 0> <II = 1> <Delay = 0.42> <FuncUnit> <Opcode : 'select'> <InPorts = 3> <OutPorts = 1>
ST_2 : Operation 47 [1/1] (0.42ns) (out node of the LUT)   --->   "%response_result_9 = select i1 %icmp_ln1652_4, i64 %response_result, i64 %response_result_8" [/home/lab_726/boom/hls_boom/src/boom_core_merged.cpp:1652]   --->   Operation 47 'select' 'response_result_9' <Predicate = true> <Delay = 0.42> <CoreInst = "Sel">   --->   Core 73 'Sel' <Latency = 0> <II = 1> <Delay = 0.42> <FuncUnit> <Opcode : 'select'> <InPorts = 3> <OutPorts = 1>
ST_2 : Operation 48 [1/1] (0.00ns)   --->   "%write_ln3409 = write void @_ssdm_op_Write.ap_auto.i64P0A, i64 %result, i64 %response_result_9" [/home/lab_726/boom/hls_boom/src/boom_core_merged.cpp:3409]   --->   Operation 48 'write' 'write_ln3409' <Predicate = true> <Delay = 0.00>
ST_2 : Operation 49 [1/1] (0.00ns)   --->   "%ret_ln3411 = ret" [/home/lab_726/boom/hls_boom/src/boom_core_merged.cpp:3411]   --->   Operation 49 'ret' 'ret_ln3411' <Predicate = true> <Delay = 0.00>


============================================================
+ Verbose Summary: Binding
============================================================
STG Binding: 
---------------- STG Properties BEGIN ----------------
- Is combinational: 0
- Is one-state seq: 0
- Is datapath-only: 0
- Is pipelined: 0
- Is top level: 1
Port [ Return ] is wired: 1; IO mode=ap_ctrl_hs:ce=0
Port [ operation]:  wired=1; compound=0; hidden=0; nouse=0; global=0; static=0; extern=0; dir=0; type=0; pingpong=0; private_global=0; IO mode=ap_none:ce=0
Port [ lhs]:  wired=1; compound=0; hidden=0; nouse=0; global=0; static=0; extern=0; dir=0; type=0; pingpong=0; private_global=0; IO mode=ap_none:ce=0
Port [ rhs]:  wired=1; compound=0; hidden=0; nouse=0; global=0; static=0; extern=0; dir=0; type=0; pingpong=0; private_global=0; IO mode=ap_none:ce=0
Port [ result]:  wired=1; compound=0; hidden=0; nouse=0; global=0; static=0; extern=0; dir=1; type=0; pingpong=0; private_global=0; IO mode=ap_vld:ce=0
Port [ valid]:  wired=1; compound=0; hidden=0; nouse=0; global=0; static=0; extern=0; dir=1; type=0; pingpong=0; private_global=0; IO mode=ap_vld:ce=0
---------------- STG Properties END ------------------

---------------- Datapath Model BEGIN ----------------

<LifeTime>
<method=bitvector/>
rhs_read                 (read             ) [ 001]
lhs_read                 (read             ) [ 001]
operation_read           (read             ) [ 000]
zext_ln232               (zext             ) [ 000]
zext_ln232_1             (zext             ) [ 000]
ret                      (mul              ) [ 001]
high                     (partselect       ) [ 001]
tmp                      (bitselect        ) [ 001]
lhs_word                 (trunc            ) [ 001]
rhs_word                 (trunc            ) [ 001]
icmp_ln1652              (icmp             ) [ 001]
icmp_ln1652_1            (icmp             ) [ 001]
icmp_ln1652_2            (icmp             ) [ 001]
icmp_ln1652_3            (icmp             ) [ 001]
icmp_ln1652_4            (icmp             ) [ 001]
or_ln1652                (or               ) [ 000]
or_ln1652_1              (or               ) [ 000]
or_ln1652_2              (or               ) [ 000]
response_valid           (or               ) [ 000]
write_ln3410             (write            ) [ 000]
spectopmodule_ln0        (spectopmodule    ) [ 000]
specbitsmap_ln0          (specbitsmap      ) [ 000]
specinterface_ln0        (specinterface    ) [ 000]
specbitsmap_ln0          (specbitsmap      ) [ 000]
specinterface_ln0        (specinterface    ) [ 000]
specbitsmap_ln0          (specbitsmap      ) [ 000]
specinterface_ln0        (specinterface    ) [ 000]
specbitsmap_ln0          (specbitsmap      ) [ 000]
specinterface_ln0        (specinterface    ) [ 000]
specbitsmap_ln0          (specbitsmap      ) [ 000]
specinterface_ln0        (specinterface    ) [ 000]
specresourcelimit_ln1640 (specresourcelimit) [ 000]
response_result          (trunc            ) [ 000]
high_1                   (sub              ) [ 000]
high_5                   (select           ) [ 000]
tmp_1                    (bitselect        ) [ 000]
high_3                   (sub              ) [ 000]
high_6                   (select           ) [ 000]
ret_1                    (mul              ) [ 000]
response_result_5        (select           ) [ 000]
sext_ln3408              (sext             ) [ 000]
response_result_6        (select           ) [ 000]
response_result_7        (select           ) [ 000]
response_result_8        (select           ) [ 000]
response_result_9        (select           ) [ 000]
write_ln3409             (write            ) [ 000]
ret_ln3411               (ret              ) [ 000]
</LifeTime>

<model>

<comp_list>
<comp id="0" class="1000" name="operation">
<pin_list>
<pin id="1" dir="1" index="0" bw="1" slack="0"/>
</pin_list>
<bind>
<StgValue><ssdm name="operation"/></StgValue>
</bind>
</comp>

<comp id="2" class="1000" name="lhs">
<pin_list>
<pin id="3" dir="1" index="0" bw="1" slack="0"/>
</pin_list>
<bind>
<StgValue><ssdm name="lhs"/></StgValue>
</bind>
</comp>

<comp id="4" class="1000" name="rhs">
<pin_list>
<pin id="5" dir="1" index="0" bw="1" slack="0"/>
</pin_list>
<bind>
<StgValue><ssdm name="rhs"/></StgValue>
</bind>
</comp>

<comp id="6" class="1000" name="result">
<pin_list>
<pin id="7" dir="1" index="0" bw="1" slack="0"/>
</pin_list>
<bind>
<StgValue><ssdm name="result"/></StgValue>
</bind>
</comp>

<comp id="8" class="1000" name="valid">
<pin_list>
<pin id="9" dir="1" index="0" bw="1" slack="0"/>
</pin_list>
<bind>
<StgValue><ssdm name="valid"/></StgValue>
</bind>
</comp>

<comp id="10" class="1001" name="const_10">
<pin_list>
<pin id="11" dir="1" index="0" bw="1" slack="0"/>
</pin_list>
<bind>
<StgValue><ssdm name="_ssdm_op_Read.ap_auto.i64"/></StgValue>
</bind>
</comp>

<comp id="12" class="1001" name="const_12">
<pin_list>
<pin id="13" dir="1" index="0" bw="1" slack="0"/>
</pin_list>
<bind>
<StgValue><ssdm name="_ssdm_op_Read.ap_auto.i8"/></StgValue>
</bind>
</comp>

<comp id="14" class="1001" name="const_14">
<pin_list>
<pin id="15" dir="1" index="0" bw="1" slack="0"/>
</pin_list>
<bind>
<StgValue><ssdm name="_ssdm_op_PartSelect.i64.i128.i32.i32"/></StgValue>
</bind>
</comp>

<comp id="16" class="1001" name="const_16">
<pin_list>
<pin id="17" dir="1" index="0" bw="1" slack="0"/>
</pin_list>
<bind>
<StgValue><ssdm name=""/></StgValue>
</bind>
</comp>

<comp id="18" class="1001" name="const_18">
<pin_list>
<pin id="19" dir="1" index="0" bw="1" slack="0"/>
</pin_list>
<bind>
<StgValue><ssdm name=""/></StgValue>
</bind>
</comp>

<comp id="20" class="1001" name="const_20">
<pin_list>
<pin id="21" dir="1" index="0" bw="1" slack="0"/>
</pin_list>
<bind>
<StgValue><ssdm name="_ssdm_op_BitSelect.i1.i64.i32"/></StgValue>
</bind>
</comp>

<comp id="22" class="1001" name="const_22">
<pin_list>
<pin id="23" dir="1" index="0" bw="1" slack="0"/>
</pin_list>
<bind>
<StgValue><ssdm name=""/></StgValue>
</bind>
</comp>

<comp id="24" class="1001" name="const_24">
<pin_list>
<pin id="25" dir="1" index="0" bw="1" slack="0"/>
</pin_list>
<bind>
<StgValue><ssdm name=""/></StgValue>
</bind>
</comp>

<comp id="26" class="1001" name="const_26">
<pin_list>
<pin id="27" dir="1" index="0" bw="1" slack="0"/>
</pin_list>
<bind>
<StgValue><ssdm name=""/></StgValue>
</bind>
</comp>

<comp id="28" class="1001" name="const_28">
<pin_list>
<pin id="29" dir="1" index="0" bw="1" slack="0"/>
</pin_list>
<bind>
<StgValue><ssdm name=""/></StgValue>
</bind>
</comp>

<comp id="30" class="1001" name="const_30">
<pin_list>
<pin id="31" dir="1" index="0" bw="1" slack="0"/>
</pin_list>
<bind>
<StgValue><ssdm name=""/></StgValue>
</bind>
</comp>

<comp id="32" class="1001" name="const_32">
<pin_list>
<pin id="33" dir="1" index="0" bw="1" slack="0"/>
</pin_list>
<bind>
<StgValue><ssdm name=""/></StgValue>
</bind>
</comp>

<comp id="34" class="1001" name="const_34">
<pin_list>
<pin id="35" dir="1" index="0" bw="1" slack="0"/>
</pin_list>
<bind>
<StgValue><ssdm name="_ssdm_op_Write.ap_auto.i1P0A"/></StgValue>
</bind>
</comp>

<comp id="36" class="1001" name="const_36">
<pin_list>
<pin id="37" dir="1" index="0" bw="1" slack="2147483647"/>
</pin_list>
<bind>
<StgValue><ssdm name="_ssdm_op_SpecTopModule"/></StgValue>
</bind>
</comp>

<comp id="38" class="1001" name="const_38">
<pin_list>
<pin id="39" dir="1" index="0" bw="1" slack="2147483647"/>
</pin_list>
<bind>
<StgValue><ssdm name="empty_2"/></StgValue>
</bind>
</comp>

<comp id="40" class="1001" name="const_40">
<pin_list>
<pin id="41" dir="1" index="0" bw="1" slack="2147483647"/>
</pin_list>
<bind>
<StgValue><ssdm name="_ssdm_op_SpecBitsMap"/></StgValue>
</bind>
</comp>

<comp id="42" class="1001" name="const_42">
<pin_list>
<pin id="43" dir="1" index="0" bw="1" slack="2147483647"/>
</pin_list>
<bind>
<StgValue><ssdm name="_ssdm_op_SpecInterface"/></StgValue>
</bind>
</comp>

<comp id="44" class="1001" name="const_44">
<pin_list>
<pin id="45" dir="1" index="0" bw="1" slack="2147483647"/>
</pin_list>
<bind>
<StgValue><ssdm name="empty"/></StgValue>
</bind>
</comp>

<comp id="46" class="1001" name="const_46">
<pin_list>
<pin id="47" dir="1" index="0" bw="1" slack="0"/>
</pin_list>
<bind>
<StgValue><ssdm name=""/></StgValue>
</bind>
</comp>

<comp id="48" class="1001" name="const_48">
<pin_list>
<pin id="49" dir="1" index="0" bw="1" slack="2147483647"/>
</pin_list>
<bind>
<StgValue><ssdm name="empty_0"/></StgValue>
</bind>
</comp>

<comp id="50" class="1001" name="const_50">
<pin_list>
<pin id="51" dir="1" index="0" bw="1" slack="2147483647"/>
</pin_list>
<bind>
<StgValue><ssdm name="_ssdm_op_SpecResourceLimit"/></StgValue>
</bind>
</comp>

<comp id="52" class="1001" name="const_52">
<pin_list>
<pin id="53" dir="1" index="0" bw="1" slack="2147483647"/>
</pin_list>
<bind>
<StgValue><ssdm name=""/></StgValue>
</bind>
</comp>

<comp id="54" class="1001" name="const_54">
<pin_list>
<pin id="55" dir="1" index="0" bw="1" slack="2147483647"/>
</pin_list>
<bind>
<StgValue><ssdm name="empty_1"/></StgValue>
</bind>
</comp>

<comp id="56" class="1001" name="const_56">
<pin_list>
<pin id="57" dir="1" index="0" bw="1" slack="0"/>
</pin_list>
<bind>
<StgValue><ssdm name="_ssdm_op_Write.ap_auto.i64P0A"/></StgValue>
</bind>
</comp>

<comp id="58" class="1004" name="rhs_read_read_fu_58">
<pin_list>
<pin id="59" dir="0" index="0" bw="64" slack="0"/>
<pin id="60" dir="0" index="1" bw="64" slack="0"/>
<pin id="61" dir="1" index="2" bw="64" slack="0"/>
</pin_list>
<bind>
<opcode="read(1150) " fcode="read"/>
<opset="rhs_read/1 "/>
</bind>
</comp>

<comp id="64" class="1004" name="lhs_read_read_fu_64">
<pin_list>
<pin id="65" dir="0" index="0" bw="64" slack="0"/>
<pin id="66" dir="0" index="1" bw="64" slack="0"/>
<pin id="67" dir="1" index="2" bw="64" slack="0"/>
</pin_list>
<bind>
<opcode="read(1150) " fcode="read"/>
<opset="lhs_read/1 "/>
</bind>
</comp>

<comp id="70" class="1004" name="operation_read_read_fu_70">
<pin_list>
<pin id="71" dir="0" index="0" bw="8" slack="0"/>
<pin id="72" dir="0" index="1" bw="8" slack="0"/>
<pin id="73" dir="1" index="2" bw="8" slack="0"/>
</pin_list>
<bind>
<opcode="read(1150) " fcode="read"/>
<opset="operation_read/1 "/>
</bind>
</comp>

<comp id="76" class="1004" name="write_ln3410_write_fu_76">
<pin_list>
<pin id="77" dir="0" index="0" bw="0" slack="0"/>
<pin id="78" dir="0" index="1" bw="1" slack="0"/>
<pin id="79" dir="0" index="2" bw="1" slack="0"/>
<pin id="80" dir="1" index="3" bw="0" slack="2147483647"/>
</pin_list>
<bind>
<opcode="write(1151) " fcode="write"/>
<opset="write_ln3410/1 "/>
</bind>
</comp>

<comp id="83" class="1004" name="write_ln3409_write_fu_83">
<pin_list>
<pin id="84" dir="0" index="0" bw="0" slack="0"/>
<pin id="85" dir="0" index="1" bw="64" slack="0"/>
<pin id="86" dir="0" index="2" bw="64" slack="0"/>
<pin id="87" dir="1" index="3" bw="0" slack="2147483647"/>
</pin_list>
<bind>
<opcode="write(1151) " fcode="write"/>
<opset="write_ln3409/2 "/>
</bind>
</comp>

<comp id="90" class="1004" name="grp_fu_90">
<pin_list>
<pin id="94" dir="0" index="0" bw="64" slack="0"/>
<pin id="95" dir="0" index="1" bw="64" slack="0"/>
<pin id="96" dir="1" index="2" bw="128" slack="0"/>
</pin_list>
<bind>
<opcode="mul(12) " fcode="mul"/>
<opset="ret/1 ret_1/2 "/>
</bind>
</comp>

<comp id="97" class="1005" name="ret_reg_97">
<pin_list>
<pin id="98" dir="0" index="0" bw="128" slack="1"/>
<pin id="99" dir="1" index="1" bw="128" slack="1"/>
</pin_list>
<bind>
<opset="ret "/>
</bind>
</comp>

<comp id="105" class="1004" name="zext_ln232_fu_105">
<pin_list>
<pin id="106" dir="0" index="0" bw="64" slack="0"/>
<pin id="107" dir="1" index="1" bw="128" slack="0"/>
</pin_list>
<bind>
<opcode="zext(34) " fcode="zext"/>
<opset="zext_ln232/1 "/>
</bind>
</comp>

<comp id="110" class="1004" name="zext_ln232_1_fu_110">
<pin_list>
<pin id="111" dir="0" index="0" bw="64" slack="0"/>
<pin id="112" dir="1" index="1" bw="128" slack="0"/>
</pin_list>
<bind>
<opcode="zext(34) " fcode="zext"/>
<opset="zext_ln232_1/1 "/>
</bind>
</comp>

<comp id="115" class="1004" name="high_fu_115">
<pin_list>
<pin id="116" dir="0" index="0" bw="64" slack="0"/>
<pin id="117" dir="0" index="1" bw="128" slack="0"/>
<pin id="118" dir="0" index="2" bw="8" slack="0"/>
<pin id="119" dir="0" index="3" bw="8" slack="0"/>
<pin id="120" dir="1" index="4" bw="64" slack="1"/>
</pin_list>
<bind>
<opcode="partselect(1002) " fcode="partselect"/>
<opset="high/1 "/>
</bind>
</comp>

<comp id="125" class="1004" name="tmp_fu_125">
<pin_list>
<pin id="126" dir="0" index="0" bw="1" slack="0"/>
<pin id="127" dir="0" index="1" bw="64" slack="0"/>
<pin id="128" dir="0" index="2" bw="7" slack="0"/>
<pin id="129" dir="1" index="3" bw="1" slack="1"/>
</pin_list>
<bind>
<opcode="bitselect(1000) " fcode="bitselect"/>
<opset="tmp/1 "/>
</bind>
</comp>

<comp id="133" class="1004" name="lhs_word_fu_133">
<pin_list>
<pin id="134" dir="0" index="0" bw="64" slack="0"/>
<pin id="135" dir="1" index="1" bw="32" slack="1"/>
</pin_list>
<bind>
<opcode="trunc(33) " fcode="trunc"/>
<opset="lhs_word/1 "/>
</bind>
</comp>

<comp id="137" class="1004" name="rhs_word_fu_137">
<pin_list>
<pin id="138" dir="0" index="0" bw="64" slack="0"/>
<pin id="139" dir="1" index="1" bw="32" slack="1"/>
</pin_list>
<bind>
<opcode="trunc(33) " fcode="trunc"/>
<opset="rhs_word/1 "/>
</bind>
</comp>

<comp id="141" class="1004" name="icmp_ln1652_fu_141">
<pin_list>
<pin id="142" dir="0" index="0" bw="8" slack="0"/>
<pin id="143" dir="0" index="1" bw="4" slack="0"/>
<pin id="144" dir="1" index="2" bw="1" slack="0"/>
</pin_list>
<bind>
<opcode="icmp(45) " fcode="icmp"/>
<opset="icmp_ln1652/1 "/>
</bind>
</comp>

<comp id="147" class="1004" name="icmp_ln1652_1_fu_147">
<pin_list>
<pin id="148" dir="0" index="0" bw="8" slack="0"/>
<pin id="149" dir="0" index="1" bw="3" slack="0"/>
<pin id="150" dir="1" index="2" bw="1" slack="0"/>
</pin_list>
<bind>
<opcode="icmp(45) " fcode="icmp"/>
<opset="icmp_ln1652_1/1 "/>
</bind>
</comp>

<comp id="153" class="1004" name="icmp_ln1652_2_fu_153">
<pin_list>
<pin id="154" dir="0" index="0" bw="8" slack="0"/>
<pin id="155" dir="0" index="1" bw="3" slack="0"/>
<pin id="156" dir="1" index="2" bw="1" slack="0"/>
</pin_list>
<bind>
<opcode="icmp(45) " fcode="icmp"/>
<opset="icmp_ln1652_2/1 "/>
</bind>
</comp>

<comp id="159" class="1004" name="icmp_ln1652_3_fu_159">
<pin_list>
<pin id="160" dir="0" index="0" bw="8" slack="0"/>
<pin id="161" dir="0" index="1" bw="1" slack="0"/>
<pin id="162" dir="1" index="2" bw="1" slack="0"/>
</pin_list>
<bind>
<opcode="icmp(45) " fcode="icmp"/>
<opset="icmp_ln1652_3/1 "/>
</bind>
</comp>

<comp id="165" class="1004" name="icmp_ln1652_4_fu_165">
<pin_list>
<pin id="166" dir="0" index="0" bw="8" slack="0"/>
<pin id="167" dir="0" index="1" bw="1" slack="0"/>
<pin id="168" dir="1" index="2" bw="1" slack="0"/>
</pin_list>
<bind>
<opcode="icmp(45) " fcode="icmp"/>
<opset="icmp_ln1652_4/1 "/>
</bind>
</comp>

<comp id="171" class="1004" name="or_ln1652_fu_171">
<pin_list>
<pin id="172" dir="0" index="0" bw="1" slack="0"/>
<pin id="173" dir="0" index="1" bw="1" slack="0"/>
<pin id="174" dir="1" index="2" bw="1" slack="0"/>
</pin_list>
<bind>
<opcode="or(24) " fcode="or"/>
<opset="or_ln1652/1 "/>
</bind>
</comp>

<comp id="177" class="1004" name="or_ln1652_1_fu_177">
<pin_list>
<pin id="178" dir="0" index="0" bw="1" slack="0"/>
<pin id="179" dir="0" index="1" bw="1" slack="0"/>
<pin id="180" dir="1" index="2" bw="1" slack="0"/>
</pin_list>
<bind>
<opcode="or(24) " fcode="or"/>
<opset="or_ln1652_1/1 "/>
</bind>
</comp>

<comp id="183" class="1004" name="or_ln1652_2_fu_183">
<pin_list>
<pin id="184" dir="0" index="0" bw="1" slack="0"/>
<pin id="185" dir="0" index="1" bw="1" slack="0"/>
<pin id="186" dir="1" index="2" bw="1" slack="0"/>
</pin_list>
<bind>
<opcode="or(24) " fcode="or"/>
<opset="or_ln1652_2/1 "/>
</bind>
</comp>

<comp id="189" class="1004" name="response_valid_fu_189">
<pin_list>
<pin id="190" dir="0" index="0" bw="1" slack="0"/>
<pin id="191" dir="0" index="1" bw="1" slack="0"/>
<pin id="192" dir="1" index="2" bw="1" slack="0"/>
</pin_list>
<bind>
<opcode="or(24) " fcode="or"/>
<opset="response_valid/1 "/>
</bind>
</comp>

<comp id="196" class="1004" name="response_result_fu_196">
<pin_list>
<pin id="197" dir="0" index="0" bw="128" slack="1"/>
<pin id="198" dir="1" index="1" bw="64" slack="0"/>
</pin_list>
<bind>
<opcode="trunc(33) " fcode="trunc"/>
<opset="response_result/2 "/>
</bind>
</comp>

<comp id="200" class="1004" name="high_1_fu_200">
<pin_list>
<pin id="201" dir="0" index="0" bw="64" slack="1"/>
<pin id="202" dir="0" index="1" bw="64" slack="1"/>
<pin id="203" dir="1" index="2" bw="64" slack="0"/>
</pin_list>
<bind>
<opcode="sub(10) " fcode="sub"/>
<opset="high_1/2 "/>
</bind>
</comp>

<comp id="204" class="1004" name="high_5_fu_204">
<pin_list>
<pin id="205" dir="0" index="0" bw="1" slack="1"/>
<pin id="206" dir="0" index="1" bw="64" slack="0"/>
<pin id="207" dir="0" index="2" bw="64" slack="1"/>
<pin id="208" dir="1" index="3" bw="64" slack="0"/>
</pin_list>
<bind>
<opcode="select(49) " fcode="select"/>
<opset="high_5/2 "/>
</bind>
</comp>

<comp id="210" class="1004" name="tmp_1_fu_210">
<pin_list>
<pin id="211" dir="0" index="0" bw="1" slack="0"/>
<pin id="212" dir="0" index="1" bw="64" slack="1"/>
<pin id="213" dir="0" index="2" bw="7" slack="0"/>
<pin id="214" dir="1" index="3" bw="1" slack="0"/>
</pin_list>
<bind>
<opcode="bitselect(1000) " fcode="bitselect"/>
<opset="tmp_1/2 "/>
</bind>
</comp>

<comp id="217" class="1004" name="high_3_fu_217">
<pin_list>
<pin id="218" dir="0" index="0" bw="64" slack="0"/>
<pin id="219" dir="0" index="1" bw="64" slack="1"/>
<pin id="220" dir="1" index="2" bw="64" slack="0"/>
</pin_list>
<bind>
<opcode="sub(10) " fcode="sub"/>
<opset="high_3/2 "/>
</bind>
</comp>

<comp id="222" class="1004" name="high_6_fu_222">
<pin_list>
<pin id="223" dir="0" index="0" bw="1" slack="0"/>
<pin id="224" dir="0" index="1" bw="64" slack="0"/>
<pin id="225" dir="0" index="2" bw="64" slack="0"/>
<pin id="226" dir="1" index="3" bw="64" slack="0"/>
</pin_list>
<bind>
<opcode="select(49) " fcode="select"/>
<opset="high_6/2 "/>
</bind>
</comp>

<comp id="230" class="1004" name="response_result_5_fu_230">
<pin_list>
<pin id="231" dir="0" index="0" bw="1" slack="1"/>
<pin id="232" dir="0" index="1" bw="32" slack="0"/>
<pin id="233" dir="0" index="2" bw="1" slack="0"/>
<pin id="234" dir="1" index="3" bw="32" slack="0"/>
</pin_list>
<bind>
<opcode="select(49) " fcode="select"/>
<opset="response_result_5/2 "/>
</bind>
</comp>

<comp id="237" class="1004" name="sext_ln3408_fu_237">
<pin_list>
<pin id="238" dir="0" index="0" bw="32" slack="0"/>
<pin id="239" dir="1" index="1" bw="64" slack="0"/>
</pin_list>
<bind>
<opcode="sext(35) " fcode="sext"/>
<opset="sext_ln3408/2 "/>
</bind>
</comp>

<comp id="241" class="1004" name="response_result_6_fu_241">
<pin_list>
<pin id="242" dir="0" index="0" bw="1" slack="1"/>
<pin id="243" dir="0" index="1" bw="64" slack="1"/>
<pin id="244" dir="0" index="2" bw="32" slack="0"/>
<pin id="245" dir="1" index="3" bw="64" slack="0"/>
</pin_list>
<bind>
<opcode="select(49) " fcode="select"/>
<opset="response_result_6/2 "/>
</bind>
</comp>

<comp id="247" class="1004" name="response_result_7_fu_247">
<pin_list>
<pin id="248" dir="0" index="0" bw="1" slack="1"/>
<pin id="249" dir="0" index="1" bw="64" slack="0"/>
<pin id="250" dir="0" index="2" bw="64" slack="0"/>
<pin id="251" dir="1" index="3" bw="64" slack="0"/>
</pin_list>
<bind>
<opcode="select(49) " fcode="select"/>
<opset="response_result_7/2 "/>
</bind>
</comp>

<comp id="254" class="1004" name="response_result_8_fu_254">
<pin_list>
<pin id="255" dir="0" index="0" bw="1" slack="1"/>
<pin id="256" dir="0" index="1" bw="64" slack="0"/>
<pin id="257" dir="0" index="2" bw="64" slack="0"/>
<pin id="258" dir="1" index="3" bw="64" slack="0"/>
</pin_list>
<bind>
<opcode="select(49) " fcode="select"/>
<opset="response_result_8/2 "/>
</bind>
</comp>

<comp id="261" class="1004" name="response_result_9_fu_261">
<pin_list>
<pin id="262" dir="0" index="0" bw="1" slack="1"/>
<pin id="263" dir="0" index="1" bw="64" slack="0"/>
<pin id="264" dir="0" index="2" bw="64" slack="0"/>
<pin id="265" dir="1" index="3" bw="64" slack="0"/>
</pin_list>
<bind>
<opcode="select(49) " fcode="select"/>
<opset="response_result_9/2 "/>
</bind>
</comp>

<comp id="269" class="1005" name="rhs_read_reg_269">
<pin_list>
<pin id="270" dir="0" index="0" bw="64" slack="1"/>
<pin id="271" dir="1" index="1" bw="64" slack="1"/>
</pin_list>
<bind>
<opset="rhs_read "/>
</bind>
</comp>

<comp id="275" class="1005" name="lhs_read_reg_275">
<pin_list>
<pin id="276" dir="0" index="0" bw="64" slack="1"/>
<pin id="277" dir="1" index="1" bw="64" slack="1"/>
</pin_list>
<bind>
<opset="lhs_read "/>
</bind>
</comp>

<comp id="280" class="1005" name="high_reg_280">
<pin_list>
<pin id="281" dir="0" index="0" bw="64" slack="1"/>
<pin id="282" dir="1" index="1" bw="64" slack="1"/>
</pin_list>
<bind>
<opset="high "/>
</bind>
</comp>

<comp id="287" class="1005" name="tmp_reg_287">
<pin_list>
<pin id="288" dir="0" index="0" bw="1" slack="1"/>
<pin id="289" dir="1" index="1" bw="1" slack="1"/>
</pin_list>
<bind>
<opset="tmp "/>
</bind>
</comp>

<comp id="292" class="1005" name="lhs_word_reg_292">
<pin_list>
<pin id="293" dir="0" index="0" bw="32" slack="1"/>
<pin id="294" dir="1" index="1" bw="32" slack="1"/>
</pin_list>
<bind>
<opset="lhs_word "/>
</bind>
</comp>

<comp id="297" class="1005" name="rhs_word_reg_297">
<pin_list>
<pin id="298" dir="0" index="0" bw="32" slack="1"/>
<pin id="299" dir="1" index="1" bw="32" slack="1"/>
</pin_list>
<bind>
<opset="rhs_word "/>
</bind>
</comp>

<comp id="302" class="1005" name="icmp_ln1652_reg_302">
<pin_list>
<pin id="303" dir="0" index="0" bw="1" slack="1"/>
<pin id="304" dir="1" index="1" bw="1" slack="1"/>
</pin_list>
<bind>
<opset="icmp_ln1652 "/>
</bind>
</comp>

<comp id="307" class="1005" name="icmp_ln1652_1_reg_307">
<pin_list>
<pin id="308" dir="0" index="0" bw="1" slack="1"/>
<pin id="309" dir="1" index="1" bw="1" slack="1"/>
</pin_list>
<bind>
<opset="icmp_ln1652_1 "/>
</bind>
</comp>

<comp id="312" class="1005" name="icmp_ln1652_2_reg_312">
<pin_list>
<pin id="313" dir="0" index="0" bw="1" slack="1"/>
<pin id="314" dir="1" index="1" bw="1" slack="1"/>
</pin_list>
<bind>
<opset="icmp_ln1652_2 "/>
</bind>
</comp>

<comp id="317" class="1005" name="icmp_ln1652_3_reg_317">
<pin_list>
<pin id="318" dir="0" index="0" bw="1" slack="1"/>
<pin id="319" dir="1" index="1" bw="1" slack="1"/>
</pin_list>
<bind>
<opset="icmp_ln1652_3 "/>
</bind>
</comp>

<comp id="322" class="1005" name="icmp_ln1652_4_reg_322">
<pin_list>
<pin id="323" dir="0" index="0" bw="1" slack="1"/>
<pin id="324" dir="1" index="1" bw="1" slack="1"/>
</pin_list>
<bind>
<opset="icmp_ln1652_4 "/>
</bind>
</comp>

</comp_list>

<net_list>
<net id="62"><net_src comp="10" pin="0"/><net_sink comp="58" pin=0"/></net>

<net id="63"><net_src comp="4" pin="0"/><net_sink comp="58" pin=1"/></net>

<net id="68"><net_src comp="10" pin="0"/><net_sink comp="64" pin=0"/></net>

<net id="69"><net_src comp="2" pin="0"/><net_sink comp="64" pin=1"/></net>

<net id="74"><net_src comp="12" pin="0"/><net_sink comp="70" pin=0"/></net>

<net id="75"><net_src comp="0" pin="0"/><net_sink comp="70" pin=1"/></net>

<net id="81"><net_src comp="34" pin="0"/><net_sink comp="76" pin=0"/></net>

<net id="82"><net_src comp="8" pin="0"/><net_sink comp="76" pin=1"/></net>

<net id="88"><net_src comp="56" pin="0"/><net_sink comp="83" pin=0"/></net>

<net id="89"><net_src comp="6" pin="0"/><net_sink comp="83" pin=1"/></net>

<net id="100"><net_src comp="90" pin="2"/><net_sink comp="97" pin=0"/></net>

<net id="108"><net_src comp="64" pin="2"/><net_sink comp="105" pin=0"/></net>

<net id="109"><net_src comp="105" pin="1"/><net_sink comp="90" pin=1"/></net>

<net id="113"><net_src comp="58" pin="2"/><net_sink comp="110" pin=0"/></net>

<net id="114"><net_src comp="110" pin="1"/><net_sink comp="90" pin=0"/></net>

<net id="121"><net_src comp="14" pin="0"/><net_sink comp="115" pin=0"/></net>

<net id="122"><net_src comp="90" pin="2"/><net_sink comp="115" pin=1"/></net>

<net id="123"><net_src comp="16" pin="0"/><net_sink comp="115" pin=2"/></net>

<net id="124"><net_src comp="18" pin="0"/><net_sink comp="115" pin=3"/></net>

<net id="130"><net_src comp="20" pin="0"/><net_sink comp="125" pin=0"/></net>

<net id="131"><net_src comp="64" pin="2"/><net_sink comp="125" pin=1"/></net>

<net id="132"><net_src comp="22" pin="0"/><net_sink comp="125" pin=2"/></net>

<net id="136"><net_src comp="64" pin="2"/><net_sink comp="133" pin=0"/></net>

<net id="140"><net_src comp="58" pin="2"/><net_sink comp="137" pin=0"/></net>

<net id="145"><net_src comp="70" pin="2"/><net_sink comp="141" pin=0"/></net>

<net id="146"><net_src comp="24" pin="0"/><net_sink comp="141" pin=1"/></net>

<net id="151"><net_src comp="70" pin="2"/><net_sink comp="147" pin=0"/></net>

<net id="152"><net_src comp="26" pin="0"/><net_sink comp="147" pin=1"/></net>

<net id="157"><net_src comp="70" pin="2"/><net_sink comp="153" pin=0"/></net>

<net id="158"><net_src comp="28" pin="0"/><net_sink comp="153" pin=1"/></net>

<net id="163"><net_src comp="70" pin="2"/><net_sink comp="159" pin=0"/></net>

<net id="164"><net_src comp="30" pin="0"/><net_sink comp="159" pin=1"/></net>

<net id="169"><net_src comp="70" pin="2"/><net_sink comp="165" pin=0"/></net>

<net id="170"><net_src comp="32" pin="0"/><net_sink comp="165" pin=1"/></net>

<net id="175"><net_src comp="147" pin="2"/><net_sink comp="171" pin=0"/></net>

<net id="176"><net_src comp="141" pin="2"/><net_sink comp="171" pin=1"/></net>

<net id="181"><net_src comp="159" pin="2"/><net_sink comp="177" pin=0"/></net>

<net id="182"><net_src comp="165" pin="2"/><net_sink comp="177" pin=1"/></net>

<net id="187"><net_src comp="177" pin="2"/><net_sink comp="183" pin=0"/></net>

<net id="188"><net_src comp="153" pin="2"/><net_sink comp="183" pin=1"/></net>

<net id="193"><net_src comp="183" pin="2"/><net_sink comp="189" pin=0"/></net>

<net id="194"><net_src comp="171" pin="2"/><net_sink comp="189" pin=1"/></net>

<net id="195"><net_src comp="189" pin="2"/><net_sink comp="76" pin=2"/></net>

<net id="199"><net_src comp="97" pin="1"/><net_sink comp="196" pin=0"/></net>

<net id="209"><net_src comp="200" pin="2"/><net_sink comp="204" pin=1"/></net>

<net id="215"><net_src comp="20" pin="0"/><net_sink comp="210" pin=0"/></net>

<net id="216"><net_src comp="22" pin="0"/><net_sink comp="210" pin=2"/></net>

<net id="221"><net_src comp="204" pin="3"/><net_sink comp="217" pin=0"/></net>

<net id="227"><net_src comp="210" pin="3"/><net_sink comp="222" pin=0"/></net>

<net id="228"><net_src comp="217" pin="2"/><net_sink comp="222" pin=1"/></net>

<net id="229"><net_src comp="204" pin="3"/><net_sink comp="222" pin=2"/></net>

<net id="235"><net_src comp="90" pin="2"/><net_sink comp="230" pin=1"/></net>

<net id="236"><net_src comp="46" pin="0"/><net_sink comp="230" pin=2"/></net>

<net id="240"><net_src comp="230" pin="3"/><net_sink comp="237" pin=0"/></net>

<net id="246"><net_src comp="237" pin="1"/><net_sink comp="241" pin=2"/></net>

<net id="252"><net_src comp="204" pin="3"/><net_sink comp="247" pin=1"/></net>

<net id="253"><net_src comp="241" pin="3"/><net_sink comp="247" pin=2"/></net>

<net id="259"><net_src comp="222" pin="3"/><net_sink comp="254" pin=1"/></net>

<net id="260"><net_src comp="247" pin="3"/><net_sink comp="254" pin=2"/></net>

<net id="266"><net_src comp="196" pin="1"/><net_sink comp="261" pin=1"/></net>

<net id="267"><net_src comp="254" pin="3"/><net_sink comp="261" pin=2"/></net>

<net id="268"><net_src comp="261" pin="3"/><net_sink comp="83" pin=2"/></net>

<net id="272"><net_src comp="58" pin="2"/><net_sink comp="269" pin=0"/></net>

<net id="273"><net_src comp="269" pin="1"/><net_sink comp="200" pin=1"/></net>

<net id="274"><net_src comp="269" pin="1"/><net_sink comp="210" pin=1"/></net>

<net id="278"><net_src comp="64" pin="2"/><net_sink comp="275" pin=0"/></net>

<net id="279"><net_src comp="275" pin="1"/><net_sink comp="217" pin=1"/></net>

<net id="283"><net_src comp="115" pin="4"/><net_sink comp="280" pin=0"/></net>

<net id="284"><net_src comp="280" pin="1"/><net_sink comp="200" pin=0"/></net>

<net id="285"><net_src comp="280" pin="1"/><net_sink comp="204" pin=2"/></net>

<net id="286"><net_src comp="280" pin="1"/><net_sink comp="241" pin=1"/></net>

<net id="290"><net_src comp="125" pin="3"/><net_sink comp="287" pin=0"/></net>

<net id="291"><net_src comp="287" pin="1"/><net_sink comp="204" pin=0"/></net>

<net id="295"><net_src comp="133" pin="1"/><net_sink comp="292" pin=0"/></net>

<net id="296"><net_src comp="292" pin="1"/><net_sink comp="90" pin=1"/></net>

<net id="300"><net_src comp="137" pin="1"/><net_sink comp="297" pin=0"/></net>

<net id="301"><net_src comp="297" pin="1"/><net_sink comp="90" pin=0"/></net>

<net id="305"><net_src comp="141" pin="2"/><net_sink comp="302" pin=0"/></net>

<net id="306"><net_src comp="302" pin="1"/><net_sink comp="230" pin=0"/></net>

<net id="310"><net_src comp="147" pin="2"/><net_sink comp="307" pin=0"/></net>

<net id="311"><net_src comp="307" pin="1"/><net_sink comp="241" pin=0"/></net>

<net id="315"><net_src comp="153" pin="2"/><net_sink comp="312" pin=0"/></net>

<net id="316"><net_src comp="312" pin="1"/><net_sink comp="247" pin=0"/></net>

<net id="320"><net_src comp="159" pin="2"/><net_sink comp="317" pin=0"/></net>

<net id="321"><net_src comp="317" pin="1"/><net_sink comp="254" pin=0"/></net>

<net id="325"><net_src comp="165" pin="2"/><net_sink comp="322" pin=0"/></net>

<net id="326"><net_src comp="322" pin="1"/><net_sink comp="261" pin=0"/></net>

</net_list>

</model> 
---------------- Datapath Model END ------------------

* FSMD analyzer results:
  - Output states:
	Port: result | {2 }
	Port: valid | {1 }
 - Input state : 
	Port: synth_mul_top : operation | {1 }
	Port: synth_mul_top : lhs | {1 }
	Port: synth_mul_top : rhs | {1 }
  - Chain level:
	State 1
		ret : 1
		high : 2
		or_ln1652 : 1
		or_ln1652_1 : 1
		or_ln1652_2 : 1
		response_valid : 1
		write_ln3410 : 1
	State 2
		high_5 : 1
		high_3 : 2
		high_6 : 3
		response_result_5 : 1
		sext_ln3408 : 2
		response_result_6 : 3
		response_result_7 : 4
		response_result_8 : 5
		response_result_9 : 6
		write_ln3409 : 7


============================================================
+ Verbose Summary: Datapath Resource usage 
============================================================

* Functional unit list:
|----------|---------------------------|---------|---------|---------|
| Operation|      Functional Unit      |   DSP   |    FF   |   LUT   |
|----------|---------------------------|---------|---------|---------|
|          |       high_5_fu_204       |    0    |    0    |    64   |
|          |       high_6_fu_222       |    0    |    0    |    64   |
|          |  response_result_5_fu_230 |    0    |    0    |    32   |
|  select  |  response_result_6_fu_241 |    0    |    0    |    64   |
|          |  response_result_7_fu_247 |    0    |    0    |    64   |
|          |  response_result_8_fu_254 |    0    |    0    |    64   |
|          |  response_result_9_fu_261 |    0    |    0    |    64   |
|----------|---------------------------|---------|---------|---------|
|    sub   |       high_1_fu_200       |    0    |    0    |    71   |
|          |       high_3_fu_217       |    0    |    0    |    71   |
|----------|---------------------------|---------|---------|---------|
|          |     icmp_ln1652_fu_141    |    0    |    0    |    11   |
|          |    icmp_ln1652_1_fu_147   |    0    |    0    |    11   |
|   icmp   |    icmp_ln1652_2_fu_153   |    0    |    0    |    11   |
|          |    icmp_ln1652_3_fu_159   |    0    |    0    |    11   |
|          |    icmp_ln1652_4_fu_165   |    0    |    0    |    11   |
|----------|---------------------------|---------|---------|---------|
|    mul   |         grp_fu_90         |    3    |    0    |    46   |
|----------|---------------------------|---------|---------|---------|
|          |      or_ln1652_fu_171     |    0    |    0    |    2    |
|    or    |     or_ln1652_1_fu_177    |    0    |    0    |    2    |
|          |     or_ln1652_2_fu_183    |    0    |    0    |    2    |
|          |   response_valid_fu_189   |    0    |    0    |    2    |
|----------|---------------------------|---------|---------|---------|
|          |    rhs_read_read_fu_58    |    0    |    0    |    0    |
|   read   |    lhs_read_read_fu_64    |    0    |    0    |    0    |
|          | operation_read_read_fu_70 |    0    |    0    |    0    |
|----------|---------------------------|---------|---------|---------|
|   write  |  write_ln3410_write_fu_76 |    0    |    0    |    0    |
|          |  write_ln3409_write_fu_83 |    0    |    0    |    0    |
|----------|---------------------------|---------|---------|---------|
|   zext   |     zext_ln232_fu_105     |    0    |    0    |    0    |
|          |    zext_ln232_1_fu_110    |    0    |    0    |    0    |
|----------|---------------------------|---------|---------|---------|
|partselect|        high_fu_115        |    0    |    0    |    0    |
|----------|---------------------------|---------|---------|---------|
| bitselect|         tmp_fu_125        |    0    |    0    |    0    |
|          |        tmp_1_fu_210       |    0    |    0    |    0    |
|----------|---------------------------|---------|---------|---------|
|          |      lhs_word_fu_133      |    0    |    0    |    0    |
|   trunc  |      rhs_word_fu_137      |    0    |    0    |    0    |
|          |   response_result_fu_196  |    0    |    0    |    0    |
|----------|---------------------------|---------|---------|---------|
|   sext   |     sext_ln3408_fu_237    |    0    |    0    |    0    |
|----------|---------------------------|---------|---------|---------|
|   Total  |                           |    3    |    0    |   667   |
|----------|---------------------------|---------|---------|---------|

Memories:
N/A

* Register list:
+---------------------+--------+
|                     |   FF   |
+---------------------+--------+
|     high_reg_280    |   64   |
|icmp_ln1652_1_reg_307|    1   |
|icmp_ln1652_2_reg_312|    1   |
|icmp_ln1652_3_reg_317|    1   |
|icmp_ln1652_4_reg_322|    1   |
| icmp_ln1652_reg_302 |    1   |
|   lhs_read_reg_275  |   64   |
|   lhs_word_reg_292  |   32   |
|      ret_reg_97     |   128  |
|   rhs_read_reg_269  |   64   |
|   rhs_word_reg_297  |   32   |
|     tmp_reg_287     |    1   |
+---------------------+--------+
|        Total        |   390  |
+---------------------+--------+

* Multiplexer (MUX) list: 
|-----------|------|------|------|--------||---------||---------|
|    Comp   |  Pin | Size |  BW  | S x BW ||  Delay  ||   LUT   |
|-----------|------|------|------|--------||---------||---------|
| grp_fu_90 |  p0  |   2  |  64  |   128  ||    9    |
| grp_fu_90 |  p1  |   2  |  64  |   128  ||    9    |
|-----------|------|------|------|--------||---------||---------|
|   Total   |      |      |      |   256  ||  0.854  ||    18   |
|-----------|------|------|------|--------||---------||---------|



* Summary:
+-----------+--------+--------+--------+--------+
|           |   DSP  |  Delay |   FF   |   LUT  |
+-----------+--------+--------+--------+--------+
|  Function |    3   |    -   |    0   |   667  |
|   Memory  |    -   |    -   |    -   |    -   |
|Multiplexer|    -   |    0   |    -   |   18   |
|  Register |    -   |    -   |   390  |    -   |
+-----------+--------+--------+--------+--------+
|   Total   |    3   |    0   |   390  |   685  |
+-----------+--------+--------+--------+--------+
