

================================================================
== Vitis HLS Report for 'synth_mul_top'
================================================================
* Date:           Wed Aug  5 21:51:51 2026

* Version:        2021.2 (Build 3367213 on Tue Oct 19 02:47:39 MDT 2021)
* Project:        synth_mul_top
* Solution:       solution_gate4_1_m3b (Vivado IP Flow Target)
* Product family: zynquplus
* Target device:  xczu7ev-ffvc1156-2-e


================================================================
== Performance Estimates
================================================================
+ Timing: 
    * Summary: 
    +--------+----------+----------+------------+
    |  Clock |  Target  | Estimated| Uncertainty|
    +--------+----------+----------+------------+
    |ap_clk  |  10.00 ns|  4.717 ns|     2.70 ns|
    +--------+----------+----------+------------+

+ Latency: 
    * Summary: 
    +---------+---------+-----------+-----------+-----+-----+---------+
    |  Latency (cycles) |   Latency (absolute)  |  Interval | Pipeline|
    |   min   |   max   |    min    |    max    | min | max |   Type  |
    +---------+---------+-----------+-----------+-----+-----+---------+
    |        1|        1|  10.000 ns|  10.000 ns|    2|    2|       no|
    +---------+---------+-----------+-----------+-----+-----+---------+

    + Detail: 
        * Instance: 
        N/A

        * Loop: 
        N/A

============================================================
+ Verbose Summary: Synthesis Manager
============================================================
InlineROM: 1
ExposeGlobal: 0
============================================================
+ Verbose Summary: CDFG Model
============================================================
IsTopModel: 1
ResetActiveHigh: 1
IsCombinational: 0
IsDatapathOnly: 0
HasWiredReturn: 1
HasMFsm: 0
HasVarLatency: 1
IsPipeline: 0
IsRtlPipelined: 0
IsInstanceOverlapped: 0
IsDontTouch: 0
HasImplIP: 0
IsGatedGlobalClock: 0


============================================================
+ Verbose Summary: Schedule
============================================================
* Number of FSM states : 2
* Pipeline : 0
* Dataflow Pipeline: 0

* FSM state transitions: 
1 --> 2 
2 --> 

* FSM state operations: 

State 1 <SV = 0> <Delay = 4.53>
ST_1 : Operation 3 [1/1] (0.00ns)   --->   "%rhs_read = read i64 @_ssdm_op_Read.ap_auto.i64, i64 %rhs" [/home/lab_726/boom/hls_boom/src/boom_core_merged.cpp:3401]   --->   Operation 3 'read' 'rhs_read' <Predicate = true> <Delay = 0.00>
ST_1 : Operation 4 [1/1] (0.00ns)   --->   "%lhs_read = read i64 @_ssdm_op_Read.ap_auto.i64, i64 %lhs" [/home/lab_726/boom/hls_boom/src/boom_core_merged.cpp:3401]   --->   Operation 4 'read' 'lhs_read' <Predicate = true> <Delay = 0.00>
ST_1 : Operation 5 [1/1] (0.00ns)   --->   "%operation_read = read i8 @_ssdm_op_Read.ap_auto.i8, i8 %operation" [/home/lab_726/boom/hls_boom/src/boom_core_merged.cpp:3401]   --->   Operation 5 'read' 'operation_read' <Predicate = true> <Delay = 0.00>
ST_1 : Operation 6 [1/1] (0.00ns)   --->   "%zext_ln232 = zext i64 %lhs_read"   --->   Operation 6 'zext' 'zext_ln232' <Predicate = true> <Delay = 0.00>
ST_1 : Operation 7 [1/1] (0.00ns)   --->   "%zext_ln232_1 = zext i64 %rhs_read"   --->   Operation 7 'zext' 'zext_ln232_1' <Predicate = true> <Delay = 0.00>
ST_1 : Operation 8 [1/1] (4.53ns)   --->   "%ret = mul i128 %zext_ln232_1, i128 %zext_ln232"   --->   Operation 8 'mul' 'ret' <Predicate = true> <Delay = 4.53> <CoreInst = "Multiplier">   --->   Core 3 'Multiplier' <Latency = 0> <II = 1> <Delay = 3.42> <FuncUnit> <Opcode : 'mul'> <InPorts = 2> <OutPorts = 1>
ST_1 : Operation 9 [1/1] (0.00ns)   --->   "%high = partselect i64 @_ssdm_op_PartSelect.i64.i128.i32.i32, i128 %ret, i32 64, i32 127"   --->   Operation 9 'partselect' 'high' <Predicate = true> <Delay = 0.00>
ST_1 : Operation 10 [1/1] (0.00ns)   --->   "%tmp = bitselect i1 @_ssdm_op_BitSelect.i1.i64.i32, i64 %lhs_read, i32 63" [/home/lab_726/boom/hls_boom/src/boom_core_merged.cpp:1658]   --->   Operation 10 'bitselect' 'tmp' <Predicate = true> <Delay = 0.00>
ST_1 : Operation 11 [1/1] (0.00ns)   --->   "%lhs_word = trunc i64 %lhs_read"   --->   Operation 11 'trunc' 'lhs_word' <Predicate = true> <Delay = 0.00>
ST_1 : Operation 12 [1/1] (0.00ns)   --->   "%rhs_word = trunc i64 %rhs_read"   --->   Operation 12 'trunc' 'rhs_word' <Predicate = true> <Delay = 0.00>
ST_1 : Operation 13 [1/1] (0.84ns)   --->   "%icmp_ln1652 = icmp_eq  i8 %operation_read, i8 4" [/home/lab_726/boom/hls_boom/src/boom_core_merged.cpp:1652]   --->   Operation 13 'icmp' 'icmp_ln1652' <Predicate = true> <Delay = 0.84> <CoreInst = "Cmp">   --->   Core 9 'Cmp' <Latency = 0> <II = 1> <Delay = 0.84> <FuncUnit> <Opcode : 'icmp'> <InPorts = 2> <OutPorts = 1>
ST_1 : Operation 14 [1/1] (0.84ns)   --->   "%icmp_ln1652_1 = icmp_eq  i8 %operation_read, i8 3" [/home/lab_726/boom/hls_boom/src/boom_core_merged.cpp:1652]   --->   Operation 14 'icmp' 'icmp_ln1652_1' <Predicate = true> <Delay = 0.84> <CoreInst = "Cmp">   --->   Core 9 'Cmp' <Latency = 0> <II = 1> <Delay = 0.84> <FuncUnit> <Opcode : 'icmp'> <InPorts = 2> <OutPorts = 1>
ST_1 : Operation 15 [1/1] (0.84ns)   --->   "%icmp_ln1652_2 = icmp_eq  i8 %operation_read, i8 2" [/home/lab_726/boom/hls_boom/src/boom_core_merged.cpp:1652]   --->   Operation 15 'icmp' 'icmp_ln1652_2' <Predicate = true> <Delay = 0.84> <CoreInst = "Cmp">   --->   Core 9 'Cmp' <Latency = 0> <II = 1> <Delay = 0.84> <FuncUnit> <Opcode : 'icmp'> <InPorts = 2> <OutPorts = 1>
ST_1 : Operation 16 [1/1] (0.84ns)   --->   "%icmp_ln1652_3 = icmp_eq  i8 %operation_read, i8 1" [/home/lab_726/boom/hls_boom/src/boom_core_merged.cpp:1652]   --->   Operation 16 'icmp' 'icmp_ln1652_3' <Predicate = true> <Delay = 0.84> <CoreInst = "Cmp">   --->   Core 9 'Cmp' <Latency = 0> <II = 1> <Delay = 0.84> <FuncUnit> <Opcode : 'icmp'> <InPorts = 2> <OutPorts = 1>
ST_1 : Operation 17 [1/1] (0.84ns)   --->   "%icmp_ln1652_4 = icmp_eq  i8 %operation_read, i8 0" [/home/lab_726/boom/hls_boom/src/boom_core_merged.cpp:1652]   --->   Operation 17 'icmp' 'icmp_ln1652_4' <Predicate = true> <Delay = 0.84> <CoreInst = "Cmp">   --->   Core 9 'Cmp' <Latency = 0> <II = 1> <Delay = 0.84> <FuncUnit> <Opcode : 'icmp'> <InPorts = 2> <OutPorts = 1>
ST_1 : Operation 18 [1/1] (0.00ns) (grouped into LUT with out node response_valid)   --->   "%or_ln1652 = or i1 %icmp_ln1652_1, i1 %icmp_ln1652" [/home/lab_726/boom/hls_boom/src/boom_core_merged.cpp:1652]   --->   Operation 18 'or' 'or_ln1652' <Predicate = true> <Delay = 0.00> <CoreInst = "LogicGate">   --->   Core 74 'LogicGate' <Latency = 0> <II = 1> <Delay = 0.28> <FuncUnit> <Opcode : 'and' 'or' 'xor'> <InPorts = 2> <OutPorts = 1>
ST_1 : Operation 19 [1/1] (0.00ns) (grouped into LUT with out node response_valid)   --->   "%or_ln1652_1 = or i1 %icmp_ln1652_3, i1 %icmp_ln1652_4" [/home/lab_726/boom/hls_boom/src/boom_core_merged.cpp:1652]   --->   Operation 19 'or' 'or_ln1652_1' <Predicate = true> <Delay = 0.00> <CoreInst = "LogicGate">   --->   Core 74 'LogicGate' <Latency = 0> <II = 1> <Delay = 0.28> <FuncUnit> <Opcode : 'and' 'or' 'xor'> <InPorts = 2> <OutPorts = 1>
ST_1 : Operation 20 [1/1] (0.00ns) (grouped into LUT with out node response_valid)   --->   "%or_ln1652_2 = or i1 %or_ln1652_1, i1 %icmp_ln1652_2" [/home/lab_726/boom/hls_boom/src/boom_core_merged.cpp:1652]   --->   Operation 20 'or' 'or_ln1652_2' <Predicate = true> <Delay = 0.00> <CoreInst = "LogicGate">   --->   Core 74 'LogicGate' <Latency = 0> <II = 1> <Delay = 0.28> <FuncUnit> <Opcode : 'and' 'or' 'xor'> <InPorts = 2> <OutPorts = 1>
ST_1 : Operation 21 [1/1] (0.28ns) (out node of the LUT)   --->   "%response_valid = or i1 %or_ln1652_2, i1 %or_ln1652" [/home/lab_726/boom/hls_boom/src/boom_core_merged.cpp:1652]   --->   Operation 21 'or' 'response_valid' <Predicate = true> <Delay = 0.28> <CoreInst = "LogicGate">   --->   Core 74 'LogicGate' <Latency = 0> <II = 1> <Delay = 0.28> <FuncUnit> <Opcode : 'and' 'or' 'xor'> <InPorts = 2> <OutPorts = 1>
ST_1 : Operation 22 [1/1] (0.00ns)   --->   "%write_ln3410 = write void @_ssdm_op_Write.ap_auto.i1P0A, i1 %valid, i1 %response_valid" [/home/lab_726/boom/hls_boom/src/boom_core_merged.cpp:3410]   --->   Operation 22 'write' 'write_ln3410' <Predicate = true> <Delay = 0.00>

State 2 <SV = 1> <Delay = 4.71>
ST_2 : Operation 23 [1/1] (0.00ns)   --->   "%spectopmodule_ln0 = spectopmodule void @_ssdm_op_SpecTopModule, void @empty_2"   --->   Operation 23 'spectopmodule' 'spectopmodule_ln0' <Predicate = true> <Delay = 0.00>
ST_2 : Operation 24 [1/1] (0.00ns)   --->   "%specbitsmap_ln0 = specbitsmap void @_ssdm_op_SpecBitsMap, i8 %operation"   --->   Operation 24 'specbitsmap' 'specbitsmap_ln0' <Predicate = true> <Delay = 0.00>
ST_2 : Operation 25 [1/1] (0.00ns)   --->   "%specinterface_ln0 = specinterface void @_ssdm_op_SpecInterface, i8 %operation, void @empty, i32 0, i32 0, void @empty_0, i32 0, i32 0, void @empty_0, void @empty_0, void @empty_0, i32 0, i32 0, i32 0, i32 0, void @empty_0, void @empty_0"   --->   Operation 25 'specinterface' 'specinterface_ln0' <Predicate = true> <Delay = 0.00>
ST_2 : Operation 26 [1/1] (0.00ns)   --->   "%specbitsmap_ln0 = specbitsmap void @_ssdm_op_SpecBitsMap, i64 %lhs"   --->   Operation 26 'specbitsmap' 'specbitsmap_ln0' <Predicate = true> <Delay = 0.00>
ST_2 : Operation 27 [1/1] (0.00ns)   --->   "%specinterface_ln0 = specinterface void @_ssdm_op_SpecInterface, i64 %lhs, void @empty, i32 0, i32 0, void @empty_0, i32 0, i32 0, void @empty_0, void @empty_0, void @empty_0, i32 0, i32 0, i32 0, i32 0, void @empty_0, void @empty_0"   --->   Operation 27 'specinterface' 'specinterface_ln0' <Predicate = true> <Delay = 0.00>
ST_2 : Operation 28 [1/1] (0.00ns)   --->   "%specbitsmap_ln0 = specbitsmap void @_ssdm_op_SpecBitsMap, i64 %rhs"   --->   Operation 28 'specbitsmap' 'specbitsmap_ln0' <Predicate = true> <Delay = 0.00>
ST_2 : Operation 29 [1/1] (0.00ns)   --->   "%specinterface_ln0 = specinterface void @_ssdm_op_SpecInterface, i64 %rhs, void @empty, i32 0, i32 0, void @empty_0, i32 0, i32 0, void @empty_0, void @empty_0, void @empty_0, i32 0, i32 0, i32 0, i32 0, void @empty_0, void @empty_0"   --->   Operation 29 'specinterface' 'specinterface_ln0' <Predicate = true> <Delay = 0.00>
ST_2 : Operation 30 [1/1] (0.00ns)   --->   "%specbitsmap_ln0 = specbitsmap void @_ssdm_op_SpecBitsMap, i64 %result"   --->   Operation 30 'specbitsmap' 'specbitsmap_ln0' <Predicate = true> <Delay = 0.00>
ST_2 : Operation 31 [1/1] (0.00ns)   --->   "%specinterface_ln0 = specinterface void @_ssdm_op_SpecInterface, i64 %result, void @empty, i32 0, i32 0, void @empty_0, i32 0, i32 0, void @empty_0, void @empty_0, void @empty_0, i32 0, i32 0, i32 0, i32 0, void @empty_0, void @empty_0"   --->   Operation 31 'specinterface' 'specinterface_ln0' <Predicate = true> <Delay = 0.00>
ST_2 : Operation 32 [1/1] (0.00ns)   --->   "%specbitsmap_ln0 = specbitsmap void @_ssdm_op_SpecBitsMap, i1 %valid"   --->   Operation 32 'specbitsmap' 'specbitsmap_ln0' <Predicate = true> <Delay = 0.00>
ST_2 : Operation 33 [1/1] (0.00ns)   --->   "%specinterface_ln0 = specinterface void @_ssdm_op_SpecInterface, i1 %valid, void @empty, i32 0, i32 0, void @empty_0, i32 0, i32 0, void @empty_0, void @empty_0, void @empty_0, i32 0, i32 0, i32 0, i32 0, void @empty_0, void @empty_0"   --->   Operation 33 'specinterface' 'specinterface_ln0' <Predicate = true> <Delay = 0.00>
ST_2 : Operation 34 [1/1] (0.00ns)   --->   "%specresourcelimit_ln1640 = specresourcelimit void @_ssdm_op_SpecResourceLimit, i64 1, void @empty_1, void @empty_0, void @empty_0, void @empty_0" [/home/lab_726/boom/hls_boom/src/boom_core_merged.cpp:1640]   --->   Operation 34 'specresourcelimit' 'specresourcelimit_ln1640' <Predicate = true> <Delay = 0.00>
ST_2 : Operation 35 [1/1] (0.00ns) (grouped into LUT with out node response_result_9)   --->   "%response_result = trunc i128 %ret"   --->   Operation 35 'trunc' 'response_result' <Predicate = (icmp_ln1652_4)> <Delay = 0.00>
ST_2 : Operation 36 [1/1] (1.08ns)   --->   "%high_1 = sub i64 %high, i64 %rhs_read" [/home/lab_726/boom/hls_boom/src/boom_core_merged.cpp:1658]   --->   Operation 36 'sub' 'high_1' <Predicate = (tmp & !icmp_ln1652_4)> <Delay = 1.08> <CoreInst = "Adder">   --->   Core 1 'Adder' <Latency = 0> <II = 1> <Delay = 1.08> <FuncUnit> <Opcode : 'add' 'sub'> <InPorts = 2> <OutPorts = 1>
ST_2 : Operation 37 [1/1] (0.42ns)   --->   "%high_5 = select i1 %tmp, i64 %high_1, i64 %high" [/home/lab_726/boom/hls_boom/src/boom_core_merged.cpp:1658]   --->   Operation 37 'select' 'high_5' <Predicate = (!icmp_ln1652_4)> <Delay = 0.42> <CoreInst = "Sel">   --->   Core 73 'Sel' <Latency = 0> <II = 1> <Delay = 0.42> <FuncUnit> <Opcode : 'select'> <InPorts = 3> <OutPorts = 1>
ST_2 : Operation 38 [1/1] (0.00ns) (grouped into LUT with out node response_result_8)   --->   "%tmp_1 = bitselect i1 @_ssdm_op_BitSelect.i1.i64.i32, i64 %rhs_read, i32 63" [/home/lab_726/boom/hls_boom/src/boom_core_merged.cpp:1659]   --->   Operation 38 'bitselect' 'tmp_1' <Predicate = (icmp_ln1652_3 & !icmp_ln1652_4)> <Delay = 0.00>
ST_2 : Operation 39 [1/1] (1.08ns)   --->   "%high_3 = sub i64 %high_5, i64 %lhs_read" [/home/lab_726/boom/hls_boom/src/boom_core_merged.cpp:1659]   --->   Operation 39 'sub' 'high_3' <Predicate = (icmp_ln1652_3 & !icmp_ln1652_4)> <Delay = 1.08> <CoreInst = "Adder">   --->   Core 1 'Adder' <Latency = 0> <II = 1> <Delay = 1.08> <FuncUnit> <Opcode : 'add' 'sub'> <InPorts = 2> <OutPorts = 1>
ST_2 : Operation 40 [1/1] (0.00ns) (grouped into LUT with out node response_result_8)   --->   "%high_6 = select i1 %tmp_1, i64 %high_3, i64 %high_5" [/home/lab_726/boom/hls_boom/src/boom_core_merged.cpp:1659]   --->   Operation 40 'select' 'high_6' <Predicate = (icmp_ln1652_3 & !icmp_ln1652_4)> <Delay = 0.00> <CoreInst = "Sel">   --->   Core 73 'Sel' <Latency = 0> <II = 1> <Delay = 0.42> <FuncUnit> <Opcode : 'select'> <InPorts = 3> <OutPorts = 1>
ST_2 : Operation 41 [1/1] (3.42ns)   --->   "%ret_1 = mul i32 %rhs_word, i32 %lhs_word"   --->   Operation 41 'mul' 'ret_1' <Predicate = (icmp_ln1652 & !icmp_ln1652_1 & !icmp_ln1652_2 & !icmp_ln1652_3 & !icmp_ln1652_4)> <Delay = 3.42> <CoreInst = "Multiplier">   --->   Core 3 'Multiplier' <Latency = 0> <II = 1> <Delay = 3.42> <FuncUnit> <Opcode : 'mul'> <InPorts = 2> <OutPorts = 1>
ST_2 : Operation 42 [1/1] (0.00ns) (grouped into LUT with out node response_result_7)   --->   "%response_result_5 = select i1 %icmp_ln1652, i32 %ret_1, i32 0" [/home/lab_726/boom/hls_boom/src/boom_core_merged.cpp:1652]   --->   Operation 42 'select' 'response_result_5' <Predicate = (!icmp_ln1652_1 & !icmp_ln1652_2 & !icmp_ln1652_3 & !icmp_ln1652_4)> <Delay = 0.00> <CoreInst = "Sel">   --->   Core 73 'Sel' <Latency = 0> <II = 1> <Delay = 0.42> <FuncUnit> <Opcode : 'select'> <InPorts = 3> <OutPorts = 1>
ST_2 : Operation 43 [1/1] (0.00ns) (grouped into LUT with out node response_result_7)   --->   "%sext_ln3408 = sext i32 %response_result_5" [/home/lab_726/boom/hls_boom/src/boom_core_merged.cpp:3408]   --->   Operation 43 'sext' 'sext_ln3408' <Predicate = (!icmp_ln1652_1 & !icmp_ln1652_2 & !icmp_ln1652_3 & !icmp_ln1652_4)> <Delay = 0.00>
ST_2 : Operation 44 [1/1] (0.00ns) (grouped into LUT with out node response_result_7)   --->   "%response_result_6 = select i1 %icmp_ln1652_1, i64 %high, i64 %sext_ln3408" [/home/lab_726/boom/hls_boom/src/boom_core_merged.cpp:1652]   --->   Operation 44 'select' 'response_result_6' <Predicate = (!icmp_ln1652_2 & !icmp_ln1652_3 & !icmp_ln1652_4)> <Delay = 0.00> <CoreInst = "Sel">   --->   Core 73 'Sel' <Latency = 0> <II = 1> <Delay = 0.42> <FuncUnit> <Opcode : 'select'> <InPorts = 3> <OutPorts = 1>
ST_2 : Operation 45 [1/1] (0.44ns) (out node of the LUT)   --->   "%response_result_7 = select i1 %icmp_ln1652_2, i64 %high_5, i64 %response_result_6" [/home/lab_726/boom/hls_boom/src/boom_core_merged.cpp:1652]   --->   Operation 45 'select' 'response_result_7' <Predicate = (!icmp_ln1652_3 & !icmp_ln1652_4)> <Delay = 0.44> <CoreInst = "Sel">   --->   Core 73 'Sel' <Latency = 0> <II = 1> <Delay = 0.42> <FuncUnit> <Opcode : 'select'> <InPorts = 3> <OutPorts = 1>
ST_2 : Operation 46 [1/1] (0.42ns) (out node of the LUT)   --->   "%response_result_8 = select i1 %icmp_ln1652_3, i64 %high_6, i64 %response_result_7" [/home/lab_726/boom/hls_boom/src/boom_core_merged.cpp:1652]   --->   Operation 46 'select' 'response_result_8' <Predicate = (!icmp_ln1652_4)> <Delay = 0.42> <CoreInst = "Sel">   --->   Core 73 'Sel' <Latency = 0> <II = 1> <Delay = 0.42> <FuncUnit> <Opcode : 'select'> <InPorts = 3> <OutPorts = 1>
ST_2 : Operation 47 [1/1] (0.42ns) (out node of the LUT)   --->   "%response_result_9 = select i1 %icmp_ln1652_4, i64 %response_result, i64 %response_result_8" [/home/lab_726/boom/hls_boom/src/boom_core_merged.cpp:1652]   --->   Operation 47 'select' 'response_result_9' <Predicate = true> <Delay = 0.42> <CoreInst = "Sel">   --->   Core 73 'Sel' <Latency = 0> <II = 1> <Delay = 0.42> <FuncUnit> <Opcode : 'select'> <InPorts = 3> <OutPorts = 1>
ST_2 : Operation 48 [1/1] (0.00ns)   --->   "%write_ln3409 = write void @_ssdm_op_Write.ap_auto.i64P0A, i64 %result, i64 %response_result_9" [/home/lab_726/boom/hls_boom/src/boom_core_merged.cpp:3409]   --->   Operation 48 'write' 'write_ln3409' <Predicate = true> <Delay = 0.00>
ST_2 : Operation 49 [1/1] (0.00ns)   --->   "%ret_ln3411 = ret" [/home/lab_726/boom/hls_boom/src/boom_core_merged.cpp:3411]   --->   Operation 49 'ret' 'ret_ln3411' <Predicate = true> <Delay = 0.00>


============================================================
+ Verbose Summary: Timing violations
============================================================
Target clock period: 10ns, clock uncertainty: 2.7ns.

 <State 1>: 4.53ns
The critical path consists of the following:
	wire read operation ('rhs', /home/lab_726/boom/hls_boom/src/boom_core_merged.cpp:3401) on port 'rhs' (/home/lab_726/boom/hls_boom/src/boom_core_merged.cpp:3401) [17]  (0 ns)
	'mul' operation ('ret') [23]  (4.53 ns)

 <State 2>: 4.72ns
The critical path consists of the following:
	'mul' operation ('ret') [34]  (3.42 ns)
	'select' operation ('response.result', /home/lab_726/boom/hls_boom/src/boom_core_merged.cpp:1652) [44]  (0 ns)
	'select' operation ('response.result', /home/lab_726/boom/hls_boom/src/boom_core_merged.cpp:1652) [46]  (0 ns)
	'select' operation ('response.result', /home/lab_726/boom/hls_boom/src/boom_core_merged.cpp:1652) [47]  (0.449 ns)
	'select' operation ('response.result', /home/lab_726/boom/hls_boom/src/boom_core_merged.cpp:1652) [48]  (0.424 ns)
	'select' operation ('response.result', /home/lab_726/boom/hls_boom/src/boom_core_merged.cpp:1652) [49]  (0.424 ns)


============================================================
+ Verbose Summary: Binding
============================================================
N/A
* FSMD analyzer results:
  - Output states:
 - Input state : 
  - Chain level:
	State 1
	State 2


============================================================
+ Verbose Summary: Datapath Resource usage 
============================================================
N/A
