
****** Vitis HLS - High-Level Synthesis from C, C++ and OpenCL v2021.2 (64-bit)
  **** SW Build 3367213 on Tue Oct 19 02:47:39 MDT 2021
  **** IP Build 3369179 on Thu Oct 21 08:25:16 MDT 2021
    ** Copyright 1986-2021 Xilinx, Inc. All Rights Reserved.

source /home/lab_726/Xilinx/Vitis_HLS/2021.2/scripts/vitis_hls/hls.tcl -notrace
INFO: [HLS 200-10] Running '/home/lab_726/Xilinx/Vitis_HLS/2021.2/bin/unwrapped/lnx64.o/vitis_hls'
INFO: [HLS 200-10] For user 'lab_726' on host '726' (Linux_x86_64 version 6.8.0-138-generic) on Fri Sep 04 19:57:55 CST 2026
INFO: [HLS 200-10] On os Ubuntu 22.04.5 LTS
INFO: [HLS 200-10] In directory '/home/lab_726/boom/hls_boom'
Sourcing Tcl script '/home/lab_726/boom/hls_boom/scripts/gate5_4/pf2_predictor_frontend_csim.tcl'
INFO: [HLS 200-1510] Running: open_project -reset pf2_predictor_frontend_csim
INFO: [HLS 200-10] Opening and resetting project '/tmp/boom_hls/gate5_4_product_integration/pf2/csim/pf2_predictor_frontend_csim'.
WARNING: [HLS 200-40] No /tmp/boom_hls/gate5_4_product_integration/pf2/csim/pf2_predictor_frontend_csim/solution_pf2_csim/solution_pf2_csim.aps file found.
INFO: [HLS 200-1510] Running: set_top frontend_module
INFO: [HLS 200-1510] Running: add_files -cflags -std=c++11 -I/home/lab_726/boom/hls_boom/include /home/lab_726/boom/hls_boom/src/frontend.cpp
INFO: [HLS 200-10] Adding design file '/home/lab_726/boom/hls_boom/src/frontend.cpp' to the project
INFO: [HLS 200-1510] Running: add_files -cflags -std=c++11 -I/home/lab_726/boom/hls_boom/include /home/lab_726/boom/hls_boom/src/fetch_packet.cpp
INFO: [HLS 200-10] Adding design file '/home/lab_726/boom/hls_boom/src/fetch_packet.cpp' to the project
INFO: [HLS 200-1510] Running: add_files -cflags -std=c++11 -I/home/lab_726/boom/hls_boom/include /home/lab_726/boom/hls_boom/src/fetch_buffer.cpp
INFO: [HLS 200-10] Adding design file '/home/lab_726/boom/hls_boom/src/fetch_buffer.cpp' to the project
INFO: [HLS 200-1510] Running: add_files -cflags -std=c++11 -I/home/lab_726/boom/hls_boom/include /home/lab_726/boom/hls_boom/src/predecode.cpp
INFO: [HLS 200-10] Adding design file '/home/lab_726/boom/hls_boom/src/predecode.cpp' to the project
INFO: [HLS 200-1510] Running: add_files -cflags -std=c++11 -I/home/lab_726/boom/hls_boom/include /home/lab_726/boom/hls_boom/src/predictor.cpp
INFO: [HLS 200-10] Adding design file '/home/lab_726/boom/hls_boom/src/predictor.cpp' to the project
INFO: [HLS 200-1510] Running: add_files -cflags -std=c++11 -I/home/lab_726/boom/hls_boom/include /home/lab_726/boom/hls_boom/src/rvc.cpp
INFO: [HLS 200-10] Adding design file '/home/lab_726/boom/hls_boom/src/rvc.cpp' to the project
INFO: [HLS 200-1510] Running: add_files -cflags -std=c++11 -I/home/lab_726/boom/hls_boom/include /home/lab_726/boom/hls_boom/src/reset.cpp
INFO: [HLS 200-10] Adding design file '/home/lab_726/boom/hls_boom/src/reset.cpp' to the project
INFO: [HLS 200-1510] Running: add_files -cflags -std=c++11 -I/home/lab_726/boom/hls_boom/include /home/lab_726/boom/hls_boom/src/divider.cpp
INFO: [HLS 200-10] Adding design file '/home/lab_726/boom/hls_boom/src/divider.cpp' to the project
INFO: [HLS 200-1510] Running: add_files -tb -cflags -std=c++11 -I/home/lab_726/boom/hls_boom/include /home/lab_726/boom/hls_boom/tb/differential/pf2_predictor_frontend_tests.cpp
INFO: [HLS 200-10] Adding test bench file '/home/lab_726/boom/hls_boom/tb/differential/pf2_predictor_frontend_tests.cpp' to the project
INFO: [HLS 200-1510] Running: open_solution -reset solution_pf2_csim
INFO: [HLS 200-10] Creating and opening solution '/tmp/boom_hls/gate5_4_product_integration/pf2/csim/pf2_predictor_frontend_csim/solution_pf2_csim'.
INFO: [HLS 200-10] Cleaning up the solution database.
WARNING: [HLS 200-40] No /tmp/boom_hls/gate5_4_product_integration/pf2/csim/pf2_predictor_frontend_csim/solution_pf2_csim/solution_pf2_csim.aps file found.
INFO: [HLS 200-1505] Using default flow_target 'vivado'
Resolution: For help on HLS 200-1505 see www.xilinx.com/cgi-bin/docs/rdoc?v=2021.2;t=hls+guidance;d=200-1505.html
INFO: [HLS 200-1510] Running: set_part xczu7ev-ffvc1156-2-e
INFO: [HLS 200-1611] Setting target device to 'xczu7ev-ffvc1156-2-e'
INFO: [HLS 200-1510] Running: create_clock -period 10 -name default
INFO: [SYN 201-201] Setting up clock 'default' with a period of 10ns.
INFO: [HLS 200-1510] Running: csim_design
INFO: [SIM 211-2] *************** CSIM start ***************
INFO: [SIM 211-4] CSIM will launch GCC as the compiler.
   Compiling ../../../../../../../../../home/lab_726/boom/hls_boom/tb/differential/pf2_predictor_frontend_tests.cpp in debug mode
   Compiling ../../../../../../../../../home/lab_726/boom/hls_boom/src/divider.cpp in debug mode
   Compiling ../../../../../../../../../home/lab_726/boom/hls_boom/src/reset.cpp in debug mode
   Compiling ../../../../../../../../../home/lab_726/boom/hls_boom/src/rvc.cpp in debug mode
   Compiling ../../../../../../../../../home/lab_726/boom/hls_boom/src/predictor.cpp in debug mode
   Compiling ../../../../../../../../../home/lab_726/boom/hls_boom/src/predecode.cpp in debug mode
   Compiling ../../../../../../../../../home/lab_726/boom/hls_boom/src/fetch_buffer.cpp in debug mode
   Compiling ../../../../../../../../../home/lab_726/boom/hls_boom/src/fetch_packet.cpp in debug mode
   Compiling ../../../../../../../../../home/lab_726/boom/hls_boom/src/frontend.cpp in debug mode
   Generating csim.exe
WARNING: Hls::stream 'hls::stream<ImemRequest, 0>268' contains leftover data, which may result in RTL simulation hanging.
WARNING: Hls::stream 'hls::stream<ImemRequest, 0>275' contains leftover data, which may result in RTL simulation hanging.
WARNING: Hls::stream 'hls::stream<ImemRequest, 0>276' contains leftover data, which may result in RTL simulation hanging.
WARNING: Hls::stream 'hls::stream<ImemRequest, 0>277' contains leftover data, which may result in RTL simulation hanging.
PF2_DIRECTED_PASS checks=2239 failures=0 conditional_mode=SHADOW_ONLY
INFO: [SIM 211-1] CSim done with 0 errors.
INFO: [SIM 211-3] *************** CSIM finish ***************
INFO: [HLS 200-111] Finished Command csim_design CPU user time: 1.43 seconds. CPU system time: 0.32 seconds. Elapsed time: 1.22 seconds; current allocated memory: -937.109 MB.
INFO: [HLS 200-112] Total CPU user time: 2.78 seconds. Total CPU system time: 0.7 seconds. Total elapsed time: 2.27 seconds; peak allocated memory: 415.684 MB.
INFO: [Common 17-206] Exiting vitis_hls at Fri Sep  4 19:57:57 2026...
