#-----------------------------------------------------------
# xsim v2021.2 (64-bit)
# SW Build 3367213 on Tue Oct 19 02:47:39 MDT 2021
# IP Build 3369179 on Thu Oct 21 08:25:16 MDT 2021
# Start of session at: Tue Aug 11 20:24:46 2026
# Process ID: 52429
# Current directory: /home/lab_726/boom/hls_boom/build/gate5_1_frontend/repair/r4/m3c_full_core_rtl/base_m3b/xsim
# Command line: xsim -log /home/lab_726/boom/hls_boom/reports/gate5_1_frontend/repair/r4/m3c_full_core_rtl/logs/rv64m_load_mix.log -mode tcl -source {xsim.dir/gate3_9_snapshot/xsim_script.tcl}
# Log file: /home/lab_726/boom/hls_boom/reports/gate5_1_frontend/repair/r4/m3c_full_core_rtl/logs/rv64m_load_mix.log
# Journal file: /home/lab_726/boom/hls_boom/build/gate5_1_frontend/repair/r4/m3c_full_core_rtl/base_m3b/xsim/xsim.jou
# Running On: 726, OS: Linux, CPU Frequency: 4557.159 MHz, CPU Physical cores: 14, Host memory: 67148 MB
#-----------------------------------------------------------
source xsim.dir/gate3_9_snapshot/xsim_script.tcl
# xsim {gate3_9_snapshot} -testplusarg PROGRAM=/home/lab_726/boom/hls_boom/build/gate5_1_frontend/repair/r4/m3c_full_core_rtl/base_m3b/xsim/rv64m_load_mix.readmemh -testplusarg PROGRAM_NAME=rv64m_load_mix -testplusarg SCENARIO=N0_NORMAL_INDEPENDENT_ALU -testplusarg MAX_CYCLES=1000000 -testplusarg TRACE=/home/lab_726/boom/hls_boom/reports/gate5_1_frontend/repair/r4/m3c_full_core_rtl/traces/rv64m_load_mix.jsonl -autoloadwcfg -runall -onerror quit
Time resolution is 1 ps
run -all
GATE3_8_IMEM program=/home/lab_726/boom/hls_boom/build/gate5_1_frontend/repair/r4/m3c_full_core_rtl/base_m3b/xsim/rv64m_load_mix.readmemh
GATE3_8_START scenario=N0_NORMAL_INDEPENDENT_ALU code=0 program=rv64m_load_mix max_cycles=1000000
GATE3_8_PASS scenario=N0_NORMAL_INDEPENDENT_ALU cycles=76704 commits=16 resets=1 imem=50 dmem=3 loads=1 stores=2 tohost=0000000000000001
$finish called at time : 767085 ns : File "/home/lab_726/boom/hls_boom/rtl_tb/boom_core_rtl_tb.sv" Line 282
run: Time (s): cpu = 00:00:00.37 ; elapsed = 00:00:07 . Memory (MB): peak = 2685.672 ; gain = 0.000 ; free physical = 11649 ; free virtual = 57523
exit
INFO: [Common 17-206] Exiting xsim at Tue Aug 11 20:24:57 2026...
