#-----------------------------------------------------------
# xsim v2021.2 (64-bit)
# SW Build 3367213 on Tue Oct 19 02:47:39 MDT 2021
# IP Build 3369179 on Thu Oct 21 08:25:16 MDT 2021
# Start of session at: Tue Aug 11 20:23:21 2026
# Process ID: 51979
# Current directory: /home/lab_726/boom/hls_boom/build/gate5_1_frontend/repair/r4/m3c_full_core_rtl/base_m3b/xsim
# Command line: xsim -log /home/lab_726/boom/hls_boom/reports/gate5_1_frontend/repair/r4/m3c_full_core_rtl/logs/rv64m_all_13.log -mode tcl -source {xsim.dir/gate3_9_snapshot/xsim_script.tcl}
# Log file: /home/lab_726/boom/hls_boom/reports/gate5_1_frontend/repair/r4/m3c_full_core_rtl/logs/rv64m_all_13.log
# Journal file: /home/lab_726/boom/hls_boom/build/gate5_1_frontend/repair/r4/m3c_full_core_rtl/base_m3b/xsim/xsim.jou
# Running On: 726, OS: Linux, CPU Frequency: 3468.847 MHz, CPU Physical cores: 14, Host memory: 67148 MB
#-----------------------------------------------------------
source xsim.dir/gate3_9_snapshot/xsim_script.tcl
# xsim {gate3_9_snapshot} -testplusarg PROGRAM=/home/lab_726/boom/hls_boom/build/gate5_1_frontend/repair/r4/m3c_full_core_rtl/base_m3b/xsim/rv64m_all_13.readmemh -testplusarg PROGRAM_NAME=rv64m_all_13 -testplusarg SCENARIO=N0_NORMAL_INDEPENDENT_ALU -testplusarg MAX_CYCLES=1000000 -testplusarg TRACE=/home/lab_726/boom/hls_boom/reports/gate5_1_frontend/repair/r4/m3c_full_core_rtl/traces/rv64m_all_13.jsonl -autoloadwcfg -runall -onerror quit
Time resolution is 1 ps
run -all
GATE3_8_IMEM program=/home/lab_726/boom/hls_boom/build/gate5_1_frontend/repair/r4/m3c_full_core_rtl/base_m3b/xsim/rv64m_all_13.readmemh
GATE3_8_START scenario=N0_NORMAL_INDEPENDENT_ALU code=0 program=rv64m_all_13 max_cycles=1000000
GATE3_8_PASS scenario=N0_NORMAL_INDEPENDENT_ALU cycles=35383 commits=24 resets=1 imem=35 dmem=1 loads=0 stores=1 tohost=0000000000000001
$finish called at time : 353875 ns : File "/home/lab_726/boom/hls_boom/rtl_tb/boom_core_rtl_tb.sv" Line 282
exit
INFO: [Common 17-206] Exiting xsim at Tue Aug 11 20:23:28 2026...
