#-----------------------------------------------------------
# xsim v2021.2 (64-bit)
# SW Build 3367213 on Tue Oct 19 02:47:39 MDT 2021
# IP Build 3369179 on Thu Oct 21 08:25:16 MDT 2021
# Start of session at: Tue Aug 11 20:25:04 2026
# Process ID: 52540
# Current directory: /home/lab_726/boom/hls_boom/build/gate5_1_frontend/repair/r4/m3c_full_core_rtl/base_m3b/xsim
# Command line: xsim -log /home/lab_726/boom/hls_boom/reports/gate5_1_frontend/repair/r4/m3c_full_core_rtl/logs/rv64m_reset_replay.log -mode tcl -source {xsim.dir/gate3_9_snapshot/xsim_script.tcl}
# Log file: /home/lab_726/boom/hls_boom/reports/gate5_1_frontend/repair/r4/m3c_full_core_rtl/logs/rv64m_reset_replay.log
# Journal file: /home/lab_726/boom/hls_boom/build/gate5_1_frontend/repair/r4/m3c_full_core_rtl/base_m3b/xsim/xsim.jou
# Running On: 726, OS: Linux, CPU Frequency: 5300.000 MHz, CPU Physical cores: 14, Host memory: 67148 MB
#-----------------------------------------------------------
source xsim.dir/gate3_9_snapshot/xsim_script.tcl
# xsim {gate3_9_snapshot} -testplusarg PROGRAM=/home/lab_726/boom/hls_boom/build/gate5_1_frontend/repair/r4/m3c_full_core_rtl/base_m3b/xsim/rv64m_reset_replay.readmemh -testplusarg PROGRAM_NAME=rv64m_reset_replay -testplusarg SCENARIO=R8_DOUBLE_RUNTIME_RESET -testplusarg MAX_CYCLES=1000000 -testplusarg TRACE=/home/lab_726/boom/hls_boom/reports/gate5_1_frontend/repair/r4/m3c_full_core_rtl/traces/rv64m_reset_replay.jsonl -autoloadwcfg -runall -onerror quit
Time resolution is 1 ps
run -all
GATE3_8_IMEM program=/home/lab_726/boom/hls_boom/build/gate5_1_frontend/repair/r4/m3c_full_core_rtl/base_m3b/xsim/rv64m_reset_replay.readmemh
GATE3_8_START scenario=R8_DOUBLE_RUNTIME_RESET code=48 program=rv64m_reset_replay max_cycles=1000000
GATE3_8_PASS scenario=R8_DOUBLE_RUNTIME_RESET cycles=82052 commits=15 resets=3 imem=53 dmem=1 loads=0 stores=1 tohost=0000000000000001
$finish called at time : 820565 ns : File "/home/lab_726/boom/hls_boom/rtl_tb/boom_core_rtl_tb.sv" Line 282
run: Time (s): cpu = 00:00:00.36 ; elapsed = 00:00:07 . Memory (MB): peak = 2685.672 ; gain = 0.000 ; free physical = 11674 ; free virtual = 57548
exit
INFO: [Common 17-206] Exiting xsim at Tue Aug 11 20:25:15 2026...
