#-----------------------------------------------------------
# xsim v2021.2 (64-bit)
# SW Build 3367213 on Tue Oct 19 02:47:39 MDT 2021
# IP Build 3369179 on Thu Oct 21 08:25:16 MDT 2021
# Start of session at: Thu Jul 30 22:16:10 2026
# Process ID: 222596
# Current directory: /home/lab_726/boom/hls_boom/build/gate4_0/w2_issue_xsim
# Command line: xsim -log /home/lab_726/boom/hls_boom/reports/gate4_0/w2/issue_rtl/logs/branch_kill_mem.log -mode tcl -source {xsim.dir/w2_issue_snapshot/xsim_script.tcl}
# Log file: /home/lab_726/boom/hls_boom/reports/gate4_0/w2/issue_rtl/logs/branch_kill_mem.log
# Journal file: /home/lab_726/boom/hls_boom/build/gate4_0/w2_issue_xsim/xsim.jou
# Running On: 726, OS: Linux, CPU Frequency: 2119.584 MHz, CPU Physical cores: 14, Host memory: 67148 MB
#-----------------------------------------------------------
source xsim.dir/w2_issue_snapshot/xsim_script.tcl
# xsim {w2_issue_snapshot} -testplusarg SEED=31 -testplusarg COUNT=0 -testplusarg GENERATED=1 -testplusarg ACCEPTED=1 -testplusarg RETAINED=0 -testplusarg MEM_VALID=0 -testplusarg MEM_ACCEPTED=0 -testplusarg INT_VALID=1 -testplusarg INT_ACCEPTED=1 -testplusarg SURVIVOR_ROB=0 -testplusarg ISSUED_ROB=2 -autoloadwcfg -runall -onerror quit
Time resolution is 1 ps
run -all
W2_RTL_PASS observable=02000c0000010100
$finish called at time : 1985 ns : File "/home/lab_726/boom/hls_boom/rtl_tb/gate4_0/w2_issue_select_tb.sv" Line 58
exit
INFO: [Common 17-206] Exiting xsim at Thu Jul 30 22:16:14 2026...
