#-----------------------------------------------------------
# xsim v2021.2 (64-bit)
# SW Build 3367213 on Tue Oct 19 02:47:39 MDT 2021
# IP Build 3369179 on Thu Oct 21 08:25:16 MDT 2021
# Start of session at: Thu Jul 30 22:16:01 2026
# Process ID: 222496
# Current directory: /home/lab_726/boom/hls_boom/build/gate4_0/w2_issue_xsim
# Command line: xsim -log /home/lab_726/boom/hls_boom/reports/gate4_0/w2/issue_rtl/logs/int_busy_mem_accept.log -mode tcl -source {xsim.dir/w2_issue_snapshot/xsim_script.tcl}
# Log file: /home/lab_726/boom/hls_boom/reports/gate4_0/w2/issue_rtl/logs/int_busy_mem_accept.log
# Journal file: /home/lab_726/boom/hls_boom/build/gate4_0/w2_issue_xsim/xsim.jou
# Running On: 726, OS: Linux, CPU Frequency: 2227.020 MHz, CPU Physical cores: 14, Host memory: 67148 MB
#-----------------------------------------------------------
source xsim.dir/w2_issue_snapshot/xsim_script.tcl
# xsim {w2_issue_snapshot} -testplusarg SEED=7 -testplusarg COUNT=1 -testplusarg GENERATED=2 -testplusarg ACCEPTED=1 -testplusarg RETAINED=1 -testplusarg MEM_VALID=1 -testplusarg MEM_ACCEPTED=1 -testplusarg INT_VALID=1 -testplusarg INT_ACCEPTED=0 -testplusarg SURVIVOR_ROB=2 -testplusarg ISSUED_ROB=1 -autoloadwcfg -runall -onerror quit
Time resolution is 1 ps
run -all
W2_RTL_PASS observable=0102070001010201
$finish called at time : 2015 ns : File "/home/lab_726/boom/hls_boom/rtl_tb/gate4_0/w2_issue_select_tb.sv" Line 58
exit
INFO: [Common 17-206] Exiting xsim at Thu Jul 30 22:16:05 2026...
