

================================================================
== Vitis HLS Report for 'synth_mul_top'
================================================================
* Date:           Wed Aug  5 09:25:41 2026

* Version:        2021.2 (Build 3367213 on Tue Oct 19 02:47:39 MDT 2021)
* Project:        synth_mul_top
* Solution:       solution_gate4_1_m2c_ss (Vivado IP Flow Target)
* Product family: zynquplus
* Target device:  xczu7ev-ffvc1156-2-e


================================================================
== Performance Estimates
================================================================
+ Timing: 
    * Summary: 
    +--------+----------+----------+------------+
    |  Clock |  Target  | Estimated| Uncertainty|
    +--------+----------+----------+------------+
    |ap_clk  |  10.00 ns|  4.717 ns|     2.70 ns|
    +--------+----------+----------+------------+

+ Latency: 
    * Summary: 
    +---------+---------+-----------+-----------+-----+-----+---------+
    |  Latency (cycles) |   Latency (absolute)  |  Interval | Pipeline|
    |   min   |   max   |    min    |    max    | min | max |   Type  |
    +---------+---------+-----------+-----------+-----+-----+---------+
    |        1|        1|  10.000 ns|  10.000 ns|    2|    2|       no|
    +---------+---------+-----------+-----------+-----+-----+---------+

    + Detail: 
        * Instance: 
        N/A

        * Loop: 
        N/A



================================================================
== Utilization Estimates
================================================================
* Summary: 
+-----------------+---------+------+--------+--------+-----+
|       Name      | BRAM_18K|  DSP |   FF   |   LUT  | URAM|
+-----------------+---------+------+--------+--------+-----+
|DSP              |        -|     -|       -|       -|    -|
|Expression       |        -|     -|       0|     621|    -|
|FIFO             |        -|     -|       -|       -|    -|
|Instance         |        -|    18|       0|      66|    -|
|Memory           |        -|     -|       -|       -|    -|
|Multiplexer      |        -|     -|       -|      14|    -|
|Register         |        -|     -|     264|       -|    -|
+-----------------+---------+------+--------+--------+-----+
|Total            |        0|    18|     264|     701|    0|
+-----------------+---------+------+--------+--------+-----+
|Available        |      624|  1728|  460800|  230400|   96|
+-----------------+---------+------+--------+--------+-----+
|Utilization (%)  |        0|     1|      ~0|      ~0|    0|
+-----------------+---------+------+--------+--------+-----+

+ Detail: 
    * Instance: 
    +--------------------------+-----------------------+---------+----+---+----+-----+
    |         Instance         |         Module        | BRAM_18K| DSP| FF| LUT| URAM|
    +--------------------------+-----------------------+---------+----+---+----+-----+
    |mul_32s_32s_32_1_1_U2     |mul_32s_32s_32_1_1     |        0|   3|  0|  20|    0|
    |mul_64ns_64ns_128_1_1_U1  |mul_64ns_64ns_128_1_1  |        0|  15|  0|  46|    0|
    +--------------------------+-----------------------+---------+----+---+----+-----+
    |Total                     |                       |        0|  18|  0|  66|    0|
    +--------------------------+-----------------------+---------+----+---+----+-----+

    * DSP: 
    N/A

    * Memory: 
    N/A

    * FIFO: 
    N/A

    * Expression: 
    +-----------------------------+----------+----+---+----+------------+------------+
    |        Variable Name        | Operation| DSP| FF| LUT| Bitwidth P0| Bitwidth P1|
    +-----------------------------+----------+----+---+----+------------+------------+
    |high_1_fu_182_p2             |         -|   0|  0|  71|          64|          64|
    |high_3_fu_199_p2             |         -|   0|  0|  71|          64|          64|
    |icmp_ln1635_1_fu_130_p2      |      icmp|   0|  0|  11|           8|           2|
    |icmp_ln1635_2_fu_136_p2      |      icmp|   0|  0|  11|           8|           2|
    |icmp_ln1635_3_fu_142_p2      |      icmp|   0|  0|  11|           8|           1|
    |icmp_ln1635_4_fu_148_p2      |      icmp|   0|  0|  11|           8|           1|
    |icmp_ln1635_fu_124_p2        |      icmp|   0|  0|  11|           8|           3|
    |or_ln1635_1_fu_160_p2        |        or|   0|  0|   2|           1|           1|
    |or_ln1635_2_fu_166_p2        |        or|   0|  0|   2|           1|           1|
    |or_ln1635_fu_154_p2          |        or|   0|  0|   2|           1|           1|
    |valid                        |        or|   0|  0|   2|           1|           1|
    |high_5_fu_186_p3             |    select|   0|  0|  64|           1|          64|
    |high_6_fu_204_p3             |    select|   0|  0|  64|           1|          64|
    |response_result_5_fu_216_p3  |    select|   0|  0|  32|           1|          32|
    |response_result_6_fu_227_p3  |    select|   0|  0|  64|           1|          64|
    |response_result_7_fu_233_p3  |    select|   0|  0|  64|           1|          64|
    |response_result_8_fu_240_p3  |    select|   0|  0|  64|           1|          64|
    |result                       |    select|   0|  0|  64|           1|          64|
    +-----------------------------+----------+----+---+----+------------+------------+
    |Total                        |          |   0|  0| 621|         179|         557|
    +-----------------------------+----------+----+---+----+------------+------------+

    * Multiplexer: 
    +-----------+----+-----------+-----+-----------+
    |    Name   | LUT| Input Size| Bits| Total Bits|
    +-----------+----+-----------+-----+-----------+
    |ap_NS_fsm  |  14|          3|    1|          3|
    +-----------+----+-----------+-----+-----------+
    |Total      |  14|          3|    1|          3|
    +-----------+----+-----------+-----+-----------+

    * Register: 
    +-----------------------+-----+----+-----+-----------+
    |          Name         |  FF | LUT| Bits| Const Bits|
    +-----------------------+-----+----+-----+-----------+
    |ap_CS_fsm              |    2|   0|    2|          0|
    |high_reg_271           |   64|   0|   64|          0|
    |icmp_ln1635_1_reg_298  |    1|   0|    1|          0|
    |icmp_ln1635_2_reg_303  |    1|   0|    1|          0|
    |icmp_ln1635_3_reg_308  |    1|   0|    1|          0|
    |icmp_ln1635_4_reg_313  |    1|   0|    1|          0|
    |icmp_ln1635_reg_293    |    1|   0|    1|          0|
    |lhs_word_reg_283       |   32|   0|   32|          0|
    |ret_reg_266            |  128|   0|  128|          0|
    |rhs_word_reg_288       |   32|   0|   32|          0|
    |tmp_reg_278            |    1|   0|    1|          0|
    +-----------------------+-----+----+-----+-----------+
    |Total                  |  264|   0|  264|          0|
    +-----------------------+-----+----+-----+-----------+



================================================================
== Interface
================================================================
* Summary: 
+-------------------+-----+-----+------------+---------------+--------------+
|     RTL Ports     | Dir | Bits|  Protocol  | Source Object |    C Type    |
+-------------------+-----+-----+------------+---------------+--------------+
|ap_local_block     |  out|    1|  ap_ctrl_hs|  synth_mul_top|  return value|
|ap_local_deadlock  |  out|    1|  ap_ctrl_hs|  synth_mul_top|  return value|
|ap_clk             |   in|    1|  ap_ctrl_hs|  synth_mul_top|  return value|
|ap_rst             |   in|    1|  ap_ctrl_hs|  synth_mul_top|  return value|
|ap_start           |   in|    1|  ap_ctrl_hs|  synth_mul_top|  return value|
|ap_done            |  out|    1|  ap_ctrl_hs|  synth_mul_top|  return value|
|ap_idle            |  out|    1|  ap_ctrl_hs|  synth_mul_top|  return value|
|ap_ready           |  out|    1|  ap_ctrl_hs|  synth_mul_top|  return value|
|operation          |   in|    8|     ap_none|      operation|        scalar|
|lhs                |   in|   64|     ap_none|            lhs|        scalar|
|rhs                |   in|   64|     ap_none|            rhs|        scalar|
|result             |  out|   64|      ap_vld|         result|       pointer|
|result_ap_vld      |  out|    1|      ap_vld|         result|       pointer|
|valid              |  out|    1|      ap_vld|          valid|       pointer|
|valid_ap_vld       |  out|    1|      ap_vld|          valid|       pointer|
+-------------------+-----+-----+------------+---------------+--------------+

