#-----------------------------------------------------------
# xsim v2021.2 (64-bit)
# SW Build 3367213 on Tue Oct 19 02:47:39 MDT 2021
# IP Build 3369179 on Thu Oct 21 08:25:16 MDT 2021
# Start of session at: Tue Aug 11 20:09:57 2026
# Process ID: 48316
# Current directory: /home/lab_726/boom/hls_boom/build/gate5_1_frontend/r4_gate3_9_epoch_fix
# Command line: xsim -log /home/lab_726/boom/hls_boom/reports/gate5_1_frontend/repair/r4/gate3_9/logs/branch_taken_B2_TRACE_STALL_BURST.log -mode tcl -source {xsim.dir/gate3_9_snapshot/xsim_script.tcl}
# Log file: /home/lab_726/boom/hls_boom/reports/gate5_1_frontend/repair/r4/gate3_9/logs/branch_taken_B2_TRACE_STALL_BURST.log
# Journal file: /home/lab_726/boom/hls_boom/build/gate5_1_frontend/r4_gate3_9_epoch_fix/xsim.jou
# Running On: 726, OS: Linux, CPU Frequency: 5300.000 MHz, CPU Physical cores: 14, Host memory: 67148 MB
#-----------------------------------------------------------
source xsim.dir/gate3_9_snapshot/xsim_script.tcl
# xsim {gate3_9_snapshot} -testplusarg PROGRAM=/home/lab_726/boom/hls_boom/build/gate5_1_frontend/r4_gate3_9_epoch_fix/branch_taken.readmemh -testplusarg PROGRAM_NAME=branch_taken -testplusarg SCENARIO=B2_TRACE_STALL_BURST -testplusarg MAX_CYCLES=50000 -testplusarg TRACE=/home/lab_726/boom/hls_boom/reports/gate5_1_frontend/repair/r4/gate3_9/rtl_traces/branch_taken_B2_TRACE_STALL_BURST.jsonl -autoloadwcfg -runall -onerror quit
Time resolution is 1 ps
run -all
GATE3_8_IMEM program=/home/lab_726/boom/hls_boom/build/gate5_1_frontend/r4_gate3_9_epoch_fix/branch_taken.readmemh
GATE3_8_START scenario=B2_TRACE_STALL_BURST code=12 program=branch_taken max_cycles=50000
GATE3_8_PASS scenario=B2_TRACE_STALL_BURST cycles=19482 commits=13 resets=1 imem=17 dmem=1 loads=0 stores=1 tohost=0000000000000001
$finish called at time : 194865 ns : File "/home/lab_726/boom/hls_boom/rtl_tb/boom_core_rtl_tb.sv" Line 282
exit
INFO: [Common 17-206] Exiting xsim at Tue Aug 11 20:10:03 2026...
