#-----------------------------------------------------------
# xsim v2021.2 (64-bit)
# SW Build 3367213 on Tue Oct 19 02:47:39 MDT 2021
# IP Build 3369179 on Thu Oct 21 08:25:16 MDT 2021
# Start of session at: Tue Aug 11 20:06:09 2026
# Process ID: 47064
# Current directory: /home/lab_726/boom/hls_boom/build/gate5_1_frontend/repair/r4/gate3_9_xsim
# Command line: xsim -log /home/lab_726/boom/hls_boom/reports/gate5_1_frontend/repair/r4/gate3_9/logs/r0_retry.log -mode tcl -source {xsim.dir/gate3_9_snapshot/xsim_script.tcl}
# Log file: /home/lab_726/boom/hls_boom/reports/gate5_1_frontend/repair/r4/gate3_9/logs/r0_retry.log
# Journal file: /home/lab_726/boom/hls_boom/build/gate5_1_frontend/repair/r4/gate3_9_xsim/xsim.jou
# Running On: 726, OS: Linux, CPU Frequency: 1845.996 MHz, CPU Physical cores: 14, Host memory: 67148 MB
#-----------------------------------------------------------
source xsim.dir/gate3_9_snapshot/xsim_script.tcl
# xsim {gate3_9_snapshot} -testplusarg PROGRAM=/home/lab_726/boom/hls_boom/build/gate5_1_frontend/repair/r4/gate3_9_xsim/independent_alu.readmemh -testplusarg PROGRAM_NAME=independent_alu -testplusarg SCENARIO=R0_POWER_ON_RESET -testplusarg MAX_CYCLES=50000 -testplusarg TRACE=/home/lab_726/boom/hls_boom/reports/gate5_1_frontend/repair/r4/gate3_9/rtl_traces/r0_retry.jsonl -autoloadwcfg -runall -onerror quit
Time resolution is 1 ps
run -all
GATE3_8_IMEM program=/home/lab_726/boom/hls_boom/build/gate5_1_frontend/repair/r4/gate3_9_xsim/independent_alu.readmemh
GATE3_8_START scenario=R0_POWER_ON_RESET code=0 program=independent_alu max_cycles=50000
GATE3_8_PASS scenario=R0_POWER_ON_RESET cycles=16509 commits=12 resets=1 imem=15 dmem=1 loads=0 stores=1 tohost=0000000000000001
$finish called at time : 165135 ns : File "/home/lab_726/boom/hls_boom/rtl_tb/boom_core_rtl_tb.sv" Line 282
exit
INFO: [Common 17-206] Exiting xsim at Tue Aug 11 20:06:15 2026...
