#-----------------------------------------------------------
# xsim v2021.2 (64-bit)
# SW Build 3367213 on Tue Oct 19 02:47:39 MDT 2021
# IP Build 3369179 on Thu Oct 21 08:25:16 MDT 2021
# Start of session at: Tue Sep 15 18:38:10 2026
# Process ID: 45306
# Current directory: /tmp/boom_hls/g6_l1_closure/pf3/product_rtl
# Command line: xsim -log /home/lab_726/boom/hls_boom/reports/gate6_0_full_lsu/l1/pf3/logs/pf3_exception_flush.log -mode tcl -source {xsim.dir/pf3_product_snapshot/xsim_script.tcl}
# Log file: /home/lab_726/boom/hls_boom/reports/gate6_0_full_lsu/l1/pf3/logs/pf3_exception_flush.log
# Journal file: /tmp/boom_hls/g6_l1_closure/pf3/product_rtl/xsim.jou
# Running On: 726, OS: Linux, CPU Frequency: 2190.338 MHz, CPU Physical cores: 14, Host memory: 67148 MB
#-----------------------------------------------------------
source xsim.dir/pf3_product_snapshot/xsim_script.tcl
# xsim {pf3_product_snapshot} -testplusarg PROGRAM=/tmp/boom_hls/g6_l1_closure/pf3/programs/pf3_exception_flush.hex -testplusarg PROGRAM_NAME=pf3_exception_flush -testplusarg EXPECT_TRAP=1 -testplusarg RESET_MIDSTREAM=0 -testplusarg TRACE=/home/lab_726/boom/hls_boom/reports/gate6_0_full_lsu/l1/pf3/traces/pf3_exception_flush.jsonl -autoloadwcfg -runall -onerror quit
Time resolution is 1 ps
run -all
GATE3_8_IMEM program=/tmp/boom_hls/g6_l1_closure/pf3/programs/pf3_exception_flush.hex
PF3_RTL_EVENT program=pf3_exception_flush alloc=8 reclaim=4 redirect=2 wrap=0 reuse=0 generation_retry=51 reset=0 max_occupancy=1 commits=5 cycles=19915
PF3_PRODUCT_RTL_PASS program=pf3_exception_flush
$finish called at time : 199205 ns : File "/home/lab_726/boom/hls_boom/rtl_tb/pf3_product_rtl_tb.sv" Line 119
exit
INFO: [Common 17-206] Exiting xsim at Tue Sep 15 18:38:18 2026...
