
****** Vitis HLS - High-Level Synthesis from C, C++ and OpenCL v2021.2 (64-bit)
  **** SW Build 3367213 on Tue Oct 19 02:47:39 MDT 2021
  **** IP Build 3369179 on Thu Oct 21 08:25:16 MDT 2021
    ** Copyright 1986-2021 Xilinx, Inc. All Rights Reserved.

source /home/lab_726/Xilinx/Vitis_HLS/2021.2/scripts/vitis_hls/hls.tcl -notrace
INFO: [HLS 200-10] Running '/home/lab_726/Xilinx/Vitis_HLS/2021.2/bin/unwrapped/lnx64.o/vitis_hls'
INFO: [HLS 200-10] For user 'lab_726' on host '726' (Linux_x86_64 version 6.8.0-136-generic) on Tue Aug 11 19:22:55 CST 2026
INFO: [HLS 200-10] On os Ubuntu 22.04.5 LTS
INFO: [HLS 200-10] In directory '/home/lab_726/boom/hls_boom/build/gate5_1_frontend/repair/r4/w3_rtl'
Sourcing Tcl script '/home/lab_726/boom/hls_boom/build/gate5_1_frontend/repair/r4/w3_rtl/run_w3_csynth.tcl'
INFO: [HLS 200-1510] Running: open_project -reset hls_rob_wrap_project
INFO: [HLS 200-10] Creating and opening project '/home/lab_726/boom/hls_boom/build/gate5_1_frontend/repair/r4/w3_rtl/hls_rob_wrap_project'.
INFO: [HLS 200-1510] Running: set_top synth_w3_rob_wrap_top
INFO: [HLS 200-1510] Running: add_files -cflags -std=c++11 -I/home/lab_726/boom/hls_boom/include -DBOOM_HLS_W3_DIAGNOSTIC -DBOOM_HLS_W4A_COMPLETION_DIAGNOSTIC /home/lab_726/boom/hls_boom/src/boom_core_merged.cpp
INFO: [HLS 200-10] Adding design file '/home/lab_726/boom/hls_boom/src/boom_core_merged.cpp' to the project
INFO: [HLS 200-1510] Running: open_solution -reset solution_w3_rtl
INFO: [HLS 200-10] Creating and opening solution '/home/lab_726/boom/hls_boom/build/gate5_1_frontend/repair/r4/w3_rtl/hls_rob_wrap_project/solution_w3_rtl'.
INFO: [HLS 200-10] Cleaning up the solution database.
WARNING: [HLS 200-40] No /home/lab_726/boom/hls_boom/build/gate5_1_frontend/repair/r4/w3_rtl/hls_rob_wrap_project/solution_w3_rtl/solution_w3_rtl.aps file found.
INFO: [HLS 200-1505] Using default flow_target 'vivado'
Resolution: For help on HLS 200-1505 see www.xilinx.com/cgi-bin/docs/rdoc?v=2021.2;t=hls+guidance;d=200-1505.html
INFO: [HLS 200-1510] Running: set_part xczu7ev-ffvc1156-2-e
INFO: [HLS 200-1611] Setting target device to 'xczu7ev-ffvc1156-2-e'
INFO: [HLS 200-1510] Running: create_clock -period 10 -name default
INFO: [SYN 201-201] Setting up clock 'default' with a period of 10ns.
INFO: [HLS 200-1510] Running: add_files -tb -cflags -std=c++11 -I/home/lab_726/boom/hls_boom/include /home/lab_726/boom/hls_boom/tb/differential/w3_rtl_wrapper_tests.cpp
INFO: [HLS 200-10] Adding test bench file '/home/lab_726/boom/hls_boom/tb/differential/w3_rtl_wrapper_tests.cpp' to the project
INFO: [HLS 200-1510] Running: csim_design -clean
INFO: [SIM 211-2] *************** CSIM start ***************
INFO: [SIM 211-4] CSIM will launch GCC as the compiler.
   Compiling ../../../../../../../../../tb/differential/w3_rtl_wrapper_tests.cpp in debug mode
   Compiling ../../../../../../../../../src/boom_core_merged.cpp in debug mode
   Generating csim.exe
make: Warning: File '/dev/null' has modification time 10314 s in the future
make: warning:  Clock skew detected.  Your build may be incomplete.
W3_WRAPPER_PASS case=int_blocked_mem_forward observed=001d000b00000117
W3_WRAPPER_PASS case=dual_pending observed=0020000008d00002
W3_WRAPPER_PASS case=branch_kill observed=0000000008100400
W3_WRAPPER_PASS case=rob_wrap_multiple_identity observed=0000005cf8d00001
INFO: [SIM 211-1] CSim done with 0 errors.
INFO: [SIM 211-3] *************** CSIM finish ***************
INFO: [HLS 200-111] Finished Command csim_design CPU user time: 1.24 seconds. CPU system time: 0.22 seconds. Elapsed time: 0.91 seconds; current allocated memory: -937.109 MB.
INFO: [HLS 200-1510] Running: config_compile -pipeline_loops 0
INFO: [XFORM 203-1171] Pipeline the innermost loop with trip count more than 0 or its parent loop when its trip count is less than or equal 0.
INFO: [HLS 200-1510] Running: set_directive_inline boom::lsu_module
INFO: [HLS 200-1510] Running: set_directive_inline boom::rob_commit_module
INFO: [HLS 200-1510] Running: csynth_design
INFO: [HLS 200-111] Finished File checks and directory preparation: CPU user time: 0.01 seconds. CPU system time: 0 seconds. Elapsed time: 0.01 seconds; current allocated memory: 415.477 MB.
INFO: [HLS 200-10] Analyzing design file '/home/lab_726/boom/hls_boom/src/boom_core_merged.cpp' ...
INFO: [HLS 200-111] Finished Source Code Analysis and Preprocessing: CPU user time: 1.98 seconds. CPU system time: 0.24 seconds. Elapsed time: 2.22 seconds; current allocated memory: 419.797 MB.
INFO: [HLS 200-777] Using interface defaults for 'Vivado' flow target.
INFO: [HLS 214-284] Auto array partition mode is set into default.
INFO: [HLS 214-131] Inlining function 'boom::completion_writes_integer(RobCompleteEvent const&)' into 'boom::apply_completion_selected(BoomCoreState&, RobCompleteEvent const&, bool, bool)' (/home/lab_726/boom/hls_boom/src/boom_core_merged.cpp:724:27)
INFO: [HLS 214-131] Inlining function 'boom::prf_seed(BoomCoreState&, unsigned char, unsigned long)' into 'boom::apply_completion_selected(BoomCoreState&, RobCompleteEvent const&, bool, bool)' (/home/lab_726/boom/hls_boom/src/boom_core_merged.cpp:743:9)
INFO: [HLS 214-131] Inlining function 'boom::apply_completion_selected(BoomCoreState&, RobCompleteEvent const&, bool, bool)' into 'boom::apply_completion(BoomCoreState&, RobCompleteEvent const&)' (/home/lab_726/boom/hls_boom/src/boom_core_merged.cpp:766:12)
INFO: [HLS 214-131] Inlining function 'boom::completion_from_execute(ExecuteState::AluResult const&, CompletionSourceId, RobCompleteEvent&)' into 'boom::completion_service_execute_w4a(BoomCoreState&)' (/home/lab_726/boom/hls_boom/src/boom_core_merged.cpp:1336:5)
INFO: [HLS 214-131] Inlining function 'boom::completion_from_execute(ExecuteState::AluResult const&, CompletionSourceId, RobCompleteEvent&)' into 'boom::completion_service_execute_w4a(BoomCoreState&)' (/home/lab_726/boom/hls_boom/src/boom_core_merged.cpp:1338:5)
INFO: [HLS 214-131] Inlining function 'boom::select_completion_serial(BoomCoreState const&, RobCompleteEvent const&, RobCompleteEvent const&, bool&)' into 'boom::completion_service_execute_w4a(BoomCoreState&)' (/home/lab_726/boom/hls_boom/src/boom_core_merged.cpp:1345:35)
INFO: [HLS 214-131] Inlining function 'w3_seed_rob(BoomCoreState&, unsigned char, unsigned int)' into 'synth_w3_rob_wrap_top(unsigned int, unsigned long&)' (/home/lab_726/boom/hls_boom/src/boom_core_merged.cpp:4377:5)
INFO: [HLS 214-131] Inlining function 'w3_seed_rob(BoomCoreState&, unsigned char, unsigned int)' into 'synth_w3_rob_wrap_top(unsigned int, unsigned long&)' (/home/lab_726/boom/hls_boom/src/boom_core_merged.cpp:4378:5)
INFO: [HLS 214-131] Inlining function 'boom::rob_complete(BoomCoreState&)' into 'synth_w3_rob_wrap_top(unsigned int, unsigned long&)' (/home/lab_726/boom/hls_boom/src/boom_core_merged.cpp:4382:5)
INFO: [HLS 214-178] Inlining function 'MicroOp::MicroOp() (.30.84.90.144.150.204.210.264)' into 'FrontendState::FrontendState()' (/home/lab_726/boom/hls_boom/include/boom_state.hpp:31:0)
INFO: [HLS 214-178] Inlining function 'MicroOp::MicroOp() (.30.84.90.144.150.204.210.264)' into 'DecodeState::DecodeState()' (/home/lab_726/boom/hls_boom/include/boom_state.hpp:37:0)
INFO: [HLS 214-178] Inlining function 'MicroOp::MicroOp() (.30.84.90.144.150.204.210.264)' into 'RenameDispatchPacket::RenameDispatchPacket()' (/home/lab_726/boom/hls_boom/include/boom_state.hpp:78:0)
INFO: [HLS 214-178] Inlining function 'RenameMapTableState::RenameMapTableState()' into 'RenameState::RenameState()' (/home/lab_726/boom/hls_boom/include/boom_state.hpp:81:0)
INFO: [HLS 214-178] Inlining function 'RenameFreeListState::RenameFreeListState()' into 'RenameState::RenameState()' (/home/lab_726/boom/hls_boom/include/boom_state.hpp:81:0)
INFO: [HLS 214-178] Inlining function 'RenameDispatchPacket::RenameDispatchPacket()' into 'RenameState::RenameState()' (/home/lab_726/boom/hls_boom/include/boom_state.hpp:81:0)
INFO: [HLS 214-178] Inlining function 'MicroOp::MicroOp() (.30.84.90.144.150.204.210.264)' into 'IssueSlotEntry::IssueSlotEntry()' (/home/lab_726/boom/hls_boom/include/boom_types.hpp:179:0)
INFO: [HLS 214-178] Inlining function 'IssueSlotEntry::IssueSlotEntry()' into 'IssueQueueState::IssueQueueState()' (/home/lab_726/boom/hls_boom/include/boom_state.hpp:90:0)
INFO: [HLS 214-178] Inlining function 'MicroOp::MicroOp() (.30.84.90.144.150.204.210.264)' into 'IssueGrant::IssueGrant()' (/home/lab_726/boom/hls_boom/include/boom_types.hpp:155:0)
INFO: [HLS 214-178] Inlining function 'IssueGrant::IssueGrant()' into 'IssueState::IssueState()' (/home/lab_726/boom/hls_boom/include/boom_state.hpp:109:0)
INFO: [HLS 214-178] Inlining function 'MicroOp::MicroOp() (.30.84.90.144.150.204.210.264)' into 'IssueState::IssueState()' (/home/lab_726/boom/hls_boom/include/boom_state.hpp:109:0)
INFO: [HLS 214-178] Inlining function 'MicroOp::MicroOp() (.30.84.90.144.150.204.210.264)' into 'ExecuteState::AluResult::AluResult() (.305.311.317.323.329.335.341.347.353)' (/home/lab_726/boom/hls_boom/include/boom_state.hpp:142:0)
INFO: [HLS 214-178] Inlining function 'boom::divider_reset(boom::DividerState&)' into 'boom::DividerState::DividerState()' (/home/lab_726/boom/hls_boom/src/boom_core_merged.cpp:1806:0)
INFO: [HLS 214-178] Inlining function 'boom::DividerState::DividerState()' into 'DividerExecutionState::DividerExecutionState()' (/home/lab_726/boom/hls_boom/include/boom_state.hpp:128:0)
INFO: [HLS 214-178] Inlining function 'MicroOp::MicroOp() (.30.84.90.144.150.204.210.264)' into 'DividerExecutionState::DividerExecutionState()' (/home/lab_726/boom/hls_boom/include/boom_state.hpp:128:0)
INFO: [HLS 214-178] Inlining function 'ExecuteState::AluResult::AluResult() (.305.311.317.323.329.335.341.347.353)' into 'ExecuteState::ExecuteState()' (/home/lab_726/boom/hls_boom/include/boom_state.hpp:146:0)
INFO: [HLS 214-178] Inlining function 'MicroOp::MicroOp() (.30.84.90.144.150.204.210.264)' into 'RobEntry::RobEntry()' (/home/lab_726/boom/hls_boom/include/boom_types.hpp:170:0)
INFO: [HLS 214-178] Inlining function 'CommitEntry::CommitEntry()' into 'RobInternalState::RobInternalState()' (/home/lab_726/boom/hls_boom/include/boom_state.hpp:160:0)
INFO: [HLS 214-178] Inlining function 'StoreQueueEntry::StoreQueueEntry()' into 'LsuState::LsuState()' (/home/lab_726/boom/hls_boom/include/boom_state.hpp:203:0)
INFO: [HLS 214-178] Inlining function 'LoadQueueEntry::LoadQueueEntry()' into 'LsuState::LsuState()' (/home/lab_726/boom/hls_boom/include/boom_state.hpp:203:0)
INFO: [HLS 214-178] Inlining function 'MicroOp::MicroOp() (.30.84.90.144.150.204.210.264)' into 'RobCompleteEvent::RobCompleteEvent()' (/home/lab_726/boom/hls_boom/include/boom_types.hpp:108:0)
INFO: [HLS 214-178] Inlining function 'WritebackEvent::WritebackEvent()' into 'CompletionPendingState::CompletionPendingState()' (/home/lab_726/boom/hls_boom/include/boom_state.hpp:243:0)
INFO: [HLS 214-178] Inlining function 'WakeupEvent::WakeupEvent()' into 'CompletionPendingState::CompletionPendingState()' (/home/lab_726/boom/hls_boom/include/boom_state.hpp:243:0)
INFO: [HLS 214-178] Inlining function 'BypassEvent::BypassEvent()' into 'CompletionPendingState::CompletionPendingState()' (/home/lab_726/boom/hls_boom/include/boom_state.hpp:243:0)
INFO: [HLS 214-178] Inlining function 'MicroOp::MicroOp() (.30.84.90.144.150.204.210.264)' into 'BranchUpdate::BranchUpdate()' (/home/lab_726/boom/hls_boom/include/boom_types.hpp:188:0)
INFO: [HLS 214-178] Inlining function 'CsrState::CsrState()' into 'BoomCoreState::BoomCoreState()' (/home/lab_726/boom/hls_boom/include/boom_state.hpp:276:0)
INFO: [HLS 214-178] Inlining function 'LsuState::LsuState()' into 'BoomCoreState::BoomCoreState()' (/home/lab_726/boom/hls_boom/include/boom_state.hpp:276:0)
INFO: [HLS 214-178] Inlining function 'BranchRecoveryState::BranchRecoveryState()' into 'BoomCoreState::BoomCoreState()' (/home/lab_726/boom/hls_boom/include/boom_state.hpp:276:0)
INFO: [HLS 214-178] Inlining function 'BranchUpdate::BranchUpdate()' into 'BoomCoreState::BoomCoreState()' (/home/lab_726/boom/hls_boom/include/boom_state.hpp:276:0)
INFO: [HLS 214-178] Inlining function 'FrontendRedirect::FrontendRedirect()' into 'BoomCoreState::BoomCoreState()' (/home/lab_726/boom/hls_boom/include/boom_state.hpp:276:0)
INFO: [HLS 214-178] Inlining function 'ExecuteState::AluResult::AluResult() (.305.311.317.323.329.335.341.347.353)' into 'w3_result(unsigned char, unsigned int)' (/home/lab_726/boom/hls_boom/src/boom_core_merged.cpp:4075:0)
INFO: [HLS 214-178] Inlining function 'boom::completion_has_rob_owner(BoomCoreState const&, RobCompleteEvent const&) (.15.36.63.96.123.156.183.216.243.370.407.433.471.497.535.561.599.625.663.689.727.753.792.818.858.884.923.949.989.1015.1055.1081.1121.1147.1186.1212.1252.1278.1318.1344.1384.1410.1450.1476.1516.1542.1582.1608.1648.1674.1714.1740.1779.1805.1845.1871.1909.1935.1977.2009.2059.2091.2141.2173.2223.2255.2305.2337.2376.2402.2442.2468.2508.2534.2574.2600.2640.2666.2707.2737.2775.2805.2847.2877.2919.2949.2991.3021.3059.3085.3123.3149.3187.3213.3251.3277.3316.3342.3382.3408.3448.3474.3514.3540.3580.3606.3647.3673.3715.3741.3783.3809.3851.3877.3919.3945.3984.4010.4050.4076.4116.4142.4182.4208.4248.4274.4316.4342.4384.4410.4448.4474.4512.4538.4576.4602.4640.4666.4704.4730.4768.4794.4832.4858.4896.4922.4960)' into 'boom::completion_is_valid(BoomCoreState const&, RobCompleteEvent const&) (.12.33.60.93.120.153.180.213.240.367.404.430.468.494.532.558.596.622.660.686.724.750.789.815.855.881.920.946.986.1012.1052.1078.1118.1144.1183.1209.1249.1275.1315.1341.1381.1407.1447.1473.1513.1539.1579.1605.1645.1671.1711.1737.1776.1802.1842.1868.1906.1932.1974.2006.2056.2088.2138.2170.2220.2252.2302.2334.2373.2399.2439.2465.2505.2531.2571.2597.2637.2663.2704.2734.2772.2802.2844.2874.2916.2946.2988.3018.3056.3082.3120.3146.3184.3210.3248.3274.3313.3339.3379.3405.3445.3471.3511.3537.3577.3603.3644.3670.3712.3738.3780.3806.3848.3874.3916.3942.3981.4007.4047.4073.4113.4139.4179.4205.4245.4271.4313.4339.4381.4407.4445.4471.4509.4535.4573.4599.4637.4663.4701.4727.4765.4791.4829.4855.4893.4919.4957)' (/home/lab_726/boom/hls_boom/src/boom_core_merged.cpp:671:0)
INFO: [HLS 214-178] Inlining function 'boom::enqueue_store(BoomCoreState&, MicroOp const&, unsigned long, unsigned long, unsigned char, unsigned char, RobEntry&) (.48.78.108.138.168.198.228.258.382.422.445.486.509.550.573.614.637.678.701.742.765.807.830.873.896.938.961.1004.1027.1070.1093.1136.1159.1201.1224.1267.1290.1333.1356.1399.1422.1465.1488.1531.1554.1597.1620.1663.1686.1729.1752.1794.1817.1860.1883.1924.1947.1995.2024.2077.2106.2159.2188.2241.2270.2323.2349.2391.2414.2457.2480.2523.2546.2589.2612.2655.2678.2722.2749.2790.2817.2862.2889.2934.2961.3006.3033.3074.3097.3138.3161.3202.3225.3266.3289.3331.3354.3397.3420.3463.3486.3529.3552.3595.3618.3662.3685.3730.3753.3798.3821.3866.3889.3934.3957.3999.4022.4065.4088.4131.4154.4197.4220.4263.4286.4331.4354.4399.4422.4463.4486.4527.4550.4591.4614.4655.4678.4719.4742.4783.4806.4847.4870.4911.4934.4975)' into 'boom::lsu_accept_completion(BoomCoreState&, MicroOp const&, bool, bool, bool, unsigned long, unsigned long, unsigned char, unsigned char) (.42.72.102.132.162.192.222.252.376.416.439.480.503.544.567.608.631.672.695.736.759.801.824.867.890.932.955.998.1021.1064.1087.1130.1153.1195.1218.1261.1284.1327.1350.1393.1416.1459.1482.1525.1548.1591.1614.1657.1680.1723.1746.1788.1811.1854.1877.1918.1941.1986.2015.2068.2097.2150.2179.2232.2261.2314.2343.2385.2408.2451.2474.2517.2540.2583.2606.2649.2672.2716.2743.2784.2811.2856.2883.2928.2955.3000.3027.3068.3091.3132.3155.3196.3219.3260.3283.3325.3348.3391.3414.3457.3480.3523.3546.3589.3612.3656.3679.3724.3747.3792.3815.3860.3883.3928.3951.3993.4016.4059.4082.4125.4148.4191.4214.4257.4280.4325.4348.4393.4416.4457.4480.4521.4544.4585.4608.4649.4672.4713.4736.4777.4800.4841.4864.4905.4928.4969)' (/home/lab_726/boom/hls_boom/src/boom_core_merged.cpp:2549:0)
INFO: [HLS 214-178] Inlining function 'boom::enqueue_load(BoomCoreState&, MicroOp const&, bool, unsigned long, unsigned char, unsigned char, RobEntry&) (.45.75.105.135.165.195.225.255.379.419.442.483.506.547.570.611.634.675.698.739.762.804.827.870.893.935.958.1001.1024.1067.1090.1133.1156.1198.1221.1264.1287.1330.1353.1396.1419.1462.1485.1528.1551.1594.1617.1660.1683.1726.1749.1791.1814.1857.1880.1921.1944.1989.2018.2071.2100.2153.2182.2235.2264.2317.2346.2388.2411.2454.2477.2520.2543.2586.2609.2652.2675.2719.2746.2787.2814.2859.2886.2931.2958.3003.3030.3071.3094.3135.3158.3199.3222.3263.3286.3328.3351.3394.3417.3460.3483.3526.3549.3592.3615.3659.3682.3727.3750.3795.3818.3863.3886.3931.3954.3996.4019.4062.4085.4128.4151.4194.4217.4260.4283.4328.4351.4396.4419.4460.4483.4524.4547.4588.4611.4652.4675.4716.4739.4780.4803.4844.4867.4908.4931.4972)' into 'boom::lsu_accept_completion(BoomCoreState&, MicroOp const&, bool, bool, bool, unsigned long, unsigned long, unsigned char, unsigned char) (.42.72.102.132.162.192.222.252.376.416.439.480.503.544.567.608.631.672.695.736.759.801.824.867.890.932.955.998.1021.1064.1087.1130.1153.1195.1218.1261.1284.1327.1350.1393.1416.1459.1482.1525.1548.1591.1614.1657.1680.1723.1746.1788.1811.1854.1877.1918.1941.1986.2015.2068.2097.2150.2179.2232.2261.2314.2343.2385.2408.2451.2474.2517.2540.2583.2606.2649.2672.2716.2743.2784.2811.2856.2883.2928.2955.3000.3027.3068.3091.3132.3155.3196.3219.3260.3283.3325.3348.3391.3414.3457.3480.3523.3546.3589.3612.3656.3679.3724.3747.3792.3815.3860.3883.3928.3951.3993.4016.4059.4082.4125.4148.4191.4214.4257.4280.4325.4348.4393.4416.4457.4480.4521.4544.4585.4608.4649.4672.4713.4736.4777.4800.4841.4864.4905.4928.4969)' (/home/lab_726/boom/hls_boom/src/boom_core_merged.cpp:2549:0)
INFO: [HLS 214-178] Inlining function 'boom::completion_is_valid(BoomCoreState const&, RobCompleteEvent const&) (.12.33.60.93.120.153.180.213.240.367.404.430.468.494.532.558.596.622.660.686.724.750.789.815.855.881.920.946.986.1012.1052.1078.1118.1144.1183.1209.1249.1275.1315.1341.1381.1407.1447.1473.1513.1539.1579.1605.1645.1671.1711.1737.1776.1802.1842.1868.1906.1932.1974.2006.2056.2088.2138.2170.2220.2252.2302.2334.2373.2399.2439.2465.2505.2531.2571.2597.2637.2663.2704.2734.2772.2802.2844.2874.2916.2946.2988.3018.3056.3082.3120.3146.3184.3210.3248.3274.3313.3339.3379.3405.3445.3471.3511.3537.3577.3603.3644.3670.3712.3738.3780.3806.3848.3874.3916.3942.3981.4007.4047.4073.4113.4139.4179.4205.4245.4271.4313.4339.4381.4407.4445.4471.4509.4535.4573.4599.4637.4663.4701.4727.4765.4791.4829.4855.4893.4919.4957)' into 'boom::apply_completion(BoomCoreState&, RobCompleteEvent const&)' (/home/lab_726/boom/hls_boom/src/boom_core_merged.cpp:755:0)
INFO: [HLS 214-178] Inlining function 'boom::is_branch(MicroOp const&)' into 'boom::completion_service_execute_w4a(BoomCoreState&)' (/home/lab_726/boom/hls_boom/src/boom_core_merged.cpp:1330:0)
INFO: [HLS 214-178] Inlining function 'boom::completion_age(BoomCoreState const&, RobCompleteEvent const&)' into 'boom::completion_service_execute_w4a(BoomCoreState&)' (/home/lab_726/boom/hls_boom/src/boom_core_merged.cpp:1330:0)
INFO: [HLS 214-178] Inlining function 'boom::record_w4a_completion(BoomCoreState&, RobCompleteEvent const&)' into 'boom::completion_service_execute_w4a(BoomCoreState&)' (/home/lab_726/boom/hls_boom/src/boom_core_merged.cpp:1330:0)
INFO: [HLS 214-178] Inlining function 'boom::completion_service_execute(BoomCoreState&)' into 'synth_w3_rob_wrap_top(unsigned int, unsigned long&)' (/home/lab_726/boom/hls_boom/src/boom_core_merged.cpp:4375:0)
INFO: [HLS 214-178] Inlining function 'w3_pack_observable(BoomCoreState const&, unsigned char, unsigned char, bool, bool)' into 'synth_w3_rob_wrap_top(unsigned int, unsigned long&)' (/home/lab_726/boom/hls_boom/src/boom_core_merged.cpp:4375:0)
INFO: [HLS 214-270] Starting automatic array partition analysis...
INFO: [HLS 200-111] Finished Compiling Optimization and Transform: CPU user time: 33.58 seconds. CPU system time: 0.55 seconds. Elapsed time: 34.15 seconds; current allocated memory: 439.027 MB.
INFO: [HLS 200-111] Finished Checking Pragmas: CPU user time: 0 seconds. CPU system time: 0 seconds. Elapsed time: 0.01 seconds; current allocated memory: 439.027 MB.
INFO: [HLS 200-10] Starting code transformations ...
INFO: [HLS 200-111] Finished Standard Transforms: CPU user time: 1 seconds. CPU system time: 0.02 seconds. Elapsed time: 1.02 seconds; current allocated memory: 475.824 MB.
INFO: [HLS 200-10] Checking synthesizability ...
INFO: [HLS 200-111] Finished Checking Synthesizability: CPU user time: 0.22 seconds. CPU system time: 0 seconds. Elapsed time: 0.23 seconds; current allocated memory: 475.824 MB.
INFO: [XFORM 203-102] Partitioning array 'state.issue.issued_valids' (/home/lab_726/boom/hls_boom/src/boom_core_merged.cpp:4376) automatically.
INFO: [XFORM 203-102] Partitioning array 'state.execute.alu_results.valid' (/home/lab_726/boom/hls_boom/src/boom_core_merged.cpp:4376) automatically.
INFO: [XFORM 203-102] Partitioning array 'state.execute.alu_results.uop.uopc' (/home/lab_726/boom/hls_boom/src/boom_core_merged.cpp:4376) automatically.
INFO: [XFORM 203-102] Partitioning array 'state.execute.alu_results.uop.inst' (/home/lab_726/boom/hls_boom/src/boom_core_merged.cpp:4376) automatically.
INFO: [XFORM 203-102] Partitioning array 'state.execute.alu_results.uop.debug_inst' (/home/lab_726/boom/hls_boom/src/boom_core_merged.cpp:4376) automatically.
INFO: [XFORM 203-102] Partitioning array 'state.execute.alu_results.uop.is_rvc' (/home/lab_726/boom/hls_boom/src/boom_core_merged.cpp:4376) automatically.
INFO: [XFORM 203-102] Partitioning array 'state.execute.alu_results.uop.debug_pc' (/home/lab_726/boom/hls_boom/src/boom_core_merged.cpp:4376) automatically.
INFO: [XFORM 203-102] Partitioning array 'state.execute.alu_results.uop.iq_type' (/home/lab_726/boom/hls_boom/src/boom_core_merged.cpp:4376) automatically.
INFO: [XFORM 203-102] Partitioning array 'state.execute.alu_results.uop.fu_code' (/home/lab_726/boom/hls_boom/src/boom_core_merged.cpp:4376) automatically.
INFO: [XFORM 203-102] Partitioning array 'state.execute.alu_results.uop.ctrl.br_type' (/home/lab_726/boom/hls_boom/src/boom_core_merged.cpp:4376) automatically.
INFO: [XFORM 203-102] Partitioning array 'state.execute.alu_results.uop.ctrl.op1_sel' (/home/lab_726/boom/hls_boom/src/boom_core_merged.cpp:4376) automatically.
INFO: [XFORM 203-102] Partitioning array 'state.execute.alu_results.uop.ctrl.op2_sel' (/home/lab_726/boom/hls_boom/src/boom_core_merged.cpp:4376) automatically.
INFO: [XFORM 203-102] Partitioning array 'state.execute.alu_results.uop.ctrl.imm_sel' (/home/lab_726/boom/hls_boom/src/boom_core_merged.cpp:4376) automatically.
INFO: [XFORM 203-102] Partitioning array 'state.execute.alu_results.uop.ctrl.op_fcn' (/home/lab_726/boom/hls_boom/src/boom_core_merged.cpp:4376) automatically.
INFO: [XFORM 203-102] Partitioning array 'state.execute.alu_results.uop.ctrl.fcn_dw' (/home/lab_726/boom/hls_boom/src/boom_core_merged.cpp:4376) automatically.
INFO: [XFORM 203-102] Partitioning array 'state.execute.alu_results.uop.ctrl.csr_cmd' (/home/lab_726/boom/hls_boom/src/boom_core_merged.cpp:4376) automatically.
INFO: [XFORM 203-102] Partitioning array 'state.execute.alu_results.uop.ctrl.is_load' (/home/lab_726/boom/hls_boom/src/boom_core_merged.cpp:4376) automatically.
INFO: [XFORM 203-102] Partitioning array 'state.execute.alu_results.uop.ctrl.is_sta' (/home/lab_726/boom/hls_boom/src/boom_core_merged.cpp:4376) automatically.
INFO: [XFORM 203-102] Partitioning array 'state.execute.alu_results.uop.ctrl.is_std' (/home/lab_726/boom/hls_boom/src/boom_core_merged.cpp:4376) automatically.
INFO: [XFORM 203-102] Partitioning array 'state.execute.alu_results.uop.iw_state' (/home/lab_726/boom/hls_boom/src/boom_core_merged.cpp:4376) automatically.
INFO: [XFORM 203-102] Partitioning array 'state.execute.alu_results.uop.iw_p1_poisoned' (/home/lab_726/boom/hls_boom/src/boom_core_merged.cpp:4376) automatically.
INFO: [XFORM 203-102] Partitioning array 'state.execute.alu_results.uop.iw_p2_poisoned' (/home/lab_726/boom/hls_boom/src/boom_core_merged.cpp:4376) automatically.
INFO: [XFORM 203-102] Partitioning array 'state.execute.alu_results.uop.branch.br_mask' (/home/lab_726/boom/hls_boom/src/boom_core_merged.cpp:4376) automatically.
INFO: [XFORM 203-102] Partitioning array 'state.execute.alu_results.uop.branch.br_tag' (/home/lab_726/boom/hls_boom/src/boom_core_merged.cpp:4376) automatically.
INFO: [XFORM 203-102] Partitioning array 'state.execute.alu_results.uop.branch.ftq_idx' (/home/lab_726/boom/hls_boom/src/boom_core_merged.cpp:4376) automatically.
INFO: [XFORM 203-102] Partitioning array 'state.execute.alu_results.uop.branch.pc_lob' (/home/lab_726/boom/hls_boom/src/boom_core_merged.cpp:4376) automatically.
INFO: [XFORM 203-102] Partitioning array 'state.execute.alu_results.uop.branch.edge_inst' (/home/lab_726/boom/hls_boom/src/boom_core_merged.cpp:4376) automatically.
INFO: [XFORM 203-102] Partitioning array 'state.execute.alu_results.uop.branch.taken' (/home/lab_726/boom/hls_boom/src/boom_core_merged.cpp:4376) automatically.
INFO: [XFORM 203-102] Partitioning array 'state.execute.alu_results.uop.branch.is_br' (/home/lab_726/boom/hls_boom/src/boom_core_merged.cpp:4376) automatically.
INFO: [XFORM 203-102] Partitioning array 'state.execute.alu_results.uop.branch.is_jalr' (/home/lab_726/boom/hls_boom/src/boom_core_merged.cpp:4376) automatically.
INFO: [XFORM 203-102] Partitioning array 'state.execute.alu_results.uop.branch.is_jal' (/home/lab_726/boom/hls_boom/src/boom_core_merged.cpp:4376) automatically.
INFO: [XFORM 203-102] Partitioning array 'state.execute.alu_results.uop.branch.is_sfb' (/home/lab_726/boom/hls_boom/src/boom_core_merged.cpp:4376) automatically.
INFO: [XFORM 203-102] Partitioning array 'state.execute.alu_results.uop.imm_packed' (/home/lab_726/boom/hls_boom/src/boom_core_merged.cpp:4376) automatically.
INFO: [XFORM 203-102] Partitioning array 'state.execute.alu_results.uop.csr_addr' (/home/lab_726/boom/hls_boom/src/boom_core_merged.cpp:4376) automatically.
INFO: [XFORM 203-102] Partitioning array 'state.execute.alu_results.uop.queue.rob_idx' (/home/lab_726/boom/hls_boom/src/boom_core_merged.cpp:4376) automatically.
INFO: [XFORM 203-102] Partitioning array 'state.execute.alu_results.uop.queue.ldq_idx' (/home/lab_726/boom/hls_boom/src/boom_core_merged.cpp:4376) automatically.
INFO: [XFORM 203-102] Partitioning array 'state.execute.alu_results.uop.queue.stq_idx' (/home/lab_726/boom/hls_boom/src/boom_core_merged.cpp:4376) automatically.
INFO: [XFORM 203-102] Partitioning array 'state.execute.alu_results.uop.queue.rxq_idx' (/home/lab_726/boom/hls_boom/src/boom_core_merged.cpp:4376) automatically.
INFO: [XFORM 203-102] Partitioning array 'state.execute.alu_results.uop.queue.rob_allocation_id' (/home/lab_726/boom/hls_boom/src/boom_core_merged.cpp:4376) automatically.
INFO: [XFORM 203-102] Partitioning array 'state.execute.alu_results.uop.rename.ldst' (/home/lab_726/boom/hls_boom/src/boom_core_merged.cpp:4376) automatically.
INFO: [XFORM 203-102] Partitioning array 'state.execute.alu_results.uop.rename.lrs1' (/home/lab_726/boom/hls_boom/src/boom_core_merged.cpp:4376) automatically.
INFO: [XFORM 203-102] Partitioning array 'state.execute.alu_results.uop.rename.lrs2' (/home/lab_726/boom/hls_boom/src/boom_core_merged.cpp:4376) automatically.
INFO: [XFORM 203-102] Partitioning array 'state.execute.alu_results.uop.rename.lrs3' (/home/lab_726/boom/hls_boom/src/boom_core_merged.cpp:4376) automatically.
INFO: [XFORM 203-102] Partitioning array 'state.execute.alu_results.uop.rename.pdst' (/home/lab_726/boom/hls_boom/src/boom_core_merged.cpp:4376) automatically.
INFO: [XFORM 203-102] Partitioning array 'state.execute.alu_results.uop.rename.prs1' (/home/lab_726/boom/hls_boom/src/boom_core_merged.cpp:4376) automatically.
INFO: [XFORM 203-102] Partitioning array 'state.execute.alu_results.uop.rename.prs2' (/home/lab_726/boom/hls_boom/src/boom_core_merged.cpp:4376) automatically.
INFO: [XFORM 203-102] Partitioning array 'state.execute.alu_results.uop.rename.prs3' (/home/lab_726/boom/hls_boom/src/boom_core_merged.cpp:4376) automatically.
INFO: [XFORM 203-102] Partitioning array 'state.execute.alu_results.uop.rename.ppred' (/home/lab_726/boom/hls_boom/src/boom_core_merged.cpp:4376) automatically.
INFO: [XFORM 203-102] Partitioning array 'state.execute.alu_results.uop.rename.prs1_busy' (/home/lab_726/boom/hls_boom/src/boom_core_merged.cpp:4376) automatically.
INFO: [XFORM 203-102] Partitioning array 'state.execute.alu_results.uop.rename.prs2_busy' (/home/lab_726/boom/hls_boom/src/boom_core_merged.cpp:4376) automatically.
INFO: [XFORM 203-102] Partitioning array 'state.execute.alu_results.uop.rename.prs3_busy' (/home/lab_726/boom/hls_boom/src/boom_core_merged.cpp:4376) automatically.
INFO: [XFORM 203-102] Partitioning array 'state.execute.alu_results.uop.rename.ppred_busy' (/home/lab_726/boom/hls_boom/src/boom_core_merged.cpp:4376) automatically.
INFO: [XFORM 203-102] Partitioning array 'state.execute.alu_results.uop.rename.stale_pdst' (/home/lab_726/boom/hls_boom/src/boom_core_merged.cpp:4376) automatically.
INFO: [XFORM 203-102] Partitioning array 'state.execute.alu_results.uop.rename.dst_rtype' (/home/lab_726/boom/hls_boom/src/boom_core_merged.cpp:4376) automatically.
INFO: [XFORM 203-102] Partitioning array 'state.execute.alu_results.uop.rename.lrs1_rtype' (/home/lab_726/boom/hls_boom/src/boom_core_merged.cpp:4376) automatically.
INFO: [XFORM 203-102] Partitioning array 'state.execute.alu_results.uop.rename.lrs2_rtype' (/home/lab_726/boom/hls_boom/src/boom_core_merged.cpp:4376) automatically.
INFO: [XFORM 203-102] Partitioning array 'state.execute.alu_results.uop.rename.frs3_en' (/home/lab_726/boom/hls_boom/src/boom_core_merged.cpp:4376) automatically.
INFO: [XFORM 203-102] Partitioning array 'state.execute.alu_results.uop.rename.fp_val' (/home/lab_726/boom/hls_boom/src/boom_core_merged.cpp:4376) automatically.
INFO: [XFORM 203-102] Partitioning array 'state.execute.alu_results.uop.rename.fp_single' (/home/lab_726/boom/hls_boom/src/boom_core_merged.cpp:4376) automatically.
INFO: [XFORM 203-102] Partitioning array 'state.execute.alu_results.uop.exception' (/home/lab_726/boom/hls_boom/src/boom_core_merged.cpp:4376) automatically.
INFO: [XFORM 203-102] Partitioning array 'state.execute.alu_results.uop.exc_cause' (/home/lab_726/boom/hls_boom/src/boom_core_merged.cpp:4376) automatically.
INFO: [XFORM 203-102] Partitioning array 'state.execute.alu_results.uop.bypassable' (/home/lab_726/boom/hls_boom/src/boom_core_merged.cpp:4376) automatically.
INFO: [XFORM 203-102] Partitioning array 'state.execute.alu_results.uop.mem.mem_cmd' (/home/lab_726/boom/hls_boom/src/boom_core_merged.cpp:4376) automatically.
INFO: [XFORM 203-102] Partitioning array 'state.execute.alu_results.uop.mem.mem_size' (/home/lab_726/boom/hls_boom/src/boom_core_merged.cpp:4376) automatically.
INFO: [XFORM 203-102] Partitioning array 'state.execute.alu_results.uop.mem.mem_signed' (/home/lab_726/boom/hls_boom/src/boom_core_merged.cpp:4376) automatically.
INFO: [XFORM 203-102] Partitioning array 'state.execute.alu_results.uop.mem.is_fence' (/home/lab_726/boom/hls_boom/src/boom_core_merged.cpp:4376) automatically.
INFO: [XFORM 203-102] Partitioning array 'state.execute.alu_results.uop.mem.is_fencei' (/home/lab_726/boom/hls_boom/src/boom_core_merged.cpp:4376) automatically.
INFO: [XFORM 203-102] Partitioning array 'state.execute.alu_results.uop.mem.is_amo' (/home/lab_726/boom/hls_boom/src/boom_core_merged.cpp:4376) automatically.
INFO: [XFORM 203-102] Partitioning array 'state.execute.alu_results.uop.mem.uses_ldq' (/home/lab_726/boom/hls_boom/src/boom_core_merged.cpp:4376) automatically.
INFO: [XFORM 203-102] Partitioning array 'state.execute.alu_results.uop.mem.uses_stq' (/home/lab_726/boom/hls_boom/src/boom_core_merged.cpp:4376) automatically.
INFO: [XFORM 203-102] Partitioning array 'state.execute.alu_results.uop.mem.ldst_is_rs1' (/home/lab_726/boom/hls_boom/src/boom_core_merged.cpp:4376) automatically.
INFO: [XFORM 203-102] Partitioning array 'state.execute.alu_results.uop.mem.ldst_val' (/home/lab_726/boom/hls_boom/src/boom_core_merged.cpp:4376) automatically.
INFO: [XFORM 203-102] Partitioning array 'state.execute.alu_results.uop.is_sys_pc2epc' (/home/lab_726/boom/hls_boom/src/boom_core_merged.cpp:4376) automatically.
INFO: [XFORM 203-102] Partitioning array 'state.execute.alu_results.uop.is_unique' (/home/lab_726/boom/hls_boom/src/boom_core_merged.cpp:4376) automatically.
INFO: [XFORM 203-102] Partitioning array 'state.execute.alu_results.uop.flush_on_commit' (/home/lab_726/boom/hls_boom/src/boom_core_merged.cpp:4376) automatically.
INFO: [XFORM 203-102] Partitioning array 'state.execute.alu_results.uop.exc.exception' (/home/lab_726/boom/hls_boom/src/boom_core_merged.cpp:4376) automatically.
INFO: [XFORM 203-102] Partitioning array 'state.execute.alu_results.uop.exc.exc_cause' (/home/lab_726/boom/hls_boom/src/boom_core_merged.cpp:4376) automatically.
INFO: [XFORM 203-102] Partitioning array 'state.execute.alu_results.uop.exc.xcpt_pf_if' (/home/lab_726/boom/hls_boom/src/boom_core_merged.cpp:4376) automatically.
INFO: [XFORM 203-102] Partitioning array 'state.execute.alu_results.uop.exc.xcpt_ae_if' (/home/lab_726/boom/hls_boom/src/boom_core_merged.cpp:4376) automatically.
INFO: [XFORM 203-102] Partitioning array 'state.execute.alu_results.uop.exc.xcpt_ma_if' (/home/lab_726/boom/hls_boom/src/boom_core_merged.cpp:4376) automatically.
INFO: [XFORM 203-102] Partitioning array 'state.execute.alu_results.uop.exc.bp_debug_if' (/home/lab_726/boom/hls_boom/src/boom_core_merged.cpp:4376) automatically.
INFO: [XFORM 203-102] Partitioning array 'state.execute.alu_results.uop.exc.bp_xcpt_if' (/home/lab_726/boom/hls_boom/src/boom_core_merged.cpp:4376) automatically.
INFO: [XFORM 203-102] Partitioning array 'state.execute.alu_results.uop.debug.debug_fsrc' (/home/lab_726/boom/hls_boom/src/boom_core_merged.cpp:4376) automatically.
INFO: [XFORM 203-102] Partitioning array 'state.execute.alu_results.uop.debug.debug_tsrc' (/home/lab_726/boom/hls_boom/src/boom_core_merged.cpp:4376) automatically.
INFO: [XFORM 203-102] Partitioning array 'state.execute.alu_results.uop.debug.debug_inst' (/home/lab_726/boom/hls_boom/src/boom_core_merged.cpp:4376) automatically.
INFO: [XFORM 203-102] Partitioning array 'state.execute.alu_results.uop.debug.debug_pc' (/home/lab_726/boom/hls_boom/src/boom_core_merged.cpp:4376) automatically.
INFO: [XFORM 203-102] Partitioning array 'state.execute.alu_results.result' (/home/lab_726/boom/hls_boom/src/boom_core_merged.cpp:4376) automatically.
INFO: [XFORM 203-102] Partitioning array 'state.execute.alu_results.exception' (/home/lab_726/boom/hls_boom/src/boom_core_merged.cpp:4376) automatically.
INFO: [XFORM 203-102] Partitioning array 'state.execute.alu_results.exc_cause' (/home/lab_726/boom/hls_boom/src/boom_core_merged.cpp:4376) automatically.
INFO: [XFORM 203-102] Partitioning array 'state.execute.alu_results.mispredict' (/home/lab_726/boom/hls_boom/src/boom_core_merged.cpp:4376) automatically.
INFO: [XFORM 203-102] Partitioning array 'state.execute.alu_results.redirect_pc' (/home/lab_726/boom/hls_boom/src/boom_core_merged.cpp:4376) automatically.
INFO: [XFORM 203-102] Partitioning array 'state.execute.alu_results.memory_valid' (/home/lab_726/boom/hls_boom/src/boom_core_merged.cpp:4376) automatically.
INFO: [XFORM 203-102] Partitioning array 'state.execute.alu_results.is_load' (/home/lab_726/boom/hls_boom/src/boom_core_merged.cpp:4376) automatically.
INFO: [XFORM 203-102] Partitioning array 'state.execute.alu_results.is_store' (/home/lab_726/boom/hls_boom/src/boom_core_merged.cpp:4376) automatically.
INFO: [XFORM 203-102] Partitioning array 'state.execute.alu_results.signed_load' (/home/lab_726/boom/hls_boom/src/boom_core_merged.cpp:4376) automatically.
INFO: [XFORM 203-102] Partitioning array 'state.execute.alu_results.memory_address' (/home/lab_726/boom/hls_boom/src/boom_core_merged.cpp:4376) automatically.
INFO: [XFORM 203-102] Partitioning array 'state.execute.alu_results.store_data' (/home/lab_726/boom/hls_boom/src/boom_core_merged.cpp:4376) automatically.
INFO: [XFORM 203-102] Partitioning array 'state.execute.alu_results.memory_mask' (/home/lab_726/boom/hls_boom/src/boom_core_merged.cpp:4376) automatically.
INFO: [XFORM 203-102] Partitioning array 'state.execute.alu_results.memory_size' (/home/lab_726/boom/hls_boom/src/boom_core_merged.cpp:4376) automatically.
INFO: [XFORM 203-102] Partitioning array 'state.rename.int_free_list.busy_table' (/home/lab_726/boom/hls_boom/src/boom_core_merged.cpp:4376) automatically.
INFO: [XFORM 203-102] Partitioning array 'state.rob.entries.exception' (/home/lab_726/boom/hls_boom/src/boom_core_merged.cpp:4376) automatically.
INFO: [XFORM 203-102] Partitioning array 'state.rob.entries.uop.exception' (/home/lab_726/boom/hls_boom/src/boom_core_merged.cpp:4376) automatically.
INFO: [XFORM 203-102] Partitioning array 'state.rob.entries.uop.exc_cause' (/home/lab_726/boom/hls_boom/src/boom_core_merged.cpp:4376) automatically.
INFO: [XFORM 203-102] Partitioning array 'state.rob.entries.is_store' (/home/lab_726/boom/hls_boom/src/boom_core_merged.cpp:4376) automatically.
INFO: [XFORM 203-102] Partitioning array 'state.rob.entries.signed_load' (/home/lab_726/boom/hls_boom/src/boom_core_merged.cpp:4376) automatically.
INFO: [XFORM 203-102] Partitioning array 'state.rob.entries.memory_address' (/home/lab_726/boom/hls_boom/src/boom_core_merged.cpp:4376) automatically.
INFO: [XFORM 203-102] Partitioning array 'state.rob.entries.memory_mask' (/home/lab_726/boom/hls_boom/src/boom_core_merged.cpp:4376) automatically.
INFO: [XFORM 203-102] Partitioning array 'state.rob.entries.memory_size' (/home/lab_726/boom/hls_boom/src/boom_core_merged.cpp:4376) automatically.
INFO: [XFORM 203-102] Partitioning array 'state.lsu.stq.valid' (/home/lab_726/boom/hls_boom/src/boom_core_merged.cpp:4376) automatically.
INFO: [XFORM 203-102] Partitioning array 'state.lsu.stq.address_valid' (/home/lab_726/boom/hls_boom/src/boom_core_merged.cpp:4376) automatically.
INFO: [XFORM 203-102] Partitioning array 'state.lsu.stq.data_valid' (/home/lab_726/boom/hls_boom/src/boom_core_merged.cpp:4376) automatically.
INFO: [XFORM 203-102] Partitioning array 'state.lsu.stq.rob_idx' (/home/lab_726/boom/hls_boom/src/boom_core_merged.cpp:4376) automatically.
INFO: [XFORM 203-102] Partitioning array 'state.lsu.stq.mask' (/home/lab_726/boom/hls_boom/src/boom_core_merged.cpp:4376) automatically.
INFO: [XFORM 203-102] Partitioning array 'state.lsu.stq.size' (/home/lab_726/boom/hls_boom/src/boom_core_merged.cpp:4376) automatically.
INFO: [XFORM 203-102] Partitioning array 'state.lsu.stq.branch_mask' (/home/lab_726/boom/hls_boom/src/boom_core_merged.cpp:4376) automatically.
INFO: [XFORM 203-102] Partitioning array 'state.lsu.stq.rob_allocation_id' (/home/lab_726/boom/hls_boom/src/boom_core_merged.cpp:4376) automatically.
INFO: [XFORM 203-102] Partitioning array 'state.lsu.stq.address' (/home/lab_726/boom/hls_boom/src/boom_core_merged.cpp:4376) automatically.
INFO: [XFORM 203-102] Partitioning array 'state.lsu.stq.data' (/home/lab_726/boom/hls_boom/src/boom_core_merged.cpp:4376) automatically.
INFO: [XFORM 203-102] Partitioning array 'state.lsu.ldq.valid' (/home/lab_726/boom/hls_boom/src/boom_core_merged.cpp:4376) automatically.
INFO: [XFORM 203-102] Partitioning array 'state.lsu.ldq.signed_load' (/home/lab_726/boom/hls_boom/src/boom_core_merged.cpp:4376) automatically.
INFO: [XFORM 203-102] Partitioning array 'state.lsu.ldq.rob_idx' (/home/lab_726/boom/hls_boom/src/boom_core_merged.cpp:4376) automatically.
INFO: [XFORM 203-102] Partitioning array 'state.lsu.ldq.size' (/home/lab_726/boom/hls_boom/src/boom_core_merged.cpp:4376) automatically.
INFO: [XFORM 203-102] Partitioning array 'state.lsu.ldq.branch_mask' (/home/lab_726/boom/hls_boom/src/boom_core_merged.cpp:4376) automatically.
INFO: [XFORM 203-102] Partitioning array 'state.lsu.ldq.rob_allocation_id' (/home/lab_726/boom/hls_boom/src/boom_core_merged.cpp:4376) automatically.
INFO: [XFORM 203-102] Partitioning array 'state.lsu.ldq.address' (/home/lab_726/boom/hls_boom/src/boom_core_merged.cpp:4376) automatically.
INFO: [XFORM 203-102] Partitioning array 'state.int_rf_bank0' (/home/lab_726/boom/hls_boom/src/boom_core_merged.cpp:4376) automatically.
INFO: [XFORM 203-102] Partitioning array 'state.int_rf_bank1' (/home/lab_726/boom/hls_boom/src/boom_core_merged.cpp:4376) automatically.
INFO: [XFORM 203-602] Inlining function 'boom::lsu_accept_completion' into 'boom::apply_completion' (/home/lab_726/boom/hls_boom/src/boom_core_merged.cpp:729) automatically.
INFO: [XFORM 203-401] Performing if-conversion on hyperblock from (/home/lab_726/boom/hls_boom/src/boom_core_merged.cpp:592:15) to (/home/lab_726/boom/hls_boom/src/boom_core_merged.cpp:1347:9) in function 'boom::completion_service_execute_w4a'... converting 3 basic blocks.
INFO: [XFORM 203-602] Inlining function 'w3_result' into 'synth_w3_rob_wrap_top' (/home/lab_726/boom/hls_boom/src/boom_core_merged.cpp:4380) automatically.
INFO: [XFORM 203-602] Inlining function 'boom::completion_service_execute_w4a' into 'synth_w3_rob_wrap_top' (/home/lab_726/boom/hls_boom/src/boom_core_merged.cpp:1362) automatically.
INFO: [XFORM 203-11] Balancing expressions in function 'synth_w3_rob_wrap_top' (/home/lab_726/boom/hls_boom/src/boom_core_merged.cpp:4375)...4 expression(s) balanced.
INFO: [HLS 200-111] Finished Loop, function and other optimizations: CPU user time: 0.35 seconds. CPU system time: 0.01 seconds. Elapsed time: 0.38 seconds; current allocated memory: 497.332 MB.
INFO: [HLS 200-472] Inferring partial write operation for 'state.rob.entries.busy' (/home/lab_726/boom/hls_boom/src/boom_core_merged.cpp:4376:19)
INFO: [HLS 200-472] Inferring partial write operation for 'state.rob.entries.busy' (/home/lab_726/boom/hls_boom/src/boom_core_merged.cpp:4070:35)
INFO: [HLS 200-472] Inferring partial write operation for 'state.rob.entries.uop.queue.rob_allocation_id' (/home/lab_726/boom/hls_boom/src/boom_core_merged.cpp:4072:58)
INFO: [HLS 200-472] Inferring partial write operation for 'state_rob_entries_busy' (/home/lab_726/boom/hls_boom/src/boom_core_merged.cpp:735:35)
INFO: [HLS 200-111] Finished Architecture Synthesis: CPU user time: 0.04 seconds. CPU system time: 0 seconds. Elapsed time: 0.04 seconds; current allocated memory: 507.336 MB.
INFO: [HLS 200-10] Starting hardware synthesis ...
INFO: [HLS 200-10] Synthesizing 'synth_w3_rob_wrap_top' ...
INFO: [HLS 200-10] ----------------------------------------------------------------
INFO: [HLS 200-42] -- Implementing module 'completion_is_valid'
INFO: [HLS 200-10] ----------------------------------------------------------------
INFO: [SCHED 204-11] Starting scheduling ...
INFO: [SCHED 204-11] Finished scheduling.
INFO: [HLS 200-111] Finished Scheduling: CPU user time: 0.03 seconds. CPU system time: 0.02 seconds. Elapsed time: 0.03 seconds; current allocated memory: 507.488 MB.
INFO: [BIND 205-100] Starting micro-architecture generation ...
INFO: [BIND 205-101] Performing variable lifetime analysis.
INFO: [BIND 205-101] Exploring resource sharing.
INFO: [BIND 205-101] Binding ...
INFO: [BIND 205-100] Finished micro-architecture generation.
INFO: [HLS 200-111] Finished Binding: CPU user time: 0.01 seconds. CPU system time: 0 seconds. Elapsed time: 0.02 seconds; current allocated memory: 507.488 MB.
INFO: [HLS 200-10] ----------------------------------------------------------------
INFO: [HLS 200-42] -- Implementing module 'apply_completion'
INFO: [HLS 200-10] ----------------------------------------------------------------
INFO: [SCHED 204-11] Starting scheduling ...
INFO: [SCHED 204-11] Finished scheduling.
INFO: [HLS 200-111] Finished Scheduling: CPU user time: 0.02 seconds. CPU system time: 0 seconds. Elapsed time: 0.01 seconds; current allocated memory: 507.648 MB.
INFO: [BIND 205-100] Starting micro-architecture generation ...
INFO: [BIND 205-101] Performing variable lifetime analysis.
INFO: [BIND 205-101] Exploring resource sharing.
INFO: [BIND 205-101] Binding ...
INFO: [BIND 205-100] Finished micro-architecture generation.
INFO: [HLS 200-111] Finished Binding: CPU user time: 0.01 seconds. CPU system time: 0 seconds. Elapsed time: 0.02 seconds; current allocated memory: 507.648 MB.
INFO: [HLS 200-10] ----------------------------------------------------------------
INFO: [HLS 200-42] -- Implementing module 'synth_w3_rob_wrap_top'
INFO: [HLS 200-10] ----------------------------------------------------------------
INFO: [SCHED 204-11] Starting scheduling ...
INFO: [SCHED 204-11] Finished scheduling.
INFO: [HLS 200-111] Finished Scheduling: CPU user time: 0.06 seconds. CPU system time: 0 seconds. Elapsed time: 0.06 seconds; current allocated memory: 508.922 MB.
INFO: [BIND 205-100] Starting micro-architecture generation ...
INFO: [BIND 205-101] Performing variable lifetime analysis.
INFO: [BIND 205-101] Exploring resource sharing.
INFO: [BIND 205-101] Binding ...
INFO: [BIND 205-100] Finished micro-architecture generation.
INFO: [HLS 200-111] Finished Binding: CPU user time: 0.07 seconds. CPU system time: 0 seconds. Elapsed time: 0.06 seconds; current allocated memory: 508.922 MB.
INFO: [HLS 200-10] ----------------------------------------------------------------
INFO: [HLS 200-10] -- Generating RTL for module 'completion_is_valid'
INFO: [HLS 200-10] ----------------------------------------------------------------
INFO: [RTGEN 206-100] Finished creating RTL model for 'completion_is_valid'.
INFO: [HLS 200-111] Finished Creating RTL model: CPU user time: 0.04 seconds. CPU system time: 0 seconds. Elapsed time: 0.04 seconds; current allocated memory: 508.922 MB.
INFO: [HLS 200-10] ----------------------------------------------------------------
INFO: [HLS 200-10] -- Generating RTL for module 'apply_completion'
INFO: [HLS 200-10] ----------------------------------------------------------------
INFO: [RTGEN 206-100] Finished creating RTL model for 'apply_completion'.
INFO: [HLS 200-111] Finished Creating RTL model: CPU user time: 0.02 seconds. CPU system time: 0 seconds. Elapsed time: 0.02 seconds; current allocated memory: 508.922 MB.
INFO: [HLS 200-10] ----------------------------------------------------------------
INFO: [HLS 200-10] -- Generating RTL for module 'synth_w3_rob_wrap_top'
INFO: [HLS 200-10] ----------------------------------------------------------------
INFO: [RTGEN 206-500] Setting interface mode on port 'synth_w3_rob_wrap_top/allocation_base' to 'ap_none'.
INFO: [RTGEN 206-500] Setting interface mode on port 'synth_w3_rob_wrap_top/observable' to 'ap_vld'.
INFO: [RTGEN 206-500] Setting interface mode on function 'synth_w3_rob_wrap_top' to 'ap_ctrl_hs'.
INFO: [RTGEN 206-100] Finished creating RTL model for 'synth_w3_rob_wrap_top'.
INFO: [HLS 200-111] Finished Creating RTL model: CPU user time: 0.03 seconds. CPU system time: 0 seconds. Elapsed time: 0.03 seconds; current allocated memory: 510.121 MB.
INFO: [RTMG 210-279] Implementing memory 'synth_w3_rob_wrap_top_completion_is_valid_state_6_0_0_ROM_AUTO_1R' using auto ROMs.
INFO: [RTMG 210-278] Implementing memory 'synth_w3_rob_wrap_top_state_rob_entries_busy_RAM_AUTO_1R1W_ram (RAM)' using auto RAMs.
INFO: [RTMG 210-278] Implementing memory 'synth_w3_rob_wrap_top_state_rob_entries_uop_queue_rob_allocation_id_RAM_AUTO_1R1W_ram (RAM)' using auto RAMs.
INFO: [HLS 200-111] Finished Generating all RTL models: CPU user time: 0.24 seconds. CPU system time: 0.01 seconds. Elapsed time: 0.25 seconds; current allocated memory: 516.367 MB.
INFO: [HLS 200-111] Finished Updating report files: CPU user time: 0.17 seconds. CPU system time: 0 seconds. Elapsed time: 0.17 seconds; current allocated memory: 516.367 MB.
INFO: [VHDL 208-304] Generating VHDL RTL for synth_w3_rob_wrap_top.
INFO: [VLOG 209-307] Generating Verilog RTL for synth_w3_rob_wrap_top.
INFO: [HLS 200-789] **** Estimated Fmax: 404.20 MHz
INFO: [HLS 200-111] Finished Command csynth_design CPU user time: 37.89 seconds. CPU system time: 0.85 seconds. Elapsed time: 38.8 seconds; current allocated memory: 100.930 MB.
INFO: [HLS 200-112] Total CPU user time: 40.44 seconds. Total CPU system time: 1.44 seconds. Total elapsed time: 40.75 seconds; peak allocated memory: 516.406 MB.
INFO: [Common 17-206] Exiting vitis_hls at Tue Aug 11 19:23:36 2026...
