#-----------------------------------------------------------
# xsim v2021.2 (64-bit)
# SW Build 3367213 on Tue Oct 19 02:47:39 MDT 2021
# IP Build 3369179 on Thu Oct 21 08:25:16 MDT 2021
# Start of session at: Tue Aug 11 19:28:31 2026
# Process ID: 40273
# Current directory: /home/lab_726/boom/hls_boom/build/gate5_1_frontend/repair/r4/w3_rtl/xsim
# Command line: xsim -log /home/lab_726/boom/hls_boom/build/gate5_1_frontend/repair/r4/w3_rtl/report_stage/logs/stale_completion_identity.log -mode tcl -source {xsim.dir/w3_dual_execute_snapshot/xsim_script.tcl}
# Log file: /home/lab_726/boom/hls_boom/build/gate5_1_frontend/repair/r4/w3_rtl/report_stage/logs/stale_completion_identity.log
# Journal file: /home/lab_726/boom/hls_boom/build/gate5_1_frontend/repair/r4/w3_rtl/xsim/xsim.jou
# Running On: 726, OS: Linux, CPU Frequency: 4873.984 MHz, CPU Physical cores: 14, Host memory: 67148 MB
#-----------------------------------------------------------
source xsim.dir/w3_dual_execute_snapshot/xsim_script.tcl
# xsim {w3_dual_execute_snapshot} -testplusarg SCENARIO=10 -testplusarg EXPECT=0000000000300000 -autoloadwcfg -runall -onerror quit
Time resolution is 1 ps
run -all
W3_RTL_PASS scenario=10 expected=0000000000300000 observed=0000000000300000
$finish called at time : 2045 ns : File "/home/lab_726/boom/hls_boom/rtl_tb/gate4_0/w3_dual_execute_tb.sv" Line 138
exit
INFO: [Common 17-206] Exiting xsim at Tue Aug 11 19:28:35 2026...
