

================================================================
== Vitis HLS Report for 'decompress_rvc'
================================================================
* Date:           Tue Aug 11 23:50:13 2026

* Version:        2021.2 (Build 3367213 on Tue Oct 19 02:47:39 MDT 2021)
* Project:        boom_hls_gate5_2_rvc_r1_repair_synth_rvc_top
* Solution:       solution_module (Vivado IP Flow Target)
* Product family: zynquplus
* Target device:  xczu7ev-ffvc1156-2-e


================================================================
== Performance Estimates
================================================================
+ Timing:
    * Summary:
    +--------+----------+----------+------------+
    |  Clock |  Target  | Estimated| Uncertainty|
    +--------+----------+----------+------------+
    |ap_clk  |  10.00 ns|  1.845 ns|     2.70 ns|
    +--------+----------+----------+------------+

+ Latency:
    * Summary:
    +---------+---------+----------+----------+-----+-----+---------+
    |  Latency (cycles) |  Latency (absolute) |  Interval | Pipeline|
    |   min   |   max   |    min   |    max   | min | max |   Type  |
    +---------+---------+----------+----------+-----+-----+---------+
    |        0|        0|      0 ns|      0 ns|    0|    0|       no|
    +---------+---------+----------+----------+-----+-----+---------+

    + Detail:
        * Instance:
        N/A

        * Loop:
        N/A



================================================================
== Utilization Estimates
================================================================
* Summary:
+-----------------+---------+------+--------+--------+-----+
|       Name      | BRAM_18K|  DSP |   FF   |   LUT  | URAM|
+-----------------+---------+------+--------+--------+-----+
|DSP              |        -|     -|       -|       -|    -|
|Expression       |        -|     -|       0|     848|    -|
|FIFO             |        -|     -|       -|       -|    -|
|Instance         |        -|     -|       0|      20|    -|
|Memory           |        -|     -|       -|       -|    -|
|Multiplexer      |        -|     -|       -|     154|    -|
|Register         |        -|     -|       -|       -|    -|
+-----------------+---------+------+--------+--------+-----+
|Total            |        0|     0|       0|    1022|    0|
+-----------------+---------+------+--------+--------+-----+
|Available        |      624|  1728|  460800|  230400|   96|
+-----------------+---------+------+--------+--------+-----+
|Utilization (%)  |        0|     0|       0|      ~0|    0|
+-----------------+---------+------+--------+--------+-----+

+ Detail:
    * Instance:
    +------------------+---------------+---------+----+---+----+-----+
    |     Instance     |     Module    | BRAM_18K| DSP| FF| LUT| URAM|
    +------------------+---------------+---------+----+---+----+-----+
    |mux_42_32_1_1_U1  |mux_42_32_1_1  |        0|   0|  0|  20|    0|
    +------------------+---------------+---------+----+---+----+-----+
    |Total             |               |        0|   0|  0|  20|    0|
    +------------------+---------------+---------+----+---+----+-----+

    * DSP:
    N/A

    * Memory:
    N/A

    * FIFO:
    N/A

    * Expression:
    +----------------------------------+----------+----+---+----+------------+------------+
    |           Variable Name          | Operation| DSP| FF| LUT| Bitwidth P0| Bitwidth P1|
    +----------------------------------+----------+----+---+----+------------+------------+
    |grp_fu_501_p2                     |      icmp|   0|  0|   8|           2|           1|
    |icmp_ln473_fu_1440_p2             |      icmp|   0|  0|   8|           3|           3|
    |icmp_ln511_fu_1673_p2             |      icmp|   0|  0|  11|          10|           1|
    |icmp_ln544_fu_601_p2              |      icmp|   0|  0|   9|           5|           1|
    |icmp_ln550_fu_1231_p2             |      icmp|   0|  0|   9|           5|           2|
    |icmp_ln554_fu_1292_p2             |      icmp|   0|  0|  11|          10|           1|
    |icmp_ln557_fu_1237_p2             |      icmp|   0|  0|  10|           6|           1|
    |icmp_ln568_fu_1186_p2             |      icmp|   0|  0|   8|           2|           1|
    |icmp_ln617_fu_634_p2              |      icmp|   0|  0|   9|           5|           1|
    |result_valid_fu_537_p2            |      icmp|   0|  0|   8|           2|           2|
    |or_ln458_1_fu_1070_p2             |        or|   0|  0|  19|          19|          19|
    |or_ln458_2_fu_1094_p2             |        or|   0|  0|  31|          31|          31|
    |or_ln458_5_fu_1127_p2             |        or|   0|  0|  24|          24|           6|
    |or_ln458_6_fu_1155_p2             |        or|   0|  0|  19|          19|           6|
    |or_ln458_fu_1032_p2               |        or|   0|  0|  24|          24|           6|
    |or_ln475_1_fu_1470_p2             |        or|   0|  0|  19|          19|          19|
    |or_ln475_fu_1434_p2               |        or|   0|  0|  12|          12|           7|
    |result_instruction_10_fu_623_p2   |        or|   0|  0|  29|          29|          17|
    |result_instruction_11_fu_1695_p2  |        or|   0|  0|  30|          30|          17|
    |result_instruction_12_fu_1366_p2  |        or|   0|  0|  26|          26|           5|
    |result_instruction_13_fu_1220_p2  |        or|   0|  0|  31|          31|          15|
    |result_instruction_14_fu_987_p2   |        or|   0|  0|  26|          26|          15|
    |result_instruction_15_fu_789_p2   |        or|   0|  0|  29|          29|          17|
    |result_instruction_16_fu_762_p2   |        or|   0|  0|  28|          28|          17|
    |result_instruction_17_fu_1314_p2  |        or|   0|  0|  30|          30|          17|
    |result_instruction_18_fu_1255_p2  |        or|   0|  0|  18|          18|           6|
    |result_instruction_1_fu_1585_p2   |        or|   0|  0|  28|          28|          14|
    |result_instruction_20_fu_696_p2   |        or|   0|  0|  25|          25|           6|
    |result_instruction_21_fu_652_p2   |        or|   0|  0|  25|          25|           6|
    |result_instruction_23_fu_715_p2   |        or|   0|  0|  20|          20|           8|
    |result_instruction_24_fu_671_p2   |        or|   0|  0|  20|          20|           7|
    |result_instruction_2_fu_1556_p2   |        or|   0|  0|  27|          27|          14|
    |result_instruction_3_fu_1525_p2   |        or|   0|  0|  28|          28|          14|
    |result_instruction_5_fu_1393_p2   |        or|   0|  0|  26|          26|           5|
    |result_instruction_6_fu_1339_p2   |        or|   0|  0|  26|          26|           5|
    |result_instruction_7_fu_962_p2    |        or|   0|  0|  32|          32|           7|
    |result_instruction_8_fu_863_p2    |        or|   0|  0|  28|          28|          17|
    |result_instruction_9_fu_816_p2    |        or|   0|  0|  26|          26|          13|
    |result_instruction_fu_1620_p2     |        or|   0|  0|  27|          27|          14|
    |select_ln436_fu_543_p3            |    select|   0|  0|   2|           1|           2|
    |select_ln457_1_fu_1133_p3         |    select|   0|  0|   8|           1|           8|
    |select_ln457_fu_1038_p3           |    select|   0|  0|   8|           1|           8|
    |select_ln568_fu_1192_p3           |    select|   0|  0|   6|           1|           6|
    +----------------------------------+----------+----+---+----+------------+------------+
    |Total                             |          |   0|  0| 848|         787|         388|
    +----------------------------------+----------+----+---+----+------------+------------+

    * Multiplexer:
    +---------------------------------------------------------+-----+-----------+-----+-----------+
    |                           Name                          | LUT | Input Size| Bits| Total Bits|
    +---------------------------------------------------------+-----+-----------+-----+-----------+
    |ap_phi_mux_this_instruction_write_assign_phi_fu_374_p76  |  140|         28|   32|        896|
    |ap_phi_mux_this_legal_write_assign_phi_fu_255_p76        |   14|          3|    1|          3|
    +---------------------------------------------------------+-----+-----------+-----+-----------+
    |Total                                                    |  154|         31|   33|        899|
    +---------------------------------------------------------+-----+-----------+-----+-----------+

    * Register:
    N/A



================================================================
== Interface
================================================================
* Summary:
+-------------+-----+-----+------------+----------------+--------------+
|  RTL Ports  | Dir | Bits|  Protocol  |  Source Object |    C Type    |
+-------------+-----+-----+------------+----------------+--------------+
|ap_ready     |  out|    1|  ap_ctrl_hs|  decompress_rvc|  return value|
|ap_return_0  |  out|    1|  ap_ctrl_hs|  decompress_rvc|  return value|
|ap_return_1  |  out|    1|  ap_ctrl_hs|  decompress_rvc|  return value|
|ap_return_2  |  out|   32|  ap_ctrl_hs|  decompress_rvc|  return value|
|ap_return_3  |  out|    8|  ap_ctrl_hs|  decompress_rvc|  return value|
|c            |   in|   16|     ap_none|               c|        scalar|
+-------------+-----+-----+------------+----------------+--------------+
