

================================================================
== Vitis HLS Report for 'synth_rvc_top'
================================================================
* Date:           Tue Aug 11 23:50:13 2026

* Version:        2021.2 (Build 3367213 on Tue Oct 19 02:47:39 MDT 2021)
* Project:        boom_hls_gate5_2_rvc_r1_repair_synth_rvc_top
* Solution:       solution_module (Vivado IP Flow Target)
* Product family: zynquplus
* Target device:  xczu7ev-ffvc1156-2-e


================================================================
== Performance Estimates
================================================================
+ Timing:
    * Summary:
    +--------+----------+----------+------------+
    |  Clock |  Target  | Estimated| Uncertainty|
    +--------+----------+----------+------------+
    |ap_clk  |  10.00 ns|  1.845 ns|     2.70 ns|
    +--------+----------+----------+------------+

+ Latency:
    * Summary:
    +---------+---------+----------+----------+-----+-----+---------+
    |  Latency (cycles) |  Latency (absolute) |  Interval | Pipeline|
    |   min   |   max   |    min   |    max   | min | max |   Type  |
    +---------+---------+----------+----------+-----+-----+---------+
    |        0|        0|      0 ns|      0 ns|    1|    1|       no|
    +---------+---------+----------+----------+-----+-----+---------+

    + Detail:
        * Instance:
        +-------------------------------+----------------+---------+---------+----------+----------+-----+-----+---------+
        |                               |                |  Latency (cycles) |  Latency (absolute) |  Interval | Pipeline|
        |            Instance           |     Module     |   min   |   max   |    min   |    max   | min | max |   Type  |
        +-------------------------------+----------------+---------+---------+----------+----------+-----+-----+---------+
        |call_ret_decompress_rvc_fu_68  |decompress_rvc  |        0|        0|      0 ns|      0 ns|    0|    0|       no|
        +-------------------------------+----------------+---------+---------+----------+----------+-----+-----+---------+

        * Loop:
        N/A



================================================================
== Utilization Estimates
================================================================
* Summary:
+-----------------+---------+------+--------+--------+-----+
|       Name      | BRAM_18K|  DSP |   FF   |   LUT  | URAM|
+-----------------+---------+------+--------+--------+-----+
|DSP              |        -|     -|       -|       -|    -|
|Expression       |        -|     -|       -|       -|    -|
|FIFO             |        -|     -|       -|       -|    -|
|Instance         |        -|     -|       0|    1022|    -|
|Memory           |        -|     -|       -|       -|    -|
|Multiplexer      |        -|     -|       -|       -|    -|
|Register         |        -|     -|       -|       -|    -|
+-----------------+---------+------+--------+--------+-----+
|Total            |        0|     0|       0|    1022|    0|
+-----------------+---------+------+--------+--------+-----+
|Available        |      624|  1728|  460800|  230400|   96|
+-----------------+---------+------+--------+--------+-----+
|Utilization (%)  |        0|     0|       0|      ~0|    0|
+-----------------+---------+------+--------+--------+-----+

+ Detail:
    * Instance:
    +-------------------------------+----------------+---------+----+---+------+-----+
    |            Instance           |     Module     | BRAM_18K| DSP| FF|  LUT | URAM|
    +-------------------------------+----------------+---------+----+---+------+-----+
    |call_ret_decompress_rvc_fu_68  |decompress_rvc  |        0|   0|  0|  1022|    0|
    +-------------------------------+----------------+---------+----+---+------+-----+
    |Total                          |                |        0|   0|  0|  1022|    0|
    +-------------------------------+----------------+---------+----+---+------+-----+

    * DSP:
    N/A

    * Memory:
    N/A

    * FIFO:
    N/A

    * Expression:
    N/A

    * Multiplexer:
    N/A

    * Register:
    N/A



================================================================
== Interface
================================================================
* Summary:
+---------------------+-----+-----+------------+---------------+--------------+
|      RTL Ports      | Dir | Bits|  Protocol  | Source Object |    C Type    |
+---------------------+-----+-----+------------+---------------+--------------+
|ap_local_block       |  out|    1|  ap_ctrl_hs|  synth_rvc_top|  return value|
|ap_local_deadlock    |  out|    1|  ap_ctrl_hs|  synth_rvc_top|  return value|
|ap_start             |   in|    1|  ap_ctrl_hs|  synth_rvc_top|  return value|
|ap_done              |  out|    1|  ap_ctrl_hs|  synth_rvc_top|  return value|
|ap_idle              |  out|    1|  ap_ctrl_hs|  synth_rvc_top|  return value|
|ap_ready             |  out|    1|  ap_ctrl_hs|  synth_rvc_top|  return value|
|compressed           |   in|   16|     ap_none|     compressed|        scalar|
|valid                |  out|    1|      ap_vld|          valid|       pointer|
|valid_ap_vld         |  out|    1|      ap_vld|          valid|       pointer|
|legal                |  out|    1|      ap_vld|          legal|       pointer|
|legal_ap_vld         |  out|    1|      ap_vld|          legal|       pointer|
|decompressed         |  out|   32|      ap_vld|   decompressed|       pointer|
|decompressed_ap_vld  |  out|    1|      ap_vld|   decompressed|       pointer|
|length_r             |  out|    8|      ap_vld|       length_r|       pointer|
|length_r_ap_vld      |  out|    1|      ap_vld|       length_r|       pointer|
+---------------------+-----+-----+------------+---------------+--------------+
