
****** Vitis HLS - High-Level Synthesis from C, C++ and OpenCL v2021.2 (64-bit)
  **** SW Build 3367213 on Tue Oct 19 02:47:39 MDT 2021
  **** IP Build 3369179 on Thu Oct 21 08:25:16 MDT 2021
    ** Copyright 1986-2021 Xilinx, Inc. All Rights Reserved.

source /home/lab_726/Xilinx/Vitis_HLS/2021.2/scripts/vitis_hls/hls.tcl -notrace
INFO: [HLS 200-10] Running '/home/lab_726/Xilinx/Vitis_HLS/2021.2/bin/unwrapped/lnx64.o/vitis_hls'
INFO: [HLS 200-10] For user 'lab_726' on host '726' (Linux_x86_64 version 6.8.0-124-generic) on Sun Jul 26 21:21:24 CST 2026
INFO: [HLS 200-10] On os Ubuntu 22.04.5 LTS
INFO: [HLS 200-10] In directory '/home/lab_726/boom/hls_boom'
Sourcing Tcl script '/home/lab_726/boom/hls_boom/scripts/gate3_4_module_csynth.tcl'
INFO: [HLS 200-1510] Running: open_project -reset boom_hls_gate3_4_synth_issue_top
INFO: [HLS 200-10] Creating and opening project '/home/lab_726/boom/hls_boom/boom_hls_gate3_4_synth_issue_top'.
INFO: [HLS 200-1510] Running: set_top synth_issue_top
INFO: [HLS 200-1510] Running: add_files -cflags -std=c++11 -I/home/lab_726/boom/hls_boom/include  /home/lab_726/boom/hls_boom/src/boom_core_merged.cpp
INFO: [HLS 200-10] Adding design file '/home/lab_726/boom/hls_boom/src/boom_core_merged.cpp' to the project
INFO: [HLS 200-1510] Running: open_solution -reset solution_module
INFO: [HLS 200-10] Creating and opening solution '/home/lab_726/boom/hls_boom/boom_hls_gate3_4_synth_issue_top/solution_module'.
INFO: [HLS 200-10] Cleaning up the solution database.
WARNING: [HLS 200-40] No /home/lab_726/boom/hls_boom/boom_hls_gate3_4_synth_issue_top/solution_module/solution_module.aps file found.
INFO: [HLS 200-1505] Using default flow_target 'vivado'
Resolution: For help on HLS 200-1505 see www.xilinx.com/cgi-bin/docs/rdoc?v=2021.2;t=hls+guidance;d=200-1505.html
INFO: [HLS 200-1510] Running: set_part xczu7ev-ffvc1156-2-e
INFO: [HLS 200-1611] Setting target device to 'xczu7ev-ffvc1156-2-e'
INFO: [HLS 200-1510] Running: create_clock -period 10 -name default
INFO: [SYN 201-201] Setting up clock 'default' with a period of 10ns.
INFO: [HLS 200-1510] Running: config_compile -pipeline_loops 0
INFO: [XFORM 203-1171] Pipeline the innermost loop with trip count more than 0 or its parent loop when its trip count is less than or equal 0.
INFO: [HLS 200-1510] Running: csynth_design
INFO: [HLS 200-111] Finished File checks and directory preparation: CPU user time: 0.01 seconds. CPU system time: 0 seconds. Elapsed time: 0 seconds; current allocated memory: 1.321 GB.
INFO: [HLS 200-10] Analyzing design file '/home/lab_726/boom/hls_boom/src/boom_core_merged.cpp' ...
INFO: [HLS 200-111] Finished Source Code Analysis and Preprocessing: CPU user time: 0.74 seconds. CPU system time: 0.2 seconds. Elapsed time: 0.48 seconds; current allocated memory: 1.323 GB.
INFO: [HLS 200-777] Using interface defaults for 'Vivado' flow target.
INFO: [HLS 214-284] Auto array partition mode is set into default.
INFO: [HLS 214-178] Inlining function 'MicroOp::MicroOp() (.16.22.28.34.40.46.52.58)' into 'FrontendState::FrontendState()' (/home/lab_726/boom/hls_boom/include/boom_state.hpp:26:0)
INFO: [HLS 214-178] Inlining function 'MicroOp::MicroOp() (.16.22.28.34.40.46.52.58)' into 'DecodeState::DecodeState()' (/home/lab_726/boom/hls_boom/include/boom_state.hpp:32:0)
INFO: [HLS 214-178] Inlining function 'RenameMapTableState::RenameMapTableState()' into 'RenameState::RenameState()' (/home/lab_726/boom/hls_boom/include/boom_state.hpp:74:0)
INFO: [HLS 214-178] Inlining function 'RenameFreeListState::RenameFreeListState()' into 'RenameState::RenameState()' (/home/lab_726/boom/hls_boom/include/boom_state.hpp:74:0)
INFO: [HLS 214-178] Inlining function 'MicroOp::MicroOp() (.16.22.28.34.40.46.52.58)' into 'RenameState::RenameState()' (/home/lab_726/boom/hls_boom/include/boom_state.hpp:74:0)
INFO: [HLS 214-178] Inlining function 'MicroOp::MicroOp() (.16.22.28.34.40.46.52.58)' into 'IssueSlotEntry::IssueSlotEntry()' (/home/lab_726/boom/hls_boom/include/boom_types.hpp:88:0)
INFO: [HLS 214-178] Inlining function 'IssueSlotEntry::IssueSlotEntry()' into 'IssueQueueState::IssueQueueState()' (/home/lab_726/boom/hls_boom/include/boom_state.hpp:81:0)
INFO: [HLS 214-178] Inlining function 'MicroOp::MicroOp() (.16.22.28.34.40.46.52.58)' into 'IssueState::IssueState()' (/home/lab_726/boom/hls_boom/include/boom_state.hpp:89:0)
INFO: [HLS 214-178] Inlining function 'MicroOp::MicroOp() (.16.22.28.34.40.46.52.58)' into 'ExecuteState::AluResult::AluResult()' (/home/lab_726/boom/hls_boom/include/boom_state.hpp:104:0)
INFO: [HLS 214-178] Inlining function 'ExecuteState::AluResult::AluResult()' into 'ExecuteState::ExecuteState()' (/home/lab_726/boom/hls_boom/include/boom_state.hpp:107:0)
INFO: [HLS 214-178] Inlining function 'MicroOp::MicroOp() (.16.22.28.34.40.46.52.58)' into 'RobEntry::RobEntry()' (/home/lab_726/boom/hls_boom/include/boom_types.hpp:79:0)
INFO: [HLS 214-178] Inlining function 'RobEntry::RobEntry()' into 'RobInternalState::RobInternalState()' (/home/lab_726/boom/hls_boom/include/boom_state.hpp:120:0)
INFO: [HLS 214-178] Inlining function 'CommitEntry::CommitEntry()' into 'RobInternalState::RobInternalState()' (/home/lab_726/boom/hls_boom/include/boom_state.hpp:120:0)
INFO: [HLS 214-178] Inlining function 'StoreQueueEntry::StoreQueueEntry()' into 'LsuState::LsuState()' (/home/lab_726/boom/hls_boom/include/boom_state.hpp:161:0)
INFO: [HLS 214-178] Inlining function 'LoadQueueEntry::LoadQueueEntry()' into 'LsuState::LsuState()' (/home/lab_726/boom/hls_boom/include/boom_state.hpp:161:0)
INFO: [HLS 214-178] Inlining function 'MicroOp::MicroOp() (.16.22.28.34.40.46.52.58)' into 'BranchUpdate::BranchUpdate()' (/home/lab_726/boom/hls_boom/include/boom_types.hpp:97:0)
INFO: [HLS 214-178] Inlining function 'FrontendState::FrontendState()' into 'BoomCoreState::BoomCoreState()' (/home/lab_726/boom/hls_boom/include/boom_state.hpp:185:0)
INFO: [HLS 214-178] Inlining function 'CsrState::CsrState()' into 'BoomCoreState::BoomCoreState()' (/home/lab_726/boom/hls_boom/include/boom_state.hpp:185:0)
INFO: [HLS 214-178] Inlining function 'LsuState::LsuState()' into 'BoomCoreState::BoomCoreState()' (/home/lab_726/boom/hls_boom/include/boom_state.hpp:185:0)
INFO: [HLS 214-178] Inlining function 'BranchRecoveryState::BranchRecoveryState()' into 'BoomCoreState::BoomCoreState()' (/home/lab_726/boom/hls_boom/include/boom_state.hpp:185:0)
INFO: [HLS 214-178] Inlining function 'BranchUpdate::BranchUpdate()' into 'BoomCoreState::BoomCoreState()' (/home/lab_726/boom/hls_boom/include/boom_state.hpp:185:0)
INFO: [HLS 214-178] Inlining function 'IssueSlotEntry::IssueSlotEntry()' into 'boom::compact_iq(IssueQueueState&)' (/home/lab_726/boom/hls_boom/src/boom_core_merged.cpp:517:0)
INFO: [HLS 214-178] Inlining function 'boom::killed_by_branch(MicroOp const&, unsigned char)' into 'boom::issue_module(BoomCoreState&)' (/home/lab_726/boom/hls_boom/src/boom_core_merged.cpp:528:0)
INFO: [HLS 214-178] Inlining function 'boom::preg_busy(BoomCoreState const&, unsigned char)' into 'boom::issue_module(BoomCoreState&)' (/home/lab_726/boom/hls_boom/src/boom_core_merged.cpp:528:0)
INFO: [HLS 214-270] Starting automatic array partition analysis...
INFO: [HLS 200-111] Finished Compiling Optimization and Transform: CPU user time: 8.32 seconds. CPU system time: 0.32 seconds. Elapsed time: 8.57 seconds; current allocated memory: 432.352 MB.
INFO: [HLS 200-111] Finished Checking Pragmas: CPU user time: 0 seconds. CPU system time: 0 seconds. Elapsed time: 0 seconds; current allocated memory: 432.352 MB.
INFO: [HLS 200-10] Starting code transformations ...
INFO: [HLS 200-111] Finished Standard Transforms: CPU user time: 0.11 seconds. CPU system time: 0 seconds. Elapsed time: 0.12 seconds; current allocated memory: 440.465 MB.
INFO: [HLS 200-10] Checking synthesizability ...
INFO: [HLS 200-111] Finished Checking Synthesizability: CPU user time: 0.06 seconds. CPU system time: 0.01 seconds. Elapsed time: 0.06 seconds; current allocated memory: 443.164 MB.
INFO: [XFORM 203-102] Partitioning array 'state.rename.renamed_valids' automatically.
INFO: [XFORM 203-102] Partitioning array 'state.rename.renamed_uops.uopc' automatically.
INFO: [XFORM 203-102] Partitioning array 'state.rename.renamed_uops.iq_type' automatically.
INFO: [XFORM 203-102] Partitioning array 'state.rename.renamed_uops.inst' automatically.
INFO: [XFORM 203-102] Partitioning array 'state.rename.renamed_uops.fu_code' automatically.
INFO: [XFORM 203-102] Partitioning array 'state.rename.renamed_uops.debug_pc' automatically.
INFO: [HLS 200-111] Finished Loop, function and other optimizations: CPU user time: 0.2 seconds. CPU system time: 0 seconds. Elapsed time: 0.2 seconds; current allocated memory: 472.801 MB.
INFO: [HLS 200-472] Inferring partial write operation for 'state.issue.alu_iq.entries.prs1_busy' (/home/lab_726/boom/hls_boom/src/boom_core_merged.cpp:548:49)
INFO: [HLS 200-472] Inferring partial write operation for 'state.issue.alu_iq.entries.prs2_busy' (/home/lab_726/boom/hls_boom/src/boom_core_merged.cpp:549:49)
INFO: [HLS 200-472] Inferring partial write operation for 'state.issue.alu_iq.entries.valid' (/home/lab_726/boom/hls_boom/src/boom_core_merged.cpp:559:19)
INFO: [HLS 200-472] Inferring partial write operation for 'state.issue.alu_iq.entries.request' (/home/lab_726/boom/hls_boom/src/boom_core_merged.cpp:559:38)
INFO: [HLS 200-472] Inferring partial write operation for 'state.issue.alu_iq.entries.granted' (/home/lab_726/boom/hls_boom/src/boom_core_merged.cpp:559:57)
INFO: [HLS 200-472] Inferring partial write operation for 'state.issue.alu_iq.entries.killed' (/home/lab_726/boom/hls_boom/src/boom_core_merged.cpp:559:76)
INFO: [HLS 200-472] Inferring partial write operation for 'state.issue.alu_iq.entries.uop.uopc' (/home/lab_726/boom/hls_boom/src/boom_core_merged.cpp:560:17)
INFO: [HLS 200-472] Inferring partial write operation for 'state.issue.alu_iq.entries.prs1_busy' (/home/lab_726/boom/hls_boom/src/boom_core_merged.cpp:560:37)
INFO: [HLS 200-472] Inferring partial write operation for 'state.issue.alu_iq.entries.prs2_busy' (/home/lab_726/boom/hls_boom/src/boom_core_merged.cpp:561:23)
INFO: [HLS 200-472] Inferring partial write operation for 'state.issue.alu_iq.entries.pdst_busy' (/home/lab_726/boom/hls_boom/src/boom_core_merged.cpp:561:60)
INFO: [HLS 200-472] Inferring partial write operation for 'state.issue.alu_iq.entries.granted' (/home/lab_726/boom/hls_boom/src/boom_core_merged.cpp:570:22)
INFO: [HLS 200-472] Inferring partial write operation for 'state.issue.alu_iq.entries.request' (/home/lab_726/boom/hls_boom/src/boom_core_merged.cpp:570:38)
INFO: [HLS 200-472] Inferring partial write operation for 'temp.valid' (/home/lab_726/boom/hls_boom/include/boom_types.hpp:86:24)
INFO: [HLS 200-472] Inferring partial write operation for 'temp.request' (/home/lab_726/boom/hls_boom/include/boom_types.hpp:86:38)
INFO: [HLS 200-472] Inferring partial write operation for 'temp.granted' (/home/lab_726/boom/hls_boom/include/boom_types.hpp:86:54)
INFO: [HLS 200-472] Inferring partial write operation for 'temp.killed' (/home/lab_726/boom/hls_boom/include/boom_types.hpp:86:70)
INFO: [HLS 200-472] Inferring partial write operation for 'temp.pdst_busy' (/home/lab_726/boom/hls_boom/include/boom_types.hpp:87:9)
INFO: [HLS 200-472] Inferring partial write operation for 'temp.prs1_busy' (/home/lab_726/boom/hls_boom/include/boom_types.hpp:87:27)
INFO: [HLS 200-472] Inferring partial write operation for 'temp.prs2_busy' (/home/lab_726/boom/hls_boom/include/boom_types.hpp:87:45)
INFO: [HLS 200-472] Inferring partial write operation for 'temp.prs3_busy' (/home/lab_726/boom/hls_boom/include/boom_types.hpp:87:63)
INFO: [HLS 200-472] Inferring partial write operation for 'temp.uop.uopc' (/home/lab_726/boom/hls_boom/include/boom_types.hpp:62:21)
INFO: [HLS 200-472] Inferring partial write operation for 'temp.uop.inst' (/home/lab_726/boom/hls_boom/include/boom_types.hpp:62:29)
INFO: [HLS 200-472] Inferring partial write operation for 'temp.uop.debug_inst' (/home/lab_726/boom/hls_boom/include/boom_types.hpp:62:43)
INFO: [HLS 200-472] Inferring partial write operation for 'temp.uop.is_rvc' (/home/lab_726/boom/hls_boom/include/boom_types.hpp:62:53)
INFO: [HLS 200-472] Inferring partial write operation for 'temp.uop.debug_pc' (/home/lab_726/boom/hls_boom/include/boom_types.hpp:62:69)
INFO: [HLS 200-472] Inferring partial write operation for 'temp.uop.iq_type' (/home/lab_726/boom/hls_boom/include/boom_types.hpp:62:80)
INFO: [HLS 200-472] Inferring partial write operation for 'temp.uop.fu_code' (/home/lab_726/boom/hls_boom/include/boom_types.hpp:62:91)
INFO: [HLS 200-472] Inferring partial write operation for 'temp.uop.ctrl.br_type' (/home/lab_726/boom/hls_boom/include/boom_types.hpp:63:13)
INFO: [HLS 200-472] Inferring partial write operation for 'temp.uop.iw_state' (/home/lab_726/boom/hls_boom/include/boom_types.hpp:63:26)
INFO: [HLS 200-472] Inferring partial write operation for 'temp.uop.iw_p2_poisoned' (/home/lab_726/boom/hls_boom/include/boom_types.hpp:63:59)
INFO: [HLS 200-472] Inferring partial write operation for 'temp.uop.iw_p1_poisoned' (/home/lab_726/boom/hls_boom/include/boom_types.hpp:63:44)
INFO: [HLS 200-472] Inferring partial write operation for 'temp.uop.branch.br_mask' (/home/lab_726/boom/hls_boom/include/boom_types.hpp:63:73)
INFO: [HLS 200-472] Inferring partial write operation for 'temp.uop.imm_packed' (/home/lab_726/boom/hls_boom/include/boom_types.hpp:63:88)
INFO: [HLS 200-472] Inferring partial write operation for 'temp.uop.csr_addr' (/home/lab_726/boom/hls_boom/include/boom_types.hpp:63:100)
INFO: [HLS 200-472] Inferring partial write operation for 'temp.uop.queue.rob_idx' (/home/lab_726/boom/hls_boom/include/boom_types.hpp:64:14)
INFO: [HLS 200-472] Inferring partial write operation for 'temp.uop.rename.ldst' (/home/lab_726/boom/hls_boom/include/boom_types.hpp:64:25)
INFO: [HLS 200-472] Inferring partial write operation for 'temp.uop.exception' (/home/lab_726/boom/hls_boom/include/boom_types.hpp:64:39)
INFO: [HLS 200-472] Inferring partial write operation for 'temp.uop.exc_cause' (/home/lab_726/boom/hls_boom/include/boom_types.hpp:64:56)
INFO: [HLS 200-472] Inferring partial write operation for 'temp.uop.bypassable' (/home/lab_726/boom/hls_boom/include/boom_types.hpp:64:70)
INFO: [HLS 200-472] Inferring partial write operation for 'temp.uop.mem.mem_cmd' (/home/lab_726/boom/hls_boom/include/boom_types.hpp:64:81)
INFO: [HLS 200-472] Inferring partial write operation for 'temp.uop.flush_on_commit' (/home/lab_726/boom/hls_boom/include/boom_types.hpp:65:48)
INFO: [HLS 200-472] Inferring partial write operation for 'temp.uop.is_unique' (/home/lab_726/boom/hls_boom/include/boom_types.hpp:65:32)
INFO: [HLS 200-472] Inferring partial write operation for 'temp.uop.is_sys_pc2epc' (/home/lab_726/boom/hls_boom/include/boom_types.hpp:65:22)
INFO: [HLS 200-472] Inferring partial write operation for 'temp.uop.exc.exception' (/home/lab_726/boom/hls_boom/include/boom_types.hpp:65:59)
INFO: [HLS 200-472] Inferring partial write operation for 'temp.uop.debug.debug_fsrc' (/home/lab_726/boom/hls_boom/include/boom_types.hpp:65:69)
INFO: [HLS 200-472] Inferring partial write operation for 'temp.prs1_data' (/home/lab_726/boom/hls_boom/include/boom_types.hpp:88:16)
INFO: [HLS 200-472] Inferring partial write operation for 'temp.prs2_data' (/home/lab_726/boom/hls_boom/include/boom_types.hpp:88:30)
INFO: [HLS 200-472] Inferring partial write operation for 'temp.prs3_data' (/home/lab_726/boom/hls_boom/include/boom_types.hpp:88:44)
INFO: [HLS 200-472] Inferring partial write operation for 'temp.valid' (/home/lab_726/boom/hls_boom/src/boom_core_merged.cpp:521:69)
INFO: [HLS 200-472] Inferring partial write operation for 'temp.valid' (/home/lab_726/boom/hls_boom/src/boom_core_merged.cpp:523:54)
INFO: [HLS 200-472] Inferring partial write operation for 'state.issue.alu_iq.entries.valid' (/home/lab_726/boom/hls_boom/src/boom_core_merged.cpp:524:60)
INFO: [HLS 200-111] Finished Architecture Synthesis: CPU user time: 0.14 seconds. CPU system time: 0.01 seconds. Elapsed time: 0.14 seconds; current allocated memory: 488.043 MB.
INFO: [HLS 200-10] Starting hardware synthesis ...
INFO: [HLS 200-10] Synthesizing 'synth_issue_top' ...
INFO: [HLS 200-10] ----------------------------------------------------------------
INFO: [HLS 200-42] -- Implementing module 'compact_iq'
INFO: [HLS 200-10] ----------------------------------------------------------------
INFO: [SCHED 204-11] Starting scheduling ...
INFO: [SCHED 204-11] Finished scheduling.
INFO: [HLS 200-111] Finished Scheduling: CPU user time: 0.32 seconds. CPU system time: 0.02 seconds. Elapsed time: 0.33 seconds; current allocated memory: 500.211 MB.
INFO: [BIND 205-100] Starting micro-architecture generation ...
INFO: [BIND 205-101] Performing variable lifetime analysis.
INFO: [BIND 205-101] Exploring resource sharing.
INFO: [BIND 205-101] Binding ...
INFO: [BIND 205-100] Finished micro-architecture generation.
INFO: [HLS 200-111] Finished Binding: CPU user time: 0.15 seconds. CPU system time: 0 seconds. Elapsed time: 0.14 seconds; current allocated memory: 500.211 MB.
INFO: [HLS 200-10] ----------------------------------------------------------------
INFO: [HLS 200-42] -- Implementing module 'issue_module'
INFO: [HLS 200-10] ----------------------------------------------------------------
INFO: [SCHED 204-11] Starting scheduling ...
INFO: [SCHED 204-11] Finished scheduling.
INFO: [HLS 200-111] Finished Scheduling: CPU user time: 0.19 seconds. CPU system time: 0.01 seconds. Elapsed time: 0.2 seconds; current allocated memory: 500.211 MB.
INFO: [BIND 205-100] Starting micro-architecture generation ...
INFO: [BIND 205-101] Performing variable lifetime analysis.
INFO: [BIND 205-101] Exploring resource sharing.
INFO: [BIND 205-101] Binding ...
INFO: [BIND 205-100] Finished micro-architecture generation.
INFO: [HLS 200-111] Finished Binding: CPU user time: 0.08 seconds. CPU system time: 0 seconds. Elapsed time: 0.08 seconds; current allocated memory: 500.211 MB.
INFO: [HLS 200-10] ----------------------------------------------------------------
INFO: [HLS 200-42] -- Implementing module 'synth_issue_top'
INFO: [HLS 200-10] ----------------------------------------------------------------
INFO: [SCHED 204-11] Starting scheduling ...
INFO: [SCHED 204-11] Finished scheduling.
INFO: [HLS 200-111] Finished Scheduling: CPU user time: 0.09 seconds. CPU system time: 0 seconds. Elapsed time: 0.09 seconds; current allocated memory: 500.211 MB.
INFO: [BIND 205-100] Starting micro-architecture generation ...
INFO: [BIND 205-101] Performing variable lifetime analysis.
INFO: [BIND 205-101] Exploring resource sharing.
INFO: [BIND 205-101] Binding ...
INFO: [BIND 205-100] Finished micro-architecture generation.
INFO: [HLS 200-111] Finished Binding: CPU user time: 0.04 seconds. CPU system time: 0 seconds. Elapsed time: 0.04 seconds; current allocated memory: 500.211 MB.
INFO: [HLS 200-10] ----------------------------------------------------------------
INFO: [HLS 200-10] -- Generating RTL for module 'compact_iq'
INFO: [HLS 200-10] ----------------------------------------------------------------
INFO: [RTGEN 206-100] Finished creating RTL model for 'compact_iq'.
INFO: [HLS 200-111] Finished Creating RTL model: CPU user time: 0.13 seconds. CPU system time: 0 seconds. Elapsed time: 0.14 seconds; current allocated memory: 506.027 MB.
INFO: [HLS 200-10] ----------------------------------------------------------------
INFO: [HLS 200-10] -- Generating RTL for module 'issue_module'
INFO: [HLS 200-10] ----------------------------------------------------------------
WARNING: [RTGEN 206-101] Register 'state_issue_alu_iq_tail' is power-on initialization.
INFO: [RTGEN 206-100] Finished creating RTL model for 'issue_module'.
INFO: [HLS 200-111] Finished Creating RTL model: CPU user time: 0.37 seconds. CPU system time: 0.02 seconds. Elapsed time: 0.38 seconds; current allocated memory: 529.422 MB.
INFO: [HLS 200-10] ----------------------------------------------------------------
INFO: [HLS 200-10] -- Generating RTL for module 'synth_issue_top'
INFO: [HLS 200-10] ----------------------------------------------------------------
INFO: [RTGEN 206-500] Setting interface mode on port 'synth_issue_top/seed_inst' to 'ap_none'.
INFO: [RTGEN 206-500] Setting interface mode on port 'synth_issue_top/seed_pc' to 'ap_none'.
INFO: [RTGEN 206-500] Setting interface mode on port 'synth_issue_top/observable' to 'ap_vld'.
INFO: [RTGEN 206-500] Setting interface mode on function 'synth_issue_top' to 'ap_ctrl_hs'.
WARNING: [RTGEN 206-101] Register 'state_rename_renamed_valids_0' is power-on initialization.
WARNING: [RTGEN 206-101] Register 'state_rename_renamed_uops_inst_0' is power-on initialization.
WARNING: [RTGEN 206-101] Register 'state_rename_renamed_uops_debug_pc_0' is power-on initialization.
WARNING: [RTGEN 206-101] Register 'state_rename_renamed_uops_uopc_0' is power-on initialization.
WARNING: [RTGEN 206-101] Register 'state_rename_renamed_uops_iq_type_0' is power-on initialization.
WARNING: [RTGEN 206-101] Register 'state_issue_alu_iq_count' is power-on initialization.
INFO: [RTGEN 206-100] Finished creating RTL model for 'synth_issue_top'.
INFO: [HLS 200-111] Finished Creating RTL model: CPU user time: 0.25 seconds. CPU system time: 0 seconds. Elapsed time: 0.25 seconds; current allocated memory: 537.785 MB.
INFO: [RTMG 210-278] Implementing memory 'synth_issue_top_compact_iq_state_issue_alu_iq_entries_prs3_busy_RAM_AUTO_1R1W_ram (RAM)' using auto RAMs with power-on initialization.
INFO: [RTMG 210-278] Implementing memory 'synth_issue_top_compact_iq_state_issue_alu_iq_entries_prs1_data_RAM_AUTO_1R1W_ram (RAM)' using auto RAMs with power-on initialization.
INFO: [RTMG 210-278] Implementing memory 'synth_issue_top_compact_iq_temp_valid_RAM_AUTO_1R1W_ram (RAM)' using auto RAMs.
INFO: [RTMG 210-278] Implementing memory 'synth_issue_top_compact_iq_temp_uop_uopc_RAM_AUTO_1R1W_ram (RAM)' using auto RAMs.
INFO: [RTMG 210-278] Implementing memory 'synth_issue_top_compact_iq_temp_uop_inst_RAM_AUTO_1R1W_ram (RAM)' using auto RAMs.
INFO: [RTMG 210-278] Implementing memory 'synth_issue_top_compact_iq_temp_uop_debug_pc_RAM_AUTO_1R1W_ram (RAM)' using auto RAMs.
INFO: [RTMG 210-278] Implementing memory 'synth_issue_top_compact_iq_temp_uop_csr_addr_RAM_AUTO_1R1W_ram (RAM)' using auto RAMs.
INFO: [RTMG 210-278] Implementing memory 'synth_issue_top_issue_module_state_issue_alu_iq_entries_uop_rename_prs1_RAM_AUTO_1R1W_ram (RAM)' using auto RAMs with power-on initialization.
INFO: [RTMG 210-278] Implementing memory 'synth_issue_top_issue_module_state_issue_alu_iq_entries_uop_inst_RAM_AUTO_1R1W_ram (RAM)' using auto RAMs with power-on initialization.
INFO: [RTMG 210-278] Implementing memory 'synth_issue_top_issue_module_state_issue_alu_iq_entries_uop_csr_addr_RAM_AUTO_1R1W_ram (RAM)' using auto RAMs with power-on initialization.
INFO: [HLS 200-111] Finished Generating all RTL models: CPU user time: 0.32 seconds. CPU system time: 0.01 seconds. Elapsed time: 0.33 seconds; current allocated memory: 542.281 MB.
INFO: [HLS 200-111] Finished Updating report files: CPU user time: 0.2 seconds. CPU system time: 0 seconds. Elapsed time: 0.19 seconds; current allocated memory: 543.902 MB.
INFO: [VHDL 208-304] Generating VHDL RTL for synth_issue_top.
INFO: [VLOG 209-307] Generating Verilog RTL for synth_issue_top.
INFO: [HLS 200-790] **** Loop Constraint Status: All loop constraints were satisfied.
INFO: [HLS 200-789] **** Estimated Fmax: 453.93 MHz
INFO: [HLS 200-111] Finished Command csynth_design CPU user time: 11.73 seconds. CPU system time: 0.6 seconds. Elapsed time: 11.78 seconds; current allocated memory: -808.547 MB.
INFO: [HLS 200-112] Total CPU user time: 13.06 seconds. Total CPU system time: 0.97 seconds. Total elapsed time: 12.85 seconds; peak allocated memory: 1.323 GB.
INFO: [Common 17-206] Exiting vitis_hls at Sun Jul 26 21:21:37 2026...
