

================================================================
== Vitis HLS Report for 'branch_module'
================================================================
* Date:           Wed Jul 29 09:44:31 2026

* Version:        2021.2 (Build 3367213 on Tue Oct 19 02:47:39 MDT 2021)
* Project:        boom_hls_gate3_9_baseline
* Solution:       solution_baseline (Vivado IP Flow Target)
* Product family: zynquplus
* Target device:  xczu7ev-ffvc1156-2-e


================================================================
== Performance Estimates
================================================================
+ Timing: 
    * Summary: 
    +--------+----------+----------+------------+
    |  Clock |  Target  | Estimated| Uncertainty|
    +--------+----------+----------+------------+
    |ap_clk  |  10.00 ns|  2.763 ns|     2.70 ns|
    +--------+----------+----------+------------+

+ Latency: 
    * Summary: 
    +---------+---------+----------+----------+-----+-----+---------+
    |  Latency (cycles) |  Latency (absolute) |  Interval | Pipeline|
    |   min   |   max   |    min   |    max   | min | max |   Type  |
    +---------+---------+----------+----------+-----+-----+---------+
    |        ?|        ?|         ?|         ?|    ?|    ?|       no|
    +---------+---------+----------+----------+-----+-----+---------+

    + Detail: 
        * Instance: 
        N/A

        * Loop: 
        +--------------------+---------+---------+----------+-----------+-----------+------+----------+
        |                    |  Latency (cycles) | Iteration|  Initiation Interval  | Trip |          |
        |      Loop Name     |   min   |   max   |  Latency |  achieved |   target  | Count| Pipelined|
        +--------------------+---------+---------+----------+-----------+-----------+------+----------+
        |- VITIS_LOOP_710_1  |       52|       52|         1|          -|          -|    52|        no|
        +--------------------+---------+---------+----------+-----------+-----------+------+----------+

============================================================
+ Verbose Summary: Synthesis Manager
============================================================
InlineROM: 1
ExposeGlobal: 0
============================================================
+ Verbose Summary: CDFG Model
============================================================
IsTopModel: 0
ResetActiveHigh: 1
IsCombinational: 0
IsDatapathOnly: 0
HasWiredReturn: 1
HasMFsm: 0
HasVarLatency: 1
IsPipeline: 0
IsRtlPipelined: 0
IsInstanceOverlapped: 0
IsDontTouch: 0
HasImplIP: 0
IsGatedGlobalClock: 0


============================================================
+ Verbose Summary: Schedule
============================================================
* Number of FSM states : 4
* Pipeline : 0
* Dataflow Pipeline: 0

* FSM state transitions: 
1 --> 3 4 2 
2 --> 2 3 
3 --> 
4 --> 3 

* FSM state operations: 

State 1 <SV = 0> <Delay = 1.76>
ST_1 : Operation 5 [1/1] (0.00ns)   --->   "%state_execute_alu_results_valid_0_load = load i1 %state_execute_alu_results_valid_0" [/home/lab_726/boom/hls_boom/src/boom_core_merged.cpp:921]   --->   Operation 5 'load' 'state_execute_alu_results_valid_0_load' <Predicate = true> <Delay = 0.00>
ST_1 : Operation 6 [1/1] (0.00ns)   --->   "%br_ln921 = br i1 %state_execute_alu_results_valid_0_load, void %.loopexit.loopexit, void" [/home/lab_726/boom/hls_boom/src/boom_core_merged.cpp:921]   --->   Operation 6 'br' 'br_ln921' <Predicate = true> <Delay = 0.00>
ST_1 : Operation 7 [1/1] (0.00ns)   --->   "%state_execute_alu_results_uop_branch_is_br_0_load = load i1 %state_execute_alu_results_uop_branch_is_br_0" [/home/lab_726/boom/hls_boom/src/boom_core_merged.cpp:673]   --->   Operation 7 'load' 'state_execute_alu_results_uop_branch_is_br_0_load' <Predicate = (state_execute_alu_results_valid_0_load)> <Delay = 0.00>
ST_1 : Operation 8 [1/1] (0.00ns)   --->   "%state_execute_alu_results_uop_branch_is_jalr_0_load = load i1 %state_execute_alu_results_uop_branch_is_jalr_0" [/home/lab_726/boom/hls_boom/src/boom_core_merged.cpp:932]   --->   Operation 8 'load' 'state_execute_alu_results_uop_branch_is_jalr_0_load' <Predicate = (state_execute_alu_results_valid_0_load)> <Delay = 0.00>
ST_1 : Operation 9 [1/1] (0.00ns)   --->   "%state_execute_alu_results_uop_branch_is_jal_0_load = load i1 %state_execute_alu_results_uop_branch_is_jal_0" [/home/lab_726/boom/hls_boom/src/boom_core_merged.cpp:932]   --->   Operation 9 'load' 'state_execute_alu_results_uop_branch_is_jal_0_load' <Predicate = (state_execute_alu_results_valid_0_load)> <Delay = 0.00>
ST_1 : Operation 10 [1/1] (0.00ns) (grouped into LUT with out node or_ln923)   --->   "%or_ln923_1 = or i1 %state_execute_alu_results_uop_branch_is_jalr_0_load, i1 %state_execute_alu_results_uop_branch_is_br_0_load" [/home/lab_726/boom/hls_boom/src/boom_core_merged.cpp:923]   --->   Operation 10 'or' 'or_ln923_1' <Predicate = (state_execute_alu_results_valid_0_load)> <Delay = 0.00> <CoreInst = "LogicGate">   --->   Core 74 'LogicGate' <Latency = 0> <II = 1> <Delay = 0.33> <FuncUnit> <Opcode : 'and' 'or' 'xor'> <InPorts = 2> <OutPorts = 1>
ST_1 : Operation 11 [1/1] (0.28ns) (out node of the LUT)   --->   "%or_ln923 = or i1 %or_ln923_1, i1 %state_execute_alu_results_uop_branch_is_jal_0_load" [/home/lab_726/boom/hls_boom/src/boom_core_merged.cpp:923]   --->   Operation 11 'or' 'or_ln923' <Predicate = (state_execute_alu_results_valid_0_load)> <Delay = 0.28> <CoreInst = "LogicGate">   --->   Core 74 'LogicGate' <Latency = 0> <II = 1> <Delay = 0.33> <FuncUnit> <Opcode : 'and' 'or' 'xor'> <InPorts = 2> <OutPorts = 1>
ST_1 : Operation 12 [1/1] (0.00ns)   --->   "%br_ln673 = br i1 %or_ln923, void %.loopexit.loopexit, void %.critedge" [/home/lab_726/boom/hls_boom/src/boom_core_merged.cpp:673]   --->   Operation 12 'br' 'br_ln673' <Predicate = (state_execute_alu_results_valid_0_load)> <Delay = 0.00>
ST_1 : Operation 13 [1/1] (0.00ns)   --->   "%br_ln939 = br void %.loopexit" [/home/lab_726/boom/hls_boom/src/boom_core_merged.cpp:939]   --->   Operation 13 'br' 'br_ln939' <Predicate = (!or_ln923) | (!state_execute_alu_results_valid_0_load)> <Delay = 0.00>
ST_1 : Operation 14 [1/1] (0.00ns)   --->   "%tag = load i8 %state_execute_alu_results_uop_branch_br_tag_0" [/home/lab_726/boom/hls_boom/src/boom_core_merged.cpp:924]   --->   Operation 14 'load' 'tag' <Predicate = (state_execute_alu_results_valid_0_load & or_ln923)> <Delay = 0.00>
ST_1 : Operation 15 [1/1] (0.00ns)   --->   "%zext_ln669 = zext i8 %tag" [/home/lab_726/boom/hls_boom/src/boom_core_merged.cpp:669]   --->   Operation 15 'zext' 'zext_ln669' <Predicate = (state_execute_alu_results_valid_0_load & or_ln923)> <Delay = 0.00>
ST_1 : Operation 16 [1/1] (0.00ns)   --->   "%tmp = partselect i5 @_ssdm_op_PartSelect.i5.i8.i32.i32, i8 %tag, i32 3, i32 7" [/home/lab_726/boom/hls_boom/src/boom_core_merged.cpp:669]   --->   Operation 16 'partselect' 'tmp' <Predicate = (state_execute_alu_results_valid_0_load & or_ln923)> <Delay = 0.00>
ST_1 : Operation 17 [1/1] (0.75ns)   --->   "%icmp_ln669 = icmp_eq  i5 %tmp, i5 0" [/home/lab_726/boom/hls_boom/src/boom_core_merged.cpp:669]   --->   Operation 17 'icmp' 'icmp_ln669' <Predicate = (state_execute_alu_results_valid_0_load & or_ln923)> <Delay = 0.75> <CoreInst = "Cmp">   --->   Core 9 'Cmp' <Latency = 0> <II = 1> <Delay = 0.78> <FuncUnit> <Opcode : 'icmp'> <InPorts = 2> <OutPorts = 1>
ST_1 : Operation 18 [1/1] (0.74ns)   --->   "%shl_ln669 = shl i32 1, i32 %zext_ln669" [/home/lab_726/boom/hls_boom/src/boom_core_merged.cpp:669]   --->   Operation 18 'shl' 'shl_ln669' <Predicate = (state_execute_alu_results_valid_0_load & or_ln923)> <Delay = 0.74> <CoreInst = "Shifter">   --->   Core 75 'Shifter' <Latency = 0> <II = 1> <Delay = 0.74> <FuncUnit> <Opcode : 'shl' 'lshr' 'ashr'> <InPorts = 2> <OutPorts = 1>
ST_1 : Operation 19 [1/1] (0.00ns)   --->   "%bit = trunc i32 %shl_ln669" [/home/lab_726/boom/hls_boom/src/boom_core_merged.cpp:669]   --->   Operation 19 'trunc' 'bit' <Predicate = (state_execute_alu_results_valid_0_load & or_ln923)> <Delay = 0.00>
ST_1 : Operation 20 [1/1] (0.39ns)   --->   "%resolve_mask = select i1 %icmp_ln669, i8 %bit, i8 0" [/home/lab_726/boom/hls_boom/src/boom_core_merged.cpp:669]   --->   Operation 20 'select' 'resolve_mask' <Predicate = (state_execute_alu_results_valid_0_load & or_ln923)> <Delay = 0.39> <CoreInst = "Sel">   --->   Core 73 'Sel' <Latency = 0> <II = 1> <Delay = 0.39> <FuncUnit> <Opcode : 'select'> <InPorts = 3> <OutPorts = 1>
ST_1 : Operation 21 [1/1] (0.00ns)   --->   "%store_ln926 = store i1 1, i1 %state_brupdate_valid" [/home/lab_726/boom/hls_boom/src/boom_core_merged.cpp:926]   --->   Operation 21 'store' 'store_ln926' <Predicate = (state_execute_alu_results_valid_0_load & or_ln923)> <Delay = 0.00>
ST_1 : Operation 22 [1/1] (0.00ns)   --->   "%state_execute_alu_results_mispredict_0_load = load i1 %state_execute_alu_results_mispredict_0" [/home/lab_726/boom/hls_boom/src/boom_core_merged.cpp:927]   --->   Operation 22 'load' 'state_execute_alu_results_mispredict_0_load' <Predicate = (state_execute_alu_results_valid_0_load & or_ln923)> <Delay = 0.00>
ST_1 : Operation 23 [1/1] (0.00ns)   --->   "%store_ln927 = store i1 %state_execute_alu_results_mispredict_0_load, i1 %state_brupdate_mispredict" [/home/lab_726/boom/hls_boom/src/boom_core_merged.cpp:927]   --->   Operation 23 'store' 'store_ln927' <Predicate = (state_execute_alu_results_valid_0_load & or_ln923)> <Delay = 0.00>
ST_1 : Operation 24 [1/1] (0.00ns)   --->   "%state_execute_alu_results_redirect_pc_0_load = load i64 %state_execute_alu_results_redirect_pc_0" [/home/lab_726/boom/hls_boom/src/boom_core_merged.cpp:928]   --->   Operation 24 'load' 'state_execute_alu_results_redirect_pc_0_load' <Predicate = (state_execute_alu_results_valid_0_load & or_ln923)> <Delay = 0.00>
ST_1 : Operation 25 [1/1] (0.00ns)   --->   "%store_ln928 = store i64 %state_execute_alu_results_redirect_pc_0_load, i64 %state_brupdate_jalr_target" [/home/lab_726/boom/hls_boom/src/boom_core_merged.cpp:928]   --->   Operation 25 'store' 'store_ln928' <Predicate = (state_execute_alu_results_valid_0_load & or_ln923)> <Delay = 0.00>
ST_1 : Operation 26 [1/1] (0.00ns)   --->   "%store_ln929 = store i8 %resolve_mask, i8 %state_brupdate_resolve_mask" [/home/lab_726/boom/hls_boom/src/boom_core_merged.cpp:929]   --->   Operation 26 'store' 'store_ln929' <Predicate = (state_execute_alu_results_valid_0_load & or_ln923)> <Delay = 0.00>
ST_1 : Operation 27 [1/1] (0.39ns)   --->   "%select_ln930 = select i1 %state_execute_alu_results_mispredict_0_load, i8 %resolve_mask, i8 0" [/home/lab_726/boom/hls_boom/src/boom_core_merged.cpp:930]   --->   Operation 27 'select' 'select_ln930' <Predicate = (state_execute_alu_results_valid_0_load & or_ln923)> <Delay = 0.39> <CoreInst = "Sel">   --->   Core 73 'Sel' <Latency = 0> <II = 1> <Delay = 0.39> <FuncUnit> <Opcode : 'select'> <InPorts = 3> <OutPorts = 1>
ST_1 : Operation 28 [1/1] (0.00ns)   --->   "%store_ln930 = store i8 %select_ln930, i8 %state_brupdate_mispredict_mask" [/home/lab_726/boom/hls_boom/src/boom_core_merged.cpp:930]   --->   Operation 28 'store' 'store_ln930' <Predicate = (state_execute_alu_results_valid_0_load & or_ln923)> <Delay = 0.00>
ST_1 : Operation 29 [1/1] (0.00ns)   --->   "%store_ln931 = store i8 %tag, i8 %state_brupdate_br_tag" [/home/lab_726/boom/hls_boom/src/boom_core_merged.cpp:931]   --->   Operation 29 'store' 'store_ln931' <Predicate = (state_execute_alu_results_valid_0_load & or_ln923)> <Delay = 0.00>
ST_1 : Operation 30 [1/1] (0.00ns)   --->   "%state_execute_alu_results_uop_branch_br_mask_0_load = load i8 %state_execute_alu_results_uop_branch_br_mask_0" [/home/lab_726/boom/hls_boom/src/boom_core_merged.cpp:932]   --->   Operation 30 'load' 'state_execute_alu_results_uop_branch_br_mask_0_load' <Predicate = (state_execute_alu_results_valid_0_load & or_ln923)> <Delay = 0.00>
ST_1 : Operation 31 [1/1] (0.00ns)   --->   "%state_execute_alu_results_uop_queue_rob_idx_0_load = load i8 %state_execute_alu_results_uop_queue_rob_idx_0" [/home/lab_726/boom/hls_boom/src/boom_core_merged.cpp:932]   --->   Operation 31 'load' 'state_execute_alu_results_uop_queue_rob_idx_0_load' <Predicate = (state_execute_alu_results_valid_0_load & or_ln923)> <Delay = 0.00>
ST_1 : Operation 32 [1/1] (0.00ns)   --->   "%store_ln932 = store i8 %state_execute_alu_results_uop_branch_br_mask_0_load, i8 %state_brupdate_uop_branch_br_mask" [/home/lab_726/boom/hls_boom/src/boom_core_merged.cpp:932]   --->   Operation 32 'store' 'store_ln932' <Predicate = (state_execute_alu_results_valid_0_load & or_ln923)> <Delay = 0.00>
ST_1 : Operation 33 [1/1] (0.00ns)   --->   "%store_ln932 = store i8 %state_execute_alu_results_uop_queue_rob_idx_0_load, i8 %state_brupdate_uop_queue_rob_idx" [/home/lab_726/boom/hls_boom/src/boom_core_merged.cpp:932]   --->   Operation 33 'store' 'store_ln932' <Predicate = (state_execute_alu_results_valid_0_load & or_ln923)> <Delay = 0.00>
ST_1 : Operation 34 [1/1] (0.00ns)   --->   "%br_ln934 = br i1 %state_execute_alu_results_mispredict_0_load, void, void" [/home/lab_726/boom/hls_boom/src/boom_core_merged.cpp:934]   --->   Operation 34 'br' 'br_ln934' <Predicate = (state_execute_alu_results_valid_0_load & or_ln923)> <Delay = 0.00>
ST_1 : Operation 35 [1/1] (0.00ns)   --->   "%tmp_15 = partselect i5 @_ssdm_op_PartSelect.i5.i8.i32.i32, i8 %tag, i32 3, i32 7" [/home/lab_726/boom/hls_boom/src/boom_core_merged.cpp:714]   --->   Operation 35 'partselect' 'tmp_15' <Predicate = (state_execute_alu_results_valid_0_load & or_ln923 & !state_execute_alu_results_mispredict_0_load)> <Delay = 0.00>
ST_1 : Operation 36 [1/1] (0.75ns)   --->   "%icmp_ln714 = icmp_eq  i5 %tmp_15, i5 0" [/home/lab_726/boom/hls_boom/src/boom_core_merged.cpp:714]   --->   Operation 36 'icmp' 'icmp_ln714' <Predicate = (state_execute_alu_results_valid_0_load & or_ln923 & !state_execute_alu_results_mispredict_0_load)> <Delay = 0.75> <CoreInst = "Cmp">   --->   Core 9 'Cmp' <Latency = 0> <II = 1> <Delay = 0.78> <FuncUnit> <Opcode : 'icmp'> <InPorts = 2> <OutPorts = 1>
ST_1 : Operation 37 [1/1] (0.00ns)   --->   "%br_ln714 = br i1 %icmp_ln714, void %_ZN4boomL23release_resolved_branchER13BoomCoreStatehh.exit, void" [/home/lab_726/boom/hls_boom/src/boom_core_merged.cpp:714]   --->   Operation 37 'br' 'br_ln714' <Predicate = (state_execute_alu_results_valid_0_load & or_ln923 & !state_execute_alu_results_mispredict_0_load)> <Delay = 0.00>
ST_1 : Operation 38 [1/1] (0.00ns)   --->   "%p = alloca i32 1"   --->   Operation 38 'alloca' 'p' <Predicate = (state_execute_alu_results_valid_0_load & or_ln923 & !state_execute_alu_results_mispredict_0_load & icmp_ln714)> <Delay = 0.00>
ST_1 : Operation 39 [1/1] (0.00ns) (grouped into LUT with out node and_ln716)   --->   "%xor_ln716 = xor i8 %bit, i8 255" [/home/lab_726/boom/hls_boom/src/boom_core_merged.cpp:716]   --->   Operation 39 'xor' 'xor_ln716' <Predicate = (state_execute_alu_results_valid_0_load & or_ln923 & !state_execute_alu_results_mispredict_0_load & icmp_ln714)> <Delay = 0.00> <CoreInst = "LogicGate">   --->   Core 74 'LogicGate' <Latency = 0> <II = 1> <Delay = 0.33> <FuncUnit> <Opcode : 'and' 'or' 'xor'> <InPorts = 2> <OutPorts = 1>
ST_1 : Operation 40 [1/1] (0.00ns)   --->   "%state_branch_state_active_mask_load = load i8 %state_branch_state_active_mask" [/home/lab_726/boom/hls_boom/src/boom_core_merged.cpp:716]   --->   Operation 40 'load' 'state_branch_state_active_mask_load' <Predicate = (state_execute_alu_results_valid_0_load & or_ln923 & !state_execute_alu_results_mispredict_0_load & icmp_ln714)> <Delay = 0.00>
ST_1 : Operation 41 [1/1] (0.33ns) (out node of the LUT)   --->   "%and_ln716 = and i8 %state_branch_state_active_mask_load, i8 %xor_ln716" [/home/lab_726/boom/hls_boom/src/boom_core_merged.cpp:716]   --->   Operation 41 'and' 'and_ln716' <Predicate = (state_execute_alu_results_valid_0_load & or_ln923 & !state_execute_alu_results_mispredict_0_load & icmp_ln714)> <Delay = 0.33> <CoreInst = "LogicGate">   --->   Core 74 'LogicGate' <Latency = 0> <II = 1> <Delay = 0.33> <FuncUnit> <Opcode : 'and' 'or' 'xor'> <InPorts = 2> <OutPorts = 1>
ST_1 : Operation 42 [1/1] (0.00ns)   --->   "%store_ln716 = store i8 %and_ln716, i8 %state_branch_state_active_mask" [/home/lab_726/boom/hls_boom/src/boom_core_merged.cpp:716]   --->   Operation 42 'store' 'store_ln716' <Predicate = (state_execute_alu_results_valid_0_load & or_ln923 & !state_execute_alu_results_mispredict_0_load & icmp_ln714)> <Delay = 0.00>
ST_1 : Operation 43 [1/1] (0.00ns)   --->   "%zext_ln717 = zext i8 %tag" [/home/lab_726/boom/hls_boom/src/boom_core_merged.cpp:717]   --->   Operation 43 'zext' 'zext_ln717' <Predicate = (state_execute_alu_results_valid_0_load & or_ln923 & !state_execute_alu_results_mispredict_0_load & icmp_ln714)> <Delay = 0.00>
ST_1 : Operation 44 [1/1] (0.00ns)   --->   "%zext_ln710 = zext i8 %tag" [/home/lab_726/boom/hls_boom/src/boom_core_merged.cpp:710]   --->   Operation 44 'zext' 'zext_ln710' <Predicate = (state_execute_alu_results_valid_0_load & or_ln923 & !state_execute_alu_results_mispredict_0_load & icmp_ln714)> <Delay = 0.00>
ST_1 : Operation 45 [1/1] (1.65ns)   --->   "%mul_ln710 = mul i9 %zext_ln710, i9 52" [/home/lab_726/boom/hls_boom/src/boom_core_merged.cpp:710]   --->   Operation 45 'mul' 'mul_ln710' <Predicate = (state_execute_alu_results_valid_0_load & or_ln923 & !state_execute_alu_results_mispredict_0_load & icmp_ln714)> <Delay = 1.65> <CoreInst = "Multiplier">   --->   Core 3 'Multiplier' <Latency = 0> <II = 1> <Delay = 1.65> <FuncUnit> <Opcode : 'mul'> <InPorts = 2> <OutPorts = 1>
ST_1 : Operation 46 [1/1] (0.00ns)   --->   "%state_branch_state_tag_valid_addr = getelementptr i1 %state_branch_state_tag_valid, i64 0, i64 %zext_ln717" [/home/lab_726/boom/hls_boom/src/boom_core_merged.cpp:717]   --->   Operation 46 'getelementptr' 'state_branch_state_tag_valid_addr' <Predicate = (state_execute_alu_results_valid_0_load & or_ln923 & !state_execute_alu_results_mispredict_0_load & icmp_ln714)> <Delay = 0.00>
ST_1 : Operation 47 [1/1] (0.67ns)   --->   "%store_ln717 = store i1 0, i3 %state_branch_state_tag_valid_addr" [/home/lab_726/boom/hls_boom/src/boom_core_merged.cpp:717]   --->   Operation 47 'store' 'store_ln717' <Predicate = (state_execute_alu_results_valid_0_load & or_ln923 & !state_execute_alu_results_mispredict_0_load & icmp_ln714)> <Delay = 0.67> <CoreInst = "RAM">   --->   Core 83 'RAM' <Latency = 1> <II = 1> <Delay = 0.67> <Storage> <Opcode : 'load' 'store'> <Ports = 2> <Width = 1> <Depth = 8> <RAM>
ST_1 : Operation 48 [1/1] (0.00ns)   --->   "%state_branch_state_snapshot_valid_addr = getelementptr i1 %state_branch_state_snapshot_valid, i64 0, i64 %zext_ln717" [/home/lab_726/boom/hls_boom/src/boom_core_merged.cpp:718]   --->   Operation 48 'getelementptr' 'state_branch_state_snapshot_valid_addr' <Predicate = (state_execute_alu_results_valid_0_load & or_ln923 & !state_execute_alu_results_mispredict_0_load & icmp_ln714)> <Delay = 0.00>
ST_1 : Operation 49 [1/1] (0.67ns)   --->   "%store_ln718 = store i1 0, i3 %state_branch_state_snapshot_valid_addr" [/home/lab_726/boom/hls_boom/src/boom_core_merged.cpp:718]   --->   Operation 49 'store' 'store_ln718' <Predicate = (state_execute_alu_results_valid_0_load & or_ln923 & !state_execute_alu_results_mispredict_0_load & icmp_ln714)> <Delay = 0.67> <CoreInst = "RAM">   --->   Core 83 'RAM' <Latency = 1> <II = 1> <Delay = 0.67> <Storage> <Opcode : 'load' 'store'> <Ports = 2> <Width = 1> <Depth = 8> <RAM>
ST_1 : Operation 50 [1/1] (0.42ns)   --->   "%store_ln710 = store i6 0, i6 %p" [/home/lab_726/boom/hls_boom/src/boom_core_merged.cpp:710]   --->   Operation 50 'store' 'store_ln710' <Predicate = (state_execute_alu_results_valid_0_load & or_ln923 & !state_execute_alu_results_mispredict_0_load & icmp_ln714)> <Delay = 0.42>
ST_1 : Operation 51 [1/1] (0.00ns)   --->   "%br_ln710 = br void" [/home/lab_726/boom/hls_boom/src/boom_core_merged.cpp:710]   --->   Operation 51 'br' 'br_ln710' <Predicate = (state_execute_alu_results_valid_0_load & or_ln923 & !state_execute_alu_results_mispredict_0_load & icmp_ln714)> <Delay = 0.00>

State 2 <SV = 1> <Delay = 2.06>
ST_2 : Operation 52 [1/1] (0.00ns)   --->   "%p_8 = load i6 %p" [/home/lab_726/boom/hls_boom/src/boom_core_merged.cpp:710]   --->   Operation 52 'load' 'p_8' <Predicate = (icmp_ln714)> <Delay = 0.00>
ST_2 : Operation 53 [1/1] (0.00ns)   --->   "%zext_ln710_3 = zext i6 %p_8" [/home/lab_726/boom/hls_boom/src/boom_core_merged.cpp:710]   --->   Operation 53 'zext' 'zext_ln710_3' <Predicate = (icmp_ln714)> <Delay = 0.00>
ST_2 : Operation 54 [1/1] (0.77ns)   --->   "%add_ln710_2 = add i9 %mul_ln710, i9 %zext_ln710_3" [/home/lab_726/boom/hls_boom/src/boom_core_merged.cpp:710]   --->   Operation 54 'add' 'add_ln710_2' <Predicate = (icmp_ln714)> <Delay = 0.77> <CoreInst = "Adder">   --->   Core 1 'Adder' <Latency = 0> <II = 1> <Delay = 1.01> <FuncUnit> <Opcode : 'add' 'sub'> <InPorts = 2> <OutPorts = 1>
ST_2 : Operation 55 [1/1] (0.00ns)   --->   "%zext_ln710_4 = zext i9 %add_ln710_2" [/home/lab_726/boom/hls_boom/src/boom_core_merged.cpp:710]   --->   Operation 55 'zext' 'zext_ln710_4' <Predicate = (icmp_ln714)> <Delay = 0.00>
ST_2 : Operation 56 [1/1] (0.00ns)   --->   "%state_branch_state_br_alloc_lists_addr = getelementptr i1 %state_branch_state_br_alloc_lists, i64 0, i64 %zext_ln710_4" [/home/lab_726/boom/hls_boom/src/boom_core_merged.cpp:710]   --->   Operation 56 'getelementptr' 'state_branch_state_br_alloc_lists_addr' <Predicate = (icmp_ln714)> <Delay = 0.00>
ST_2 : Operation 57 [1/1] (0.78ns)   --->   "%icmp_ln710 = icmp_eq  i6 %p_8, i6 52" [/home/lab_726/boom/hls_boom/src/boom_core_merged.cpp:710]   --->   Operation 57 'icmp' 'icmp_ln710' <Predicate = (icmp_ln714)> <Delay = 0.78> <CoreInst = "Cmp">   --->   Core 9 'Cmp' <Latency = 0> <II = 1> <Delay = 0.78> <FuncUnit> <Opcode : 'icmp'> <InPorts = 2> <OutPorts = 1>
ST_2 : Operation 58 [1/1] (0.00ns)   --->   "%empty = speclooptripcount i32 @_ssdm_op_SpecLoopTripCount, i64 52, i64 52, i64 52"   --->   Operation 58 'speclooptripcount' 'empty' <Predicate = (icmp_ln714)> <Delay = 0.00>
ST_2 : Operation 59 [1/1] (0.78ns)   --->   "%add_ln710 = add i6 %p_8, i6 1" [/home/lab_726/boom/hls_boom/src/boom_core_merged.cpp:710]   --->   Operation 59 'add' 'add_ln710' <Predicate = (icmp_ln714)> <Delay = 0.78> <CoreInst = "Adder">   --->   Core 1 'Adder' <Latency = 0> <II = 1> <Delay = 1.01> <FuncUnit> <Opcode : 'add' 'sub'> <InPorts = 2> <OutPorts = 1>
ST_2 : Operation 60 [1/1] (0.00ns)   --->   "%br_ln710 = br i1 %icmp_ln710, void %.split, void %_ZN4boomL23branch_clear_alloc_listER19BranchRecoveryStateh.exit.i.i" [/home/lab_726/boom/hls_boom/src/boom_core_merged.cpp:710]   --->   Operation 60 'br' 'br_ln710' <Predicate = (icmp_ln714)> <Delay = 0.00>
ST_2 : Operation 61 [1/1] (0.00ns)   --->   "%specloopname_ln710 = specloopname void @_ssdm_op_SpecLoopName, void @empty_17" [/home/lab_726/boom/hls_boom/src/boom_core_merged.cpp:710]   --->   Operation 61 'specloopname' 'specloopname_ln710' <Predicate = (icmp_ln714 & !icmp_ln710)> <Delay = 0.00>
ST_2 : Operation 62 [1/1] (0.67ns)   --->   "%store_ln710 = store i1 0, i9 %state_branch_state_br_alloc_lists_addr" [/home/lab_726/boom/hls_boom/src/boom_core_merged.cpp:710]   --->   Operation 62 'store' 'store_ln710' <Predicate = (icmp_ln714 & !icmp_ln710)> <Delay = 0.67> <CoreInst = "RAM">   --->   Core 83 'RAM' <Latency = 1> <II = 1> <Delay = 0.67> <Storage> <Opcode : 'load' 'store'> <Ports = 2> <Width = 1> <Depth = 416> <RAM>
ST_2 : Operation 63 [1/1] (0.42ns)   --->   "%store_ln710 = store i6 %add_ln710, i6 %p" [/home/lab_726/boom/hls_boom/src/boom_core_merged.cpp:710]   --->   Operation 63 'store' 'store_ln710' <Predicate = (icmp_ln714 & !icmp_ln710)> <Delay = 0.42>
ST_2 : Operation 64 [1/1] (0.00ns)   --->   "%br_ln0 = br void"   --->   Operation 64 'br' 'br_ln0' <Predicate = (icmp_ln714 & !icmp_ln710)> <Delay = 0.00>
ST_2 : Operation 65 [1/1] (0.00ns)   --->   "%state_branch_state_releases_load = load i32 %state_branch_state_releases" [/home/lab_726/boom/hls_boom/src/boom_core_merged.cpp:720]   --->   Operation 65 'load' 'state_branch_state_releases_load' <Predicate = (icmp_ln714 & icmp_ln710)> <Delay = 0.00>
ST_2 : Operation 66 [1/1] (1.01ns)   --->   "%add_ln720 = add i32 %state_branch_state_releases_load, i32 1" [/home/lab_726/boom/hls_boom/src/boom_core_merged.cpp:720]   --->   Operation 66 'add' 'add_ln720' <Predicate = (icmp_ln714 & icmp_ln710)> <Delay = 1.01> <CoreInst = "Adder">   --->   Core 1 'Adder' <Latency = 0> <II = 1> <Delay = 1.01> <FuncUnit> <Opcode : 'add' 'sub'> <InPorts = 2> <OutPorts = 1>
ST_2 : Operation 67 [1/1] (0.00ns)   --->   "%store_ln720 = store i32 %add_ln720, i32 %state_branch_state_releases" [/home/lab_726/boom/hls_boom/src/boom_core_merged.cpp:720]   --->   Operation 67 'store' 'store_ln720' <Predicate = (icmp_ln714 & icmp_ln710)> <Delay = 0.00>
ST_2 : Operation 68 [1/1] (0.00ns)   --->   "%br_ln721 = br void %_ZN4boomL23release_resolved_branchER13BoomCoreStatehh.exit" [/home/lab_726/boom/hls_boom/src/boom_core_merged.cpp:721]   --->   Operation 68 'br' 'br_ln721' <Predicate = (icmp_ln714 & icmp_ln710)> <Delay = 0.00>
ST_2 : Operation 69 [2/2] (1.27ns)   --->   "%call_ln916 = call void @clear_resolved_masks_in_state, i8 %resolve_mask, i8 %state_decode_dec_uops_branch_br_mask_0, i8 %state_rename_renamed_uops_branch_br_mask_0, i8 %state_execute_alu_results_uop_branch_br_mask_0, i8 %state_issue_issued_uops_branch_br_mask_0, i8 %state_issue_issued_uops_branch_br_mask_1, i8 %state_issue_issued_uops_branch_br_mask_2, i8 %state_issue_alu_iq_entries_uop_branch_br_mask, i8 %state_rob_entries_uop_branch_br_mask, i8 %state_lsu_ldq_branch_mask, i8 %state_lsu_stq_branch_mask" [/home/lab_726/boom/hls_boom/src/boom_core_merged.cpp:916]   --->   Operation 69 'call' 'call_ln916' <Predicate = (icmp_ln710) | (!icmp_ln714)> <Delay = 1.27> <CoreType = "Generic">   --->   Core 0 '' <Latency = 0> <II = 1> <Delay = 1.00> <Generic> <Opcode : >

State 3 <SV = 2> <Delay = 0.00>
ST_3 : Operation 70 [1/2] (0.00ns)   --->   "%call_ln916 = call void @clear_resolved_masks_in_state, i8 %resolve_mask, i8 %state_decode_dec_uops_branch_br_mask_0, i8 %state_rename_renamed_uops_branch_br_mask_0, i8 %state_execute_alu_results_uop_branch_br_mask_0, i8 %state_issue_issued_uops_branch_br_mask_0, i8 %state_issue_issued_uops_branch_br_mask_1, i8 %state_issue_issued_uops_branch_br_mask_2, i8 %state_issue_alu_iq_entries_uop_branch_br_mask, i8 %state_rob_entries_uop_branch_br_mask, i8 %state_lsu_ldq_branch_mask, i8 %state_lsu_stq_branch_mask" [/home/lab_726/boom/hls_boom/src/boom_core_merged.cpp:916]   --->   Operation 70 'call' 'call_ln916' <Predicate = (state_execute_alu_results_valid_0_load & or_ln923 & !state_execute_alu_results_mispredict_0_load)> <Delay = 0.00> <CoreType = "Generic">   --->   Core 0 '' <Latency = 0> <II = 1> <Delay = 1.00> <Generic> <Opcode : >
ST_3 : Operation 71 [1/1] (0.00ns)   --->   "%br_ln0 = br void"   --->   Operation 71 'br' 'br_ln0' <Predicate = (state_execute_alu_results_valid_0_load & or_ln923 & !state_execute_alu_results_mispredict_0_load)> <Delay = 0.00>
ST_3 : Operation 72 [1/2] (0.00ns)   --->   "%call_ln934 = call void @recover_mispredict, i8 %state_brupdate_br_tag, i8 %state_brupdate_mispredict_mask, i8 %state_brupdate_uop_branch_br_mask, i32 %state_branch_state_mispredicts, i32 %state_branch_state_rollbacks, i1 %state_issue_alu_iq_entries_valid, i8 %state_issue_alu_iq_entries_uop_branch_br_mask, i1 %state_issue_alu_iq_entries_killed, i1 %state_issue_alu_iq_entries_request, i1 %state_issue_alu_iq_entries_granted, i1 %state_issue_alu_iq_entries_pdst_busy, i1 %state_issue_alu_iq_entries_prs1_busy, i1 %state_issue_alu_iq_entries_prs2_busy, i1 %state_issue_alu_iq_entries_prs3_busy, i8 %state_issue_alu_iq_entries_uop_uopc, i32 %state_issue_alu_iq_entries_uop_inst, i32 %state_issue_alu_iq_entries_uop_debug_inst, i1 %state_issue_alu_iq_entries_uop_is_rvc, i64 %state_issue_alu_iq_entries_uop_debug_pc, i8 %state_issue_alu_iq_entries_uop_iq_type, i8 %state_issue_alu_iq_entries_uop_fu_code, i8 %state_issue_alu_iq_entries_uop_ctrl_br_type, i8 %state_issue_alu_iq_entries_uop_ctrl_op1_sel, i8 %state_issue_alu_iq_entries_uop_ctrl_op2_sel, i8 %state_issue_alu_iq_entries_uop_ctrl_imm_sel, i8 %state_issue_alu_iq_entries_uop_ctrl_op_fcn, i8 %state_issue_alu_iq_entries_uop_ctrl_fcn_dw, i8 %state_issue_alu_iq_entries_uop_ctrl_csr_cmd, i1 %state_issue_alu_iq_entries_uop_ctrl_is_load, i1 %state_issue_alu_iq_entries_uop_ctrl_is_sta, i1 %state_issue_alu_iq_entries_uop_ctrl_is_std, i8 %state_issue_alu_iq_entries_uop_iw_state, i1 %state_issue_alu_iq_entries_uop_iw_p1_poisoned, i1 %state_issue_alu_iq_entries_uop_iw_p2_poisoned, i8 %state_issue_alu_iq_entries_uop_branch_br_tag, i8 %state_issue_alu_iq_entries_uop_branch_ftq_idx, i8 %state_issue_alu_iq_entries_uop_branch_pc_lob, i1 %state_issue_alu_iq_entries_uop_branch_edge_inst, i1 %state_issue_alu_iq_entries_uop_branch_taken, i1 %state_issue_alu_iq_entries_uop_branch_is_br, i1 %state_issue_alu_iq_entries_uop_branch_is_jalr, i1 %state_issue_alu_iq_entries_uop_branch_is_jal, i1 %state_issue_alu_iq_entries_uop_branch_is_sfb, i32 %state_issue_alu_iq_entries_uop_imm_packed, i16 %state_issue_alu_iq_entries_uop_csr_addr, i8 %state_issue_alu_iq_entries_uop_queue_rob_idx, i8 %state_issue_alu_iq_entries_uop_queue_ldq_idx, i8 %state_issue_alu_iq_entries_uop_queue_stq_idx, i8 %state_issue_alu_iq_entries_uop_queue_rxq_idx, i8 %state_issue_alu_iq_entries_uop_rename_ldst, i8 %state_issue_alu_iq_entries_uop_rename_lrs1, i8 %state_issue_alu_iq_entries_uop_rename_lrs2, i8 %state_issue_alu_iq_entries_uop_rename_lrs3, i8 %state_issue_alu_iq_entries_uop_rename_pdst, i8 %state_issue_alu_iq_entries_uop_rename_prs1, i8 %state_issue_alu_iq_entries_uop_rename_prs2, i8 %state_issue_alu_iq_entries_uop_rename_prs3, i8 %state_issue_alu_iq_entries_uop_rename_ppred, i1 %state_issue_alu_iq_entries_uop_rename_prs1_busy, i1 %state_issue_alu_iq_entries_uop_rename_prs2_busy, i1 %state_issue_alu_iq_entries_uop_rename_prs3_busy, i1 %state_issue_alu_iq_entries_uop_rename_ppred_busy, i8 %state_issue_alu_iq_entries_uop_rename_stale_pdst, i8 %state_issue_alu_iq_entries_uop_rename_dst_rtype, i8 %state_issue_alu_iq_entries_uop_rename_lrs1_rtype, i8 %state_issue_alu_iq_entries_uop_rename_lrs2_rtype, i1 %state_issue_alu_iq_entries_uop_rename_frs3_en, i1 %state_issue_alu_iq_entries_uop_rename_fp_val, i1 %state_issue_alu_iq_entries_uop_rename_fp_single, i1 %state_issue_alu_iq_entries_uop_exception, i64 %state_issue_alu_iq_entries_uop_exc_cause, i1 %state_issue_alu_iq_entries_uop_bypassable, i8 %state_issue_alu_iq_entries_uop_mem_mem_cmd, i8 %state_issue_alu_iq_entries_uop_mem_mem_size, i1 %state_issue_alu_iq_entries_uop_mem_mem_signed, i1 %state_issue_alu_iq_entries_uop_mem_is_fence, i1 %state_issue_alu_iq_entries_uop_mem_is_fencei, i1 %state_issue_alu_iq_entries_uop_mem_is_amo, i1 %state_issue_alu_iq_entries_uop_mem_uses_ldq, i1 %state_issue_alu_iq_entries_uop_mem_uses_stq, i1 %state_issue_alu_iq_entries_uop_mem_ldst_is_rs1, i1 %state_issue_alu_iq_entries_uop_mem_ldst_val, i1 %state_issue_alu_iq_entries_uop_is_sys_pc2epc, i1 %state_issue_alu_iq_entries_uop_is_unique, i1 %state_issue_alu_iq_entries_uop_flush_on_commit, i1 %state_issue_alu_iq_entries_uop_exc_exception, i64 %state_issue_alu_iq_entries_uop_exc_exc_cause, i1 %state_issue_alu_iq_entries_uop_exc_xcpt_pf_if, i1 %state_issue_alu_iq_entries_uop_exc_xcpt_ae_if, i1 %state_issue_alu_iq_entries_uop_exc_xcpt_ma_if, i1 %state_issue_alu_iq_entries_uop_exc_bp_debug_if, i1 %state_issue_alu_iq_entries_uop_exc_bp_xcpt_if, i8 %state_issue_alu_iq_entries_uop_debug_debug_fsrc, i8 %state_issue_alu_iq_entries_uop_debug_debug_tsrc, i32 %state_issue_alu_iq_entries_uop_debug_debug_inst, i64 %state_issue_alu_iq_entries_uop_debug_debug_pc, i64 %state_issue_alu_iq_entries_prs1_data, i64 %state_issue_alu_iq_entries_prs2_data, i64 %state_issue_alu_iq_entries_prs3_data, i3 %state_issue_alu_iq_tail, i8 %state_issue_alu_iq_count, i1 %state_issue_issued_valids_0, i8 %state_issue_issued_uops_branch_br_mask_0, i8 %state_issue_issued_uops_branch_br_mask_1, i8 %state_issue_issued_uops_branch_br_mask_2, i8 %state_issue_issued_uops_uopc_0, i64 %state_issue_issued_uops_debug_pc_0, i8 %state_issue_issued_uops_ctrl_op1_sel_0, i8 %state_issue_issued_uops_ctrl_op2_sel_0, i1 %state_issue_issued_uops_ctrl_is_load_0, i1 %state_issue_issued_uops_ctrl_is_sta_0, i8 %state_issue_issued_uops_branch_br_tag_0, i1 %state_issue_issued_uops_branch_is_br_0, i1 %state_issue_issued_uops_branch_is_jalr_0, i1 %state_issue_issued_uops_branch_is_jal_0, i32 %state_issue_issued_uops_imm_packed_0, i8 %state_issue_issued_uops_queue_rob_idx_0, i8 %state_issue_issued_uops_rename_pdst_0, i8 %state_issue_issued_uops_rename_prs1_0, i8 %state_issue_issued_uops_rename_prs2_0, i8 %state_issue_issued_uops_rename_dst_rtype_0, i1 %state_issue_issued_uops_exception_0, i8 %state_issue_issued_uops_mem_mem_size_0, i1 %state_issue_issued_uops_mem_mem_signed_0, i1 %state_execute_alu_results_valid_0, i8 %state_execute_alu_results_uop_branch_br_mask_0, i1 %state_execute_alu_results_uop_ctrl_is_load_0, i1 %state_execute_alu_results_uop_ctrl_is_sta_0, i8 %state_execute_alu_results_uop_branch_br_tag_0, i1 %state_execute_alu_results_uop_branch_is_br_0, i1 %state_execute_alu_results_uop_branch_is_jalr_0, i1 %state_execute_alu_results_uop_branch_is_jal_0, i8 %state_execute_alu_results_uop_queue_rob_idx_0, i64 %state_execute_alu_results_result_0, i1 %state_execute_alu_results_exception_0, i1 %state_execute_alu_results_mispredict_0, i64 %state_execute_alu_results_redirect_pc_0, i1 %state_execute_alu_results_memory_valid_0, i1 %state_execute_alu_results_is_load_0, i1 %state_execute_alu_results_is_store_0, i1 %state_execute_alu_results_signed_load_0, i64 %state_execute_alu_results_memory_address_0, i64 %state_execute_alu_results_store_data_0, i5 %state_execute_alu_results_memory_mask_0, i8 %state_execute_alu_results_memory_size_0, i1 %state_lsu_ldq_valid, i8 %state_lsu_ldq_branch_mask, i1 %state_lsu_load_response_pending, i5 %state_lsu_pending_load_rob_idx, i8 %state_lsu_ldq_rob_idx, i32 %state_lsu_pending_load_transaction_id, i1 %state_lsu_ldq_signed_load, i1 %state_lsu_ldq_response_pending, i1 %state_lsu_ldq_completed, i1 %state_lsu_ldq_killed, i8 %state_lsu_ldq_size, i32 %state_lsu_ldq_transaction_id, i64 %state_lsu_ldq_address, i64 %state_lsu_ldq_result, i1 %state_lsu_stq_valid, i8 %state_lsu_stq_branch_mask, i1 %state_lsu_stq_address_valid, i1 %state_lsu_stq_data_valid, i1 %state_lsu_stq_committed, i1 %state_lsu_stq_issued_to_memory, i1 %state_lsu_stq_completed, i1 %state_lsu_stq_killed, i8 %state_lsu_stq_rob_idx, i8 %state_lsu_stq_mask, i8 %state_lsu_stq_size, i64 %state_lsu_stq_address, i64 %state_lsu_stq_data, i3 %state_lsu_ldq_tail, i8 %state_lsu_ldq_count, i3 %state_lsu_stq_tail, i8 %state_lsu_stq_count, i8 %state_brupdate_uop_queue_rob_idx, i5 %state_rob_head, i1 %state_rob_entries_valid, i1 %state_rob_entries_busy, i1 %state_rob_entries_exception, i8 %state_rob_entries_uop_uopc, i32 %state_rob_entries_uop_inst, i64 %state_rob_entries_uop_debug_pc, i1 %state_rob_entries_uop_ctrl_is_load, i1 %state_rob_entries_uop_ctrl_is_sta, i8 %state_rob_entries_uop_branch_br_mask, i5 %state_rob_entries_uop_queue_rob_idx, i5 %state_rob_entries_uop_rename_ldst, i8 %state_rob_entries_uop_rename_pdst, i8 %state_rob_entries_uop_rename_stale_pdst, i2 %state_rob_entries_uop_rename_dst_rtype, i1 %state_rob_entries_memory_valid, i1 %state_rob_entries_is_load, i1 %state_rob_entries_is_store, i1 %state_rob_entries_signed_load, i1 %state_rob_entries_memory_request_sent, i1 %state_rob_entries_memory_completed, i64 %state_rob_entries_memory_address, i64 %state_rob_entries_memory_data, i5 %state_rob_entries_memory_mask, i8 %state_rob_entries_memory_size, i5 %state_rob_tail, i1 %state_rob_maybe_full, i1 %state_decode_dec_valids_0, i8 %state_decode_dec_uops_uopc_0, i32 %state_decode_dec_uops_inst_0, i64 %state_decode_dec_uops_debug_pc_0, i1 %state_decode_dec_uops_iq_type_0, i3 %state_decode_dec_uops_fu_code_0, i4 %state_decode_dec_uops_ctrl_br_type_0, i2 %state_decode_dec_uops_ctrl_op1_sel_0, i2 %state_decode_dec_uops_ctrl_op2_sel_0, i1 %state_decode_dec_uops_ctrl_fcn_dw_0, i3 %state_decode_dec_uops_ctrl_csr_cmd_0, i1 %state_decode_dec_uops_ctrl_is_load_0, i1 %state_decode_dec_uops_ctrl_is_sta_0, i8 %state_decode_dec_uops_branch_br_mask_0, i6 %state_decode_dec_uops_branch_pc_lob_0, i1 %state_decode_dec_uops_branch_is_br_0, i1 %state_decode_dec_uops_branch_is_jalr_0, i1 %state_decode_dec_uops_branch_is_jal_0, i32 %state_decode_dec_uops_imm_packed_0, i12 %state_decode_dec_uops_csr_addr_0, i5 %state_decode_dec_uops_rename_ldst_0, i5 %state_decode_dec_uops_rename_lrs1_0, i5 %state_decode_dec_uops_rename_lrs2_0, i2 %state_decode_dec_uops_rename_dst_rtype_0, i1 %state_decode_dec_uops_exception_0, i4 %state_decode_dec_uops_exc_cause_0, i2 %state_decode_dec_uops_mem_mem_size_0, i1 %state_decode_dec_uops_mem_mem_signed_0, i1 %state_decode_dec_uops_mem_uses_ldq_0, i1 %state_decode_dec_uops_mem_uses_stq_0, i1 %state_decode_dec_uops_is_sys_pc2epc_0, i1 %state_rename_renamed_valids_0, i8 %state_rename_renamed_uops_uopc_0, i32 %state_rename_renamed_uops_inst_0, i64 %state_rename_renamed_uops_debug_pc_0, i1 %state_rename_renamed_uops_iq_type_0, i3 %state_rename_renamed_uops_fu_code_0, i4 %state_rename_renamed_uops_ctrl_br_type_0, i2 %state_rename_renamed_uops_ctrl_op1_sel_0, i2 %state_rename_renamed_uops_ctrl_op2_sel_0, i1 %state_rename_renamed_uops_ctrl_fcn_dw_0, i3 %state_rename_renamed_uops_ctrl_csr_cmd_0, i1 %state_rename_renamed_uops_ctrl_is_load_0, i1 %state_rename_renamed_uops_ctrl_is_sta_0, i8 %state_rename_renamed_uops_branch_br_mask_0, i3 %state_rename_renamed_uops_branch_br_tag_0, i6 %state_rename_renamed_uops_branch_pc_lob_0, i1 %state_rename_renamed_uops_branch_is_br_0, i1 %state_rename_renamed_uops_branch_is_jalr_0, i1 %state_rename_renamed_uops_branch_is_jal_0, i32 %state_rename_renamed_uops_imm_packed_0, i12 %state_rename_renamed_uops_csr_addr_0, i5 %state_rename_renamed_uops_queue_rob_idx_0, i5 %state_rename_renamed_uops_rename_ldst_0, i5 %state_rename_renamed_uops_rename_lrs1_0, i5 %state_rename_renamed_uops_rename_lrs2_0, i8 %state_rename_renamed_uops_rename_pdst_0, i8 %state_rename_renamed_uops_rename_prs1_0, i8 %state_rename_renamed_uops_rename_prs2_0, i1 %state_rename_renamed_uops_rename_prs1_busy_0, i1 %state_rename_renamed_uops_rename_prs2_busy_0, i8 %state_rename_renamed_uops_rename_stale_pdst_0, i2 %state_rename_renamed_uops_rename_dst_rtype_0, i1 %state_rename_renamed_uops_exception_0, i4 %state_rename_renamed_uops_exc_cause_0, i2 %state_rename_renamed_uops_mem_mem_size_0, i1 %state_rename_renamed_uops_mem_mem_signed_0, i1 %state_rename_renamed_uops_mem_uses_ldq_0, i1 %state_rename_renamed_uops_mem_uses_stq_0, i1 %state_rename_renamed_uops_is_sys_pc2epc_0, i1 %state_frontend_fetch_packet_valid, i1 %state_frontend_response_received, i1 %state_frontend_request_sent, i64 %state_brupdate_jalr_target, i64 %state_frontend_pc, i1 %state_branch_state_snapshot_valid, i8 %state_rename_int_map_table_br_snapshots, i8 %state_rename_int_map_table_map_table, i8 %state_rename_int_map_table_committed_map_table, i6 %state_rename_int_free_list_head, i1 %state_branch_state_br_alloc_lists, i1 %state_rename_int_free_list_busy_table, i8 %state_rename_int_free_list_count, i8 %state_rename_int_free_list_free_list, i6 %state_rename_int_free_list_tail, i1 %state_branch_state_tag_valid, i8 %state_branch_state_active_mask" [/home/lab_726/boom/hls_boom/src/boom_core_merged.cpp:934]   --->   Operation 72 'call' 'call_ln934' <Predicate = (state_execute_alu_results_valid_0_load & or_ln923 & state_execute_alu_results_mispredict_0_load)> <Delay = 0.00> <CoreType = "Generic">   --->   Core 0 '' <Latency = 0> <II = 1> <Delay = 1.00> <Generic> <Opcode : >
ST_3 : Operation 73 [1/1] (0.00ns)   --->   "%br_ln934 = br void" [/home/lab_726/boom/hls_boom/src/boom_core_merged.cpp:934]   --->   Operation 73 'br' 'br_ln934' <Predicate = (state_execute_alu_results_valid_0_load & or_ln923 & state_execute_alu_results_mispredict_0_load)> <Delay = 0.00>
ST_3 : Operation 74 [1/1] (0.00ns)   --->   "%br_ln936 = br void %.loopexit" [/home/lab_726/boom/hls_boom/src/boom_core_merged.cpp:936]   --->   Operation 74 'br' 'br_ln936' <Predicate = (state_execute_alu_results_valid_0_load & or_ln923)> <Delay = 0.00>
ST_3 : Operation 75 [1/1] (0.00ns)   --->   "%ret_ln939 = ret" [/home/lab_726/boom/hls_boom/src/boom_core_merged.cpp:939]   --->   Operation 75 'ret' 'ret_ln939' <Predicate = true> <Delay = 0.00>

State 4 <SV = 1> <Delay = 0.00>
ST_4 : Operation 76 [2/2] (0.00ns)   --->   "%call_ln934 = call void @recover_mispredict, i8 %state_brupdate_br_tag, i8 %state_brupdate_mispredict_mask, i8 %state_brupdate_uop_branch_br_mask, i32 %state_branch_state_mispredicts, i32 %state_branch_state_rollbacks, i1 %state_issue_alu_iq_entries_valid, i8 %state_issue_alu_iq_entries_uop_branch_br_mask, i1 %state_issue_alu_iq_entries_killed, i1 %state_issue_alu_iq_entries_request, i1 %state_issue_alu_iq_entries_granted, i1 %state_issue_alu_iq_entries_pdst_busy, i1 %state_issue_alu_iq_entries_prs1_busy, i1 %state_issue_alu_iq_entries_prs2_busy, i1 %state_issue_alu_iq_entries_prs3_busy, i8 %state_issue_alu_iq_entries_uop_uopc, i32 %state_issue_alu_iq_entries_uop_inst, i32 %state_issue_alu_iq_entries_uop_debug_inst, i1 %state_issue_alu_iq_entries_uop_is_rvc, i64 %state_issue_alu_iq_entries_uop_debug_pc, i8 %state_issue_alu_iq_entries_uop_iq_type, i8 %state_issue_alu_iq_entries_uop_fu_code, i8 %state_issue_alu_iq_entries_uop_ctrl_br_type, i8 %state_issue_alu_iq_entries_uop_ctrl_op1_sel, i8 %state_issue_alu_iq_entries_uop_ctrl_op2_sel, i8 %state_issue_alu_iq_entries_uop_ctrl_imm_sel, i8 %state_issue_alu_iq_entries_uop_ctrl_op_fcn, i8 %state_issue_alu_iq_entries_uop_ctrl_fcn_dw, i8 %state_issue_alu_iq_entries_uop_ctrl_csr_cmd, i1 %state_issue_alu_iq_entries_uop_ctrl_is_load, i1 %state_issue_alu_iq_entries_uop_ctrl_is_sta, i1 %state_issue_alu_iq_entries_uop_ctrl_is_std, i8 %state_issue_alu_iq_entries_uop_iw_state, i1 %state_issue_alu_iq_entries_uop_iw_p1_poisoned, i1 %state_issue_alu_iq_entries_uop_iw_p2_poisoned, i8 %state_issue_alu_iq_entries_uop_branch_br_tag, i8 %state_issue_alu_iq_entries_uop_branch_ftq_idx, i8 %state_issue_alu_iq_entries_uop_branch_pc_lob, i1 %state_issue_alu_iq_entries_uop_branch_edge_inst, i1 %state_issue_alu_iq_entries_uop_branch_taken, i1 %state_issue_alu_iq_entries_uop_branch_is_br, i1 %state_issue_alu_iq_entries_uop_branch_is_jalr, i1 %state_issue_alu_iq_entries_uop_branch_is_jal, i1 %state_issue_alu_iq_entries_uop_branch_is_sfb, i32 %state_issue_alu_iq_entries_uop_imm_packed, i16 %state_issue_alu_iq_entries_uop_csr_addr, i8 %state_issue_alu_iq_entries_uop_queue_rob_idx, i8 %state_issue_alu_iq_entries_uop_queue_ldq_idx, i8 %state_issue_alu_iq_entries_uop_queue_stq_idx, i8 %state_issue_alu_iq_entries_uop_queue_rxq_idx, i8 %state_issue_alu_iq_entries_uop_rename_ldst, i8 %state_issue_alu_iq_entries_uop_rename_lrs1, i8 %state_issue_alu_iq_entries_uop_rename_lrs2, i8 %state_issue_alu_iq_entries_uop_rename_lrs3, i8 %state_issue_alu_iq_entries_uop_rename_pdst, i8 %state_issue_alu_iq_entries_uop_rename_prs1, i8 %state_issue_alu_iq_entries_uop_rename_prs2, i8 %state_issue_alu_iq_entries_uop_rename_prs3, i8 %state_issue_alu_iq_entries_uop_rename_ppred, i1 %state_issue_alu_iq_entries_uop_rename_prs1_busy, i1 %state_issue_alu_iq_entries_uop_rename_prs2_busy, i1 %state_issue_alu_iq_entries_uop_rename_prs3_busy, i1 %state_issue_alu_iq_entries_uop_rename_ppred_busy, i8 %state_issue_alu_iq_entries_uop_rename_stale_pdst, i8 %state_issue_alu_iq_entries_uop_rename_dst_rtype, i8 %state_issue_alu_iq_entries_uop_rename_lrs1_rtype, i8 %state_issue_alu_iq_entries_uop_rename_lrs2_rtype, i1 %state_issue_alu_iq_entries_uop_rename_frs3_en, i1 %state_issue_alu_iq_entries_uop_rename_fp_val, i1 %state_issue_alu_iq_entries_uop_rename_fp_single, i1 %state_issue_alu_iq_entries_uop_exception, i64 %state_issue_alu_iq_entries_uop_exc_cause, i1 %state_issue_alu_iq_entries_uop_bypassable, i8 %state_issue_alu_iq_entries_uop_mem_mem_cmd, i8 %state_issue_alu_iq_entries_uop_mem_mem_size, i1 %state_issue_alu_iq_entries_uop_mem_mem_signed, i1 %state_issue_alu_iq_entries_uop_mem_is_fence, i1 %state_issue_alu_iq_entries_uop_mem_is_fencei, i1 %state_issue_alu_iq_entries_uop_mem_is_amo, i1 %state_issue_alu_iq_entries_uop_mem_uses_ldq, i1 %state_issue_alu_iq_entries_uop_mem_uses_stq, i1 %state_issue_alu_iq_entries_uop_mem_ldst_is_rs1, i1 %state_issue_alu_iq_entries_uop_mem_ldst_val, i1 %state_issue_alu_iq_entries_uop_is_sys_pc2epc, i1 %state_issue_alu_iq_entries_uop_is_unique, i1 %state_issue_alu_iq_entries_uop_flush_on_commit, i1 %state_issue_alu_iq_entries_uop_exc_exception, i64 %state_issue_alu_iq_entries_uop_exc_exc_cause, i1 %state_issue_alu_iq_entries_uop_exc_xcpt_pf_if, i1 %state_issue_alu_iq_entries_uop_exc_xcpt_ae_if, i1 %state_issue_alu_iq_entries_uop_exc_xcpt_ma_if, i1 %state_issue_alu_iq_entries_uop_exc_bp_debug_if, i1 %state_issue_alu_iq_entries_uop_exc_bp_xcpt_if, i8 %state_issue_alu_iq_entries_uop_debug_debug_fsrc, i8 %state_issue_alu_iq_entries_uop_debug_debug_tsrc, i32 %state_issue_alu_iq_entries_uop_debug_debug_inst, i64 %state_issue_alu_iq_entries_uop_debug_debug_pc, i64 %state_issue_alu_iq_entries_prs1_data, i64 %state_issue_alu_iq_entries_prs2_data, i64 %state_issue_alu_iq_entries_prs3_data, i3 %state_issue_alu_iq_tail, i8 %state_issue_alu_iq_count, i1 %state_issue_issued_valids_0, i8 %state_issue_issued_uops_branch_br_mask_0, i8 %state_issue_issued_uops_branch_br_mask_1, i8 %state_issue_issued_uops_branch_br_mask_2, i8 %state_issue_issued_uops_uopc_0, i64 %state_issue_issued_uops_debug_pc_0, i8 %state_issue_issued_uops_ctrl_op1_sel_0, i8 %state_issue_issued_uops_ctrl_op2_sel_0, i1 %state_issue_issued_uops_ctrl_is_load_0, i1 %state_issue_issued_uops_ctrl_is_sta_0, i8 %state_issue_issued_uops_branch_br_tag_0, i1 %state_issue_issued_uops_branch_is_br_0, i1 %state_issue_issued_uops_branch_is_jalr_0, i1 %state_issue_issued_uops_branch_is_jal_0, i32 %state_issue_issued_uops_imm_packed_0, i8 %state_issue_issued_uops_queue_rob_idx_0, i8 %state_issue_issued_uops_rename_pdst_0, i8 %state_issue_issued_uops_rename_prs1_0, i8 %state_issue_issued_uops_rename_prs2_0, i8 %state_issue_issued_uops_rename_dst_rtype_0, i1 %state_issue_issued_uops_exception_0, i8 %state_issue_issued_uops_mem_mem_size_0, i1 %state_issue_issued_uops_mem_mem_signed_0, i1 %state_execute_alu_results_valid_0, i8 %state_execute_alu_results_uop_branch_br_mask_0, i1 %state_execute_alu_results_uop_ctrl_is_load_0, i1 %state_execute_alu_results_uop_ctrl_is_sta_0, i8 %state_execute_alu_results_uop_branch_br_tag_0, i1 %state_execute_alu_results_uop_branch_is_br_0, i1 %state_execute_alu_results_uop_branch_is_jalr_0, i1 %state_execute_alu_results_uop_branch_is_jal_0, i8 %state_execute_alu_results_uop_queue_rob_idx_0, i64 %state_execute_alu_results_result_0, i1 %state_execute_alu_results_exception_0, i1 %state_execute_alu_results_mispredict_0, i64 %state_execute_alu_results_redirect_pc_0, i1 %state_execute_alu_results_memory_valid_0, i1 %state_execute_alu_results_is_load_0, i1 %state_execute_alu_results_is_store_0, i1 %state_execute_alu_results_signed_load_0, i64 %state_execute_alu_results_memory_address_0, i64 %state_execute_alu_results_store_data_0, i5 %state_execute_alu_results_memory_mask_0, i8 %state_execute_alu_results_memory_size_0, i1 %state_lsu_ldq_valid, i8 %state_lsu_ldq_branch_mask, i1 %state_lsu_load_response_pending, i5 %state_lsu_pending_load_rob_idx, i8 %state_lsu_ldq_rob_idx, i32 %state_lsu_pending_load_transaction_id, i1 %state_lsu_ldq_signed_load, i1 %state_lsu_ldq_response_pending, i1 %state_lsu_ldq_completed, i1 %state_lsu_ldq_killed, i8 %state_lsu_ldq_size, i32 %state_lsu_ldq_transaction_id, i64 %state_lsu_ldq_address, i64 %state_lsu_ldq_result, i1 %state_lsu_stq_valid, i8 %state_lsu_stq_branch_mask, i1 %state_lsu_stq_address_valid, i1 %state_lsu_stq_data_valid, i1 %state_lsu_stq_committed, i1 %state_lsu_stq_issued_to_memory, i1 %state_lsu_stq_completed, i1 %state_lsu_stq_killed, i8 %state_lsu_stq_rob_idx, i8 %state_lsu_stq_mask, i8 %state_lsu_stq_size, i64 %state_lsu_stq_address, i64 %state_lsu_stq_data, i3 %state_lsu_ldq_tail, i8 %state_lsu_ldq_count, i3 %state_lsu_stq_tail, i8 %state_lsu_stq_count, i8 %state_brupdate_uop_queue_rob_idx, i5 %state_rob_head, i1 %state_rob_entries_valid, i1 %state_rob_entries_busy, i1 %state_rob_entries_exception, i8 %state_rob_entries_uop_uopc, i32 %state_rob_entries_uop_inst, i64 %state_rob_entries_uop_debug_pc, i1 %state_rob_entries_uop_ctrl_is_load, i1 %state_rob_entries_uop_ctrl_is_sta, i8 %state_rob_entries_uop_branch_br_mask, i5 %state_rob_entries_uop_queue_rob_idx, i5 %state_rob_entries_uop_rename_ldst, i8 %state_rob_entries_uop_rename_pdst, i8 %state_rob_entries_uop_rename_stale_pdst, i2 %state_rob_entries_uop_rename_dst_rtype, i1 %state_rob_entries_memory_valid, i1 %state_rob_entries_is_load, i1 %state_rob_entries_is_store, i1 %state_rob_entries_signed_load, i1 %state_rob_entries_memory_request_sent, i1 %state_rob_entries_memory_completed, i64 %state_rob_entries_memory_address, i64 %state_rob_entries_memory_data, i5 %state_rob_entries_memory_mask, i8 %state_rob_entries_memory_size, i5 %state_rob_tail, i1 %state_rob_maybe_full, i1 %state_decode_dec_valids_0, i8 %state_decode_dec_uops_uopc_0, i32 %state_decode_dec_uops_inst_0, i64 %state_decode_dec_uops_debug_pc_0, i1 %state_decode_dec_uops_iq_type_0, i3 %state_decode_dec_uops_fu_code_0, i4 %state_decode_dec_uops_ctrl_br_type_0, i2 %state_decode_dec_uops_ctrl_op1_sel_0, i2 %state_decode_dec_uops_ctrl_op2_sel_0, i1 %state_decode_dec_uops_ctrl_fcn_dw_0, i3 %state_decode_dec_uops_ctrl_csr_cmd_0, i1 %state_decode_dec_uops_ctrl_is_load_0, i1 %state_decode_dec_uops_ctrl_is_sta_0, i8 %state_decode_dec_uops_branch_br_mask_0, i6 %state_decode_dec_uops_branch_pc_lob_0, i1 %state_decode_dec_uops_branch_is_br_0, i1 %state_decode_dec_uops_branch_is_jalr_0, i1 %state_decode_dec_uops_branch_is_jal_0, i32 %state_decode_dec_uops_imm_packed_0, i12 %state_decode_dec_uops_csr_addr_0, i5 %state_decode_dec_uops_rename_ldst_0, i5 %state_decode_dec_uops_rename_lrs1_0, i5 %state_decode_dec_uops_rename_lrs2_0, i2 %state_decode_dec_uops_rename_dst_rtype_0, i1 %state_decode_dec_uops_exception_0, i4 %state_decode_dec_uops_exc_cause_0, i2 %state_decode_dec_uops_mem_mem_size_0, i1 %state_decode_dec_uops_mem_mem_signed_0, i1 %state_decode_dec_uops_mem_uses_ldq_0, i1 %state_decode_dec_uops_mem_uses_stq_0, i1 %state_decode_dec_uops_is_sys_pc2epc_0, i1 %state_rename_renamed_valids_0, i8 %state_rename_renamed_uops_uopc_0, i32 %state_rename_renamed_uops_inst_0, i64 %state_rename_renamed_uops_debug_pc_0, i1 %state_rename_renamed_uops_iq_type_0, i3 %state_rename_renamed_uops_fu_code_0, i4 %state_rename_renamed_uops_ctrl_br_type_0, i2 %state_rename_renamed_uops_ctrl_op1_sel_0, i2 %state_rename_renamed_uops_ctrl_op2_sel_0, i1 %state_rename_renamed_uops_ctrl_fcn_dw_0, i3 %state_rename_renamed_uops_ctrl_csr_cmd_0, i1 %state_rename_renamed_uops_ctrl_is_load_0, i1 %state_rename_renamed_uops_ctrl_is_sta_0, i8 %state_rename_renamed_uops_branch_br_mask_0, i3 %state_rename_renamed_uops_branch_br_tag_0, i6 %state_rename_renamed_uops_branch_pc_lob_0, i1 %state_rename_renamed_uops_branch_is_br_0, i1 %state_rename_renamed_uops_branch_is_jalr_0, i1 %state_rename_renamed_uops_branch_is_jal_0, i32 %state_rename_renamed_uops_imm_packed_0, i12 %state_rename_renamed_uops_csr_addr_0, i5 %state_rename_renamed_uops_queue_rob_idx_0, i5 %state_rename_renamed_uops_rename_ldst_0, i5 %state_rename_renamed_uops_rename_lrs1_0, i5 %state_rename_renamed_uops_rename_lrs2_0, i8 %state_rename_renamed_uops_rename_pdst_0, i8 %state_rename_renamed_uops_rename_prs1_0, i8 %state_rename_renamed_uops_rename_prs2_0, i1 %state_rename_renamed_uops_rename_prs1_busy_0, i1 %state_rename_renamed_uops_rename_prs2_busy_0, i8 %state_rename_renamed_uops_rename_stale_pdst_0, i2 %state_rename_renamed_uops_rename_dst_rtype_0, i1 %state_rename_renamed_uops_exception_0, i4 %state_rename_renamed_uops_exc_cause_0, i2 %state_rename_renamed_uops_mem_mem_size_0, i1 %state_rename_renamed_uops_mem_mem_signed_0, i1 %state_rename_renamed_uops_mem_uses_ldq_0, i1 %state_rename_renamed_uops_mem_uses_stq_0, i1 %state_rename_renamed_uops_is_sys_pc2epc_0, i1 %state_frontend_fetch_packet_valid, i1 %state_frontend_response_received, i1 %state_frontend_request_sent, i64 %state_brupdate_jalr_target, i64 %state_frontend_pc, i1 %state_branch_state_snapshot_valid, i8 %state_rename_int_map_table_br_snapshots, i8 %state_rename_int_map_table_map_table, i8 %state_rename_int_map_table_committed_map_table, i6 %state_rename_int_free_list_head, i1 %state_branch_state_br_alloc_lists, i1 %state_rename_int_free_list_busy_table, i8 %state_rename_int_free_list_count, i8 %state_rename_int_free_list_free_list, i6 %state_rename_int_free_list_tail, i1 %state_branch_state_tag_valid, i8 %state_branch_state_active_mask" [/home/lab_726/boom/hls_boom/src/boom_core_merged.cpp:934]   --->   Operation 76 'call' 'call_ln934' <Predicate = true> <Delay = 0.00> <CoreType = "Generic">   --->   Core 0 '' <Latency = 0> <II = 1> <Delay = 1.00> <Generic> <Opcode : >


============================================================
+ Verbose Summary: Timing violations
============================================================
Target clock period: 10ns, clock uncertainty: 2.7ns.

 <State 1>: 1.77ns
The critical path consists of the following:
	'load' operation ('tag', /home/lab_726/boom/hls_boom/src/boom_core_merged.cpp:924) on static variable 'state_execute_alu_results_uop_branch_br_tag_0' [308]  (0 ns)
	'mul' operation ('mul_ln710', /home/lab_726/boom/hls_boom/src/boom_core_merged.cpp:710) [341]  (1.65 ns)
	blocking operation 0.115 ns on control path)

 <State 2>: 2.06ns
The critical path consists of the following:
	'load' operation ('p', /home/lab_726/boom/hls_boom/src/boom_core_merged.cpp:710) on local variable 'p' [349]  (0 ns)
	'add' operation ('add_ln710_2', /home/lab_726/boom/hls_boom/src/boom_core_merged.cpp:710) [351]  (0.776 ns)
	'getelementptr' operation ('state_branch_state_br_alloc_lists_addr', /home/lab_726/boom/hls_boom/src/boom_core_merged.cpp:710) [353]  (0 ns)
	'store' operation ('store_ln710', /home/lab_726/boom/hls_boom/src/boom_core_merged.cpp:710) of constant 0 on array 'state_branch_state_br_alloc_lists' [360]  (0.677 ns)
	blocking operation 0.608 ns on control path)

 <State 3>: 0ns
The critical path consists of the following:

 <State 4>: 0ns
The critical path consists of the following:


============================================================
+ Verbose Summary: Binding
============================================================
N/A
* FSMD analyzer results:
  - Output states:
 - Input state : 
  - Chain level:
	State 1
	State 2
	State 3
	State 4


============================================================
+ Verbose Summary: Datapath Resource usage 
============================================================
N/A
