

================================================================
== Vitis HLS Report for 'clear_resolved_masks_in_state'
================================================================
* Date:           Wed Jul 29 09:44:29 2026

* Version:        2021.2 (Build 3367213 on Tue Oct 19 02:47:39 MDT 2021)
* Project:        boom_hls_gate3_9_baseline
* Solution:       solution_baseline (Vivado IP Flow Target)
* Product family: zynquplus
* Target device:  xczu7ev-ffvc1156-2-e


================================================================
== Performance Estimates
================================================================
+ Timing: 
    * Summary: 
    +--------+----------+----------+------------+
    |  Clock |  Target  | Estimated| Uncertainty|
    +--------+----------+----------+------------+
    |ap_clk  |  10.00 ns|  1.689 ns|     2.70 ns|
    +--------+----------+----------+------------+

+ Latency: 
    * Summary: 
    +---------+---------+-----------+----------+-----+-----+---------+
    |  Latency (cycles) |  Latency (absolute)  |  Interval | Pipeline|
    |   min   |   max   |    min    |    max   | min | max |   Type  |
    +---------+---------+-----------+----------+-----+-----+---------+
    |        1|      120|  10.000 ns|  1.200 us|    1|  120|       no|
    +---------+---------+-----------+----------+-----+-----+---------+

    + Detail: 
        * Instance: 
        N/A

        * Loop: 
        +--------------------+---------+---------+----------+-----------+-----------+------+----------+
        |                    |  Latency (cycles) | Iteration|  Initiation Interval  | Trip |          |
        |      Loop Name     |   min   |   max   |  Latency |  achieved |   target  | Count| Pipelined|
        +--------------------+---------+---------+----------+-----------+-----------+------+----------+
        |- VITIS_LOOP_730_2  |        3|        3|         1|          -|          -|     3|        no|
        |- VITIS_LOOP_731_3  |       16|       16|         2|          -|          -|     8|        no|
        |- VITIS_LOOP_732_4  |       64|       64|         2|          -|          -|    32|        no|
        |- VITIS_LOOP_733_5  |       16|       16|         2|          -|          -|     8|        no|
        |- VITIS_LOOP_734_6  |       16|       16|         2|          -|          -|     8|        no|
        +--------------------+---------+---------+----------+-----------+-----------+------+----------+

============================================================
+ Verbose Summary: Synthesis Manager
============================================================
InlineROM: 1
ExposeGlobal: 0
============================================================
+ Verbose Summary: CDFG Model
============================================================
IsTopModel: 0
ResetActiveHigh: 1
IsCombinational: 0
IsDatapathOnly: 0
HasWiredReturn: 1
HasMFsm: 0
HasVarLatency: 1
IsPipeline: 0
IsRtlPipelined: 0
IsInstanceOverlapped: 0
IsDontTouch: 0
HasImplIP: 0
IsGatedGlobalClock: 0


============================================================
+ Verbose Summary: Schedule
============================================================
* Number of FSM states : 10
* Pipeline : 0
* Dataflow Pipeline: 0

* FSM state transitions: 
1 --> 9 2 
2 --> 2 3 
3 --> 4 5 
4 --> 3 
5 --> 6 7 
6 --> 5 
7 --> 8 9 
8 --> 7 
9 --> 10 
10 --> 9 

* FSM state operations: 

State 1 <SV = 0> <Delay = 1.27>
ST_1 : Operation 11 [1/1] (0.00ns)   --->   "%resolve_mask_read = read i8 @_ssdm_op_Read.ap_auto.i8, i8 %resolve_mask" [/home/lab_726/boom/hls_boom/src/boom_core_merged.cpp:724]   --->   Operation 11 'read' 'resolve_mask_read' <Predicate = true> <Delay = 0.00>
ST_1 : Operation 12 [1/1] (0.84ns)   --->   "%icmp_ln724 = icmp_eq  i8 %resolve_mask_read, i8 0" [/home/lab_726/boom/hls_boom/src/boom_core_merged.cpp:724]   --->   Operation 12 'icmp' 'icmp_ln724' <Predicate = true> <Delay = 0.84> <CoreInst = "Cmp">   --->   Core 9 'Cmp' <Latency = 0> <II = 1> <Delay = 0.72> <FuncUnit> <Opcode : 'icmp'> <InPorts = 2> <OutPorts = 1>
ST_1 : Operation 13 [1/1] (0.00ns)   --->   "%br_ln724 = br i1 %icmp_ln724, void, void %.loopexit" [/home/lab_726/boom/hls_boom/src/boom_core_merged.cpp:724]   --->   Operation 13 'br' 'br_ln724' <Predicate = true> <Delay = 0.00>
ST_1 : Operation 14 [1/1] (0.00ns)   --->   "%i = alloca i32 1"   --->   Operation 14 'alloca' 'i' <Predicate = (!icmp_ln724)> <Delay = 0.00>
ST_1 : Operation 15 [1/1] (0.33ns)   --->   "%xor_ln681 = xor i8 %resolve_mask_read, i8 255" [/home/lab_726/boom/hls_boom/src/boom_core_merged.cpp:681]   --->   Operation 15 'xor' 'xor_ln681' <Predicate = (!icmp_ln724)> <Delay = 0.33> <CoreInst = "LogicGate">   --->   Core 74 'LogicGate' <Latency = 0> <II = 1> <Delay = 0.33> <FuncUnit> <Opcode : 'and' 'or' 'xor'> <InPorts = 2> <OutPorts = 1>
ST_1 : Operation 16 [1/1] (0.00ns)   --->   "%state_decode_dec_uops_branch_br_mask_0_load = load i8 %state_decode_dec_uops_branch_br_mask_0" [/home/lab_726/boom/hls_boom/src/boom_core_merged.cpp:681]   --->   Operation 16 'load' 'state_decode_dec_uops_branch_br_mask_0_load' <Predicate = (!icmp_ln724)> <Delay = 0.00>
ST_1 : Operation 17 [1/1] (0.33ns)   --->   "%and_ln681 = and i8 %state_decode_dec_uops_branch_br_mask_0_load, i8 %xor_ln681" [/home/lab_726/boom/hls_boom/src/boom_core_merged.cpp:681]   --->   Operation 17 'and' 'and_ln681' <Predicate = (!icmp_ln724)> <Delay = 0.33> <CoreInst = "LogicGate">   --->   Core 74 'LogicGate' <Latency = 0> <II = 1> <Delay = 0.33> <FuncUnit> <Opcode : 'and' 'or' 'xor'> <InPorts = 2> <OutPorts = 1>
ST_1 : Operation 18 [1/1] (0.00ns)   --->   "%store_ln681 = store i8 %and_ln681, i8 %state_decode_dec_uops_branch_br_mask_0" [/home/lab_726/boom/hls_boom/src/boom_core_merged.cpp:681]   --->   Operation 18 'store' 'store_ln681' <Predicate = (!icmp_ln724)> <Delay = 0.00>
ST_1 : Operation 19 [1/1] (0.00ns)   --->   "%state_rename_renamed_uops_branch_br_mask_0_load = load i8 %state_rename_renamed_uops_branch_br_mask_0" [/home/lab_726/boom/hls_boom/src/boom_core_merged.cpp:681]   --->   Operation 19 'load' 'state_rename_renamed_uops_branch_br_mask_0_load' <Predicate = (!icmp_ln724)> <Delay = 0.00>
ST_1 : Operation 20 [1/1] (0.33ns)   --->   "%and_ln681_1 = and i8 %state_rename_renamed_uops_branch_br_mask_0_load, i8 %xor_ln681" [/home/lab_726/boom/hls_boom/src/boom_core_merged.cpp:681]   --->   Operation 20 'and' 'and_ln681_1' <Predicate = (!icmp_ln724)> <Delay = 0.33> <CoreInst = "LogicGate">   --->   Core 74 'LogicGate' <Latency = 0> <II = 1> <Delay = 0.33> <FuncUnit> <Opcode : 'and' 'or' 'xor'> <InPorts = 2> <OutPorts = 1>
ST_1 : Operation 21 [1/1] (0.00ns)   --->   "%store_ln681 = store i8 %and_ln681_1, i8 %state_rename_renamed_uops_branch_br_mask_0" [/home/lab_726/boom/hls_boom/src/boom_core_merged.cpp:681]   --->   Operation 21 'store' 'store_ln681' <Predicate = (!icmp_ln724)> <Delay = 0.00>
ST_1 : Operation 22 [1/1] (0.00ns)   --->   "%state_execute_alu_results_uop_branch_br_mask_0_load = load i8 %state_execute_alu_results_uop_branch_br_mask_0" [/home/lab_726/boom/hls_boom/src/boom_core_merged.cpp:681]   --->   Operation 22 'load' 'state_execute_alu_results_uop_branch_br_mask_0_load' <Predicate = (!icmp_ln724)> <Delay = 0.00>
ST_1 : Operation 23 [1/1] (0.33ns)   --->   "%and_ln681_2 = and i8 %state_execute_alu_results_uop_branch_br_mask_0_load, i8 %xor_ln681" [/home/lab_726/boom/hls_boom/src/boom_core_merged.cpp:681]   --->   Operation 23 'and' 'and_ln681_2' <Predicate = (!icmp_ln724)> <Delay = 0.33> <CoreInst = "LogicGate">   --->   Core 74 'LogicGate' <Latency = 0> <II = 1> <Delay = 0.33> <FuncUnit> <Opcode : 'and' 'or' 'xor'> <InPorts = 2> <OutPorts = 1>
ST_1 : Operation 24 [1/1] (0.00ns)   --->   "%store_ln681 = store i8 %and_ln681_2, i8 %state_execute_alu_results_uop_branch_br_mask_0" [/home/lab_726/boom/hls_boom/src/boom_core_merged.cpp:681]   --->   Operation 24 'store' 'store_ln681' <Predicate = (!icmp_ln724)> <Delay = 0.00>
ST_1 : Operation 25 [1/1] (0.42ns)   --->   "%store_ln730 = store i2 0, i2 %i" [/home/lab_726/boom/hls_boom/src/boom_core_merged.cpp:730]   --->   Operation 25 'store' 'store_ln730' <Predicate = (!icmp_ln724)> <Delay = 0.42>
ST_1 : Operation 26 [1/1] (0.00ns)   --->   "%br_ln730 = br void" [/home/lab_726/boom/hls_boom/src/boom_core_merged.cpp:730]   --->   Operation 26 'br' 'br_ln730' <Predicate = (!icmp_ln724)> <Delay = 0.00>

State 2 <SV = 1> <Delay = 0.97>
ST_2 : Operation 27 [1/1] (0.00ns)   --->   "%i_38 = load i2 %i" [/home/lab_726/boom/hls_boom/src/boom_core_merged.cpp:730]   --->   Operation 27 'load' 'i_38' <Predicate = true> <Delay = 0.00>
ST_2 : Operation 28 [1/1] (0.44ns)   --->   "%icmp_ln730 = icmp_eq  i2 %i_38, i2 3" [/home/lab_726/boom/hls_boom/src/boom_core_merged.cpp:730]   --->   Operation 28 'icmp' 'icmp_ln730' <Predicate = true> <Delay = 0.44> <CoreInst = "Cmp">   --->   Core 9 'Cmp' <Latency = 0> <II = 1> <Delay = 0.72> <FuncUnit> <Opcode : 'icmp'> <InPorts = 2> <OutPorts = 1>
ST_2 : Operation 29 [1/1] (0.00ns)   --->   "%empty = speclooptripcount i32 @_ssdm_op_SpecLoopTripCount, i64 3, i64 3, i64 3"   --->   Operation 29 'speclooptripcount' 'empty' <Predicate = true> <Delay = 0.00>
ST_2 : Operation 30 [1/1] (0.54ns)   --->   "%add_ln730 = add i2 %i_38, i2 1" [/home/lab_726/boom/hls_boom/src/boom_core_merged.cpp:730]   --->   Operation 30 'add' 'add_ln730' <Predicate = true> <Delay = 0.54> <CoreInst = "Adder">   --->   Core 1 'Adder' <Latency = 0> <II = 1> <Delay = 0.79> <FuncUnit> <Opcode : 'add' 'sub'> <InPorts = 2> <OutPorts = 1>
ST_2 : Operation 31 [1/1] (0.00ns)   --->   "%br_ln730 = br i1 %icmp_ln730, void %.split8, void %.preheader3.preheader" [/home/lab_726/boom/hls_boom/src/boom_core_merged.cpp:730]   --->   Operation 31 'br' 'br_ln730' <Predicate = true> <Delay = 0.00>
ST_2 : Operation 32 [1/1] (0.00ns)   --->   "%specloopname_ln730 = specloopname void @_ssdm_op_SpecLoopName, void @empty_49" [/home/lab_726/boom/hls_boom/src/boom_core_merged.cpp:730]   --->   Operation 32 'specloopname' 'specloopname_ln730' <Predicate = (!icmp_ln730)> <Delay = 0.00>
ST_2 : Operation 33 [1/1] (0.00ns)   --->   "%state_issue_issued_uops_branch_br_mask_0_load = load i8 %state_issue_issued_uops_branch_br_mask_0" [/home/lab_726/boom/hls_boom/src/boom_core_merged.cpp:681]   --->   Operation 33 'load' 'state_issue_issued_uops_branch_br_mask_0_load' <Predicate = (!icmp_ln730)> <Delay = 0.00>
ST_2 : Operation 34 [1/1] (0.00ns)   --->   "%state_issue_issued_uops_branch_br_mask_1_load = load i8 %state_issue_issued_uops_branch_br_mask_1" [/home/lab_726/boom/hls_boom/src/boom_core_merged.cpp:681]   --->   Operation 34 'load' 'state_issue_issued_uops_branch_br_mask_1_load' <Predicate = (!icmp_ln730)> <Delay = 0.00>
ST_2 : Operation 35 [1/1] (0.00ns)   --->   "%state_issue_issued_uops_branch_br_mask_2_load = load i8 %state_issue_issued_uops_branch_br_mask_2" [/home/lab_726/boom/hls_boom/src/boom_core_merged.cpp:681]   --->   Operation 35 'load' 'state_issue_issued_uops_branch_br_mask_2_load' <Predicate = (!icmp_ln730)> <Delay = 0.00>
ST_2 : Operation 36 [1/1] (0.47ns)   --->   "%tmp = mux i8 @_ssdm_op_Mux.ap_auto.3i8.i2, i8 %state_issue_issued_uops_branch_br_mask_0_load, i8 %state_issue_issued_uops_branch_br_mask_1_load, i8 %state_issue_issued_uops_branch_br_mask_2_load, i2 %i_38" [/home/lab_726/boom/hls_boom/src/boom_core_merged.cpp:681]   --->   Operation 36 'mux' 'tmp' <Predicate = (!icmp_ln730)> <Delay = 0.47> <CoreInst = "Multiplexer">   --->   Core 76 'Multiplexer' <Latency = 0> <II = 1> <Delay = 0.47> <FuncUnit> <Opcode : 'mux'> <InPorts = 2> <OutPorts = 1>
ST_2 : Operation 37 [1/1] (0.33ns)   --->   "%and_ln681_3 = and i8 %tmp, i8 %xor_ln681" [/home/lab_726/boom/hls_boom/src/boom_core_merged.cpp:681]   --->   Operation 37 'and' 'and_ln681_3' <Predicate = (!icmp_ln730)> <Delay = 0.33> <CoreInst = "LogicGate">   --->   Core 74 'LogicGate' <Latency = 0> <II = 1> <Delay = 0.33> <FuncUnit> <Opcode : 'and' 'or' 'xor'> <InPorts = 2> <OutPorts = 1>
ST_2 : Operation 38 [1/1] (0.58ns)   --->   "%switch_ln681 = switch i2 %i_38, void %branch2, i2 0, void %branch0, i2 1, void %branch1" [/home/lab_726/boom/hls_boom/src/boom_core_merged.cpp:681]   --->   Operation 38 'switch' 'switch_ln681' <Predicate = (!icmp_ln730)> <Delay = 0.58>
ST_2 : Operation 39 [1/1] (0.00ns)   --->   "%store_ln681 = store i8 %and_ln681_3, i8 %state_issue_issued_uops_branch_br_mask_1" [/home/lab_726/boom/hls_boom/src/boom_core_merged.cpp:681]   --->   Operation 39 'store' 'store_ln681' <Predicate = (!icmp_ln730 & i_38 == 1)> <Delay = 0.00>
ST_2 : Operation 40 [1/1] (0.00ns)   --->   "%br_ln681 = br void %.split83" [/home/lab_726/boom/hls_boom/src/boom_core_merged.cpp:681]   --->   Operation 40 'br' 'br_ln681' <Predicate = (!icmp_ln730 & i_38 == 1)> <Delay = 0.00>
ST_2 : Operation 41 [1/1] (0.00ns)   --->   "%store_ln681 = store i8 %and_ln681_3, i8 %state_issue_issued_uops_branch_br_mask_0" [/home/lab_726/boom/hls_boom/src/boom_core_merged.cpp:681]   --->   Operation 41 'store' 'store_ln681' <Predicate = (!icmp_ln730 & i_38 == 0)> <Delay = 0.00>
ST_2 : Operation 42 [1/1] (0.00ns)   --->   "%br_ln681 = br void %.split83" [/home/lab_726/boom/hls_boom/src/boom_core_merged.cpp:681]   --->   Operation 42 'br' 'br_ln681' <Predicate = (!icmp_ln730 & i_38 == 0)> <Delay = 0.00>
ST_2 : Operation 43 [1/1] (0.00ns)   --->   "%store_ln681 = store i8 %and_ln681_3, i8 %state_issue_issued_uops_branch_br_mask_2" [/home/lab_726/boom/hls_boom/src/boom_core_merged.cpp:681]   --->   Operation 43 'store' 'store_ln681' <Predicate = (!icmp_ln730 & i_38 != 0 & i_38 != 1)> <Delay = 0.00>
ST_2 : Operation 44 [1/1] (0.00ns)   --->   "%br_ln681 = br void %.split83" [/home/lab_726/boom/hls_boom/src/boom_core_merged.cpp:681]   --->   Operation 44 'br' 'br_ln681' <Predicate = (!icmp_ln730 & i_38 != 0 & i_38 != 1)> <Delay = 0.00>
ST_2 : Operation 45 [1/1] (0.42ns)   --->   "%store_ln730 = store i2 %add_ln730, i2 %i" [/home/lab_726/boom/hls_boom/src/boom_core_merged.cpp:730]   --->   Operation 45 'store' 'store_ln730' <Predicate = (!icmp_ln730)> <Delay = 0.42>
ST_2 : Operation 46 [1/1] (0.00ns)   --->   "%br_ln0 = br void"   --->   Operation 46 'br' 'br_ln0' <Predicate = (!icmp_ln730)> <Delay = 0.00>
ST_2 : Operation 47 [1/1] (0.00ns)   --->   "%i_27 = alloca i32 1"   --->   Operation 47 'alloca' 'i_27' <Predicate = (icmp_ln730)> <Delay = 0.00>
ST_2 : Operation 48 [1/1] (0.42ns)   --->   "%store_ln731 = store i4 0, i4 %i_27" [/home/lab_726/boom/hls_boom/src/boom_core_merged.cpp:731]   --->   Operation 48 'store' 'store_ln731' <Predicate = (icmp_ln730)> <Delay = 0.42>
ST_2 : Operation 49 [1/1] (0.00ns)   --->   "%br_ln731 = br void %.preheader3" [/home/lab_726/boom/hls_boom/src/boom_core_merged.cpp:731]   --->   Operation 49 'br' 'br_ln731' <Predicate = (icmp_ln730)> <Delay = 0.00>

State 3 <SV = 2> <Delay = 1.22>
ST_3 : Operation 50 [1/1] (0.00ns)   --->   "%i_39 = load i4 %i_27" [/home/lab_726/boom/hls_boom/src/boom_core_merged.cpp:731]   --->   Operation 50 'load' 'i_39' <Predicate = true> <Delay = 0.00>
ST_3 : Operation 51 [1/1] (0.00ns)   --->   "%zext_ln731 = zext i4 %i_39" [/home/lab_726/boom/hls_boom/src/boom_core_merged.cpp:731]   --->   Operation 51 'zext' 'zext_ln731' <Predicate = true> <Delay = 0.00>
ST_3 : Operation 52 [1/1] (0.72ns)   --->   "%icmp_ln731 = icmp_eq  i4 %i_39, i4 8" [/home/lab_726/boom/hls_boom/src/boom_core_merged.cpp:731]   --->   Operation 52 'icmp' 'icmp_ln731' <Predicate = true> <Delay = 0.72> <CoreInst = "Cmp">   --->   Core 9 'Cmp' <Latency = 0> <II = 1> <Delay = 0.72> <FuncUnit> <Opcode : 'icmp'> <InPorts = 2> <OutPorts = 1>
ST_3 : Operation 53 [1/1] (0.00ns)   --->   "%empty_102 = speclooptripcount i32 @_ssdm_op_SpecLoopTripCount, i64 8, i64 8, i64 8"   --->   Operation 53 'speclooptripcount' 'empty_102' <Predicate = true> <Delay = 0.00>
ST_3 : Operation 54 [1/1] (0.79ns)   --->   "%add_ln731 = add i4 %i_39, i4 1" [/home/lab_726/boom/hls_boom/src/boom_core_merged.cpp:731]   --->   Operation 54 'add' 'add_ln731' <Predicate = true> <Delay = 0.79> <CoreInst = "Adder">   --->   Core 1 'Adder' <Latency = 0> <II = 1> <Delay = 0.79> <FuncUnit> <Opcode : 'add' 'sub'> <InPorts = 2> <OutPorts = 1>
ST_3 : Operation 55 [1/1] (0.00ns)   --->   "%br_ln731 = br i1 %icmp_ln731, void %.split6, void %.preheader2.preheader" [/home/lab_726/boom/hls_boom/src/boom_core_merged.cpp:731]   --->   Operation 55 'br' 'br_ln731' <Predicate = true> <Delay = 0.00>
ST_3 : Operation 56 [1/1] (0.00ns)   --->   "%uop_branch_br_mask = getelementptr i8 %state_issue_alu_iq_entries_uop_branch_br_mask, i64 0, i64 %zext_ln731" [/home/lab_726/boom/hls_boom/src/boom_core_merged.cpp:731]   --->   Operation 56 'getelementptr' 'uop_branch_br_mask' <Predicate = (!icmp_ln731)> <Delay = 0.00>
ST_3 : Operation 57 [2/2] (0.67ns)   --->   "%uop_branch_br_mask_load = load i3 %uop_branch_br_mask" [/home/lab_726/boom/hls_boom/src/boom_core_merged.cpp:681]   --->   Operation 57 'load' 'uop_branch_br_mask_load' <Predicate = (!icmp_ln731)> <Delay = 0.67> <CoreInst = "RAM">   --->   Core 83 'RAM' <Latency = 1> <II = 1> <Delay = 0.67> <Storage> <Opcode : 'load' 'store'> <Ports = 2> <Width = 8> <Depth = 8> <RAM>
ST_3 : Operation 58 [1/1] (0.42ns)   --->   "%store_ln731 = store i4 %add_ln731, i4 %i_27" [/home/lab_726/boom/hls_boom/src/boom_core_merged.cpp:731]   --->   Operation 58 'store' 'store_ln731' <Predicate = (!icmp_ln731)> <Delay = 0.42>
ST_3 : Operation 59 [1/1] (0.00ns)   --->   "%i_28 = alloca i32 1"   --->   Operation 59 'alloca' 'i_28' <Predicate = (icmp_ln731)> <Delay = 0.00>
ST_3 : Operation 60 [1/1] (0.42ns)   --->   "%store_ln732 = store i6 0, i6 %i_28" [/home/lab_726/boom/hls_boom/src/boom_core_merged.cpp:732]   --->   Operation 60 'store' 'store_ln732' <Predicate = (icmp_ln731)> <Delay = 0.42>
ST_3 : Operation 61 [1/1] (0.00ns)   --->   "%br_ln732 = br void %.preheader2" [/home/lab_726/boom/hls_boom/src/boom_core_merged.cpp:732]   --->   Operation 61 'br' 'br_ln732' <Predicate = (icmp_ln731)> <Delay = 0.00>

State 4 <SV = 3> <Delay = 1.68>
ST_4 : Operation 62 [1/1] (0.00ns)   --->   "%specloopname_ln731 = specloopname void @_ssdm_op_SpecLoopName, void @empty_34" [/home/lab_726/boom/hls_boom/src/boom_core_merged.cpp:731]   --->   Operation 62 'specloopname' 'specloopname_ln731' <Predicate = true> <Delay = 0.00>
ST_4 : Operation 63 [1/2] (0.67ns)   --->   "%uop_branch_br_mask_load = load i3 %uop_branch_br_mask" [/home/lab_726/boom/hls_boom/src/boom_core_merged.cpp:681]   --->   Operation 63 'load' 'uop_branch_br_mask_load' <Predicate = true> <Delay = 0.67> <CoreInst = "RAM">   --->   Core 83 'RAM' <Latency = 1> <II = 1> <Delay = 0.67> <Storage> <Opcode : 'load' 'store'> <Ports = 2> <Width = 8> <Depth = 8> <RAM>
ST_4 : Operation 64 [1/1] (0.33ns)   --->   "%and_ln681_4 = and i8 %uop_branch_br_mask_load, i8 %xor_ln681" [/home/lab_726/boom/hls_boom/src/boom_core_merged.cpp:681]   --->   Operation 64 'and' 'and_ln681_4' <Predicate = true> <Delay = 0.33> <CoreInst = "LogicGate">   --->   Core 74 'LogicGate' <Latency = 0> <II = 1> <Delay = 0.33> <FuncUnit> <Opcode : 'and' 'or' 'xor'> <InPorts = 2> <OutPorts = 1>
ST_4 : Operation 65 [1/1] (0.67ns)   --->   "%store_ln681 = store i8 %and_ln681_4, i3 %uop_branch_br_mask" [/home/lab_726/boom/hls_boom/src/boom_core_merged.cpp:681]   --->   Operation 65 'store' 'store_ln681' <Predicate = true> <Delay = 0.67> <CoreInst = "RAM">   --->   Core 83 'RAM' <Latency = 1> <II = 1> <Delay = 0.67> <Storage> <Opcode : 'load' 'store'> <Ports = 2> <Width = 8> <Depth = 8> <RAM>
ST_4 : Operation 66 [1/1] (0.00ns)   --->   "%br_ln0 = br void %.preheader3"   --->   Operation 66 'br' 'br_ln0' <Predicate = true> <Delay = 0.00>

State 5 <SV = 3> <Delay = 1.21>
ST_5 : Operation 67 [1/1] (0.00ns)   --->   "%i_40 = load i6 %i_28" [/home/lab_726/boom/hls_boom/src/boom_core_merged.cpp:732]   --->   Operation 67 'load' 'i_40' <Predicate = true> <Delay = 0.00>
ST_5 : Operation 68 [1/1] (0.00ns)   --->   "%zext_ln732 = zext i6 %i_40" [/home/lab_726/boom/hls_boom/src/boom_core_merged.cpp:732]   --->   Operation 68 'zext' 'zext_ln732' <Predicate = true> <Delay = 0.00>
ST_5 : Operation 69 [1/1] (0.78ns)   --->   "%icmp_ln732 = icmp_eq  i6 %i_40, i6 32" [/home/lab_726/boom/hls_boom/src/boom_core_merged.cpp:732]   --->   Operation 69 'icmp' 'icmp_ln732' <Predicate = true> <Delay = 0.78> <CoreInst = "Cmp">   --->   Core 9 'Cmp' <Latency = 0> <II = 1> <Delay = 0.72> <FuncUnit> <Opcode : 'icmp'> <InPorts = 2> <OutPorts = 1>
ST_5 : Operation 70 [1/1] (0.00ns)   --->   "%empty_103 = speclooptripcount i32 @_ssdm_op_SpecLoopTripCount, i64 32, i64 32, i64 32"   --->   Operation 70 'speclooptripcount' 'empty_103' <Predicate = true> <Delay = 0.00>
ST_5 : Operation 71 [1/1] (0.78ns)   --->   "%add_ln732 = add i6 %i_40, i6 1" [/home/lab_726/boom/hls_boom/src/boom_core_merged.cpp:732]   --->   Operation 71 'add' 'add_ln732' <Predicate = true> <Delay = 0.78> <CoreInst = "Adder">   --->   Core 1 'Adder' <Latency = 0> <II = 1> <Delay = 0.79> <FuncUnit> <Opcode : 'add' 'sub'> <InPorts = 2> <OutPorts = 1>
ST_5 : Operation 72 [1/1] (0.00ns)   --->   "%br_ln732 = br i1 %icmp_ln732, void %.split4, void %.preheader1.preheader" [/home/lab_726/boom/hls_boom/src/boom_core_merged.cpp:732]   --->   Operation 72 'br' 'br_ln732' <Predicate = true> <Delay = 0.00>
ST_5 : Operation 73 [1/1] (0.00ns)   --->   "%uop_branch_br_mask_1 = getelementptr i8 %state_rob_entries_uop_branch_br_mask, i64 0, i64 %zext_ln732" [/home/lab_726/boom/hls_boom/src/boom_core_merged.cpp:732]   --->   Operation 73 'getelementptr' 'uop_branch_br_mask_1' <Predicate = (!icmp_ln732)> <Delay = 0.00>
ST_5 : Operation 74 [2/2] (0.67ns)   --->   "%uop_branch_br_mask_1_load = load i5 %uop_branch_br_mask_1" [/home/lab_726/boom/hls_boom/src/boom_core_merged.cpp:681]   --->   Operation 74 'load' 'uop_branch_br_mask_1_load' <Predicate = (!icmp_ln732)> <Delay = 0.67> <CoreInst = "RAM">   --->   Core 83 'RAM' <Latency = 1> <II = 1> <Delay = 0.67> <Storage> <Opcode : 'load' 'store'> <Ports = 2> <Width = 8> <Depth = 32> <RAM>
ST_5 : Operation 75 [1/1] (0.42ns)   --->   "%store_ln732 = store i6 %add_ln732, i6 %i_28" [/home/lab_726/boom/hls_boom/src/boom_core_merged.cpp:732]   --->   Operation 75 'store' 'store_ln732' <Predicate = (!icmp_ln732)> <Delay = 0.42>
ST_5 : Operation 76 [1/1] (0.00ns)   --->   "%i_29 = alloca i32 1"   --->   Operation 76 'alloca' 'i_29' <Predicate = (icmp_ln732)> <Delay = 0.00>
ST_5 : Operation 77 [1/1] (0.42ns)   --->   "%store_ln733 = store i4 0, i4 %i_29" [/home/lab_726/boom/hls_boom/src/boom_core_merged.cpp:733]   --->   Operation 77 'store' 'store_ln733' <Predicate = (icmp_ln732)> <Delay = 0.42>
ST_5 : Operation 78 [1/1] (0.00ns)   --->   "%br_ln733 = br void %.preheader1" [/home/lab_726/boom/hls_boom/src/boom_core_merged.cpp:733]   --->   Operation 78 'br' 'br_ln733' <Predicate = (icmp_ln732)> <Delay = 0.00>

State 6 <SV = 4> <Delay = 1.68>
ST_6 : Operation 79 [1/1] (0.00ns)   --->   "%specloopname_ln732 = specloopname void @_ssdm_op_SpecLoopName, void @empty_0" [/home/lab_726/boom/hls_boom/src/boom_core_merged.cpp:732]   --->   Operation 79 'specloopname' 'specloopname_ln732' <Predicate = true> <Delay = 0.00>
ST_6 : Operation 80 [1/2] (0.67ns)   --->   "%uop_branch_br_mask_1_load = load i5 %uop_branch_br_mask_1" [/home/lab_726/boom/hls_boom/src/boom_core_merged.cpp:681]   --->   Operation 80 'load' 'uop_branch_br_mask_1_load' <Predicate = true> <Delay = 0.67> <CoreInst = "RAM">   --->   Core 83 'RAM' <Latency = 1> <II = 1> <Delay = 0.67> <Storage> <Opcode : 'load' 'store'> <Ports = 2> <Width = 8> <Depth = 32> <RAM>
ST_6 : Operation 81 [1/1] (0.33ns)   --->   "%and_ln681_5 = and i8 %uop_branch_br_mask_1_load, i8 %xor_ln681" [/home/lab_726/boom/hls_boom/src/boom_core_merged.cpp:681]   --->   Operation 81 'and' 'and_ln681_5' <Predicate = true> <Delay = 0.33> <CoreInst = "LogicGate">   --->   Core 74 'LogicGate' <Latency = 0> <II = 1> <Delay = 0.33> <FuncUnit> <Opcode : 'and' 'or' 'xor'> <InPorts = 2> <OutPorts = 1>
ST_6 : Operation 82 [1/1] (0.67ns)   --->   "%store_ln681 = store i8 %and_ln681_5, i5 %uop_branch_br_mask_1" [/home/lab_726/boom/hls_boom/src/boom_core_merged.cpp:681]   --->   Operation 82 'store' 'store_ln681' <Predicate = true> <Delay = 0.67> <CoreInst = "RAM">   --->   Core 83 'RAM' <Latency = 1> <II = 1> <Delay = 0.67> <Storage> <Opcode : 'load' 'store'> <Ports = 2> <Width = 8> <Depth = 32> <RAM>
ST_6 : Operation 83 [1/1] (0.00ns)   --->   "%br_ln0 = br void %.preheader2"   --->   Operation 83 'br' 'br_ln0' <Predicate = true> <Delay = 0.00>

State 7 <SV = 4> <Delay = 1.22>
ST_7 : Operation 84 [1/1] (0.00ns)   --->   "%i_41 = load i4 %i_29" [/home/lab_726/boom/hls_boom/src/boom_core_merged.cpp:733]   --->   Operation 84 'load' 'i_41' <Predicate = true> <Delay = 0.00>
ST_7 : Operation 85 [1/1] (0.00ns)   --->   "%zext_ln733 = zext i4 %i_41" [/home/lab_726/boom/hls_boom/src/boom_core_merged.cpp:733]   --->   Operation 85 'zext' 'zext_ln733' <Predicate = true> <Delay = 0.00>
ST_7 : Operation 86 [1/1] (0.72ns)   --->   "%icmp_ln733 = icmp_eq  i4 %i_41, i4 8" [/home/lab_726/boom/hls_boom/src/boom_core_merged.cpp:733]   --->   Operation 86 'icmp' 'icmp_ln733' <Predicate = true> <Delay = 0.72> <CoreInst = "Cmp">   --->   Core 9 'Cmp' <Latency = 0> <II = 1> <Delay = 0.72> <FuncUnit> <Opcode : 'icmp'> <InPorts = 2> <OutPorts = 1>
ST_7 : Operation 87 [1/1] (0.00ns)   --->   "%empty_104 = speclooptripcount i32 @_ssdm_op_SpecLoopTripCount, i64 8, i64 8, i64 8"   --->   Operation 87 'speclooptripcount' 'empty_104' <Predicate = true> <Delay = 0.00>
ST_7 : Operation 88 [1/1] (0.79ns)   --->   "%add_ln733 = add i4 %i_41, i4 1" [/home/lab_726/boom/hls_boom/src/boom_core_merged.cpp:733]   --->   Operation 88 'add' 'add_ln733' <Predicate = true> <Delay = 0.79> <CoreInst = "Adder">   --->   Core 1 'Adder' <Latency = 0> <II = 1> <Delay = 0.79> <FuncUnit> <Opcode : 'add' 'sub'> <InPorts = 2> <OutPorts = 1>
ST_7 : Operation 89 [1/1] (0.00ns)   --->   "%br_ln733 = br i1 %icmp_ln733, void %.split2, void %.preheader.preheader" [/home/lab_726/boom/hls_boom/src/boom_core_merged.cpp:733]   --->   Operation 89 'br' 'br_ln733' <Predicate = true> <Delay = 0.00>
ST_7 : Operation 90 [1/1] (0.00ns)   --->   "%state_lsu_ldq_branch_mask_addr = getelementptr i8 %state_lsu_ldq_branch_mask, i64 0, i64 %zext_ln733" [/home/lab_726/boom/hls_boom/src/boom_core_merged.cpp:733]   --->   Operation 90 'getelementptr' 'state_lsu_ldq_branch_mask_addr' <Predicate = (!icmp_ln733)> <Delay = 0.00>
ST_7 : Operation 91 [2/2] (0.67ns)   --->   "%state_lsu_ldq_branch_mask_load = load i3 %state_lsu_ldq_branch_mask_addr" [/home/lab_726/boom/hls_boom/src/boom_core_merged.cpp:733]   --->   Operation 91 'load' 'state_lsu_ldq_branch_mask_load' <Predicate = (!icmp_ln733)> <Delay = 0.67> <CoreInst = "RAM">   --->   Core 83 'RAM' <Latency = 1> <II = 1> <Delay = 0.67> <Storage> <Opcode : 'load' 'store'> <Ports = 2> <Width = 8> <Depth = 8> <RAM>
ST_7 : Operation 92 [1/1] (0.42ns)   --->   "%store_ln733 = store i4 %add_ln733, i4 %i_29" [/home/lab_726/boom/hls_boom/src/boom_core_merged.cpp:733]   --->   Operation 92 'store' 'store_ln733' <Predicate = (!icmp_ln733)> <Delay = 0.42>
ST_7 : Operation 93 [1/1] (0.00ns)   --->   "%i_30 = alloca i32 1"   --->   Operation 93 'alloca' 'i_30' <Predicate = (icmp_ln733)> <Delay = 0.00>
ST_7 : Operation 94 [1/1] (0.42ns)   --->   "%store_ln734 = store i4 0, i4 %i_30" [/home/lab_726/boom/hls_boom/src/boom_core_merged.cpp:734]   --->   Operation 94 'store' 'store_ln734' <Predicate = (icmp_ln733)> <Delay = 0.42>
ST_7 : Operation 95 [1/1] (0.00ns)   --->   "%br_ln734 = br void %.preheader" [/home/lab_726/boom/hls_boom/src/boom_core_merged.cpp:734]   --->   Operation 95 'br' 'br_ln734' <Predicate = (icmp_ln733)> <Delay = 0.00>

State 8 <SV = 5> <Delay = 1.68>
ST_8 : Operation 96 [1/1] (0.00ns)   --->   "%specloopname_ln733 = specloopname void @_ssdm_op_SpecLoopName, void @empty_24" [/home/lab_726/boom/hls_boom/src/boom_core_merged.cpp:733]   --->   Operation 96 'specloopname' 'specloopname_ln733' <Predicate = true> <Delay = 0.00>
ST_8 : Operation 97 [1/2] (0.67ns)   --->   "%state_lsu_ldq_branch_mask_load = load i3 %state_lsu_ldq_branch_mask_addr" [/home/lab_726/boom/hls_boom/src/boom_core_merged.cpp:733]   --->   Operation 97 'load' 'state_lsu_ldq_branch_mask_load' <Predicate = true> <Delay = 0.67> <CoreInst = "RAM">   --->   Core 83 'RAM' <Latency = 1> <II = 1> <Delay = 0.67> <Storage> <Opcode : 'load' 'store'> <Ports = 2> <Width = 8> <Depth = 8> <RAM>
ST_8 : Operation 98 [1/1] (0.33ns)   --->   "%and_ln733 = and i8 %state_lsu_ldq_branch_mask_load, i8 %xor_ln681" [/home/lab_726/boom/hls_boom/src/boom_core_merged.cpp:733]   --->   Operation 98 'and' 'and_ln733' <Predicate = true> <Delay = 0.33> <CoreInst = "LogicGate">   --->   Core 74 'LogicGate' <Latency = 0> <II = 1> <Delay = 0.33> <FuncUnit> <Opcode : 'and' 'or' 'xor'> <InPorts = 2> <OutPorts = 1>
ST_8 : Operation 99 [1/1] (0.67ns)   --->   "%store_ln733 = store i8 %and_ln733, i3 %state_lsu_ldq_branch_mask_addr" [/home/lab_726/boom/hls_boom/src/boom_core_merged.cpp:733]   --->   Operation 99 'store' 'store_ln733' <Predicate = true> <Delay = 0.67> <CoreInst = "RAM">   --->   Core 83 'RAM' <Latency = 1> <II = 1> <Delay = 0.67> <Storage> <Opcode : 'load' 'store'> <Ports = 2> <Width = 8> <Depth = 8> <RAM>
ST_8 : Operation 100 [1/1] (0.00ns)   --->   "%br_ln0 = br void %.preheader1"   --->   Operation 100 'br' 'br_ln0' <Predicate = true> <Delay = 0.00>

State 9 <SV = 5> <Delay = 1.22>
ST_9 : Operation 101 [1/1] (0.00ns)   --->   "%i_42 = load i4 %i_30" [/home/lab_726/boom/hls_boom/src/boom_core_merged.cpp:734]   --->   Operation 101 'load' 'i_42' <Predicate = (!icmp_ln724)> <Delay = 0.00>
ST_9 : Operation 102 [1/1] (0.00ns)   --->   "%zext_ln734 = zext i4 %i_42" [/home/lab_726/boom/hls_boom/src/boom_core_merged.cpp:734]   --->   Operation 102 'zext' 'zext_ln734' <Predicate = (!icmp_ln724)> <Delay = 0.00>
ST_9 : Operation 103 [1/1] (0.72ns)   --->   "%icmp_ln734 = icmp_eq  i4 %i_42, i4 8" [/home/lab_726/boom/hls_boom/src/boom_core_merged.cpp:734]   --->   Operation 103 'icmp' 'icmp_ln734' <Predicate = (!icmp_ln724)> <Delay = 0.72> <CoreInst = "Cmp">   --->   Core 9 'Cmp' <Latency = 0> <II = 1> <Delay = 0.72> <FuncUnit> <Opcode : 'icmp'> <InPorts = 2> <OutPorts = 1>
ST_9 : Operation 104 [1/1] (0.00ns)   --->   "%empty_105 = speclooptripcount i32 @_ssdm_op_SpecLoopTripCount, i64 8, i64 8, i64 8"   --->   Operation 104 'speclooptripcount' 'empty_105' <Predicate = (!icmp_ln724)> <Delay = 0.00>
ST_9 : Operation 105 [1/1] (0.79ns)   --->   "%add_ln734 = add i4 %i_42, i4 1" [/home/lab_726/boom/hls_boom/src/boom_core_merged.cpp:734]   --->   Operation 105 'add' 'add_ln734' <Predicate = (!icmp_ln724)> <Delay = 0.79> <CoreInst = "Adder">   --->   Core 1 'Adder' <Latency = 0> <II = 1> <Delay = 0.79> <FuncUnit> <Opcode : 'add' 'sub'> <InPorts = 2> <OutPorts = 1>
ST_9 : Operation 106 [1/1] (0.00ns)   --->   "%br_ln734 = br i1 %icmp_ln734, void %.split, void %.loopexit.loopexit" [/home/lab_726/boom/hls_boom/src/boom_core_merged.cpp:734]   --->   Operation 106 'br' 'br_ln734' <Predicate = (!icmp_ln724)> <Delay = 0.00>
ST_9 : Operation 107 [1/1] (0.00ns)   --->   "%state_lsu_stq_branch_mask_addr = getelementptr i8 %state_lsu_stq_branch_mask, i64 0, i64 %zext_ln734" [/home/lab_726/boom/hls_boom/src/boom_core_merged.cpp:734]   --->   Operation 107 'getelementptr' 'state_lsu_stq_branch_mask_addr' <Predicate = (!icmp_ln724 & !icmp_ln734)> <Delay = 0.00>
ST_9 : Operation 108 [2/2] (0.67ns)   --->   "%state_lsu_stq_branch_mask_load = load i3 %state_lsu_stq_branch_mask_addr" [/home/lab_726/boom/hls_boom/src/boom_core_merged.cpp:734]   --->   Operation 108 'load' 'state_lsu_stq_branch_mask_load' <Predicate = (!icmp_ln724 & !icmp_ln734)> <Delay = 0.67> <CoreInst = "RAM">   --->   Core 83 'RAM' <Latency = 1> <II = 1> <Delay = 0.67> <Storage> <Opcode : 'load' 'store'> <Ports = 2> <Width = 8> <Depth = 8> <RAM>
ST_9 : Operation 109 [1/1] (0.42ns)   --->   "%store_ln734 = store i4 %add_ln734, i4 %i_30" [/home/lab_726/boom/hls_boom/src/boom_core_merged.cpp:734]   --->   Operation 109 'store' 'store_ln734' <Predicate = (!icmp_ln724 & !icmp_ln734)> <Delay = 0.42>
ST_9 : Operation 110 [1/1] (0.00ns)   --->   "%br_ln0 = br void %.loopexit"   --->   Operation 110 'br' 'br_ln0' <Predicate = (!icmp_ln724 & icmp_ln734)> <Delay = 0.00>
ST_9 : Operation 111 [1/1] (0.00ns)   --->   "%ret_ln735 = ret" [/home/lab_726/boom/hls_boom/src/boom_core_merged.cpp:735]   --->   Operation 111 'ret' 'ret_ln735' <Predicate = (icmp_ln734) | (icmp_ln724)> <Delay = 0.00>

State 10 <SV = 6> <Delay = 1.68>
ST_10 : Operation 112 [1/1] (0.00ns)   --->   "%specloopname_ln734 = specloopname void @_ssdm_op_SpecLoopName, void @empty_15" [/home/lab_726/boom/hls_boom/src/boom_core_merged.cpp:734]   --->   Operation 112 'specloopname' 'specloopname_ln734' <Predicate = true> <Delay = 0.00>
ST_10 : Operation 113 [1/2] (0.67ns)   --->   "%state_lsu_stq_branch_mask_load = load i3 %state_lsu_stq_branch_mask_addr" [/home/lab_726/boom/hls_boom/src/boom_core_merged.cpp:734]   --->   Operation 113 'load' 'state_lsu_stq_branch_mask_load' <Predicate = true> <Delay = 0.67> <CoreInst = "RAM">   --->   Core 83 'RAM' <Latency = 1> <II = 1> <Delay = 0.67> <Storage> <Opcode : 'load' 'store'> <Ports = 2> <Width = 8> <Depth = 8> <RAM>
ST_10 : Operation 114 [1/1] (0.33ns)   --->   "%and_ln734 = and i8 %state_lsu_stq_branch_mask_load, i8 %xor_ln681" [/home/lab_726/boom/hls_boom/src/boom_core_merged.cpp:734]   --->   Operation 114 'and' 'and_ln734' <Predicate = true> <Delay = 0.33> <CoreInst = "LogicGate">   --->   Core 74 'LogicGate' <Latency = 0> <II = 1> <Delay = 0.33> <FuncUnit> <Opcode : 'and' 'or' 'xor'> <InPorts = 2> <OutPorts = 1>
ST_10 : Operation 115 [1/1] (0.67ns)   --->   "%store_ln734 = store i8 %and_ln734, i3 %state_lsu_stq_branch_mask_addr" [/home/lab_726/boom/hls_boom/src/boom_core_merged.cpp:734]   --->   Operation 115 'store' 'store_ln734' <Predicate = true> <Delay = 0.67> <CoreInst = "RAM">   --->   Core 83 'RAM' <Latency = 1> <II = 1> <Delay = 0.67> <Storage> <Opcode : 'load' 'store'> <Ports = 2> <Width = 8> <Depth = 8> <RAM>
ST_10 : Operation 116 [1/1] (0.00ns)   --->   "%br_ln0 = br void %.preheader"   --->   Operation 116 'br' 'br_ln0' <Predicate = true> <Delay = 0.00>


============================================================
+ Verbose Summary: Timing violations
============================================================
Target clock period: 10ns, clock uncertainty: 2.7ns.

 <State 1>: 1.28ns
The critical path consists of the following:
	wire read operation ('resolve_mask_read', /home/lab_726/boom/hls_boom/src/boom_core_merged.cpp:724) on port 'resolve_mask' (/home/lab_726/boom/hls_boom/src/boom_core_merged.cpp:724) [12]  (0 ns)
	'icmp' operation ('icmp_ln724', /home/lab_726/boom/hls_boom/src/boom_core_merged.cpp:724) [13]  (0.849 ns)
	blocking operation 0.427 ns on control path)

 <State 2>: 0.975ns
The critical path consists of the following:
	'load' operation ('i', /home/lab_726/boom/hls_boom/src/boom_core_merged.cpp:730) on local variable 'i' [30]  (0 ns)
	'add' operation ('add_ln730', /home/lab_726/boom/hls_boom/src/boom_core_merged.cpp:730) [33]  (0.548 ns)
	'store' operation ('store_ln730', /home/lab_726/boom/hls_boom/src/boom_core_merged.cpp:730) of variable 'add_ln730', /home/lab_726/boom/hls_boom/src/boom_core_merged.cpp:730 on local variable 'i' [53]  (0.427 ns)

 <State 3>: 1.22ns
The critical path consists of the following:
	'load' operation ('i', /home/lab_726/boom/hls_boom/src/boom_core_merged.cpp:731) on local variable 'i' [60]  (0 ns)
	'add' operation ('add_ln731', /home/lab_726/boom/hls_boom/src/boom_core_merged.cpp:731) [64]  (0.797 ns)
	'store' operation ('store_ln731', /home/lab_726/boom/hls_boom/src/boom_core_merged.cpp:731) of variable 'add_ln731', /home/lab_726/boom/hls_boom/src/boom_core_merged.cpp:731 on local variable 'i' [72]  (0.427 ns)

 <State 4>: 1.69ns
The critical path consists of the following:
	'load' operation ('uop_branch_br_mask_load', /home/lab_726/boom/hls_boom/src/boom_core_merged.cpp:681) on array 'state_issue_alu_iq_entries_uop_branch_br_mask' [69]  (0.677 ns)
	'and' operation ('and_ln681_4', /home/lab_726/boom/hls_boom/src/boom_core_merged.cpp:681) [70]  (0.335 ns)
	'store' operation ('store_ln681', /home/lab_726/boom/hls_boom/src/boom_core_merged.cpp:681) of variable 'and_ln681_4', /home/lab_726/boom/hls_boom/src/boom_core_merged.cpp:681 on array 'state_issue_alu_iq_entries_uop_branch_br_mask' [71]  (0.677 ns)

 <State 5>: 1.21ns
The critical path consists of the following:
	'load' operation ('i', /home/lab_726/boom/hls_boom/src/boom_core_merged.cpp:732) on local variable 'i' [79]  (0 ns)
	'add' operation ('add_ln732', /home/lab_726/boom/hls_boom/src/boom_core_merged.cpp:732) [83]  (0.781 ns)
	'store' operation ('store_ln732', /home/lab_726/boom/hls_boom/src/boom_core_merged.cpp:732) of variable 'add_ln732', /home/lab_726/boom/hls_boom/src/boom_core_merged.cpp:732 on local variable 'i' [91]  (0.427 ns)
	blocking operation 0.004 ns on control path)

 <State 6>: 1.69ns
The critical path consists of the following:
	'load' operation ('uop_branch_br_mask_1_load', /home/lab_726/boom/hls_boom/src/boom_core_merged.cpp:681) on array 'state_rob_entries_uop_branch_br_mask' [88]  (0.677 ns)
	'and' operation ('and_ln681_5', /home/lab_726/boom/hls_boom/src/boom_core_merged.cpp:681) [89]  (0.335 ns)
	'store' operation ('store_ln681', /home/lab_726/boom/hls_boom/src/boom_core_merged.cpp:681) of variable 'and_ln681_5', /home/lab_726/boom/hls_boom/src/boom_core_merged.cpp:681 on array 'state_rob_entries_uop_branch_br_mask' [90]  (0.677 ns)

 <State 7>: 1.22ns
The critical path consists of the following:
	'load' operation ('i', /home/lab_726/boom/hls_boom/src/boom_core_merged.cpp:733) on local variable 'i' [98]  (0 ns)
	'add' operation ('add_ln733', /home/lab_726/boom/hls_boom/src/boom_core_merged.cpp:733) [102]  (0.797 ns)
	'store' operation ('store_ln733', /home/lab_726/boom/hls_boom/src/boom_core_merged.cpp:733) of variable 'add_ln733', /home/lab_726/boom/hls_boom/src/boom_core_merged.cpp:733 on local variable 'i' [110]  (0.427 ns)

 <State 8>: 1.69ns
The critical path consists of the following:
	'load' operation ('state_lsu_ldq_branch_mask_load', /home/lab_726/boom/hls_boom/src/boom_core_merged.cpp:733) on array 'state_lsu_ldq_branch_mask' [107]  (0.677 ns)
	'and' operation ('and_ln733', /home/lab_726/boom/hls_boom/src/boom_core_merged.cpp:733) [108]  (0.335 ns)
	'store' operation ('store_ln733', /home/lab_726/boom/hls_boom/src/boom_core_merged.cpp:733) of variable 'and_ln733', /home/lab_726/boom/hls_boom/src/boom_core_merged.cpp:733 on array 'state_lsu_ldq_branch_mask' [109]  (0.677 ns)

 <State 9>: 1.22ns
The critical path consists of the following:
	'load' operation ('i', /home/lab_726/boom/hls_boom/src/boom_core_merged.cpp:734) on local variable 'i' [117]  (0 ns)
	'add' operation ('add_ln734', /home/lab_726/boom/hls_boom/src/boom_core_merged.cpp:734) [121]  (0.797 ns)
	'store' operation ('store_ln734', /home/lab_726/boom/hls_boom/src/boom_core_merged.cpp:734) of variable 'add_ln734', /home/lab_726/boom/hls_boom/src/boom_core_merged.cpp:734 on local variable 'i' [129]  (0.427 ns)

 <State 10>: 1.69ns
The critical path consists of the following:
	'load' operation ('state_lsu_stq_branch_mask_load', /home/lab_726/boom/hls_boom/src/boom_core_merged.cpp:734) on array 'state_lsu_stq_branch_mask' [126]  (0.677 ns)
	'and' operation ('and_ln734', /home/lab_726/boom/hls_boom/src/boom_core_merged.cpp:734) [127]  (0.335 ns)
	'store' operation ('store_ln734', /home/lab_726/boom/hls_boom/src/boom_core_merged.cpp:734) of variable 'and_ln734', /home/lab_726/boom/hls_boom/src/boom_core_merged.cpp:734 on array 'state_lsu_stq_branch_mask' [128]  (0.677 ns)


============================================================
+ Verbose Summary: Binding
============================================================
N/A
* FSMD analyzer results:
  - Output states:
 - Input state : 
  - Chain level:
	State 1
	State 2
	State 3
	State 4
	State 5
	State 6
	State 7
	State 8
	State 9
	State 10


============================================================
+ Verbose Summary: Datapath Resource usage 
============================================================
N/A
