

================================================================
== Vitis HLS Report for 'frontend_module'
================================================================
* Date:           Wed Jul 29 09:44:31 2026

* Version:        2021.2 (Build 3367213 on Tue Oct 19 02:47:39 MDT 2021)
* Project:        boom_hls_gate3_9_baseline
* Solution:       solution_baseline (Vivado IP Flow Target)
* Product family: zynquplus
* Target device:  xczu7ev-ffvc1156-2-e


================================================================
== Performance Estimates
================================================================
+ Timing: 
    * Summary: 
    +--------+----------+----------+------------+
    |  Clock |  Target  | Estimated| Uncertainty|
    +--------+----------+----------+------------+
    |ap_clk  |  10.00 ns|  3.354 ns|     2.70 ns|
    +--------+----------+----------+------------+

+ Latency: 
    * Summary: 
    +---------+---------+----------+----------+-----+-----+---------+
    |  Latency (cycles) |  Latency (absolute) |  Interval | Pipeline|
    |   min   |   max   |    min   |    max   | min | max |   Type  |
    +---------+---------+----------+----------+-----+-----+---------+
    |        0|        0|      0 ns|      0 ns|    0|    0|       no|
    +---------+---------+----------+----------+-----+-----+---------+

    + Detail: 
        * Instance: 
        N/A

        * Loop: 
        N/A

============================================================
+ Verbose Summary: Synthesis Manager
============================================================
InlineROM: 1
ExposeGlobal: 0
============================================================
+ Verbose Summary: CDFG Model
============================================================
IsTopModel: 0
ResetActiveHigh: 1
IsCombinational: 0
IsDatapathOnly: 0
HasWiredReturn: 1
HasMFsm: 0
HasVarLatency: 0
IsPipeline: 0
IsRtlPipelined: 0
IsInstanceOverlapped: 0
IsDontTouch: 0
HasImplIP: 0
IsGatedGlobalClock: 0


============================================================
+ Verbose Summary: Schedule
============================================================
* Number of FSM states : 1
* Pipeline : 0
* Dataflow Pipeline: 0

* FSM state transitions: 
1 --> 

* FSM state operations: 

State 1 <SV = 0> <Delay = 3.35>
ST_1 : Operation 2 [1/1] (0.00ns)   --->   "%specinterface_ln0 = specinterface void @_ssdm_op_SpecInterface, i97 %pipe_0, void @empty_36, i32 0, i32 0, void @empty_41, i32 0, i32 0, void @empty_41, void @empty_41, void @empty_41, i32 0, i32 0, i32 0, i32 0, void @empty_41, void @empty_41"   --->   Operation 2 'specinterface' 'specinterface_ln0' <Predicate = true> <Delay = 0.00>
ST_1 : Operation 3 [1/1] (0.00ns)   --->   "%specinterface_ln0 = specinterface void @_ssdm_op_SpecInterface, i193 %pipe_1, void @empty_36, i32 0, i32 0, void @empty_41, i32 0, i32 0, void @empty_41, void @empty_41, void @empty_41, i32 0, i32 0, i32 0, i32 0, void @empty_41, void @empty_41"   --->   Operation 3 'specinterface' 'specinterface_ln0' <Predicate = true> <Delay = 0.00>
ST_1 : Operation 4 [1/1] (0.00ns)   --->   "%state_frontend_reset_done_load = load i1 %state_frontend_reset_done" [/home/lab_726/boom/hls_boom/src/boom_core_merged.cpp:29]   --->   Operation 4 'load' 'state_frontend_reset_done_load' <Predicate = true> <Delay = 0.00>
ST_1 : Operation 5 [1/1] (0.00ns)   --->   "%state_frontend_pc_load = load i64 %state_frontend_pc" [/home/lab_726/boom/hls_boom/src/boom_core_merged.cpp:67]   --->   Operation 5 'load' 'state_frontend_pc_load' <Predicate = true> <Delay = 0.00>
ST_1 : Operation 6 [1/1] (0.00ns)   --->   "%state_frontend_fetch_id_load = load i32 %state_frontend_fetch_id" [/home/lab_726/boom/hls_boom/src/boom_core_merged.cpp:68]   --->   Operation 6 'load' 'state_frontend_fetch_id_load' <Predicate = true> <Delay = 0.00>
ST_1 : Operation 7 [1/1] (0.00ns)   --->   "%state_frontend_request_sent_load = load i1 %state_frontend_request_sent" [/home/lab_726/boom/hls_boom/src/boom_core_merged.cpp:60]   --->   Operation 7 'load' 'state_frontend_request_sent_load' <Predicate = true> <Delay = 0.00>
ST_1 : Operation 8 [1/1] (0.42ns)   --->   "%br_ln29 = br i1 %state_frontend_reset_done_load, void, void %._crit_edge_ifconv" [/home/lab_726/boom/hls_boom/src/boom_core_merged.cpp:29]   --->   Operation 8 'br' 'br_ln29' <Predicate = true> <Delay = 0.42>
ST_1 : Operation 9 [1/1] (0.00ns)   --->   "%store_ln32 = store i1 1, i1 %state_frontend_reset_done" [/home/lab_726/boom/hls_boom/src/boom_core_merged.cpp:32]   --->   Operation 9 'store' 'store_ln32' <Predicate = (!state_frontend_reset_done_load)> <Delay = 0.00>
ST_1 : Operation 10 [1/1] (0.42ns)   --->   "%br_ln34 = br void %._crit_edge_ifconv" [/home/lab_726/boom/hls_boom/src/boom_core_merged.cpp:34]   --->   Operation 10 'br' 'br_ln34' <Predicate = (!state_frontend_reset_done_load)> <Delay = 0.42>
ST_1 : Operation 11 [1/1] (0.00ns)   --->   "%state_frontend_pc_flag_0 = phi i1 0, void, i1 1, void"   --->   Operation 11 'phi' 'state_frontend_pc_flag_0' <Predicate = true> <Delay = 0.00>
ST_1 : Operation 12 [1/1] (0.00ns)   --->   "%state_frontend_pc_loc_0 = phi i64 %state_frontend_pc_load, void, i64 65600, void" [/home/lab_726/boom/hls_boom/src/boom_core_merged.cpp:67]   --->   Operation 12 'phi' 'state_frontend_pc_loc_0' <Predicate = true> <Delay = 0.00>
ST_1 : Operation 13 [1/1] (0.00ns)   --->   "%req_fetch_id = phi i32 %state_frontend_fetch_id_load, void, i32 0, void" [/home/lab_726/boom/hls_boom/src/boom_core_merged.cpp:68]   --->   Operation 13 'phi' 'req_fetch_id' <Predicate = true> <Delay = 0.00>
ST_1 : Operation 14 [1/1] (0.00ns) (grouped into LUT with out node and_ln36_1)   --->   "%state_frontend_request_sent_loc_0 = phi i1 %state_frontend_request_sent_load, void, i1 0, void" [/home/lab_726/boom/hls_boom/src/boom_core_merged.cpp:60]   --->   Operation 14 'phi' 'state_frontend_request_sent_loc_0' <Predicate = true> <Delay = 0.00>
ST_1 : Operation 15 [1/1] (0.00ns)   --->   "%state_brupdate_valid_load = load i1 %state_brupdate_valid" [/home/lab_726/boom/hls_boom/src/boom_core_merged.cpp:36]   --->   Operation 15 'load' 'state_brupdate_valid_load' <Predicate = true> <Delay = 0.00>
ST_1 : Operation 16 [1/1] (0.00ns)   --->   "%state_frontend_response_received_load = load i1 %state_frontend_response_received" [/home/lab_726/boom/hls_boom/src/boom_core_merged.cpp:91]   --->   Operation 16 'load' 'state_frontend_response_received_load' <Predicate = true> <Delay = 0.00>
ST_1 : Operation 17 [1/1] (0.00ns)   --->   "%state_frontend_fetch_packet_valid_load = load i1 %state_frontend_fetch_packet_valid" [/home/lab_726/boom/hls_boom/src/boom_core_merged.cpp:60]   --->   Operation 17 'load' 'state_frontend_fetch_packet_valid_load' <Predicate = true> <Delay = 0.00>
ST_1 : Operation 18 [1/1] (0.00ns)   --->   "%state_brupdate_mispredict_load = load i1 %state_brupdate_mispredict" [/home/lab_726/boom/hls_boom/src/boom_core_merged.cpp:36]   --->   Operation 18 'load' 'state_brupdate_mispredict_load' <Predicate = true> <Delay = 0.00>
ST_1 : Operation 19 [1/1] (0.00ns)   --->   "%state_brupdate_jalr_target_load = load i64 %state_brupdate_jalr_target" [/home/lab_726/boom/hls_boom/src/boom_core_merged.cpp:37]   --->   Operation 19 'load' 'state_brupdate_jalr_target_load' <Predicate = true> <Delay = 0.00>
ST_1 : Operation 20 [1/1] (0.00ns)   --->   "%tmp_1 = partselect i62 @_ssdm_op_PartSelect.i62.i64.i32.i32, i64 %state_brupdate_jalr_target_load, i32 2, i32 63" [/home/lab_726/boom/hls_boom/src/boom_core_merged.cpp:37]   --->   Operation 20 'partselect' 'tmp_1' <Predicate = true> <Delay = 0.00>
ST_1 : Operation 21 [1/1] (0.00ns)   --->   "%and_ln = bitconcatenate i64 @_ssdm_op_BitConcatenate.i64.i62.i2, i62 %tmp_1, i2 0" [/home/lab_726/boom/hls_boom/src/boom_core_merged.cpp:37]   --->   Operation 21 'bitconcatenate' 'and_ln' <Predicate = true> <Delay = 0.00>
ST_1 : Operation 22 [1/1] (0.28ns)   --->   "%and_ln36 = and i1 %state_brupdate_valid_load, i1 %state_brupdate_mispredict_load" [/home/lab_726/boom/hls_boom/src/boom_core_merged.cpp:36]   --->   Operation 22 'and' 'and_ln36' <Predicate = true> <Delay = 0.28> <CoreInst = "LogicGate">   --->   Core 74 'LogicGate' <Latency = 0> <II = 1> <Delay = 0.28> <FuncUnit> <Opcode : 'and' 'or' 'xor'> <InPorts = 2> <OutPorts = 1>
ST_1 : Operation 23 [1/1] (0.28ns)   --->   "%or_ln36 = or i1 %state_frontend_pc_flag_0, i1 %and_ln36" [/home/lab_726/boom/hls_boom/src/boom_core_merged.cpp:36]   --->   Operation 23 'or' 'or_ln36' <Predicate = true> <Delay = 0.28> <CoreInst = "LogicGate">   --->   Core 74 'LogicGate' <Latency = 0> <II = 1> <Delay = 0.28> <FuncUnit> <Opcode : 'and' 'or' 'xor'> <InPorts = 2> <OutPorts = 1>
ST_1 : Operation 24 [1/1] (0.00ns) (grouped into LUT with out node select_ln36_1)   --->   "%select_ln36 = select i1 %and_ln36, i64 %and_ln, i64 65600" [/home/lab_726/boom/hls_boom/src/boom_core_merged.cpp:36]   --->   Operation 24 'select' 'select_ln36' <Predicate = (state_brupdate_valid_load)> <Delay = 0.00> <CoreInst = "Sel">   --->   Core 73 'Sel' <Latency = 0> <II = 1> <Delay = 0.42> <FuncUnit> <Opcode : 'select'> <InPorts = 3> <OutPorts = 1>
ST_1 : Operation 25 [1/1] (0.42ns) (out node of the LUT)   --->   "%select_ln36_1 = select i1 %state_brupdate_valid_load, i64 %select_ln36, i64 65600" [/home/lab_726/boom/hls_boom/src/boom_core_merged.cpp:36]   --->   Operation 25 'select' 'select_ln36_1' <Predicate = true> <Delay = 0.42> <CoreInst = "Sel">   --->   Core 73 'Sel' <Latency = 0> <II = 1> <Delay = 0.42> <FuncUnit> <Opcode : 'select'> <InPorts = 3> <OutPorts = 1>
ST_1 : Operation 26 [1/1] (0.00ns) (grouped into LUT with out node req_address)   --->   "%select_ln36_2 = select i1 %and_ln36, i64 %and_ln, i64 %state_frontend_pc_loc_0" [/home/lab_726/boom/hls_boom/src/boom_core_merged.cpp:36]   --->   Operation 26 'select' 'select_ln36_2' <Predicate = (state_brupdate_valid_load)> <Delay = 0.00> <CoreInst = "Sel">   --->   Core 73 'Sel' <Latency = 0> <II = 1> <Delay = 0.42> <FuncUnit> <Opcode : 'select'> <InPorts = 3> <OutPorts = 1>
ST_1 : Operation 27 [1/1] (0.42ns) (out node of the LUT)   --->   "%req_address = select i1 %state_brupdate_valid_load, i64 %select_ln36_2, i64 %state_frontend_pc_loc_0" [/home/lab_726/boom/hls_boom/src/boom_core_merged.cpp:36]   --->   Operation 27 'select' 'req_address' <Predicate = true> <Delay = 0.42> <CoreInst = "Sel">   --->   Core 73 'Sel' <Latency = 0> <II = 1> <Delay = 0.42> <FuncUnit> <Opcode : 'select'> <InPorts = 3> <OutPorts = 1>
ST_1 : Operation 28 [1/1] (0.28ns)   --->   "%xor_ln36 = xor i1 %and_ln36, i1 1" [/home/lab_726/boom/hls_boom/src/boom_core_merged.cpp:36]   --->   Operation 28 'xor' 'xor_ln36' <Predicate = true> <Delay = 0.28> <CoreInst = "LogicGate">   --->   Core 74 'LogicGate' <Latency = 0> <II = 1> <Delay = 0.28> <FuncUnit> <Opcode : 'and' 'or' 'xor'> <InPorts = 2> <OutPorts = 1>
ST_1 : Operation 29 [1/1] (0.28ns) (out node of the LUT)   --->   "%and_ln36_1 = and i1 %state_frontend_request_sent_loc_0, i1 %xor_ln36" [/home/lab_726/boom/hls_boom/src/boom_core_merged.cpp:36]   --->   Operation 29 'and' 'and_ln36_1' <Predicate = true> <Delay = 0.28> <CoreInst = "LogicGate">   --->   Core 74 'LogicGate' <Latency = 0> <II = 1> <Delay = 0.28> <FuncUnit> <Opcode : 'and' 'or' 'xor'> <InPorts = 2> <OutPorts = 1>
ST_1 : Operation 30 [1/1] (0.28ns)   --->   "%and_ln36_2 = and i1 %state_frontend_response_received_load, i1 %xor_ln36" [/home/lab_726/boom/hls_boom/src/boom_core_merged.cpp:36]   --->   Operation 30 'and' 'and_ln36_2' <Predicate = true> <Delay = 0.28> <CoreInst = "LogicGate">   --->   Core 74 'LogicGate' <Latency = 0> <II = 1> <Delay = 0.28> <FuncUnit> <Opcode : 'and' 'or' 'xor'> <InPorts = 2> <OutPorts = 1>
ST_1 : Operation 31 [1/1] (0.28ns)   --->   "%and_ln36_3 = and i1 %state_frontend_fetch_packet_valid_load, i1 %xor_ln36" [/home/lab_726/boom/hls_boom/src/boom_core_merged.cpp:36]   --->   Operation 31 'and' 'and_ln36_3' <Predicate = true> <Delay = 0.28> <CoreInst = "LogicGate">   --->   Core 74 'LogicGate' <Latency = 0> <II = 1> <Delay = 0.28> <FuncUnit> <Opcode : 'and' 'or' 'xor'> <InPorts = 2> <OutPorts = 1>
ST_1 : Operation 32 [1/1] (0.00ns)   --->   "%state_rob_state_load = load i2 %state_rob_state" [/home/lab_726/boom/hls_boom/src/boom_core_merged.cpp:45]   --->   Operation 32 'load' 'state_rob_state_load' <Predicate = true> <Delay = 0.00>
ST_1 : Operation 33 [1/1] (0.44ns)   --->   "%icmp_ln45 = icmp_eq  i2 %state_rob_state_load, i2 3" [/home/lab_726/boom/hls_boom/src/boom_core_merged.cpp:45]   --->   Operation 33 'icmp' 'icmp_ln45' <Predicate = true> <Delay = 0.44> <CoreInst = "Cmp">   --->   Core 9 'Cmp' <Latency = 0> <II = 1> <Delay = 0.99> <FuncUnit> <Opcode : 'icmp'> <InPorts = 2> <OutPorts = 1>
ST_1 : Operation 34 [1/1] (0.52ns)   --->   "%br_ln45 = br i1 %icmp_ln45, void, void %mergeST7" [/home/lab_726/boom/hls_boom/src/boom_core_merged.cpp:45]   --->   Operation 34 'br' 'br_ln45' <Predicate = true> <Delay = 0.52>
ST_1 : Operation 35 [1/1] (0.42ns)   --->   "%br_ln60 = br i1 %and_ln36_1, void %._crit_edge3, void %.critedge" [/home/lab_726/boom/hls_boom/src/boom_core_merged.cpp:60]   --->   Operation 35 'br' 'br_ln60' <Predicate = (!icmp_ln45)> <Delay = 0.42>
ST_1 : Operation 36 [1/1] (0.28ns)   --->   "%or_ln60 = or i1 %and_ln36_3, i1 %and_ln36" [/home/lab_726/boom/hls_boom/src/boom_core_merged.cpp:60]   --->   Operation 36 'or' 'or_ln60' <Predicate = (!icmp_ln45 & !and_ln36_1)> <Delay = 0.28> <CoreInst = "LogicGate">   --->   Core 74 'LogicGate' <Latency = 0> <II = 1> <Delay = 0.28> <FuncUnit> <Opcode : 'and' 'or' 'xor'> <InPorts = 2> <OutPorts = 1>
ST_1 : Operation 37 [1/1] (0.00ns) (grouped into LUT with out node and_ln60)   --->   "%xor_ln60 = xor i1 %state_frontend_fetch_packet_valid_load, i1 1" [/home/lab_726/boom/hls_boom/src/boom_core_merged.cpp:60]   --->   Operation 37 'xor' 'xor_ln60' <Predicate = (!icmp_ln45 & !and_ln36_1)> <Delay = 0.00> <CoreInst = "LogicGate">   --->   Core 74 'LogicGate' <Latency = 0> <II = 1> <Delay = 0.28> <FuncUnit> <Opcode : 'and' 'or' 'xor'> <InPorts = 2> <OutPorts = 1>
ST_1 : Operation 38 [1/1] (0.00ns) (grouped into LUT with out node and_ln60)   --->   "%or_ln60_1 = or i1 %and_ln36, i1 %xor_ln60" [/home/lab_726/boom/hls_boom/src/boom_core_merged.cpp:60]   --->   Operation 38 'or' 'or_ln60_1' <Predicate = (!icmp_ln45 & !and_ln36_1)> <Delay = 0.00> <CoreInst = "LogicGate">   --->   Core 74 'LogicGate' <Latency = 0> <II = 1> <Delay = 0.28> <FuncUnit> <Opcode : 'and' 'or' 'xor'> <InPorts = 2> <OutPorts = 1>
ST_1 : Operation 39 [1/1] (0.28ns) (out node of the LUT)   --->   "%and_ln60 = and i1 %and_ln36_2, i1 %or_ln60_1" [/home/lab_726/boom/hls_boom/src/boom_core_merged.cpp:60]   --->   Operation 39 'and' 'and_ln60' <Predicate = (!icmp_ln45 & !and_ln36_1)> <Delay = 0.28> <CoreInst = "LogicGate">   --->   Core 74 'LogicGate' <Latency = 0> <II = 1> <Delay = 0.28> <FuncUnit> <Opcode : 'and' 'or' 'xor'> <InPorts = 2> <OutPorts = 1>
ST_1 : Operation 40 [1/1] (0.00ns)   --->   "%tmp = nbwritereq i1 @_ssdm_op_NbWriteReq.ap_fifo.i97P0A, i97 %pipe_0, i32 1" [/home/lab_726/Xilinx/Vitis_HLS/2021.2/common/technology/autopilot/hls_stream_39.h:139]   --->   Operation 40 'nbwritereq' 'tmp' <Predicate = (!icmp_ln45 & !and_ln36_1)> <Delay = 0.00> <CoreInst = "FIFO_SRL">   --->   Core 81 'FIFO_SRL' <Latency = 0> <II = 1> <Delay = 1.83> <Storage> <Opcode : 'read' 'write' 'nbread' 'nbwrite'> <Ports = 0> <Width = 97> <Depth = 2> <FIFO>
ST_1 : Operation 41 [1/1] (0.42ns)   --->   "%br_ln70 = br i1 %tmp, void %.critedge, void" [/home/lab_726/boom/hls_boom/src/boom_core_merged.cpp:70]   --->   Operation 41 'br' 'br_ln70' <Predicate = (!icmp_ln45 & !and_ln36_1)> <Delay = 0.42>
ST_1 : Operation 42 [1/1] (0.00ns)   --->   "%tmp_s = bitconcatenate i96 @_ssdm_op_BitConcatenate.i96.i32.i64, i32 %req_fetch_id, i64 %req_address" [/home/lab_726/Xilinx/Vitis_HLS/2021.2/common/technology/autopilot/hls_stream_39.h:173]   --->   Operation 42 'bitconcatenate' 'tmp_s' <Predicate = (!icmp_ln45 & !and_ln36_1 & tmp)> <Delay = 0.00>
ST_1 : Operation 43 [1/1] (0.00ns)   --->   "%zext_ln173 = zext i96 %tmp_s" [/home/lab_726/Xilinx/Vitis_HLS/2021.2/common/technology/autopilot/hls_stream_39.h:173]   --->   Operation 43 'zext' 'zext_ln173' <Predicate = (!icmp_ln45 & !and_ln36_1 & tmp)> <Delay = 0.00>
ST_1 : Operation 44 [1/1] (1.83ns)   --->   "%write_ln173 = write void @_ssdm_op_Write.ap_fifo.volatile.i97P0A, i97 %pipe_0, i97 %zext_ln173" [/home/lab_726/Xilinx/Vitis_HLS/2021.2/common/technology/autopilot/hls_stream_39.h:173]   --->   Operation 44 'write' 'write_ln173' <Predicate = (!icmp_ln45 & !and_ln36_1 & tmp)> <Delay = 1.83> <CoreInst = "FIFO_SRL">   --->   Core 81 'FIFO_SRL' <Latency = 0> <II = 1> <Delay = 1.83> <Storage> <Opcode : 'read' 'write' 'nbread' 'nbwrite'> <Ports = 0> <Width = 97> <Depth = 2> <FIFO>
ST_1 : Operation 45 [1/1] (0.00ns)   --->   "%store_ln72 = store i32 %req_fetch_id, i32 %state_frontend_pending_fetch_id" [/home/lab_726/boom/hls_boom/src/boom_core_merged.cpp:72]   --->   Operation 45 'store' 'store_ln72' <Predicate = (!icmp_ln45 & !and_ln36_1 & tmp)> <Delay = 0.00>
ST_1 : Operation 46 [1/1] (1.01ns)   --->   "%add_ln73 = add i32 %req_fetch_id, i32 1" [/home/lab_726/boom/hls_boom/src/boom_core_merged.cpp:73]   --->   Operation 46 'add' 'add_ln73' <Predicate = (!icmp_ln45 & !and_ln36_1 & tmp)> <Delay = 1.01> <CoreInst = "Adder">   --->   Core 1 'Adder' <Latency = 0> <II = 1> <Delay = 1.08> <FuncUnit> <Opcode : 'add' 'sub'> <InPorts = 2> <OutPorts = 1>
ST_1 : Operation 47 [1/1] (0.42ns)   --->   "%br_ln75 = br void %.critedge" [/home/lab_726/boom/hls_boom/src/boom_core_merged.cpp:75]   --->   Operation 47 'br' 'br_ln75' <Predicate = (!icmp_ln45 & !and_ln36_1 & tmp)> <Delay = 0.42>
ST_1 : Operation 48 [1/1] (0.00ns)   --->   "%state_frontend_fetch_id_flag_1 = phi i1 %state_frontend_pc_flag_0, void, i1 1, void, i1 %state_frontend_pc_flag_0, void %._crit_edge3"   --->   Operation 48 'phi' 'state_frontend_fetch_id_flag_1' <Predicate = (!icmp_ln45)> <Delay = 0.00>
ST_1 : Operation 49 [1/1] (0.00ns)   --->   "%state_frontend_fetch_id_new_1 = phi i32 0, void, i32 %add_ln73, void, i32 0, void %._crit_edge3" [/home/lab_726/boom/hls_boom/src/boom_core_merged.cpp:73]   --->   Operation 49 'phi' 'state_frontend_fetch_id_new_1' <Predicate = (!icmp_ln45)> <Delay = 0.00>
ST_1 : Operation 50 [1/1] (0.00ns)   --->   "%state_frontend_request_sent_flag_2 = phi i1 %or_ln36, void, i1 1, void, i1 %or_ln36, void %._crit_edge3" [/home/lab_726/boom/hls_boom/src/boom_core_merged.cpp:36]   --->   Operation 50 'phi' 'state_frontend_request_sent_flag_2' <Predicate = (!icmp_ln45)> <Delay = 0.00>
ST_1 : Operation 51 [1/1] (0.00ns)   --->   "%state_frontend_request_sent_new_2 = phi i1 0, void, i1 1, void, i1 0, void %._crit_edge3"   --->   Operation 51 'phi' 'state_frontend_request_sent_new_2' <Predicate = (!icmp_ln45)> <Delay = 0.00>
ST_1 : Operation 52 [1/1] (0.00ns)   --->   "%state_frontend_response_received_flag_2 = phi i1 %and_ln36, void, i1 %or_ln60, void, i1 %or_ln60, void %._crit_edge3" [/home/lab_726/boom/hls_boom/src/boom_core_merged.cpp:36]   --->   Operation 52 'phi' 'state_frontend_response_received_flag_2' <Predicate = (!icmp_ln45)> <Delay = 0.00>
ST_1 : Operation 53 [1/1] (0.00ns)   --->   "%state_frontend_response_received_loc_2 = phi i1 %and_ln36_2, void, i1 %and_ln60, void, i1 %and_ln60, void %._crit_edge3" [/home/lab_726/boom/hls_boom/src/boom_core_merged.cpp:36]   --->   Operation 53 'phi' 'state_frontend_response_received_loc_2' <Predicate = (!icmp_ln45)> <Delay = 0.00>
ST_1 : Operation 54 [1/1] (0.00ns)   --->   "%empty = phi i1 1, void, i1 1, void, i1 0, void %._crit_edge3"   --->   Operation 54 'phi' 'empty' <Predicate = (!icmp_ln45)> <Delay = 0.00>
ST_1 : Operation 55 [1/1] (0.00ns)   --->   "%tmp_8 = nbreadreq i1 @_ssdm_op_NbReadReq.ap_fifo.i193P0A, i193 %pipe_1, i32 1" [/home/lab_726/Xilinx/Vitis_HLS/2021.2/common/technology/autopilot/hls_stream_39.h:135]   --->   Operation 55 'nbreadreq' 'tmp_8' <Predicate = (!icmp_ln45)> <Delay = 0.00> <CoreInst = "FIFO_SRL">   --->   Core 81 'FIFO_SRL' <Latency = 0> <II = 1> <Delay = 1.83> <Storage> <Opcode : 'read' 'write' 'nbread' 'nbwrite'> <Ports = 0> <Width = 193> <Depth = 2> <FIFO>
ST_1 : Operation 56 [1/1] (0.42ns)   --->   "%br_ln78 = br i1 %tmp_8, void %.critedge._crit_edge, void" [/home/lab_726/boom/hls_boom/src/boom_core_merged.cpp:78]   --->   Operation 56 'br' 'br_ln78' <Predicate = (!icmp_ln45)> <Delay = 0.42>
ST_1 : Operation 57 [1/1] (1.83ns)   --->   "%pipe_1_read = read i193 @_ssdm_op_Read.ap_fifo.volatile.i193P0A, i193 %pipe_1" [/home/lab_726/Xilinx/Vitis_HLS/2021.2/common/technology/autopilot/hls_stream_39.h:144]   --->   Operation 57 'read' 'pipe_1_read' <Predicate = (!icmp_ln45 & tmp_8)> <Delay = 1.83> <CoreInst = "FIFO_SRL">   --->   Core 81 'FIFO_SRL' <Latency = 0> <II = 1> <Delay = 1.83> <Storage> <Opcode : 'read' 'write' 'nbread' 'nbwrite'> <Ports = 0> <Width = 193> <Depth = 2> <FIFO>
ST_1 : Operation 58 [1/1] (0.00ns)   --->   "%resp_address = trunc i193 %pipe_1_read" [/home/lab_726/Xilinx/Vitis_HLS/2021.2/common/technology/autopilot/hls_stream_39.h:144]   --->   Operation 58 'trunc' 'resp_address' <Predicate = (!icmp_ln45 & tmp_8)> <Delay = 0.00>
ST_1 : Operation 59 [1/1] (0.00ns)   --->   "%resp_fetch_id = partselect i32 @_ssdm_op_PartSelect.i32.i193.i32.i32, i193 %pipe_1_read, i32 64, i32 95" [/home/lab_726/Xilinx/Vitis_HLS/2021.2/common/technology/autopilot/hls_stream_39.h:144]   --->   Operation 59 'partselect' 'resp_fetch_id' <Predicate = (!icmp_ln45 & tmp_8)> <Delay = 0.00>
ST_1 : Operation 60 [1/1] (0.00ns)   --->   "%resp_instruction = partselect i32 @_ssdm_op_PartSelect.i32.i193.i32.i32, i193 %pipe_1_read, i32 96, i32 127" [/home/lab_726/Xilinx/Vitis_HLS/2021.2/common/technology/autopilot/hls_stream_39.h:144]   --->   Operation 60 'partselect' 'resp_instruction' <Predicate = (!icmp_ln45 & tmp_8)> <Delay = 0.00>
ST_1 : Operation 61 [1/1] (0.42ns)   --->   "%br_ln80 = br i1 %empty, void %.critedge._crit_edge, void" [/home/lab_726/boom/hls_boom/src/boom_core_merged.cpp:80]   --->   Operation 61 'br' 'br_ln80' <Predicate = (!icmp_ln45 & tmp_8)> <Delay = 0.42>
ST_1 : Operation 62 [1/1] (0.00ns)   --->   "%state_frontend_pending_fetch_id_load = load i32 %state_frontend_pending_fetch_id" [/home/lab_726/boom/hls_boom/src/boom_core_merged.cpp:80]   --->   Operation 62 'load' 'state_frontend_pending_fetch_id_load' <Predicate = (!icmp_ln45 & tmp_8 & empty)> <Delay = 0.00>
ST_1 : Operation 63 [1/1] (0.99ns)   --->   "%icmp_ln80 = icmp_eq  i32 %resp_fetch_id, i32 %state_frontend_pending_fetch_id_load" [/home/lab_726/boom/hls_boom/src/boom_core_merged.cpp:80]   --->   Operation 63 'icmp' 'icmp_ln80' <Predicate = (!icmp_ln45 & tmp_8 & empty)> <Delay = 0.99> <CoreInst = "Cmp">   --->   Core 9 'Cmp' <Latency = 0> <II = 1> <Delay = 0.99> <FuncUnit> <Opcode : 'icmp'> <InPorts = 2> <OutPorts = 1>
ST_1 : Operation 64 [1/1] (0.52ns)   --->   "%br_ln80 = br i1 %icmp_ln80, void %mergeST7, void" [/home/lab_726/boom/hls_boom/src/boom_core_merged.cpp:80]   --->   Operation 64 'br' 'br_ln80' <Predicate = (!icmp_ln45 & tmp_8 & empty)> <Delay = 0.52>
ST_1 : Operation 65 [1/1] (0.00ns)   --->   "%store_ln81 = store i64 %resp_address, i64 %state_frontend_resp_address" [/home/lab_726/boom/hls_boom/src/boom_core_merged.cpp:81]   --->   Operation 65 'store' 'store_ln81' <Predicate = (!icmp_ln45 & tmp_8 & empty & icmp_ln80)> <Delay = 0.00>
ST_1 : Operation 66 [1/1] (0.00ns)   --->   "%store_ln82 = store i32 %resp_instruction, i32 %state_frontend_resp_instruction" [/home/lab_726/boom/hls_boom/src/boom_core_merged.cpp:82]   --->   Operation 66 'store' 'store_ln82' <Predicate = (!icmp_ln45 & tmp_8 & empty & icmp_ln80)> <Delay = 0.00>
ST_1 : Operation 67 [1/1] (0.42ns)   --->   "%br_ln87 = br void %.critedge._crit_edge" [/home/lab_726/boom/hls_boom/src/boom_core_merged.cpp:87]   --->   Operation 67 'br' 'br_ln87' <Predicate = (!icmp_ln45 & tmp_8 & empty & icmp_ln80)> <Delay = 0.42>
ST_1 : Operation 68 [1/1] (0.00ns)   --->   "%state_frontend_request_sent_flag_3 = phi i1 1, void, i1 %state_frontend_request_sent_flag_2, void, i1 %state_frontend_request_sent_flag_2, void %.critedge" [/home/lab_726/boom/hls_boom/src/boom_core_merged.cpp:36]   --->   Operation 68 'phi' 'state_frontend_request_sent_flag_3' <Predicate = (!icmp_ln45 & icmp_ln80) | (!icmp_ln45 & !empty) | (!icmp_ln45 & !tmp_8)> <Delay = 0.00>
ST_1 : Operation 69 [1/1] (0.00ns)   --->   "%state_frontend_request_sent_new_3 = phi i1 0, void, i1 %state_frontend_request_sent_new_2, void, i1 %state_frontend_request_sent_new_2, void %.critedge"   --->   Operation 69 'phi' 'state_frontend_request_sent_new_3' <Predicate = (!icmp_ln45 & icmp_ln80) | (!icmp_ln45 & !empty) | (!icmp_ln45 & !tmp_8)> <Delay = 0.00>
ST_1 : Operation 70 [1/1] (0.00ns)   --->   "%state_frontend_response_received_flag_3 = phi i1 1, void, i1 %state_frontend_response_received_flag_2, void, i1 %state_frontend_response_received_flag_2, void %.critedge" [/home/lab_726/boom/hls_boom/src/boom_core_merged.cpp:36]   --->   Operation 70 'phi' 'state_frontend_response_received_flag_3' <Predicate = (!icmp_ln45 & icmp_ln80) | (!icmp_ln45 & !empty) | (!icmp_ln45 & !tmp_8)> <Delay = 0.00>
ST_1 : Operation 71 [1/1] (0.00ns)   --->   "%state_frontend_response_received_new_3 = phi i1 1, void, i1 0, void, i1 0, void %.critedge"   --->   Operation 71 'phi' 'state_frontend_response_received_new_3' <Predicate = (!icmp_ln45 & icmp_ln80) | (!icmp_ln45 & !empty) | (!icmp_ln45 & !tmp_8)> <Delay = 0.00>
ST_1 : Operation 72 [1/1] (0.00ns) (grouped into LUT with out node or_ln91)   --->   "%state_frontend_response_received_loc_3 = phi i1 1, void, i1 %state_frontend_response_received_loc_2, void, i1 %state_frontend_response_received_loc_2, void %.critedge" [/home/lab_726/boom/hls_boom/src/boom_core_merged.cpp:36]   --->   Operation 72 'phi' 'state_frontend_response_received_loc_3' <Predicate = (!icmp_ln45 & icmp_ln80) | (!icmp_ln45 & !empty) | (!icmp_ln45 & !tmp_8)> <Delay = 0.00>
ST_1 : Operation 73 [1/1] (0.00ns) (grouped into LUT with out node or_ln91)   --->   "%empty_97 = phi i1 0, void, i1 0, void, i1 %empty, void %.critedge"   --->   Operation 73 'phi' 'empty_97' <Predicate = (!icmp_ln45 & icmp_ln80) | (!icmp_ln45 & !empty) | (!icmp_ln45 & !tmp_8)> <Delay = 0.00>
ST_1 : Operation 74 [1/1] (0.00ns) (grouped into LUT with out node or_ln91)   --->   "%xor_ln91 = xor i1 %state_frontend_response_received_loc_3, i1 1" [/home/lab_726/boom/hls_boom/src/boom_core_merged.cpp:91]   --->   Operation 74 'xor' 'xor_ln91' <Predicate = (!icmp_ln45 & icmp_ln80) | (!icmp_ln45 & !empty) | (!icmp_ln45 & !tmp_8)> <Delay = 0.00> <CoreInst = "LogicGate">   --->   Core 74 'LogicGate' <Latency = 0> <II = 1> <Delay = 0.28> <FuncUnit> <Opcode : 'and' 'or' 'xor'> <InPorts = 2> <OutPorts = 1>
ST_1 : Operation 75 [1/1] (0.28ns) (out node of the LUT)   --->   "%or_ln91 = or i1 %empty_97, i1 %xor_ln91" [/home/lab_726/boom/hls_boom/src/boom_core_merged.cpp:91]   --->   Operation 75 'or' 'or_ln91' <Predicate = (!icmp_ln45 & icmp_ln80) | (!icmp_ln45 & !empty) | (!icmp_ln45 & !tmp_8)> <Delay = 0.28> <CoreInst = "LogicGate">   --->   Core 74 'LogicGate' <Latency = 0> <II = 1> <Delay = 0.28> <FuncUnit> <Opcode : 'and' 'or' 'xor'> <InPorts = 2> <OutPorts = 1>
ST_1 : Operation 76 [1/1] (0.52ns)   --->   "%br_ln91 = br i1 %or_ln91, void, void %mergeST7" [/home/lab_726/boom/hls_boom/src/boom_core_merged.cpp:91]   --->   Operation 76 'br' 'br_ln91' <Predicate = (!icmp_ln45 & icmp_ln80) | (!icmp_ln45 & !empty) | (!icmp_ln45 & !tmp_8)> <Delay = 0.52>
ST_1 : Operation 77 [1/1] (0.00ns)   --->   "%uop_debug_pc = load i64 %state_frontend_resp_address" [/home/lab_726/boom/hls_boom/src/boom_core_merged.cpp:93]   --->   Operation 77 'load' 'uop_debug_pc' <Predicate = (!icmp_ln45 & icmp_ln80 & !or_ln91) | (!icmp_ln45 & !empty & !or_ln91) | (!icmp_ln45 & !tmp_8 & !or_ln91)> <Delay = 0.00>
ST_1 : Operation 78 [1/1] (0.00ns)   --->   "%uop_inst = load i32 %state_frontend_resp_instruction" [/home/lab_726/boom/hls_boom/src/boom_core_merged.cpp:94]   --->   Operation 78 'load' 'uop_inst' <Predicate = (!icmp_ln45 & icmp_ln80 & !or_ln91) | (!icmp_ln45 & !empty & !or_ln91) | (!icmp_ln45 & !tmp_8 & !or_ln91)> <Delay = 0.00>
ST_1 : Operation 79 [1/1] (0.00ns)   --->   "%store_ln96 = store i32 %uop_inst, i32 %state_frontend_fetch_uop_inst" [/home/lab_726/boom/hls_boom/src/boom_core_merged.cpp:96]   --->   Operation 79 'store' 'store_ln96' <Predicate = (!icmp_ln45 & icmp_ln80 & !or_ln91) | (!icmp_ln45 & !empty & !or_ln91) | (!icmp_ln45 & !tmp_8 & !or_ln91)> <Delay = 0.00>
ST_1 : Operation 80 [1/1] (0.00ns)   --->   "%store_ln96 = store i64 %uop_debug_pc, i64 %state_frontend_fetch_uop_debug_pc" [/home/lab_726/boom/hls_boom/src/boom_core_merged.cpp:96]   --->   Operation 80 'store' 'store_ln96' <Predicate = (!icmp_ln45 & icmp_ln80 & !or_ln91) | (!icmp_ln45 & !empty & !or_ln91) | (!icmp_ln45 & !tmp_8 & !or_ln91)> <Delay = 0.00>
ST_1 : Operation 81 [1/1] (1.08ns)   --->   "%add_ln98 = add i64 %uop_debug_pc, i64 4" [/home/lab_726/boom/hls_boom/src/boom_core_merged.cpp:98]   --->   Operation 81 'add' 'add_ln98' <Predicate = (!icmp_ln45 & icmp_ln80 & !or_ln91) | (!icmp_ln45 & !empty & !or_ln91) | (!icmp_ln45 & !tmp_8 & !or_ln91)> <Delay = 1.08> <CoreInst = "Adder">   --->   Core 1 'Adder' <Latency = 0> <II = 1> <Delay = 1.08> <FuncUnit> <Opcode : 'add' 'sub'> <InPorts = 2> <OutPorts = 1>
ST_1 : Operation 82 [1/1] (0.52ns)   --->   "%br_ln100 = br void %mergeST7" [/home/lab_726/boom/hls_boom/src/boom_core_merged.cpp:100]   --->   Operation 82 'br' 'br_ln100' <Predicate = (!icmp_ln45 & icmp_ln80 & !or_ln91) | (!icmp_ln45 & !empty & !or_ln91) | (!icmp_ln45 & !tmp_8 & !or_ln91)> <Delay = 0.52>
ST_1 : Operation 83 [1/1] (0.00ns)   --->   "%state_frontend_pc_flag_3 = phi i1 %or_ln36, void %._crit_edge_ifconv, i1 %or_ln36, void %.critedge._crit_edge, i1 1, void, i1 %or_ln36, void" [/home/lab_726/boom/hls_boom/src/boom_core_merged.cpp:36]   --->   Operation 83 'phi' 'state_frontend_pc_flag_3' <Predicate = true> <Delay = 0.00>
ST_1 : Operation 84 [1/1] (0.00ns)   --->   "%state_frontend_pc_new_3 = phi i64 %select_ln36_1, void %._crit_edge_ifconv, i64 %select_ln36_1, void %.critedge._crit_edge, i64 %add_ln98, void, i64 %select_ln36_1, void" [/home/lab_726/boom/hls_boom/src/boom_core_merged.cpp:36]   --->   Operation 84 'phi' 'state_frontend_pc_new_3' <Predicate = true> <Delay = 0.00>
ST_1 : Operation 85 [1/1] (0.00ns)   --->   "%state_frontend_fetch_id_flag_2 = phi i1 %state_frontend_pc_flag_0, void %._crit_edge_ifconv, i1 %state_frontend_fetch_id_flag_1, void %.critedge._crit_edge, i1 %state_frontend_fetch_id_flag_1, void, i1 %state_frontend_fetch_id_flag_1, void"   --->   Operation 85 'phi' 'state_frontend_fetch_id_flag_2' <Predicate = true> <Delay = 0.00>
ST_1 : Operation 86 [1/1] (0.00ns)   --->   "%state_frontend_fetch_id_new_2 = phi i32 0, void %._crit_edge_ifconv, i32 %state_frontend_fetch_id_new_1, void %.critedge._crit_edge, i32 %state_frontend_fetch_id_new_1, void, i32 %state_frontend_fetch_id_new_1, void" [/home/lab_726/boom/hls_boom/src/boom_core_merged.cpp:73]   --->   Operation 86 'phi' 'state_frontend_fetch_id_new_2' <Predicate = true> <Delay = 0.00>
ST_1 : Operation 87 [1/1] (0.00ns)   --->   "%state_frontend_request_sent_flag_5 = phi i1 %or_ln36, void %._crit_edge_ifconv, i1 %state_frontend_request_sent_flag_3, void %.critedge._crit_edge, i1 %state_frontend_request_sent_flag_3, void, i1 %state_frontend_request_sent_flag_2, void" [/home/lab_726/boom/hls_boom/src/boom_core_merged.cpp:36]   --->   Operation 87 'phi' 'state_frontend_request_sent_flag_5' <Predicate = true> <Delay = 0.00>
ST_1 : Operation 88 [1/1] (0.00ns)   --->   "%state_frontend_request_sent_new_5 = phi i1 0, void %._crit_edge_ifconv, i1 %state_frontend_request_sent_new_3, void %.critedge._crit_edge, i1 %state_frontend_request_sent_new_3, void, i1 %state_frontend_request_sent_new_2, void"   --->   Operation 88 'phi' 'state_frontend_request_sent_new_5' <Predicate = true> <Delay = 0.00>
ST_1 : Operation 89 [1/1] (0.00ns)   --->   "%state_frontend_response_received_flag_5 = phi i1 %and_ln36, void %._crit_edge_ifconv, i1 %state_frontend_response_received_flag_3, void %.critedge._crit_edge, i1 1, void, i1 %state_frontend_response_received_flag_2, void" [/home/lab_726/boom/hls_boom/src/boom_core_merged.cpp:36]   --->   Operation 89 'phi' 'state_frontend_response_received_flag_5' <Predicate = true> <Delay = 0.00>
ST_1 : Operation 90 [1/1] (0.00ns)   --->   "%state_frontend_response_received_new_5 = phi i1 0, void %._crit_edge_ifconv, i1 %state_frontend_response_received_new_3, void %.critedge._crit_edge, i1 0, void, i1 0, void"   --->   Operation 90 'phi' 'state_frontend_response_received_new_5' <Predicate = true> <Delay = 0.00>
ST_1 : Operation 91 [1/1] (0.00ns)   --->   "%state_frontend_fetch_packet_valid_new_1 = phi i1 0, void %._crit_edge_ifconv, i1 0, void %.critedge._crit_edge, i1 1, void, i1 0, void"   --->   Operation 91 'phi' 'state_frontend_fetch_packet_valid_new_1' <Predicate = true> <Delay = 0.00>
ST_1 : Operation 92 [1/1] (0.00ns)   --->   "%store_ln40 = store i1 %state_frontend_fetch_packet_valid_new_1, i1 %state_frontend_fetch_packet_valid" [/home/lab_726/boom/hls_boom/src/boom_core_merged.cpp:40]   --->   Operation 92 'store' 'store_ln40' <Predicate = true> <Delay = 0.00>
ST_1 : Operation 93 [1/1] (0.00ns)   --->   "%br_ln36 = br i1 %state_frontend_response_received_flag_5, void %.new6, void %mergeST5" [/home/lab_726/boom/hls_boom/src/boom_core_merged.cpp:36]   --->   Operation 93 'br' 'br_ln36' <Predicate = true> <Delay = 0.00>
ST_1 : Operation 94 [1/1] (0.00ns)   --->   "%store_ln39 = store i1 %state_frontend_response_received_new_5, i1 %state_frontend_response_received" [/home/lab_726/boom/hls_boom/src/boom_core_merged.cpp:39]   --->   Operation 94 'store' 'store_ln39' <Predicate = (state_frontend_response_received_flag_5)> <Delay = 0.00>
ST_1 : Operation 95 [1/1] (0.00ns)   --->   "%br_ln0 = br void %.new6"   --->   Operation 95 'br' 'br_ln0' <Predicate = (state_frontend_response_received_flag_5)> <Delay = 0.00>
ST_1 : Operation 96 [1/1] (0.00ns)   --->   "%br_ln36 = br i1 %state_frontend_request_sent_flag_5, void %.new4, void %mergeST3" [/home/lab_726/boom/hls_boom/src/boom_core_merged.cpp:36]   --->   Operation 96 'br' 'br_ln36' <Predicate = true> <Delay = 0.00>
ST_1 : Operation 97 [1/1] (0.00ns)   --->   "%store_ln33 = store i1 %state_frontend_request_sent_new_5, i1 %state_frontend_request_sent" [/home/lab_726/boom/hls_boom/src/boom_core_merged.cpp:33]   --->   Operation 97 'store' 'store_ln33' <Predicate = (state_frontend_request_sent_flag_5)> <Delay = 0.00>
ST_1 : Operation 98 [1/1] (0.00ns)   --->   "%br_ln0 = br void %.new4"   --->   Operation 98 'br' 'br_ln0' <Predicate = (state_frontend_request_sent_flag_5)> <Delay = 0.00>
ST_1 : Operation 99 [1/1] (0.00ns)   --->   "%br_ln0 = br i1 %state_frontend_fetch_id_flag_2, void %.new2, void %mergeST1"   --->   Operation 99 'br' 'br_ln0' <Predicate = true> <Delay = 0.00>
ST_1 : Operation 100 [1/1] (0.00ns)   --->   "%store_ln31 = store i32 %state_frontend_fetch_id_new_2, i32 %state_frontend_fetch_id" [/home/lab_726/boom/hls_boom/src/boom_core_merged.cpp:31]   --->   Operation 100 'store' 'store_ln31' <Predicate = (state_frontend_fetch_id_flag_2)> <Delay = 0.00>
ST_1 : Operation 101 [1/1] (0.00ns)   --->   "%br_ln0 = br void %.new2"   --->   Operation 101 'br' 'br_ln0' <Predicate = (state_frontend_fetch_id_flag_2)> <Delay = 0.00>
ST_1 : Operation 102 [1/1] (0.00ns)   --->   "%br_ln36 = br i1 %state_frontend_pc_flag_3, void %.new, void %mergeST" [/home/lab_726/boom/hls_boom/src/boom_core_merged.cpp:36]   --->   Operation 102 'br' 'br_ln36' <Predicate = true> <Delay = 0.00>
ST_1 : Operation 103 [1/1] (0.00ns)   --->   "%store_ln30 = store i64 %state_frontend_pc_new_3, i64 %state_frontend_pc" [/home/lab_726/boom/hls_boom/src/boom_core_merged.cpp:30]   --->   Operation 103 'store' 'store_ln30' <Predicate = (state_frontend_pc_flag_3)> <Delay = 0.00>
ST_1 : Operation 104 [1/1] (0.00ns)   --->   "%br_ln0 = br void %.new"   --->   Operation 104 'br' 'br_ln0' <Predicate = (state_frontend_pc_flag_3)> <Delay = 0.00>
ST_1 : Operation 105 [1/1] (0.00ns)   --->   "%ret_ln103 = ret" [/home/lab_726/boom/hls_boom/src/boom_core_merged.cpp:103]   --->   Operation 105 'ret' 'ret_ln103' <Predicate = true> <Delay = 0.00>


============================================================
+ Verbose Summary: Timing violations
============================================================
Target clock period: 10ns, clock uncertainty: 2.7ns.

 <State 1>: 3.35ns
The critical path consists of the following:
	fifo read operation ('pipe_1_read', /home/lab_726/Xilinx/Vitis_HLS/2021.2/common/technology/autopilot/hls_stream_39.h:144) on port 'pipe_1' (/home/lab_726/Xilinx/Vitis_HLS/2021.2/common/technology/autopilot/hls_stream_39.h:144) [80]  (1.84 ns)
	'icmp' operation ('icmp_ln80', /home/lab_726/boom/hls_boom/src/boom_core_merged.cpp:80) [87]  (0.991 ns)
	multiplexor before 'phi' operation ('state_frontend_pc_flag_3', /home/lab_726/boom/hls_boom/src/boom_core_merged.cpp:36) with incoming values : ('or_ln36', /home/lab_726/boom/hls_boom/src/boom_core_merged.cpp:36) [111]  (0.525 ns)
	'phi' operation ('state_frontend_pc_flag_3', /home/lab_726/boom/hls_boom/src/boom_core_merged.cpp:36) with incoming values : ('or_ln36', /home/lab_726/boom/hls_boom/src/boom_core_merged.cpp:36) [111]  (0 ns)


============================================================
+ Verbose Summary: Binding
============================================================
N/A
* FSMD analyzer results:
  - Output states:
 - Input state : 
  - Chain level:
	State 1


============================================================
+ Verbose Summary: Datapath Resource usage 
============================================================
N/A
