

================================================================
== Vitis HLS Report for 'kill_issue_state'
================================================================
* Date:           Wed Jul 29 09:44:30 2026

* Version:        2021.2 (Build 3367213 on Tue Oct 19 02:47:39 MDT 2021)
* Project:        boom_hls_gate3_9_baseline
* Solution:       solution_baseline (Vivado IP Flow Target)
* Product family: zynquplus
* Target device:  xczu7ev-ffvc1156-2-e


================================================================
== Performance Estimates
================================================================
+ Timing: 
    * Summary: 
    +--------+----------+----------+------------+
    |  Clock |  Target  | Estimated| Uncertainty|
    +--------+----------+----------+------------+
    |ap_clk  |  10.00 ns|  2.203 ns|     2.70 ns|
    +--------+----------+----------+------------+

+ Latency: 
    * Summary: 
    +---------+---------+----------+----------+-----+-----+---------+
    |  Latency (cycles) |  Latency (absolute) |  Interval | Pipeline|
    |   min   |   max   |    min   |    max   | min | max |   Type  |
    +---------+---------+----------+----------+-----+-----+---------+
    |        ?|        ?|         ?|         ?|    ?|    ?|       no|
    +---------+---------+----------+----------+-----+-----+---------+

    + Detail: 
        * Instance: 
        N/A

        * Loop: 
        +--------------------+---------+---------+----------+-----------+-----------+------+----------+
        |                    |  Latency (cycles) | Iteration|  Initiation Interval  | Trip |          |
        |      Loop Name     |   min   |   max   |  Latency |  achieved |   target  | Count| Pipelined|
        +--------------------+---------+---------+----------+-----------+-----------+------+----------+
        |- VITIS_LOOP_751_1  |       24|       24|         3|          -|          -|     8|        no|
        |- VITIS_LOOP_759_2  |        3|        3|         1|          -|          -|     3|        no|
        +--------------------+---------+---------+----------+-----------+-----------+------+----------+

============================================================
+ Verbose Summary: Synthesis Manager
============================================================
InlineROM: 1
ExposeGlobal: 0
============================================================
+ Verbose Summary: CDFG Model
============================================================
IsTopModel: 0
ResetActiveHigh: 1
IsCombinational: 0
IsDatapathOnly: 0
HasWiredReturn: 1
HasMFsm: 0
HasVarLatency: 1
IsPipeline: 0
IsRtlPipelined: 0
IsInstanceOverlapped: 0
IsDontTouch: 0
HasImplIP: 0
IsGatedGlobalClock: 0


============================================================
+ Verbose Summary: Schedule
============================================================
* Number of FSM states : 6
* Pipeline : 0
* Dataflow Pipeline: 0

* FSM state transitions: 
1 --> 2 
2 --> 3 5 
3 --> 4 
4 --> 2 
5 --> 6 
6 --> 6 

* FSM state operations: 

State 1 <SV = 0> <Delay = 0.42>
ST_1 : Operation 7 [1/1] (0.00ns)   --->   "%i = alloca i32 1"   --->   Operation 7 'alloca' 'i' <Predicate = true> <Delay = 0.00>
ST_1 : Operation 8 [1/1] (0.00ns)   --->   "%mispredict_mask_read = read i8 @_ssdm_op_Read.ap_auto.i8, i8 %mispredict_mask" [/home/lab_726/boom/hls_boom/src/boom_core_merged.cpp:751]   --->   Operation 8 'read' 'mispredict_mask_read' <Predicate = true> <Delay = 0.00>
ST_1 : Operation 9 [1/1] (0.42ns)   --->   "%store_ln751 = store i4 0, i4 %i" [/home/lab_726/boom/hls_boom/src/boom_core_merged.cpp:751]   --->   Operation 9 'store' 'store_ln751' <Predicate = true> <Delay = 0.42>
ST_1 : Operation 10 [1/1] (0.00ns)   --->   "%br_ln751 = br void" [/home/lab_726/boom/hls_boom/src/boom_core_merged.cpp:751]   --->   Operation 10 'br' 'br_ln751' <Predicate = true> <Delay = 0.00>

State 2 <SV = 1> <Delay = 1.14>
ST_2 : Operation 11 [1/1] (0.00ns)   --->   "%i_27 = load i4 %i" [/home/lab_726/boom/hls_boom/src/boom_core_merged.cpp:751]   --->   Operation 11 'load' 'i_27' <Predicate = true> <Delay = 0.00>
ST_2 : Operation 12 [1/1] (0.00ns)   --->   "%zext_ln751 = zext i4 %i_27" [/home/lab_726/boom/hls_boom/src/boom_core_merged.cpp:751]   --->   Operation 12 'zext' 'zext_ln751' <Predicate = true> <Delay = 0.00>
ST_2 : Operation 13 [1/1] (0.72ns)   --->   "%icmp_ln751 = icmp_eq  i4 %i_27, i4 8" [/home/lab_726/boom/hls_boom/src/boom_core_merged.cpp:751]   --->   Operation 13 'icmp' 'icmp_ln751' <Predicate = true> <Delay = 0.72> <CoreInst = "Cmp">   --->   Core 9 'Cmp' <Latency = 0> <II = 1> <Delay = 0.84> <FuncUnit> <Opcode : 'icmp'> <InPorts = 2> <OutPorts = 1>
ST_2 : Operation 14 [1/1] (0.00ns)   --->   "%empty = speclooptripcount i32 @_ssdm_op_SpecLoopTripCount, i64 8, i64 8, i64 8"   --->   Operation 14 'speclooptripcount' 'empty' <Predicate = true> <Delay = 0.00>
ST_2 : Operation 15 [1/1] (0.79ns)   --->   "%add_ln751 = add i4 %i_27, i4 1" [/home/lab_726/boom/hls_boom/src/boom_core_merged.cpp:751]   --->   Operation 15 'add' 'add_ln751' <Predicate = true> <Delay = 0.79> <CoreInst = "Adder">   --->   Core 1 'Adder' <Latency = 0> <II = 1> <Delay = 0.54> <FuncUnit> <Opcode : 'add' 'sub'> <InPorts = 2> <OutPorts = 1>
ST_2 : Operation 16 [1/1] (0.00ns)   --->   "%br_ln751 = br i1 %icmp_ln751, void %.split2, void" [/home/lab_726/boom/hls_boom/src/boom_core_merged.cpp:751]   --->   Operation 16 'br' 'br_ln751' <Predicate = true> <Delay = 0.00>
ST_2 : Operation 17 [1/1] (0.00ns)   --->   "%state_issue_alu_iq_entries_valid_addr = getelementptr i1 %state_issue_alu_iq_entries_valid, i64 0, i64 %zext_ln751" [/home/lab_726/boom/hls_boom/src/boom_core_merged.cpp:753]   --->   Operation 17 'getelementptr' 'state_issue_alu_iq_entries_valid_addr' <Predicate = (!icmp_ln751)> <Delay = 0.00>
ST_2 : Operation 18 [2/2] (0.67ns)   --->   "%state_issue_alu_iq_entries_valid_load = load i3 %state_issue_alu_iq_entries_valid_addr" [/home/lab_726/boom/hls_boom/src/boom_core_merged.cpp:753]   --->   Operation 18 'load' 'state_issue_alu_iq_entries_valid_load' <Predicate = (!icmp_ln751)> <Delay = 0.67> <CoreInst = "RAM">   --->   Core 83 'RAM' <Latency = 1> <II = 1> <Delay = 0.67> <Storage> <Opcode : 'load' 'store'> <Ports = 2> <Width = 1> <Depth = 8> <RAM>
ST_2 : Operation 19 [1/1] (0.00ns)   --->   "%i_23 = alloca i32 1"   --->   Operation 19 'alloca' 'i_23' <Predicate = (icmp_ln751)> <Delay = 0.00>
ST_2 : Operation 20 [2/2] (0.00ns)   --->   "%call_ln758 = call void @compact_issue_queue, i1 %state_issue_alu_iq_entries_valid, i1 %state_issue_alu_iq_entries_killed, i1 %state_issue_alu_iq_entries_request, i1 %state_issue_alu_iq_entries_granted, i1 %state_issue_alu_iq_entries_pdst_busy, i1 %state_issue_alu_iq_entries_prs1_busy, i1 %state_issue_alu_iq_entries_prs2_busy, i1 %state_issue_alu_iq_entries_prs3_busy, i8 %state_issue_alu_iq_entries_uop_uopc, i32 %state_issue_alu_iq_entries_uop_inst, i32 %state_issue_alu_iq_entries_uop_debug_inst, i1 %state_issue_alu_iq_entries_uop_is_rvc, i64 %state_issue_alu_iq_entries_uop_debug_pc, i8 %state_issue_alu_iq_entries_uop_iq_type, i8 %state_issue_alu_iq_entries_uop_fu_code, i8 %state_issue_alu_iq_entries_uop_ctrl_br_type, i8 %state_issue_alu_iq_entries_uop_ctrl_op1_sel, i8 %state_issue_alu_iq_entries_uop_ctrl_op2_sel, i8 %state_issue_alu_iq_entries_uop_ctrl_imm_sel, i8 %state_issue_alu_iq_entries_uop_ctrl_op_fcn, i8 %state_issue_alu_iq_entries_uop_ctrl_fcn_dw, i8 %state_issue_alu_iq_entries_uop_ctrl_csr_cmd, i1 %state_issue_alu_iq_entries_uop_ctrl_is_load, i1 %state_issue_alu_iq_entries_uop_ctrl_is_sta, i1 %state_issue_alu_iq_entries_uop_ctrl_is_std, i8 %state_issue_alu_iq_entries_uop_iw_state, i1 %state_issue_alu_iq_entries_uop_iw_p1_poisoned, i1 %state_issue_alu_iq_entries_uop_iw_p2_poisoned, i8 %state_issue_alu_iq_entries_uop_branch_br_mask, i8 %state_issue_alu_iq_entries_uop_branch_br_tag, i8 %state_issue_alu_iq_entries_uop_branch_ftq_idx, i8 %state_issue_alu_iq_entries_uop_branch_pc_lob, i1 %state_issue_alu_iq_entries_uop_branch_edge_inst, i1 %state_issue_alu_iq_entries_uop_branch_taken, i1 %state_issue_alu_iq_entries_uop_branch_is_br, i1 %state_issue_alu_iq_entries_uop_branch_is_jalr, i1 %state_issue_alu_iq_entries_uop_branch_is_jal, i1 %state_issue_alu_iq_entries_uop_branch_is_sfb, i32 %state_issue_alu_iq_entries_uop_imm_packed, i16 %state_issue_alu_iq_entries_uop_csr_addr, i8 %state_issue_alu_iq_entries_uop_queue_rob_idx, i8 %state_issue_alu_iq_entries_uop_queue_ldq_idx, i8 %state_issue_alu_iq_entries_uop_queue_stq_idx, i8 %state_issue_alu_iq_entries_uop_queue_rxq_idx, i8 %state_issue_alu_iq_entries_uop_rename_ldst, i8 %state_issue_alu_iq_entries_uop_rename_lrs1, i8 %state_issue_alu_iq_entries_uop_rename_lrs2, i8 %state_issue_alu_iq_entries_uop_rename_lrs3, i8 %state_issue_alu_iq_entries_uop_rename_pdst, i8 %state_issue_alu_iq_entries_uop_rename_prs1, i8 %state_issue_alu_iq_entries_uop_rename_prs2, i8 %state_issue_alu_iq_entries_uop_rename_prs3, i8 %state_issue_alu_iq_entries_uop_rename_ppred, i1 %state_issue_alu_iq_entries_uop_rename_prs1_busy, i1 %state_issue_alu_iq_entries_uop_rename_prs2_busy, i1 %state_issue_alu_iq_entries_uop_rename_prs3_busy, i1 %state_issue_alu_iq_entries_uop_rename_ppred_busy, i8 %state_issue_alu_iq_entries_uop_rename_stale_pdst, i8 %state_issue_alu_iq_entries_uop_rename_dst_rtype, i8 %state_issue_alu_iq_entries_uop_rename_lrs1_rtype, i8 %state_issue_alu_iq_entries_uop_rename_lrs2_rtype, i1 %state_issue_alu_iq_entries_uop_rename_frs3_en, i1 %state_issue_alu_iq_entries_uop_rename_fp_val, i1 %state_issue_alu_iq_entries_uop_rename_fp_single, i1 %state_issue_alu_iq_entries_uop_exception, i64 %state_issue_alu_iq_entries_uop_exc_cause, i1 %state_issue_alu_iq_entries_uop_bypassable, i8 %state_issue_alu_iq_entries_uop_mem_mem_cmd, i8 %state_issue_alu_iq_entries_uop_mem_mem_size, i1 %state_issue_alu_iq_entries_uop_mem_mem_signed, i1 %state_issue_alu_iq_entries_uop_mem_is_fence, i1 %state_issue_alu_iq_entries_uop_mem_is_fencei, i1 %state_issue_alu_iq_entries_uop_mem_is_amo, i1 %state_issue_alu_iq_entries_uop_mem_uses_ldq, i1 %state_issue_alu_iq_entries_uop_mem_uses_stq, i1 %state_issue_alu_iq_entries_uop_mem_ldst_is_rs1, i1 %state_issue_alu_iq_entries_uop_mem_ldst_val, i1 %state_issue_alu_iq_entries_uop_is_sys_pc2epc, i1 %state_issue_alu_iq_entries_uop_is_unique, i1 %state_issue_alu_iq_entries_uop_flush_on_commit, i1 %state_issue_alu_iq_entries_uop_exc_exception, i64 %state_issue_alu_iq_entries_uop_exc_exc_cause, i1 %state_issue_alu_iq_entries_uop_exc_xcpt_pf_if, i1 %state_issue_alu_iq_entries_uop_exc_xcpt_ae_if, i1 %state_issue_alu_iq_entries_uop_exc_xcpt_ma_if, i1 %state_issue_alu_iq_entries_uop_exc_bp_debug_if, i1 %state_issue_alu_iq_entries_uop_exc_bp_xcpt_if, i8 %state_issue_alu_iq_entries_uop_debug_debug_fsrc, i8 %state_issue_alu_iq_entries_uop_debug_debug_tsrc, i32 %state_issue_alu_iq_entries_uop_debug_debug_inst, i64 %state_issue_alu_iq_entries_uop_debug_debug_pc, i64 %state_issue_alu_iq_entries_prs1_data, i64 %state_issue_alu_iq_entries_prs2_data, i64 %state_issue_alu_iq_entries_prs3_data, i3 %state_issue_alu_iq_tail, i8 %state_issue_alu_iq_count" [/home/lab_726/boom/hls_boom/src/boom_core_merged.cpp:758]   --->   Operation 20 'call' 'call_ln758' <Predicate = (icmp_ln751)> <Delay = 0.00> <CoreType = "Generic">   --->   Core 0 '' <Latency = 0> <II = 1> <Delay = 1.00> <Generic> <Opcode : >
ST_2 : Operation 21 [1/1] (0.42ns)   --->   "%store_ln759 = store i2 0, i2 %i_23" [/home/lab_726/boom/hls_boom/src/boom_core_merged.cpp:759]   --->   Operation 21 'store' 'store_ln759' <Predicate = (icmp_ln751)> <Delay = 0.42>

State 3 <SV = 2> <Delay = 0.67>
ST_3 : Operation 22 [1/1] (0.00ns)   --->   "%specloopname_ln751 = specloopname void @_ssdm_op_SpecLoopName, void @empty_4" [/home/lab_726/boom/hls_boom/src/boom_core_merged.cpp:751]   --->   Operation 22 'specloopname' 'specloopname_ln751' <Predicate = true> <Delay = 0.00>
ST_3 : Operation 23 [1/2] (0.67ns)   --->   "%state_issue_alu_iq_entries_valid_load = load i3 %state_issue_alu_iq_entries_valid_addr" [/home/lab_726/boom/hls_boom/src/boom_core_merged.cpp:753]   --->   Operation 23 'load' 'state_issue_alu_iq_entries_valid_load' <Predicate = true> <Delay = 0.67> <CoreInst = "RAM">   --->   Core 83 'RAM' <Latency = 1> <II = 1> <Delay = 0.67> <Storage> <Opcode : 'load' 'store'> <Ports = 2> <Width = 1> <Depth = 8> <RAM>
ST_3 : Operation 24 [1/1] (0.00ns)   --->   "%br_ln753 = br i1 %state_issue_alu_iq_entries_valid_load, void %.split2._crit_edge, void" [/home/lab_726/boom/hls_boom/src/boom_core_merged.cpp:753]   --->   Operation 24 'br' 'br_ln753' <Predicate = true> <Delay = 0.00>
ST_3 : Operation 25 [1/1] (0.00ns)   --->   "%uop_branch_br_mask = getelementptr i8 %state_issue_alu_iq_entries_uop_branch_br_mask, i64 0, i64 %zext_ln751" [/home/lab_726/boom/hls_boom/src/boom_core_merged.cpp:753]   --->   Operation 25 'getelementptr' 'uop_branch_br_mask' <Predicate = (state_issue_alu_iq_entries_valid_load)> <Delay = 0.00>
ST_3 : Operation 26 [2/2] (0.67ns)   --->   "%uop_branch_br_mask_load = load i3 %uop_branch_br_mask" [/home/lab_726/boom/hls_boom/src/boom_core_merged.cpp:677]   --->   Operation 26 'load' 'uop_branch_br_mask_load' <Predicate = (state_issue_alu_iq_entries_valid_load)> <Delay = 0.67> <CoreInst = "RAM">   --->   Core 83 'RAM' <Latency = 1> <II = 1> <Delay = 0.67> <Storage> <Opcode : 'load' 'store'> <Ports = 2> <Width = 8> <Depth = 8> <RAM>

State 4 <SV = 3> <Delay = 2.20>
ST_4 : Operation 27 [1/2] (0.67ns)   --->   "%uop_branch_br_mask_load = load i3 %uop_branch_br_mask" [/home/lab_726/boom/hls_boom/src/boom_core_merged.cpp:677]   --->   Operation 27 'load' 'uop_branch_br_mask_load' <Predicate = (state_issue_alu_iq_entries_valid_load)> <Delay = 0.67> <CoreInst = "RAM">   --->   Core 83 'RAM' <Latency = 1> <II = 1> <Delay = 0.67> <Storage> <Opcode : 'load' 'store'> <Ports = 2> <Width = 8> <Depth = 8> <RAM>
ST_4 : Operation 28 [1/1] (0.00ns) (grouped into LUT with out node icmp_ln677)   --->   "%and_ln677 = and i8 %uop_branch_br_mask_load, i8 %mispredict_mask_read" [/home/lab_726/boom/hls_boom/src/boom_core_merged.cpp:677]   --->   Operation 28 'and' 'and_ln677' <Predicate = (state_issue_alu_iq_entries_valid_load)> <Delay = 0.00> <CoreInst = "LogicGate">   --->   Core 74 'LogicGate' <Latency = 0> <II = 1> <Delay = 0.33> <FuncUnit> <Opcode : 'and' 'or' 'xor'> <InPorts = 2> <OutPorts = 1>
ST_4 : Operation 29 [1/1] (0.84ns) (out node of the LUT)   --->   "%icmp_ln677 = icmp_eq  i8 %and_ln677, i8 0" [/home/lab_726/boom/hls_boom/src/boom_core_merged.cpp:677]   --->   Operation 29 'icmp' 'icmp_ln677' <Predicate = (state_issue_alu_iq_entries_valid_load)> <Delay = 0.84> <CoreInst = "Cmp">   --->   Core 9 'Cmp' <Latency = 0> <II = 1> <Delay = 0.84> <FuncUnit> <Opcode : 'icmp'> <InPorts = 2> <OutPorts = 1>
ST_4 : Operation 30 [1/1] (0.00ns)   --->   "%br_ln753 = br i1 %icmp_ln677, void, void %.split2._crit_edge" [/home/lab_726/boom/hls_boom/src/boom_core_merged.cpp:753]   --->   Operation 30 'br' 'br_ln753' <Predicate = (state_issue_alu_iq_entries_valid_load)> <Delay = 0.00>
ST_4 : Operation 31 [1/1] (0.67ns)   --->   "%store_ln754 = store i1 0, i3 %state_issue_alu_iq_entries_valid_addr" [/home/lab_726/boom/hls_boom/src/boom_core_merged.cpp:754]   --->   Operation 31 'store' 'store_ln754' <Predicate = (state_issue_alu_iq_entries_valid_load & !icmp_ln677)> <Delay = 0.67> <CoreInst = "RAM">   --->   Core 83 'RAM' <Latency = 1> <II = 1> <Delay = 0.67> <Storage> <Opcode : 'load' 'store'> <Ports = 2> <Width = 1> <Depth = 8> <RAM>
ST_4 : Operation 32 [1/1] (0.00ns)   --->   "%state_issue_alu_iq_entries_killed_addr = getelementptr i1 %state_issue_alu_iq_entries_killed, i64 0, i64 %zext_ln751" [/home/lab_726/boom/hls_boom/src/boom_core_merged.cpp:755]   --->   Operation 32 'getelementptr' 'state_issue_alu_iq_entries_killed_addr' <Predicate = (state_issue_alu_iq_entries_valid_load & !icmp_ln677)> <Delay = 0.00>
ST_4 : Operation 33 [1/1] (0.67ns)   --->   "%store_ln755 = store i1 1, i3 %state_issue_alu_iq_entries_killed_addr" [/home/lab_726/boom/hls_boom/src/boom_core_merged.cpp:755]   --->   Operation 33 'store' 'store_ln755' <Predicate = (state_issue_alu_iq_entries_valid_load & !icmp_ln677)> <Delay = 0.67> <CoreInst = "RAM">   --->   Core 83 'RAM' <Latency = 1> <II = 1> <Delay = 0.67> <Storage> <Opcode : 'load' 'store'> <Ports = 2> <Width = 1> <Depth = 8> <RAM>
ST_4 : Operation 34 [1/1] (0.00ns)   --->   "%br_ln756 = br void %.split2._crit_edge" [/home/lab_726/boom/hls_boom/src/boom_core_merged.cpp:756]   --->   Operation 34 'br' 'br_ln756' <Predicate = (state_issue_alu_iq_entries_valid_load & !icmp_ln677)> <Delay = 0.00>
ST_4 : Operation 35 [1/1] (0.42ns)   --->   "%store_ln751 = store i4 %add_ln751, i4 %i" [/home/lab_726/boom/hls_boom/src/boom_core_merged.cpp:751]   --->   Operation 35 'store' 'store_ln751' <Predicate = true> <Delay = 0.42>
ST_4 : Operation 36 [1/1] (0.00ns)   --->   "%br_ln0 = br void"   --->   Operation 36 'br' 'br_ln0' <Predicate = true> <Delay = 0.00>

State 5 <SV = 2> <Delay = 0.00>
ST_5 : Operation 37 [1/2] (0.00ns)   --->   "%call_ln758 = call void @compact_issue_queue, i1 %state_issue_alu_iq_entries_valid, i1 %state_issue_alu_iq_entries_killed, i1 %state_issue_alu_iq_entries_request, i1 %state_issue_alu_iq_entries_granted, i1 %state_issue_alu_iq_entries_pdst_busy, i1 %state_issue_alu_iq_entries_prs1_busy, i1 %state_issue_alu_iq_entries_prs2_busy, i1 %state_issue_alu_iq_entries_prs3_busy, i8 %state_issue_alu_iq_entries_uop_uopc, i32 %state_issue_alu_iq_entries_uop_inst, i32 %state_issue_alu_iq_entries_uop_debug_inst, i1 %state_issue_alu_iq_entries_uop_is_rvc, i64 %state_issue_alu_iq_entries_uop_debug_pc, i8 %state_issue_alu_iq_entries_uop_iq_type, i8 %state_issue_alu_iq_entries_uop_fu_code, i8 %state_issue_alu_iq_entries_uop_ctrl_br_type, i8 %state_issue_alu_iq_entries_uop_ctrl_op1_sel, i8 %state_issue_alu_iq_entries_uop_ctrl_op2_sel, i8 %state_issue_alu_iq_entries_uop_ctrl_imm_sel, i8 %state_issue_alu_iq_entries_uop_ctrl_op_fcn, i8 %state_issue_alu_iq_entries_uop_ctrl_fcn_dw, i8 %state_issue_alu_iq_entries_uop_ctrl_csr_cmd, i1 %state_issue_alu_iq_entries_uop_ctrl_is_load, i1 %state_issue_alu_iq_entries_uop_ctrl_is_sta, i1 %state_issue_alu_iq_entries_uop_ctrl_is_std, i8 %state_issue_alu_iq_entries_uop_iw_state, i1 %state_issue_alu_iq_entries_uop_iw_p1_poisoned, i1 %state_issue_alu_iq_entries_uop_iw_p2_poisoned, i8 %state_issue_alu_iq_entries_uop_branch_br_mask, i8 %state_issue_alu_iq_entries_uop_branch_br_tag, i8 %state_issue_alu_iq_entries_uop_branch_ftq_idx, i8 %state_issue_alu_iq_entries_uop_branch_pc_lob, i1 %state_issue_alu_iq_entries_uop_branch_edge_inst, i1 %state_issue_alu_iq_entries_uop_branch_taken, i1 %state_issue_alu_iq_entries_uop_branch_is_br, i1 %state_issue_alu_iq_entries_uop_branch_is_jalr, i1 %state_issue_alu_iq_entries_uop_branch_is_jal, i1 %state_issue_alu_iq_entries_uop_branch_is_sfb, i32 %state_issue_alu_iq_entries_uop_imm_packed, i16 %state_issue_alu_iq_entries_uop_csr_addr, i8 %state_issue_alu_iq_entries_uop_queue_rob_idx, i8 %state_issue_alu_iq_entries_uop_queue_ldq_idx, i8 %state_issue_alu_iq_entries_uop_queue_stq_idx, i8 %state_issue_alu_iq_entries_uop_queue_rxq_idx, i8 %state_issue_alu_iq_entries_uop_rename_ldst, i8 %state_issue_alu_iq_entries_uop_rename_lrs1, i8 %state_issue_alu_iq_entries_uop_rename_lrs2, i8 %state_issue_alu_iq_entries_uop_rename_lrs3, i8 %state_issue_alu_iq_entries_uop_rename_pdst, i8 %state_issue_alu_iq_entries_uop_rename_prs1, i8 %state_issue_alu_iq_entries_uop_rename_prs2, i8 %state_issue_alu_iq_entries_uop_rename_prs3, i8 %state_issue_alu_iq_entries_uop_rename_ppred, i1 %state_issue_alu_iq_entries_uop_rename_prs1_busy, i1 %state_issue_alu_iq_entries_uop_rename_prs2_busy, i1 %state_issue_alu_iq_entries_uop_rename_prs3_busy, i1 %state_issue_alu_iq_entries_uop_rename_ppred_busy, i8 %state_issue_alu_iq_entries_uop_rename_stale_pdst, i8 %state_issue_alu_iq_entries_uop_rename_dst_rtype, i8 %state_issue_alu_iq_entries_uop_rename_lrs1_rtype, i8 %state_issue_alu_iq_entries_uop_rename_lrs2_rtype, i1 %state_issue_alu_iq_entries_uop_rename_frs3_en, i1 %state_issue_alu_iq_entries_uop_rename_fp_val, i1 %state_issue_alu_iq_entries_uop_rename_fp_single, i1 %state_issue_alu_iq_entries_uop_exception, i64 %state_issue_alu_iq_entries_uop_exc_cause, i1 %state_issue_alu_iq_entries_uop_bypassable, i8 %state_issue_alu_iq_entries_uop_mem_mem_cmd, i8 %state_issue_alu_iq_entries_uop_mem_mem_size, i1 %state_issue_alu_iq_entries_uop_mem_mem_signed, i1 %state_issue_alu_iq_entries_uop_mem_is_fence, i1 %state_issue_alu_iq_entries_uop_mem_is_fencei, i1 %state_issue_alu_iq_entries_uop_mem_is_amo, i1 %state_issue_alu_iq_entries_uop_mem_uses_ldq, i1 %state_issue_alu_iq_entries_uop_mem_uses_stq, i1 %state_issue_alu_iq_entries_uop_mem_ldst_is_rs1, i1 %state_issue_alu_iq_entries_uop_mem_ldst_val, i1 %state_issue_alu_iq_entries_uop_is_sys_pc2epc, i1 %state_issue_alu_iq_entries_uop_is_unique, i1 %state_issue_alu_iq_entries_uop_flush_on_commit, i1 %state_issue_alu_iq_entries_uop_exc_exception, i64 %state_issue_alu_iq_entries_uop_exc_exc_cause, i1 %state_issue_alu_iq_entries_uop_exc_xcpt_pf_if, i1 %state_issue_alu_iq_entries_uop_exc_xcpt_ae_if, i1 %state_issue_alu_iq_entries_uop_exc_xcpt_ma_if, i1 %state_issue_alu_iq_entries_uop_exc_bp_debug_if, i1 %state_issue_alu_iq_entries_uop_exc_bp_xcpt_if, i8 %state_issue_alu_iq_entries_uop_debug_debug_fsrc, i8 %state_issue_alu_iq_entries_uop_debug_debug_tsrc, i32 %state_issue_alu_iq_entries_uop_debug_debug_inst, i64 %state_issue_alu_iq_entries_uop_debug_debug_pc, i64 %state_issue_alu_iq_entries_prs1_data, i64 %state_issue_alu_iq_entries_prs2_data, i64 %state_issue_alu_iq_entries_prs3_data, i3 %state_issue_alu_iq_tail, i8 %state_issue_alu_iq_count" [/home/lab_726/boom/hls_boom/src/boom_core_merged.cpp:758]   --->   Operation 37 'call' 'call_ln758' <Predicate = true> <Delay = 0.00> <CoreType = "Generic">   --->   Core 0 '' <Latency = 0> <II = 1> <Delay = 1.00> <Generic> <Opcode : >
ST_5 : Operation 38 [1/1] (0.00ns)   --->   "%br_ln759 = br void" [/home/lab_726/boom/hls_boom/src/boom_core_merged.cpp:759]   --->   Operation 38 'br' 'br_ln759' <Predicate = true> <Delay = 0.00>

State 6 <SV = 3> <Delay = 1.32>
ST_6 : Operation 39 [1/1] (0.00ns)   --->   "%i_28 = load i2 %i_23" [/home/lab_726/boom/hls_boom/src/boom_core_merged.cpp:759]   --->   Operation 39 'load' 'i_28' <Predicate = true> <Delay = 0.00>
ST_6 : Operation 40 [1/1] (0.44ns)   --->   "%icmp_ln759 = icmp_eq  i2 %i_28, i2 3" [/home/lab_726/boom/hls_boom/src/boom_core_merged.cpp:759]   --->   Operation 40 'icmp' 'icmp_ln759' <Predicate = true> <Delay = 0.44> <CoreInst = "Cmp">   --->   Core 9 'Cmp' <Latency = 0> <II = 1> <Delay = 0.84> <FuncUnit> <Opcode : 'icmp'> <InPorts = 2> <OutPorts = 1>
ST_6 : Operation 41 [1/1] (0.00ns)   --->   "%empty_95 = speclooptripcount i32 @_ssdm_op_SpecLoopTripCount, i64 3, i64 3, i64 3"   --->   Operation 41 'speclooptripcount' 'empty_95' <Predicate = true> <Delay = 0.00>
ST_6 : Operation 42 [1/1] (0.54ns)   --->   "%add_ln759 = add i2 %i_28, i2 1" [/home/lab_726/boom/hls_boom/src/boom_core_merged.cpp:759]   --->   Operation 42 'add' 'add_ln759' <Predicate = true> <Delay = 0.54> <CoreInst = "Adder">   --->   Core 1 'Adder' <Latency = 0> <II = 1> <Delay = 0.54> <FuncUnit> <Opcode : 'add' 'sub'> <InPorts = 2> <OutPorts = 1>
ST_6 : Operation 43 [1/1] (0.00ns)   --->   "%br_ln759 = br i1 %icmp_ln759, void %.split, void" [/home/lab_726/boom/hls_boom/src/boom_core_merged.cpp:759]   --->   Operation 43 'br' 'br_ln759' <Predicate = true> <Delay = 0.00>
ST_6 : Operation 44 [1/1] (0.00ns)   --->   "%specloopname_ln759 = specloopname void @_ssdm_op_SpecLoopName, void @empty_9" [/home/lab_726/boom/hls_boom/src/boom_core_merged.cpp:759]   --->   Operation 44 'specloopname' 'specloopname_ln759' <Predicate = (!icmp_ln759)> <Delay = 0.00>
ST_6 : Operation 45 [1/1] (0.00ns)   --->   "%state_issue_issued_valids_0_load = load i1 %state_issue_issued_valids_0" [/home/lab_726/boom/hls_boom/src/boom_core_merged.cpp:760]   --->   Operation 45 'load' 'state_issue_issued_valids_0_load' <Predicate = (!icmp_ln759)> <Delay = 0.00>
ST_6 : Operation 46 [1/1] (0.47ns)   --->   "%tmp = mux i1 @_ssdm_op_Mux.ap_auto.3i1.i2, i1 %state_issue_issued_valids_0_load, i1 0, i1 0, i2 %i_28" [/home/lab_726/boom/hls_boom/src/boom_core_merged.cpp:760]   --->   Operation 46 'mux' 'tmp' <Predicate = (!icmp_ln759)> <Delay = 0.47> <CoreInst = "Multiplexer">   --->   Core 76 'Multiplexer' <Latency = 0> <II = 1> <Delay = 0.47> <FuncUnit> <Opcode : 'mux'> <InPorts = 2> <OutPorts = 1>
ST_6 : Operation 47 [1/1] (0.00ns)   --->   "%br_ln760 = br i1 %tmp, void %.split._crit_edge, void" [/home/lab_726/boom/hls_boom/src/boom_core_merged.cpp:760]   --->   Operation 47 'br' 'br_ln760' <Predicate = (!icmp_ln759)> <Delay = 0.00>
ST_6 : Operation 48 [1/1] (0.00ns)   --->   "%state_issue_issued_uops_branch_br_mask_0_load = load i8 %state_issue_issued_uops_branch_br_mask_0" [/home/lab_726/boom/hls_boom/src/boom_core_merged.cpp:677]   --->   Operation 48 'load' 'state_issue_issued_uops_branch_br_mask_0_load' <Predicate = (!icmp_ln759 & tmp)> <Delay = 0.00>
ST_6 : Operation 49 [1/1] (0.00ns)   --->   "%state_issue_issued_uops_branch_br_mask_1_load = load i8 %state_issue_issued_uops_branch_br_mask_1" [/home/lab_726/boom/hls_boom/src/boom_core_merged.cpp:677]   --->   Operation 49 'load' 'state_issue_issued_uops_branch_br_mask_1_load' <Predicate = (!icmp_ln759 & tmp)> <Delay = 0.00>
ST_6 : Operation 50 [1/1] (0.00ns)   --->   "%state_issue_issued_uops_branch_br_mask_2_load = load i8 %state_issue_issued_uops_branch_br_mask_2" [/home/lab_726/boom/hls_boom/src/boom_core_merged.cpp:677]   --->   Operation 50 'load' 'state_issue_issued_uops_branch_br_mask_2_load' <Predicate = (!icmp_ln759 & tmp)> <Delay = 0.00>
ST_6 : Operation 51 [1/1] (0.47ns)   --->   "%tmp_s = mux i8 @_ssdm_op_Mux.ap_auto.3i8.i2, i8 %state_issue_issued_uops_branch_br_mask_0_load, i8 %state_issue_issued_uops_branch_br_mask_1_load, i8 %state_issue_issued_uops_branch_br_mask_2_load, i2 %i_28" [/home/lab_726/boom/hls_boom/src/boom_core_merged.cpp:677]   --->   Operation 51 'mux' 'tmp_s' <Predicate = (!icmp_ln759 & tmp)> <Delay = 0.47> <CoreInst = "Multiplexer">   --->   Core 76 'Multiplexer' <Latency = 0> <II = 1> <Delay = 0.47> <FuncUnit> <Opcode : 'mux'> <InPorts = 2> <OutPorts = 1>
ST_6 : Operation 52 [1/1] (0.00ns) (grouped into LUT with out node icmp_ln677_1)   --->   "%and_ln677_1 = and i8 %tmp_s, i8 %mispredict_mask_read" [/home/lab_726/boom/hls_boom/src/boom_core_merged.cpp:677]   --->   Operation 52 'and' 'and_ln677_1' <Predicate = (!icmp_ln759 & tmp)> <Delay = 0.00> <CoreInst = "LogicGate">   --->   Core 74 'LogicGate' <Latency = 0> <II = 1> <Delay = 0.33> <FuncUnit> <Opcode : 'and' 'or' 'xor'> <InPorts = 2> <OutPorts = 1>
ST_6 : Operation 53 [1/1] (0.84ns) (out node of the LUT)   --->   "%icmp_ln677_1 = icmp_eq  i8 %and_ln677_1, i8 0" [/home/lab_726/boom/hls_boom/src/boom_core_merged.cpp:677]   --->   Operation 53 'icmp' 'icmp_ln677_1' <Predicate = (!icmp_ln759 & tmp)> <Delay = 0.84> <CoreInst = "Cmp">   --->   Core 9 'Cmp' <Latency = 0> <II = 1> <Delay = 0.84> <FuncUnit> <Opcode : 'icmp'> <InPorts = 2> <OutPorts = 1>
ST_6 : Operation 54 [1/1] (0.00ns)   --->   "%br_ln760 = br i1 %icmp_ln677_1, void, void %.split._crit_edge" [/home/lab_726/boom/hls_boom/src/boom_core_merged.cpp:760]   --->   Operation 54 'br' 'br_ln760' <Predicate = (!icmp_ln759 & tmp)> <Delay = 0.00>
ST_6 : Operation 55 [1/1] (0.58ns)   --->   "%switch_ln761 = switch i2 %i_28, void %branch2, i2 0, void %branch0, i2 1, void %branch1" [/home/lab_726/boom/hls_boom/src/boom_core_merged.cpp:761]   --->   Operation 55 'switch' 'switch_ln761' <Predicate = (!icmp_ln759 & tmp & !icmp_ln677_1)> <Delay = 0.58>
ST_6 : Operation 56 [1/1] (0.00ns)   --->   "%store_ln762 = store i8 0, i8 %state_issue_issued_uops_branch_br_mask_1" [/home/lab_726/boom/hls_boom/src/boom_core_merged.cpp:762]   --->   Operation 56 'store' 'store_ln762' <Predicate = (!icmp_ln759 & tmp & !icmp_ln677_1 & i_28 == 1)> <Delay = 0.00>
ST_6 : Operation 57 [1/1] (0.00ns)   --->   "%br_ln0 = br void"   --->   Operation 57 'br' 'br_ln0' <Predicate = (!icmp_ln759 & tmp & !icmp_ln677_1 & i_28 == 1)> <Delay = 0.00>
ST_6 : Operation 58 [1/1] (0.00ns)   --->   "%store_ln761 = store i1 0, i1 %state_issue_issued_valids_0" [/home/lab_726/boom/hls_boom/src/boom_core_merged.cpp:761]   --->   Operation 58 'store' 'store_ln761' <Predicate = (!icmp_ln759 & tmp & !icmp_ln677_1 & i_28 == 0)> <Delay = 0.00>
ST_6 : Operation 59 [1/1] (0.00ns)   --->   "%store_ln762 = store i8 0, i8 %state_issue_issued_uops_uopc_0" [/home/lab_726/boom/hls_boom/src/boom_core_merged.cpp:762]   --->   Operation 59 'store' 'store_ln762' <Predicate = (!icmp_ln759 & tmp & !icmp_ln677_1 & i_28 == 0)> <Delay = 0.00>
ST_6 : Operation 60 [1/1] (0.00ns)   --->   "%store_ln762 = store i64 0, i64 %state_issue_issued_uops_debug_pc_0" [/home/lab_726/boom/hls_boom/src/boom_core_merged.cpp:762]   --->   Operation 60 'store' 'store_ln762' <Predicate = (!icmp_ln759 & tmp & !icmp_ln677_1 & i_28 == 0)> <Delay = 0.00>
ST_6 : Operation 61 [1/1] (0.00ns)   --->   "%store_ln762 = store i8 0, i8 %state_issue_issued_uops_ctrl_op1_sel_0" [/home/lab_726/boom/hls_boom/src/boom_core_merged.cpp:762]   --->   Operation 61 'store' 'store_ln762' <Predicate = (!icmp_ln759 & tmp & !icmp_ln677_1 & i_28 == 0)> <Delay = 0.00>
ST_6 : Operation 62 [1/1] (0.00ns)   --->   "%store_ln762 = store i8 0, i8 %state_issue_issued_uops_ctrl_op2_sel_0" [/home/lab_726/boom/hls_boom/src/boom_core_merged.cpp:762]   --->   Operation 62 'store' 'store_ln762' <Predicate = (!icmp_ln759 & tmp & !icmp_ln677_1 & i_28 == 0)> <Delay = 0.00>
ST_6 : Operation 63 [1/1] (0.00ns)   --->   "%store_ln762 = store i1 0, i1 %state_issue_issued_uops_ctrl_is_load_0" [/home/lab_726/boom/hls_boom/src/boom_core_merged.cpp:762]   --->   Operation 63 'store' 'store_ln762' <Predicate = (!icmp_ln759 & tmp & !icmp_ln677_1 & i_28 == 0)> <Delay = 0.00>
ST_6 : Operation 64 [1/1] (0.00ns)   --->   "%store_ln762 = store i1 0, i1 %state_issue_issued_uops_ctrl_is_sta_0" [/home/lab_726/boom/hls_boom/src/boom_core_merged.cpp:762]   --->   Operation 64 'store' 'store_ln762' <Predicate = (!icmp_ln759 & tmp & !icmp_ln677_1 & i_28 == 0)> <Delay = 0.00>
ST_6 : Operation 65 [1/1] (0.00ns)   --->   "%store_ln762 = store i8 0, i8 %state_issue_issued_uops_branch_br_mask_0" [/home/lab_726/boom/hls_boom/src/boom_core_merged.cpp:762]   --->   Operation 65 'store' 'store_ln762' <Predicate = (!icmp_ln759 & tmp & !icmp_ln677_1 & i_28 == 0)> <Delay = 0.00>
ST_6 : Operation 66 [1/1] (0.00ns)   --->   "%store_ln762 = store i8 0, i8 %state_issue_issued_uops_branch_br_tag_0" [/home/lab_726/boom/hls_boom/src/boom_core_merged.cpp:762]   --->   Operation 66 'store' 'store_ln762' <Predicate = (!icmp_ln759 & tmp & !icmp_ln677_1 & i_28 == 0)> <Delay = 0.00>
ST_6 : Operation 67 [1/1] (0.00ns)   --->   "%store_ln762 = store i1 0, i1 %state_issue_issued_uops_branch_is_br_0" [/home/lab_726/boom/hls_boom/src/boom_core_merged.cpp:762]   --->   Operation 67 'store' 'store_ln762' <Predicate = (!icmp_ln759 & tmp & !icmp_ln677_1 & i_28 == 0)> <Delay = 0.00>
ST_6 : Operation 68 [1/1] (0.00ns)   --->   "%store_ln762 = store i1 0, i1 %state_issue_issued_uops_branch_is_jalr_0" [/home/lab_726/boom/hls_boom/src/boom_core_merged.cpp:762]   --->   Operation 68 'store' 'store_ln762' <Predicate = (!icmp_ln759 & tmp & !icmp_ln677_1 & i_28 == 0)> <Delay = 0.00>
ST_6 : Operation 69 [1/1] (0.00ns)   --->   "%store_ln762 = store i1 0, i1 %state_issue_issued_uops_branch_is_jal_0" [/home/lab_726/boom/hls_boom/src/boom_core_merged.cpp:762]   --->   Operation 69 'store' 'store_ln762' <Predicate = (!icmp_ln759 & tmp & !icmp_ln677_1 & i_28 == 0)> <Delay = 0.00>
ST_6 : Operation 70 [1/1] (0.00ns)   --->   "%store_ln762 = store i32 0, i32 %state_issue_issued_uops_imm_packed_0" [/home/lab_726/boom/hls_boom/src/boom_core_merged.cpp:762]   --->   Operation 70 'store' 'store_ln762' <Predicate = (!icmp_ln759 & tmp & !icmp_ln677_1 & i_28 == 0)> <Delay = 0.00>
ST_6 : Operation 71 [1/1] (0.00ns)   --->   "%store_ln762 = store i8 0, i8 %state_issue_issued_uops_queue_rob_idx_0" [/home/lab_726/boom/hls_boom/src/boom_core_merged.cpp:762]   --->   Operation 71 'store' 'store_ln762' <Predicate = (!icmp_ln759 & tmp & !icmp_ln677_1 & i_28 == 0)> <Delay = 0.00>
ST_6 : Operation 72 [1/1] (0.00ns)   --->   "%store_ln762 = store i8 0, i8 %state_issue_issued_uops_rename_pdst_0" [/home/lab_726/boom/hls_boom/src/boom_core_merged.cpp:762]   --->   Operation 72 'store' 'store_ln762' <Predicate = (!icmp_ln759 & tmp & !icmp_ln677_1 & i_28 == 0)> <Delay = 0.00>
ST_6 : Operation 73 [1/1] (0.00ns)   --->   "%store_ln762 = store i8 0, i8 %state_issue_issued_uops_rename_prs1_0" [/home/lab_726/boom/hls_boom/src/boom_core_merged.cpp:762]   --->   Operation 73 'store' 'store_ln762' <Predicate = (!icmp_ln759 & tmp & !icmp_ln677_1 & i_28 == 0)> <Delay = 0.00>
ST_6 : Operation 74 [1/1] (0.00ns)   --->   "%store_ln762 = store i8 0, i8 %state_issue_issued_uops_rename_prs2_0" [/home/lab_726/boom/hls_boom/src/boom_core_merged.cpp:762]   --->   Operation 74 'store' 'store_ln762' <Predicate = (!icmp_ln759 & tmp & !icmp_ln677_1 & i_28 == 0)> <Delay = 0.00>
ST_6 : Operation 75 [1/1] (0.00ns)   --->   "%store_ln762 = store i8 0, i8 %state_issue_issued_uops_rename_dst_rtype_0" [/home/lab_726/boom/hls_boom/src/boom_core_merged.cpp:762]   --->   Operation 75 'store' 'store_ln762' <Predicate = (!icmp_ln759 & tmp & !icmp_ln677_1 & i_28 == 0)> <Delay = 0.00>
ST_6 : Operation 76 [1/1] (0.00ns)   --->   "%store_ln762 = store i1 0, i1 %state_issue_issued_uops_exception_0" [/home/lab_726/boom/hls_boom/src/boom_core_merged.cpp:762]   --->   Operation 76 'store' 'store_ln762' <Predicate = (!icmp_ln759 & tmp & !icmp_ln677_1 & i_28 == 0)> <Delay = 0.00>
ST_6 : Operation 77 [1/1] (0.00ns)   --->   "%store_ln762 = store i8 0, i8 %state_issue_issued_uops_mem_mem_size_0" [/home/lab_726/boom/hls_boom/src/boom_core_merged.cpp:762]   --->   Operation 77 'store' 'store_ln762' <Predicate = (!icmp_ln759 & tmp & !icmp_ln677_1 & i_28 == 0)> <Delay = 0.00>
ST_6 : Operation 78 [1/1] (0.00ns)   --->   "%store_ln762 = store i1 0, i1 %state_issue_issued_uops_mem_mem_signed_0" [/home/lab_726/boom/hls_boom/src/boom_core_merged.cpp:762]   --->   Operation 78 'store' 'store_ln762' <Predicate = (!icmp_ln759 & tmp & !icmp_ln677_1 & i_28 == 0)> <Delay = 0.00>
ST_6 : Operation 79 [1/1] (0.00ns)   --->   "%br_ln0 = br void"   --->   Operation 79 'br' 'br_ln0' <Predicate = (!icmp_ln759 & tmp & !icmp_ln677_1 & i_28 == 0)> <Delay = 0.00>
ST_6 : Operation 80 [1/1] (0.00ns)   --->   "%store_ln762 = store i8 0, i8 %state_issue_issued_uops_branch_br_mask_2" [/home/lab_726/boom/hls_boom/src/boom_core_merged.cpp:762]   --->   Operation 80 'store' 'store_ln762' <Predicate = (!icmp_ln759 & tmp & !icmp_ln677_1 & i_28 != 0 & i_28 != 1)> <Delay = 0.00>
ST_6 : Operation 81 [1/1] (0.00ns)   --->   "%br_ln0 = br void"   --->   Operation 81 'br' 'br_ln0' <Predicate = (!icmp_ln759 & tmp & !icmp_ln677_1 & i_28 != 0 & i_28 != 1)> <Delay = 0.00>
ST_6 : Operation 82 [1/1] (0.00ns)   --->   "%br_ln763 = br void %.split._crit_edge" [/home/lab_726/boom/hls_boom/src/boom_core_merged.cpp:763]   --->   Operation 82 'br' 'br_ln763' <Predicate = (!icmp_ln759 & tmp & !icmp_ln677_1)> <Delay = 0.00>
ST_6 : Operation 83 [1/1] (0.42ns)   --->   "%store_ln759 = store i2 %add_ln759, i2 %i_23" [/home/lab_726/boom/hls_boom/src/boom_core_merged.cpp:759]   --->   Operation 83 'store' 'store_ln759' <Predicate = (!icmp_ln759)> <Delay = 0.42>
ST_6 : Operation 84 [1/1] (0.00ns)   --->   "%br_ln0 = br void"   --->   Operation 84 'br' 'br_ln0' <Predicate = (!icmp_ln759)> <Delay = 0.00>
ST_6 : Operation 85 [1/1] (0.00ns)   --->   "%ret_ln765 = ret" [/home/lab_726/boom/hls_boom/src/boom_core_merged.cpp:765]   --->   Operation 85 'ret' 'ret_ln765' <Predicate = (icmp_ln759)> <Delay = 0.00>


============================================================
+ Verbose Summary: Timing violations
============================================================
Target clock period: 10ns, clock uncertainty: 2.7ns.

 <State 1>: 0.427ns
The critical path consists of the following:
	'alloca' operation ('i') [121]  (0 ns)
	'store' operation ('store_ln751', /home/lab_726/boom/hls_boom/src/boom_core_merged.cpp:751) of constant 0 on local variable 'i' [123]  (0.427 ns)

 <State 2>: 1.15ns
The critical path consists of the following:
	'load' operation ('i', /home/lab_726/boom/hls_boom/src/boom_core_merged.cpp:751) on local variable 'i' [126]  (0 ns)
	'add' operation ('add_ln751', /home/lab_726/boom/hls_boom/src/boom_core_merged.cpp:751) [130]  (0.797 ns)
	blocking operation 0.351 ns on control path)

 <State 3>: 0.677ns
The critical path consists of the following:
	'getelementptr' operation ('uop.branch.br_mask', /home/lab_726/boom/hls_boom/src/boom_core_merged.cpp:753) [138]  (0 ns)
	'load' operation ('uop_branch_br_mask_load', /home/lab_726/boom/hls_boom/src/boom_core_merged.cpp:677) on array 'state_issue_alu_iq_entries_uop_branch_br_mask' [139]  (0.677 ns)

 <State 4>: 2.2ns
The critical path consists of the following:
	'load' operation ('uop_branch_br_mask_load', /home/lab_726/boom/hls_boom/src/boom_core_merged.cpp:677) on array 'state_issue_alu_iq_entries_uop_branch_br_mask' [139]  (0.677 ns)
	'and' operation ('and_ln677', /home/lab_726/boom/hls_boom/src/boom_core_merged.cpp:677) [140]  (0 ns)
	'icmp' operation ('icmp_ln677', /home/lab_726/boom/hls_boom/src/boom_core_merged.cpp:677) [141]  (0.849 ns)
	blocking operation 0.677 ns on control path)

 <State 5>: 0ns
The critical path consists of the following:

 <State 6>: 1.32ns
The critical path consists of the following:
	'load' operation ('i', /home/lab_726/boom/hls_boom/src/boom_core_merged.cpp:759) on local variable 'i' [157]  (0 ns)
	'mux' operation ('tmp_s', /home/lab_726/boom/hls_boom/src/boom_core_merged.cpp:677) [171]  (0.476 ns)
	'and' operation ('and_ln677_1', /home/lab_726/boom/hls_boom/src/boom_core_merged.cpp:677) [172]  (0 ns)
	'icmp' operation ('icmp_ln677_1', /home/lab_726/boom/hls_boom/src/boom_core_merged.cpp:677) [173]  (0.849 ns)


============================================================
+ Verbose Summary: Binding
============================================================
N/A
* FSMD analyzer results:
  - Output states:
 - Input state : 
  - Chain level:
	State 1
	State 2
	State 3
	State 4
	State 5
	State 6


============================================================
+ Verbose Summary: Datapath Resource usage 
============================================================
N/A
