
****** xsim v2021.2 (64-bit)
  **** SW Build 3367213 on Tue Oct 19 02:47:39 MDT 2021
  **** IP Build 3369179 on Thu Oct 21 08:25:16 MDT 2021
    ** Copyright 1986-2021 Xilinx, Inc. All Rights Reserved.

source xsim.dir/gate3_8_snapshot/xsim_script.tcl
# xsim {gate3_8_snapshot} -testplusarg PROGRAM=/home/lab_726/boom/hls_boom/build/gate3_8/xsim/independent_alu.readmemh -testplusarg PROGRAM_NAME=independent_alu -testplusarg SCENARIO=R0_POWER_ON_RESET -testplusarg MAX_CYCLES=40000 -testplusarg TRACE=/home/lab_726/boom/hls_boom/reference/rtl_traces/independent_alu_R0_POWER_ON_RESET.jsonl -autoloadwcfg -runall -onerror quit
Time resolution is 1 ps
run -all
WARNING: Too many words specified in data file ./boom_core_top_boom_core_cycle_io_state_execute_alu_results_valid_RAM_AUTO_1R1W.dat
WARNING: Too many words specified in data file ./boom_core_top_boom_core_cycle_io_state_execute_alu_results_uop_branch_br_mask_RAM_AUTO_1R1W.dat
WARNING: Too many words specified in data file ./boom_core_top_boom_core_cycle_io_state_execute_alu_results_uop_branch_br_mask_RAM_AUTO_1R1W.dat
WARNING: Too many words specified in data file ./boom_core_top_boom_core_cycle_io_state_execute_alu_results_uop_inst_RAM_AUTO_1R1W.dat
WARNING: Too many words specified in data file ./boom_core_top_boom_core_cycle_io_state_execute_alu_results_uop_inst_RAM_AUTO_1R1W.dat
WARNING: Too many words specified in data file ./boom_core_top_boom_core_cycle_io_state_execute_alu_results_valid_RAM_AUTO_1R1W.dat
WARNING: Too many words specified in data file ./boom_core_top_boom_core_cycle_io_state_execute_alu_results_uop_debug_pc_RAM_AUTO_1R1W.dat
WARNING: Too many words specified in data file ./boom_core_top_boom_core_cycle_io_state_execute_alu_results_uop_branch_br_mask_RAM_AUTO_1R1W.dat
WARNING: Too many words specified in data file ./boom_core_top_boom_core_cycle_io_state_execute_alu_results_uop_branch_br_mask_RAM_AUTO_1R1W.dat
WARNING: Too many words specified in data file ./boom_core_top_boom_core_cycle_io_state_execute_alu_results_uop_branch_br_mask_RAM_AUTO_1R1W.dat
WARNING: Too many words specified in data file ./boom_core_top_boom_core_cycle_io_state_execute_alu_results_uop_branch_br_mask_RAM_AUTO_1R1W.dat
WARNING: Too many words specified in data file ./boom_core_top_boom_core_cycle_io_state_execute_alu_results_uop_branch_br_mask_RAM_AUTO_1R1W.dat
WARNING: Too many words specified in data file ./boom_core_top_boom_core_cycle_io_state_execute_alu_results_uop_branch_br_mask_RAM_AUTO_1R1W.dat
WARNING: Too many words specified in data file ./boom_core_top_boom_core_cycle_io_state_execute_alu_results_uop_branch_br_mask_RAM_AUTO_1R1W.dat
WARNING: Too many words specified in data file ./boom_core_top_boom_core_cycle_io_state_execute_alu_results_uop_branch_br_mask_RAM_AUTO_1R1W.dat
WARNING: Too many words specified in data file ./boom_core_top_boom_core_cycle_io_state_execute_alu_results_uop_branch_br_mask_RAM_AUTO_1R1W.dat
WARNING: Too many words specified in data file ./boom_core_top_boom_core_cycle_io_state_execute_alu_results_valid_RAM_AUTO_1R1W.dat
WARNING: Too many words specified in data file ./boom_core_top_boom_core_cycle_io_state_execute_alu_results_valid_RAM_AUTO_1R1W.dat
WARNING: Too many words specified in data file ./boom_core_top_boom_core_cycle_io_state_execute_alu_results_valid_RAM_AUTO_1R1W.dat
WARNING: Too many words specified in data file ./boom_core_top_boom_core_cycle_io_state_execute_alu_results_uop_branch_br_mask_RAM_AUTO_1R1W.dat
WARNING: Too many words specified in data file ./boom_core_top_boom_core_cycle_io_state_execute_alu_results_valid_RAM_AUTO_1R1W.dat
WARNING: Too many words specified in data file ./boom_core_top_boom_core_cycle_io_state_execute_alu_results_valid_RAM_AUTO_1R1W.dat
WARNING: Too many words specified in data file ./boom_core_top_boom_core_cycle_io_state_execute_alu_results_uop_branch_br_mask_RAM_AUTO_1R1W.dat
WARNING: Too many words specified in data file ./boom_core_top_boom_core_cycle_io_state_execute_alu_results_uop_branch_br_mask_RAM_AUTO_1R1W.dat
WARNING: Too many words specified in data file ./boom_core_top_boom_core_cycle_io_state_execute_alu_results_uop_branch_br_mask_RAM_AUTO_1R1W.dat
WARNING: Too many words specified in data file ./boom_core_top_boom_core_cycle_io_state_execute_alu_results_valid_RAM_AUTO_1R1W.dat
WARNING: Too many words specified in data file ./boom_core_top_boom_core_cycle_io_state_execute_alu_results_valid_RAM_AUTO_1R1W.dat
WARNING: Too many words specified in data file ./boom_core_top_boom_core_cycle_io_state_execute_alu_results_valid_RAM_AUTO_1R1W.dat
WARNING: Too many words specified in data file ./boom_core_top_boom_core_cycle_io_state_execute_alu_results_valid_RAM_AUTO_1R1W.dat
WARNING: Too many words specified in data file ./boom_core_top_boom_core_cycle_io_state_execute_alu_results_valid_RAM_AUTO_1R1W.dat
WARNING: Too many words specified in data file ./boom_core_top_boom_core_cycle_io_state_execute_alu_results_valid_RAM_AUTO_1R1W.dat
WARNING: Too many words specified in data file ./boom_core_top_boom_core_cycle_io_state_execute_alu_results_uop_inst_RAM_AUTO_1R1W.dat
WARNING: Too many words specified in data file ./boom_core_top_boom_core_cycle_io_state_execute_alu_results_uop_csr_addr_RAM_AUTO_1R1W.dat
WARNING: Too many words specified in data file ./boom_core_top_boom_core_cycle_io_state_execute_alu_results_uop_branch_br_mask_RAM_AUTO_1R1W.dat
WARNING: Too many words specified in data file ./boom_core_top_boom_core_cycle_io_state_execute_alu_results_uop_branch_br_mask_RAM_AUTO_1R1W.dat
WARNING: Too many words specified in data file ./boom_core_top_boom_core_cycle_io_state_execute_alu_results_uop_branch_br_mask_RAM_AUTO_1R1W.dat
WARNING: Too many words specified in data file ./boom_core_top_boom_core_cycle_io_state_execute_alu_results_uop_branch_br_mask_RAM_AUTO_1R1W.dat
WARNING: Too many words specified in data file ./boom_core_top_boom_core_cycle_io_state_execute_alu_results_uop_branch_br_mask_RAM_AUTO_1R1W.dat
WARNING: Too many words specified in data file ./boom_core_top_boom_core_cycle_io_state_execute_alu_results_uop_branch_br_mask_RAM_AUTO_1R1W.dat
WARNING: Too many words specified in data file ./boom_core_top_boom_core_cycle_io_state_execute_alu_results_uop_branch_br_mask_RAM_AUTO_1R1W.dat
WARNING: Too many words specified in data file ./boom_core_top_boom_core_cycle_io_state_execute_alu_results_uop_branch_br_mask_RAM_AUTO_1R1W.dat
WARNING: Too many words specified in data file ./boom_core_top_boom_core_cycle_io_state_execute_alu_results_uop_branch_br_mask_RAM_AUTO_1R1W.dat
WARNING: Too many words specified in data file ./boom_core_top_boom_core_cycle_io_state_execute_alu_results_uop_branch_br_mask_RAM_AUTO_1R1W.dat
WARNING: Too many words specified in data file ./boom_core_top_boom_core_cycle_io_state_execute_alu_results_uop_branch_br_mask_RAM_AUTO_1R1W.dat
WARNING: Too many words specified in data file ./boom_core_top_boom_core_cycle_io_state_execute_alu_results_uop_branch_br_mask_RAM_AUTO_1R1W.dat
WARNING: Too many words specified in data file ./boom_core_top_boom_core_cycle_io_state_execute_alu_results_uop_branch_br_mask_RAM_AUTO_1R1W.dat
WARNING: Too many words specified in data file ./boom_core_top_boom_core_cycle_io_state_execute_alu_results_valid_RAM_AUTO_1R1W.dat
WARNING: Too many words specified in data file ./boom_core_top_boom_core_cycle_io_state_execute_alu_results_valid_RAM_AUTO_1R1W.dat
WARNING: Too many words specified in data file ./boom_core_top_boom_core_cycle_io_state_execute_alu_results_valid_RAM_AUTO_1R1W.dat
WARNING: Too many words specified in data file ./boom_core_top_boom_core_cycle_io_state_execute_alu_results_valid_RAM_AUTO_1R1W.dat
WARNING: Too many words specified in data file ./boom_core_top_boom_core_cycle_io_state_execute_alu_results_uop_branch_br_mask_RAM_AUTO_1R1W.dat
WARNING: Too many words specified in data file ./boom_core_top_boom_core_cycle_io_state_execute_alu_results_uop_branch_br_mask_RAM_AUTO_1R1W.dat
WARNING: Too many words specified in data file ./boom_core_top_boom_core_cycle_io_state_execute_alu_results_uop_branch_br_mask_RAM_AUTO_1R1W.dat
WARNING: Too many words specified in data file ./boom_core_top_boom_core_cycle_io_state_execute_alu_results_uop_branch_br_mask_RAM_AUTO_1R1W.dat
WARNING: Too many words specified in data file ./boom_core_top_boom_core_cycle_io_state_execute_alu_results_valid_RAM_AUTO_1R1W.dat
WARNING: Too many words specified in data file ./boom_core_top_boom_core_cycle_io_state_execute_alu_results_valid_RAM_AUTO_1R1W.dat
WARNING: Too many words specified in data file ./boom_core_top_boom_core_cycle_io_state_execute_alu_results_valid_RAM_AUTO_1R1W.dat
WARNING: Too many words specified in data file ./boom_core_top_boom_core_cycle_io_state_execute_alu_results_valid_RAM_AUTO_1R1W.dat
WARNING: Too many words specified in data file ./boom_core_top_boom_core_cycle_io_state_execute_alu_results_uop_debug_pc_RAM_AUTO_1R1W.dat
WARNING: Too many words specified in data file ./boom_core_top_boom_core_cycle_io_state_execute_alu_results_valid_RAM_AUTO_1R1W.dat
WARNING: Too many words specified in data file ./boom_core_top_boom_core_cycle_io_state_execute_alu_results_uop_branch_br_mask_RAM_AUTO_1R1W.dat
WARNING: Too many words specified in data file ./boom_core_top_boom_core_cycle_io_state_execute_alu_results_uop_branch_br_mask_RAM_AUTO_1R1W.dat
WARNING: Too many words specified in data file ./boom_core_top_boom_core_cycle_io_state_execute_alu_results_valid_RAM_AUTO_1R1W.dat
WARNING: Too many words specified in data file ./boom_core_top_boom_core_cycle_io_state_execute_alu_results_valid_RAM_AUTO_1R1W.dat
WARNING: Too many words specified in data file ./boom_core_top_boom_core_cycle_io_state_execute_alu_results_valid_RAM_AUTO_1R1W.dat
WARNING: Too many words specified in data file ./boom_core_top_boom_core_cycle_io_state_execute_alu_results_valid_RAM_AUTO_1R1W.dat
WARNING: Too many words specified in data file ./boom_core_top_boom_core_cycle_io_state_execute_alu_results_valid_RAM_AUTO_1R1W.dat
WARNING: Too many words specified in data file ./boom_core_top_boom_core_cycle_io_state_execute_alu_results_valid_RAM_AUTO_1R1W.dat
WARNING: Too many words specified in data file ./boom_core_top_boom_core_cycle_io_state_execute_alu_results_valid_RAM_AUTO_1R1W.dat
WARNING: Too many words specified in data file ./boom_core_top_boom_core_cycle_io_state_execute_alu_results_valid_RAM_AUTO_1R1W.dat
WARNING: Too many words specified in data file ./boom_core_top_boom_core_cycle_io_state_execute_alu_results_valid_RAM_AUTO_1R1W.dat
WARNING: Too many words specified in data file ./boom_core_top_boom_core_cycle_io_state_execute_alu_results_valid_RAM_AUTO_1R1W.dat
WARNING: Too many words specified in data file ./boom_core_top_boom_core_cycle_io_state_execute_alu_results_valid_RAM_AUTO_1R1W.dat
WARNING: Too many words specified in data file ./boom_core_top_boom_core_cycle_io_state_execute_alu_results_valid_RAM_AUTO_1R1W.dat
WARNING: Too many words specified in data file ./boom_core_top_boom_core_cycle_io_state_execute_alu_results_uop_debug_pc_RAM_AUTO_1R1W.dat
WARNING: Too many words specified in data file ./boom_core_top_boom_core_cycle_io_state_execute_alu_results_valid_RAM_AUTO_1R1W.dat
WARNING: Too many words specified in data file ./boom_core_top_boom_core_cycle_io_state_execute_alu_results_valid_RAM_AUTO_1R1W.dat
WARNING: Too many words specified in data file ./boom_core_top_boom_core_cycle_io_state_execute_alu_results_valid_RAM_AUTO_1R1W.dat
WARNING: Too many words specified in data file ./boom_core_top_boom_core_cycle_io_state_execute_alu_results_valid_RAM_AUTO_1R1W.dat
WARNING: Too many words specified in data file ./boom_core_top_boom_core_cycle_io_state_execute_alu_results_valid_RAM_AUTO_1R1W.dat
WARNING: Too many words specified in data file ./boom_core_top_boom_core_cycle_io_state_execute_alu_results_uop_branch_br_mask_RAM_AUTO_1R1W.dat
WARNING: Too many words specified in data file ./boom_core_top_boom_core_cycle_io_state_execute_alu_results_uop_branch_br_mask_RAM_AUTO_1R1W.dat
WARNING: Too many words specified in data file ./boom_core_top_boom_core_cycle_io_state_execute_alu_results_uop_inst_RAM_AUTO_1R1W.dat
WARNING: Too many words specified in data file ./boom_core_top_boom_core_cycle_io_state_execute_alu_results_uop_debug_pc_RAM_AUTO_1R1W.dat
WARNING: Too many words specified in data file ./boom_core_top_boom_core_cycle_io_state_execute_alu_results_uop_debug_pc_RAM_AUTO_1R1W.dat
WARNING: Too many words specified in data file ./boom_core_top_boom_core_cycle_io_state_execute_alu_results_valid_RAM_AUTO_1R1W.dat
WARNING: Too many words specified in data file ./boom_core_top_boom_core_cycle_io_state_execute_alu_results_exc_cause_RAM_AUTO_0R0W.dat
WARNING: Too many words specified in data file ./boom_core_top_boom_core_cycle_io_state_execute_alu_results_valid_RAM_AUTO_1R1W.dat
WARNING: Too many words specified in data file ./boom_core_top_boom_core_cycle_io_state_execute_alu_results_uop_debug_pc_RAM_AUTO_1R1W.dat
WARNING: Too many words specified in data file ./boom_core_top_boom_core_cycle_io_state_execute_alu_results_valid_RAM_AUTO_1R1W.dat
WARNING: Too many words specified in data file ./boom_core_top_boom_core_cycle_io_state_execute_alu_results_valid_RAM_AUTO_1R1W.dat
WARNING: Too many words specified in data file ./boom_core_top_boom_core_cycle_io_state_execute_alu_results_valid_RAM_AUTO_1R1W.dat
WARNING: Too many words specified in data file ./boom_core_top_boom_core_cycle_io_state_execute_alu_results_valid_RAM_AUTO_1R1W.dat
WARNING: Too many words specified in data file ./boom_core_top_boom_core_cycle_io_state_execute_alu_results_uop_debug_pc_RAM_AUTO_1R1W.dat
WARNING: Too many words specified in data file ./boom_core_top_boom_core_cycle_io_state_execute_alu_results_uop_debug_pc_RAM_AUTO_1R1W.dat
WARNING: Too many words specified in data file ./boom_core_top_boom_core_cycle_io_state_execute_alu_results_memory_mask_RAM_AUTO_1R1W.dat
WARNING: Too many words specified in data file ./boom_core_top_boom_core_cycle_io_state_execute_alu_results_uop_branch_br_mask_RAM_AUTO_1R1W.dat
WARNING: Too many words specified in data file ./boom_core_top_boom_core_cycle_io_state_execute_alu_results_uop_branch_br_mask_RAM_AUTO_1R1W.dat
WARNING: Too many words specified in data file ./boom_core_top_boom_core_cycle_io_state_execute_alu_results_uop_branch_br_mask_RAM_AUTO_1R1W.dat
WARNING: Too many words specified in data file ./boom_core_top_boom_core_cycle_io_state_execute_alu_results_valid_RAM_AUTO_1R1W.dat
WARNING: Too many words specified in data file ./boom_core_top_boom_core_cycle_io_state_execute_alu_results_uop_branch_br_mask_RAM_AUTO_1R1W.dat
WARNING: Too many words specified in data file ./boom_core_top_boom_core_cycle_io_state_execute_alu_results_uop_inst_RAM_AUTO_1R1W.dat
WARNING: Too many words specified in data file ./boom_core_top_boom_core_cycle_io_state_execute_alu_results_valid_RAM_AUTO_1R1W.dat
WARNING: Too many words specified in data file ./boom_core_top_boom_core_cycle_io_state_execute_alu_results_valid_RAM_AUTO_1R1W.dat
WARNING: Too many words specified in data file ./boom_core_top_boom_core_cycle_io_state_execute_alu_results_uop_debug_pc_RAM_AUTO_1R1W.dat
WARNING: Too many words specified in data file ./boom_core_top_boom_core_cycle_io_state_execute_alu_results_valid_RAM_AUTO_1R1W.dat
WARNING: Too many words specified in data file ./boom_core_top_boom_core_cycle_io_state_decode_dec_uops_fu_code_RAM_AUTO_1R1W.dat
WARNING: Too many words specified in data file ./boom_core_top_boom_core_cycle_io_state_decode_dec_uops_ctrl_br_type_RAM_AUTO_1R1W.dat
WARNING: Too many words specified in data file ./boom_core_top_boom_core_cycle_io_state_decode_dec_uops_ctrl_op1_sel_RAM_AUTO_1R1W.dat
WARNING: Too many words specified in data file ./boom_core_top_boom_core_cycle_io_state_decode_dec_uops_ctrl_op1_sel_RAM_AUTO_1R1W.dat
WARNING: Too many words specified in data file ./boom_core_top_boom_core_cycle_io_state_execute_alu_results_valid_RAM_AUTO_1R1W.dat
WARNING: Too many words specified in data file ./boom_core_top_boom_core_cycle_io_state_execute_alu_results_valid_RAM_AUTO_1R1W.dat
WARNING: Too many words specified in data file ./boom_core_top_boom_core_cycle_io_state_execute_alu_results_valid_RAM_AUTO_1R1W.dat
WARNING: Too many words specified in data file ./boom_core_top_boom_core_cycle_io_state_decode_dec_uops_fu_code_RAM_AUTO_1R1W.dat
WARNING: Too many words specified in data file ./boom_core_top_boom_core_cycle_io_state_execute_alu_results_valid_RAM_AUTO_1R1W.dat
WARNING: Too many words specified in data file ./boom_core_top_boom_core_cycle_io_state_execute_alu_results_valid_RAM_AUTO_1R1W.dat
WARNING: Too many words specified in data file ./boom_core_top_boom_core_cycle_io_state_execute_alu_results_valid_RAM_AUTO_1R1W.dat
WARNING: Too many words specified in data file ./boom_core_top_boom_core_cycle_io_state_execute_alu_results_valid_RAM_AUTO_1R1W.dat
WARNING: Too many words specified in data file ./boom_core_top_boom_core_cycle_io_state_execute_alu_results_valid_RAM_AUTO_1R1W.dat
WARNING: Too many words specified in data file ./boom_core_top_boom_core_cycle_io_state_execute_alu_results_valid_RAM_AUTO_1R1W.dat
WARNING: Too many words specified in data file ./boom_core_top_boom_core_cycle_io_state_execute_alu_results_valid_RAM_AUTO_1R1W.dat
WARNING: Too many words specified in data file ./boom_core_top_boom_core_cycle_io_state_execute_alu_results_valid_RAM_AUTO_1R1W.dat
WARNING: Too many words specified in data file ./boom_core_top_boom_core_cycle_io_state_decode_dec_uops_branch_pc_lob_RAM_AUTO_1R1W.dat
WARNING: Too many words specified in data file ./boom_core_top_boom_core_cycle_io_state_execute_alu_results_valid_RAM_AUTO_1R1W.dat
WARNING: Too many words specified in data file ./boom_core_top_boom_core_cycle_io_state_execute_alu_results_valid_RAM_AUTO_1R1W.dat
WARNING: Too many words specified in data file ./boom_core_top_boom_core_cycle_io_state_execute_alu_results_valid_RAM_AUTO_1R1W.dat
WARNING: Too many words specified in data file ./boom_core_top_boom_core_cycle_io_state_execute_alu_results_valid_RAM_AUTO_1R1W.dat
WARNING: Too many words specified in data file ./boom_core_top_boom_core_cycle_io_state_execute_alu_results_valid_RAM_AUTO_1R1W.dat
WARNING: Too many words specified in data file ./boom_core_top_boom_core_cycle_io_state_execute_alu_results_valid_RAM_AUTO_1R1W.dat
WARNING: Too many words specified in data file ./boom_core_top_boom_core_cycle_io_state_execute_alu_results_uop_inst_RAM_AUTO_1R1W.dat
WARNING: Too many words specified in data file ./boom_core_top_boom_core_cycle_io_state_decode_dec_uops_csr_addr_RAM_AUTO_1R1W.dat
WARNING: Too many words specified in data file ./boom_core_top_boom_core_cycle_io_state_execute_alu_results_valid_RAM_AUTO_1R1W.dat
WARNING: Too many words specified in data file ./boom_core_top_boom_core_cycle_io_state_execute_alu_results_valid_RAM_AUTO_1R1W.dat
WARNING: Too many words specified in data file ./boom_core_top_boom_core_cycle_io_state_execute_alu_results_valid_RAM_AUTO_1R1W.dat
WARNING: Too many words specified in data file ./boom_core_top_boom_core_cycle_io_state_execute_alu_results_valid_RAM_AUTO_1R1W.dat
WARNING: Too many words specified in data file ./boom_core_top_boom_core_cycle_io_state_execute_alu_results_memory_mask_RAM_AUTO_1R1W.dat
WARNING: Too many words specified in data file ./boom_core_top_boom_core_cycle_io_state_execute_alu_results_memory_mask_RAM_AUTO_1R1W.dat
WARNING: Too many words specified in data file ./boom_core_top_boom_core_cycle_io_state_execute_alu_results_memory_mask_RAM_AUTO_1R1W.dat
WARNING: Too many words specified in data file ./boom_core_top_boom_core_cycle_io_state_execute_alu_results_valid_RAM_AUTO_1R1W.dat
WARNING: Too many words specified in data file ./boom_core_top_boom_core_cycle_io_state_decode_dec_uops_rename_pdst_RAM_AUTO_0R0W.dat
WARNING: Too many words specified in data file ./boom_core_top_boom_core_cycle_io_state_decode_dec_uops_rename_pdst_RAM_AUTO_0R0W.dat
WARNING: Too many words specified in data file ./boom_core_top_boom_core_cycle_io_state_decode_dec_uops_rename_pdst_RAM_AUTO_0R0W.dat
WARNING: Too many words specified in data file ./boom_core_top_boom_core_cycle_io_state_execute_alu_results_valid_RAM_AUTO_1R1W.dat
WARNING: Too many words specified in data file ./boom_core_top_boom_core_cycle_io_state_execute_alu_results_valid_RAM_AUTO_1R1W.dat
WARNING: Too many words specified in data file ./boom_core_top_boom_core_cycle_io_state_decode_dec_uops_rename_pdst_RAM_AUTO_0R0W.dat
WARNING: Too many words specified in data file ./boom_core_top_boom_core_cycle_io_state_decode_dec_uops_rename_pdst_RAM_AUTO_0R0W.dat
WARNING: Too many words specified in data file ./boom_core_top_boom_core_cycle_io_state_execute_alu_results_valid_RAM_AUTO_1R1W.dat
WARNING: Too many words specified in data file ./boom_core_top_boom_core_cycle_io_state_execute_alu_results_valid_RAM_AUTO_1R1W.dat
WARNING: Too many words specified in data file ./boom_core_top_boom_core_cycle_io_state_decode_dec_uops_rename_pdst_RAM_AUTO_0R0W.dat
WARNING: Too many words specified in data file ./boom_core_top_boom_core_cycle_io_state_decode_dec_uops_ctrl_op1_sel_RAM_AUTO_1R1W.dat
WARNING: Too many words specified in data file ./boom_core_top_boom_core_cycle_io_state_execute_alu_results_valid_RAM_AUTO_1R1W.dat
WARNING: Too many words specified in data file ./boom_core_top_boom_core_cycle_io_state_execute_alu_results_valid_RAM_AUTO_1R1W.dat
WARNING: Too many words specified in data file ./boom_core_top_boom_core_cycle_io_state_execute_alu_results_valid_RAM_AUTO_1R1W.dat
WARNING: Too many words specified in data file ./boom_core_top_boom_core_cycle_io_state_execute_alu_results_valid_RAM_AUTO_1R1W.dat
WARNING: Too many words specified in data file ./boom_core_top_boom_core_cycle_io_state_execute_alu_results_valid_RAM_AUTO_1R1W.dat
WARNING: Too many words specified in data file ./boom_core_top_boom_core_cycle_io_state_execute_alu_results_valid_RAM_AUTO_1R1W.dat
WARNING: Too many words specified in data file ./boom_core_top_boom_core_cycle_io_state_decode_dec_uops_ctrl_br_type_RAM_AUTO_1R1W.dat
WARNING: Too many words specified in data file ./boom_core_top_boom_core_cycle_io_state_execute_alu_results_valid_RAM_AUTO_1R1W.dat
WARNING: Too many words specified in data file ./boom_core_top_boom_core_cycle_io_state_execute_alu_results_valid_RAM_AUTO_1R1W.dat
WARNING: Too many words specified in data file ./boom_core_top_boom_core_cycle_io_state_decode_dec_uops_ctrl_op1_sel_RAM_AUTO_1R1W.dat
WARNING: Too many words specified in data file ./boom_core_top_boom_core_cycle_io_state_execute_alu_results_valid_RAM_AUTO_1R1W.dat
WARNING: Too many words specified in data file ./boom_core_top_boom_core_cycle_io_state_execute_alu_results_valid_RAM_AUTO_1R1W.dat
WARNING: Too many words specified in data file ./boom_core_top_boom_core_cycle_io_state_execute_alu_results_valid_RAM_AUTO_1R1W.dat
WARNING: Too many words specified in data file ./boom_core_top_boom_core_cycle_io_state_execute_alu_results_valid_RAM_AUTO_1R1W.dat
WARNING: Too many words specified in data file ./boom_core_top_boom_core_cycle_io_state_execute_alu_results_valid_RAM_AUTO_1R1W.dat
WARNING: Too many words specified in data file ./boom_core_top_boom_core_cycle_io_state_execute_alu_results_valid_RAM_AUTO_1R1W.dat
WARNING: Too many words specified in data file ./boom_core_top_boom_core_cycle_io_state_execute_alu_results_valid_RAM_AUTO_1R1W.dat
WARNING: Too many words specified in data file ./boom_core_top_boom_core_cycle_io_state_execute_alu_results_valid_RAM_AUTO_1R1W.dat
WARNING: Too many words specified in data file ./boom_core_top_boom_core_cycle_io_state_execute_alu_results_valid_RAM_AUTO_1R1W.dat
WARNING: Too many words specified in data file ./boom_core_top_boom_core_cycle_io_state_execute_alu_results_valid_RAM_AUTO_1R1W.dat
WARNING: Too many words specified in data file ./boom_core_top_boom_core_cycle_io_state_execute_alu_results_valid_RAM_AUTO_1R1W.dat
WARNING: Too many words specified in data file ./boom_core_top_boom_core_cycle_io_state_execute_alu_results_valid_RAM_AUTO_1R1W.dat
WARNING: Too many words specified in data file ./boom_core_top_boom_core_cycle_io_state_execute_alu_results_valid_RAM_AUTO_1R1W.dat
WARNING: Too many words specified in data file ./boom_core_top_boom_core_cycle_io_state_execute_alu_results_valid_RAM_AUTO_1R1W.dat
WARNING: Too many words specified in data file ./boom_core_top_boom_core_cycle_io_state_execute_alu_results_valid_RAM_AUTO_1R1W.dat
WARNING: Too many words specified in data file ./boom_core_top_boom_core_cycle_io_state_execute_alu_results_valid_RAM_AUTO_1R1W.dat
WARNING: Too many words specified in data file ./boom_core_top_boom_core_cycle_io_state_execute_alu_results_valid_RAM_AUTO_1R1W.dat
WARNING: Too many words specified in data file ./boom_core_top_boom_core_cycle_io_state_execute_alu_results_valid_RAM_AUTO_1R1W.dat
WARNING: Too many words specified in data file ./boom_core_top_boom_core_cycle_io_state_execute_alu_results_valid_RAM_AUTO_1R1W.dat
WARNING: Too many words specified in data file ./boom_core_top_boom_core_cycle_io_state_execute_alu_results_valid_RAM_AUTO_1R1W.dat
WARNING: Too many words specified in data file ./boom_core_top_boom_core_cycle_io_state_execute_alu_results_valid_RAM_AUTO_1R1W.dat
WARNING: Too many words specified in data file ./boom_core_top_boom_core_cycle_io_state_execute_alu_results_valid_RAM_AUTO_1R1W.dat
WARNING: Too many words specified in data file ./boom_core_top_boom_core_cycle_io_state_execute_alu_results_valid_RAM_AUTO_1R1W.dat
WARNING: Too many words specified in data file ./boom_core_top_boom_core_cycle_io_state_execute_alu_results_uop_branch_br_mask_RAM_AUTO_1R1W.dat
WARNING: Too many words specified in data file ./boom_core_top_boom_core_cycle_io_state_execute_alu_results_uop_inst_RAM_AUTO_1R1W.dat
WARNING: Too many words specified in data file ./boom_core_top_boom_core_cycle_io_state_execute_alu_results_valid_RAM_AUTO_1R1W.dat
WARNING: Too many words specified in data file ./boom_core_top_boom_core_cycle_io_state_execute_alu_results_valid_RAM_AUTO_1R1W.dat
WARNING: Too many words specified in data file ./boom_core_top_boom_core_cycle_io_state_execute_alu_results_uop_debug_pc_RAM_AUTO_1R1W.dat
WARNING: Too many words specified in data file ./boom_core_top_boom_core_cycle_io_state_execute_alu_results_valid_RAM_AUTO_1R1W.dat
WARNING: Too many words specified in data file ./boom_core_top_boom_core_cycle_io_state_decode_dec_uops_fu_code_RAM_AUTO_1R1W.dat
WARNING: Too many words specified in data file ./boom_core_top_boom_core_cycle_io_state_decode_dec_uops_ctrl_br_type_RAM_AUTO_1R1W.dat
WARNING: Too many words specified in data file ./boom_core_top_boom_core_cycle_io_state_decode_dec_uops_ctrl_op1_sel_RAM_AUTO_1R1W.dat
WARNING: Too many words specified in data file ./boom_core_top_boom_core_cycle_io_state_decode_dec_uops_ctrl_op1_sel_RAM_AUTO_1R1W.dat
WARNING: Too many words specified in data file ./boom_core_top_boom_core_cycle_io_state_execute_alu_results_valid_RAM_AUTO_1R1W.dat
WARNING: Too many words specified in data file ./boom_core_top_boom_core_cycle_io_state_execute_alu_results_valid_RAM_AUTO_1R1W.dat
WARNING: Too many words specified in data file ./boom_core_top_boom_core_cycle_io_state_execute_alu_results_valid_RAM_AUTO_1R1W.dat
WARNING: Too many words specified in data file ./boom_core_top_boom_core_cycle_io_state_decode_dec_uops_fu_code_RAM_AUTO_1R1W.dat
WARNING: Too many words specified in data file ./boom_core_top_boom_core_cycle_io_state_execute_alu_results_valid_RAM_AUTO_1R1W.dat
WARNING: Too many words specified in data file ./boom_core_top_boom_core_cycle_io_state_execute_alu_results_valid_RAM_AUTO_1R1W.dat
WARNING: Too many words specified in data file ./boom_core_top_boom_core_cycle_io_state_execute_alu_results_valid_RAM_AUTO_1R1W.dat
WARNING: Too many words specified in data file ./boom_core_top_boom_core_cycle_io_state_execute_alu_results_valid_RAM_AUTO_1R1W.dat
WARNING: Too many words specified in data file ./boom_core_top_boom_core_cycle_io_state_execute_alu_results_valid_RAM_AUTO_1R1W.dat
WARNING: Too many words specified in data file ./boom_core_top_boom_core_cycle_io_state_execute_alu_results_valid_RAM_AUTO_1R1W.dat
WARNING: Too many words specified in data file ./boom_core_top_boom_core_cycle_io_state_decode_dec_uops_fu_code_RAM_AUTO_1R1W.dat
WARNING: Too many words specified in data file ./boom_core_top_boom_core_cycle_io_state_execute_alu_results_valid_RAM_AUTO_1R1W.dat
WARNING: Too many words specified in data file ./boom_core_top_boom_core_cycle_io_state_decode_dec_uops_branch_pc_lob_RAM_AUTO_1R1W.dat
WARNING: Too many words specified in data file ./boom_core_top_boom_core_cycle_io_state_execute_alu_results_valid_RAM_AUTO_1R1W.dat
WARNING: Too many words specified in data file ./boom_core_top_boom_core_cycle_io_state_execute_alu_results_valid_RAM_AUTO_1R1W.dat
WARNING: Too many words specified in data file ./boom_core_top_boom_core_cycle_io_state_execute_alu_results_valid_RAM_AUTO_1R1W.dat
WARNING: Too many words specified in data file ./boom_core_top_boom_core_cycle_io_state_execute_alu_results_valid_RAM_AUTO_1R1W.dat
WARNING: Too many words specified in data file ./boom_core_top_boom_core_cycle_io_state_execute_alu_results_valid_RAM_AUTO_1R1W.dat
WARNING: Too many words specified in data file ./boom_core_top_boom_core_cycle_io_state_execute_alu_results_valid_RAM_AUTO_1R1W.dat
WARNING: Too many words specified in data file ./boom_core_top_boom_core_cycle_io_state_execute_alu_results_uop_inst_RAM_AUTO_1R1W.dat
WARNING: Too many words specified in data file ./boom_core_top_boom_core_cycle_io_state_decode_dec_uops_csr_addr_RAM_AUTO_1R1W.dat
WARNING: Too many words specified in data file ./boom_core_top_boom_core_cycle_io_state_execute_alu_results_memory_mask_RAM_AUTO_1R1W.dat
WARNING: Too many words specified in data file ./boom_core_top_boom_core_cycle_io_state_execute_alu_results_valid_RAM_AUTO_1R1W.dat
WARNING: Too many words specified in data file ./boom_core_top_boom_core_cycle_io_state_execute_alu_results_valid_RAM_AUTO_1R1W.dat
WARNING: Too many words specified in data file ./boom_core_top_boom_core_cycle_io_state_execute_alu_results_valid_RAM_AUTO_1R1W.dat
WARNING: Too many words specified in data file ./boom_core_top_boom_core_cycle_io_state_execute_alu_results_memory_mask_RAM_AUTO_1R1W.dat
WARNING: Too many words specified in data file ./boom_core_top_boom_core_cycle_io_state_execute_alu_results_memory_mask_RAM_AUTO_1R1W.dat
WARNING: Too many words specified in data file ./boom_core_top_boom_core_cycle_io_state_execute_alu_results_memory_mask_RAM_AUTO_1R1W.dat
WARNING: Too many words specified in data file ./boom_core_top_boom_core_cycle_io_state_execute_alu_results_valid_RAM_AUTO_1R1W.dat
WARNING: Too many words specified in data file ./boom_core_top_boom_core_cycle_io_state_execute_alu_results_uop_branch_br_mask_RAM_AUTO_1R1W.dat
WARNING: Too many words specified in data file ./boom_core_top_boom_core_cycle_io_state_execute_alu_results_uop_branch_br_mask_RAM_AUTO_1R1W.dat
WARNING: Too many words specified in data file ./boom_core_top_boom_core_cycle_io_state_execute_alu_results_uop_branch_br_mask_RAM_AUTO_1R1W.dat
WARNING: Too many words specified in data file ./boom_core_top_boom_core_cycle_io_state_execute_alu_results_valid_RAM_AUTO_1R1W.dat
WARNING: Too many words specified in data file ./boom_core_top_boom_core_cycle_io_state_execute_alu_results_valid_RAM_AUTO_1R1W.dat
WARNING: Too many words specified in data file ./boom_core_top_boom_core_cycle_io_state_execute_alu_results_valid_RAM_AUTO_1R1W.dat
WARNING: Too many words specified in data file ./boom_core_top_boom_core_cycle_io_state_execute_alu_results_valid_RAM_AUTO_1R1W.dat
WARNING: Too many words specified in data file ./boom_core_top_boom_core_cycle_io_state_execute_alu_results_valid_RAM_AUTO_1R1W.dat
WARNING: Too many words specified in data file ./boom_core_top_boom_core_cycle_io_state_execute_alu_results_valid_RAM_AUTO_1R1W.dat
WARNING: Too many words specified in data file ./boom_core_top_boom_core_cycle_io_state_execute_alu_results_uop_branch_br_mask_RAM_AUTO_1R1W.dat
WARNING: Too many words specified in data file ./boom_core_top_boom_core_cycle_io_state_decode_dec_uops_ctrl_op1_sel_RAM_AUTO_1R1W.dat
WARNING: Too many words specified in data file ./boom_core_top_boom_core_cycle_io_state_execute_alu_results_valid_RAM_AUTO_1R1W.dat
WARNING: Too many words specified in data file ./boom_core_top_boom_core_cycle_io_state_execute_alu_results_valid_RAM_AUTO_1R1W.dat
WARNING: Too many words specified in data file ./boom_core_top_boom_core_cycle_io_state_execute_alu_results_valid_RAM_AUTO_1R1W.dat
WARNING: Too many words specified in data file ./boom_core_top_boom_core_cycle_io_state_execute_alu_results_valid_RAM_AUTO_1R1W.dat
WARNING: Too many words specified in data file ./boom_core_top_boom_core_cycle_io_state_execute_alu_results_valid_RAM_AUTO_1R1W.dat
WARNING: Too many words specified in data file ./boom_core_top_boom_core_cycle_io_state_execute_alu_results_valid_RAM_AUTO_1R1W.dat
WARNING: Too many words specified in data file ./boom_core_top_boom_core_cycle_io_state_decode_dec_uops_ctrl_br_type_RAM_AUTO_1R1W.dat
WARNING: Too many words specified in data file ./boom_core_top_boom_core_cycle_io_state_execute_alu_results_valid_RAM_AUTO_1R1W.dat
WARNING: Too many words specified in data file ./boom_core_top_boom_core_cycle_io_state_execute_alu_results_valid_RAM_AUTO_1R1W.dat
WARNING: Too many words specified in data file ./boom_core_top_boom_core_cycle_io_state_decode_dec_uops_ctrl_op1_sel_RAM_AUTO_1R1W.dat
WARNING: Too many words specified in data file ./boom_core_top_boom_core_cycle_io_state_execute_alu_results_valid_RAM_AUTO_1R1W.dat
WARNING: Too many words specified in data file ./boom_core_top_boom_core_cycle_io_state_execute_alu_results_valid_RAM_AUTO_1R1W.dat
WARNING: Too many words specified in data file ./boom_core_top_boom_core_cycle_io_state_execute_alu_results_valid_RAM_AUTO_1R1W.dat
WARNING: Too many words specified in data file ./boom_core_top_boom_core_cycle_io_state_execute_alu_results_valid_RAM_AUTO_1R1W.dat
WARNING: Too many words specified in data file ./boom_core_top_boom_core_cycle_io_state_execute_alu_results_valid_RAM_AUTO_1R1W.dat
WARNING: Too many words specified in data file ./boom_core_top_boom_core_cycle_io_state_execute_alu_results_valid_RAM_AUTO_1R1W.dat
WARNING: Too many words specified in data file ./boom_core_top_boom_core_cycle_io_state_execute_alu_results_valid_RAM_AUTO_1R1W.dat
WARNING: Too many words specified in data file ./boom_core_top_boom_core_cycle_io_state_execute_alu_results_valid_RAM_AUTO_1R1W.dat
WARNING: Too many words specified in data file ./boom_core_top_boom_core_cycle_io_state_execute_alu_results_valid_RAM_AUTO_1R1W.dat
WARNING: Too many words specified in data file ./boom_core_top_boom_core_cycle_io_state_execute_alu_results_valid_RAM_AUTO_1R1W.dat
WARNING: Too many words specified in data file ./boom_core_top_boom_core_cycle_io_state_execute_alu_results_valid_RAM_AUTO_1R1W.dat
WARNING: Too many words specified in data file ./boom_core_top_boom_core_cycle_io_state_execute_alu_results_valid_RAM_AUTO_1R1W.dat
WARNING: Too many words specified in data file ./boom_core_top_boom_core_cycle_io_state_execute_alu_results_valid_RAM_AUTO_1R1W.dat
WARNING: Too many words specified in data file ./boom_core_top_boom_core_cycle_io_state_execute_alu_results_valid_RAM_AUTO_1R1W.dat
WARNING: Too many words specified in data file ./boom_core_top_boom_core_cycle_io_state_execute_alu_results_valid_RAM_AUTO_1R1W.dat
WARNING: Too many words specified in data file ./boom_core_top_boom_core_cycle_io_state_execute_alu_results_valid_RAM_AUTO_1R1W.dat
WARNING: Too many words specified in data file ./boom_core_top_boom_core_cycle_io_state_execute_alu_results_valid_RAM_AUTO_1R1W.dat
WARNING: Too many words specified in data file ./boom_core_top_boom_core_cycle_io_state_execute_alu_results_valid_RAM_AUTO_1R1W.dat
WARNING: Too many words specified in data file ./boom_core_top_boom_core_cycle_io_state_execute_alu_results_valid_RAM_AUTO_1R1W.dat
WARNING: Too many words specified in data file ./boom_core_top_boom_core_cycle_io_state_execute_alu_results_valid_RAM_AUTO_1R1W.dat
WARNING: Too many words specified in data file ./boom_core_top_boom_core_cycle_io_state_execute_alu_results_valid_RAM_AUTO_1R1W.dat
WARNING: Too many words specified in data file ./boom_core_top_boom_core_cycle_io_state_execute_alu_results_valid_RAM_AUTO_1R1W.dat
GATE3_8_IMEM program=/home/lab_726/boom/hls_boom/build/gate3_8/xsim/independent_alu.readmemh
GATE3_8_START scenario=R0_POWER_ON_RESET code=0 program=independent_alu max_cycles=40000
GATE3_8_PASS scenario=R0_POWER_ON_RESET cycles=12531 commits=12 resets=1 imem=13 dmem=1 loads=0 stores=1 tohost=0000000000000001
$finish called at time : 125355 ns : File "/home/lab_726/boom/hls_boom/rtl_tb/boom_core_rtl_tb.sv" Line 213
exit
INFO: [Common 17-206] Exiting xsim at Tue Jul 28 21:42:21 2026...
