

================================================================
== Vitis HLS Report for 'synth_execute_top'
================================================================
* Date:           Wed Aug  5 09:53:05 2026

* Version:        2021.2 (Build 3367213 on Tue Oct 19 02:47:39 MDT 2021)
* Project:        synth_execute_top
* Solution:       solution_gate4_1_m2c (Vivado IP Flow Target)
* Product family: zynquplus
* Target device:  xczu7ev-ffvc1156-2-e


================================================================
== Performance Estimates
================================================================
+ Timing: 
    * Summary: 
    +--------+----------+----------+------------+
    |  Clock |  Target  | Estimated| Uncertainty|
    +--------+----------+----------+------------+
    |ap_clk  |  10.00 ns|  5.430 ns|     2.70 ns|
    +--------+----------+----------+------------+

+ Latency: 
    * Summary: 
    +---------+---------+----------+----------+-----+-----+---------+
    |  Latency (cycles) |  Latency (absolute) |  Interval | Pipeline|
    |   min   |   max   |    min   |    max   | min | max |   Type  |
    +---------+---------+----------+----------+-----+-----+---------+
    |       11|      140|  0.110 us|  1.400 us|   12|  141|       no|
    +---------+---------+----------+----------+-----+-----+---------+

    + Detail: 
        * Instance: 
        N/A

        * Loop: 
        +--------------------+---------+---------+----------+-----------+-----------+------+----------+
        |                    |  Latency (cycles) | Iteration|  Initiation Interval  | Trip |          |
        |      Loop Name     |   min   |   max   |  Latency |  achieved |   target  | Count| Pipelined|
        +--------------------+---------+---------+----------+-----------+-----------+------+----------+
        |- VITIS_LOOP_49_1   |       52|       52|         1|          -|          -|    52|        no|
        |- Loop 2            |        3|        3|         1|          -|          -|     3|        no|
        |- VITIS_LOOP_127_1  |        3|        3|         1|          -|          -|     3|        no|
        |- VITIS_LOOP_257_1  |       52|       52|         1|          -|          -|    52|        no|
        +--------------------+---------+---------+----------+-----------+-----------+------+----------+

============================================================
+ Verbose Summary: Synthesis Manager
============================================================
InlineROM: 1
ExposeGlobal: 0
============================================================
+ Verbose Summary: CDFG Model
============================================================
IsTopModel: 1
ResetActiveHigh: 1
IsCombinational: 0
IsDatapathOnly: 0
HasWiredReturn: 1
HasMFsm: 0
HasVarLatency: 1
IsPipeline: 0
IsRtlPipelined: 0
IsInstanceOverlapped: 0
IsDontTouch: 0
HasImplIP: 0
IsGatedGlobalClock: 0


============================================================
+ Verbose Summary: Schedule
============================================================
* Number of FSM states : 9
* Pipeline : 0
* Dataflow Pipeline: 0

* FSM state transitions: 
1 --> 5 2 
2 --> 2 3 
3 --> 3 4 
4 --> 4 5 
5 --> 5 6 
6 --> 7 
7 --> 8 
8 --> 9 
9 --> 

* FSM state operations: 

State 1 <SV = 0> <Delay = 0.42>
ST_1 : Operation 10 [1/1] (0.00ns)   --->   "%spectopmodule_ln0 = spectopmodule void @_ssdm_op_SpecTopModule, void @empty_3"   --->   Operation 10 'spectopmodule' 'spectopmodule_ln0' <Predicate = true> <Delay = 0.00>
ST_1 : Operation 11 [1/1] (0.00ns)   --->   "%specbitsmap_ln0 = specbitsmap void @_ssdm_op_SpecBitsMap, i8 %seed_uopc"   --->   Operation 11 'specbitsmap' 'specbitsmap_ln0' <Predicate = true> <Delay = 0.00>
ST_1 : Operation 12 [1/1] (0.00ns)   --->   "%specinterface_ln0 = specinterface void @_ssdm_op_SpecInterface, i8 %seed_uopc, void @empty, i32 0, i32 0, void @empty_7, i32 0, i32 0, void @empty_7, void @empty_7, void @empty_7, i32 0, i32 0, i32 0, i32 0, void @empty_7, void @empty_7"   --->   Operation 12 'specinterface' 'specinterface_ln0' <Predicate = true> <Delay = 0.00>
ST_1 : Operation 13 [1/1] (0.00ns)   --->   "%specbitsmap_ln0 = specbitsmap void @_ssdm_op_SpecBitsMap, i64 %seed_rs1"   --->   Operation 13 'specbitsmap' 'specbitsmap_ln0' <Predicate = true> <Delay = 0.00>
ST_1 : Operation 14 [1/1] (0.00ns)   --->   "%specinterface_ln0 = specinterface void @_ssdm_op_SpecInterface, i64 %seed_rs1, void @empty, i32 0, i32 0, void @empty_7, i32 0, i32 0, void @empty_7, void @empty_7, void @empty_7, i32 0, i32 0, i32 0, i32 0, void @empty_7, void @empty_7"   --->   Operation 14 'specinterface' 'specinterface_ln0' <Predicate = true> <Delay = 0.00>
ST_1 : Operation 15 [1/1] (0.00ns)   --->   "%specbitsmap_ln0 = specbitsmap void @_ssdm_op_SpecBitsMap, i64 %seed_rs2"   --->   Operation 15 'specbitsmap' 'specbitsmap_ln0' <Predicate = true> <Delay = 0.00>
ST_1 : Operation 16 [1/1] (0.00ns)   --->   "%specinterface_ln0 = specinterface void @_ssdm_op_SpecInterface, i64 %seed_rs2, void @empty, i32 0, i32 0, void @empty_7, i32 0, i32 0, void @empty_7, void @empty_7, void @empty_7, i32 0, i32 0, i32 0, i32 0, void @empty_7, void @empty_7"   --->   Operation 16 'specinterface' 'specinterface_ln0' <Predicate = true> <Delay = 0.00>
ST_1 : Operation 17 [1/1] (0.00ns)   --->   "%specbitsmap_ln0 = specbitsmap void @_ssdm_op_SpecBitsMap, i64 %observable"   --->   Operation 17 'specbitsmap' 'specbitsmap_ln0' <Predicate = true> <Delay = 0.00>
ST_1 : Operation 18 [1/1] (0.00ns)   --->   "%specinterface_ln0 = specinterface void @_ssdm_op_SpecInterface, i64 %observable, void @empty, i32 0, i32 0, void @empty_7, i32 0, i32 0, void @empty_7, void @empty_7, void @empty_7, i32 0, i32 0, i32 0, i32 0, void @empty_7, void @empty_7"   --->   Operation 18 'specinterface' 'specinterface_ln0' <Predicate = true> <Delay = 0.00>
ST_1 : Operation 19 [1/1] (0.00ns)   --->   "%seed_rs2_read = read i64 @_ssdm_op_Read.ap_auto.i64, i64 %seed_rs2" [/home/lab_726/boom/hls_boom/src/boom_core_merged.cpp:3088]   --->   Operation 19 'read' 'seed_rs2_read' <Predicate = true> <Delay = 0.00>
ST_1 : Operation 20 [1/1] (0.00ns)   --->   "%seed_rs1_read = read i64 @_ssdm_op_Read.ap_auto.i64, i64 %seed_rs1" [/home/lab_726/boom/hls_boom/src/boom_core_merged.cpp:3088]   --->   Operation 20 'read' 'seed_rs1_read' <Predicate = true> <Delay = 0.00>
ST_1 : Operation 21 [1/1] (0.00ns)   --->   "%seed_uopc_read = read i8 @_ssdm_op_Read.ap_auto.i8, i8 %seed_uopc" [/home/lab_726/boom/hls_boom/src/boom_core_merged.cpp:3088]   --->   Operation 21 'read' 'seed_uopc_read' <Predicate = true> <Delay = 0.00>
ST_1 : Operation 22 [1/1] (0.00ns)   --->   "%guard_variable_for_synth_execute_top_unsigned_char_unsigned_long_unsigned_long_unsigned_long_state_load = load i1 %guard_variable_for_synth_execute_top_unsigned_char_unsigned_long_unsigned_long_unsigned_long_state"   --->   Operation 22 'load' 'guard_variable_for_synth_execute_top_unsigned_char_unsigned_long_unsigned_long_unsigned_long_state_load' <Predicate = true> <Delay = 0.00>
ST_1 : Operation 23 [1/1] (0.00ns)   --->   "%br_ln3089 = br i1 %guard_variable_for_synth_execute_top_unsigned_char_unsigned_long_unsigned_long_unsigned_long_state_load, void %_ZN19RenameMapTableStateC2Ev.exit12.i.i.i.preheader, void %._crit_edge" [/home/lab_726/boom/hls_boom/src/boom_core_merged.cpp:3089]   --->   Operation 23 'br' 'br_ln3089' <Predicate = true> <Delay = 0.00>
ST_1 : Operation 24 [1/1] (0.00ns)   --->   "%i = alloca i32 1"   --->   Operation 24 'alloca' 'i' <Predicate = (!guard_variable_for_synth_execute_top_unsigned_char_unsigned_long_unsigned_long_unsigned_long_state_load)> <Delay = 0.00>
ST_1 : Operation 25 [1/1] (0.42ns)   --->   "%store_ln49 = store i6 0, i6 %i" [/home/lab_726/boom/hls_boom/include/boom_state.hpp:49->/home/lab_726/boom/hls_boom/src/boom_core_merged.cpp:3089]   --->   Operation 25 'store' 'store_ln49' <Predicate = (!guard_variable_for_synth_execute_top_unsigned_char_unsigned_long_unsigned_long_unsigned_long_state_load)> <Delay = 0.42>
ST_1 : Operation 26 [1/1] (0.00ns)   --->   "%br_ln49 = br void %_ZN19RenameMapTableStateC2Ev.exit12.i.i.i" [/home/lab_726/boom/hls_boom/include/boom_state.hpp:49->/home/lab_726/boom/hls_boom/src/boom_core_merged.cpp:3089]   --->   Operation 26 'br' 'br_ln49' <Predicate = (!guard_variable_for_synth_execute_top_unsigned_char_unsigned_long_unsigned_long_unsigned_long_state_load)> <Delay = 0.00>

State 2 <SV = 1> <Delay = 1.46>
ST_2 : Operation 27 [1/1] (0.00ns)   --->   "%i_3 = load i6 %i" [/home/lab_726/boom/hls_boom/include/boom_state.hpp:49->/home/lab_726/boom/hls_boom/src/boom_core_merged.cpp:3089]   --->   Operation 27 'load' 'i_3' <Predicate = true> <Delay = 0.00>
ST_2 : Operation 28 [1/1] (0.00ns)   --->   "%zext_ln49 = zext i6 %i_3" [/home/lab_726/boom/hls_boom/include/boom_state.hpp:49->/home/lab_726/boom/hls_boom/src/boom_core_merged.cpp:3089]   --->   Operation 28 'zext' 'zext_ln49' <Predicate = true> <Delay = 0.00>
ST_2 : Operation 29 [1/1] (0.78ns)   --->   "%icmp_ln49 = icmp_eq  i6 %i_3, i6 52" [/home/lab_726/boom/hls_boom/include/boom_state.hpp:49->/home/lab_726/boom/hls_boom/src/boom_core_merged.cpp:3089]   --->   Operation 29 'icmp' 'icmp_ln49' <Predicate = true> <Delay = 0.78> <CoreInst = "Cmp">   --->   Core 9 'Cmp' <Latency = 0> <II = 1> <Delay = 0.84> <FuncUnit> <Opcode : 'icmp'> <InPorts = 2> <OutPorts = 1>
ST_2 : Operation 30 [1/1] (0.00ns)   --->   "%empty = speclooptripcount i32 @_ssdm_op_SpecLoopTripCount, i64 52, i64 52, i64 52"   --->   Operation 30 'speclooptripcount' 'empty' <Predicate = true> <Delay = 0.00>
ST_2 : Operation 31 [1/1] (0.78ns)   --->   "%add_ln49 = add i6 %i_3, i6 1" [/home/lab_726/boom/hls_boom/include/boom_state.hpp:49->/home/lab_726/boom/hls_boom/src/boom_core_merged.cpp:3089]   --->   Operation 31 'add' 'add_ln49' <Predicate = true> <Delay = 0.78> <CoreInst = "Adder">   --->   Core 1 'Adder' <Latency = 0> <II = 1> <Delay = 0.78> <FuncUnit> <Opcode : 'add' 'sub'> <InPorts = 2> <OutPorts = 1>
ST_2 : Operation 32 [1/1] (0.00ns)   --->   "%br_ln49 = br i1 %icmp_ln49, void %.split2.i.i.i, void %synth_execute_top__ZN19RenameMapTableStateC2Ev.exit12.i.i.exit" [/home/lab_726/boom/hls_boom/include/boom_state.hpp:49->/home/lab_726/boom/hls_boom/src/boom_core_merged.cpp:3089]   --->   Operation 32 'br' 'br_ln49' <Predicate = true> <Delay = 0.00>
ST_2 : Operation 33 [1/1] (0.00ns)   --->   "%specloopname_ln49 = specloopname void @_ssdm_op_SpecLoopName, void @empty_1" [/home/lab_726/boom/hls_boom/include/boom_state.hpp:49->/home/lab_726/boom/hls_boom/src/boom_core_merged.cpp:3089]   --->   Operation 33 'specloopname' 'specloopname_ln49' <Predicate = (!icmp_ln49)> <Delay = 0.00>
ST_2 : Operation 34 [1/1] (0.00ns)   --->   "%state_rename_int_free_list_busy_table_addr = getelementptr i1 %state_rename_int_free_list_busy_table, i64 0, i64 %zext_ln49" [/home/lab_726/boom/hls_boom/include/boom_state.hpp:49->/home/lab_726/boom/hls_boom/src/boom_core_merged.cpp:3089]   --->   Operation 34 'getelementptr' 'state_rename_int_free_list_busy_table_addr' <Predicate = (!icmp_ln49)> <Delay = 0.00>
ST_2 : Operation 35 [1/1] (0.67ns)   --->   "%store_ln49 = store i1 0, i6 %state_rename_int_free_list_busy_table_addr" [/home/lab_726/boom/hls_boom/include/boom_state.hpp:49->/home/lab_726/boom/hls_boom/src/boom_core_merged.cpp:3089]   --->   Operation 35 'store' 'store_ln49' <Predicate = (!icmp_ln49)> <Delay = 0.67> <CoreInst = "RAM">   --->   Core 83 'RAM' <Latency = 1> <II = 1> <Delay = 0.67> <Storage> <Opcode : 'load' 'store'> <Ports = 2> <Width = 1> <Depth = 52> <RAM>
ST_2 : Operation 36 [1/1] (0.42ns)   --->   "%store_ln49 = store i6 %add_ln49, i6 %i" [/home/lab_726/boom/hls_boom/include/boom_state.hpp:49->/home/lab_726/boom/hls_boom/src/boom_core_merged.cpp:3089]   --->   Operation 36 'store' 'store_ln49' <Predicate = (!icmp_ln49)> <Delay = 0.42>
ST_2 : Operation 37 [1/1] (0.00ns)   --->   "%br_ln0 = br void %_ZN19RenameMapTableStateC2Ev.exit12.i.i.i"   --->   Operation 37 'br' 'br_ln0' <Predicate = (!icmp_ln49)> <Delay = 0.00>
ST_2 : Operation 38 [1/1] (0.00ns)   --->   "%phi_ln127 = alloca i32 1"   --->   Operation 38 'alloca' 'phi_ln127' <Predicate = (icmp_ln49)> <Delay = 0.00>
ST_2 : Operation 39 [1/1] (0.67ns)   --->   "%store_ln50 = store i1 0, i1 0" [/home/lab_726/boom/hls_boom/include/boom_state.hpp:50->/home/lab_726/boom/hls_boom/src/boom_core_merged.cpp:3089]   --->   Operation 39 'store' 'store_ln50' <Predicate = (icmp_ln49)> <Delay = 0.67> <CoreInst = "RAM">   --->   Core 83 'RAM' <Latency = 1> <II = 1> <Delay = 0.67> <Storage> <Opcode : 'load' 'store'> <Ports = 2> <Width = 1> <Depth = 52> <RAM>
ST_2 : Operation 40 [1/1] (0.42ns)   --->   "%store_ln127 = store i2 0, i2 %phi_ln127" [/home/lab_726/boom/hls_boom/include/boom_state.hpp:127->/home/lab_726/boom/hls_boom/include/boom_state.hpp:255->/home/lab_726/boom/hls_boom/src/boom_core_merged.cpp:3089]   --->   Operation 40 'store' 'store_ln127' <Predicate = (icmp_ln49)> <Delay = 0.42>
ST_2 : Operation 41 [1/1] (0.00ns)   --->   "%br_ln127 = br void %arrayctor.loop.i.i" [/home/lab_726/boom/hls_boom/include/boom_state.hpp:127->/home/lab_726/boom/hls_boom/include/boom_state.hpp:255->/home/lab_726/boom/hls_boom/src/boom_core_merged.cpp:3089]   --->   Operation 41 'br' 'br_ln127' <Predicate = (icmp_ln49)> <Delay = 0.00>

State 3 <SV = 2> <Delay = 0.97>
ST_3 : Operation 42 [1/1] (0.00ns)   --->   "%phi_ln127_load = load i2 %phi_ln127" [/home/lab_726/boom/hls_boom/include/boom_state.hpp:127->/home/lab_726/boom/hls_boom/include/boom_state.hpp:255->/home/lab_726/boom/hls_boom/src/boom_core_merged.cpp:3089]   --->   Operation 42 'load' 'phi_ln127_load' <Predicate = true> <Delay = 0.00>
ST_3 : Operation 43 [1/1] (0.54ns)   --->   "%add_ln127 = add i2 %phi_ln127_load, i2 1" [/home/lab_726/boom/hls_boom/include/boom_state.hpp:127->/home/lab_726/boom/hls_boom/include/boom_state.hpp:255->/home/lab_726/boom/hls_boom/src/boom_core_merged.cpp:3089]   --->   Operation 43 'add' 'add_ln127' <Predicate = true> <Delay = 0.54> <CoreInst = "Adder">   --->   Core 1 'Adder' <Latency = 0> <II = 1> <Delay = 0.78> <FuncUnit> <Opcode : 'add' 'sub'> <InPorts = 2> <OutPorts = 1>
ST_3 : Operation 44 [1/1] (0.44ns)   --->   "%icmp_ln121 = icmp_eq  i2 %phi_ln127_load, i2 0" [/home/lab_726/boom/hls_boom/include/boom_state.hpp:121->/home/lab_726/boom/hls_boom/src/boom_core_merged.cpp:3089]   --->   Operation 44 'icmp' 'icmp_ln121' <Predicate = true> <Delay = 0.44> <CoreInst = "Cmp">   --->   Core 9 'Cmp' <Latency = 0> <II = 1> <Delay = 0.84> <FuncUnit> <Opcode : 'icmp'> <InPorts = 2> <OutPorts = 1>
ST_3 : Operation 45 [1/1] (0.00ns)   --->   "%br_ln121 = br i1 %icmp_ln121, void %arrayctor.loop.i.i860870, void %branch516" [/home/lab_726/boom/hls_boom/include/boom_state.hpp:121->/home/lab_726/boom/hls_boom/src/boom_core_merged.cpp:3089]   --->   Operation 45 'br' 'br_ln121' <Predicate = true> <Delay = 0.00>
ST_3 : Operation 46 [1/1] (0.00ns)   --->   "%store_ln121 = store i1 0, i1 %state_execute_alu_results_valid_0" [/home/lab_726/boom/hls_boom/include/boom_state.hpp:121->/home/lab_726/boom/hls_boom/src/boom_core_merged.cpp:3089]   --->   Operation 46 'store' 'store_ln121' <Predicate = (icmp_ln121)> <Delay = 0.00>
ST_3 : Operation 47 [1/1] (0.00ns)   --->   "%br_ln121 = br void %arrayctor.loop.i.i860870" [/home/lab_726/boom/hls_boom/include/boom_state.hpp:121->/home/lab_726/boom/hls_boom/src/boom_core_merged.cpp:3089]   --->   Operation 47 'br' 'br_ln121' <Predicate = (icmp_ln121)> <Delay = 0.00>
ST_3 : Operation 48 [1/1] (0.44ns)   --->   "%icmp_ln127 = icmp_eq  i2 %phi_ln127_load, i2 2" [/home/lab_726/boom/hls_boom/include/boom_state.hpp:127->/home/lab_726/boom/hls_boom/include/boom_state.hpp:255->/home/lab_726/boom/hls_boom/src/boom_core_merged.cpp:3089]   --->   Operation 48 'icmp' 'icmp_ln127' <Predicate = true> <Delay = 0.44> <CoreInst = "Cmp">   --->   Core 9 'Cmp' <Latency = 0> <II = 1> <Delay = 0.84> <FuncUnit> <Opcode : 'icmp'> <InPorts = 2> <OutPorts = 1>
ST_3 : Operation 49 [1/1] (0.00ns)   --->   "%empty_17 = speclooptripcount i32 @_ssdm_op_SpecLoopTripCount, i64 3, i64 3, i64 3"   --->   Operation 49 'speclooptripcount' 'empty_17' <Predicate = true> <Delay = 0.00>
ST_3 : Operation 50 [1/1] (0.00ns)   --->   "%br_ln127 = br i1 %icmp_ln127, void %arrayctor.loop.i.i860870.arrayctor.loop.i.i_crit_edge, void %.preheader.i3.i.preheader" [/home/lab_726/boom/hls_boom/include/boom_state.hpp:127->/home/lab_726/boom/hls_boom/include/boom_state.hpp:255->/home/lab_726/boom/hls_boom/src/boom_core_merged.cpp:3089]   --->   Operation 50 'br' 'br_ln127' <Predicate = true> <Delay = 0.00>
ST_3 : Operation 51 [1/1] (0.42ns)   --->   "%store_ln127 = store i2 %add_ln127, i2 %phi_ln127" [/home/lab_726/boom/hls_boom/include/boom_state.hpp:127->/home/lab_726/boom/hls_boom/include/boom_state.hpp:255->/home/lab_726/boom/hls_boom/src/boom_core_merged.cpp:3089]   --->   Operation 51 'store' 'store_ln127' <Predicate = (!icmp_ln127)> <Delay = 0.42>
ST_3 : Operation 52 [1/1] (0.00ns)   --->   "%br_ln127 = br void %arrayctor.loop.i.i" [/home/lab_726/boom/hls_boom/include/boom_state.hpp:127->/home/lab_726/boom/hls_boom/include/boom_state.hpp:255->/home/lab_726/boom/hls_boom/src/boom_core_merged.cpp:3089]   --->   Operation 52 'br' 'br_ln127' <Predicate = (!icmp_ln127)> <Delay = 0.00>
ST_3 : Operation 53 [1/1] (0.00ns)   --->   "%i_1 = alloca i32 1"   --->   Operation 53 'alloca' 'i_1' <Predicate = (icmp_ln127)> <Delay = 0.00>
ST_3 : Operation 54 [1/1] (0.42ns)   --->   "%store_ln127 = store i2 0, i2 %i_1" [/home/lab_726/boom/hls_boom/include/boom_state.hpp:127->/home/lab_726/boom/hls_boom/include/boom_state.hpp:255->/home/lab_726/boom/hls_boom/src/boom_core_merged.cpp:3089]   --->   Operation 54 'store' 'store_ln127' <Predicate = (icmp_ln127)> <Delay = 0.42>
ST_3 : Operation 55 [1/1] (0.00ns)   --->   "%br_ln127 = br void %.preheader.i3.i" [/home/lab_726/boom/hls_boom/include/boom_state.hpp:127->/home/lab_726/boom/hls_boom/include/boom_state.hpp:255->/home/lab_726/boom/hls_boom/src/boom_core_merged.cpp:3089]   --->   Operation 55 'br' 'br_ln127' <Predicate = (icmp_ln127)> <Delay = 0.00>

State 4 <SV = 3> <Delay = 0.97>
ST_4 : Operation 56 [1/1] (0.00ns)   --->   "%i_4 = load i2 %i_1" [/home/lab_726/boom/hls_boom/include/boom_state.hpp:127->/home/lab_726/boom/hls_boom/include/boom_state.hpp:255->/home/lab_726/boom/hls_boom/src/boom_core_merged.cpp:3089]   --->   Operation 56 'load' 'i_4' <Predicate = true> <Delay = 0.00>
ST_4 : Operation 57 [1/1] (0.44ns)   --->   "%icmp_ln127_1 = icmp_eq  i2 %i_4, i2 3" [/home/lab_726/boom/hls_boom/include/boom_state.hpp:127->/home/lab_726/boom/hls_boom/include/boom_state.hpp:255->/home/lab_726/boom/hls_boom/src/boom_core_merged.cpp:3089]   --->   Operation 57 'icmp' 'icmp_ln127_1' <Predicate = true> <Delay = 0.44> <CoreInst = "Cmp">   --->   Core 9 'Cmp' <Latency = 0> <II = 1> <Delay = 0.84> <FuncUnit> <Opcode : 'icmp'> <InPorts = 2> <OutPorts = 1>
ST_4 : Operation 58 [1/1] (0.00ns)   --->   "%empty_18 = speclooptripcount i32 @_ssdm_op_SpecLoopTripCount, i64 3, i64 3, i64 3"   --->   Operation 58 'speclooptripcount' 'empty_18' <Predicate = true> <Delay = 0.00>
ST_4 : Operation 59 [1/1] (0.54ns)   --->   "%add_ln127_1 = add i2 %i_4, i2 1" [/home/lab_726/boom/hls_boom/include/boom_state.hpp:127->/home/lab_726/boom/hls_boom/include/boom_state.hpp:255->/home/lab_726/boom/hls_boom/src/boom_core_merged.cpp:3089]   --->   Operation 59 'add' 'add_ln127_1' <Predicate = true> <Delay = 0.54> <CoreInst = "Adder">   --->   Core 1 'Adder' <Latency = 0> <II = 1> <Delay = 0.78> <FuncUnit> <Opcode : 'add' 'sub'> <InPorts = 2> <OutPorts = 1>
ST_4 : Operation 60 [1/1] (0.00ns)   --->   "%br_ln127 = br i1 %icmp_ln127_1, void %.split.i5.i, void %CompletionPendingState.exit.i" [/home/lab_726/boom/hls_boom/include/boom_state.hpp:127->/home/lab_726/boom/hls_boom/include/boom_state.hpp:255->/home/lab_726/boom/hls_boom/src/boom_core_merged.cpp:3089]   --->   Operation 60 'br' 'br_ln127' <Predicate = true> <Delay = 0.00>
ST_4 : Operation 61 [1/1] (0.00ns)   --->   "%specloopname_ln127 = specloopname void @_ssdm_op_SpecLoopName, void @empty_0" [/home/lab_726/boom/hls_boom/include/boom_state.hpp:127->/home/lab_726/boom/hls_boom/include/boom_state.hpp:255->/home/lab_726/boom/hls_boom/src/boom_core_merged.cpp:3089]   --->   Operation 61 'specloopname' 'specloopname_ln127' <Predicate = (!icmp_ln127_1)> <Delay = 0.00>
ST_4 : Operation 62 [1/1] (0.44ns)   --->   "%icmp_ln127_2 = icmp_eq  i2 %i_4, i2 0" [/home/lab_726/boom/hls_boom/include/boom_state.hpp:127->/home/lab_726/boom/hls_boom/include/boom_state.hpp:255->/home/lab_726/boom/hls_boom/src/boom_core_merged.cpp:3089]   --->   Operation 62 'icmp' 'icmp_ln127_2' <Predicate = (!icmp_ln127_1)> <Delay = 0.44> <CoreInst = "Cmp">   --->   Core 9 'Cmp' <Latency = 0> <II = 1> <Delay = 0.84> <FuncUnit> <Opcode : 'icmp'> <InPorts = 2> <OutPorts = 1>
ST_4 : Operation 63 [1/1] (0.00ns)   --->   "%br_ln127 = br i1 %icmp_ln127_2, void %.split.i5.i856865, void %branch513" [/home/lab_726/boom/hls_boom/include/boom_state.hpp:127->/home/lab_726/boom/hls_boom/include/boom_state.hpp:255->/home/lab_726/boom/hls_boom/src/boom_core_merged.cpp:3089]   --->   Operation 63 'br' 'br_ln127' <Predicate = (!icmp_ln127_1)> <Delay = 0.00>
ST_4 : Operation 64 [1/1] (0.00ns)   --->   "%store_ln127 = store i1 0, i1 %state_execute_alu_results_valid_0" [/home/lab_726/boom/hls_boom/include/boom_state.hpp:127->/home/lab_726/boom/hls_boom/include/boom_state.hpp:255->/home/lab_726/boom/hls_boom/src/boom_core_merged.cpp:3089]   --->   Operation 64 'store' 'store_ln127' <Predicate = (!icmp_ln127_1 & icmp_ln127_2)> <Delay = 0.00>
ST_4 : Operation 65 [1/1] (0.00ns)   --->   "%br_ln127 = br void %.split.i5.i856865" [/home/lab_726/boom/hls_boom/include/boom_state.hpp:127->/home/lab_726/boom/hls_boom/include/boom_state.hpp:255->/home/lab_726/boom/hls_boom/src/boom_core_merged.cpp:3089]   --->   Operation 65 'br' 'br_ln127' <Predicate = (!icmp_ln127_1 & icmp_ln127_2)> <Delay = 0.00>
ST_4 : Operation 66 [1/1] (0.42ns)   --->   "%store_ln127 = store i2 %add_ln127_1, i2 %i_1" [/home/lab_726/boom/hls_boom/include/boom_state.hpp:127->/home/lab_726/boom/hls_boom/include/boom_state.hpp:255->/home/lab_726/boom/hls_boom/src/boom_core_merged.cpp:3089]   --->   Operation 66 'store' 'store_ln127' <Predicate = (!icmp_ln127_1)> <Delay = 0.42>
ST_4 : Operation 67 [1/1] (0.00ns)   --->   "%br_ln0 = br void %.preheader.i3.i"   --->   Operation 67 'br' 'br_ln0' <Predicate = (!icmp_ln127_1)> <Delay = 0.00>
ST_4 : Operation 68 [1/1] (0.00ns)   --->   "%i_2 = alloca i32 1"   --->   Operation 68 'alloca' 'i_2' <Predicate = (icmp_ln127_1)> <Delay = 0.00>
ST_4 : Operation 69 [1/1] (0.42ns)   --->   "%store_ln255 = store i64 0, i64 %state_int_rf_latest_bank" [/home/lab_726/boom/hls_boom/include/boom_state.hpp:255->/home/lab_726/boom/hls_boom/src/boom_core_merged.cpp:3089]   --->   Operation 69 'store' 'store_ln255' <Predicate = (icmp_ln127_1)> <Delay = 0.42>
ST_4 : Operation 70 [1/1] (0.42ns)   --->   "%store_ln257 = store i6 0, i6 %i_2" [/home/lab_726/boom/hls_boom/include/boom_state.hpp:257->/home/lab_726/boom/hls_boom/src/boom_core_merged.cpp:3089]   --->   Operation 70 'store' 'store_ln257' <Predicate = (icmp_ln127_1)> <Delay = 0.42>
ST_4 : Operation 71 [1/1] (0.00ns)   --->   "%br_ln257 = br void" [/home/lab_726/boom/hls_boom/include/boom_state.hpp:257->/home/lab_726/boom/hls_boom/src/boom_core_merged.cpp:3089]   --->   Operation 71 'br' 'br_ln257' <Predicate = (icmp_ln127_1)> <Delay = 0.00>

State 5 <SV = 4> <Delay = 2.02>
ST_5 : Operation 72 [1/1] (0.00ns)   --->   "%i_5 = load i6 %i_2" [/home/lab_726/boom/hls_boom/include/boom_state.hpp:257->/home/lab_726/boom/hls_boom/src/boom_core_merged.cpp:3089]   --->   Operation 72 'load' 'i_5' <Predicate = (!guard_variable_for_synth_execute_top_unsigned_char_unsigned_long_unsigned_long_unsigned_long_state_load)> <Delay = 0.00>
ST_5 : Operation 73 [1/1] (0.00ns)   --->   "%zext_ln257 = zext i6 %i_5" [/home/lab_726/boom/hls_boom/include/boom_state.hpp:257->/home/lab_726/boom/hls_boom/src/boom_core_merged.cpp:3089]   --->   Operation 73 'zext' 'zext_ln257' <Predicate = (!guard_variable_for_synth_execute_top_unsigned_char_unsigned_long_unsigned_long_unsigned_long_state_load)> <Delay = 0.00>
ST_5 : Operation 74 [1/1] (0.78ns)   --->   "%icmp_ln257 = icmp_eq  i6 %i_5, i6 52" [/home/lab_726/boom/hls_boom/include/boom_state.hpp:257->/home/lab_726/boom/hls_boom/src/boom_core_merged.cpp:3089]   --->   Operation 74 'icmp' 'icmp_ln257' <Predicate = (!guard_variable_for_synth_execute_top_unsigned_char_unsigned_long_unsigned_long_unsigned_long_state_load)> <Delay = 0.78> <CoreInst = "Cmp">   --->   Core 9 'Cmp' <Latency = 0> <II = 1> <Delay = 0.84> <FuncUnit> <Opcode : 'icmp'> <InPorts = 2> <OutPorts = 1>
ST_5 : Operation 75 [1/1] (0.00ns)   --->   "%empty_19 = speclooptripcount i32 @_ssdm_op_SpecLoopTripCount, i64 52, i64 52, i64 52"   --->   Operation 75 'speclooptripcount' 'empty_19' <Predicate = (!guard_variable_for_synth_execute_top_unsigned_char_unsigned_long_unsigned_long_unsigned_long_state_load)> <Delay = 0.00>
ST_5 : Operation 76 [1/1] (0.78ns)   --->   "%add_ln257 = add i6 %i_5, i6 1" [/home/lab_726/boom/hls_boom/include/boom_state.hpp:257->/home/lab_726/boom/hls_boom/src/boom_core_merged.cpp:3089]   --->   Operation 76 'add' 'add_ln257' <Predicate = (!guard_variable_for_synth_execute_top_unsigned_char_unsigned_long_unsigned_long_unsigned_long_state_load)> <Delay = 0.78> <CoreInst = "Adder">   --->   Core 1 'Adder' <Latency = 0> <II = 1> <Delay = 0.78> <FuncUnit> <Opcode : 'add' 'sub'> <InPorts = 2> <OutPorts = 1>
ST_5 : Operation 77 [1/1] (0.00ns)   --->   "%br_ln257 = br i1 %icmp_ln257, void %.split2.i, void %BoomCoreState.exit" [/home/lab_726/boom/hls_boom/include/boom_state.hpp:257->/home/lab_726/boom/hls_boom/src/boom_core_merged.cpp:3089]   --->   Operation 77 'br' 'br_ln257' <Predicate = (!guard_variable_for_synth_execute_top_unsigned_char_unsigned_long_unsigned_long_unsigned_long_state_load)> <Delay = 0.00>
ST_5 : Operation 78 [1/1] (0.00ns)   --->   "%specloopname_ln257 = specloopname void @_ssdm_op_SpecLoopName, void @empty_2" [/home/lab_726/boom/hls_boom/include/boom_state.hpp:257->/home/lab_726/boom/hls_boom/src/boom_core_merged.cpp:3089]   --->   Operation 78 'specloopname' 'specloopname_ln257' <Predicate = (!guard_variable_for_synth_execute_top_unsigned_char_unsigned_long_unsigned_long_unsigned_long_state_load & !icmp_ln257)> <Delay = 0.00>
ST_5 : Operation 79 [1/1] (0.00ns)   --->   "%state_int_rf_bank0_addr = getelementptr i64 %state_int_rf_bank0, i64 0, i64 %zext_ln257" [/home/lab_726/boom/hls_boom/include/boom_state.hpp:258->/home/lab_726/boom/hls_boom/src/boom_core_merged.cpp:3089]   --->   Operation 79 'getelementptr' 'state_int_rf_bank0_addr' <Predicate = (!guard_variable_for_synth_execute_top_unsigned_char_unsigned_long_unsigned_long_unsigned_long_state_load & !icmp_ln257)> <Delay = 0.00>
ST_5 : Operation 80 [1/1] (1.23ns)   --->   "%store_ln258 = store i64 0, i6 %state_int_rf_bank0_addr" [/home/lab_726/boom/hls_boom/include/boom_state.hpp:258->/home/lab_726/boom/hls_boom/src/boom_core_merged.cpp:3089]   --->   Operation 80 'store' 'store_ln258' <Predicate = (!guard_variable_for_synth_execute_top_unsigned_char_unsigned_long_unsigned_long_unsigned_long_state_load & !icmp_ln257)> <Delay = 1.23> <CoreInst = "RAM">   --->   Core 83 'RAM' <Latency = 1> <II = 1> <Delay = 1.23> <Storage> <Opcode : 'load' 'store'> <Ports = 2> <Width = 64> <Depth = 52> <RAM>
ST_5 : Operation 81 [1/1] (0.00ns)   --->   "%state_int_rf_bank1_addr = getelementptr i64 %state_int_rf_bank1, i64 0, i64 %zext_ln257" [/home/lab_726/boom/hls_boom/include/boom_state.hpp:259->/home/lab_726/boom/hls_boom/src/boom_core_merged.cpp:3089]   --->   Operation 81 'getelementptr' 'state_int_rf_bank1_addr' <Predicate = (!guard_variable_for_synth_execute_top_unsigned_char_unsigned_long_unsigned_long_unsigned_long_state_load & !icmp_ln257)> <Delay = 0.00>
ST_5 : Operation 82 [1/1] (1.23ns)   --->   "%store_ln259 = store i64 0, i6 %state_int_rf_bank1_addr" [/home/lab_726/boom/hls_boom/include/boom_state.hpp:259->/home/lab_726/boom/hls_boom/src/boom_core_merged.cpp:3089]   --->   Operation 82 'store' 'store_ln259' <Predicate = (!guard_variable_for_synth_execute_top_unsigned_char_unsigned_long_unsigned_long_unsigned_long_state_load & !icmp_ln257)> <Delay = 1.23> <CoreInst = "RAM">   --->   Core 83 'RAM' <Latency = 1> <II = 1> <Delay = 1.23> <Storage> <Opcode : 'load' 'store'> <Ports = 2> <Width = 64> <Depth = 52> <RAM>
ST_5 : Operation 83 [1/1] (0.42ns)   --->   "%store_ln257 = store i6 %add_ln257, i6 %i_2" [/home/lab_726/boom/hls_boom/include/boom_state.hpp:257->/home/lab_726/boom/hls_boom/src/boom_core_merged.cpp:3089]   --->   Operation 83 'store' 'store_ln257' <Predicate = (!guard_variable_for_synth_execute_top_unsigned_char_unsigned_long_unsigned_long_unsigned_long_state_load & !icmp_ln257)> <Delay = 0.42>
ST_5 : Operation 84 [1/1] (0.00ns)   --->   "%br_ln0 = br void"   --->   Operation 84 'br' 'br_ln0' <Predicate = (!guard_variable_for_synth_execute_top_unsigned_char_unsigned_long_unsigned_long_unsigned_long_state_load & !icmp_ln257)> <Delay = 0.00>
ST_5 : Operation 85 [1/1] (1.23ns)   --->   "%store_ln262 = store i64 0, i64 0" [/home/lab_726/boom/hls_boom/include/boom_state.hpp:262->/home/lab_726/boom/hls_boom/src/boom_core_merged.cpp:3089]   --->   Operation 85 'store' 'store_ln262' <Predicate = (!guard_variable_for_synth_execute_top_unsigned_char_unsigned_long_unsigned_long_unsigned_long_state_load & icmp_ln257)> <Delay = 1.23> <CoreInst = "RAM">   --->   Core 83 'RAM' <Latency = 1> <II = 1> <Delay = 1.23> <Storage> <Opcode : 'load' 'store'> <Ports = 2> <Width = 64> <Depth = 52> <RAM>
ST_5 : Operation 86 [1/1] (1.23ns)   --->   "%store_ln262 = store i64 0, i64 0" [/home/lab_726/boom/hls_boom/include/boom_state.hpp:262->/home/lab_726/boom/hls_boom/src/boom_core_merged.cpp:3089]   --->   Operation 86 'store' 'store_ln262' <Predicate = (!guard_variable_for_synth_execute_top_unsigned_char_unsigned_long_unsigned_long_unsigned_long_state_load & icmp_ln257)> <Delay = 1.23> <CoreInst = "RAM">   --->   Core 83 'RAM' <Latency = 1> <II = 1> <Delay = 1.23> <Storage> <Opcode : 'load' 'store'> <Ports = 2> <Width = 64> <Depth = 52> <RAM>
ST_5 : Operation 87 [1/1] (0.00ns)   --->   "%store_ln0 = store i1 1, i1 %guard_variable_for_synth_execute_top_unsigned_char_unsigned_long_unsigned_long_unsigned_long_state"   --->   Operation 87 'store' 'store_ln0' <Predicate = (!guard_variable_for_synth_execute_top_unsigned_char_unsigned_long_unsigned_long_unsigned_long_state_load & icmp_ln257)> <Delay = 0.00>
ST_5 : Operation 88 [1/1] (0.00ns)   --->   "%br_ln0 = br void %._crit_edge"   --->   Operation 88 'br' 'br_ln0' <Predicate = (!guard_variable_for_synth_execute_top_unsigned_char_unsigned_long_unsigned_long_unsigned_long_state_load & icmp_ln257)> <Delay = 0.00>
ST_5 : Operation 89 [1/1] (0.00ns)   --->   "%store_ln3092 = store i8 %seed_uopc_read, i8 %state_issue_issued_uops_uopc_1" [/home/lab_726/boom/hls_boom/src/boom_core_merged.cpp:3092]   --->   Operation 89 'store' 'store_ln3092' <Predicate = (icmp_ln257) | (guard_variable_for_synth_execute_top_unsigned_char_unsigned_long_unsigned_long_unsigned_long_state_load)> <Delay = 0.00>
ST_5 : Operation 90 [1/1] (0.00ns)   --->   "%tmp_1 = partselect i4 @_ssdm_op_PartSelect.i4.i8.i32.i32, i8 %seed_uopc_read, i32 4, i32 7" [/home/lab_726/boom/hls_boom/src/boom_core_merged.cpp:3095]   --->   Operation 90 'partselect' 'tmp_1' <Predicate = (icmp_ln257) | (guard_variable_for_synth_execute_top_unsigned_char_unsigned_long_unsigned_long_unsigned_long_state_load)> <Delay = 0.00>
ST_5 : Operation 91 [1/1] (0.72ns)   --->   "%icmp_ln3095 = icmp_ne  i4 %tmp_1, i4 0" [/home/lab_726/boom/hls_boom/src/boom_core_merged.cpp:3095]   --->   Operation 91 'icmp' 'icmp_ln3095' <Predicate = (icmp_ln257) | (guard_variable_for_synth_execute_top_unsigned_char_unsigned_long_unsigned_long_unsigned_long_state_load)> <Delay = 0.72> <CoreInst = "Cmp">   --->   Core 9 'Cmp' <Latency = 0> <II = 1> <Delay = 0.84> <FuncUnit> <Opcode : 'icmp'> <InPorts = 2> <OutPorts = 1>
ST_5 : Operation 92 [1/1] (0.84ns)   --->   "%icmp_ln3095_1 = icmp_ult  i8 %seed_uopc_read, i8 21" [/home/lab_726/boom/hls_boom/src/boom_core_merged.cpp:3095]   --->   Operation 92 'icmp' 'icmp_ln3095_1' <Predicate = (icmp_ln257) | (guard_variable_for_synth_execute_top_unsigned_char_unsigned_long_unsigned_long_unsigned_long_state_load)> <Delay = 0.84> <CoreInst = "Cmp">   --->   Core 9 'Cmp' <Latency = 0> <II = 1> <Delay = 0.84> <FuncUnit> <Opcode : 'icmp'> <InPorts = 2> <OutPorts = 1>
ST_5 : Operation 93 [1/1] (0.28ns)   --->   "%and_ln3095 = and i1 %icmp_ln3095, i1 %icmp_ln3095_1" [/home/lab_726/boom/hls_boom/src/boom_core_merged.cpp:3095]   --->   Operation 93 'and' 'and_ln3095' <Predicate = (icmp_ln257) | (guard_variable_for_synth_execute_top_unsigned_char_unsigned_long_unsigned_long_unsigned_long_state_load)> <Delay = 0.28> <CoreInst = "LogicGate">   --->   Core 74 'LogicGate' <Latency = 0> <II = 1> <Delay = 0.28> <FuncUnit> <Opcode : 'and' 'or' 'xor'> <InPorts = 2> <OutPorts = 1>
ST_5 : Operation 94 [1/1] (0.00ns)   --->   "%store_ln3094 = store i1 %and_ln3095, i1 %state_issue_issued_uops_fu_code_1" [/home/lab_726/boom/hls_boom/src/boom_core_merged.cpp:3094]   --->   Operation 94 'store' 'store_ln3094' <Predicate = (icmp_ln257) | (guard_variable_for_synth_execute_top_unsigned_char_unsigned_long_unsigned_long_unsigned_long_state_load)> <Delay = 0.00>
ST_5 : Operation 95 [1/1] (1.23ns)   --->   "%store_ln278 = store i64 %seed_rs1_read, i64 1" [/home/lab_726/boom/hls_boom/include/boom_state.hpp:278]   --->   Operation 95 'store' 'store_ln278' <Predicate = (icmp_ln257) | (guard_variable_for_synth_execute_top_unsigned_char_unsigned_long_unsigned_long_unsigned_long_state_load)> <Delay = 1.23> <CoreInst = "RAM">   --->   Core 83 'RAM' <Latency = 1> <II = 1> <Delay = 1.23> <Storage> <Opcode : 'load' 'store'> <Ports = 2> <Width = 64> <Depth = 52> <RAM>
ST_5 : Operation 96 [1/1] (1.23ns)   --->   "%store_ln279 = store i64 %seed_rs1_read, i64 1" [/home/lab_726/boom/hls_boom/include/boom_state.hpp:279]   --->   Operation 96 'store' 'store_ln279' <Predicate = (icmp_ln257) | (guard_variable_for_synth_execute_top_unsigned_char_unsigned_long_unsigned_long_unsigned_long_state_load)> <Delay = 1.23> <CoreInst = "RAM">   --->   Core 83 'RAM' <Latency = 1> <II = 1> <Delay = 1.23> <Storage> <Opcode : 'load' 'store'> <Ports = 2> <Width = 64> <Depth = 52> <RAM>
ST_5 : Operation 97 [1/1] (0.00ns)   --->   "%state_int_rf_latest_bank_load = load i64 %state_int_rf_latest_bank" [/home/lab_726/boom/hls_boom/include/boom_state.hpp:280]   --->   Operation 97 'load' 'state_int_rf_latest_bank_load' <Predicate = (icmp_ln257) | (guard_variable_for_synth_execute_top_unsigned_char_unsigned_long_unsigned_long_unsigned_long_state_load)> <Delay = 0.00>
ST_5 : Operation 98 [1/1] (0.00ns)   --->   "%tmp = partselect i61 @_ssdm_op_PartSelect.i61.i64.i32.i32, i64 %state_int_rf_latest_bank_load, i32 3, i32 63" [/home/lab_726/boom/hls_boom/include/boom_state.hpp:280]   --->   Operation 98 'partselect' 'tmp' <Predicate = (icmp_ln257) | (guard_variable_for_synth_execute_top_unsigned_char_unsigned_long_unsigned_long_unsigned_long_state_load)> <Delay = 0.00>
ST_5 : Operation 99 [1/1] (0.00ns)   --->   "%trunc_ln280 = trunc i64 %state_int_rf_latest_bank_load" [/home/lab_726/boom/hls_boom/include/boom_state.hpp:280]   --->   Operation 99 'trunc' 'trunc_ln280' <Predicate = (icmp_ln257) | (guard_variable_for_synth_execute_top_unsigned_char_unsigned_long_unsigned_long_unsigned_long_state_load)> <Delay = 0.00>
ST_5 : Operation 100 [1/1] (0.00ns)   --->   "%and_ln = bitconcatenate i64 @_ssdm_op_BitConcatenate.i64.i61.i2.i1, i61 %tmp, i2 0, i1 %trunc_ln280" [/home/lab_726/boom/hls_boom/include/boom_state.hpp:280]   --->   Operation 100 'bitconcatenate' 'and_ln' <Predicate = (icmp_ln257) | (guard_variable_for_synth_execute_top_unsigned_char_unsigned_long_unsigned_long_unsigned_long_state_load)> <Delay = 0.00>
ST_5 : Operation 101 [1/1] (0.42ns)   --->   "%store_ln280 = store i64 %and_ln, i64 %state_int_rf_latest_bank" [/home/lab_726/boom/hls_boom/include/boom_state.hpp:280]   --->   Operation 101 'store' 'store_ln280' <Predicate = (icmp_ln257) | (guard_variable_for_synth_execute_top_unsigned_char_unsigned_long_unsigned_long_unsigned_long_state_load)> <Delay = 0.42>

State 6 <SV = 5> <Delay = 1.23>
ST_6 : Operation 102 [1/1] (1.23ns)   --->   "%store_ln278 = store i64 %seed_rs2_read, i64 2" [/home/lab_726/boom/hls_boom/include/boom_state.hpp:278]   --->   Operation 102 'store' 'store_ln278' <Predicate = true> <Delay = 1.23> <CoreInst = "RAM">   --->   Core 83 'RAM' <Latency = 1> <II = 1> <Delay = 1.23> <Storage> <Opcode : 'load' 'store'> <Ports = 2> <Width = 64> <Depth = 52> <RAM>
ST_6 : Operation 103 [1/1] (1.23ns)   --->   "%store_ln279 = store i64 %seed_rs2_read, i64 2" [/home/lab_726/boom/hls_boom/include/boom_state.hpp:279]   --->   Operation 103 'store' 'store_ln279' <Predicate = true> <Delay = 1.23> <CoreInst = "RAM">   --->   Core 83 'RAM' <Latency = 1> <II = 1> <Delay = 1.23> <Storage> <Opcode : 'load' 'store'> <Ports = 2> <Width = 64> <Depth = 52> <RAM>

State 7 <SV = 6> <Delay = 0.00>
ST_7 : Operation 104 [1/1] (0.00ns)   --->   "%store_ln3090 = store i1 0, i1 %state_execute_alu_results_valid_1" [/home/lab_726/boom/hls_boom/src/boom_core_merged.cpp:3090]   --->   Operation 104 'store' 'store_ln3090' <Predicate = true> <Delay = 0.00>
ST_7 : Operation 105 [1/1] (0.00ns)   --->   "%store_ln3090 = store i64 0, i64 %state_execute_alu_results_result_1" [/home/lab_726/boom/hls_boom/src/boom_core_merged.cpp:3090]   --->   Operation 105 'store' 'store_ln3090' <Predicate = true> <Delay = 0.00>
ST_7 : Operation 106 [1/1] (0.00ns)   --->   "%store_ln3091 = store i1 1, i1 %state_issue_issued_valids_1" [/home/lab_726/boom/hls_boom/src/boom_core_merged.cpp:3091]   --->   Operation 106 'store' 'store_ln3091' <Predicate = true> <Delay = 0.00>
ST_7 : Operation 107 [1/1] (0.00ns)   --->   "%store_ln3093 = store i1 1, i1 %state_issue_issued_uops_iq_type_1" [/home/lab_726/boom/hls_boom/src/boom_core_merged.cpp:3093]   --->   Operation 107 'store' 'store_ln3093' <Predicate = true> <Delay = 0.00>
ST_7 : Operation 108 [1/1] (0.00ns)   --->   "%store_ln3096 = store i1 1, i1 %state_issue_issued_uops_rename_prs1_1" [/home/lab_726/boom/hls_boom/src/boom_core_merged.cpp:3096]   --->   Operation 108 'store' 'store_ln3096' <Predicate = true> <Delay = 0.00>
ST_7 : Operation 109 [1/1] (0.00ns)   --->   "%store_ln3097 = store i2 2, i2 %state_issue_issued_uops_rename_prs2_1" [/home/lab_726/boom/hls_boom/src/boom_core_merged.cpp:3097]   --->   Operation 109 'store' 'store_ln3097' <Predicate = true> <Delay = 0.00>
ST_7 : Operation 110 [2/2] (0.00ns)   --->   "%call_ln3102 = call void @execute_module, i64 %state_int_rf_latest_bank, i1 %state_issue_issued_uops_fu_code_1, i8 %state_issue_issued_uops_uopc_1, i1 %state_issue_issued_valids_1, i1 %state_issue_issued_uops_iq_type_1, i1 %state_issue_issued_uops_rename_prs1_1, i2 %state_issue_issued_uops_rename_prs2_1, i1 %state_rename_int_free_list_busy_table, i64 %state_int_rf_bank0, i64 %state_int_rf_bank1, i1 %state_execute_alu_results_valid_1, i64 %state_execute_alu_results_result_1" [/home/lab_726/boom/hls_boom/src/boom_core_merged.cpp:3102]   --->   Operation 110 'call' 'call_ln3102' <Predicate = true> <Delay = 0.00> <CoreType = "Generic">   --->   Core 0 '' <Latency = 0> <II = 1> <Delay = 1.00> <Generic> <Opcode : >

State 8 <SV = 7> <Delay = 0.00>
ST_8 : Operation 111 [1/2] (0.00ns)   --->   "%call_ln3102 = call void @execute_module, i64 %state_int_rf_latest_bank, i1 %state_issue_issued_uops_fu_code_1, i8 %state_issue_issued_uops_uopc_1, i1 %state_issue_issued_valids_1, i1 %state_issue_issued_uops_iq_type_1, i1 %state_issue_issued_uops_rename_prs1_1, i2 %state_issue_issued_uops_rename_prs2_1, i1 %state_rename_int_free_list_busy_table, i64 %state_int_rf_bank0, i64 %state_int_rf_bank1, i1 %state_execute_alu_results_valid_1, i64 %state_execute_alu_results_result_1" [/home/lab_726/boom/hls_boom/src/boom_core_merged.cpp:3102]   --->   Operation 111 'call' 'call_ln3102' <Predicate = true> <Delay = 0.00> <CoreType = "Generic">   --->   Core 0 '' <Latency = 0> <II = 1> <Delay = 1.00> <Generic> <Opcode : >

State 9 <SV = 8> <Delay = 0.00>
ST_9 : Operation 112 [1/1] (0.00ns)   --->   "%state_execute_alu_results_result_1_load = load i64 %state_execute_alu_results_result_1" [/home/lab_726/boom/hls_boom/src/boom_core_merged.cpp:3103]   --->   Operation 112 'load' 'state_execute_alu_results_result_1_load' <Predicate = true> <Delay = 0.00>
ST_9 : Operation 113 [1/1] (0.00ns)   --->   "%write_ln3103 = write void @_ssdm_op_Write.ap_auto.i64P0A, i64 %observable, i64 %state_execute_alu_results_result_1_load" [/home/lab_726/boom/hls_boom/src/boom_core_merged.cpp:3103]   --->   Operation 113 'write' 'write_ln3103' <Predicate = true> <Delay = 0.00>
ST_9 : Operation 114 [1/1] (0.00ns)   --->   "%ret_ln3104 = ret" [/home/lab_726/boom/hls_boom/src/boom_core_merged.cpp:3104]   --->   Operation 114 'ret' 'ret_ln3104' <Predicate = true> <Delay = 0.00>


============================================================
+ Verbose Summary: Timing violations
============================================================
Target clock period: 10ns, clock uncertainty: 2.7ns.

 <State 1>: 0.427ns
The critical path consists of the following:
	'alloca' operation ('i') [34]  (0 ns)
	'store' operation ('store_ln49', /home/lab_726/boom/hls_boom/include/boom_state.hpp:49->/home/lab_726/boom/hls_boom/src/boom_core_merged.cpp:3089) of constant 0 on local variable 'i' [35]  (0.427 ns)

 <State 2>: 1.46ns
The critical path consists of the following:
	'load' operation ('i', /home/lab_726/boom/hls_boom/include/boom_state.hpp:49->/home/lab_726/boom/hls_boom/src/boom_core_merged.cpp:3089) on local variable 'i' [38]  (0 ns)
	'add' operation ('add_ln49', /home/lab_726/boom/hls_boom/include/boom_state.hpp:49->/home/lab_726/boom/hls_boom/src/boom_core_merged.cpp:3089) [42]  (0.781 ns)
	'store' operation ('store_ln49', /home/lab_726/boom/hls_boom/include/boom_state.hpp:49->/home/lab_726/boom/hls_boom/src/boom_core_merged.cpp:3089) of variable 'add_ln49', /home/lab_726/boom/hls_boom/include/boom_state.hpp:49->/home/lab_726/boom/hls_boom/src/boom_core_merged.cpp:3089 on local variable 'i' [48]  (0.427 ns)
	blocking operation 0.254 ns on control path)

 <State 3>: 0.975ns
The critical path consists of the following:
	'load' operation ('phi_ln127_load', /home/lab_726/boom/hls_boom/include/boom_state.hpp:127->/home/lab_726/boom/hls_boom/include/boom_state.hpp:255->/home/lab_726/boom/hls_boom/src/boom_core_merged.cpp:3089) on local variable 'phi_ln127' [56]  (0 ns)
	'add' operation ('add_ln127', /home/lab_726/boom/hls_boom/include/boom_state.hpp:127->/home/lab_726/boom/hls_boom/include/boom_state.hpp:255->/home/lab_726/boom/hls_boom/src/boom_core_merged.cpp:3089) [57]  (0.548 ns)
	'store' operation ('store_ln127', /home/lab_726/boom/hls_boom/include/boom_state.hpp:127->/home/lab_726/boom/hls_boom/include/boom_state.hpp:255->/home/lab_726/boom/hls_boom/src/boom_core_merged.cpp:3089) of variable 'add_ln127', /home/lab_726/boom/hls_boom/include/boom_state.hpp:127->/home/lab_726/boom/hls_boom/include/boom_state.hpp:255->/home/lab_726/boom/hls_boom/src/boom_core_merged.cpp:3089 on local variable 'phi_ln127' [68]  (0.427 ns)

 <State 4>: 0.975ns
The critical path consists of the following:
	'load' operation ('i', /home/lab_726/boom/hls_boom/include/boom_state.hpp:127->/home/lab_726/boom/hls_boom/include/boom_state.hpp:255->/home/lab_726/boom/hls_boom/src/boom_core_merged.cpp:3089) on local variable 'i' [75]  (0 ns)
	'add' operation ('add_ln127_1', /home/lab_726/boom/hls_boom/include/boom_state.hpp:127->/home/lab_726/boom/hls_boom/include/boom_state.hpp:255->/home/lab_726/boom/hls_boom/src/boom_core_merged.cpp:3089) [78]  (0.548 ns)
	'store' operation ('store_ln127', /home/lab_726/boom/hls_boom/include/boom_state.hpp:127->/home/lab_726/boom/hls_boom/include/boom_state.hpp:255->/home/lab_726/boom/hls_boom/src/boom_core_merged.cpp:3089) of variable 'add_ln127_1', /home/lab_726/boom/hls_boom/include/boom_state.hpp:127->/home/lab_726/boom/hls_boom/include/boom_state.hpp:255->/home/lab_726/boom/hls_boom/src/boom_core_merged.cpp:3089 on local variable 'i' [88]  (0.427 ns)

 <State 5>: 2.02ns
The critical path consists of the following:
	'store' operation ('store_ln262', /home/lab_726/boom/hls_boom/include/boom_state.hpp:262->/home/lab_726/boom/hls_boom/src/boom_core_merged.cpp:3089) of constant 0 on array 'state_int_rf_bank0' [111]  (1.24 ns)
	blocking operation 0.785 ns on control path)

 <State 6>: 1.24ns
The critical path consists of the following:
	'store' operation ('store_ln278', /home/lab_726/boom/hls_boom/include/boom_state.hpp:278) of variable 'seed_rs2', /home/lab_726/boom/hls_boom/src/boom_core_merged.cpp:3088 on array 'state_int_rf_bank0' [131]  (1.24 ns)

 <State 7>: 0ns
The critical path consists of the following:

 <State 8>: 0ns
The critical path consists of the following:

 <State 9>: 0ns
The critical path consists of the following:


============================================================
+ Verbose Summary: Binding
============================================================
N/A
* FSMD analyzer results:
  - Output states:
 - Input state : 
  - Chain level:
	State 1
	State 2
	State 3
	State 4
	State 5
	State 6
	State 7
	State 8
	State 9


============================================================
+ Verbose Summary: Datapath Resource usage 
============================================================
N/A
