#-----------------------------------------------------------
# xsim v2021.2 (64-bit)
# SW Build 3367213 on Tue Oct 19 02:47:39 MDT 2021
# IP Build 3369179 on Thu Oct 21 08:25:16 MDT 2021
# Start of session at: Tue Aug 11 14:32:51 2026
# Process ID: 9294
# Current directory: /home/lab_726/boom/hls_boom/build/gate5_1_frontend_rtl/xsim
# Command line: xsim -log /home/lab_726/boom/hls_boom/reports/gate5_1_frontend/rtl/logs/xsim.log -mode tcl -source {xsim.dir/frontend_foundation_rtl_snapshot/xsim_script.tcl}
# Log file: /home/lab_726/boom/hls_boom/reports/gate5_1_frontend/rtl/logs/xsim.log
# Journal file: /home/lab_726/boom/hls_boom/build/gate5_1_frontend_rtl/xsim/xsim.jou
# Running On: 726, OS: Linux, CPU Frequency: 4668.831 MHz, CPU Physical cores: 14, Host memory: 67148 MB
#-----------------------------------------------------------
source xsim.dir/frontend_foundation_rtl_snapshot/xsim_script.tcl
# xsim {frontend_foundation_rtl_snapshot} -autoloadwcfg -runall -onerror quit
Time resolution is 1 ps
run -all
CASE_FAIL,initial_request,exactly one initial request was not accepted
Fatal: FRONTEND_RTL_FAIL case=initial_request reason=exactly one initial request was not accepted
Time: 70 ns  Iteration: 0  Process: /frontend_foundation_rtl_tb/fail  Scope: frontend_foundation_rtl_tb.fail  File: /home/lab_726/boom/hls_boom/rtl_tb/frontend_foundation_rtl_tb.sv Line: 73
$finish called at time : 70 ns
exit
INFO: [Common 17-206] Exiting xsim at Tue Aug 11 14:32:55 2026...
