#-----------------------------------------------------------
# xsim v2021.2 (64-bit)
# SW Build 3367213 on Tue Oct 19 02:47:39 MDT 2021
# IP Build 3369179 on Thu Oct 21 08:25:16 MDT 2021
# Start of session at: Thu Sep  3 14:16:31 2026
# Process ID: 30012
# Current directory: /tmp/boom_hls/gate5_4_product_integration/pf1/rtl/xsim
# Command line: xsim -log /home/lab_726/boom/hls_boom/reports/gate5_4_product_integration/pf1/logs/pf1_exception_rtl.log -mode tcl -source {xsim.dir/pf1_exception_snapshot/xsim_script.tcl}
# Log file: /home/lab_726/boom/hls_boom/reports/gate5_4_product_integration/pf1/logs/pf1_exception_rtl.log
# Journal file: /tmp/boom_hls/gate5_4_product_integration/pf1/rtl/xsim/xsim.jou
# Running On: 726, OS: Linux, CPU Frequency: 4838.803 MHz, CPU Physical cores: 14, Host memory: 67148 MB
#-----------------------------------------------------------
source xsim.dir/pf1_exception_snapshot/xsim_script.tcl
# xsim {pf1_exception_snapshot} -autoloadwcfg -runall -onerror quit
Time resolution is 1 ps
run -all
CASE_PASS,pf1_0,precise_take_epc_cause_recovery
CASE_PASS,pf1_1,precise_take_epc_cause_recovery
CASE_PASS,pf1_2,precise_take_epc_cause_recovery
CASE_PASS,pf1_3,precise_take_epc_cause_recovery
CASE_PASS,pf1_4,precise_take_epc_cause_recovery
CASE_PASS,pf1_5,precise_take_epc_cause_recovery
CASE_PASS,pf1_6,precise_take_epc_cause_recovery
CASE_PASS,pf1_7,precise_take_epc_cause_recovery
CASE_PASS,pf1_8,precise_take_epc_cause_recovery
CASE_PASS,pf1_9,precise_take_epc_cause_recovery
CASE_PASS,pf1_10,precise_take_epc_cause_recovery
CASE_PASS,pf1_11,precise_take_epc_cause_recovery
CASE_PASS,pf1_12,precise_take_epc_cause_recovery
CASE_PASS,pf1_13,precise_take_epc_cause_recovery
CASE_PASS,pf1_14,precise_take_epc_cause_recovery
CASE_PASS,pf1_15,precise_take_epc_cause_recovery
CASE_PASS,pf1_16,precise_take_epc_cause_recovery
CASE_PASS,pf1_17,precise_take_epc_cause_recovery
CASE_PASS,pf1_18,precise_take_epc_cause_recovery
CASE_PASS,pf1_19,precise_take_epc_cause_recovery
CASE_PASS,pf1_20,precise_take_epc_cause_recovery
CASE_PASS,pf1_21,precise_take_epc_cause_recovery
CASE_PASS,pf1_22,precise_take_epc_cause_recovery
CASE_PASS,pf1_23,precise_take_epc_cause_recovery
CASE_PASS,pf1_24,precise_take_epc_cause_recovery
CASE_PASS,pf1_25,precise_take_epc_cause_recovery
CASE_PASS,pf1_26,precise_take_epc_cause_recovery
CASE_PASS,pf1_27,precise_take_epc_cause_recovery
CASE_PASS,pf1_28,precise_take_epc_cause_recovery
CASE_PASS,pf1_29,precise_take_epc_cause_recovery
CASE_PASS,pf1_30,precise_take_epc_cause_recovery
CASE_PASS,pf1_31,precise_take_epc_cause_recovery
CASE_PASS,pf1_32,precise_take_epc_cause_recovery
CASE_PASS,pf1_33,precise_take_epc_cause_recovery
CASE_PASS,pf1_34,precise_take_epc_cause_recovery
CASE_PASS,pf1_35,precise_take_epc_cause_recovery
CASE_PASS,pf1_36,precise_take_epc_cause_recovery
CASE_PASS,pf1_37,precise_take_epc_cause_recovery
CASE_PASS,pf1_38,precise_take_epc_cause_recovery
CASE_PASS,pf1_39,precise_take_epc_cause_recovery
CASE_PASS,pf1_40,precise_take_epc_cause_recovery
CASE_PASS,pf1_41,precise_take_epc_cause_recovery
CASE_PASS,pf1_42,precise_take_epc_cause_recovery
CASE_PASS,pf1_43,precise_take_epc_cause_recovery
CASE_PASS,pf1_44,precise_take_epc_cause_recovery
CASE_PASS,pf1_45,precise_take_epc_cause_recovery
CASE_PASS,pf1_46,precise_take_epc_cause_recovery
CASE_PASS,pf1_47,precise_take_epc_cause_recovery
CASE_PASS,pf1_48,precise_take_epc_cause_recovery
CASE_PASS,pf1_49,precise_take_epc_cause_recovery
CASE_PASS,pf1_50,precise_take_epc_cause_recovery
CASE_PASS,pf1_51,precise_take_epc_cause_recovery
CASE_PASS,pf1_52,precise_take_epc_cause_recovery
CASE_PASS,pf1_53,precise_take_epc_cause_recovery
CASE_PASS,pf1_54,precise_take_epc_cause_recovery
CASE_PASS,pf1_55,precise_take_epc_cause_recovery
CASE_PASS,pf1_56,precise_take_epc_cause_recovery
CASE_PASS,pf1_57,precise_take_epc_cause_recovery
CASE_PASS,pf1_58,precise_take_epc_cause_recovery
CASE_PASS,pf1_59,precise_take_epc_cause_recovery
CASE_PASS,pf1_60,precise_take_epc_cause_recovery
CASE_PASS,pf1_61,precise_take_epc_cause_recovery
CASE_PASS,pf1_62,precise_take_epc_cause_recovery
CASE_PASS,pf1_63,precise_take_epc_cause_recovery
PF1_EXCEPTION_RTL_PASS cases=64
$finish called at time : 128 ns : File "/home/lab_726/boom/hls_boom/rtl_tb/exception_recovery_rtl_tb.sv" Line 52
exit
INFO: [Common 17-206] Exiting xsim at Thu Sep  3 14:16:35 2026...
