#-----------------------------------------------------------
# xsim v2021.2 (64-bit)
# SW Build 3367213 on Tue Oct 19 02:47:39 MDT 2021
# IP Build 3369179 on Thu Oct 21 08:25:16 MDT 2021
# Start of session at: Tue Aug  4 18:47:20 2026
# Process ID: 230127
# Current directory: /home/lab_726/boom/hls_boom/build/gate4_0/w4_rtl/xsim
# Command line: xsim -log /home/lab_726/boom/hls_boom/reports/gate4_0/w4/rtl_logs/core_step_queued_response_retention.log -mode tcl -source {xsim.dir/w4_core_step_retention_snapshot/xsim_script.tcl}
# Log file: /home/lab_726/boom/hls_boom/reports/gate4_0/w4/rtl_logs/core_step_queued_response_retention.log
# Journal file: /home/lab_726/boom/hls_boom/build/gate4_0/w4_rtl/xsim/xsim.jou
# Running On: 726, OS: Linux, CPU Frequency: 800.000 MHz, CPU Physical cores: 14, Host memory: 67148 MB
#-----------------------------------------------------------
source xsim.dir/w4_core_step_retention_snapshot/xsim_script.tcl
# xsim {w4_core_step_retention_snapshot} -testplusarg SEED=37 -testplusarg EXPECT=00000000000007ff -autoloadwcfg -runall -onerror quit
Time resolution is 1 ps
run -all
W4_CORE_STEP_RETENTION_STAGE0_RTL_PASS seed=37 expected=000000000000077f observed=000000000000077f
W4_CORE_STEP_RETENTION_RTL_PASS seed=37 expected=00000000000007ff observed=00000000000007ff
$finish called at time : 29685 ns : File "/home/lab_726/boom/hls_boom/rtl_tb/gate4_0/w4_core_step_retention_tb.sv" Line 48
exit
INFO: [Common 17-206] Exiting xsim at Tue Aug  4 18:47:24 2026...
