==============================================================
Vitis HLS - High-Level Synthesis from C, C++ and OpenCL v2021.2 (64-bit)
Copyright 1986-2021 Xilinx, Inc. All Rights Reserved.
==============================================================
INFO: [HLS 200-1505] Using default flow_target 'vivado'
INFO: [HLS 200-1510] Running: set_part xczu7ev-ffvc1156-2-e 
INFO: [HLS 200-1611] Setting target device to 'xczu7ev-ffvc1156-2-e'
INFO: [HLS 200-1510] Running: create_clock -period 10 -name default 
INFO: [SYN 201-201] Setting up clock 'default' with a period of 10ns.
INFO: [HLS 200-1510] Running: config_compile -pipeline_loops 0 
INFO: [XFORM 203-1171] Pipeline the innermost loop with trip count more than 0 or its parent loop when its trip count is less than or equal 0.
INFO: [HLS 200-1510] Running: csynth_design 
INFO: [HLS 200-111] Finished File checks and directory preparation: CPU user time: 0.01 seconds. CPU system time: 0 seconds. Elapsed time: 0 seconds; current allocated memory: 1.321 GB.
INFO: [HLS 200-10] Analyzing design file '/home/lab_726/boom/hls_boom/src/boom_core_merged.cpp' ... 
INFO: [HLS 200-111] Finished Source Code Analysis and Preprocessing: CPU user time: 0.86 seconds. CPU system time: 0.3 seconds. Elapsed time: 0.62 seconds; current allocated memory: 418.109 MB.
INFO: [HLS 200-777] Using interface defaults for 'Vivado' flow target.
INFO: [HLS 214-284] Auto array partition mode is set into default.
INFO: [HLS 214-178] Inlining function 'MicroOp::MicroOp() (.17.23.29.35.41.47.53.59)' into 'FrontendState::FrontendState()' (/home/lab_726/boom/hls_boom/include/boom_state.hpp:26:0)
INFO: [HLS 214-178] Inlining function 'MicroOp::MicroOp() (.17.23.29.35.41.47.53.59)' into 'DecodeState::DecodeState()' (/home/lab_726/boom/hls_boom/include/boom_state.hpp:32:0)
INFO: [HLS 214-178] Inlining function 'RenameMapTableState::RenameMapTableState()' into 'RenameState::RenameState()' (/home/lab_726/boom/hls_boom/include/boom_state.hpp:74:0)
INFO: [HLS 214-178] Inlining function 'RenameFreeListState::RenameFreeListState()' into 'RenameState::RenameState()' (/home/lab_726/boom/hls_boom/include/boom_state.hpp:74:0)
INFO: [HLS 214-178] Inlining function 'MicroOp::MicroOp() (.17.23.29.35.41.47.53.59)' into 'RenameState::RenameState()' (/home/lab_726/boom/hls_boom/include/boom_state.hpp:74:0)
INFO: [HLS 214-178] Inlining function 'MicroOp::MicroOp() (.17.23.29.35.41.47.53.59)' into 'IssueSlotEntry::IssueSlotEntry()' (/home/lab_726/boom/hls_boom/include/boom_types.hpp:99:0)
INFO: [HLS 214-178] Inlining function 'IssueSlotEntry::IssueSlotEntry()' into 'IssueQueueState::IssueQueueState()' (/home/lab_726/boom/hls_boom/include/boom_state.hpp:81:0)
INFO: [HLS 214-178] Inlining function 'MicroOp::MicroOp() (.17.23.29.35.41.47.53.59)' into 'IssueGrant::IssueGrant()' (/home/lab_726/boom/hls_boom/include/boom_types.hpp:76:0)
INFO: [HLS 214-178] Inlining function 'IssueGrant::IssueGrant()' into 'IssueState::IssueState()' (/home/lab_726/boom/hls_boom/include/boom_state.hpp:98:0)
INFO: [HLS 214-178] Inlining function 'MicroOp::MicroOp() (.17.23.29.35.41.47.53.59)' into 'IssueState::IssueState()' (/home/lab_726/boom/hls_boom/include/boom_state.hpp:98:0)
INFO: [HLS 214-178] Inlining function 'MicroOp::MicroOp() (.17.23.29.35.41.47.53.59)' into 'ExecuteState::AluResult::AluResult()' (/home/lab_726/boom/hls_boom/include/boom_state.hpp:117:0)
INFO: [HLS 214-178] Inlining function 'ExecuteState::AluResult::AluResult()' into 'ExecuteState::ExecuteState()' (/home/lab_726/boom/hls_boom/include/boom_state.hpp:120:0)
INFO: [HLS 214-178] Inlining function 'MicroOp::MicroOp() (.17.23.29.35.41.47.53.59)' into 'RobEntry::RobEntry()' (/home/lab_726/boom/hls_boom/include/boom_types.hpp:90:0)
INFO: [HLS 214-178] Inlining function 'RobEntry::RobEntry()' into 'RobInternalState::RobInternalState()' (/home/lab_726/boom/hls_boom/include/boom_state.hpp:133:0)
INFO: [HLS 214-178] Inlining function 'CommitEntry::CommitEntry()' into 'RobInternalState::RobInternalState()' (/home/lab_726/boom/hls_boom/include/boom_state.hpp:133:0)
INFO: [HLS 214-178] Inlining function 'StoreQueueEntry::StoreQueueEntry()' into 'LsuState::LsuState()' (/home/lab_726/boom/hls_boom/include/boom_state.hpp:174:0)
INFO: [HLS 214-178] Inlining function 'LoadQueueEntry::LoadQueueEntry()' into 'LsuState::LsuState()' (/home/lab_726/boom/hls_boom/include/boom_state.hpp:174:0)
INFO: [HLS 214-178] Inlining function 'MicroOp::MicroOp() (.17.23.29.35.41.47.53.59)' into 'BranchUpdate::BranchUpdate()' (/home/lab_726/boom/hls_boom/include/boom_types.hpp:108:0)
INFO: [HLS 214-178] Inlining function 'FrontendState::FrontendState()' into 'BoomCoreState::BoomCoreState()' (/home/lab_726/boom/hls_boom/include/boom_state.hpp:198:0)
INFO: [HLS 214-178] Inlining function 'CsrState::CsrState()' into 'BoomCoreState::BoomCoreState()' (/home/lab_726/boom/hls_boom/include/boom_state.hpp:198:0)
INFO: [HLS 214-178] Inlining function 'LsuState::LsuState()' into 'BoomCoreState::BoomCoreState()' (/home/lab_726/boom/hls_boom/include/boom_state.hpp:198:0)
INFO: [HLS 214-178] Inlining function 'BranchRecoveryState::BranchRecoveryState()' into 'BoomCoreState::BoomCoreState()' (/home/lab_726/boom/hls_boom/include/boom_state.hpp:198:0)
INFO: [HLS 214-178] Inlining function 'BranchUpdate::BranchUpdate()' into 'BoomCoreState::BoomCoreState()' (/home/lab_726/boom/hls_boom/include/boom_state.hpp:198:0)
INFO: [HLS 214-178] Inlining function 'IssueSlotEntry::IssueSlotEntry()' into 'boom::compact_iq(IssueQueueState&)' (/home/lab_726/boom/hls_boom/src/boom_core_merged.cpp:533:0)
INFO: [HLS 214-178] Inlining function 'boom::killed_by_branch(MicroOp const&, unsigned char)' into 'boom::issue_module(BoomCoreState&)' (/home/lab_726/boom/hls_boom/src/boom_core_merged.cpp:544:0)
INFO: [HLS 214-178] Inlining function 'boom::preg_busy(BoomCoreState const&, unsigned char)' into 'boom::issue_module(BoomCoreState&)' (/home/lab_726/boom/hls_boom/src/boom_core_merged.cpp:544:0)
INFO: [HLS 214-178] Inlining function 'classify_issue_port(MicroOp const&)' into 'boom::issue_module(BoomCoreState&)' (/home/lab_726/boom/hls_boom/src/boom_core_merged.cpp:544:0)
INFO: [HLS 214-178] Inlining function 'MicroOp::MicroOp() (.17.23.29.35.41.47.53.59)' into 'boom::issue_module(BoomCoreState&)' (/home/lab_726/boom/hls_boom/src/boom_core_merged.cpp:544:0)
INFO: [HLS 214-270] Starting automatic array partition analysis...
INFO: [HLS 200-111] Finished Compiling Optimization and Transform: CPU user time: 19.2 seconds. CPU system time: 0.3 seconds. Elapsed time: 19.5 seconds; current allocated memory: 439.660 MB.
INFO: [HLS 200-111] Finished Checking Pragmas: CPU user time: 0 seconds. CPU system time: 0 seconds. Elapsed time: 0 seconds; current allocated memory: 439.660 MB.
INFO: [HLS 200-10] Starting code transformations ...
INFO: [HLS 200-111] Finished Standard Transforms: CPU user time: 0.21 seconds. CPU system time: 0.01 seconds. Elapsed time: 0.22 seconds; current allocated memory: 450.293 MB.
INFO: [HLS 200-10] Checking synthesizability ...
INFO: [HLS 200-111] Finished Checking Synthesizability: CPU user time: 0.15 seconds. CPU system time: 0 seconds. Elapsed time: 0.16 seconds; current allocated memory: 454.371 MB.
INFO: [XFORM 203-102] Partitioning array 'state.rename.renamed_valids' automatically.
INFO: [XFORM 203-102] Automatically partitioning small array 'state.issue.port_ready' completely based on array size.
INFO: [XFORM 203-102] Automatically partitioning small array 'state.issue.issued_valids' completely based on array size.
INFO: [XFORM 203-102] Automatically partitioning small array 'state.issue.issued_uops.queue.rob_idx' completely based on array size.
INFO: [XFORM 203-102] Automatically partitioning small array 'state.issue.grants.valid' completely based on array size.
INFO: [XFORM 203-102] Automatically partitioning small array 'state.issue.grants.uop.uopc' completely based on array size.
INFO: [XFORM 203-102] Automatically partitioning small array 'state.issue.grants.uop.rename.stale_pdst' completely based on array size.
INFO: [XFORM 203-102] Automatically partitioning small array 'state.issue.grants.uop.rename.prs3_busy' completely based on array size.
INFO: [XFORM 203-102] Automatically partitioning small array 'state.issue.grants.uop.rename.prs3' completely based on array size.
INFO: [XFORM 203-102] Automatically partitioning small array 'state.issue.grants.uop.rename.prs2_busy' completely based on array size.
INFO: [XFORM 203-102] Automatically partitioning small array 'state.issue.grants.uop.rename.prs2' completely based on array size.
INFO: [XFORM 203-102] Automatically partitioning small array 'state.issue.grants.uop.rename.prs1_busy' completely based on array size.
INFO: [XFORM 203-102] Automatically partitioning small array 'state.issue.grants.uop.rename.prs1' completely based on array size.
INFO: [XFORM 203-102] Automatically partitioning small array 'state.issue.grants.uop.rename.ppred_busy' completely based on array size.
INFO: [XFORM 203-102] Automatically partitioning small array 'state.issue.grants.uop.rename.ppred' completely based on array size.
INFO: [XFORM 203-102] Automatically partitioning small array 'state.issue.grants.uop.rename.pdst' completely based on array size.
INFO: [XFORM 203-102] Automatically partitioning small array 'state.issue.grants.uop.rename.lrs3' completely based on array size.
INFO: [XFORM 203-102] Automatically partitioning small array 'state.issue.grants.uop.rename.lrs2_rtype' completely based on array size.
INFO: [XFORM 203-102] Automatically partitioning small array 'state.issue.grants.uop.rename.lrs2' completely based on array size.
INFO: [XFORM 203-102] Automatically partitioning small array 'state.issue.grants.uop.rename.lrs1_rtype' completely based on array size.
INFO: [XFORM 203-102] Automatically partitioning small array 'state.issue.grants.uop.rename.lrs1' completely based on array size.
INFO: [XFORM 203-102] Automatically partitioning small array 'state.issue.grants.uop.rename.ldst' completely based on array size.
INFO: [XFORM 203-102] Automatically partitioning small array 'state.issue.grants.uop.rename.frs3_en' completely based on array size.
INFO: [XFORM 203-102] Automatically partitioning small array 'state.issue.grants.uop.rename.fp_val' completely based on array size.
INFO: [XFORM 203-102] Automatically partitioning small array 'state.issue.grants.uop.rename.fp_single' completely based on array size.
INFO: [XFORM 203-102] Automatically partitioning small array 'state.issue.grants.uop.rename.dst_rtype' completely based on array size.
INFO: [XFORM 203-102] Automatically partitioning small array 'state.issue.grants.uop.queue.stq_idx' completely based on array size.
INFO: [XFORM 203-102] Automatically partitioning small array 'state.issue.grants.uop.queue.rxq_idx' completely based on array size.
INFO: [XFORM 203-102] Automatically partitioning small array 'state.issue.grants.uop.queue.rob_idx' completely based on array size.
INFO: [XFORM 203-102] Automatically partitioning small array 'state.issue.grants.uop.queue.ldq_idx' completely based on array size.
INFO: [XFORM 203-102] Automatically partitioning small array 'state.issue.grants.uop.mem.uses_stq' completely based on array size.
INFO: [XFORM 203-102] Automatically partitioning small array 'state.issue.grants.uop.mem.uses_ldq' completely based on array size.
INFO: [XFORM 203-102] Automatically partitioning small array 'state.issue.grants.uop.mem.mem_size' completely based on array size.
INFO: [XFORM 203-102] Automatically partitioning small array 'state.issue.grants.uop.mem.mem_signed' completely based on array size.
INFO: [XFORM 203-102] Automatically partitioning small array 'state.issue.grants.uop.mem.mem_cmd' completely based on array size.
INFO: [XFORM 203-102] Automatically partitioning small array 'state.issue.grants.uop.mem.ldst_val' completely based on array size.
INFO: [XFORM 203-102] Automatically partitioning small array 'state.issue.grants.uop.mem.ldst_is_rs1' completely based on array size.
INFO: [XFORM 203-102] Automatically partitioning small array 'state.issue.grants.uop.mem.is_fencei' completely based on array size.
INFO: [XFORM 203-102] Automatically partitioning small array 'state.issue.grants.uop.mem.is_fence' completely based on array size.
INFO: [XFORM 203-102] Automatically partitioning small array 'state.issue.grants.uop.mem.is_amo' completely based on array size.
INFO: [XFORM 203-102] Automatically partitioning small array 'state.issue.grants.uop.iw_state' completely based on array size.
INFO: [XFORM 203-102] Automatically partitioning small array 'state.issue.grants.uop.iw_p2_poisoned' completely based on array size.
INFO: [XFORM 203-102] Automatically partitioning small array 'state.issue.grants.uop.iw_p1_poisoned' completely based on array size.
INFO: [XFORM 203-102] Automatically partitioning small array 'state.issue.grants.uop.is_unique' completely based on array size.
INFO: [XFORM 203-102] Automatically partitioning small array 'state.issue.grants.uop.is_sys_pc2epc' completely based on array size.
INFO: [XFORM 203-102] Automatically partitioning small array 'state.issue.grants.uop.is_rvc' completely based on array size.
INFO: [XFORM 203-102] Automatically partitioning small array 'state.issue.grants.uop.iq_type' completely based on array size.
INFO: [XFORM 203-102] Automatically partitioning small array 'state.issue.grants.uop.inst' completely based on array size.
INFO: [XFORM 203-102] Automatically partitioning small array 'state.issue.grants.uop.imm_packed' completely based on array size.
INFO: [XFORM 203-102] Automatically partitioning small array 'state.issue.grants.uop.fu_code' completely based on array size.
INFO: [XFORM 203-102] Automatically partitioning small array 'state.issue.grants.uop.flush_on_commit' completely based on array size.
INFO: [XFORM 203-102] Automatically partitioning small array 'state.issue.grants.uop.exception' completely based on array size.
INFO: [XFORM 203-102] Automatically partitioning small array 'state.issue.grants.uop.exc_cause' completely based on array size.
INFO: [XFORM 203-102] Automatically partitioning small array 'state.issue.grants.uop.exc.xcpt_pf_if' completely based on array size.
INFO: [XFORM 203-102] Automatically partitioning small array 'state.issue.grants.uop.exc.xcpt_ma_if' completely based on array size.
INFO: [XFORM 203-102] Automatically partitioning small array 'state.issue.grants.uop.exc.xcpt_ae_if' completely based on array size.
INFO: [XFORM 203-102] Automatically partitioning small array 'state.issue.grants.uop.exc.exception' completely based on array size.
INFO: [XFORM 203-102] Automatically partitioning small array 'state.issue.grants.uop.exc.exc_cause' completely based on array size.
INFO: [XFORM 203-102] Automatically partitioning small array 'state.issue.grants.uop.exc.bp_xcpt_if' completely based on array size.
INFO: [XFORM 203-102] Automatically partitioning small array 'state.issue.grants.uop.exc.bp_debug_if' completely based on array size.
INFO: [XFORM 203-102] Automatically partitioning small array 'state.issue.grants.uop.debug_pc' completely based on array size.
INFO: [XFORM 203-102] Automatically partitioning small array 'state.issue.grants.uop.debug_inst' completely based on array size.
INFO: [XFORM 203-102] Automatically partitioning small array 'state.issue.grants.uop.debug.debug_tsrc' completely based on array size.
INFO: [XFORM 203-102] Automatically partitioning small array 'state.issue.grants.uop.debug.debug_pc' completely based on array size.
INFO: [XFORM 203-102] Automatically partitioning small array 'state.issue.grants.uop.debug.debug_inst' completely based on array size.
INFO: [XFORM 203-102] Automatically partitioning small array 'state.issue.grants.uop.debug.debug_fsrc' completely based on array size.
INFO: [XFORM 203-102] Automatically partitioning small array 'state.issue.grants.uop.ctrl.op_fcn' completely based on array size.
INFO: [XFORM 203-102] Automatically partitioning small array 'state.issue.grants.uop.ctrl.op2_sel' completely based on array size.
INFO: [XFORM 203-102] Automatically partitioning small array 'state.issue.grants.uop.ctrl.op1_sel' completely based on array size.
INFO: [XFORM 203-102] Automatically partitioning small array 'state.issue.grants.uop.ctrl.is_std' completely based on array size.
INFO: [XFORM 203-102] Automatically partitioning small array 'state.issue.grants.uop.ctrl.is_sta' completely based on array size.
INFO: [XFORM 203-102] Automatically partitioning small array 'state.issue.grants.uop.ctrl.is_load' completely based on array size.
INFO: [XFORM 203-102] Automatically partitioning small array 'state.issue.grants.uop.ctrl.imm_sel' completely based on array size.
INFO: [XFORM 203-102] Automatically partitioning small array 'state.issue.grants.uop.ctrl.fcn_dw' completely based on array size.
INFO: [XFORM 203-102] Automatically partitioning small array 'state.issue.grants.uop.ctrl.csr_cmd' completely based on array size.
INFO: [XFORM 203-102] Automatically partitioning small array 'state.issue.grants.uop.ctrl.br_type' completely based on array size.
INFO: [XFORM 203-102] Automatically partitioning small array 'state.issue.grants.uop.csr_addr' completely based on array size.
INFO: [XFORM 203-102] Automatically partitioning small array 'state.issue.grants.uop.bypassable' completely based on array size.
INFO: [XFORM 203-102] Automatically partitioning small array 'state.issue.grants.uop.branch.taken' completely based on array size.
INFO: [XFORM 203-102] Automatically partitioning small array 'state.issue.grants.uop.branch.pc_lob' completely based on array size.
INFO: [XFORM 203-102] Automatically partitioning small array 'state.issue.grants.uop.branch.is_sfb' completely based on array size.
INFO: [XFORM 203-102] Automatically partitioning small array 'state.issue.grants.uop.branch.is_jalr' completely based on array size.
INFO: [XFORM 203-102] Automatically partitioning small array 'state.issue.grants.uop.branch.is_jal' completely based on array size.
INFO: [XFORM 203-102] Automatically partitioning small array 'state.issue.grants.uop.branch.is_br' completely based on array size.
INFO: [XFORM 203-102] Automatically partitioning small array 'state.issue.grants.uop.branch.ftq_idx' completely based on array size.
INFO: [XFORM 203-102] Automatically partitioning small array 'state.issue.grants.uop.branch.edge_inst' completely based on array size.
INFO: [XFORM 203-102] Automatically partitioning small array 'state.issue.grants.uop.branch.br_tag' completely based on array size.
INFO: [XFORM 203-102] Automatically partitioning small array 'state.issue.grants.uop.branch.br_mask' completely based on array size.
INFO: [XFORM 203-102] Automatically partitioning small array 'state.issue.grants.entry_index' completely based on array size.
INFO: [XFORM 203-102] Automatically partitioning small array 'state.issue.grants.accepted' completely based on array size.
INFO: [XFORM 203-101] Partitioning array 'state.issue.port_ready' in dimension 1 completely.
INFO: [XFORM 203-101] Partitioning array 'state.issue.issued_valids' in dimension 1 completely.
INFO: [XFORM 203-101] Partitioning array 'state.issue.issued_uops.queue.rob_idx' in dimension 1 completely.
INFO: [XFORM 203-101] Partitioning array 'state.issue.grants.valid' in dimension 1 completely.
INFO: [XFORM 203-101] Partitioning array 'state.issue.grants.uop.uopc' in dimension 1 completely.
INFO: [XFORM 203-101] Partitioning array 'state.issue.grants.uop.rename.stale_pdst' in dimension 1 completely.
INFO: [XFORM 203-101] Partitioning array 'state.issue.grants.uop.rename.prs3_busy' in dimension 1 completely.
INFO: [XFORM 203-101] Partitioning array 'state.issue.grants.uop.rename.prs3' in dimension 1 completely.
INFO: [XFORM 203-101] Partitioning array 'state.issue.grants.uop.rename.prs2_busy' in dimension 1 completely.
INFO: [XFORM 203-101] Partitioning array 'state.issue.grants.uop.rename.prs2' in dimension 1 completely.
INFO: [XFORM 203-101] Partitioning array 'state.issue.grants.uop.rename.prs1_busy' in dimension 1 completely.
INFO: [XFORM 203-101] Partitioning array 'state.issue.grants.uop.rename.prs1' in dimension 1 completely.
INFO: [XFORM 203-101] Partitioning array 'state.issue.grants.uop.rename.ppred_busy' in dimension 1 completely.
INFO: [XFORM 203-101] Partitioning array 'state.issue.grants.uop.rename.ppred' in dimension 1 completely.
INFO: [XFORM 203-101] Partitioning array 'state.issue.grants.uop.rename.pdst' in dimension 1 completely.
INFO: [XFORM 203-101] Partitioning array 'state.issue.grants.uop.rename.lrs3' in dimension 1 completely.
INFO: [XFORM 203-101] Partitioning array 'state.issue.grants.uop.rename.lrs2_rtype' in dimension 1 completely.
INFO: [XFORM 203-101] Partitioning array 'state.issue.grants.uop.rename.lrs2' in dimension 1 completely.
INFO: [XFORM 203-101] Partitioning array 'state.issue.grants.uop.rename.lrs1_rtype' in dimension 1 completely.
INFO: [XFORM 203-101] Partitioning array 'state.issue.grants.uop.rename.lrs1' in dimension 1 completely.
INFO: [XFORM 203-101] Partitioning array 'state.issue.grants.uop.rename.ldst' in dimension 1 completely.
INFO: [XFORM 203-101] Partitioning array 'state.issue.grants.uop.rename.frs3_en' in dimension 1 completely.
INFO: [XFORM 203-101] Partitioning array 'state.issue.grants.uop.rename.fp_val' in dimension 1 completely.
INFO: [XFORM 203-101] Partitioning array 'state.issue.grants.uop.rename.fp_single' in dimension 1 completely.
INFO: [XFORM 203-101] Partitioning array 'state.issue.grants.uop.rename.dst_rtype' in dimension 1 completely.
INFO: [XFORM 203-101] Partitioning array 'state.issue.grants.uop.queue.stq_idx' in dimension 1 completely.
INFO: [XFORM 203-101] Partitioning array 'state.issue.grants.uop.queue.rxq_idx' in dimension 1 completely.
INFO: [XFORM 203-101] Partitioning array 'state.issue.grants.uop.queue.rob_idx' in dimension 1 completely.
INFO: [XFORM 203-101] Partitioning array 'state.issue.grants.uop.queue.ldq_idx' in dimension 1 completely.
INFO: [XFORM 203-101] Partitioning array 'state.issue.grants.uop.mem.uses_stq' in dimension 1 completely.
INFO: [XFORM 203-101] Partitioning array 'state.issue.grants.uop.mem.uses_ldq' in dimension 1 completely.
INFO: [XFORM 203-101] Partitioning array 'state.issue.grants.uop.mem.mem_size' in dimension 1 completely.
INFO: [XFORM 203-101] Partitioning array 'state.issue.grants.uop.mem.mem_signed' in dimension 1 completely.
INFO: [XFORM 203-101] Partitioning array 'state.issue.grants.uop.mem.mem_cmd' in dimension 1 completely.
INFO: [XFORM 203-101] Partitioning array 'state.issue.grants.uop.mem.ldst_val' in dimension 1 completely.
INFO: [XFORM 203-101] Partitioning array 'state.issue.grants.uop.mem.ldst_is_rs1' in dimension 1 completely.
INFO: [XFORM 203-101] Partitioning array 'state.issue.grants.uop.mem.is_fencei' in dimension 1 completely.
INFO: [XFORM 203-101] Partitioning array 'state.issue.grants.uop.mem.is_fence' in dimension 1 completely.
INFO: [XFORM 203-101] Partitioning array 'state.issue.grants.uop.mem.is_amo' in dimension 1 completely.
INFO: [XFORM 203-101] Partitioning array 'state.issue.grants.uop.iw_state' in dimension 1 completely.
INFO: [XFORM 203-101] Partitioning array 'state.issue.grants.uop.iw_p2_poisoned' in dimension 1 completely.
INFO: [XFORM 203-101] Partitioning array 'state.issue.grants.uop.iw_p1_poisoned' in dimension 1 completely.
INFO: [XFORM 203-101] Partitioning array 'state.issue.grants.uop.is_unique' in dimension 1 completely.
INFO: [XFORM 203-101] Partitioning array 'state.issue.grants.uop.is_sys_pc2epc' in dimension 1 completely.
INFO: [XFORM 203-101] Partitioning array 'state.issue.grants.uop.is_rvc' in dimension 1 completely.
INFO: [XFORM 203-101] Partitioning array 'state.issue.grants.uop.iq_type' in dimension 1 completely.
INFO: [XFORM 203-101] Partitioning array 'state.issue.grants.uop.inst' in dimension 1 completely.
INFO: [XFORM 203-101] Partitioning array 'state.issue.grants.uop.imm_packed' in dimension 1 completely.
INFO: [XFORM 203-101] Partitioning array 'state.issue.grants.uop.fu_code' in dimension 1 completely.
INFO: [XFORM 203-101] Partitioning array 'state.issue.grants.uop.flush_on_commit' in dimension 1 completely.
INFO: [XFORM 203-101] Partitioning array 'state.issue.grants.uop.exception' in dimension 1 completely.
INFO: [XFORM 203-101] Partitioning array 'state.issue.grants.uop.exc_cause' in dimension 1 completely.
INFO: [XFORM 203-101] Partitioning array 'state.issue.grants.uop.exc.xcpt_pf_if' in dimension 1 completely.
INFO: [XFORM 203-101] Partitioning array 'state.issue.grants.uop.exc.xcpt_ma_if' in dimension 1 completely.
INFO: [XFORM 203-101] Partitioning array 'state.issue.grants.uop.exc.xcpt_ae_if' in dimension 1 completely.
INFO: [XFORM 203-101] Partitioning array 'state.issue.grants.uop.exc.exception' in dimension 1 completely.
INFO: [XFORM 203-101] Partitioning array 'state.issue.grants.uop.exc.exc_cause' in dimension 1 completely.
INFO: [XFORM 203-101] Partitioning array 'state.issue.grants.uop.exc.bp_xcpt_if' in dimension 1 completely.
INFO: [XFORM 203-101] Partitioning array 'state.issue.grants.uop.exc.bp_debug_if' in dimension 1 completely.
INFO: [XFORM 203-101] Partitioning array 'state.issue.grants.uop.debug_pc' in dimension 1 completely.
INFO: [XFORM 203-101] Partitioning array 'state.issue.grants.uop.debug_inst' in dimension 1 completely.
INFO: [XFORM 203-101] Partitioning array 'state.issue.grants.uop.debug.debug_tsrc' in dimension 1 completely.
INFO: [XFORM 203-101] Partitioning array 'state.issue.grants.uop.debug.debug_pc' in dimension 1 completely.
INFO: [XFORM 203-101] Partitioning array 'state.issue.grants.uop.debug.debug_inst' in dimension 1 completely.
INFO: [XFORM 203-101] Partitioning array 'state.issue.grants.uop.debug.debug_fsrc' in dimension 1 completely.
INFO: [XFORM 203-101] Partitioning array 'state.issue.grants.uop.ctrl.op_fcn' in dimension 1 completely.
INFO: [XFORM 203-101] Partitioning array 'state.issue.grants.uop.ctrl.op2_sel' in dimension 1 completely.
INFO: [XFORM 203-101] Partitioning array 'state.issue.grants.uop.ctrl.op1_sel' in dimension 1 completely.
INFO: [XFORM 203-101] Partitioning array 'state.issue.grants.uop.ctrl.is_std' in dimension 1 completely.
INFO: [XFORM 203-101] Partitioning array 'state.issue.grants.uop.ctrl.is_sta' in dimension 1 completely.
INFO: [XFORM 203-101] Partitioning array 'state.issue.grants.uop.ctrl.is_load' in dimension 1 completely.
INFO: [XFORM 203-101] Partitioning array 'state.issue.grants.uop.ctrl.imm_sel' in dimension 1 completely.
INFO: [XFORM 203-101] Partitioning array 'state.issue.grants.uop.ctrl.fcn_dw' in dimension 1 completely.
INFO: [XFORM 203-101] Partitioning array 'state.issue.grants.uop.ctrl.csr_cmd' in dimension 1 completely.
INFO: [XFORM 203-101] Partitioning array 'state.issue.grants.uop.ctrl.br_type' in dimension 1 completely.
INFO: [XFORM 203-101] Partitioning array 'state.issue.grants.uop.csr_addr' in dimension 1 completely.
INFO: [XFORM 203-101] Partitioning array 'state.issue.grants.uop.bypassable' in dimension 1 completely.
INFO: [XFORM 203-101] Partitioning array 'state.issue.grants.uop.branch.taken' in dimension 1 completely.
INFO: [XFORM 203-101] Partitioning array 'state.issue.grants.uop.branch.pc_lob' in dimension 1 completely.
INFO: [XFORM 203-101] Partitioning array 'state.issue.grants.uop.branch.is_sfb' in dimension 1 completely.
INFO: [XFORM 203-101] Partitioning array 'state.issue.grants.uop.branch.is_jalr' in dimension 1 completely.
INFO: [XFORM 203-101] Partitioning array 'state.issue.grants.uop.branch.is_jal' in dimension 1 completely.
INFO: [XFORM 203-101] Partitioning array 'state.issue.grants.uop.branch.is_br' in dimension 1 completely.
INFO: [XFORM 203-101] Partitioning array 'state.issue.grants.uop.branch.ftq_idx' in dimension 1 completely.
INFO: [XFORM 203-101] Partitioning array 'state.issue.grants.uop.branch.edge_inst' in dimension 1 completely.
INFO: [XFORM 203-101] Partitioning array 'state.issue.grants.uop.branch.br_tag' in dimension 1 completely.
INFO: [XFORM 203-101] Partitioning array 'state.issue.grants.uop.branch.br_mask' in dimension 1 completely.
INFO: [XFORM 203-101] Partitioning array 'state.issue.grants.entry_index' in dimension 1 completely.
INFO: [XFORM 203-101] Partitioning array 'state.issue.grants.accepted' in dimension 1 completely.
INFO: [XFORM 203-401] Performing if-conversion on hyperblock from (/home/lab_726/boom/hls_boom/src/boom_core_merged.cpp:1885:5) to (/home/lab_726/boom/hls_boom/src/boom_core_merged.cpp:1902:1) in function 'synth_issue_top'... converting 4 basic blocks.
INFO: [XFORM 203-401] Performing if-conversion on hyperblock from (/home/lab_726/boom/hls_boom/src/boom_core_merged.cpp:578:32) in function 'boom::issue_module'... converting 21 basic blocks.
INFO: [XFORM 203-401] Performing if-conversion on hyperblock from (/home/lab_726/boom/hls_boom/src/boom_core_merged.cpp:628:9) in function 'boom::issue_module'... converting 7 basic blocks.
INFO: [XFORM 203-11] Balancing expressions in function 'boom::issue_module' (/home/lab_726/boom/hls_boom/src/boom_core_merged.cpp:510:43)...18 expression(s) balanced.
INFO: [HLS 200-111] Finished Loop, function and other optimizations: CPU user time: 0.67 seconds. CPU system time: 0.02 seconds. Elapsed time: 0.68 seconds; current allocated memory: 484.551 MB.
INFO: [HLS 200-472] Inferring partial write operation for 'state.issue.alu_iq.entries.valid' (/home/lab_726/boom/hls_boom/src/boom_core_merged.cpp:1860:77)
INFO: [HLS 200-472] Inferring partial write operation for 'state.issue.alu_iq.entries.valid' (/home/lab_726/boom/hls_boom/src/boom_core_merged.cpp:1870:18)
INFO: [HLS 200-472] Inferring partial write operation for 'state.issue.alu_iq.entries.request' (/home/lab_726/boom/hls_boom/src/boom_core_merged.cpp:1870:36)
INFO: [HLS 200-472] Inferring partial write operation for 'state.issue.alu_iq.entries.uop.uopc' (/home/lab_726/boom/hls_boom/src/boom_core_merged.cpp:1870:55)
INFO: [HLS 200-472] Inferring partial write operation for 'state.issue.alu_iq.entries.uop.iq_type' (/home/lab_726/boom/hls_boom/src/boom_core_merged.cpp:1870:75)
INFO: [HLS 200-472] Inferring partial write operation for 'state.issue.alu_iq.entries.uop.fu_code' (/home/lab_726/boom/hls_boom/src/boom_core_merged.cpp:1871:24)
INFO: [HLS 200-472] Inferring partial write operation for 'state.issue.alu_iq.entries.uop.queue.rob_idx' (/home/lab_726/boom/hls_boom/src/boom_core_merged.cpp:1871:54)
INFO: [HLS 200-472] Inferring partial write operation for 'state.issue.alu_iq.entries.uop.debug_pc' (/home/lab_726/boom/hls_boom/src/boom_core_merged.cpp:1871:74)
INFO: [HLS 200-472] Inferring partial write operation for 'state.issue.alu_iq.entries.uop.branch.br_mask' (/home/lab_726/boom/hls_boom/src/boom_core_merged.cpp:1872:57)
INFO: [HLS 200-472] Inferring partial write operation for 'state.issue.alu_iq.entries.valid' (/home/lab_726/boom/hls_boom/src/boom_core_merged.cpp:1876:22)
INFO: [HLS 200-472] Inferring partial write operation for 'state.issue.alu_iq.entries.request' (/home/lab_726/boom/hls_boom/src/boom_core_merged.cpp:1876:44)
INFO: [HLS 200-472] Inferring partial write operation for 'state.issue.alu_iq.entries.uop.uopc' (/home/lab_726/boom/hls_boom/src/boom_core_merged.cpp:1876:67)
INFO: [HLS 200-472] Inferring partial write operation for 'state.issue.alu_iq.entries.uop.iq_type' (/home/lab_726/boom/hls_boom/src/boom_core_merged.cpp:1876:90)
INFO: [HLS 200-472] Inferring partial write operation for 'state.issue.alu_iq.entries.uop.fu_code' (/home/lab_726/boom/hls_boom/src/boom_core_merged.cpp:1877:28)
INFO: [HLS 200-472] Inferring partial write operation for 'state.issue.alu_iq.entries.uop.queue.rob_idx' (/home/lab_726/boom/hls_boom/src/boom_core_merged.cpp:1877:62)
INFO: [HLS 200-472] Inferring partial write operation for 'state.issue.alu_iq.entries.uop.debug_pc' (/home/lab_726/boom/hls_boom/src/boom_core_merged.cpp:1877:86)
INFO: [HLS 200-472] Inferring partial write operation for 'state.issue.alu_iq.entries.valid' (/home/lab_726/boom/hls_boom/src/boom_core_merged.cpp:562:21)
INFO: [HLS 200-472] Inferring partial write operation for 'state.issue.alu_iq.entries.killed' (/home/lab_726/boom/hls_boom/src/boom_core_merged.cpp:563:22)
INFO: [HLS 200-472] Inferring partial write operation for 'state.issue.alu_iq.entries.valid' (/home/lab_726/boom/hls_boom/src/boom_core_merged.cpp:567:21)
INFO: [HLS 200-472] Inferring partial write operation for 'state.issue.alu_iq.entries.killed' (/home/lab_726/boom/hls_boom/src/boom_core_merged.cpp:568:22)
INFO: [HLS 200-472] Inferring partial write operation for 'state.issue.alu_iq.entries.uop.branch.br_mask' (/home/lab_726/boom/hls_boom/src/boom_core_merged.cpp:571:56)
INFO: [HLS 200-472] Inferring partial write operation for 'state.issue.alu_iq.entries.prs1_busy' (/home/lab_726/boom/hls_boom/src/boom_core_merged.cpp:572:49)
INFO: [HLS 200-472] Inferring partial write operation for 'state.issue.alu_iq.entries.prs2_busy' (/home/lab_726/boom/hls_boom/src/boom_core_merged.cpp:573:49)
INFO: [HLS 200-472] Inferring partial write operation for 'state.issue.alu_iq.entries.granted' (/home/lab_726/boom/hls_boom/src/boom_core_merged.cpp:641:29)
INFO: [HLS 200-472] Inferring partial write operation for 'state.issue.alu_iq.entries.request' (/home/lab_726/boom/hls_boom/src/boom_core_merged.cpp:641:52)
INFO: [HLS 200-472] Inferring partial write operation for 'temp.valid' (/home/lab_726/boom/hls_boom/include/boom_types.hpp:97:24)
INFO: [HLS 200-472] Inferring partial write operation for 'temp.request' (/home/lab_726/boom/hls_boom/include/boom_types.hpp:97:38)
INFO: [HLS 200-472] Inferring partial write operation for 'temp.granted' (/home/lab_726/boom/hls_boom/include/boom_types.hpp:97:54)
INFO: [HLS 200-472] Inferring partial write operation for 'temp.killed' (/home/lab_726/boom/hls_boom/include/boom_types.hpp:97:70)
INFO: [HLS 200-472] Inferring partial write operation for 'temp.pdst_busy' (/home/lab_726/boom/hls_boom/include/boom_types.hpp:98:9)
INFO: [HLS 200-472] Inferring partial write operation for 'temp.prs1_busy' (/home/lab_726/boom/hls_boom/include/boom_types.hpp:98:27)
INFO: [HLS 200-472] Inferring partial write operation for 'temp.prs2_busy' (/home/lab_726/boom/hls_boom/include/boom_types.hpp:98:45)
INFO: [HLS 200-472] Inferring partial write operation for 'temp.prs3_busy' (/home/lab_726/boom/hls_boom/include/boom_types.hpp:98:63)
INFO: [HLS 200-472] Inferring partial write operation for 'temp.uop.uopc' (/home/lab_726/boom/hls_boom/include/boom_types.hpp:65:21)
INFO: [HLS 200-472] Inferring partial write operation for 'temp.uop.inst' (/home/lab_726/boom/hls_boom/include/boom_types.hpp:65:29)
INFO: [HLS 200-472] Inferring partial write operation for 'temp.uop.debug_inst' (/home/lab_726/boom/hls_boom/include/boom_types.hpp:65:43)
INFO: [HLS 200-472] Inferring partial write operation for 'temp.uop.is_rvc' (/home/lab_726/boom/hls_boom/include/boom_types.hpp:65:53)
INFO: [HLS 200-472] Inferring partial write operation for 'temp.uop.debug_pc' (/home/lab_726/boom/hls_boom/include/boom_types.hpp:65:69)
INFO: [HLS 200-472] Inferring partial write operation for 'temp.uop.iq_type' (/home/lab_726/boom/hls_boom/include/boom_types.hpp:65:80)
INFO: [HLS 200-472] Inferring partial write operation for 'temp.uop.fu_code' (/home/lab_726/boom/hls_boom/include/boom_types.hpp:65:91)
INFO: [HLS 200-472] Inferring partial write operation for 'temp.uop.ctrl.br_type' (/home/lab_726/boom/hls_boom/include/boom_types.hpp:66:13)
INFO: [HLS 200-472] Inferring partial write operation for 'temp.uop.iw_state' (/home/lab_726/boom/hls_boom/include/boom_types.hpp:66:26)
INFO: [HLS 200-472] Inferring partial write operation for 'temp.uop.iw_p2_poisoned' (/home/lab_726/boom/hls_boom/include/boom_types.hpp:66:59)
INFO: [HLS 200-472] Inferring partial write operation for 'temp.uop.iw_p1_poisoned' (/home/lab_726/boom/hls_boom/include/boom_types.hpp:66:44)
INFO: [HLS 200-472] Inferring partial write operation for 'temp.uop.branch.br_mask' (/home/lab_726/boom/hls_boom/include/boom_types.hpp:66:73)
INFO: [HLS 200-472] Inferring partial write operation for 'temp.uop.imm_packed' (/home/lab_726/boom/hls_boom/include/boom_types.hpp:66:88)
INFO: [HLS 200-472] Inferring partial write operation for 'temp.uop.csr_addr' (/home/lab_726/boom/hls_boom/include/boom_types.hpp:66:100)
INFO: [HLS 200-472] Inferring partial write operation for 'temp.uop.queue.rob_idx' (/home/lab_726/boom/hls_boom/include/boom_types.hpp:67:14)
INFO: [HLS 200-472] Inferring partial write operation for 'temp.uop.rename.ldst' (/home/lab_726/boom/hls_boom/include/boom_types.hpp:67:25)
INFO: [HLS 200-472] Inferring partial write operation for 'temp.uop.exception' (/home/lab_726/boom/hls_boom/include/boom_types.hpp:67:39)
INFO: [HLS 200-472] Inferring partial write operation for 'temp.uop.exc_cause' (/home/lab_726/boom/hls_boom/include/boom_types.hpp:67:56)
INFO: [HLS 200-472] Inferring partial write operation for 'temp.uop.bypassable' (/home/lab_726/boom/hls_boom/include/boom_types.hpp:67:70)
INFO: [HLS 200-472] Inferring partial write operation for 'temp.uop.mem.mem_cmd' (/home/lab_726/boom/hls_boom/include/boom_types.hpp:67:81)
INFO: [HLS 200-472] Inferring partial write operation for 'temp.uop.flush_on_commit' (/home/lab_726/boom/hls_boom/include/boom_types.hpp:68:48)
INFO: [HLS 200-472] Inferring partial write operation for 'temp.uop.is_unique' (/home/lab_726/boom/hls_boom/include/boom_types.hpp:68:32)
INFO: [HLS 200-472] Inferring partial write operation for 'temp.uop.is_sys_pc2epc' (/home/lab_726/boom/hls_boom/include/boom_types.hpp:68:22)
INFO: [HLS 200-472] Inferring partial write operation for 'temp.uop.exc.exception' (/home/lab_726/boom/hls_boom/include/boom_types.hpp:68:59)
INFO: [HLS 200-472] Inferring partial write operation for 'temp.uop.debug.debug_fsrc' (/home/lab_726/boom/hls_boom/include/boom_types.hpp:68:69)
INFO: [HLS 200-472] Inferring partial write operation for 'temp.prs1_data' (/home/lab_726/boom/hls_boom/include/boom_types.hpp:99:16)
INFO: [HLS 200-472] Inferring partial write operation for 'temp.prs2_data' (/home/lab_726/boom/hls_boom/include/boom_types.hpp:99:30)
INFO: [HLS 200-472] Inferring partial write operation for 'temp.prs3_data' (/home/lab_726/boom/hls_boom/include/boom_types.hpp:99:44)
INFO: [HLS 200-472] Inferring partial write operation for 'temp.valid' (/home/lab_726/boom/hls_boom/src/boom_core_merged.cpp:537:69)
INFO: [HLS 200-472] Inferring partial write operation for 'temp.valid' (/home/lab_726/boom/hls_boom/src/boom_core_merged.cpp:539:54)
INFO: [HLS 200-472] Inferring partial write operation for 'state.issue.alu_iq.entries.valid' (/home/lab_726/boom/hls_boom/src/boom_core_merged.cpp:540:60)
INFO: [HLS 200-111] Finished Architecture Synthesis: CPU user time: 0.44 seconds. CPU system time: 0.01 seconds. Elapsed time: 0.46 seconds; current allocated memory: 529.535 MB.
INFO: [HLS 200-10] Starting hardware synthesis ...
INFO: [HLS 200-10] Synthesizing 'synth_issue_top' ...
INFO: [HLS 200-10] ----------------------------------------------------------------
INFO: [HLS 200-42] -- Implementing module 'compact_iq' 
INFO: [HLS 200-10] ----------------------------------------------------------------
INFO: [SCHED 204-11] Starting scheduling ...
INFO: [SCHED 204-11] Finished scheduling.
INFO: [HLS 200-111] Finished Scheduling: CPU user time: 0.31 seconds. CPU system time: 0.01 seconds. Elapsed time: 0.33 seconds; current allocated memory: 541.848 MB.
INFO: [BIND 205-100] Starting micro-architecture generation ...
INFO: [BIND 205-101] Performing variable lifetime analysis.
INFO: [BIND 205-101] Exploring resource sharing.
INFO: [BIND 205-101] Binding ...
INFO: [BIND 205-100] Finished micro-architecture generation.
INFO: [HLS 200-111] Finished Binding: CPU user time: 0.15 seconds. CPU system time: 0.01 seconds. Elapsed time: 0.15 seconds; current allocated memory: 541.848 MB.
INFO: [HLS 200-10] ----------------------------------------------------------------
INFO: [HLS 200-42] -- Implementing module 'issue_module' 
INFO: [HLS 200-10] ----------------------------------------------------------------
INFO: [SCHED 204-11] Starting scheduling ...
INFO: [SCHED 204-11] Finished scheduling.
INFO: [HLS 200-111] Finished Scheduling: CPU user time: 0.22 seconds. CPU system time: 0 seconds. Elapsed time: 0.21 seconds; current allocated memory: 542.574 MB.
INFO: [BIND 205-100] Starting micro-architecture generation ...
INFO: [BIND 205-101] Performing variable lifetime analysis.
INFO: [BIND 205-101] Exploring resource sharing.
INFO: [BIND 205-101] Binding ...
INFO: [BIND 205-100] Finished micro-architecture generation.
INFO: [HLS 200-111] Finished Binding: CPU user time: 0.16 seconds. CPU system time: 0.01 seconds. Elapsed time: 0.17 seconds; current allocated memory: 557.480 MB.
INFO: [HLS 200-10] ----------------------------------------------------------------
INFO: [HLS 200-42] -- Implementing module 'synth_issue_top' 
INFO: [HLS 200-10] ----------------------------------------------------------------
INFO: [SCHED 204-11] Starting scheduling ...
INFO: [SCHED 204-11] Finished scheduling.
INFO: [HLS 200-111] Finished Scheduling: CPU user time: 0.27 seconds. CPU system time: 0 seconds. Elapsed time: 0.26 seconds; current allocated memory: 557.480 MB.
INFO: [BIND 205-100] Starting micro-architecture generation ...
INFO: [BIND 205-101] Performing variable lifetime analysis.
