

================================================================
== Synthesis Summary Report of 'synth_issue_top'
================================================================
+ General Information: 
    * Date:           Fri Jul 31 19:20:58 2026
    * Version:        2021.2 (Build 3367213 on Tue Oct 19 02:47:39 MDT 2021)
    * Project:        synth_issue_top
    * Solution:       solution_w3_csynth (Vivado IP Flow Target)
    * Product family: zynquplus
    * Target device:  xczu7ev-ffvc1156-2-e
    

+ Performance & Resource Estimates: 
    
    PS: '+' for module; 'o' for loop; '*' for dataflow
    +-----------------------+------+------+---------+---------+----------+---------+------+----------+------+----+------------+------------+-----+
    |        Modules        | Issue|      | Latency | Latency | Iteration|         | Trip |          |      |    |            |            |     |
    |        & Loops        | Type | Slack| (cycles)|   (ns)  |  Latency | Interval| Count| Pipelined| BRAM | DSP|     FF     |     LUT    | URAM|
    +-----------------------+------+------+---------+---------+----------+---------+------+----------+------+----+------------+------------+-----+
    |+ synth_issue_top      |     -|  2.73|        -|        -|         -|        -|     -|        no|     -|   -|   4699 (1%)|  15105 (6%)|    -|
    | + issue_module        |     -|  2.73|        -|        -|         -|        -|     -|        no|     -|   -|  2699 (~0%)|   9255 (4%)|    -|
    |  + compact_iq         |     -|  5.61|        -|        -|         -|        -|     -|        no|     -|   -|  2046 (~0%)|   5531 (2%)|    -|
    |   o Loop 1            |     -|  7.30|        8|   80.000|         1|        -|     8|        no|     -|   -|           -|           -|    -|
    |   o VITIS_LOOP_583_1  |     -|  7.30|       32|  320.000|         4|        -|     8|        no|     -|   -|           -|           -|    -|
    |   o VITIS_LOOP_586_2  |     -|  7.30|        -|        -|         1|        -|     -|        no|     -|   -|           -|           -|    -|
    |   o VITIS_LOOP_587_3  |     -|  7.30|       16|  160.000|         2|        -|     8|        no|     -|   -|           -|           -|    -|
    |  o VITIS_LOOP_598_1   |     -|  7.30|        3|   30.000|         1|        -|     3|        no|     -|   -|           -|           -|    -|
    |  o VITIS_LOOP_608_3   |     -|  7.30|       56|  560.000|         7|        -|     8|        no|     -|   -|           -|           -|    -|
    |  o VITIS_LOOP_628_4   |     -|  7.30|       16|  160.000|         2|        -|     8|        no|     -|   -|           -|           -|    -|
    |  o VITIS_LOOP_675_6   |     -|  7.30|        2|   20.000|         1|        -|     2|        no|     -|   -|           -|           -|    -|
    |  o VITIS_LOOP_684_7   |     -|  7.30|        2|   20.000|         1|        -|     2|        no|     -|   -|           -|           -|    -|
    | o VITIS_LOOP_1976_1   |     -|  7.30|        8|   80.000|         1|        -|     8|        no|     -|   -|           -|           -|    -|
    +-----------------------+------+------+---------+---------+----------+---------+------+----------+------+----+------------+------------+-----+


================================================================
== HW Interfaces
================================================================
* REGISTER
+------------+---------+----------+
| Interface  | Mode    | Bitwidth |
+------------+---------+----------+
| observable | ap_none | 64       |
| seed_inst  | ap_none | 32       |
| seed_pc    | ap_none | 64       |
+------------+---------+----------+

* TOP LEVEL CONTROL
+-----------+------------+-----------------------------------+
| Interface | Type       | Ports                             |
+-----------+------------+-----------------------------------+
| ap_clk    | clock      | ap_clk                            |
| ap_rst    | reset      | ap_rst                            |
| ap_ctrl   | ap_ctrl_hs | ap_done ap_idle ap_ready ap_start |
+-----------+------------+-----------------------------------+


================================================================
== SW I/O Information
================================================================
* Top Function Arguments
+------------+-----------+--------------------+
| Argument   | Direction | Datatype           |
+------------+-----------+--------------------+
| seed_inst  | in        | unsigned int       |
| seed_pc    | in        | long unsigned int  |
| observable | out       | long unsigned int& |
+------------+-----------+--------------------+

* SW-to-HW Mapping
+------------+-------------------+---------+
| Argument   | HW Interface      | HW Type |
+------------+-------------------+---------+
| seed_inst  | seed_inst         | port    |
| seed_pc    | seed_pc           | port    |
| observable | observable        | port    |
| observable | observable_ap_vld | port    |
+------------+-------------------+---------+


================================================================
== M_AXI Burst Information
================================================================
 Note: All burst requests might be further partitioned into multiple requests during RTL generation based on max_read_burst_length or max_write_burst_length settings.

  No burst in design

================================================================
== Bind Op Report
================================================================
+---------------------------+-----+--------+-------------+-----+--------+---------+
| Name                      | DSP | Pragma | Variable    | Op  | Impl   | Latency |
+---------------------------+-----+--------+-------------+-----+--------+---------+
| + synth_issue_top         | 0   |        |             |     |        |         |
|   add_ln1976_fu_2154_p2   | -   |        | add_ln1976  | add | fabric | 0       |
|   add_ln1993_fu_2253_p2   | -   |        | add_ln1993  | add | fabric | 0       |
|  + issue_module           | 0   |        |             |     |        |         |
|    add_ln598_fu_849_p2    | -   |        | add_ln598   | add | fabric | 0       |
|    add_ln608_fu_993_p2    | -   |        | add_ln608   | add | fabric | 0       |
|    add_ln628_fu_1068_p2   | -   |        | add_ln628   | add | fabric | 0       |
|    add_ln675_fu_1660_p2   | -   |        | add_ln675   | add | fabric | 0       |
|    add_ln677_fu_1676_p2   | -   |        | add_ln677   | add | fabric | 0       |
|    add_ln677_1_fu_1692_p2 | -   |        | add_ln677_1 | add | fabric | 0       |
|    add_ln678_1_fu_1714_p2 | -   |        | add_ln678_1 | add | fabric | 0       |
|    add_ln678_fu_1730_p2   | -   |        | add_ln678   | add | fabric | 0       |
|    add_ln681_fu_1751_p2   | -   |        | add_ln681   | add | fabric | 0       |
|    add_ln680_fu_1767_p2   | -   |        | add_ln680   | add | fabric | 0       |
|    add_ln682_fu_1783_p2   | -   |        | add_ln682   | add | fabric | 0       |
|    add_ln684_fu_1833_p2   | -   |        | add_ln684   | add | fabric | 0       |
|    add_ln696_fu_1873_p2   | -   |        | add_ln696   | add | fabric | 0       |
|    sub_ln707_fu_1920_p2   | -   |        | sub_ln707   | sub | fabric | 0       |
|    add_ln708_fu_1944_p2   | -   |        | add_ln708   | add | fabric | 0       |
|    add_ln708_1_fu_1960_p2 | -   |        | add_ln708_1 | add | fabric | 0       |
|   + compact_iq            | 0   |        |             |     |        |         |
|     add_ln581_fu_6062_p2  | -   |        | add_ln581   | add | fabric | 0       |
|     add_ln583_fu_6205_p2  | -   |        | add_ln583   | add | fabric | 0       |
|     w_3_fu_6216_p2        | -   |        | w_3         | add | fabric | 0       |
|     add_ln586_fu_6446_p2  | -   |        | add_ln586   | add | fabric | 0       |
|     add_ln587_fu_6570_p2  | -   |        | add_ln587   | add | fabric | 0       |
+---------------------------+-----+--------+-------------+-----+--------+---------+


================================================================
== Bind Storage Report
================================================================
+------------------------------------------------------------+------+------+--------+--------------------------------------------------------+---------+------+---------+
| Name                                                       | BRAM | URAM | Pragma | Variable                                               | Storage | Impl | Latency |
+------------------------------------------------------------+------+------+--------+--------------------------------------------------------+---------+------+---------+
| + synth_issue_top                                          | 0    | 0    |        |                                                        |         |      |         |
|   state_issue_alu_iq_entries_valid_U                       | -    | -    |        | state_issue_alu_iq_entries_valid                       | ram_1p  | auto | 1       |
|   state_issue_alu_iq_entries_request_U                     | -    | -    |        | state_issue_alu_iq_entries_request                     | ram_1p  | auto | 1       |
|   state_issue_alu_iq_entries_granted_U                     | -    | -    |        | state_issue_alu_iq_entries_granted                     | ram_1p  | auto | 1       |
|   state_issue_alu_iq_entries_killed_U                      | -    | -    |        | state_issue_alu_iq_entries_killed                      | ram_1p  | auto | 1       |
|   state_issue_alu_iq_entries_pdst_busy_U                   | -    | -    |        | state_issue_alu_iq_entries_pdst_busy                   | ram_1p  | auto | 1       |
|   state_issue_alu_iq_entries_prs1_busy_U                   | -    | -    |        | state_issue_alu_iq_entries_prs1_busy                   | ram_1p  | auto | 1       |
|   state_issue_alu_iq_entries_prs2_busy_U                   | -    | -    |        | state_issue_alu_iq_entries_prs2_busy                   | ram_1p  | auto | 1       |
|   state_issue_alu_iq_entries_prs3_busy_U                   | -    | -    |        | state_issue_alu_iq_entries_prs3_busy                   | ram_1p  | auto | 1       |
|   state_issue_alu_iq_entries_uop_uopc_U                    | -    | -    |        | state_issue_alu_iq_entries_uop_uopc                    | ram_1p  | auto | 1       |
|   state_issue_alu_iq_entries_uop_inst_U                    | -    | -    |        | state_issue_alu_iq_entries_uop_inst                    | ram_1p  | auto | 1       |
|   state_issue_alu_iq_entries_uop_debug_inst_U              | -    | -    |        | state_issue_alu_iq_entries_uop_debug_inst              | ram_1p  | auto | 1       |
|   state_issue_alu_iq_entries_uop_is_rvc_U                  | -    | -    |        | state_issue_alu_iq_entries_uop_is_rvc                  | ram_1p  | auto | 1       |
|   state_issue_alu_iq_entries_uop_debug_pc_U                | -    | -    |        | state_issue_alu_iq_entries_uop_debug_pc                | ram_1p  | auto | 1       |
|   state_issue_alu_iq_entries_uop_iq_type_U                 | -    | -    |        | state_issue_alu_iq_entries_uop_iq_type                 | ram_1p  | auto | 1       |
|   state_issue_alu_iq_entries_uop_fu_code_U                 | -    | -    |        | state_issue_alu_iq_entries_uop_fu_code                 | ram_1p  | auto | 1       |
|   state_issue_alu_iq_entries_uop_ctrl_br_type_U            | -    | -    |        | state_issue_alu_iq_entries_uop_ctrl_br_type            | ram_1p  | auto | 1       |
|   state_issue_alu_iq_entries_uop_ctrl_op1_sel_U            | -    | -    |        | state_issue_alu_iq_entries_uop_ctrl_op1_sel            | ram_1p  | auto | 1       |
|   state_issue_alu_iq_entries_uop_ctrl_op2_sel_U            | -    | -    |        | state_issue_alu_iq_entries_uop_ctrl_op2_sel            | ram_1p  | auto | 1       |
|   state_issue_alu_iq_entries_uop_ctrl_imm_sel_U            | -    | -    |        | state_issue_alu_iq_entries_uop_ctrl_imm_sel            | ram_1p  | auto | 1       |
|   state_issue_alu_iq_entries_uop_ctrl_op_fcn_U             | -    | -    |        | state_issue_alu_iq_entries_uop_ctrl_op_fcn             | ram_1p  | auto | 1       |
|   state_issue_alu_iq_entries_uop_ctrl_fcn_dw_U             | -    | -    |        | state_issue_alu_iq_entries_uop_ctrl_fcn_dw             | ram_1p  | auto | 1       |
|   state_issue_alu_iq_entries_uop_ctrl_csr_cmd_U            | -    | -    |        | state_issue_alu_iq_entries_uop_ctrl_csr_cmd            | ram_1p  | auto | 1       |
|   state_issue_alu_iq_entries_uop_ctrl_is_load_U            | -    | -    |        | state_issue_alu_iq_entries_uop_ctrl_is_load            | ram_1p  | auto | 1       |
|   state_issue_alu_iq_entries_uop_ctrl_is_sta_U             | -    | -    |        | state_issue_alu_iq_entries_uop_ctrl_is_sta             | ram_1p  | auto | 1       |
|   state_issue_alu_iq_entries_uop_ctrl_is_std_U             | -    | -    |        | state_issue_alu_iq_entries_uop_ctrl_is_std             | ram_1p  | auto | 1       |
|   state_issue_alu_iq_entries_uop_iw_state_U                | -    | -    |        | state_issue_alu_iq_entries_uop_iw_state                | ram_1p  | auto | 1       |
|   state_issue_alu_iq_entries_uop_iw_p1_poisoned_U          | -    | -    |        | state_issue_alu_iq_entries_uop_iw_p1_poisoned          | ram_1p  | auto | 1       |
|   state_issue_alu_iq_entries_uop_iw_p2_poisoned_U          | -    | -    |        | state_issue_alu_iq_entries_uop_iw_p2_poisoned          | ram_1p  | auto | 1       |
|   state_issue_alu_iq_entries_uop_branch_br_mask_U          | -    | -    |        | state_issue_alu_iq_entries_uop_branch_br_mask          | ram_1p  | auto | 1       |
|   state_issue_alu_iq_entries_uop_branch_br_tag_U           | -    | -    |        | state_issue_alu_iq_entries_uop_branch_br_tag           | ram_1p  | auto | 1       |
|   state_issue_alu_iq_entries_uop_branch_ftq_idx_U          | -    | -    |        | state_issue_alu_iq_entries_uop_branch_ftq_idx          | ram_1p  | auto | 1       |
|   state_issue_alu_iq_entries_uop_branch_pc_lob_U           | -    | -    |        | state_issue_alu_iq_entries_uop_branch_pc_lob           | ram_1p  | auto | 1       |
|   state_issue_alu_iq_entries_uop_branch_edge_inst_U        | -    | -    |        | state_issue_alu_iq_entries_uop_branch_edge_inst        | ram_1p  | auto | 1       |
|   state_issue_alu_iq_entries_uop_branch_taken_U            | -    | -    |        | state_issue_alu_iq_entries_uop_branch_taken            | ram_1p  | auto | 1       |
|   state_issue_alu_iq_entries_uop_branch_is_br_U            | -    | -    |        | state_issue_alu_iq_entries_uop_branch_is_br            | ram_1p  | auto | 1       |
|   state_issue_alu_iq_entries_uop_branch_is_jalr_U          | -    | -    |        | state_issue_alu_iq_entries_uop_branch_is_jalr          | ram_1p  | auto | 1       |
|   state_issue_alu_iq_entries_uop_branch_is_jal_U           | -    | -    |        | state_issue_alu_iq_entries_uop_branch_is_jal           | ram_1p  | auto | 1       |
|   state_issue_alu_iq_entries_uop_branch_is_sfb_U           | -    | -    |        | state_issue_alu_iq_entries_uop_branch_is_sfb           | ram_1p  | auto | 1       |
|   state_issue_alu_iq_entries_uop_imm_packed_U              | -    | -    |        | state_issue_alu_iq_entries_uop_imm_packed              | ram_1p  | auto | 1       |
|   state_issue_alu_iq_entries_uop_csr_addr_U                | -    | -    |        | state_issue_alu_iq_entries_uop_csr_addr                | ram_1p  | auto | 1       |
|   state_issue_alu_iq_entries_uop_queue_rob_idx_U           | -    | -    |        | state_issue_alu_iq_entries_uop_queue_rob_idx           | ram_1p  | auto | 1       |
|   state_issue_alu_iq_entries_uop_queue_ldq_idx_U           | -    | -    |        | state_issue_alu_iq_entries_uop_queue_ldq_idx           | ram_1p  | auto | 1       |
|   state_issue_alu_iq_entries_uop_queue_stq_idx_U           | -    | -    |        | state_issue_alu_iq_entries_uop_queue_stq_idx           | ram_1p  | auto | 1       |
|   state_issue_alu_iq_entries_uop_queue_rxq_idx_U           | -    | -    |        | state_issue_alu_iq_entries_uop_queue_rxq_idx           | ram_1p  | auto | 1       |
|   state_issue_alu_iq_entries_uop_queue_rob_allocation_id_U | -    | -    |        | state_issue_alu_iq_entries_uop_queue_rob_allocation_id | ram_1p  | auto | 1       |
|   state_issue_alu_iq_entries_uop_rename_ldst_U             | -    | -    |        | state_issue_alu_iq_entries_uop_rename_ldst             | ram_1p  | auto | 1       |
|   state_issue_alu_iq_entries_uop_rename_lrs1_U             | -    | -    |        | state_issue_alu_iq_entries_uop_rename_lrs1             | ram_1p  | auto | 1       |
|   state_issue_alu_iq_entries_uop_rename_lrs2_U             | -    | -    |        | state_issue_alu_iq_entries_uop_rename_lrs2             | ram_1p  | auto | 1       |
|   state_issue_alu_iq_entries_uop_rename_lrs3_U             | -    | -    |        | state_issue_alu_iq_entries_uop_rename_lrs3             | ram_1p  | auto | 1       |
|   state_issue_alu_iq_entries_uop_rename_pdst_U             | -    | -    |        | state_issue_alu_iq_entries_uop_rename_pdst             | ram_1p  | auto | 1       |
|   state_issue_alu_iq_entries_uop_rename_prs1_U             | -    | -    |        | state_issue_alu_iq_entries_uop_rename_prs1             | ram_1p  | auto | 1       |
|   state_issue_alu_iq_entries_uop_rename_prs2_U             | -    | -    |        | state_issue_alu_iq_entries_uop_rename_prs2             | ram_1p  | auto | 1       |
|   state_issue_alu_iq_entries_uop_rename_prs3_U             | -    | -    |        | state_issue_alu_iq_entries_uop_rename_prs3             | ram_1p  | auto | 1       |
|   state_issue_alu_iq_entries_uop_rename_ppred_U            | -    | -    |        | state_issue_alu_iq_entries_uop_rename_ppred            | ram_1p  | auto | 1       |
|   state_issue_alu_iq_entries_uop_rename_prs1_busy_U        | -    | -    |        | state_issue_alu_iq_entries_uop_rename_prs1_busy        | ram_1p  | auto | 1       |
|   state_issue_alu_iq_entries_uop_rename_prs2_busy_U        | -    | -    |        | state_issue_alu_iq_entries_uop_rename_prs2_busy        | ram_1p  | auto | 1       |
|   state_issue_alu_iq_entries_uop_rename_prs3_busy_U        | -    | -    |        | state_issue_alu_iq_entries_uop_rename_prs3_busy        | ram_1p  | auto | 1       |
|   state_issue_alu_iq_entries_uop_rename_ppred_busy_U       | -    | -    |        | state_issue_alu_iq_entries_uop_rename_ppred_busy       | ram_1p  | auto | 1       |
|   state_issue_alu_iq_entries_uop_rename_stale_pdst_U       | -    | -    |        | state_issue_alu_iq_entries_uop_rename_stale_pdst       | ram_1p  | auto | 1       |
|   state_issue_alu_iq_entries_uop_rename_dst_rtype_U        | -    | -    |        | state_issue_alu_iq_entries_uop_rename_dst_rtype        | ram_1p  | auto | 1       |
|   state_issue_alu_iq_entries_uop_rename_lrs1_rtype_U       | -    | -    |        | state_issue_alu_iq_entries_uop_rename_lrs1_rtype       | ram_1p  | auto | 1       |
|   state_issue_alu_iq_entries_uop_rename_lrs2_rtype_U       | -    | -    |        | state_issue_alu_iq_entries_uop_rename_lrs2_rtype       | ram_1p  | auto | 1       |
|   state_issue_alu_iq_entries_uop_rename_frs3_en_U          | -    | -    |        | state_issue_alu_iq_entries_uop_rename_frs3_en          | ram_1p  | auto | 1       |
|   state_issue_alu_iq_entries_uop_rename_fp_val_U           | -    | -    |        | state_issue_alu_iq_entries_uop_rename_fp_val           | ram_1p  | auto | 1       |
|   state_issue_alu_iq_entries_uop_rename_fp_single_U        | -    | -    |        | state_issue_alu_iq_entries_uop_rename_fp_single        | ram_1p  | auto | 1       |
|   state_issue_alu_iq_entries_uop_exception_U               | -    | -    |        | state_issue_alu_iq_entries_uop_exception               | ram_1p  | auto | 1       |
|   state_issue_alu_iq_entries_uop_exc_cause_U               | -    | -    |        | state_issue_alu_iq_entries_uop_exc_cause               | ram_1p  | auto | 1       |
|   state_issue_alu_iq_entries_uop_bypassable_U              | -    | -    |        | state_issue_alu_iq_entries_uop_bypassable              | ram_1p  | auto | 1       |
|   state_issue_alu_iq_entries_uop_mem_mem_cmd_U             | -    | -    |        | state_issue_alu_iq_entries_uop_mem_mem_cmd             | ram_1p  | auto | 1       |
|   state_issue_alu_iq_entries_uop_mem_mem_size_U            | -    | -    |        | state_issue_alu_iq_entries_uop_mem_mem_size            | ram_1p  | auto | 1       |
|   state_issue_alu_iq_entries_uop_mem_mem_signed_U          | -    | -    |        | state_issue_alu_iq_entries_uop_mem_mem_signed          | ram_1p  | auto | 1       |
|   state_issue_alu_iq_entries_uop_mem_is_fence_U            | -    | -    |        | state_issue_alu_iq_entries_uop_mem_is_fence            | ram_1p  | auto | 1       |
|   state_issue_alu_iq_entries_uop_mem_is_fencei_U           | -    | -    |        | state_issue_alu_iq_entries_uop_mem_is_fencei           | ram_1p  | auto | 1       |
|   state_issue_alu_iq_entries_uop_mem_is_amo_U              | -    | -    |        | state_issue_alu_iq_entries_uop_mem_is_amo              | ram_1p  | auto | 1       |
|   state_issue_alu_iq_entries_uop_mem_uses_ldq_U            | -    | -    |        | state_issue_alu_iq_entries_uop_mem_uses_ldq            | ram_1p  | auto | 1       |
|   state_issue_alu_iq_entries_uop_mem_uses_stq_U            | -    | -    |        | state_issue_alu_iq_entries_uop_mem_uses_stq            | ram_1p  | auto | 1       |
|   state_issue_alu_iq_entries_uop_mem_ldst_is_rs1_U         | -    | -    |        | state_issue_alu_iq_entries_uop_mem_ldst_is_rs1         | ram_1p  | auto | 1       |
|   state_issue_alu_iq_entries_uop_mem_ldst_val_U            | -    | -    |        | state_issue_alu_iq_entries_uop_mem_ldst_val            | ram_1p  | auto | 1       |
|   state_issue_alu_iq_entries_uop_is_sys_pc2epc_U           | -    | -    |        | state_issue_alu_iq_entries_uop_is_sys_pc2epc           | ram_1p  | auto | 1       |
|   state_issue_alu_iq_entries_uop_is_unique_U               | -    | -    |        | state_issue_alu_iq_entries_uop_is_unique               | ram_1p  | auto | 1       |
|   state_issue_alu_iq_entries_uop_flush_on_commit_U         | -    | -    |        | state_issue_alu_iq_entries_uop_flush_on_commit         | ram_1p  | auto | 1       |
|   state_issue_alu_iq_entries_uop_exc_exception_U           | -    | -    |        | state_issue_alu_iq_entries_uop_exc_exception           | ram_1p  | auto | 1       |
|   state_issue_alu_iq_entries_uop_exc_exc_cause_U           | -    | -    |        | state_issue_alu_iq_entries_uop_exc_exc_cause           | ram_1p  | auto | 1       |
|   state_issue_alu_iq_entries_uop_exc_xcpt_pf_if_U          | -    | -    |        | state_issue_alu_iq_entries_uop_exc_xcpt_pf_if          | ram_1p  | auto | 1       |
|   state_issue_alu_iq_entries_uop_exc_xcpt_ae_if_U          | -    | -    |        | state_issue_alu_iq_entries_uop_exc_xcpt_ae_if          | ram_1p  | auto | 1       |
|   state_issue_alu_iq_entries_uop_exc_xcpt_ma_if_U          | -    | -    |        | state_issue_alu_iq_entries_uop_exc_xcpt_ma_if          | ram_1p  | auto | 1       |
|   state_issue_alu_iq_entries_uop_exc_bp_debug_if_U         | -    | -    |        | state_issue_alu_iq_entries_uop_exc_bp_debug_if         | ram_1p  | auto | 1       |
|   state_issue_alu_iq_entries_uop_exc_bp_xcpt_if_U          | -    | -    |        | state_issue_alu_iq_entries_uop_exc_bp_xcpt_if          | ram_1p  | auto | 1       |
|   state_issue_alu_iq_entries_uop_debug_debug_fsrc_U        | -    | -    |        | state_issue_alu_iq_entries_uop_debug_debug_fsrc        | ram_1p  | auto | 1       |
|   state_issue_alu_iq_entries_uop_debug_debug_tsrc_U        | -    | -    |        | state_issue_alu_iq_entries_uop_debug_debug_tsrc        | ram_1p  | auto | 1       |
|   state_issue_alu_iq_entries_uop_debug_debug_inst_U        | -    | -    |        | state_issue_alu_iq_entries_uop_debug_debug_inst        | ram_1p  | auto | 1       |
|   state_issue_alu_iq_entries_uop_debug_debug_pc_U          | -    | -    |        | state_issue_alu_iq_entries_uop_debug_debug_pc          | ram_1p  | auto | 1       |
|   state_issue_alu_iq_entries_prs1_data_U                   | -    | -    |        | state_issue_alu_iq_entries_prs1_data                   | ram_1p  | auto | 1       |
|   state_issue_alu_iq_entries_prs2_data_U                   | -    | -    |        | state_issue_alu_iq_entries_prs2_data                   | ram_1p  | auto | 1       |
|   state_issue_alu_iq_entries_prs3_data_U                   | -    | -    |        | state_issue_alu_iq_entries_prs3_data                   | ram_1p  | auto | 1       |
|  + issue_module                                            | 0    | 0    |        |                                                        |         |      |         |
|   + compact_iq                                             | 0    | 0    |        |                                                        |         |      |         |
|     temp_valid_U                                           | -    | -    |        | temp_valid                                             | ram_1p  | auto | 1       |
|     temp_request_U                                         | -    | -    |        | temp_request                                           | ram_1p  | auto | 1       |
|     temp_granted_U                                         | -    | -    |        | temp_granted                                           | ram_1p  | auto | 1       |
|     temp_killed_U                                          | -    | -    |        | temp_killed                                            | ram_1p  | auto | 1       |
|     temp_pdst_busy_U                                       | -    | -    |        | temp_pdst_busy                                         | ram_1p  | auto | 1       |
|     temp_prs1_busy_U                                       | -    | -    |        | temp_prs1_busy                                         | ram_1p  | auto | 1       |
|     temp_prs2_busy_U                                       | -    | -    |        | temp_prs2_busy                                         | ram_1p  | auto | 1       |
|     temp_prs3_busy_U                                       | -    | -    |        | temp_prs3_busy                                         | ram_1p  | auto | 1       |
|     temp_uop_uopc_U                                        | -    | -    |        | temp_uop_uopc                                          | ram_1p  | auto | 1       |
|     temp_uop_inst_U                                        | -    | -    |        | temp_uop_inst                                          | ram_1p  | auto | 1       |
|     temp_uop_debug_inst_U                                  | -    | -    |        | temp_uop_debug_inst                                    | ram_1p  | auto | 1       |
|     temp_uop_is_rvc_U                                      | -    | -    |        | temp_uop_is_rvc                                        | ram_1p  | auto | 1       |
|     temp_uop_debug_pc_U                                    | -    | -    |        | temp_uop_debug_pc                                      | ram_1p  | auto | 1       |
|     temp_uop_iq_type_U                                     | -    | -    |        | temp_uop_iq_type                                       | ram_1p  | auto | 1       |
|     temp_uop_fu_code_U                                     | -    | -    |        | temp_uop_fu_code                                       | ram_1p  | auto | 1       |
|     temp_uop_ctrl_br_type_U                                | -    | -    |        | temp_uop_ctrl_br_type                                  | ram_1p  | auto | 1       |
|     temp_uop_ctrl_op1_sel_U                                | -    | -    |        | temp_uop_ctrl_op1_sel                                  | ram_1p  | auto | 1       |
|     temp_uop_ctrl_op2_sel_U                                | -    | -    |        | temp_uop_ctrl_op2_sel                                  | ram_1p  | auto | 1       |
|     temp_uop_ctrl_imm_sel_U                                | -    | -    |        | temp_uop_ctrl_imm_sel                                  | ram_1p  | auto | 1       |
|     temp_uop_ctrl_op_fcn_U                                 | -    | -    |        | temp_uop_ctrl_op_fcn                                   | ram_1p  | auto | 1       |
|     temp_uop_ctrl_fcn_dw_U                                 | -    | -    |        | temp_uop_ctrl_fcn_dw                                   | ram_1p  | auto | 1       |
|     temp_uop_ctrl_csr_cmd_U                                | -    | -    |        | temp_uop_ctrl_csr_cmd                                  | ram_1p  | auto | 1       |
|     temp_uop_ctrl_is_load_U                                | -    | -    |        | temp_uop_ctrl_is_load                                  | ram_1p  | auto | 1       |
|     temp_uop_ctrl_is_sta_U                                 | -    | -    |        | temp_uop_ctrl_is_sta                                   | ram_1p  | auto | 1       |
|     temp_uop_ctrl_is_std_U                                 | -    | -    |        | temp_uop_ctrl_is_std                                   | ram_1p  | auto | 1       |
|     temp_uop_iw_state_U                                    | -    | -    |        | temp_uop_iw_state                                      | ram_1p  | auto | 1       |
|     temp_uop_iw_p1_poisoned_U                              | -    | -    |        | temp_uop_iw_p1_poisoned                                | ram_1p  | auto | 1       |
|     temp_uop_iw_p2_poisoned_U                              | -    | -    |        | temp_uop_iw_p2_poisoned                                | ram_1p  | auto | 1       |
|     temp_uop_branch_br_mask_U                              | -    | -    |        | temp_uop_branch_br_mask                                | ram_1p  | auto | 1       |
|     temp_uop_branch_br_tag_U                               | -    | -    |        | temp_uop_branch_br_tag                                 | ram_1p  | auto | 1       |
|     temp_uop_branch_ftq_idx_U                              | -    | -    |        | temp_uop_branch_ftq_idx                                | ram_1p  | auto | 1       |
|     temp_uop_branch_pc_lob_U                               | -    | -    |        | temp_uop_branch_pc_lob                                 | ram_1p  | auto | 1       |
|     temp_uop_branch_edge_inst_U                            | -    | -    |        | temp_uop_branch_edge_inst                              | ram_1p  | auto | 1       |
|     temp_uop_branch_taken_U                                | -    | -    |        | temp_uop_branch_taken                                  | ram_1p  | auto | 1       |
|     temp_uop_branch_is_br_U                                | -    | -    |        | temp_uop_branch_is_br                                  | ram_1p  | auto | 1       |
|     temp_uop_branch_is_jalr_U                              | -    | -    |        | temp_uop_branch_is_jalr                                | ram_1p  | auto | 1       |
|     temp_uop_branch_is_jal_U                               | -    | -    |        | temp_uop_branch_is_jal                                 | ram_1p  | auto | 1       |
|     temp_uop_branch_is_sfb_U                               | -    | -    |        | temp_uop_branch_is_sfb                                 | ram_1p  | auto | 1       |
|     temp_uop_imm_packed_U                                  | -    | -    |        | temp_uop_imm_packed                                    | ram_1p  | auto | 1       |
|     temp_uop_csr_addr_U                                    | -    | -    |        | temp_uop_csr_addr                                      | ram_1p  | auto | 1       |
|     temp_uop_queue_rob_idx_U                               | -    | -    |        | temp_uop_queue_rob_idx                                 | ram_1p  | auto | 1       |
|     temp_uop_queue_ldq_idx_U                               | -    | -    |        | temp_uop_queue_ldq_idx                                 | ram_1p  | auto | 1       |
|     temp_uop_queue_stq_idx_U                               | -    | -    |        | temp_uop_queue_stq_idx                                 | ram_1p  | auto | 1       |
|     temp_uop_queue_rxq_idx_U                               | -    | -    |        | temp_uop_queue_rxq_idx                                 | ram_1p  | auto | 1       |
|     temp_uop_queue_rob_allocation_id_U                     | -    | -    |        | temp_uop_queue_rob_allocation_id                       | ram_1p  | auto | 1       |
|     temp_uop_rename_ldst_U                                 | -    | -    |        | temp_uop_rename_ldst                                   | ram_1p  | auto | 1       |
|     temp_uop_rename_lrs1_U                                 | -    | -    |        | temp_uop_rename_lrs1                                   | ram_1p  | auto | 1       |
|     temp_uop_rename_lrs2_U                                 | -    | -    |        | temp_uop_rename_lrs2                                   | ram_1p  | auto | 1       |
|     temp_uop_rename_lrs3_U                                 | -    | -    |        | temp_uop_rename_lrs3                                   | ram_1p  | auto | 1       |
|     temp_uop_rename_pdst_U                                 | -    | -    |        | temp_uop_rename_pdst                                   | ram_1p  | auto | 1       |
|     temp_uop_rename_prs1_U                                 | -    | -    |        | temp_uop_rename_prs1                                   | ram_1p  | auto | 1       |
|     temp_uop_rename_prs2_U                                 | -    | -    |        | temp_uop_rename_prs2                                   | ram_1p  | auto | 1       |
|     temp_uop_rename_prs3_U                                 | -    | -    |        | temp_uop_rename_prs3                                   | ram_1p  | auto | 1       |
|     temp_uop_rename_ppred_U                                | -    | -    |        | temp_uop_rename_ppred                                  | ram_1p  | auto | 1       |
|     temp_uop_rename_prs1_busy_U                            | -    | -    |        | temp_uop_rename_prs1_busy                              | ram_1p  | auto | 1       |
|     temp_uop_rename_prs2_busy_U                            | -    | -    |        | temp_uop_rename_prs2_busy                              | ram_1p  | auto | 1       |
|     temp_uop_rename_prs3_busy_U                            | -    | -    |        | temp_uop_rename_prs3_busy                              | ram_1p  | auto | 1       |
|     temp_uop_rename_ppred_busy_U                           | -    | -    |        | temp_uop_rename_ppred_busy                             | ram_1p  | auto | 1       |
|     temp_uop_rename_stale_pdst_U                           | -    | -    |        | temp_uop_rename_stale_pdst                             | ram_1p  | auto | 1       |
|     temp_uop_rename_dst_rtype_U                            | -    | -    |        | temp_uop_rename_dst_rtype                              | ram_1p  | auto | 1       |
|     temp_uop_rename_lrs1_rtype_U                           | -    | -    |        | temp_uop_rename_lrs1_rtype                             | ram_1p  | auto | 1       |
|     temp_uop_rename_lrs2_rtype_U                           | -    | -    |        | temp_uop_rename_lrs2_rtype                             | ram_1p  | auto | 1       |
|     temp_uop_rename_frs3_en_U                              | -    | -    |        | temp_uop_rename_frs3_en                                | ram_1p  | auto | 1       |
|     temp_uop_rename_fp_val_U                               | -    | -    |        | temp_uop_rename_fp_val                                 | ram_1p  | auto | 1       |
|     temp_uop_rename_fp_single_U                            | -    | -    |        | temp_uop_rename_fp_single                              | ram_1p  | auto | 1       |
|     temp_uop_exception_U                                   | -    | -    |        | temp_uop_exception                                     | ram_1p  | auto | 1       |
|     temp_uop_exc_cause_U                                   | -    | -    |        | temp_uop_exc_cause                                     | ram_1p  | auto | 1       |
|     temp_uop_bypassable_U                                  | -    | -    |        | temp_uop_bypassable                                    | ram_1p  | auto | 1       |
|     temp_uop_mem_mem_cmd_U                                 | -    | -    |        | temp_uop_mem_mem_cmd                                   | ram_1p  | auto | 1       |
|     temp_uop_mem_mem_size_U                                | -    | -    |        | temp_uop_mem_mem_size                                  | ram_1p  | auto | 1       |
|     temp_uop_mem_mem_signed_U                              | -    | -    |        | temp_uop_mem_mem_signed                                | ram_1p  | auto | 1       |
|     temp_uop_mem_is_fence_U                                | -    | -    |        | temp_uop_mem_is_fence                                  | ram_1p  | auto | 1       |
|     temp_uop_mem_is_fencei_U                               | -    | -    |        | temp_uop_mem_is_fencei                                 | ram_1p  | auto | 1       |
|     temp_uop_mem_is_amo_U                                  | -    | -    |        | temp_uop_mem_is_amo                                    | ram_1p  | auto | 1       |
|     temp_uop_mem_uses_ldq_U                                | -    | -    |        | temp_uop_mem_uses_ldq                                  | ram_1p  | auto | 1       |
|     temp_uop_mem_uses_stq_U                                | -    | -    |        | temp_uop_mem_uses_stq                                  | ram_1p  | auto | 1       |
|     temp_uop_mem_ldst_is_rs1_U                             | -    | -    |        | temp_uop_mem_ldst_is_rs1                               | ram_1p  | auto | 1       |
|     temp_uop_mem_ldst_val_U                                | -    | -    |        | temp_uop_mem_ldst_val                                  | ram_1p  | auto | 1       |
|     temp_uop_is_sys_pc2epc_U                               | -    | -    |        | temp_uop_is_sys_pc2epc                                 | ram_1p  | auto | 1       |
|     temp_uop_is_unique_U                                   | -    | -    |        | temp_uop_is_unique                                     | ram_1p  | auto | 1       |
|     temp_uop_flush_on_commit_U                             | -    | -    |        | temp_uop_flush_on_commit                               | ram_1p  | auto | 1       |
|     temp_uop_exc_exception_U                               | -    | -    |        | temp_uop_exc_exception                                 | ram_1p  | auto | 1       |
|     temp_uop_exc_exc_cause_U                               | -    | -    |        | temp_uop_exc_exc_cause                                 | ram_1p  | auto | 1       |
|     temp_uop_exc_xcpt_pf_if_U                              | -    | -    |        | temp_uop_exc_xcpt_pf_if                                | ram_1p  | auto | 1       |
|     temp_uop_exc_xcpt_ae_if_U                              | -    | -    |        | temp_uop_exc_xcpt_ae_if                                | ram_1p  | auto | 1       |
|     temp_uop_exc_xcpt_ma_if_U                              | -    | -    |        | temp_uop_exc_xcpt_ma_if                                | ram_1p  | auto | 1       |
|     temp_uop_exc_bp_debug_if_U                             | -    | -    |        | temp_uop_exc_bp_debug_if                               | ram_1p  | auto | 1       |
|     temp_uop_exc_bp_xcpt_if_U                              | -    | -    |        | temp_uop_exc_bp_xcpt_if                                | ram_1p  | auto | 1       |
|     temp_uop_debug_debug_fsrc_U                            | -    | -    |        | temp_uop_debug_debug_fsrc                              | ram_1p  | auto | 1       |
|     temp_uop_debug_debug_tsrc_U                            | -    | -    |        | temp_uop_debug_debug_tsrc                              | ram_1p  | auto | 1       |
|     temp_uop_debug_debug_inst_U                            | -    | -    |        | temp_uop_debug_debug_inst                              | ram_1p  | auto | 1       |
|     temp_uop_debug_debug_pc_U                              | -    | -    |        | temp_uop_debug_debug_pc                                | ram_1p  | auto | 1       |
|     temp_prs1_data_U                                       | -    | -    |        | temp_prs1_data                                         | ram_1p  | auto | 1       |
|     temp_prs2_data_U                                       | -    | -    |        | temp_prs2_data                                         | ram_1p  | auto | 1       |
|     temp_prs3_data_U                                       | -    | -    |        | temp_prs3_data                                         | ram_1p  | auto | 1       |
+------------------------------------------------------------+------+------+--------+--------------------------------------------------------+---------+------+---------+


================================================================
== User Pragma Report
================================================================
* Valid Pragma Syntax
+-----------+-------------------------------------------+----------------------------------------------------------------------------------------------------------------+
| Type      | Options                                   | Location                                                                                                       |
+-----------+-------------------------------------------+----------------------------------------------------------------------------------------------------------------+
| inline    |                                           | /home/lab_726/boom/hls_boom/src/boom_core_merged.cpp:464 in complete_selected                                  |
| interface | ap_ctrl_none port=return                  | /home/lab_726/boom/hls_boom/src/boom_core_merged.cpp:1798 in boom_core_top, return                             |
| interface | axis port=imem_req_out                    | /home/lab_726/boom/hls_boom/src/boom_core_merged.cpp:1799 in boom_core_top, imem_req_out                       |
| interface | axis port=imem_resp_in                    | /home/lab_726/boom/hls_boom/src/boom_core_merged.cpp:1800 in boom_core_top, imem_resp_in                       |
| interface | axis port=dmem_req_out                    | /home/lab_726/boom/hls_boom/src/boom_core_merged.cpp:1801 in boom_core_top, dmem_req_out                       |
| interface | axis port=dmem_resp_in                    | /home/lab_726/boom/hls_boom/src/boom_core_merged.cpp:1802 in boom_core_top, dmem_resp_in                       |
| interface | axis port=commit_trace_out                | /home/lab_726/boom/hls_boom/src/boom_core_merged.cpp:1803 in boom_core_top, commit_trace_out                   |
| interface | ap_none port=io_success                   | /home/lab_726/boom/hls_boom/src/boom_core_merged.cpp:1804 in boom_core_top, io_success                         |
| interface | ap_none port=io_halted                    | /home/lab_726/boom/hls_boom/src/boom_core_merged.cpp:1805 in boom_core_top, io_halted                          |
| interface | ap_none port=io_trap                      | /home/lab_726/boom/hls_boom/src/boom_core_merged.cpp:1806 in boom_core_top, io_trap                            |
| interface | ap_none port=io_cycle_valid               | /home/lab_726/boom/hls_boom/src/boom_core_merged.cpp:1807 in boom_core_top, io_cycle_valid                     |
| interface | ap_none port=io_cycle                     | /home/lab_726/boom/hls_boom/src/boom_core_merged.cpp:1808 in boom_core_top, io_cycle                           |
| interface | ap_none port=io_instret                   | /home/lab_726/boom/hls_boom/src/boom_core_merged.cpp:1809 in boom_core_top, io_instret                         |
| reset     | variable=reset_ctrl                       | /home/lab_726/boom/hls_boom/src/boom_core_merged.cpp:1813 in boom_core_top, reset_ctrl                         |
| interface | ap_ctrl_none port=return                  | /home/lab_726/boom/hls_boom/src/boom_core_merged.cpp:1841 in boom_core_step_top, return                        |
| interface | axis port=imem_req_out                    | /home/lab_726/boom/hls_boom/src/boom_core_merged.cpp:1842 in boom_core_step_top, imem_req_out                  |
| interface | axis port=imem_resp_in                    | /home/lab_726/boom/hls_boom/src/boom_core_merged.cpp:1843 in boom_core_step_top, imem_resp_in                  |
| interface | axis port=dmem_req_out                    | /home/lab_726/boom/hls_boom/src/boom_core_merged.cpp:1844 in boom_core_step_top, dmem_req_out                  |
| interface | axis port=dmem_resp_in                    | /home/lab_726/boom/hls_boom/src/boom_core_merged.cpp:1845 in boom_core_step_top, dmem_resp_in                  |
| interface | axis port=commit_trace_out                | /home/lab_726/boom/hls_boom/src/boom_core_merged.cpp:1846 in boom_core_step_top, commit_trace_out              |
| interface | ap_none port=io_success                   | /home/lab_726/boom/hls_boom/src/boom_core_merged.cpp:1847 in boom_core_step_top, io_success                    |
| interface | ap_none port=io_halted                    | /home/lab_726/boom/hls_boom/src/boom_core_merged.cpp:1848 in boom_core_step_top, io_halted                     |
| interface | ap_none port=io_trap                      | /home/lab_726/boom/hls_boom/src/boom_core_merged.cpp:1849 in boom_core_step_top, io_trap                       |
| interface | ap_none port=io_cycle_valid               | /home/lab_726/boom/hls_boom/src/boom_core_merged.cpp:1850 in boom_core_step_top, io_cycle_valid                |
| interface | ap_none port=io_cycle                     | /home/lab_726/boom/hls_boom/src/boom_core_merged.cpp:1851 in boom_core_step_top, io_cycle                      |
| interface | ap_none port=io_instret                   | /home/lab_726/boom/hls_boom/src/boom_core_merged.cpp:1852 in boom_core_step_top, io_instret                    |
| reset     | variable=reset_ctrl                       | /home/lab_726/boom/hls_boom/src/boom_core_merged.cpp:1856 in boom_core_step_top, reset_ctrl                    |
| reset     | variable=reset_ctrl                       | /home/lab_726/boom/hls_boom/src/boom_core_merged.cpp:1902 in boom_core_ncycle_n1_top, reset_ctrl               |
| reset     | variable=reset_ctrl                       | /home/lab_726/boom/hls_boom/src/boom_core_merged.cpp:1903 in boom_core_ncycle_n2_top, reset_ctrl               |
| reset     | variable=reset_ctrl                       | /home/lab_726/boom/hls_boom/src/boom_core_merged.cpp:1904 in boom_core_ncycle_n4_top, reset_ctrl               |
| reset     | variable=reset_ctrl                       | /home/lab_726/boom/hls_boom/src/boom_core_merged.cpp:1905 in boom_core_ncycle_n8_top, reset_ctrl               |
| inline    |                                           | /home/lab_726/boom/hls_boom/src/boom_core_merged.cpp:2248 in w3_seed_rob                                       |
| inline    |                                           | /home/lab_726/boom/hls_boom/src/boom_core_merged.cpp:2269 in w3_seed_issue                                     |
| stream    | variable=commit_pipe.commit_trace depth=1 | /home/lab_726/boom/hls_boom/src/boom_core_merged.cpp:2317 in synth_w3_diagnostic_top, commit_pipe.commit_trace |
| stream    | variable=commit_pipe.dmem_req depth=1     | /home/lab_726/boom/hls_boom/src/boom_core_merged.cpp:2318 in synth_w3_diagnostic_top, commit_pipe.dmem_req     |
+-----------+-------------------------------------------+----------------------------------------------------------------------------------------------------------------+


