include/boom_config.hpp: OK
include/boom_interfaces.hpp: OK
include/boom_state.hpp: OK
include/boom_types.hpp: OK
include/issue.hpp: OK
include/reset.hpp: OK
scripts/gate4_0/run_w3_regressions.sh: OK
src/boom_all.cpp: OK
src/boom_core_merged.cpp: OK
src/boom_core_step.cpp: OK
src/boom_core_top.cpp: OK
src/branch.cpp: OK
src/commit.cpp: OK
src/csr.cpp: OK
src/decode.cpp: OK
src/execute.cpp: OK
src/frontend.cpp: OK
src/issue.cpp: OK
src/lsu.cpp: OK
src/rename.cpp: OK
src/reset.cpp: OK
src/rob.cpp: OK
src/synth_module_tops.cpp: OK
tb/differential/branch_snapshot_random_tests.cpp: OK
tb/differential/branch_snapshot_tests.cpp: OK
tb/differential/cycle_normalizer.cpp: OK
tb/differential/directed_tests.cpp: OK
tb/differential/dispatch_retry_tests.cpp: OK
tb/differential/event_matcher.cpp: OK
tb/differential/gate1_regression_tests.cpp: OK
tb/differential/gate4_w1_lane_interface_tests.cpp: OK
tb/differential/hls_prefix_trace_tb.cpp: OK
tb/differential/iq_compaction_tests.cpp: OK
tb/differential/lsu_minimal_tests.cpp: OK
tb/differential/partial_order_matcher.cpp: OK
tb/differential/reset_architecture_tests.cpp: OK
tb/differential/trace_compare.cpp: OK
tb/differential/w2_dual_grant_random_tests.cpp: OK
tb/differential/w2_dual_grant_tests.cpp: OK
tb/differential/w3_completion_buffer_tests.cpp: OK
tb/differential/w3_dual_execute_random_tests.cpp: OK
tb/differential/w3_dual_execute_tests.cpp: OK
tb/differential/w3_rtl_wrapper_tests.cpp: OK
