INFO: [VRFC 10-2263] Analyzing Verilog file "/home/lab_726/opencode_tmp/g6_l1_focused_stateless_pilot/image_4_branch_squash/hls_project/solution/syn/verilog/g6_l1r_pilot_branch_squash_clear_resolved_masks_in_state_Pipeline_VITIS_LOOP_3299_2.v" into library work
INFO: [VRFC 10-311] analyzing module g6_l1r_pilot_branch_squash_clear_resolved_masks_in_state_Pipeline_VITIS_LOOP_3299_2
INFO: [VRFC 10-2263] Analyzing Verilog file "/home/lab_726/opencode_tmp/g6_l1_focused_stateless_pilot/image_4_branch_squash/hls_project/solution/syn/verilog/g6_l1r_pilot_branch_squash_clear_resolved_masks_in_state_Pipeline_VITIS_LOOP_3304_3.v" into library work
INFO: [VRFC 10-311] analyzing module g6_l1r_pilot_branch_squash_clear_resolved_masks_in_state_Pipeline_VITIS_LOOP_3304_3
INFO: [VRFC 10-2263] Analyzing Verilog file "/home/lab_726/opencode_tmp/g6_l1_focused_stateless_pilot/image_4_branch_squash/hls_project/solution/syn/verilog/g6_l1r_pilot_branch_squash_clear_resolved_masks_in_state_Pipeline_VITIS_LOOP_3305_4.v" into library work
INFO: [VRFC 10-311] analyzing module g6_l1r_pilot_branch_squash_clear_resolved_masks_in_state_Pipeline_VITIS_LOOP_3305_4
INFO: [VRFC 10-2263] Analyzing Verilog file "/home/lab_726/opencode_tmp/g6_l1_focused_stateless_pilot/image_4_branch_squash/hls_project/solution/syn/verilog/g6_l1r_pilot_branch_squash_clear_resolved_masks_in_state_Pipeline_VITIS_LOOP_3306_5.v" into library work
INFO: [VRFC 10-311] analyzing module g6_l1r_pilot_branch_squash_clear_resolved_masks_in_state_Pipeline_VITIS_LOOP_3306_5
INFO: [VRFC 10-2263] Analyzing Verilog file "/home/lab_726/opencode_tmp/g6_l1_focused_stateless_pilot/image_4_branch_squash/hls_project/solution/syn/verilog/g6_l1r_pilot_branch_squash_clear_resolved_masks_in_state_Pipeline_VITIS_LOOP_3313_6.v" into library work
INFO: [VRFC 10-311] analyzing module g6_l1r_pilot_branch_squash_clear_resolved_masks_in_state_Pipeline_VITIS_LOOP_3313_6
INFO: [VRFC 10-2263] Analyzing Verilog file "/home/lab_726/opencode_tmp/g6_l1_focused_stateless_pilot/image_4_branch_squash/hls_project/solution/syn/verilog/g6_l1r_pilot_branch_squash_clear_resolved_masks_in_state_Pipeline_VITIS_LOOP_3315_7.v" into library work
INFO: [VRFC 10-311] analyzing module g6_l1r_pilot_branch_squash_clear_resolved_masks_in_state_Pipeline_VITIS_LOOP_3315_7
INFO: [VRFC 10-2263] Analyzing Verilog file "/home/lab_726/opencode_tmp/g6_l1_focused_stateless_pilot/image_4_branch_squash/hls_project/solution/syn/verilog/g6_l1r_pilot_branch_squash_clear_resolved_masks_in_state_Pipeline_VITIS_LOOP_3317_8.v" into library work
INFO: [VRFC 10-311] analyzing module g6_l1r_pilot_branch_squash_clear_resolved_masks_in_state_Pipeline_VITIS_LOOP_3317_8
INFO: [VRFC 10-2263] Analyzing Verilog file "/home/lab_726/opencode_tmp/g6_l1_focused_stateless_pilot/image_4_branch_squash/hls_project/solution/syn/verilog/g6_l1r_pilot_branch_squash_clear_resolved_masks_in_state_Pipeline_VITIS_LOOP_3318_9.v" into library work
INFO: [VRFC 10-311] analyzing module g6_l1r_pilot_branch_squash_clear_resolved_masks_in_state_Pipeline_VITIS_LOOP_3318_9
INFO: [VRFC 10-2263] Analyzing Verilog file "/home/lab_726/opencode_tmp/g6_l1_focused_stateless_pilot/image_4_branch_squash/hls_project/solution/syn/verilog/g6_l1r_pilot_branch_squash_clear_resolved_masks_in_state.v" into library work
INFO: [VRFC 10-311] analyzing module g6_l1r_pilot_branch_squash_clear_resolved_masks_in_state
INFO: [VRFC 10-2263] Analyzing Verilog file "/home/lab_726/opencode_tmp/g6_l1_focused_stateless_pilot/image_4_branch_squash/hls_project/solution/syn/verilog/g6_l1r_pilot_branch_squash_compact_issue_queue_Pipeline_1.v" into library work
INFO: [VRFC 10-311] analyzing module g6_l1r_pilot_branch_squash_compact_issue_queue_Pipeline_1
INFO: [VRFC 10-2263] Analyzing Verilog file "/home/lab_726/opencode_tmp/g6_l1_focused_stateless_pilot/image_4_branch_squash/hls_project/solution/syn/verilog/g6_l1r_pilot_branch_squash_compact_issue_queue_Pipeline_VITIS_LOOP_3324_1.v" into library work
INFO: [VRFC 10-311] analyzing module g6_l1r_pilot_branch_squash_compact_issue_queue_Pipeline_VITIS_LOOP_3324_1
INFO: [VRFC 10-2263] Analyzing Verilog file "/home/lab_726/opencode_tmp/g6_l1_focused_stateless_pilot/image_4_branch_squash/hls_project/solution/syn/verilog/g6_l1r_pilot_branch_squash_compact_issue_queue_Pipeline_VITIS_LOOP_3327_2.v" into library work
INFO: [VRFC 10-311] analyzing module g6_l1r_pilot_branch_squash_compact_issue_queue_Pipeline_VITIS_LOOP_3327_2
INFO: [VRFC 10-2263] Analyzing Verilog file "/home/lab_726/opencode_tmp/g6_l1_focused_stateless_pilot/image_4_branch_squash/hls_project/solution/syn/verilog/g6_l1r_pilot_branch_squash_compact_issue_queue_Pipeline_VITIS_LOOP_3328_3.v" into library work
INFO: [VRFC 10-311] analyzing module g6_l1r_pilot_branch_squash_compact_issue_queue_Pipeline_VITIS_LOOP_3328_3
INFO: [VRFC 10-2263] Analyzing Verilog file "/home/lab_726/opencode_tmp/g6_l1_focused_stateless_pilot/image_4_branch_squash/hls_project/solution/syn/verilog/g6_l1r_pilot_branch_squash_compact_issue_queue_temp_uop_branch_RAM_AUTO_1R1W.v" into library work
INFO: [VRFC 10-311] analyzing module g6_l1r_pilot_branch_squash_compact_issue_queue_temp_uop_branch_RAM_AUTO_1R1W
INFO: [VRFC 10-2263] Analyzing Verilog file "/home/lab_726/opencode_tmp/g6_l1_focused_stateless_pilot/image_4_branch_squash/hls_project/solution/syn/verilog/g6_l1r_pilot_branch_squash_compact_issue_queue_temp_uop_debug_pc_RAM_AUTO_1R1W.v" into library work
INFO: [VRFC 10-311] analyzing module g6_l1r_pilot_branch_squash_compact_issue_queue_temp_uop_debug_pc_RAM_AUTO_1R1W
INFO: [VRFC 10-2263] Analyzing Verilog file "/home/lab_726/opencode_tmp/g6_l1_focused_stateless_pilot/image_4_branch_squash/hls_project/solution/syn/verilog/g6_l1r_pilot_branch_squash_compact_issue_queue_temp_uop_inst_RAM_AUTO_1R1W.v" into library work
INFO: [VRFC 10-311] analyzing module g6_l1r_pilot_branch_squash_compact_issue_queue_temp_uop_inst_RAM_AUTO_1R1W
INFO: [VRFC 10-2263] Analyzing Verilog file "/home/lab_726/opencode_tmp/g6_l1_focused_stateless_pilot/image_4_branch_squash/hls_project/solution/syn/verilog/g6_l1r_pilot_branch_squash_compact_issue_queue_temp_uop_uopc_RAM_AUTO_1R1W.v" into library work
INFO: [VRFC 10-311] analyzing module g6_l1r_pilot_branch_squash_compact_issue_queue_temp_uop_uopc_RAM_AUTO_1R1W
INFO: [VRFC 10-2263] Analyzing Verilog file "/home/lab_726/opencode_tmp/g6_l1_focused_stateless_pilot/image_4_branch_squash/hls_project/solution/syn/verilog/g6_l1r_pilot_branch_squash_compact_issue_queue_temp_valid_RAM_AUTO_1R1W.v" into library work
INFO: [VRFC 10-311] analyzing module g6_l1r_pilot_branch_squash_compact_issue_queue_temp_valid_RAM_AUTO_1R1W
INFO: [VRFC 10-2263] Analyzing Verilog file "/home/lab_726/opencode_tmp/g6_l1_focused_stateless_pilot/image_4_branch_squash/hls_project/solution/syn/verilog/g6_l1r_pilot_branch_squash_compact_issue_queue.v" into library work
INFO: [VRFC 10-311] analyzing module g6_l1r_pilot_branch_squash_compact_issue_queue
INFO: [VRFC 10-2263] Analyzing Verilog file "/home/lab_726/opencode_tmp/g6_l1_focused_stateless_pilot/image_4_branch_squash/hls_project/solution/syn/verilog/g6_l1r_pilot_branch_squash_flow_control_loop_pipe_sequential_init.v" into library work
INFO: [VRFC 10-311] analyzing module g6_l1r_pilot_branch_squash_flow_control_loop_pipe_sequential_init
INFO: [VRFC 10-2263] Analyzing Verilog file "/home/lab_726/opencode_tmp/g6_l1_focused_stateless_pilot/image_4_branch_squash/hls_project/solution/syn/verilog/g6_l1r_pilot_branch_squash_kill_execute_state_Pipeline_VITIS_LOOP_3352_1.v" into library work
INFO: [VRFC 10-311] analyzing module g6_l1r_pilot_branch_squash_kill_execute_state_Pipeline_VITIS_LOOP_3352_1
INFO: [VRFC 10-2263] Analyzing Verilog file "/home/lab_726/opencode_tmp/g6_l1_focused_stateless_pilot/image_4_branch_squash/hls_project/solution/syn/verilog/g6_l1r_pilot_branch_squash_kill_execute_state_Pipeline_VITIS_LOOP_3371_2.v" into library work
INFO: [VRFC 10-311] analyzing module g6_l1r_pilot_branch_squash_kill_execute_state_Pipeline_VITIS_LOOP_3371_2
INFO: [VRFC 10-2263] Analyzing Verilog file "/home/lab_726/opencode_tmp/g6_l1_focused_stateless_pilot/image_4_branch_squash/hls_project/solution/syn/verilog/g6_l1r_pilot_branch_squash_kill_execute_state_Pipeline_VITIS_LOOP_3375_3.v" into library work
INFO: [VRFC 10-311] analyzing module g6_l1r_pilot_branch_squash_kill_execute_state_Pipeline_VITIS_LOOP_3375_3
INFO: [VRFC 10-2263] Analyzing Verilog file "/home/lab_726/opencode_tmp/g6_l1_focused_stateless_pilot/image_4_branch_squash/hls_project/solution/syn/verilog/g6_l1r_pilot_branch_squash_kill_execute_state.v" into library work
INFO: [VRFC 10-311] analyzing module g6_l1r_pilot_branch_squash_kill_execute_state
INFO: [VRFC 10-2263] Analyzing Verilog file "/home/lab_726/opencode_tmp/g6_l1_focused_stateless_pilot/image_4_branch_squash/hls_project/solution/syn/verilog/g6_l1r_pilot_branch_squash_kill_issue_state_Pipeline_VITIS_LOOP_3335_1.v" into library work
INFO: [VRFC 10-311] analyzing module g6_l1r_pilot_branch_squash_kill_issue_state_Pipeline_VITIS_LOOP_3335_1
INFO: [VRFC 10-2263] Analyzing Verilog file "/home/lab_726/opencode_tmp/g6_l1_focused_stateless_pilot/image_4_branch_squash/hls_project/solution/syn/verilog/g6_l1r_pilot_branch_squash_kill_issue_state_Pipeline_VITIS_LOOP_3343_2.v" into library work
INFO: [VRFC 10-311] analyzing module g6_l1r_pilot_branch_squash_kill_issue_state_Pipeline_VITIS_LOOP_3343_2
INFO: [VRFC 10-2263] Analyzing Verilog file "/home/lab_726/opencode_tmp/g6_l1_focused_stateless_pilot/image_4_branch_squash/hls_project/solution/syn/verilog/g6_l1r_pilot_branch_squash_kill_issue_state.v" into library work
INFO: [VRFC 10-311] analyzing module g6_l1r_pilot_branch_squash_kill_issue_state
INFO: [VRFC 10-2263] Analyzing Verilog file "/home/lab_726/opencode_tmp/g6_l1_focused_stateless_pilot/image_4_branch_squash/hls_project/solution/syn/verilog/g6_l1r_pilot_branch_squash_kill_rob_younger_than.v" into library work
INFO: [VRFC 10-311] analyzing module g6_l1r_pilot_branch_squash_kill_rob_younger_than
INFO: [VRFC 10-2263] Analyzing Verilog file "/home/lab_726/opencode_tmp/g6_l1_focused_stateless_pilot/image_4_branch_squash/hls_project/solution/syn/verilog/g6_l1r_pilot_branch_squash_lsu_accept_completion_Pipeline_FIND_FREE_LDQ.v" into library work
INFO: [VRFC 10-311] analyzing module g6_l1r_pilot_branch_squash_lsu_accept_completion_Pipeline_FIND_FREE_LDQ
INFO: [VRFC 10-2263] Analyzing Verilog file "/home/lab_726/opencode_tmp/g6_l1_focused_stateless_pilot/image_4_branch_squash/hls_project/solution/syn/verilog/g6_l1r_pilot_branch_squash_lsu_accept_completion.v" into library work
INFO: [VRFC 10-311] analyzing module g6_l1r_pilot_branch_squash_lsu_accept_completion
INFO: [VRFC 10-2263] Analyzing Verilog file "/home/lab_726/opencode_tmp/g6_l1_focused_stateless_pilot/image_4_branch_squash/hls_project/solution/syn/verilog/g6_l1r_pilot_branch_squash_mul_3ns_7ns_9_1_1.v" into library work
INFO: [VRFC 10-311] analyzing module g6_l1r_pilot_branch_squash_mul_3ns_7ns_9_1_1
INFO: [VRFC 10-2263] Analyzing Verilog file "/home/lab_726/opencode_tmp/g6_l1_focused_stateless_pilot/image_4_branch_squash/hls_project/solution/syn/verilog/g6_l1r_pilot_branch_squash_mux_32_1_1_1.v" into library work
INFO: [VRFC 10-311] analyzing module g6_l1r_pilot_branch_squash_mux_32_1_1_1
INFO: [VRFC 10-2263] Analyzing Verilog file "/home/lab_726/opencode_tmp/g6_l1_focused_stateless_pilot/image_4_branch_squash/hls_project/solution/syn/verilog/g6_l1r_pilot_branch_squash_mux_32_8_1_1.v" into library work
INFO: [VRFC 10-311] analyzing module g6_l1r_pilot_branch_squash_mux_32_8_1_1
INFO: [VRFC 10-2263] Analyzing Verilog file "/home/lab_726/opencode_tmp/g6_l1_focused_stateless_pilot/image_4_branch_squash/hls_project/solution/syn/verilog/g6_l1r_pilot_branch_squash_pilot_install.v" into library work
INFO: [VRFC 10-311] analyzing module g6_l1r_pilot_branch_squash_pilot_install
INFO: [VRFC 10-2263] Analyzing Verilog file "/home/lab_726/opencode_tmp/g6_l1_focused_stateless_pilot/image_4_branch_squash/hls_project/solution/syn/verilog/g6_l1r_pilot_branch_squash_recover_mispredict_Pipeline_VITIS_LOOP_3256_1.v" into library work
INFO: [VRFC 10-311] analyzing module g6_l1r_pilot_branch_squash_recover_mispredict_Pipeline_VITIS_LOOP_3256_1
INFO: [VRFC 10-2263] Analyzing Verilog file "/home/lab_726/opencode_tmp/g6_l1_focused_stateless_pilot/image_4_branch_squash/hls_project/solution/syn/verilog/g6_l1r_pilot_branch_squash_recover_mispredict_Pipeline_VITIS_LOOP_3265_1.v" into library work
INFO: [VRFC 10-311] analyzing module g6_l1r_pilot_branch_squash_recover_mispredict_Pipeline_VITIS_LOOP_3265_1
INFO: [VRFC 10-2263] Analyzing Verilog file "/home/lab_726/opencode_tmp/g6_l1_focused_stateless_pilot/image_4_branch_squash/hls_project/solution/syn/verilog/g6_l1r_pilot_branch_squash_recover_mispredict_Pipeline_VITIS_LOOP_3383_1.v" into library work
INFO: [VRFC 10-311] analyzing module g6_l1r_pilot_branch_squash_recover_mispredict_Pipeline_VITIS_LOOP_3383_1
INFO: [VRFC 10-2263] Analyzing Verilog file "/home/lab_726/opencode_tmp/g6_l1_focused_stateless_pilot/image_4_branch_squash/hls_project/solution/syn/verilog/g6_l1r_pilot_branch_squash_recover_mispredict_Pipeline_VITIS_LOOP_3402_2.v" into library work
INFO: [VRFC 10-311] analyzing module g6_l1r_pilot_branch_squash_recover_mispredict_Pipeline_VITIS_LOOP_3402_2
INFO: [VRFC 10-2263] Analyzing Verilog file "/home/lab_726/opencode_tmp/g6_l1_focused_stateless_pilot/image_4_branch_squash/hls_project/solution/syn/verilog/g6_l1r_pilot_branch_squash_recover_mispredict_Pipeline_VITIS_LOOP_3432_1.v" into library work
INFO: [VRFC 10-311] analyzing module g6_l1r_pilot_branch_squash_recover_mispredict_Pipeline_VITIS_LOOP_3432_1
INFO: [VRFC 10-2263] Analyzing Verilog file "/home/lab_726/opencode_tmp/g6_l1_focused_stateless_pilot/image_4_branch_squash/hls_project/solution/syn/verilog/g6_l1r_pilot_branch_squash_recover_mispredict_Pipeline_VITIS_LOOP_3433_2.v" into library work
INFO: [VRFC 10-311] analyzing module g6_l1r_pilot_branch_squash_recover_mispredict_Pipeline_VITIS_LOOP_3433_2
INFO: [VRFC 10-2263] Analyzing Verilog file "/home/lab_726/opencode_tmp/g6_l1_focused_stateless_pilot/image_4_branch_squash/hls_project/solution/syn/verilog/g6_l1r_pilot_branch_squash_recover_mispredict_Pipeline_VITIS_LOOP_3443_1.v" into library work
INFO: [VRFC 10-311] analyzing module g6_l1r_pilot_branch_squash_recover_mispredict_Pipeline_VITIS_LOOP_3443_1
INFO: [VRFC 10-2263] Analyzing Verilog file "/home/lab_726/opencode_tmp/g6_l1_focused_stateless_pilot/image_4_branch_squash/hls_project/solution/syn/verilog/g6_l1r_pilot_branch_squash_recover_mispredict_Pipeline_VITIS_LOOP_3445_2.v" into library work
INFO: [VRFC 10-311] analyzing module g6_l1r_pilot_branch_squash_recover_mispredict_Pipeline_VITIS_LOOP_3445_2
INFO: [VRFC 10-2263] Analyzing Verilog file "/home/lab_726/opencode_tmp/g6_l1_focused_stateless_pilot/image_4_branch_squash/hls_project/solution/syn/verilog/g6_l1r_pilot_branch_squash_recover_mispredict_Pipeline_VITIS_LOOP_3461_2.v" into library work
INFO: [VRFC 10-311] analyzing module g6_l1r_pilot_branch_squash_recover_mispredict_Pipeline_VITIS_LOOP_3461_2
INFO: [VRFC 10-2263] Analyzing Verilog file "/home/lab_726/opencode_tmp/g6_l1_focused_stateless_pilot/image_4_branch_squash/hls_project/solution/syn/verilog/g6_l1r_pilot_branch_squash_recover_mispredict_Pipeline_VITIS_LOOP_3471_1.v" into library work
INFO: [VRFC 10-311] analyzing module g6_l1r_pilot_branch_squash_recover_mispredict_Pipeline_VITIS_LOOP_3471_1
INFO: [VRFC 10-2263] Analyzing Verilog file "/home/lab_726/opencode_tmp/g6_l1_focused_stateless_pilot/image_4_branch_squash/hls_project/solution/syn/verilog/g6_l1r_pilot_branch_squash_recover_mispredict.v" into library work
INFO: [VRFC 10-311] analyzing module g6_l1r_pilot_branch_squash_recover_mispredict
INFO: [VRFC 10-2263] Analyzing Verilog file "/home/lab_726/opencode_tmp/g6_l1_focused_stateless_pilot/image_4_branch_squash/hls_project/solution/syn/verilog/g6_l1r_pilot_branch_squash_state_branch_state_br_alloc_lists_RAM_AUTO_1R1W.v" into library work
INFO: [VRFC 10-311] analyzing module g6_l1r_pilot_branch_squash_state_branch_state_br_alloc_lists_RAM_AUTO_1R1W
INFO: [VRFC 10-2263] Analyzing Verilog file "/home/lab_726/opencode_tmp/g6_l1_focused_stateless_pilot/image_4_branch_squash/hls_project/solution/syn/verilog/g6_l1r_pilot_branch_squash_state_issue_alu_iq_entries_request_RAM_AUTO_1R1W.v" into library work
INFO: [VRFC 10-311] analyzing module g6_l1r_pilot_branch_squash_state_issue_alu_iq_entries_request_RAM_AUTO_1R1W
INFO: [VRFC 10-2263] Analyzing Verilog file "/home/lab_726/opencode_tmp/g6_l1_focused_stateless_pilot/image_4_branch_squash/hls_project/solution/syn/verilog/g6_l1r_pilot_branch_squash_state_issue_alu_iq_entries_uop_branch_RAM_AUTO_1R1W.v" into library work
INFO: [VRFC 10-311] analyzing module g6_l1r_pilot_branch_squash_state_issue_alu_iq_entries_uop_branch_RAM_AUTO_1R1W
INFO: [VRFC 10-2263] Analyzing Verilog file "/home/lab_726/opencode_tmp/g6_l1_focused_stateless_pilot/image_4_branch_squash/hls_project/solution/syn/verilog/g6_l1r_pilot_branch_squash_state_issue_alu_iq_entries_uop_debug_pc_RAM_AUTO_1R1W.v" into library work
INFO: [VRFC 10-311] analyzing module g6_l1r_pilot_branch_squash_state_issue_alu_iq_entries_uop_debug_pc_RAM_AUTO_1R1W
INFO: [VRFC 10-2263] Analyzing Verilog file "/home/lab_726/opencode_tmp/g6_l1_focused_stateless_pilot/image_4_branch_squash/hls_project/solution/syn/verilog/g6_l1r_pilot_branch_squash_state_issue_alu_iq_entries_uop_inst_RAM_AUTO_1R1W.v" into library work
INFO: [VRFC 10-311] analyzing module g6_l1r_pilot_branch_squash_state_issue_alu_iq_entries_uop_inst_RAM_AUTO_1R1W
INFO: [VRFC 10-2263] Analyzing Verilog file "/home/lab_726/opencode_tmp/g6_l1_focused_stateless_pilot/image_4_branch_squash/hls_project/solution/syn/verilog/g6_l1r_pilot_branch_squash_state_issue_alu_iq_entries_uop_iw_p1_poisoned_RAM_AUTO_1R1W.v" into library work
INFO: [VRFC 10-311] analyzing module g6_l1r_pilot_branch_squash_state_issue_alu_iq_entries_uop_iw_p1_poisoned_RAM_AUTO_1R1W
INFO: [VRFC 10-2263] Analyzing Verilog file "/home/lab_726/opencode_tmp/g6_l1_focused_stateless_pilot/image_4_branch_squash/hls_project/solution/syn/verilog/g6_l1r_pilot_branch_squash_state_issue_alu_iq_entries_uop_uopc_RAM_AUTO_1R1W.v" into library work
INFO: [VRFC 10-311] analyzing module g6_l1r_pilot_branch_squash_state_issue_alu_iq_entries_uop_uopc_RAM_AUTO_1R1W
INFO: [VRFC 10-2263] Analyzing Verilog file "/home/lab_726/opencode_tmp/g6_l1_focused_stateless_pilot/image_4_branch_squash/hls_project/solution/syn/verilog/g6_l1r_pilot_branch_squash_state_issue_alu_iq_entries_valid_RAM_AUTO_1R1W.v" into library work
INFO: [VRFC 10-311] analyzing module g6_l1r_pilot_branch_squash_state_issue_alu_iq_entries_valid_RAM_AUTO_1R1W
INFO: [VRFC 10-2263] Analyzing Verilog file "/home/lab_726/opencode_tmp/g6_l1_focused_stateless_pilot/image_4_branch_squash/hls_project/solution/syn/verilog/g6_l1r_pilot_branch_squash_state_lsu_ldq_address_RAM_AUTO_0R0W.v" into library work
INFO: [VRFC 10-311] analyzing module g6_l1r_pilot_branch_squash_state_lsu_ldq_address_RAM_AUTO_0R0W
INFO: [VRFC 10-2263] Analyzing Verilog file "/home/lab_726/opencode_tmp/g6_l1_focused_stateless_pilot/image_4_branch_squash/hls_project/solution/syn/verilog/g6_l1r_pilot_branch_squash_state_lsu_ldq_signed_load_RAM_AUTO_0R0W.v" into library work
INFO: [VRFC 10-311] analyzing module g6_l1r_pilot_branch_squash_state_lsu_ldq_signed_load_RAM_AUTO_0R0W
INFO: [VRFC 10-2263] Analyzing Verilog file "/home/lab_726/opencode_tmp/g6_l1_focused_stateless_pilot/image_4_branch_squash/hls_project/solution/syn/verilog/g6_l1r_pilot_branch_squash_state_lsu_ldq_size_RAM_AUTO_0R0W.v" into library work
INFO: [VRFC 10-311] analyzing module g6_l1r_pilot_branch_squash_state_lsu_ldq_size_RAM_AUTO_0R0W
INFO: [VRFC 10-2263] Analyzing Verilog file "/home/lab_726/opencode_tmp/g6_l1_focused_stateless_pilot/image_4_branch_squash/hls_project/solution/syn/verilog/g6_l1r_pilot_branch_squash_state_lsu_stq_valid_RAM_AUTO_1R1W.v" into library work
INFO: [VRFC 10-311] analyzing module g6_l1r_pilot_branch_squash_state_lsu_stq_valid_RAM_AUTO_1R1W
INFO: [VRFC 10-2263] Analyzing Verilog file "/home/lab_726/opencode_tmp/g6_l1_focused_stateless_pilot/image_4_branch_squash/hls_project/solution/syn/verilog/g6_l1r_pilot_branch_squash_state_rename_int_free_list_busy_table_RAM_AUTO_0R0W.v" into library work
INFO: [VRFC 10-311] analyzing module g6_l1r_pilot_branch_squash_state_rename_int_free_list_busy_table_RAM_AUTO_0R0W
INFO: [VRFC 10-2263] Analyzing Verilog file "/home/lab_726/opencode_tmp/g6_l1_focused_stateless_pilot/image_4_branch_squash/hls_project/solution/syn/verilog/g6_l1r_pilot_branch_squash_state_rename_int_free_list_free_list_RAM_AUTO_1R1W.v" into library work
INFO: [VRFC 10-311] analyzing module g6_l1r_pilot_branch_squash_state_rename_int_free_list_free_list_RAM_AUTO_1R1W
INFO: [VRFC 10-2263] Analyzing Verilog file "/home/lab_726/opencode_tmp/g6_l1_focused_stateless_pilot/image_4_branch_squash/hls_project/solution/syn/verilog/g6_l1r_pilot_branch_squash_state_rename_int_map_table_map_table_RAM_AUTO_1R1W.v" into library work
INFO: [VRFC 10-311] analyzing module g6_l1r_pilot_branch_squash_state_rename_int_map_table_map_table_RAM_AUTO_1R1W
INFO: [VRFC 10-2263] Analyzing Verilog file "/home/lab_726/opencode_tmp/g6_l1_focused_stateless_pilot/image_4_branch_squash/hls_project/solution/syn/verilog/g6_l1r_pilot_branch_squash_state_rob_entries_memory_address_RAM_AUTO_0R0W.v" into library work
INFO: [VRFC 10-311] analyzing module g6_l1r_pilot_branch_squash_state_rob_entries_memory_address_RAM_AUTO_0R0W
INFO: [VRFC 10-2263] Analyzing Verilog file "/home/lab_726/opencode_tmp/g6_l1_focused_stateless_pilot/image_4_branch_squash/hls_project/solution/syn/verilog/g6_l1r_pilot_branch_squash_state_rob_entries_unsafe_RAM_AUTO_0R0W.v" into library work
INFO: [VRFC 10-311] analyzing module g6_l1r_pilot_branch_squash_state_rob_entries_unsafe_RAM_AUTO_0R0W
INFO: [VRFC 10-2263] Analyzing Verilog file "/home/lab_726/opencode_tmp/g6_l1_focused_stateless_pilot/image_4_branch_squash/hls_project/solution/syn/verilog/g6_l1r_pilot_branch_squash_state_rob_entries_uop_imm_packed_1_RAM_AUTO_1R1W.v" into library work
INFO: [VRFC 10-311] analyzing module g6_l1r_pilot_branch_squash_state_rob_entries_uop_imm_packed_1_RAM_AUTO_1R1W
INFO: [VRFC 10-2263] Analyzing Verilog file "/home/lab_726/opencode_tmp/g6_l1_focused_stateless_pilot/image_4_branch_squash/hls_project/solution/syn/verilog/g6_l1r_pilot_branch_squash_state_rob_entries_uop_imm_packed_4_RAM_AUTO_1R1W.v" into library work
INFO: [VRFC 10-311] analyzing module g6_l1r_pilot_branch_squash_state_rob_entries_uop_imm_packed_4_RAM_AUTO_1R1W
INFO: [VRFC 10-2263] Analyzing Verilog file "/home/lab_726/opencode_tmp/g6_l1_focused_stateless_pilot/image_4_branch_squash/hls_project/solution/syn/verilog/g6_l1r_pilot_branch_squash_state_rob_entries_uop_imm_packed_5_RAM_AUTO_0R0W.v" into library work
INFO: [VRFC 10-311] analyzing module g6_l1r_pilot_branch_squash_state_rob_entries_uop_imm_packed_5_RAM_AUTO_0R0W
INFO: [VRFC 10-2263] Analyzing Verilog file "/home/lab_726/opencode_tmp/g6_l1_focused_stateless_pilot/image_4_branch_squash/hls_project/solution/syn/verilog/g6_l1r_pilot_branch_squash_state_rob_entries_uop_iw_p1_poisoned_1_RAM_AUTO_0R0W.v" into library work
INFO: [VRFC 10-311] analyzing module g6_l1r_pilot_branch_squash_state_rob_entries_uop_iw_p1_poisoned_1_RAM_AUTO_0R0W
INFO: [VRFC 10-2263] Analyzing Verilog file "/home/lab_726/opencode_tmp/g6_l1_focused_stateless_pilot/image_4_branch_squash/hls_project/solution/syn/verilog/g6_l1r_pilot_branch_squash_state_rob_entries_uop_iw_p1_poisoned_RAM_AUTO_1R1W.v" into library work
INFO: [VRFC 10-311] analyzing module g6_l1r_pilot_branch_squash_state_rob_entries_uop_iw_p1_poisoned_RAM_AUTO_1R1W
INFO: [VRFC 10-2263] Analyzing Verilog file "/home/lab_726/opencode_tmp/g6_l1_focused_stateless_pilot/image_4_branch_squash/hls_project/solution/syn/verilog/g6_l1r_pilot_branch_squash_state_rob_entries_valid_RAM_AUTO_1R1W.v" into library work
INFO: [VRFC 10-311] analyzing module g6_l1r_pilot_branch_squash_state_rob_entries_valid_RAM_AUTO_1R1W
INFO: [VRFC 10-2263] Analyzing Verilog file "/home/lab_726/opencode_tmp/g6_l1_focused_stateless_pilot/image_4_branch_squash/hls_project/solution/syn/verilog/g6_l1r_pilot_branch_squash.v" into library work
INFO: [VRFC 10-311] analyzing module g6_l1r_pilot_branch_squash
