#-----------------------------------------------------------
# xsim v2021.2 (64-bit)
# SW Build 3367213 on Tue Oct 19 02:47:39 MDT 2021
# IP Build 3369179 on Thu Oct 21 08:25:16 MDT 2021
# Start of session at: Wed Sep 16 16:05:40 2026
# Process ID: 95264
# Current directory: /home/lab_726/opencode_tmp/g6_l1_path_b_xsim
# Command line: xsim -log /home/lab_726/boom/hls_boom/reports/gate6_0_full_lsu/l1/focused_rtl_redesign/logs/case_48_simultaneous_commit_lsu_path_b.log -mode tcl -source {xsim.dir/path_b_snapshot/xsim_script.tcl}
# Log file: /home/lab_726/boom/hls_boom/reports/gate6_0_full_lsu/l1/focused_rtl_redesign/logs/case_48_simultaneous_commit_lsu_path_b.log
# Journal file: /home/lab_726/opencode_tmp/g6_l1_path_b_xsim/xsim.jou
# Running On: 726, OS: Linux, CPU Frequency: 2709.722 MHz, CPU Physical cores: 14, Host memory: 67148 MB
#-----------------------------------------------------------
source xsim.dir/path_b_snapshot/xsim_script.tcl
# xsim {path_b_snapshot} -testplusarg CASE_ID=48 -testplusarg PROGRAM=/home/lab_726/opencode_tmp/g6_l1_path_b_xsim/load_store_48.readmemh -testplusarg PROGRAM_NAME=load_store -testplusarg MAX_CYCLES=60000 -autoloadwcfg -runall -onerror quit
Time resolution is 1 ps
run -all
GATE3_8_IMEM program=/home/lab_726/opencode_tmp/g6_l1_path_b_xsim/load_store_48.readmemh
G6_L1R80_PATH_B_PASS id=48 actual=store_accept_preceded_younger_load stores=2 loads=1
$finish called at time : 300295 ns : File "/home/lab_726/boom/hls_boom/rtl_tb/gate6_0/g6_l1r_focused_80_path_b_tb.sv" Line 345
run: Time (s): cpu = 00:00:00.37 ; elapsed = 00:00:06 . Memory (MB): peak = 2685.668 ; gain = 0.000 ; free physical = 36354 ; free virtual = 56662
exit
INFO: [Common 17-206] Exiting xsim at Wed Sep 16 16:05:50 2026...
