#-----------------------------------------------------------
# xsim v2021.2 (64-bit)
# SW Build 3367213 on Tue Oct 19 02:47:39 MDT 2021
# IP Build 3369179 on Thu Oct 21 08:25:16 MDT 2021
# Start of session at: Wed Sep 16 10:54:08 2026
# Process ID: 43846
# Current directory: /home/lab_726/opencode_tmp/g6_l1_focused_80/image_2_queue_lifecycle/sim
# Command line: xsim -log /home/lab_726/boom/hls_boom/reports/gate6_0_full_lsu/l1/focused_rtl_redesign/logs/case_14_stale_sq_match.log -mode tcl -source {xsim.dir/queue_lifecycle_snapshot/xsim_script.tcl}
# Log file: /home/lab_726/boom/hls_boom/reports/gate6_0_full_lsu/l1/focused_rtl_redesign/logs/case_14_stale_sq_match.log
# Journal file: /home/lab_726/opencode_tmp/g6_l1_focused_80/image_2_queue_lifecycle/sim/xsim.jou
# Running On: 726, OS: Linux, CPU Frequency: 4091.926 MHz, CPU Physical cores: 14, Host memory: 67148 MB
#-----------------------------------------------------------
source xsim.dir/queue_lifecycle_snapshot/xsim_script.tcl
# xsim {queue_lifecycle_snapshot} -testplusarg CASE_ID=14 -testplusarg EXP0=0000000000000005 -testplusarg EXP1=0000000000000101 -testplusarg EXP2=0000000000000100 -testplusarg EXP3=0000000000000000 -testplusarg EXP4=0000000000000001 -testplusarg EXP5=0000000000000000 -testplusarg EXP6=0000000000000100 -testplusarg EXP7=0000000000000eff -autoloadwcfg -runall -onerror quit
Time resolution is 1 ps
run -all
G6_L1R80_CASE_PASS id=14 cycles=60
$finish called at time : 675 ns : File "/home/lab_726/boom/hls_boom/rtl_tb/gate6_0/g6_l1r_focused_80_path_a_tb.sv" Line 338
exit
INFO: [Common 17-206] Exiting xsim at Wed Sep 16 10:54:12 2026...
