	Command being timed: "env HLS_BOOM_ROOT=/home/lab_726/boom/hls_boom G6_L1R80_IMAGE_WORK=/home/lab_726/opencode_tmp/g6_l1_focused_80/image_5_global_flush G6_L1R80_TOP=g6_l1r80_global_flush G6_L1R80_WRAPPER=tb/differential/g6_l1r_focused_80_tops.cpp G6_L1R80_PRODUCT=merged LQ_DEPTH=8 SQ_DEPTH=8 FPGA_PART=xczu7ev-ffvc1156-2-e CLOCK_PERIOD=10 /home/lab_726/Xilinx/Vitis_HLS/2021.2/bin/vitis_hls -f /home/lab_726/boom/hls_boom/scripts/gate6_0/l1r_focused_80_csynth.tcl"
	User time (seconds): 91.38
	System time (seconds): 1.77
	Percent of CPU this job got: 101%
	Elapsed (wall clock) time (h:mm:ss or m:ss): 1:31.88
	Average shared text size (kbytes): 0
	Average unshared data size (kbytes): 0
	Average stack size (kbytes): 0
	Average total size (kbytes): 0
	Maximum resident set size (kbytes): 1518616
	Average resident set size (kbytes): 0
	Major (requiring I/O) page faults: 0
	Minor (reclaiming a frame) page faults: 1334714
	Voluntary context switches: 2968
	Involuntary context switches: 4806
	Swaps: 0
	File system inputs: 0
	File system outputs: 208720
	Socket messages sent: 0
	Socket messages received: 0
	Signals delivered: 0
	Page size (bytes): 4096
	Exit status: 0
