INFO: [VRFC 10-2263] Analyzing Verilog file "/home/lab_726/opencode_tmp/g6_l1_focused_80/image_5_global_flush/hls_project/solution/syn/verilog/g6_l1r80_global_flush_flow_control_loop_pipe_sequential_init.v" into library work
INFO: [VRFC 10-311] analyzing module g6_l1r80_global_flush_flow_control_loop_pipe_sequential_init
INFO: [VRFC 10-2263] Analyzing Verilog file "/home/lab_726/opencode_tmp/g6_l1_focused_80/image_5_global_flush/hls_project/solution/syn/verilog/g6_l1r80_global_flush_g6_l1r80_global_flush_Pipeline_CLEAR_LDQ.v" into library work
INFO: [VRFC 10-311] analyzing module g6_l1r80_global_flush_g6_l1r80_global_flush_Pipeline_CLEAR_LDQ
INFO: [VRFC 10-2263] Analyzing Verilog file "/home/lab_726/opencode_tmp/g6_l1_focused_80/image_5_global_flush/hls_project/solution/syn/verilog/g6_l1r80_global_flush_g6_l1r80_global_flush_Pipeline_CLEAR_STQ.v" into library work
INFO: [VRFC 10-311] analyzing module g6_l1r80_global_flush_g6_l1r80_global_flush_Pipeline_CLEAR_STQ
INFO: [VRFC 10-2263] Analyzing Verilog file "/home/lab_726/opencode_tmp/g6_l1_focused_80/image_5_global_flush/hls_project/solution/syn/verilog/g6_l1r80_global_flush_g6_l1r80_global_flush_Pipeline_VITIS_LOOP_53_1.v" into library work
INFO: [VRFC 10-311] analyzing module g6_l1r80_global_flush_g6_l1r80_global_flush_Pipeline_VITIS_LOOP_53_1
INFO: [VRFC 10-2263] Analyzing Verilog file "/home/lab_726/opencode_tmp/g6_l1_focused_80/image_5_global_flush/hls_project/solution/syn/verilog/g6_l1r80_global_flush_g6_l1r80_global_flush_Pipeline_VITIS_LOOP_59_1.v" into library work
INFO: [VRFC 10-311] analyzing module g6_l1r80_global_flush_g6_l1r80_global_flush_Pipeline_VITIS_LOOP_59_1
INFO: [VRFC 10-2263] Analyzing Verilog file "/home/lab_726/opencode_tmp/g6_l1_focused_80/image_5_global_flush/hls_project/solution/syn/verilog/g6_l1r80_global_flush_lsu_accept_completion_Pipeline_FIND_FREE_LDQ.v" into library work
INFO: [VRFC 10-311] analyzing module g6_l1r80_global_flush_lsu_accept_completion_Pipeline_FIND_FREE_LDQ
INFO: [VRFC 10-2263] Analyzing Verilog file "/home/lab_726/opencode_tmp/g6_l1_focused_80/image_5_global_flush/hls_project/solution/syn/verilog/g6_l1r80_global_flush_lsu_accept_completion_Pipeline_FIND_FREE_STQ.v" into library work
INFO: [VRFC 10-311] analyzing module g6_l1r80_global_flush_lsu_accept_completion_Pipeline_FIND_FREE_STQ
INFO: [VRFC 10-2263] Analyzing Verilog file "/home/lab_726/opencode_tmp/g6_l1_focused_80/image_5_global_flush/hls_project/solution/syn/verilog/g6_l1r80_global_flush_lsu_accept_completion.v" into library work
INFO: [VRFC 10-311] analyzing module g6_l1r80_global_flush_lsu_accept_completion
INFO: [VRFC 10-2263] Analyzing Verilog file "/home/lab_726/opencode_tmp/g6_l1_focused_80/image_5_global_flush/hls_project/solution/syn/verilog/g6_l1r80_global_flush_state_lsu_stq_address_RAM_AUTO_0R0W.v" into library work
INFO: [VRFC 10-311] analyzing module g6_l1r80_global_flush_state_lsu_stq_address_RAM_AUTO_0R0W
INFO: [VRFC 10-2263] Analyzing Verilog file "/home/lab_726/opencode_tmp/g6_l1_focused_80/image_5_global_flush/hls_project/solution/syn/verilog/g6_l1r80_global_flush_state_lsu_stq_address_valid_RAM_AUTO_0R0W.v" into library work
INFO: [VRFC 10-311] analyzing module g6_l1r80_global_flush_state_lsu_stq_address_valid_RAM_AUTO_0R0W
INFO: [VRFC 10-2263] Analyzing Verilog file "/home/lab_726/opencode_tmp/g6_l1_focused_80/image_5_global_flush/hls_project/solution/syn/verilog/g6_l1r80_global_flush_state_lsu_stq_generation_RAM_AUTO_1R1W.v" into library work
INFO: [VRFC 10-311] analyzing module g6_l1r80_global_flush_state_lsu_stq_generation_RAM_AUTO_1R1W
INFO: [VRFC 10-2263] Analyzing Verilog file "/home/lab_726/opencode_tmp/g6_l1_focused_80/image_5_global_flush/hls_project/solution/syn/verilog/g6_l1r80_global_flush_state_lsu_stq_mask_RAM_AUTO_0R0W.v" into library work
INFO: [VRFC 10-311] analyzing module g6_l1r80_global_flush_state_lsu_stq_mask_RAM_AUTO_0R0W
INFO: [VRFC 10-2263] Analyzing Verilog file "/home/lab_726/opencode_tmp/g6_l1_focused_80/image_5_global_flush/hls_project/solution/syn/verilog/g6_l1r80_global_flush_state_lsu_stq_rob_allocation_id_RAM_AUTO_0R0W.v" into library work
INFO: [VRFC 10-311] analyzing module g6_l1r80_global_flush_state_lsu_stq_rob_allocation_id_RAM_AUTO_0R0W
INFO: [VRFC 10-2263] Analyzing Verilog file "/home/lab_726/opencode_tmp/g6_l1_focused_80/image_5_global_flush/hls_project/solution/syn/verilog/g6_l1r80_global_flush_state_lsu_stq_rob_idx_RAM_AUTO_0R0W.v" into library work
INFO: [VRFC 10-311] analyzing module g6_l1r80_global_flush_state_lsu_stq_rob_idx_RAM_AUTO_0R0W
INFO: [VRFC 10-2263] Analyzing Verilog file "/home/lab_726/opencode_tmp/g6_l1_focused_80/image_5_global_flush/hls_project/solution/syn/verilog/g6_l1r80_global_flush_state_lsu_stq_valid_RAM_AUTO_1R1W.v" into library work
INFO: [VRFC 10-311] analyzing module g6_l1r80_global_flush_state_lsu_stq_valid_RAM_AUTO_1R1W
INFO: [VRFC 10-2263] Analyzing Verilog file "/home/lab_726/opencode_tmp/g6_l1_focused_80/image_5_global_flush/hls_project/solution/syn/verilog/g6_l1r80_global_flush_state_rob_entries_memory_data_RAM_AUTO_0R0W.v" into library work
INFO: [VRFC 10-311] analyzing module g6_l1r80_global_flush_state_rob_entries_memory_data_RAM_AUTO_0R0W
INFO: [VRFC 10-2263] Analyzing Verilog file "/home/lab_726/opencode_tmp/g6_l1_focused_80/image_5_global_flush/hls_project/solution/syn/verilog/g6_l1r80_global_flush_state_rob_entries_memory_size_RAM_AUTO_0R0W.v" into library work
INFO: [VRFC 10-311] analyzing module g6_l1r80_global_flush_state_rob_entries_memory_size_RAM_AUTO_0R0W
INFO: [VRFC 10-2263] Analyzing Verilog file "/home/lab_726/opencode_tmp/g6_l1_focused_80/image_5_global_flush/hls_project/solution/syn/verilog/g6_l1r80_global_flush_state_rob_entries_memory_valid_RAM_AUTO_0R0W.v" into library work
INFO: [VRFC 10-311] analyzing module g6_l1r80_global_flush_state_rob_entries_memory_valid_RAM_AUTO_0R0W
INFO: [VRFC 10-2263] Analyzing Verilog file "/home/lab_726/opencode_tmp/g6_l1_focused_80/image_5_global_flush/hls_project/solution/syn/verilog/g6_l1r80_global_flush_state_rob_entries_uop_imm_packed_2_RAM_AUTO_1R1W.v" into library work
INFO: [VRFC 10-311] analyzing module g6_l1r80_global_flush_state_rob_entries_uop_imm_packed_2_RAM_AUTO_1R1W
INFO: [VRFC 10-2263] Analyzing Verilog file "/home/lab_726/opencode_tmp/g6_l1_focused_80/image_5_global_flush/hls_project/solution/syn/verilog/g6_l1r80_global_flush_state_rob_entries_uop_imm_packed_3_RAM_AUTO_0R0W.v" into library work
INFO: [VRFC 10-311] analyzing module g6_l1r80_global_flush_state_rob_entries_uop_imm_packed_3_RAM_AUTO_0R0W
INFO: [VRFC 10-2263] Analyzing Verilog file "/home/lab_726/opencode_tmp/g6_l1_focused_80/image_5_global_flush/hls_project/solution/syn/verilog/g6_l1r80_global_flush_state_rob_entries_uop_imm_packed_RAM_AUTO_0R0W.v" into library work
INFO: [VRFC 10-311] analyzing module g6_l1r80_global_flush_state_rob_entries_uop_imm_packed_RAM_AUTO_0R0W
INFO: [VRFC 10-2263] Analyzing Verilog file "/home/lab_726/opencode_tmp/g6_l1_focused_80/image_5_global_flush/hls_project/solution/syn/verilog/g6_l1r80_global_flush_state_rob_entries_valid_RAM_AUTO_1R1W.v" into library work
INFO: [VRFC 10-311] analyzing module g6_l1r80_global_flush_state_rob_entries_valid_RAM_AUTO_1R1W
INFO: [VRFC 10-2263] Analyzing Verilog file "/home/lab_726/opencode_tmp/g6_l1_focused_80/image_5_global_flush/hls_project/solution/syn/verilog/g6_l1r80_global_flush.v" into library work
INFO: [VRFC 10-311] analyzing module g6_l1r80_global_flush
