Vivado Simulator v2021.2
Copyright 1986-1999, 2001-2021 Xilinx, Inc. All Rights Reserved.
Running: /home/lab_726/Xilinx/Vivado/2021.2/bin/unwrapped/lnx64.o/xelab g6_l1r_focused_80_path_a_tb -s load_response_snapshot -timescale 1ns/1ps 
Multi-threading is on. Using 18 slave threads.
Starting static elaboration
Pass Through NonSizing Optimizer
WARNING: [VRFC 10-3645] port 'ap_local_block' remains unconnected for this instance [/home/lab_726/boom/hls_boom/rtl_tb/gate6_0/g6_l1r_focused_80_path_a_tb.sv:55]
Completed static elaboration
Starting simulation data flow analysis
Completed simulation data flow analysis
Time Resolution for simulation is 1ps
Compiling module work.g6_l1r80_load_response_state_rob...
Compiling module work.g6_l1r80_load_response_state_rob...
Compiling module work.g6_l1r80_load_response_state_rob...
Compiling module work.g6_l1r80_load_response_state_rob...
Compiling module work.g6_l1r80_load_response_state_lsu...
Compiling module work.g6_l1r80_load_response_state_lsu...
Compiling module work.g6_l1r80_load_response_state_lsu...
Compiling module work.g6_l1r80_load_response_state_rob...
Compiling module work.g6_l1r80_load_response_state_rob...
Compiling module work.g6_l1r80_load_response_state_rob...
Compiling module work.g6_l1r80_load_response_state_rob...
Compiling module work.g6_l1r80_load_response_state_rob...
Compiling module work.g6_l1r80_load_response_state_rob...
Compiling module work.g6_l1r80_load_response_state_rob...
Compiling module work.g6_l1r80_load_response_state_lsu...
Compiling module work.g6_l1r80_load_response_state_lsu...
Compiling module work.g6_l1r80_load_response_state_lsu...
Compiling module work.g6_l1r80_load_response_state_lsu...
Compiling module work.g6_l1r80_load_response_state_int...
Compiling module work.g6_l1r80_load_response_focused_8...
Compiling module work.g6_l1r80_load_response_flow_cont...
Compiling module work.g6_l1r80_load_response_g6_l1r80_...
Compiling module work.g6_l1r80_load_response_lsu_accep...
Compiling module work.g6_l1r80_load_response_lsu_accep...
Compiling module work.g6_l1r80_load_response_apply_com...
Compiling module work.g6_l1r80_load_response_lsu_finis...
Compiling module work.g6_l1r80_load_response
Compiling module work.g6_l1r_focused_80_path_a_tb
Built simulation snapshot load_response_snapshot
