INFO: [VRFC 10-2263] Analyzing Verilog file "/home/lab_726/opencode_tmp/g6_l1_focused_80/image_3_load_response/hls_project/solution/syn/verilog/g6_l1r80_load_response_apply_completion.v" into library work
INFO: [VRFC 10-311] analyzing module g6_l1r80_load_response_apply_completion
INFO: [VRFC 10-2263] Analyzing Verilog file "/home/lab_726/opencode_tmp/g6_l1_focused_80/image_3_load_response/hls_project/solution/syn/verilog/g6_l1r80_load_response_flow_control_loop_pipe_sequential_init.v" into library work
INFO: [VRFC 10-311] analyzing module g6_l1r80_load_response_flow_control_loop_pipe_sequential_init
INFO: [VRFC 10-2263] Analyzing Verilog file "/home/lab_726/opencode_tmp/g6_l1_focused_80/image_3_load_response/hls_project/solution/syn/verilog/g6_l1r80_load_response_focused_80_install.v" into library work
INFO: [VRFC 10-311] analyzing module g6_l1r80_load_response_focused_80_install
INFO: [VRFC 10-2263] Analyzing Verilog file "/home/lab_726/opencode_tmp/g6_l1_focused_80/image_3_load_response/hls_project/solution/syn/verilog/g6_l1r80_load_response_g6_l1r80_load_response_Pipeline_CLEAR_LDQ.v" into library work
INFO: [VRFC 10-311] analyzing module g6_l1r80_load_response_g6_l1r80_load_response_Pipeline_CLEAR_LDQ
INFO: [VRFC 10-2263] Analyzing Verilog file "/home/lab_726/opencode_tmp/g6_l1_focused_80/image_3_load_response/hls_project/solution/syn/verilog/g6_l1r80_load_response_lsu_accept_completion_Pipeline_FIND_FREE_LDQ.v" into library work
INFO: [VRFC 10-311] analyzing module g6_l1r80_load_response_lsu_accept_completion_Pipeline_FIND_FREE_LDQ
INFO: [VRFC 10-2263] Analyzing Verilog file "/home/lab_726/opencode_tmp/g6_l1_focused_80/image_3_load_response/hls_project/solution/syn/verilog/g6_l1r80_load_response_lsu_accept_completion.v" into library work
INFO: [VRFC 10-311] analyzing module g6_l1r80_load_response_lsu_accept_completion
INFO: [VRFC 10-2263] Analyzing Verilog file "/home/lab_726/opencode_tmp/g6_l1_focused_80/image_3_load_response/hls_project/solution/syn/verilog/g6_l1r80_load_response_lsu_finish_load_response.v" into library work
INFO: [VRFC 10-311] analyzing module g6_l1r80_load_response_lsu_finish_load_response
INFO: [VRFC 10-2263] Analyzing Verilog file "/home/lab_726/opencode_tmp/g6_l1_focused_80/image_3_load_response/hls_project/solution/syn/verilog/g6_l1r80_load_response_state_int_rf_bank0_RAM_AUTO_1R1W.v" into library work
INFO: [VRFC 10-311] analyzing module g6_l1r80_load_response_state_int_rf_bank0_RAM_AUTO_1R1W
INFO: [VRFC 10-2263] Analyzing Verilog file "/home/lab_726/opencode_tmp/g6_l1_focused_80/image_3_load_response/hls_project/solution/syn/verilog/g6_l1r80_load_response_state_lsu_ldq_address_RAM_AUTO_0R0W.v" into library work
INFO: [VRFC 10-311] analyzing module g6_l1r80_load_response_state_lsu_ldq_address_RAM_AUTO_0R0W
INFO: [VRFC 10-2263] Analyzing Verilog file "/home/lab_726/opencode_tmp/g6_l1_focused_80/image_3_load_response/hls_project/solution/syn/verilog/g6_l1r80_load_response_state_lsu_ldq_generation_RAM_AUTO_1R1W.v" into library work
INFO: [VRFC 10-311] analyzing module g6_l1r80_load_response_state_lsu_ldq_generation_RAM_AUTO_1R1W
INFO: [VRFC 10-2263] Analyzing Verilog file "/home/lab_726/opencode_tmp/g6_l1_focused_80/image_3_load_response/hls_project/solution/syn/verilog/g6_l1r80_load_response_state_lsu_ldq_rob_idx_RAM_AUTO_1R1W.v" into library work
INFO: [VRFC 10-311] analyzing module g6_l1r80_load_response_state_lsu_ldq_rob_idx_RAM_AUTO_1R1W
INFO: [VRFC 10-2263] Analyzing Verilog file "/home/lab_726/opencode_tmp/g6_l1_focused_80/image_3_load_response/hls_project/solution/syn/verilog/g6_l1r80_load_response_state_lsu_ldq_signed_load_RAM_AUTO_0R0W.v" into library work
INFO: [VRFC 10-311] analyzing module g6_l1r80_load_response_state_lsu_ldq_signed_load_RAM_AUTO_0R0W
INFO: [VRFC 10-2263] Analyzing Verilog file "/home/lab_726/opencode_tmp/g6_l1_focused_80/image_3_load_response/hls_project/solution/syn/verilog/g6_l1r80_load_response_state_lsu_ldq_size_RAM_AUTO_0R0W.v" into library work
INFO: [VRFC 10-311] analyzing module g6_l1r80_load_response_state_lsu_ldq_size_RAM_AUTO_0R0W
INFO: [VRFC 10-2263] Analyzing Verilog file "/home/lab_726/opencode_tmp/g6_l1_focused_80/image_3_load_response/hls_project/solution/syn/verilog/g6_l1r80_load_response_state_lsu_ldq_transaction_id_RAM_AUTO_1R1W.v" into library work
INFO: [VRFC 10-311] analyzing module g6_l1r80_load_response_state_lsu_ldq_transaction_id_RAM_AUTO_1R1W
INFO: [VRFC 10-2263] Analyzing Verilog file "/home/lab_726/opencode_tmp/g6_l1_focused_80/image_3_load_response/hls_project/solution/syn/verilog/g6_l1r80_load_response_state_lsu_ldq_valid_RAM_AUTO_1R1W.v" into library work
INFO: [VRFC 10-311] analyzing module g6_l1r80_load_response_state_lsu_ldq_valid_RAM_AUTO_1R1W
INFO: [VRFC 10-2263] Analyzing Verilog file "/home/lab_726/opencode_tmp/g6_l1_focused_80/image_3_load_response/hls_project/solution/syn/verilog/g6_l1r80_load_response_state_rob_entries_memory_address_RAM_AUTO_1R1W.v" into library work
INFO: [VRFC 10-311] analyzing module g6_l1r80_load_response_state_rob_entries_memory_address_RAM_AUTO_1R1W
INFO: [VRFC 10-2263] Analyzing Verilog file "/home/lab_726/opencode_tmp/g6_l1_focused_80/image_3_load_response/hls_project/solution/syn/verilog/g6_l1r80_load_response_state_rob_entries_memory_data_RAM_AUTO_0R0W.v" into library work
INFO: [VRFC 10-311] analyzing module g6_l1r80_load_response_state_rob_entries_memory_data_RAM_AUTO_0R0W
INFO: [VRFC 10-2263] Analyzing Verilog file "/home/lab_726/opencode_tmp/g6_l1_focused_80/image_3_load_response/hls_project/solution/syn/verilog/g6_l1r80_load_response_state_rob_entries_memory_mask_RAM_AUTO_0R0W.v" into library work
INFO: [VRFC 10-311] analyzing module g6_l1r80_load_response_state_rob_entries_memory_mask_RAM_AUTO_0R0W
INFO: [VRFC 10-2263] Analyzing Verilog file "/home/lab_726/opencode_tmp/g6_l1_focused_80/image_3_load_response/hls_project/solution/syn/verilog/g6_l1r80_load_response_state_rob_entries_memory_size_RAM_AUTO_1R1W.v" into library work
INFO: [VRFC 10-311] analyzing module g6_l1r80_load_response_state_rob_entries_memory_size_RAM_AUTO_1R1W
INFO: [VRFC 10-2263] Analyzing Verilog file "/home/lab_726/opencode_tmp/g6_l1_focused_80/image_3_load_response/hls_project/solution/syn/verilog/g6_l1r80_load_response_state_rob_entries_memory_valid_RAM_AUTO_0R0W.v" into library work
INFO: [VRFC 10-311] analyzing module g6_l1r80_load_response_state_rob_entries_memory_valid_RAM_AUTO_0R0W
INFO: [VRFC 10-2263] Analyzing Verilog file "/home/lab_726/opencode_tmp/g6_l1_focused_80/image_3_load_response/hls_project/solution/syn/verilog/g6_l1r80_load_response_state_rob_entries_uop_imm_packed_1_1_RAM_AUTO_1R1W.v" into library work
INFO: [VRFC 10-311] analyzing module g6_l1r80_load_response_state_rob_entries_uop_imm_packed_1_1_RAM_AUTO_1R1W
INFO: [VRFC 10-2263] Analyzing Verilog file "/home/lab_726/opencode_tmp/g6_l1_focused_80/image_3_load_response/hls_project/solution/syn/verilog/g6_l1r80_load_response_state_rob_entries_uop_imm_packed_1_RAM_AUTO_0R0W.v" into library work
INFO: [VRFC 10-311] analyzing module g6_l1r80_load_response_state_rob_entries_uop_imm_packed_1_RAM_AUTO_0R0W
INFO: [VRFC 10-2263] Analyzing Verilog file "/home/lab_726/opencode_tmp/g6_l1_focused_80/image_3_load_response/hls_project/solution/syn/verilog/g6_l1r80_load_response_state_rob_entries_uop_imm_packed_5_RAM_AUTO_0R0W.v" into library work
INFO: [VRFC 10-311] analyzing module g6_l1r80_load_response_state_rob_entries_uop_imm_packed_5_RAM_AUTO_0R0W
INFO: [VRFC 10-2263] Analyzing Verilog file "/home/lab_726/opencode_tmp/g6_l1_focused_80/image_3_load_response/hls_project/solution/syn/verilog/g6_l1r80_load_response_state_rob_entries_uop_imm_packed_RAM_AUTO_1R1W.v" into library work
INFO: [VRFC 10-311] analyzing module g6_l1r80_load_response_state_rob_entries_uop_imm_packed_RAM_AUTO_1R1W
INFO: [VRFC 10-2263] Analyzing Verilog file "/home/lab_726/opencode_tmp/g6_l1_focused_80/image_3_load_response/hls_project/solution/syn/verilog/g6_l1r80_load_response_state_rob_entries_uop_uopc_RAM_AUTO_0R0W.v" into library work
INFO: [VRFC 10-311] analyzing module g6_l1r80_load_response_state_rob_entries_uop_uopc_RAM_AUTO_0R0W
INFO: [VRFC 10-2263] Analyzing Verilog file "/home/lab_726/opencode_tmp/g6_l1_focused_80/image_3_load_response/hls_project/solution/syn/verilog/g6_l1r80_load_response_state_rob_entries_valid_RAM_AUTO_1R1W.v" into library work
INFO: [VRFC 10-311] analyzing module g6_l1r80_load_response_state_rob_entries_valid_RAM_AUTO_1R1W
INFO: [VRFC 10-2263] Analyzing Verilog file "/home/lab_726/opencode_tmp/g6_l1_focused_80/image_3_load_response/hls_project/solution/syn/verilog/g6_l1r80_load_response.v" into library work
INFO: [VRFC 10-311] analyzing module g6_l1r80_load_response
