INFO: [VRFC 10-2263] Analyzing Verilog file "/home/lab_726/opencode_tmp/g6_l1_focused_stateless_pilot/image_2_lq_reuse/hls_project/solution/syn/verilog/g6_l1r_pilot_lq_reuse_flow_control_loop_pipe_sequential_init.v" into library work
INFO: [VRFC 10-311] analyzing module g6_l1r_pilot_lq_reuse_flow_control_loop_pipe_sequential_init
INFO: [VRFC 10-2263] Analyzing Verilog file "/home/lab_726/opencode_tmp/g6_l1_focused_stateless_pilot/image_2_lq_reuse/hls_project/solution/syn/verilog/g6_l1r_pilot_lq_reuse_lsu_accept_completion_Pipeline_FIND_FREE_LDQ.v" into library work
INFO: [VRFC 10-311] analyzing module g6_l1r_pilot_lq_reuse_lsu_accept_completion_Pipeline_FIND_FREE_LDQ
INFO: [VRFC 10-2263] Analyzing Verilog file "/home/lab_726/opencode_tmp/g6_l1_focused_stateless_pilot/image_2_lq_reuse/hls_project/solution/syn/verilog/g6_l1r_pilot_lq_reuse_lsu_accept_completion.v" into library work
INFO: [VRFC 10-311] analyzing module g6_l1r_pilot_lq_reuse_lsu_accept_completion
INFO: [VRFC 10-2263] Analyzing Verilog file "/home/lab_726/opencode_tmp/g6_l1_focused_stateless_pilot/image_2_lq_reuse/hls_project/solution/syn/verilog/g6_l1r_pilot_lq_reuse_state_lsu_ldq_address_RAM_AUTO_0R0W.v" into library work
INFO: [VRFC 10-311] analyzing module g6_l1r_pilot_lq_reuse_state_lsu_ldq_address_RAM_AUTO_0R0W
INFO: [VRFC 10-2263] Analyzing Verilog file "/home/lab_726/opencode_tmp/g6_l1_focused_stateless_pilot/image_2_lq_reuse/hls_project/solution/syn/verilog/g6_l1r_pilot_lq_reuse_state_lsu_ldq_generation_RAM_AUTO_1R1W.v" into library work
INFO: [VRFC 10-311] analyzing module g6_l1r_pilot_lq_reuse_state_lsu_ldq_generation_RAM_AUTO_1R1W
INFO: [VRFC 10-2263] Analyzing Verilog file "/home/lab_726/opencode_tmp/g6_l1_focused_stateless_pilot/image_2_lq_reuse/hls_project/solution/syn/verilog/g6_l1r_pilot_lq_reuse_state_lsu_ldq_response_pending_RAM_AUTO_1R1W.v" into library work
INFO: [VRFC 10-311] analyzing module g6_l1r_pilot_lq_reuse_state_lsu_ldq_response_pending_RAM_AUTO_1R1W
INFO: [VRFC 10-2263] Analyzing Verilog file "/home/lab_726/opencode_tmp/g6_l1_focused_stateless_pilot/image_2_lq_reuse/hls_project/solution/syn/verilog/g6_l1r_pilot_lq_reuse_state_lsu_ldq_rob_allocation_id_RAM_AUTO_1R1W.v" into library work
INFO: [VRFC 10-311] analyzing module g6_l1r_pilot_lq_reuse_state_lsu_ldq_rob_allocation_id_RAM_AUTO_1R1W
INFO: [VRFC 10-2263] Analyzing Verilog file "/home/lab_726/opencode_tmp/g6_l1_focused_stateless_pilot/image_2_lq_reuse/hls_project/solution/syn/verilog/g6_l1r_pilot_lq_reuse_state_lsu_ldq_rob_idx_RAM_AUTO_1R1W.v" into library work
INFO: [VRFC 10-311] analyzing module g6_l1r_pilot_lq_reuse_state_lsu_ldq_rob_idx_RAM_AUTO_1R1W
INFO: [VRFC 10-2263] Analyzing Verilog file "/home/lab_726/opencode_tmp/g6_l1_focused_stateless_pilot/image_2_lq_reuse/hls_project/solution/syn/verilog/g6_l1r_pilot_lq_reuse_state_lsu_ldq_signed_load_RAM_AUTO_0R0W.v" into library work
INFO: [VRFC 10-311] analyzing module g6_l1r_pilot_lq_reuse_state_lsu_ldq_signed_load_RAM_AUTO_0R0W
INFO: [VRFC 10-2263] Analyzing Verilog file "/home/lab_726/opencode_tmp/g6_l1_focused_stateless_pilot/image_2_lq_reuse/hls_project/solution/syn/verilog/g6_l1r_pilot_lq_reuse_state_lsu_ldq_size_RAM_AUTO_0R0W.v" into library work
INFO: [VRFC 10-311] analyzing module g6_l1r_pilot_lq_reuse_state_lsu_ldq_size_RAM_AUTO_0R0W
INFO: [VRFC 10-2263] Analyzing Verilog file "/home/lab_726/opencode_tmp/g6_l1_focused_stateless_pilot/image_2_lq_reuse/hls_project/solution/syn/verilog/g6_l1r_pilot_lq_reuse_state_lsu_ldq_transaction_id_RAM_AUTO_1R1W.v" into library work
INFO: [VRFC 10-311] analyzing module g6_l1r_pilot_lq_reuse_state_lsu_ldq_transaction_id_RAM_AUTO_1R1W
INFO: [VRFC 10-2263] Analyzing Verilog file "/home/lab_726/opencode_tmp/g6_l1_focused_stateless_pilot/image_2_lq_reuse/hls_project/solution/syn/verilog/g6_l1r_pilot_lq_reuse_state_lsu_ldq_valid_RAM_AUTO_1R1W.v" into library work
INFO: [VRFC 10-311] analyzing module g6_l1r_pilot_lq_reuse_state_lsu_ldq_valid_RAM_AUTO_1R1W
INFO: [VRFC 10-2263] Analyzing Verilog file "/home/lab_726/opencode_tmp/g6_l1_focused_stateless_pilot/image_2_lq_reuse/hls_project/solution/syn/verilog/g6_l1r_pilot_lq_reuse_state_rob_entries_memory_address_RAM_AUTO_0R0W.v" into library work
INFO: [VRFC 10-311] analyzing module g6_l1r_pilot_lq_reuse_state_rob_entries_memory_address_RAM_AUTO_0R0W
INFO: [VRFC 10-2263] Analyzing Verilog file "/home/lab_726/opencode_tmp/g6_l1_focused_stateless_pilot/image_2_lq_reuse/hls_project/solution/syn/verilog/g6_l1r_pilot_lq_reuse_state_rob_entries_memory_mask_RAM_AUTO_0R0W.v" into library work
INFO: [VRFC 10-311] analyzing module g6_l1r_pilot_lq_reuse_state_rob_entries_memory_mask_RAM_AUTO_0R0W
INFO: [VRFC 10-2263] Analyzing Verilog file "/home/lab_726/opencode_tmp/g6_l1_focused_stateless_pilot/image_2_lq_reuse/hls_project/solution/syn/verilog/g6_l1r_pilot_lq_reuse_state_rob_entries_memory_valid_RAM_AUTO_0R0W.v" into library work
INFO: [VRFC 10-311] analyzing module g6_l1r_pilot_lq_reuse_state_rob_entries_memory_valid_RAM_AUTO_0R0W
INFO: [VRFC 10-2263] Analyzing Verilog file "/home/lab_726/opencode_tmp/g6_l1_focused_stateless_pilot/image_2_lq_reuse/hls_project/solution/syn/verilog/g6_l1r_pilot_lq_reuse_state_rob_entries_uop_imm_packed_1_RAM_AUTO_1R1W.v" into library work
INFO: [VRFC 10-311] analyzing module g6_l1r_pilot_lq_reuse_state_rob_entries_uop_imm_packed_1_RAM_AUTO_1R1W
INFO: [VRFC 10-2263] Analyzing Verilog file "/home/lab_726/opencode_tmp/g6_l1_focused_stateless_pilot/image_2_lq_reuse/hls_project/solution/syn/verilog/g6_l1r_pilot_lq_reuse_state_rob_entries_uop_imm_packed_2_RAM_AUTO_1R1W.v" into library work
INFO: [VRFC 10-311] analyzing module g6_l1r_pilot_lq_reuse_state_rob_entries_uop_imm_packed_2_RAM_AUTO_1R1W
INFO: [VRFC 10-2263] Analyzing Verilog file "/home/lab_726/opencode_tmp/g6_l1_focused_stateless_pilot/image_2_lq_reuse/hls_project/solution/syn/verilog/g6_l1r_pilot_lq_reuse_state_rob_entries_uop_imm_packed_RAM_AUTO_1R1W.v" into library work
INFO: [VRFC 10-311] analyzing module g6_l1r_pilot_lq_reuse_state_rob_entries_uop_imm_packed_RAM_AUTO_1R1W
INFO: [VRFC 10-2263] Analyzing Verilog file "/home/lab_726/opencode_tmp/g6_l1_focused_stateless_pilot/image_2_lq_reuse/hls_project/solution/syn/verilog/g6_l1r_pilot_lq_reuse_state_rob_entries_valid_RAM_AUTO_1R1W.v" into library work
INFO: [VRFC 10-311] analyzing module g6_l1r_pilot_lq_reuse_state_rob_entries_valid_RAM_AUTO_1R1W
INFO: [VRFC 10-2263] Analyzing Verilog file "/home/lab_726/opencode_tmp/g6_l1_focused_stateless_pilot/image_2_lq_reuse/hls_project/solution/syn/verilog/g6_l1r_pilot_lq_reuse.v" into library work
INFO: [VRFC 10-311] analyzing module g6_l1r_pilot_lq_reuse
