INFO: [VRFC 10-2263] Analyzing Verilog file "/home/lab_726/opencode_tmp/g6_l1_path_b_full_core_retry/boom_hls_g6_l1r_default_8_8_boom_core_top/solution_module/syn/verilog/boom_core_top_apply_writeback_ports.v" into library work
INFO: [VRFC 10-311] analyzing module boom_core_top_apply_writeback_ports
INFO: [VRFC 10-2263] Analyzing Verilog file "/home/lab_726/opencode_tmp/g6_l1_path_b_full_core_retry/boom_hls_g6_l1r_default_8_8_boom_core_top/solution_module/syn/verilog/boom_core_top_boom_core_cycle_io.v" into library work
INFO: [VRFC 10-311] analyzing module boom_core_top_boom_core_cycle_io
INFO: [VRFC 10-2263] Analyzing Verilog file "/home/lab_726/opencode_tmp/g6_l1_path_b_full_core_retry/boom_hls_g6_l1r_default_8_8_boom_core_top/solution_module/syn/verilog/boom_core_top_boom_core_reset_step.v" into library work
INFO: [VRFC 10-311] analyzing module boom_core_top_boom_core_reset_step
INFO: [VRFC 10-2263] Analyzing Verilog file "/home/lab_726/opencode_tmp/g6_l1_path_b_full_core_retry/boom_hls_g6_l1r_default_8_8_boom_core_top/solution_module/syn/verilog/boom_core_top_branch_complete_event_1.v" into library work
INFO: [VRFC 10-311] analyzing module boom_core_top_branch_complete_event_1
INFO: [VRFC 10-2263] Analyzing Verilog file "/home/lab_726/opencode_tmp/g6_l1_path_b_full_core_retry/boom_hls_g6_l1r_default_8_8_boom_core_top/solution_module/syn/verilog/boom_core_top_branch_complete_event.v" into library work
INFO: [VRFC 10-311] analyzing module boom_core_top_branch_complete_event
INFO: [VRFC 10-2263] Analyzing Verilog file "/home/lab_726/opencode_tmp/g6_l1_path_b_full_core_retry/boom_hls_g6_l1r_default_8_8_boom_core_top/solution_module/syn/verilog/boom_core_top_build_fetch_packet.v" into library work
INFO: [VRFC 10-311] analyzing module boom_core_top_build_fetch_packet
INFO: [VRFC 10-2263] Analyzing Verilog file "/home/lab_726/opencode_tmp/g6_l1_path_b_full_core_retry/boom_hls_g6_l1r_default_8_8_boom_core_top/solution_module/syn/verilog/boom_core_top_clear_resolved_masks_in_state.v" into library work
INFO: [VRFC 10-311] analyzing module boom_core_top_clear_resolved_masks_in_state
INFO: [VRFC 10-2263] Analyzing Verilog file "/home/lab_726/opencode_tmp/g6_l1_path_b_full_core_retry/boom_hls_g6_l1r_default_8_8_boom_core_top/solution_module/syn/verilog/boom_core_top_clear_speculative_state.v" into library work
INFO: [VRFC 10-311] analyzing module boom_core_top_clear_speculative_state
INFO: [VRFC 10-2263] Analyzing Verilog file "/home/lab_726/opencode_tmp/g6_l1_path_b_full_core_retry/boom_hls_g6_l1r_default_8_8_boom_core_top/solution_module/syn/verilog/boom_core_top_compact_iq.v" into library work
INFO: [VRFC 10-311] analyzing module boom_core_top_compact_iq
INFO: [VRFC 10-2263] Analyzing Verilog file "/home/lab_726/opencode_tmp/g6_l1_path_b_full_core_retry/boom_hls_g6_l1r_default_8_8_boom_core_top/solution_module/syn/verilog/boom_core_top_compact_issue_queue_temp_uop_branch_RAM_AUTO_1R1W.v" into library work
INFO: [VRFC 10-311] analyzing module boom_core_top_compact_issue_queue_temp_uop_branch_RAM_AUTO_1R1W
INFO: [VRFC 10-2263] Analyzing Verilog file "/home/lab_726/opencode_tmp/g6_l1_path_b_full_core_retry/boom_hls_g6_l1r_default_8_8_boom_core_top/solution_module/syn/verilog/boom_core_top_compact_issue_queue_temp_uop_debug_pc_RAM_AUTO_1R1W.v" into library work
INFO: [VRFC 10-311] analyzing module boom_core_top_compact_issue_queue_temp_uop_debug_pc_RAM_AUTO_1R1W
INFO: [VRFC 10-2263] Analyzing Verilog file "/home/lab_726/opencode_tmp/g6_l1_path_b_full_core_retry/boom_hls_g6_l1r_default_8_8_boom_core_top/solution_module/syn/verilog/boom_core_top_compact_issue_queue_temp_uop_inst_RAM_AUTO_1R1W.v" into library work
INFO: [VRFC 10-311] analyzing module boom_core_top_compact_issue_queue_temp_uop_inst_RAM_AUTO_1R1W
INFO: [VRFC 10-2263] Analyzing Verilog file "/home/lab_726/opencode_tmp/g6_l1_path_b_full_core_retry/boom_hls_g6_l1r_default_8_8_boom_core_top/solution_module/syn/verilog/boom_core_top_compact_issue_queue_temp_uop_uopc_RAM_AUTO_1R1W.v" into library work
INFO: [VRFC 10-311] analyzing module boom_core_top_compact_issue_queue_temp_uop_uopc_RAM_AUTO_1R1W
INFO: [VRFC 10-2263] Analyzing Verilog file "/home/lab_726/opencode_tmp/g6_l1_path_b_full_core_retry/boom_hls_g6_l1r_default_8_8_boom_core_top/solution_module/syn/verilog/boom_core_top_compact_issue_queue_temp_valid_RAM_AUTO_1R1W.v" into library work
INFO: [VRFC 10-311] analyzing module boom_core_top_compact_issue_queue_temp_valid_RAM_AUTO_1R1W
INFO: [VRFC 10-2263] Analyzing Verilog file "/home/lab_726/opencode_tmp/g6_l1_path_b_full_core_retry/boom_hls_g6_l1r_default_8_8_boom_core_top/solution_module/syn/verilog/boom_core_top_compact_issue_queue.v" into library work
INFO: [VRFC 10-311] analyzing module boom_core_top_compact_issue_queue
INFO: [VRFC 10-2263] Analyzing Verilog file "/home/lab_726/opencode_tmp/g6_l1_path_b_full_core_retry/boom_hls_g6_l1r_default_8_8_boom_core_top/solution_module/syn/verilog/boom_core_top_completion_is_valid.v" into library work
INFO: [VRFC 10-311] analyzing module boom_core_top_completion_is_valid
INFO: [VRFC 10-2263] Analyzing Verilog file "/home/lab_726/opencode_tmp/g6_l1_path_b_full_core_retry/boom_hls_g6_l1r_default_8_8_boom_core_top/solution_module/syn/verilog/boom_core_top_completion_service_cycle.v" into library work
INFO: [VRFC 10-311] analyzing module boom_core_top_completion_service_cycle
INFO: [VRFC 10-2263] Analyzing Verilog file "/home/lab_726/opencode_tmp/g6_l1_path_b_full_core_retry/boom_hls_g6_l1r_default_8_8_boom_core_top/solution_module/syn/verilog/boom_core_top_decode_module.v" into library work
INFO: [VRFC 10-311] analyzing module boom_core_top_decode_module
INFO: [VRFC 10-2263] Analyzing Verilog file "/home/lab_726/opencode_tmp/g6_l1_path_b_full_core_retry/boom_hls_g6_l1r_default_8_8_boom_core_top/solution_module/syn/verilog/boom_core_top_decompress_rvc.v" into library work
INFO: [VRFC 10-311] analyzing module boom_core_top_decompress_rvc
INFO: [VRFC 10-2263] Analyzing Verilog file "/home/lab_726/opencode_tmp/g6_l1_path_b_full_core_retry/boom_hls_g6_l1r_default_8_8_boom_core_top/solution_module/syn/verilog/boom_core_top_divider_accept.v" into library work
INFO: [VRFC 10-311] analyzing module boom_core_top_divider_accept
INFO: [VRFC 10-2263] Analyzing Verilog file "/home/lab_726/opencode_tmp/g6_l1_path_b_full_core_retry/boom_hls_g6_l1r_default_8_8_boom_core_top/solution_module/syn/verilog/boom_core_top_execute_module.v" into library work
INFO: [VRFC 10-311] analyzing module boom_core_top_execute_module
INFO: [VRFC 10-2263] Analyzing Verilog file "/home/lab_726/opencode_tmp/g6_l1_path_b_full_core_retry/boom_hls_g6_l1r_default_8_8_boom_core_top/solution_module/syn/verilog/boom_core_top_fifo_w129_d2_S.v" into library work
INFO: [VRFC 10-311] analyzing module boom_core_top_fifo_w129_d2_S_shiftReg
INFO: [VRFC 10-311] analyzing module boom_core_top_fifo_w129_d2_S
INFO: [VRFC 10-2263] Analyzing Verilog file "/home/lab_726/opencode_tmp/g6_l1_path_b_full_core_retry/boom_hls_g6_l1r_default_8_8_boom_core_top/solution_module/syn/verilog/boom_core_top_fifo_w225_d2_S.v" into library work
INFO: [VRFC 10-311] analyzing module boom_core_top_fifo_w225_d2_S_shiftReg
INFO: [VRFC 10-311] analyzing module boom_core_top_fifo_w225_d2_S
INFO: [VRFC 10-2263] Analyzing Verilog file "/home/lab_726/opencode_tmp/g6_l1_path_b_full_core_retry/boom_hls_g6_l1r_default_8_8_boom_core_top/solution_module/syn/verilog/boom_core_top_fifo_w283_d2_S.v" into library work
INFO: [VRFC 10-311] analyzing module boom_core_top_fifo_w283_d2_S_shiftReg
INFO: [VRFC 10-311] analyzing module boom_core_top_fifo_w283_d2_S
INFO: [VRFC 10-2263] Analyzing Verilog file "/home/lab_726/opencode_tmp/g6_l1_path_b_full_core_retry/boom_hls_g6_l1r_default_8_8_boom_core_top/solution_module/syn/verilog/boom_core_top_fifo_w289_d2_S.v" into library work
INFO: [VRFC 10-311] analyzing module boom_core_top_fifo_w289_d2_S_shiftReg
INFO: [VRFC 10-311] analyzing module boom_core_top_fifo_w289_d2_S
INFO: [VRFC 10-2263] Analyzing Verilog file "/home/lab_726/opencode_tmp/g6_l1_path_b_full_core_retry/boom_hls_g6_l1r_default_8_8_boom_core_top/solution_module/syn/verilog/boom_core_top_fifo_w518_d2_S.v" into library work
INFO: [VRFC 10-311] analyzing module boom_core_top_fifo_w518_d2_S_shiftReg
INFO: [VRFC 10-311] analyzing module boom_core_top_fifo_w518_d2_S
INFO: [VRFC 10-2263] Analyzing Verilog file "/home/lab_726/opencode_tmp/g6_l1_path_b_full_core_retry/boom_hls_g6_l1r_default_8_8_boom_core_top/solution_module/syn/verilog/boom_core_top_frontend_mode_module_true_s.v" into library work
INFO: [VRFC 10-311] analyzing module boom_core_top_frontend_mode_module_true_s
INFO: [VRFC 10-2263] Analyzing Verilog file "/home/lab_726/opencode_tmp/g6_l1_path_b_full_core_retry/boom_hls_g6_l1r_default_8_8_boom_core_top/solution_module/syn/verilog/boom_core_top_issue_module.v" into library work
INFO: [VRFC 10-311] analyzing module boom_core_top_issue_module
INFO: [VRFC 10-2263] Analyzing Verilog file "/home/lab_726/opencode_tmp/g6_l1_path_b_full_core_retry/boom_hls_g6_l1r_default_8_8_boom_core_top/solution_module/syn/verilog/boom_core_top_kill_execute_state.v" into library work
INFO: [VRFC 10-311] analyzing module boom_core_top_kill_execute_state
INFO: [VRFC 10-2263] Analyzing Verilog file "/home/lab_726/opencode_tmp/g6_l1_path_b_full_core_retry/boom_hls_g6_l1r_default_8_8_boom_core_top/solution_module/syn/verilog/boom_core_top_kill_issue_state.v" into library work
INFO: [VRFC 10-311] analyzing module boom_core_top_kill_issue_state
INFO: [VRFC 10-2263] Analyzing Verilog file "/home/lab_726/opencode_tmp/g6_l1_path_b_full_core_retry/boom_hls_g6_l1r_default_8_8_boom_core_top/solution_module/syn/verilog/boom_core_top_kill_rob_younger_than.v" into library work
INFO: [VRFC 10-311] analyzing module boom_core_top_kill_rob_younger_than
INFO: [VRFC 10-2263] Analyzing Verilog file "/home/lab_726/opencode_tmp/g6_l1_path_b_full_core_retry/boom_hls_g6_l1r_default_8_8_boom_core_top/solution_module/syn/verilog/boom_core_top_lsu_accept_completion.v" into library work
INFO: [VRFC 10-311] analyzing module boom_core_top_lsu_accept_completion
INFO: [VRFC 10-2263] Analyzing Verilog file "/home/lab_726/opencode_tmp/g6_l1_path_b_full_core_retry/boom_hls_g6_l1r_default_8_8_boom_core_top/solution_module/syn/verilog/boom_core_top_mul_3ns_7ns_9_1_1.v" into library work
INFO: [VRFC 10-311] analyzing module boom_core_top_mul_3ns_7ns_9_1_1
INFO: [VRFC 10-2263] Analyzing Verilog file "/home/lab_726/opencode_tmp/g6_l1_path_b_full_core_retry/boom_hls_g6_l1r_default_8_8_boom_core_top/solution_module/syn/verilog/boom_core_top_mul_65s_65s_128_1_1.v" into library work
INFO: [VRFC 10-311] analyzing module boom_core_top_mul_65s_65s_128_1_1
INFO: [VRFC 10-2263] Analyzing Verilog file "/home/lab_726/opencode_tmp/g6_l1_path_b_full_core_retry/boom_hls_g6_l1r_default_8_8_boom_core_top/solution_module/syn/verilog/boom_core_top_mul_8ns_7ns_9_1_1.v" into library work
INFO: [VRFC 10-311] analyzing module boom_core_top_mul_8ns_7ns_9_1_1
INFO: [VRFC 10-2263] Analyzing Verilog file "/home/lab_726/opencode_tmp/g6_l1_path_b_full_core_retry/boom_hls_g6_l1r_default_8_8_boom_core_top/solution_module/syn/verilog/boom_core_top_mux_21_64_1_1.v" into library work
INFO: [VRFC 10-311] analyzing module boom_core_top_mux_21_64_1_1
INFO: [VRFC 10-2263] Analyzing Verilog file "/home/lab_726/opencode_tmp/g6_l1_path_b_full_core_retry/boom_hls_g6_l1r_default_8_8_boom_core_top/solution_module/syn/verilog/boom_core_top_mux_32_1_1_1.v" into library work
INFO: [VRFC 10-311] analyzing module boom_core_top_mux_32_1_1_1
INFO: [VRFC 10-2263] Analyzing Verilog file "/home/lab_726/opencode_tmp/g6_l1_path_b_full_core_retry/boom_hls_g6_l1r_default_8_8_boom_core_top/solution_module/syn/verilog/boom_core_top_mux_32_64_1_1.v" into library work
INFO: [VRFC 10-311] analyzing module boom_core_top_mux_32_64_1_1
INFO: [VRFC 10-2263] Analyzing Verilog file "/home/lab_726/opencode_tmp/g6_l1_path_b_full_core_retry/boom_hls_g6_l1r_default_8_8_boom_core_top/solution_module/syn/verilog/boom_core_top_mux_32_8_1_1.v" into library work
INFO: [VRFC 10-311] analyzing module boom_core_top_mux_32_8_1_1
INFO: [VRFC 10-2263] Analyzing Verilog file "/home/lab_726/opencode_tmp/g6_l1_path_b_full_core_retry/boom_hls_g6_l1r_default_8_8_boom_core_top/solution_module/syn/verilog/boom_core_top_mux_42_1_1_1.v" into library work
INFO: [VRFC 10-311] analyzing module boom_core_top_mux_42_1_1_1
INFO: [VRFC 10-2263] Analyzing Verilog file "/home/lab_726/opencode_tmp/g6_l1_path_b_full_core_retry/boom_hls_g6_l1r_default_8_8_boom_core_top/solution_module/syn/verilog/boom_core_top_mux_42_2_1_1.v" into library work
INFO: [VRFC 10-311] analyzing module boom_core_top_mux_42_2_1_1
INFO: [VRFC 10-2263] Analyzing Verilog file "/home/lab_726/opencode_tmp/g6_l1_path_b_full_core_retry/boom_hls_g6_l1r_default_8_8_boom_core_top/solution_module/syn/verilog/boom_core_top_mux_42_3_1_1.v" into library work
INFO: [VRFC 10-311] analyzing module boom_core_top_mux_42_3_1_1
INFO: [VRFC 10-2263] Analyzing Verilog file "/home/lab_726/opencode_tmp/g6_l1_path_b_full_core_retry/boom_hls_g6_l1r_default_8_8_boom_core_top/solution_module/syn/verilog/boom_core_top_mux_42_32_1_1.v" into library work
INFO: [VRFC 10-311] analyzing module boom_core_top_mux_42_32_1_1
INFO: [VRFC 10-2263] Analyzing Verilog file "/home/lab_726/opencode_tmp/g6_l1_path_b_full_core_retry/boom_hls_g6_l1r_default_8_8_boom_core_top/solution_module/syn/verilog/boom_core_top_mux_42_64_1_1.v" into library work
INFO: [VRFC 10-311] analyzing module boom_core_top_mux_42_64_1_1
INFO: [VRFC 10-2263] Analyzing Verilog file "/home/lab_726/opencode_tmp/g6_l1_path_b_full_core_retry/boom_hls_g6_l1r_default_8_8_boom_core_top/solution_module/syn/verilog/boom_core_top_mux_42_8_1_1.v" into library work
INFO: [VRFC 10-311] analyzing module boom_core_top_mux_42_8_1_1
INFO: [VRFC 10-2263] Analyzing Verilog file "/home/lab_726/opencode_tmp/g6_l1_path_b_full_core_retry/boom_hls_g6_l1r_default_8_8_boom_core_top/solution_module/syn/verilog/boom_core_top_p_anonymous_namespace_append_parcel.v" into library work
INFO: [VRFC 10-311] analyzing module boom_core_top_p_anonymous_namespace_append_parcel
INFO: [VRFC 10-2263] Analyzing Verilog file "/home/lab_726/opencode_tmp/g6_l1_path_b_full_core_retry/boom_hls_g6_l1r_default_8_8_boom_core_top/solution_module/syn/verilog/boom_core_top_predecode_cfi.v" into library work
INFO: [VRFC 10-311] analyzing module boom_core_top_predecode_cfi
INFO: [VRFC 10-2263] Analyzing Verilog file "/home/lab_726/opencode_tmp/g6_l1_path_b_full_core_retry/boom_hls_g6_l1r_default_8_8_boom_core_top/solution_module/syn/verilog/boom_core_top_recover_mispredict.v" into library work
INFO: [VRFC 10-311] analyzing module boom_core_top_recover_mispredict
INFO: [VRFC 10-2263] Analyzing Verilog file "/home/lab_726/opencode_tmp/g6_l1_path_b_full_core_retry/boom_hls_g6_l1r_default_8_8_boom_core_top/solution_module/syn/verilog/boom_core_top_regslice_both.v" into library work
INFO: [VRFC 10-311] analyzing module boom_core_top_regslice_both
INFO: [VRFC 10-311] analyzing module boom_core_top_regslice_both_w1
INFO: [VRFC 10-2263] Analyzing Verilog file "/home/lab_726/opencode_tmp/g6_l1_path_b_full_core_retry/boom_hls_g6_l1r_default_8_8_boom_core_top/solution_module/syn/verilog/boom_core_top_rename_module.v" into library work
INFO: [VRFC 10-311] analyzing module boom_core_top_rename_module
INFO: [VRFC 10-2263] Analyzing Verilog file "/home/lab_726/opencode_tmp/g6_l1_path_b_full_core_retry/boom_hls_g6_l1r_default_8_8_boom_core_top/solution_module/syn/verilog/boom_core_top_rob_allocate.v" into library work
INFO: [VRFC 10-311] analyzing module boom_core_top_rob_allocate
INFO: [VRFC 10-2263] Analyzing Verilog file "/home/lab_726/opencode_tmp/g6_l1_path_b_full_core_retry/boom_hls_g6_l1r_default_8_8_boom_core_top/solution_module/syn/verilog/boom_core_top_rob_commit_module.v" into library work
INFO: [VRFC 10-311] analyzing module boom_core_top_rob_commit_module
INFO: [VRFC 10-2263] Analyzing Verilog file "/home/lab_726/opencode_tmp/g6_l1_path_b_full_core_retry/boom_hls_g6_l1r_default_8_8_boom_core_top/solution_module/syn/verilog/boom_core_top_service_pending.v" into library work
INFO: [VRFC 10-311] analyzing module boom_core_top_service_pending
INFO: [VRFC 10-2263] Analyzing Verilog file "/home/lab_726/opencode_tmp/g6_l1_path_b_full_core_retry/boom_hls_g6_l1r_default_8_8_boom_core_top/solution_module/syn/verilog/boom_core_top_state_branch_state_br_alloc_lists_RAM_AUTO_1R1W.v" into library work
INFO: [VRFC 10-311] analyzing module boom_core_top_state_branch_state_br_alloc_lists_RAM_AUTO_1R1W
INFO: [VRFC 10-2263] Analyzing Verilog file "/home/lab_726/opencode_tmp/g6_l1_path_b_full_core_retry/boom_hls_g6_l1r_default_8_8_boom_core_top/solution_module/syn/verilog/boom_core_top_state_frontend_fetch_buffer_entries_ftq_halfword_offset_RAM_AUTO_1R1W.v" into library work
INFO: [VRFC 10-311] analyzing module boom_core_top_state_frontend_fetch_buffer_entries_ftq_halfword_offset_RAM_AUTO_1R1W
INFO: [VRFC 10-2263] Analyzing Verilog file "/home/lab_726/opencode_tmp/g6_l1_path_b_full_core_retry/boom_hls_g6_l1r_default_8_8_boom_core_top/solution_module/syn/verilog/boom_core_top_state_frontend_fetch_buffer_entries_ftq_idx_RAM_AUTO_1R1W.v" into library work
INFO: [VRFC 10-311] analyzing module boom_core_top_state_frontend_fetch_buffer_entries_ftq_idx_RAM_AUTO_1R1W
INFO: [VRFC 10-2263] Analyzing Verilog file "/home/lab_726/opencode_tmp/g6_l1_path_b_full_core_retry/boom_hls_g6_l1r_default_8_8_boom_core_top/solution_module/syn/verilog/boom_core_top_state_frontend_fetch_buffer_entries_ftq_lane_RAM_AUTO_1R1W.v" into library work
INFO: [VRFC 10-311] analyzing module boom_core_top_state_frontend_fetch_buffer_entries_ftq_lane_RAM_AUTO_1R1W
INFO: [VRFC 10-2263] Analyzing Verilog file "/home/lab_726/opencode_tmp/g6_l1_path_b_full_core_retry/boom_hls_g6_l1r_default_8_8_boom_core_top/solution_module/syn/verilog/boom_core_top_state_frontend_fetch_buffer_entries_instruction_RAM_AUTO_1R1W.v" into library work
INFO: [VRFC 10-311] analyzing module boom_core_top_state_frontend_fetch_buffer_entries_instruction_RAM_AUTO_1R1W
INFO: [VRFC 10-2263] Analyzing Verilog file "/home/lab_726/opencode_tmp/g6_l1_path_b_full_core_retry/boom_hls_g6_l1r_default_8_8_boom_core_top/solution_module/syn/verilog/boom_core_top_state_frontend_fetch_buffer_entries_pc_RAM_AUTO_1R1W.v" into library work
INFO: [VRFC 10-311] analyzing module boom_core_top_state_frontend_fetch_buffer_entries_pc_RAM_AUTO_1R1W
INFO: [VRFC 10-2263] Analyzing Verilog file "/home/lab_726/opencode_tmp/g6_l1_path_b_full_core_retry/boom_hls_g6_l1r_default_8_8_boom_core_top/solution_module/syn/verilog/boom_core_top_state_ftq_entries_live_lane_mask_RAM_2P_LUTRAM_1R1W.v" into library work
INFO: [VRFC 10-311] analyzing module boom_core_top_state_ftq_entries_live_lane_mask_RAM_2P_LUTRAM_1R1W
INFO: [VRFC 10-2263] Analyzing Verilog file "/home/lab_726/opencode_tmp/g6_l1_path_b_full_core_retry/boom_hls_g6_l1r_default_8_8_boom_core_top/solution_module/syn/verilog/boom_core_top_state_ftq_entries_packet_base_pc_RAM_2P_LUTRAM_0R0W.v" into library work
INFO: [VRFC 10-311] analyzing module boom_core_top_state_ftq_entries_packet_base_pc_RAM_2P_LUTRAM_0R0W
INFO: [VRFC 10-2263] Analyzing Verilog file "/home/lab_726/opencode_tmp/g6_l1_path_b_full_core_retry/boom_hls_g6_l1r_default_8_8_boom_core_top/solution_module/syn/verilog/boom_core_top_state_ftq_entries_packet_valid_mask_RAM_2P_LUTRAM_1R1W.v" into library work
INFO: [VRFC 10-311] analyzing module boom_core_top_state_ftq_entries_packet_valid_mask_RAM_2P_LUTRAM_1R1W
INFO: [VRFC 10-2263] Analyzing Verilog file "/home/lab_726/opencode_tmp/g6_l1_path_b_full_core_retry/boom_hls_g6_l1r_default_8_8_boom_core_top/solution_module/syn/verilog/boom_core_top_state_ftq_entries_predicted_target_RAM_2P_LUTRAM_1R1W.v" into library work
INFO: [VRFC 10-311] analyzing module boom_core_top_state_ftq_entries_predicted_target_RAM_2P_LUTRAM_1R1W
INFO: [VRFC 10-2263] Analyzing Verilog file "/home/lab_726/opencode_tmp/g6_l1_path_b_full_core_retry/boom_hls_g6_l1r_default_8_8_boom_core_top/solution_module/syn/verilog/boom_core_top_state_ftq_entries_valid_RAM_2P_LUTRAM_1R1W.v" into library work
INFO: [VRFC 10-311] analyzing module boom_core_top_state_ftq_entries_valid_RAM_2P_LUTRAM_1R1W
INFO: [VRFC 10-2263] Analyzing Verilog file "/home/lab_726/opencode_tmp/g6_l1_path_b_full_core_retry/boom_hls_g6_l1r_default_8_8_boom_core_top/solution_module/syn/verilog/boom_core_top_state_int_rf_bank0_RAM_AUTO_1R1W.v" into library work
INFO: [VRFC 10-311] analyzing module boom_core_top_state_int_rf_bank0_RAM_AUTO_1R1W
INFO: [VRFC 10-2263] Analyzing Verilog file "/home/lab_726/opencode_tmp/g6_l1_path_b_full_core_retry/boom_hls_g6_l1r_default_8_8_boom_core_top/solution_module/syn/verilog/boom_core_top_state_issue_alu_iq_entries_uop_branch_RAM_AUTO_1R1W.v" into library work
INFO: [VRFC 10-311] analyzing module boom_core_top_state_issue_alu_iq_entries_uop_branch_RAM_AUTO_1R1W
INFO: [VRFC 10-2263] Analyzing Verilog file "/home/lab_726/opencode_tmp/g6_l1_path_b_full_core_retry/boom_hls_g6_l1r_default_8_8_boom_core_top/solution_module/syn/verilog/boom_core_top_state_issue_alu_iq_entries_uop_debug_pc_RAM_AUTO_1R1W.v" into library work
INFO: [VRFC 10-311] analyzing module boom_core_top_state_issue_alu_iq_entries_uop_debug_pc_RAM_AUTO_1R1W
INFO: [VRFC 10-2263] Analyzing Verilog file "/home/lab_726/opencode_tmp/g6_l1_path_b_full_core_retry/boom_hls_g6_l1r_default_8_8_boom_core_top/solution_module/syn/verilog/boom_core_top_state_issue_alu_iq_entries_uop_inst_RAM_AUTO_1R1W.v" into library work
INFO: [VRFC 10-311] analyzing module boom_core_top_state_issue_alu_iq_entries_uop_inst_RAM_AUTO_1R1W
INFO: [VRFC 10-2263] Analyzing Verilog file "/home/lab_726/opencode_tmp/g6_l1_path_b_full_core_retry/boom_hls_g6_l1r_default_8_8_boom_core_top/solution_module/syn/verilog/boom_core_top_state_issue_alu_iq_entries_uop_uopc_RAM_AUTO_1R1W.v" into library work
INFO: [VRFC 10-311] analyzing module boom_core_top_state_issue_alu_iq_entries_uop_uopc_RAM_AUTO_1R1W
INFO: [VRFC 10-2263] Analyzing Verilog file "/home/lab_726/opencode_tmp/g6_l1_path_b_full_core_retry/boom_hls_g6_l1r_default_8_8_boom_core_top/solution_module/syn/verilog/boom_core_top_state_issue_alu_iq_entries_valid_RAM_AUTO_1R1W.v" into library work
INFO: [VRFC 10-311] analyzing module boom_core_top_state_issue_alu_iq_entries_valid_RAM_AUTO_1R1W
INFO: [VRFC 10-2263] Analyzing Verilog file "/home/lab_726/opencode_tmp/g6_l1_path_b_full_core_retry/boom_hls_g6_l1r_default_8_8_boom_core_top/solution_module/syn/verilog/boom_core_top_state_predictor_counters_s_RAM_2P_LUTRAM_1R1W.v" into library work
INFO: [VRFC 10-311] analyzing module boom_core_top_state_predictor_counters_s_RAM_2P_LUTRAM_1R1W
INFO: [VRFC 10-2263] Analyzing Verilog file "/home/lab_726/opencode_tmp/g6_l1_path_b_full_core_retry/boom_hls_g6_l1r_default_8_8_boom_core_top/solution_module/syn/verilog/boom_core_top_state_predictor_valid_s_RAM_AUTO_1R1W.v" into library work
INFO: [VRFC 10-311] analyzing module boom_core_top_state_predictor_valid_s_RAM_AUTO_1R1W
INFO: [VRFC 10-2263] Analyzing Verilog file "/home/lab_726/opencode_tmp/g6_l1_path_b_full_core_retry/boom_hls_g6_l1r_default_8_8_boom_core_top/solution_module/syn/verilog/boom_core_top_state_rename_int_free_list_busy_table_RAM_AUTO_1R1W.v" into library work
INFO: [VRFC 10-311] analyzing module boom_core_top_state_rename_int_free_list_busy_table_RAM_AUTO_1R1W
INFO: [VRFC 10-2263] Analyzing Verilog file "/home/lab_726/opencode_tmp/g6_l1_path_b_full_core_retry/boom_hls_g6_l1r_default_8_8_boom_core_top/solution_module/syn/verilog/boom_core_top_state_rename_int_free_list_free_list_RAM_AUTO_1R1W.v" into library work
INFO: [VRFC 10-311] analyzing module boom_core_top_state_rename_int_free_list_free_list_RAM_AUTO_1R1W
INFO: [VRFC 10-2263] Analyzing Verilog file "/home/lab_726/opencode_tmp/g6_l1_path_b_full_core_retry/boom_hls_g6_l1r_default_8_8_boom_core_top/solution_module/syn/verilog/boom_core_top_state_rename_int_map_table_br_snapshots_RAM_AUTO_1R1W.v" into library work
INFO: [VRFC 10-311] analyzing module boom_core_top_state_rename_int_map_table_br_snapshots_RAM_AUTO_1R1W
INFO: [VRFC 10-2263] Analyzing Verilog file "/home/lab_726/opencode_tmp/g6_l1_path_b_full_core_retry/boom_hls_g6_l1r_default_8_8_boom_core_top/solution_module/syn/verilog/boom_core_top_state_rename_int_map_table_committed_map_table_RAM_AUTO_1R1W.v" into library work
INFO: [VRFC 10-311] analyzing module boom_core_top_state_rename_int_map_table_committed_map_table_RAM_AUTO_1R1W
INFO: [VRFC 10-2263] Analyzing Verilog file "/home/lab_726/opencode_tmp/g6_l1_path_b_full_core_retry/boom_hls_g6_l1r_default_8_8_boom_core_top/solution_module/syn/verilog/boom_core_top_state_rename_int_map_table_map_table_RAM_AUTO_1R1W.v" into library work
INFO: [VRFC 10-311] analyzing module boom_core_top_state_rename_int_map_table_map_table_RAM_AUTO_1R1W
INFO: [VRFC 10-2263] Analyzing Verilog file "/home/lab_726/opencode_tmp/g6_l1_path_b_full_core_retry/boom_hls_g6_l1r_default_8_8_boom_core_top/solution_module/syn/verilog/boom_core_top_state_rob_entries_uop_csr_addr_1_RAM_AUTO_1R1W.v" into library work
INFO: [VRFC 10-311] analyzing module boom_core_top_state_rob_entries_uop_csr_addr_1_RAM_AUTO_1R1W
INFO: [VRFC 10-2263] Analyzing Verilog file "/home/lab_726/opencode_tmp/g6_l1_path_b_full_core_retry/boom_hls_g6_l1r_default_8_8_boom_core_top/solution_module/syn/verilog/boom_core_top_state_rob_entries_uop_debug_pc_RAM_AUTO_1R1W.v" into library work
INFO: [VRFC 10-311] analyzing module boom_core_top_state_rob_entries_uop_debug_pc_RAM_AUTO_1R1W
INFO: [VRFC 10-2263] Analyzing Verilog file "/home/lab_726/opencode_tmp/g6_l1_path_b_full_core_retry/boom_hls_g6_l1r_default_8_8_boom_core_top/solution_module/syn/verilog/boom_core_top_state_rob_entries_uop_imm_packed_2_RAM_AUTO_1R1W.v" into library work
INFO: [VRFC 10-311] analyzing module boom_core_top_state_rob_entries_uop_imm_packed_2_RAM_AUTO_1R1W
INFO: [VRFC 10-2263] Analyzing Verilog file "/home/lab_726/opencode_tmp/g6_l1_path_b_full_core_retry/boom_hls_g6_l1r_default_8_8_boom_core_top/solution_module/syn/verilog/boom_core_top_state_rob_entries_uop_imm_packed_3_RAM_AUTO_1R1W.v" into library work
INFO: [VRFC 10-311] analyzing module boom_core_top_state_rob_entries_uop_imm_packed_3_RAM_AUTO_1R1W
INFO: [VRFC 10-2263] Analyzing Verilog file "/home/lab_726/opencode_tmp/g6_l1_path_b_full_core_retry/boom_hls_g6_l1r_default_8_8_boom_core_top/solution_module/syn/verilog/boom_core_top_state_rob_entries_uop_inst_RAM_AUTO_1R1W.v" into library work
INFO: [VRFC 10-311] analyzing module boom_core_top_state_rob_entries_uop_inst_RAM_AUTO_1R1W
INFO: [VRFC 10-2263] Analyzing Verilog file "/home/lab_726/opencode_tmp/g6_l1_path_b_full_core_retry/boom_hls_g6_l1r_default_8_8_boom_core_top/solution_module/syn/verilog/boom_core_top_state_rob_entries_uop_iw_p1_poisoned_RAM_AUTO_1R1W.v" into library work
INFO: [VRFC 10-311] analyzing module boom_core_top_state_rob_entries_uop_iw_p1_poisoned_RAM_AUTO_1R1W
INFO: [VRFC 10-2263] Analyzing Verilog file "/home/lab_726/opencode_tmp/g6_l1_path_b_full_core_retry/boom_hls_g6_l1r_default_8_8_boom_core_top/solution_module/syn/verilog/boom_core_top_state_rob_entries_valid_RAM_AUTO_1R1W.v" into library work
INFO: [VRFC 10-311] analyzing module boom_core_top_state_rob_entries_valid_RAM_AUTO_1R1W
INFO: [VRFC 10-2263] Analyzing Verilog file "/home/lab_726/opencode_tmp/g6_l1_path_b_full_core_retry/boom_hls_g6_l1r_default_8_8_boom_core_top/solution_module/syn/verilog/boom_core_top_state_rob_ftq_generations_RAM_2P_LUTRAM_1R1W.v" into library work
INFO: [VRFC 10-311] analyzing module boom_core_top_state_rob_ftq_generations_RAM_2P_LUTRAM_1R1W
INFO: [VRFC 10-2263] Analyzing Verilog file "/home/lab_726/opencode_tmp/g6_l1_path_b_full_core_retry/boom_hls_g6_l1r_default_8_8_boom_core_top/solution_module/syn/verilog/boom_core_top_step_1.v" into library work
INFO: [VRFC 10-311] analyzing module boom_core_top_step_1
INFO: [VRFC 10-2263] Analyzing Verilog file "/home/lab_726/opencode_tmp/g6_l1_path_b_full_core_retry/boom_hls_g6_l1r_default_8_8_boom_core_top/solution_module/syn/verilog/boom_core_top_step.v" into library work
INFO: [VRFC 10-311] analyzing module boom_core_top_step
INFO: [VRFC 10-2263] Analyzing Verilog file "/home/lab_726/opencode_tmp/g6_l1_path_b_full_core_retry/boom_hls_g6_l1r_default_8_8_boom_core_top/solution_module/syn/verilog/boom_core_top_try_issue_load.v" into library work
INFO: [VRFC 10-311] analyzing module boom_core_top_try_issue_load
INFO: [VRFC 10-2263] Analyzing Verilog file "/home/lab_726/opencode_tmp/g6_l1_path_b_full_core_retry/boom_hls_g6_l1r_default_8_8_boom_core_top/solution_module/syn/verilog/boom_core_top_urem_8ns_7ns_6_12_seq_1.v" into library work
INFO: [VRFC 10-311] analyzing module boom_core_top_urem_8ns_7ns_6_12_seq_1_divseq
INFO: [VRFC 10-311] analyzing module boom_core_top_urem_8ns_7ns_6_12_seq_1
INFO: [VRFC 10-2263] Analyzing Verilog file "/home/lab_726/opencode_tmp/g6_l1_path_b_full_core_retry/boom_hls_g6_l1r_default_8_8_boom_core_top/solution_module/syn/verilog/boom_core_top.v" into library work
INFO: [VRFC 10-311] analyzing module boom_core_top
