
****** Vitis HLS - High-Level Synthesis from C, C++ and OpenCL v2021.2 (64-bit)
  **** SW Build 3367213 on Tue Oct 19 02:47:39 MDT 2021
  **** IP Build 3369179 on Thu Oct 21 08:25:16 MDT 2021
    ** Copyright 1986-2021 Xilinx, Inc. All Rights Reserved.

source /home/lab_726/Xilinx/Vitis_HLS/2021.2/scripts/vitis_hls/hls.tcl -notrace
INFO: [HLS 200-10] Running '/home/lab_726/Xilinx/Vitis_HLS/2021.2/bin/unwrapped/lnx64.o/vitis_hls'
INFO: [HLS 200-10] For user 'lab_726' on host '726' (Linux_x86_64 version 6.8.0-138-generic) on Wed Sep 16 10:50:47 CST 2026
INFO: [HLS 200-10] On os Ubuntu 22.04.5 LTS
INFO: [HLS 200-10] In directory '/home/lab_726/boom/hls_boom'
Sourcing Tcl script '/home/lab_726/boom/hls_boom/scripts/gate6_0/l1r_focused_80_csynth.tcl'
INFO: [HLS 200-1510] Running: open_project -reset hls_project 
INFO: [HLS 200-10] Creating and opening project '/home/lab_726/opencode_tmp/g6_l1_focused_80/image_2_queue_lifecycle/hls_project'.
INFO: [HLS 200-1510] Running: set_top g6_l1r80_queue_lifecycle 
INFO: [HLS 200-1510] Running: add_files -cflags -std=c++11 -DLQ_DEPTH=8 -DSQ_DEPTH=8 -DBOOM_FTQ_STORAGE_LUTRAM -DBOOM_PREDICTOR_STORAGE_LUTRAM -I/home/lab_726/boom/hls_boom/include /home/lab_726/boom/hls_boom/src/boom_core_merged.cpp 
INFO: [HLS 200-10] Adding design file '/home/lab_726/boom/hls_boom/src/boom_core_merged.cpp' to the project
INFO: [HLS 200-1510] Running: add_files -cflags -std=c++11 -DLQ_DEPTH=8 -DSQ_DEPTH=8 -DBOOM_FTQ_STORAGE_LUTRAM -DBOOM_PREDICTOR_STORAGE_LUTRAM -I/home/lab_726/boom/hls_boom/include /home/lab_726/boom/hls_boom/tb/differential/g6_l1r_focused_80_tops.cpp 
INFO: [HLS 200-10] Adding design file '/home/lab_726/boom/hls_boom/tb/differential/g6_l1r_focused_80_tops.cpp' to the project
INFO: [HLS 200-1510] Running: open_solution -reset solution 
INFO: [HLS 200-10] Creating and opening solution '/home/lab_726/opencode_tmp/g6_l1_focused_80/image_2_queue_lifecycle/hls_project/solution'.
INFO: [HLS 200-10] Cleaning up the solution database.
WARNING: [HLS 200-40] No /home/lab_726/opencode_tmp/g6_l1_focused_80/image_2_queue_lifecycle/hls_project/solution/solution.aps file found.
INFO: [HLS 200-1505] Using default flow_target 'vivado'
Resolution: For help on HLS 200-1505 see www.xilinx.com/cgi-bin/docs/rdoc?v=2021.2;t=hls+guidance;d=200-1505.html
INFO: [HLS 200-1510] Running: set_part xczu7ev-ffvc1156-2-e 
INFO: [HLS 200-1611] Setting target device to 'xczu7ev-ffvc1156-2-e'
INFO: [HLS 200-1510] Running: create_clock -period 10 -name default 
INFO: [SYN 201-201] Setting up clock 'default' with a period of 10ns.
INFO: [HLS 200-1510] Running: csynth_design 
INFO: [HLS 200-111] Finished File checks and directory preparation: CPU user time: 0 seconds. CPU system time: 0 seconds. Elapsed time: 0 seconds; current allocated memory: 1.321 GB.
INFO: [HLS 200-10] Analyzing design file '/home/lab_726/boom/hls_boom/tb/differential/g6_l1r_focused_80_tops.cpp' ... 
INFO: [HLS 200-10] Analyzing design file '/home/lab_726/boom/hls_boom/src/boom_core_merged.cpp' ... 
INFO: [HLS 200-111] Finished Source Code Analysis and Preprocessing: CPU user time: 4.57 seconds. CPU system time: 0.53 seconds. Elapsed time: 4.56 seconds; current allocated memory: 420.340 MB.
INFO: [HLS 200-777] Using interface defaults for 'Vivado' flow target.
INFO: [HLS 214-284] Auto array partition mode is set into default.
INFO: [HLS 214-178] Inlining function 'boom::FetchInstruction::FetchInstruction()' into 'boom::FetchPacket::FetchPacket()' (/home/lab_726/boom/hls_boom/include/fetch_buffer.hpp:38:0)
INFO: [HLS 214-178] Inlining function 'boom::CfiPredecodeResult::CfiPredecodeResult()' into 'boom::CfiPacketPredecodeResult::CfiPacketPredecodeResult()' (/home/lab_726/boom/hls_boom/include/predecode.hpp:43:0)
INFO: [HLS 214-178] Inlining function 'boom::FetchInstruction::FetchInstruction()' into 'boom::FetchBufferState::FetchBufferState()' (/home/lab_726/boom/hls_boom/include/fetch_buffer.hpp:47:0)
INFO: [HLS 214-178] Inlining function 'boom::FetchPacket::FetchPacket()' into 'FrontendState::FrontendState()' (/home/lab_726/boom/hls_boom/include/boom_state.hpp:88:0)
INFO: [HLS 214-178] Inlining function 'boom::CfiPacketPredecodeResult::CfiPacketPredecodeResult()' into 'FrontendState::FrontendState()' (/home/lab_726/boom/hls_boom/include/boom_state.hpp:88:0)
INFO: [HLS 214-178] Inlining function 'boom::FetchBufferState::FetchBufferState()' into 'FrontendState::FrontendState()' (/home/lab_726/boom/hls_boom/include/boom_state.hpp:88:0)
INFO: [HLS 214-178] Inlining function 'MicroOp::MicroOp() (.5)' into 'RenameDispatchPacket::RenameDispatchPacket()' (/home/lab_726/boom/hls_boom/include/boom_state.hpp:135:0)
INFO: [HLS 214-178] Inlining function 'RenameMapTableState::RenameMapTableState()' into 'RenameState::RenameState()' (/home/lab_726/boom/hls_boom/include/boom_state.hpp:138:0)
INFO: [HLS 214-178] Inlining function 'RenameFreeListState::RenameFreeListState()' into 'RenameState::RenameState()' (/home/lab_726/boom/hls_boom/include/boom_state.hpp:138:0)
INFO: [HLS 214-178] Inlining function 'RenameDispatchPacket::RenameDispatchPacket()' into 'RenameState::RenameState()' (/home/lab_726/boom/hls_boom/include/boom_state.hpp:138:0)
INFO: [HLS 214-178] Inlining function 'MicroOp::MicroOp() (.5)' into 'IssueSlotEntry::IssueSlotEntry()' (/home/lab_726/boom/hls_boom/include/boom_types.hpp:193:0)
INFO: [HLS 214-178] Inlining function 'MicroOp::MicroOp() (.5)' into 'IssueGrant::IssueGrant()' (/home/lab_726/boom/hls_boom/include/boom_types.hpp:167:0)
INFO: [HLS 214-178] Inlining function 'MicroOp::MicroOp() (.5)' into 'ExecuteState::AluResult::AluResult()' (/home/lab_726/boom/hls_boom/include/boom_state.hpp:202:0)
INFO: [HLS 214-178] Inlining function 'boom::divider_reset(boom::DividerState&)' into 'boom::DividerState::DividerState()' (/home/lab_726/boom/hls_boom/src/boom_core_merged.cpp:2908:0)
INFO: [HLS 214-178] Inlining function 'boom::DividerState::DividerState()' into 'DividerExecutionState::DividerExecutionState()' (/home/lab_726/boom/hls_boom/include/boom_state.hpp:185:0)
INFO: [HLS 214-178] Inlining function 'MicroOp::MicroOp() (.5)' into 'DividerExecutionState::DividerExecutionState()' (/home/lab_726/boom/hls_boom/include/boom_state.hpp:185:0)
INFO: [HLS 214-178] Inlining function 'MicroOp::MicroOp() (.5)' into 'RobEntry::RobEntry()' (/home/lab_726/boom/hls_boom/include/boom_types.hpp:184:0)
INFO: [HLS 214-178] Inlining function 'CommitEntry::CommitEntry()' into 'RobInternalState::RobInternalState()' (/home/lab_726/boom/hls_boom/include/boom_state.hpp:221:0)
INFO: [HLS 214-178] Inlining function 'StoreQueueEntry::StoreQueueEntry()' into 'LsuState::LsuState()' (/home/lab_726/boom/hls_boom/include/boom_state.hpp:287:0)
INFO: [HLS 214-178] Inlining function 'LoadQueueEntry::LoadQueueEntry()' into 'LsuState::LsuState()' (/home/lab_726/boom/hls_boom/include/boom_state.hpp:287:0)
INFO: [HLS 214-178] Inlining function 'MicroOp::MicroOp() (.5)' into 'RobCompleteEvent::RobCompleteEvent()' (/home/lab_726/boom/hls_boom/include/boom_types.hpp:120:0)
INFO: [HLS 214-178] Inlining function 'WritebackEvent::WritebackEvent()' into 'CompletionPendingState::CompletionPendingState()' (/home/lab_726/boom/hls_boom/include/boom_state.hpp:327:0)
INFO: [HLS 214-178] Inlining function 'WakeupEvent::WakeupEvent()' into 'CompletionPendingState::CompletionPendingState()' (/home/lab_726/boom/hls_boom/include/boom_state.hpp:327:0)
INFO: [HLS 214-178] Inlining function 'BypassEvent::BypassEvent()' into 'CompletionPendingState::CompletionPendingState()' (/home/lab_726/boom/hls_boom/include/boom_state.hpp:327:0)
INFO: [HLS 214-178] Inlining function 'boom::PredictorResponse::PredictorResponse()' into 'boom::PredictorFoundation<256ul, false>::PredictorFoundation()' (/home/lab_726/boom/hls_boom/src/boom_core_merged.cpp:368:0)
INFO: [HLS 214-178] Inlining function 'boom::FtqEntry::FtqEntry()' into 'boom::FtqFoundation<32ul, false>::FtqFoundation()' (/home/lab_726/boom/hls_boom/include/ftq.hpp:191:0)
INFO: [HLS 214-178] Inlining function 'boom::FtqEntry::FtqEntry()' into 'boom::FtqStepOutput::FtqStepOutput()' (/home/lab_726/boom/hls_boom/include/ftq.hpp:118:0)
INFO: [HLS 214-178] Inlining function 'MicroOp::MicroOp() (.5)' into 'BranchUpdate::BranchUpdate()' (/home/lab_726/boom/hls_boom/include/boom_types.hpp:210:0)
INFO: [HLS 214-178] Inlining function 'CsrState::CsrState()' into 'BoomCoreState::BoomCoreState()' (/home/lab_726/boom/hls_boom/include/boom_state.hpp:394:0)
INFO: [HLS 214-178] Inlining function 'LsuState::LsuState()' into 'BoomCoreState::BoomCoreState()' (/home/lab_726/boom/hls_boom/include/boom_state.hpp:394:0)
INFO: [HLS 214-178] Inlining function 'BranchRecoveryState::BranchRecoveryState()' into 'BoomCoreState::BoomCoreState()' (/home/lab_726/boom/hls_boom/include/boom_state.hpp:394:0)
INFO: [HLS 214-178] Inlining function 'boom::PredictorFoundation<256ul, false>::PredictorFoundation()' into 'BoomCoreState::BoomCoreState()' (/home/lab_726/boom/hls_boom/include/boom_state.hpp:394:0)
INFO: [HLS 214-178] Inlining function 'boom::PredictorUpdate::PredictorUpdate()' into 'BoomCoreState::BoomCoreState()' (/home/lab_726/boom/hls_boom/include/boom_state.hpp:394:0)
INFO: [HLS 214-178] Inlining function 'BimTrainingStats::BimTrainingStats()' into 'BoomCoreState::BoomCoreState()' (/home/lab_726/boom/hls_boom/include/boom_state.hpp:394:0)
INFO: [HLS 214-178] Inlining function 'boom::FtqFoundation<32ul, false>::FtqFoundation()' into 'BoomCoreState::BoomCoreState()' (/home/lab_726/boom/hls_boom/include/boom_state.hpp:394:0)
INFO: [HLS 214-178] Inlining function 'boom::FtqLaneEvent::FtqLaneEvent()' into 'BoomCoreState::BoomCoreState()' (/home/lab_726/boom/hls_boom/include/boom_state.hpp:394:0)
INFO: [HLS 214-178] Inlining function 'boom::FtqRedirect::FtqRedirect()' into 'BoomCoreState::BoomCoreState()' (/home/lab_726/boom/hls_boom/include/boom_state.hpp:394:0)
INFO: [HLS 214-178] Inlining function 'boom::FtqStepOutput::FtqStepOutput()' into 'BoomCoreState::BoomCoreState()' (/home/lab_726/boom/hls_boom/include/boom_state.hpp:394:0)
INFO: [HLS 214-178] Inlining function 'FrontendRedirect::FrontendRedirect()' into 'BoomCoreState::BoomCoreState()' (/home/lab_726/boom/hls_boom/include/boom_state.hpp:394:0)
INFO: [HLS 214-178] Inlining function 'ExceptionCommitEvent::ExceptionCommitEvent()' into 'BoomCoreState::BoomCoreState()' (/home/lab_726/boom/hls_boom/include/boom_state.hpp:394:0)
INFO: [HLS 214-178] Inlining function 'MicroOp::MicroOp() (.5)' into 'focused_80_uop(unsigned char, unsigned int, unsigned char, bool)' (/home/lab_726/boom/hls_boom/tb/differential/g6_l1r_focused_80_tops.cpp:30:0)
INFO: [HLS 214-178] Inlining function 'boom::enqueue_store(BoomCoreState&, MicroOp const&, unsigned long, unsigned long, unsigned char, unsigned char, RobEntry&) (.154.175.184.205.214.235.244.265.345.381.400.437.456.493.512.549.568.605.624.661.680.720.739.777.796.833.852.890.909.946.965.1003.1022.1059.1078.1117.1136.1177.1196.1239.1258.1301.1320.1363.1382.1425.1444.1482.1501.1540.1559.1598.1617.1656.1675.1714.1733.1772.1791.1830.1849.1888.1907.1946.1965.2002.2021.2058.2077.2116.2135.2172.2191.2228.2247.2284.2303.2340.2359.2396.2415.2452.2471.2508.2527.2569.2594.2639.2664.2709.2734.2779.2804.2849.2871.2909.2928.2967.2986.3025.3044.3083.3102.3141.3160.3201.3220.3259.3278.3317.3336.3375.3394.3433.3452.3489.3508.3545.3564.3601.3620.3657.3676.3714.3733.3772.3791.3830.3849.3888.3907.3946.3965.4005.4024.4065.4084.4125.4144.4185.4204.4245.4264.4302.4321.4360.4379.4418.4437.4476.4495.4534.4553.4594.4613.4654.4673.4710.4729.4766.4785.4822.4841.4878.4897.4934.4953.4995.5014.5054.5073.5113.5132.5169.5188.5225.5244.5281.5300.5337.5356.5393.5412.5449.5468.5505.5524.5561)' into 'boom::lsu_accept_completion(BoomCoreState&, MicroOp const&, bool, bool, bool, unsigned long, unsigned long, unsigned char, unsigned char)' (/home/lab_726/boom/hls_boom/src/boom_core_merged.cpp:3750:0)
INFO: [HLS 214-178] Inlining function 'boom::enqueue_load(BoomCoreState&, MicroOp const&, bool, unsigned long, unsigned char, unsigned char, RobEntry&) (.151.172.181.202.211.232.241.262.342.378.397.434.453.490.509.546.565.602.621.658.677.717.736.774.793.830.849.887.906.943.962.1000.1019.1056.1075.1114.1133.1174.1193.1236.1255.1298.1317.1360.1379.1422.1441.1479.1498.1537.1556.1595.1614.1653.1672.1711.1730.1769.1788.1827.1846.1885.1904.1943.1962.1999.2018.2055.2074.2113.2132.2169.2188.2225.2244.2281.2300.2337.2356.2393.2412.2449.2468.2505.2524.2563.2588.2633.2658.2703.2728.2773.2798.2843.2868.2906.2925.2964.2983.3022.3041.3080.3099.3138.3157.3198.3217.3256.3275.3314.3333.3372.3391.3430.3449.3486.3505.3542.3561.3598.3617.3654.3673.3711.3730.3769.3788.3827.3846.3885.3904.3943.3962.4002.4021.4062.4081.4122.4141.4182.4201.4242.4261.4299.4318.4357.4376.4415.4434.4473.4492.4531.4550.4591.4610.4651.4670.4707.4726.4763.4782.4819.4838.4875.4894.4931.4950.4992.5011.5051.5070.5110.5129.5166.5185.5222.5241.5278.5297.5334.5353.5390.5409.5446.5465.5502.5521.5558)' into 'boom::lsu_accept_completion(BoomCoreState&, MicroOp const&, bool, bool, bool, unsigned long, unsigned long, unsigned char, unsigned char)' (/home/lab_726/boom/hls_boom/src/boom_core_merged.cpp:3750:0)
INFO: [HLS 214-178] Inlining function 'boom::reclaim_ldq(BoomCoreState&, ap_uint<3>, unsigned short, unsigned char, unsigned int)' into 'boom::lsu_finish_load_response(BoomCoreState&, unsigned char, unsigned int, unsigned int)' (/home/lab_726/boom/hls_boom/src/boom_core_merged.cpp:3779:0)
INFO: [HLS 214-178] Inlining function 'boom::lsu_store_owner_matches(BoomCoreState const&, ap_uint<3>, unsigned short, unsigned char, unsigned int)' into 'g6_l1r80_queue_lifecycle' (/home/lab_726/boom/hls_boom/tb/differential/g6_l1r_focused_80_tops.cpp:140:0)
INFO: [HLS 214-178] Inlining function 'boom::lsu_reclaim_store(BoomCoreState&, ap_uint<3>, unsigned short, unsigned char, unsigned int)' into 'g6_l1r80_queue_lifecycle' (/home/lab_726/boom/hls_boom/tb/differential/g6_l1r_focused_80_tops.cpp:140:0)
INFO: [HLS 214-178] Inlining function 'boom::lsu_finish_load_response(BoomCoreState&, unsigned char, unsigned int, unsigned int)' into 'g6_l1r80_queue_lifecycle' (/home/lab_726/boom/hls_boom/tb/differential/g6_l1r_focused_80_tops.cpp:140:0)
INFO: [HLS 214-178] Inlining function 'focused_80_valid_lq(BoomCoreState const&)' into 'g6_l1r80_queue_lifecycle' (/home/lab_726/boom/hls_boom/tb/differential/g6_l1r_focused_80_tops.cpp:140:0)
INFO: [HLS 214-178] Inlining function 'focused_80_valid_sq(BoomCoreState const&)' into 'g6_l1r80_queue_lifecycle' (/home/lab_726/boom/hls_boom/tb/differential/g6_l1r_focused_80_tops.cpp:140:0)
INFO: [HLS 214-270] Starting automatic array partition analysis...
INFO: [HLS 200-111] Finished Compiling Optimization and Transform: CPU user time: 45.8 seconds. CPU system time: 0.65 seconds. Elapsed time: 46.46 seconds; current allocated memory: 438.312 MB.
INFO: [HLS 200-111] Finished Checking Pragmas: CPU user time: 0.01 seconds. CPU system time: 0 seconds. Elapsed time: 0 seconds; current allocated memory: 438.312 MB.
INFO: [HLS 200-10] Starting code transformations ...
INFO: [HLS 200-111] Finished Standard Transforms: CPU user time: 1.09 seconds. CPU system time: 0.01 seconds. Elapsed time: 1.11 seconds; current allocated memory: 477.609 MB.
INFO: [HLS 200-10] Checking synthesizability ...
INFO: [HLS 200-111] Finished Checking Synthesizability: CPU user time: 0.14 seconds. CPU system time: 0 seconds. Elapsed time: 0.14 seconds; current allocated memory: 477.609 MB.
INFO: [XFORM 203-510] Pipelining loop 'FIND_FREE_STQ' (/home/lab_726/boom/hls_boom/src/boom_core_merged.cpp:3720) in function 'boom::lsu_accept_completion' automatically.
INFO: [XFORM 203-510] Pipelining loop 'FIND_FREE_LDQ' (/home/lab_726/boom/hls_boom/src/boom_core_merged.cpp:3832) in function 'boom::lsu_accept_completion' automatically.
INFO: [XFORM 203-510] Pipelining loop 'VITIS_LOOP_146_1' (/home/lab_726/boom/hls_boom/tb/differential/g6_l1r_focused_80_tops.cpp:146) in function 'g6_l1r80_queue_lifecycle' automatically.
INFO: [XFORM 203-510] Pipelining loop 'VITIS_LOOP_152_2' (/home/lab_726/boom/hls_boom/tb/differential/g6_l1r_focused_80_tops.cpp:152) in function 'g6_l1r80_queue_lifecycle' automatically.
INFO: [XFORM 203-510] Pipelining loop 'VITIS_LOOP_53_1' (/home/lab_726/boom/hls_boom/tb/differential/g6_l1r_focused_80_tops.cpp:52) in function 'g6_l1r80_queue_lifecycle' automatically.
INFO: [XFORM 203-510] Pipelining loop 'VITIS_LOOP_59_1' (/home/lab_726/boom/hls_boom/tb/differential/g6_l1r_focused_80_tops.cpp:58) in function 'g6_l1r80_queue_lifecycle' automatically.
INFO: [XFORM 203-602] Inlining function 'focused_80_uop' into 'g6_l1r80_queue_lifecycle' (/home/lab_726/boom/hls_boom/tb/differential/g6_l1r_focused_80_tops.cpp:163) automatically.
INFO: [XFORM 203-602] Inlining function 'focused_80_install' into 'g6_l1r80_queue_lifecycle' (/home/lab_726/boom/hls_boom/tb/differential/g6_l1r_focused_80_tops.cpp:168) automatically.
INFO: [XFORM 203-401] Performing if-conversion on hyperblock from (/home/lab_726/boom/hls_boom/src/boom_core_merged.cpp:3815:33) to (/home/lab_726/boom/hls_boom/src/boom_core_merged.cpp:3803:56) in function 'g6_l1r80_queue_lifecycle'... converting 10 basic blocks.
INFO: [XFORM 203-401] Performing if-conversion on hyperblock from (/home/lab_726/boom/hls_boom/src/boom_core_merged.cpp:3720:13) in function 'boom::lsu_accept_completion'... converting 3 basic blocks.
INFO: [XFORM 203-401] Performing if-conversion on hyperblock from (/home/lab_726/boom/hls_boom/src/boom_core_merged.cpp:3832:13) in function 'boom::lsu_accept_completion'... converting 3 basic blocks.
INFO: [HLS 200-111] Finished Loop, function and other optimizations: CPU user time: 0.22 seconds. CPU system time: 0.01 seconds. Elapsed time: 0.23 seconds; current allocated memory: 512.688 MB.
INFO: [HLS 200-472] Inferring partial write operation for 'state_rob_entries_memory_valid' (/home/lab_726/boom/hls_boom/src/boom_core_merged.cpp:3709:24)
INFO: [HLS 200-472] Inferring partial write operation for 'state_rob_entries_is_store' (/home/lab_726/boom/hls_boom/src/boom_core_merged.cpp:3710:20)
INFO: [HLS 200-472] Inferring partial write operation for 'state_rob_entries_is_load' (/home/lab_726/boom/hls_boom/src/boom_core_merged.cpp:3711:19)
INFO: [HLS 200-472] Inferring partial write operation for 'state_rob_entries_memory_completed' (/home/lab_726/boom/hls_boom/src/boom_core_merged.cpp:3712:28)
INFO: [HLS 200-472] Inferring partial write operation for 'state_rob_entries_memory_address' (/home/lab_726/boom/hls_boom/src/boom_core_merged.cpp:3713:26)
INFO: [HLS 200-472] Inferring partial write operation for 'state_rob_entries_memory_data' (/home/lab_726/boom/hls_boom/src/boom_core_merged.cpp:3714:23)
INFO: [HLS 200-472] Inferring partial write operation for 'state_rob_entries_memory_mask' (/home/lab_726/boom/hls_boom/src/boom_core_merged.cpp:3715:23)
INFO: [HLS 200-472] Inferring partial write operation for 'state_rob_entries_memory_size' (/home/lab_726/boom/hls_boom/src/boom_core_merged.cpp:3716:23)
INFO: [HLS 200-472] Inferring partial write operation for 'state_lsu_stq_generation' (/home/lab_726/boom/hls_boom/src/boom_core_merged.cpp:3729:24)
INFO: [HLS 200-472] Inferring partial write operation for 'state_lsu_stq_valid' (/home/lab_726/boom/hls_boom/src/boom_core_merged.cpp:3730:19)
INFO: [HLS 200-472] Inferring partial write operation for 'state_lsu_stq_rob_idx' (/home/lab_726/boom/hls_boom/src/boom_core_merged.cpp:3731:21)
INFO: [HLS 200-472] Inferring partial write operation for 'state_lsu_stq_rob_allocation_id' (/home/lab_726/boom/hls_boom/src/boom_core_merged.cpp:3732:31)
INFO: [HLS 200-472] Inferring partial write operation for 'state_rob_entries_uop_imm_packed.2' (/home/lab_726/boom/hls_boom/src/boom_core_merged.cpp:3740:33)
INFO: [HLS 200-472] Inferring partial write operation for 'state_rob_entries_uop_imm_packed.6' (/home/lab_726/boom/hls_boom/src/boom_core_merged.cpp:3741:40)
INFO: [HLS 200-472] Inferring partial write operation for 'state_rob_entries_memory_valid' (/home/lab_726/boom/hls_boom/src/boom_core_merged.cpp:3822:24)
INFO: [HLS 200-472] Inferring partial write operation for 'state_rob_entries_is_load' (/home/lab_726/boom/hls_boom/src/boom_core_merged.cpp:3823:19)
INFO: [HLS 200-472] Inferring partial write operation for 'state_rob_entries_is_store' (/home/lab_726/boom/hls_boom/src/boom_core_merged.cpp:3824:20)
INFO: [HLS 200-472] Inferring partial write operation for 'state_rob_entries_signed_load' (/home/lab_726/boom/hls_boom/src/boom_core_merged.cpp:3825:23)
INFO: [HLS 200-472] Inferring partial write operation for 'state_rob_entries_memory_address' (/home/lab_726/boom/hls_boom/src/boom_core_merged.cpp:3826:26)
INFO: [HLS 200-472] Inferring partial write operation for 'state_rob_entries_memory_mask' (/home/lab_726/boom/hls_boom/src/boom_core_merged.cpp:3827:23)
INFO: [HLS 200-472] Inferring partial write operation for 'state_rob_entries_memory_size' (/home/lab_726/boom/hls_boom/src/boom_core_merged.cpp:3828:23)
INFO: [HLS 200-472] Inferring partial write operation for 'state_lsu_ldq_response_pending' (/home/lab_726/boom/hls_boom/src/boom_core_merged.cpp:3840:13)
INFO: [HLS 200-472] Inferring partial write operation for 'state_lsu_ldq_generation' (/home/lab_726/boom/hls_boom/src/boom_core_merged.cpp:3841:24)
INFO: [HLS 200-472] Inferring partial write operation for 'state_lsu_ldq_valid' (/home/lab_726/boom/hls_boom/src/boom_core_merged.cpp:3842:19)
INFO: [HLS 200-472] Inferring partial write operation for 'state_lsu_ldq_rob_idx' (/home/lab_726/boom/hls_boom/src/boom_core_merged.cpp:3843:21)
INFO: [HLS 200-472] Inferring partial write operation for 'state_lsu_ldq_rob_allocation_id' (/home/lab_726/boom/hls_boom/src/boom_core_merged.cpp:3844:31)
INFO: [HLS 200-472] Inferring partial write operation for 'state_rob_entries_uop_imm_packed.1' (/home/lab_726/boom/hls_boom/src/boom_core_merged.cpp:3849:33)
INFO: [HLS 200-472] Inferring partial write operation for 'state_rob_entries_uop_imm_packed.5' (/home/lab_726/boom/hls_boom/src/boom_core_merged.cpp:3850:40)
INFO: [HLS 200-472] Inferring partial write operation for 'state.rob.entries.valid' (/home/lab_726/boom/hls_boom/tb/differential/g6_l1r_focused_80_tops.cpp:142:19)
INFO: [HLS 200-472] Inferring partial write operation for 'state.6.0.8' (/home/lab_726/boom/hls_boom/tb/differential/g6_l1r_focused_80_tops.cpp:45:11)
INFO: [HLS 200-472] Inferring partial write operation for 'state.rob.entries.valid' (/home/lab_726/boom/hls_boom/tb/differential/g6_l1r_focused_80_tops.cpp:46:17)
INFO: [HLS 200-472] Inferring partial write operation for 'state.rob.entries.uop.imm_packed' (/home/lab_726/boom/hls_boom/tb/differential/g6_l1r_focused_80_tops.cpp:48:15)
INFO: [HLS 200-472] Inferring partial write operation for 'state.6.0.8' (/home/lab_726/boom/hls_boom/tb/differential/g6_l1r_focused_80_tops.cpp:45:11)
INFO: [HLS 200-472] Inferring partial write operation for 'state.rob.entries.valid' (/home/lab_726/boom/hls_boom/tb/differential/g6_l1r_focused_80_tops.cpp:46:17)
INFO: [HLS 200-472] Inferring partial write operation for 'state.rob.entries.uop.imm_packed' (/home/lab_726/boom/hls_boom/tb/differential/g6_l1r_focused_80_tops.cpp:48:15)
INFO: [HLS 200-472] Inferring partial write operation for 'state.lsu.stq.valid' (/home/lab_726/boom/hls_boom/src/boom_core_merged.cpp:3805:17)
INFO: [HLS 200-472] Inferring partial write operation for 'state.lsu.ldq.transaction_id' (/home/lab_726/boom/hls_boom/tb/differential/g6_l1r_focused_80_tops.cpp:216:30)
INFO: [HLS 200-472] Inferring partial write operation for 'state.lsu.ldq.response_pending' (/home/lab_726/boom/hls_boom/tb/differential/g6_l1r_focused_80_tops.cpp:217:32)
INFO: [HLS 200-472] Inferring partial write operation for 'state.lsu.ldq.valid' (/home/lab_726/boom/hls_boom/src/boom_core_merged.cpp:3771:17)
INFO: [HLS 200-472] Inferring partial write operation for 'state.lsu.ldq.response_pending' (/home/lab_726/boom/hls_boom/src/boom_core_merged.cpp:3772:28)
INFO: [HLS 200-472] Inferring partial write operation for 'state.6.0.8' (/home/lab_726/boom/hls_boom/tb/differential/g6_l1r_focused_80_tops.cpp:45:11)
INFO: [HLS 200-472] Inferring partial write operation for 'state.rob.entries.valid' (/home/lab_726/boom/hls_boom/tb/differential/g6_l1r_focused_80_tops.cpp:46:17)
INFO: [HLS 200-472] Inferring partial write operation for 'state.rob.entries.uop.imm_packed' (/home/lab_726/boom/hls_boom/tb/differential/g6_l1r_focused_80_tops.cpp:48:15)
INFO: [HLS 200-472] Inferring partial write operation for 'state.lsu.stq.valid' (/home/lab_726/boom/hls_boom/tb/differential/g6_l1r_focused_80_tops.cpp:153:32)
INFO: [HLS 200-472] Inferring partial write operation for 'state.lsu.stq.rob_idx' (/home/lab_726/boom/hls_boom/tb/differential/g6_l1r_focused_80_tops.cpp:154:34)
INFO: [HLS 200-472] Inferring partial write operation for 'state.lsu.stq.rob_allocation_id' (/home/lab_726/boom/hls_boom/tb/differential/g6_l1r_focused_80_tops.cpp:155:44)
INFO: [HLS 200-472] Inferring partial write operation for 'state.lsu.stq.generation' (/home/lab_726/boom/hls_boom/tb/differential/g6_l1r_focused_80_tops.cpp:156:37)
INFO: [HLS 200-472] Inferring partial write operation for 'state.lsu.ldq.valid' (/home/lab_726/boom/hls_boom/tb/differential/g6_l1r_focused_80_tops.cpp:147:32)
INFO: [HLS 200-472] Inferring partial write operation for 'state.lsu.ldq.rob_idx' (/home/lab_726/boom/hls_boom/tb/differential/g6_l1r_focused_80_tops.cpp:148:34)
INFO: [HLS 200-472] Inferring partial write operation for 'state.lsu.ldq.rob_allocation_id' (/home/lab_726/boom/hls_boom/tb/differential/g6_l1r_focused_80_tops.cpp:149:44)
INFO: [HLS 200-472] Inferring partial write operation for 'state.lsu.ldq.generation' (/home/lab_726/boom/hls_boom/tb/differential/g6_l1r_focused_80_tops.cpp:150:37)
INFO: [HLS 200-111] Finished Architecture Synthesis: CPU user time: 0.14 seconds. CPU system time: 0.02 seconds. Elapsed time: 0.16 seconds; current allocated memory: 578.262 MB.
INFO: [HLS 200-10] Starting hardware synthesis ...
INFO: [HLS 200-10] Synthesizing 'g6_l1r80_queue_lifecycle' ...
INFO: [HLS 200-10] ----------------------------------------------------------------
INFO: [HLS 200-42] -- Implementing module 'g6_l1r80_queue_lifecycle_Pipeline_VITIS_LOOP_146_1' 
INFO: [HLS 200-10] ----------------------------------------------------------------
INFO: [SCHED 204-11] Starting scheduling ...
INFO: [SCHED 204-61] Pipelining loop 'VITIS_LOOP_146_1'.
INFO: [HLS 200-1470] Pipelining result : Target II = NA, Final II = 1, Depth = 1, loop 'VITIS_LOOP_146_1'
INFO: [SCHED 204-11] Finished scheduling.
INFO: [HLS 200-111] Finished Scheduling: CPU user time: 0.07 seconds. CPU system time: 0.01 seconds. Elapsed time: 0.08 seconds; current allocated memory: 580.219 MB.
INFO: [BIND 205-100] Starting micro-architecture generation ...
INFO: [BIND 205-101] Performing variable lifetime analysis.
INFO: [BIND 205-101] Exploring resource sharing.
INFO: [BIND 205-101] Binding ...
INFO: [BIND 205-100] Finished micro-architecture generation.
INFO: [HLS 200-111] Finished Binding: CPU user time: 0.01 seconds. CPU system time: 0 seconds. Elapsed time: 0.01 seconds; current allocated memory: 580.219 MB.
INFO: [HLS 200-10] ----------------------------------------------------------------
INFO: [HLS 200-42] -- Implementing module 'g6_l1r80_queue_lifecycle_Pipeline_VITIS_LOOP_152_2' 
INFO: [HLS 200-10] ----------------------------------------------------------------
INFO: [SCHED 204-11] Starting scheduling ...
INFO: [SCHED 204-61] Pipelining loop 'VITIS_LOOP_152_2'.
INFO: [HLS 200-1470] Pipelining result : Target II = NA, Final II = 1, Depth = 1, loop 'VITIS_LOOP_152_2'
INFO: [SCHED 204-11] Finished scheduling.
INFO: [HLS 200-111] Finished Scheduling: CPU user time: 0.02 seconds. CPU system time: 0.01 seconds. Elapsed time: 0.02 seconds; current allocated memory: 580.520 MB.
INFO: [BIND 205-100] Starting micro-architecture generation ...
INFO: [BIND 205-101] Performing variable lifetime analysis.
INFO: [BIND 205-101] Exploring resource sharing.
INFO: [BIND 205-101] Binding ...
INFO: [BIND 205-100] Finished micro-architecture generation.
INFO: [HLS 200-111] Finished Binding: CPU user time: 0.02 seconds. CPU system time: 0 seconds. Elapsed time: 0.01 seconds; current allocated memory: 580.520 MB.
INFO: [HLS 200-10] ----------------------------------------------------------------
INFO: [HLS 200-42] -- Implementing module 'lsu_accept_completion_Pipeline_FIND_FREE_LDQ' 
INFO: [HLS 200-10] ----------------------------------------------------------------
INFO: [SCHED 204-11] Starting scheduling ...
INFO: [SCHED 204-61] Pipelining loop 'FIND_FREE_LDQ'.
INFO: [HLS 200-1470] Pipelining result : Target II = NA, Final II = 1, Depth = 2, loop 'FIND_FREE_LDQ'
INFO: [SCHED 204-11] Finished scheduling.
INFO: [HLS 200-111] Finished Scheduling: CPU user time: 0.02 seconds. CPU system time: 0 seconds. Elapsed time: 0.02 seconds; current allocated memory: 580.969 MB.
INFO: [BIND 205-100] Starting micro-architecture generation ...
INFO: [BIND 205-101] Performing variable lifetime analysis.
INFO: [BIND 205-101] Exploring resource sharing.
INFO: [BIND 205-101] Binding ...
INFO: [BIND 205-100] Finished micro-architecture generation.
INFO: [HLS 200-111] Finished Binding: CPU user time: 0.01 seconds. CPU system time: 0 seconds. Elapsed time: 0.01 seconds; current allocated memory: 580.969 MB.
INFO: [HLS 200-10] ----------------------------------------------------------------
INFO: [HLS 200-42] -- Implementing module 'lsu_accept_completion_Pipeline_FIND_FREE_STQ' 
INFO: [HLS 200-10] ----------------------------------------------------------------
INFO: [SCHED 204-11] Starting scheduling ...
INFO: [SCHED 204-61] Pipelining loop 'FIND_FREE_STQ'.
INFO: [HLS 200-1470] Pipelining result : Target II = NA, Final II = 1, Depth = 2, loop 'FIND_FREE_STQ'
INFO: [SCHED 204-11] Finished scheduling.
INFO: [HLS 200-111] Finished Scheduling: CPU user time: 0.02 seconds. CPU system time: 0 seconds. Elapsed time: 0.02 seconds; current allocated memory: 581.316 MB.
INFO: [BIND 205-100] Starting micro-architecture generation ...
INFO: [BIND 205-101] Performing variable lifetime analysis.
INFO: [BIND 205-101] Exploring resource sharing.
INFO: [BIND 205-101] Binding ...
INFO: [BIND 205-100] Finished micro-architecture generation.
INFO: [HLS 200-111] Finished Binding: CPU user time: 0.01 seconds. CPU system time: 0 seconds. Elapsed time: 0.01 seconds; current allocated memory: 581.316 MB.
INFO: [HLS 200-10] ----------------------------------------------------------------
INFO: [HLS 200-42] -- Implementing module 'lsu_accept_completion' 
INFO: [HLS 200-10] ----------------------------------------------------------------
INFO: [SCHED 204-11] Starting scheduling ...
INFO: [SCHED 204-11] Finished scheduling.
INFO: [HLS 200-111] Finished Scheduling: CPU user time: 0.04 seconds. CPU system time: 0 seconds. Elapsed time: 0.05 seconds; current allocated memory: 582.375 MB.
INFO: [BIND 205-100] Starting micro-architecture generation ...
INFO: [BIND 205-101] Performing variable lifetime analysis.
INFO: [BIND 205-101] Exploring resource sharing.
INFO: [BIND 205-101] Binding ...
INFO: [BIND 205-100] Finished micro-architecture generation.
INFO: [HLS 200-111] Finished Binding: CPU user time: 0.04 seconds. CPU system time: 0 seconds. Elapsed time: 0.03 seconds; current allocated memory: 582.375 MB.
INFO: [HLS 200-10] ----------------------------------------------------------------
INFO: [HLS 200-42] -- Implementing module 'g6_l1r80_queue_lifecycle_Pipeline_VITIS_LOOP_53_1' 
INFO: [HLS 200-10] ----------------------------------------------------------------
INFO: [SCHED 204-11] Starting scheduling ...
INFO: [SCHED 204-61] Pipelining loop 'VITIS_LOOP_53_1'.
INFO: [HLS 200-1470] Pipelining result : Target II = NA, Final II = 1, Depth = 2, loop 'VITIS_LOOP_53_1'
INFO: [SCHED 204-11] Finished scheduling.
INFO: [HLS 200-111] Finished Scheduling: CPU user time: 0.04 seconds. CPU system time: 0 seconds. Elapsed time: 0.05 seconds; current allocated memory: 582.629 MB.
INFO: [BIND 205-100] Starting micro-architecture generation ...
INFO: [BIND 205-101] Performing variable lifetime analysis.
INFO: [BIND 205-101] Exploring resource sharing.
INFO: [BIND 205-101] Binding ...
INFO: [BIND 205-100] Finished micro-architecture generation.
INFO: [HLS 200-111] Finished Binding: CPU user time: 0.01 seconds. CPU system time: 0 seconds. Elapsed time: 0.01 seconds; current allocated memory: 582.629 MB.
INFO: [HLS 200-10] ----------------------------------------------------------------
INFO: [HLS 200-42] -- Implementing module 'g6_l1r80_queue_lifecycle_Pipeline_VITIS_LOOP_59_1' 
INFO: [HLS 200-10] ----------------------------------------------------------------
INFO: [SCHED 204-11] Starting scheduling ...
INFO: [SCHED 204-61] Pipelining loop 'VITIS_LOOP_59_1'.
INFO: [HLS 200-1470] Pipelining result : Target II = NA, Final II = 1, Depth = 2, loop 'VITIS_LOOP_59_1'
INFO: [SCHED 204-11] Finished scheduling.
INFO: [HLS 200-111] Finished Scheduling: CPU user time: 0.02 seconds. CPU system time: 0 seconds. Elapsed time: 0.02 seconds; current allocated memory: 582.871 MB.
INFO: [BIND 205-100] Starting micro-architecture generation ...
INFO: [BIND 205-101] Performing variable lifetime analysis.
INFO: [BIND 205-101] Exploring resource sharing.
INFO: [BIND 205-101] Binding ...
INFO: [BIND 205-100] Finished micro-architecture generation.
INFO: [HLS 200-111] Finished Binding: CPU user time: 0.01 seconds. CPU system time: 0 seconds. Elapsed time: 0.01 seconds; current allocated memory: 582.871 MB.
INFO: [HLS 200-10] ----------------------------------------------------------------
INFO: [HLS 200-42] -- Implementing module 'g6_l1r80_queue_lifecycle' 
INFO: [HLS 200-10] ----------------------------------------------------------------
INFO: [SCHED 204-11] Starting scheduling ...
INFO: [SCHED 204-11] Finished scheduling.
INFO: [HLS 200-111] Finished Scheduling: CPU user time: 0.27 seconds. CPU system time: 0.01 seconds. Elapsed time: 0.28 seconds; current allocated memory: 592.227 MB.
INFO: [BIND 205-100] Starting micro-architecture generation ...
INFO: [BIND 205-101] Performing variable lifetime analysis.
INFO: [BIND 205-101] Exploring resource sharing.
INFO: [BIND 205-101] Binding ...
INFO: [BIND 205-100] Finished micro-architecture generation.
INFO: [HLS 200-111] Finished Binding: CPU user time: 0.17 seconds. CPU system time: 0 seconds. Elapsed time: 0.18 seconds; current allocated memory: 592.227 MB.
INFO: [HLS 200-10] ----------------------------------------------------------------
INFO: [HLS 200-10] -- Generating RTL for module 'g6_l1r80_queue_lifecycle_Pipeline_VITIS_LOOP_146_1' 
INFO: [HLS 200-10] ----------------------------------------------------------------
INFO: [RTGEN 206-100] Finished creating RTL model for 'g6_l1r80_queue_lifecycle_Pipeline_VITIS_LOOP_146_1'.
INFO: [HLS 200-111] Finished Creating RTL model: CPU user time: 0.16 seconds. CPU system time: 0 seconds. Elapsed time: 0.16 seconds; current allocated memory: 592.227 MB.
INFO: [HLS 200-10] ----------------------------------------------------------------
INFO: [HLS 200-10] -- Generating RTL for module 'g6_l1r80_queue_lifecycle_Pipeline_VITIS_LOOP_152_2' 
INFO: [HLS 200-10] ----------------------------------------------------------------
INFO: [RTGEN 206-100] Finished creating RTL model for 'g6_l1r80_queue_lifecycle_Pipeline_VITIS_LOOP_152_2'.
INFO: [HLS 200-111] Finished Creating RTL model: CPU user time: 0.03 seconds. CPU system time: 0 seconds. Elapsed time: 0.03 seconds; current allocated memory: 592.227 MB.
INFO: [HLS 200-10] ----------------------------------------------------------------
INFO: [HLS 200-10] -- Generating RTL for module 'lsu_accept_completion_Pipeline_FIND_FREE_LDQ' 
INFO: [HLS 200-10] ----------------------------------------------------------------
INFO: [HLS 200-1030] Apply Unified Pipeline Control on module 'lsu_accept_completion_Pipeline_FIND_FREE_LDQ' pipeline 'FIND_FREE_LDQ' pipeline type 'loop pipeline'
INFO: [RTGEN 206-100] Finished creating RTL model for 'lsu_accept_completion_Pipeline_FIND_FREE_LDQ'.
INFO: [HLS 200-111] Finished Creating RTL model: CPU user time: 0.03 seconds. CPU system time: 0 seconds. Elapsed time: 0.04 seconds; current allocated memory: 592.227 MB.
INFO: [HLS 200-10] ----------------------------------------------------------------
INFO: [HLS 200-10] -- Generating RTL for module 'lsu_accept_completion_Pipeline_FIND_FREE_STQ' 
INFO: [HLS 200-10] ----------------------------------------------------------------
INFO: [HLS 200-1030] Apply Unified Pipeline Control on module 'lsu_accept_completion_Pipeline_FIND_FREE_STQ' pipeline 'FIND_FREE_STQ' pipeline type 'loop pipeline'
INFO: [RTGEN 206-100] Finished creating RTL model for 'lsu_accept_completion_Pipeline_FIND_FREE_STQ'.
INFO: [HLS 200-111] Finished Creating RTL model: CPU user time: 0.03 seconds. CPU system time: 0.01 seconds. Elapsed time: 0.03 seconds; current allocated memory: 592.227 MB.
INFO: [HLS 200-10] ----------------------------------------------------------------
INFO: [HLS 200-10] -- Generating RTL for module 'lsu_accept_completion' 
INFO: [HLS 200-10] ----------------------------------------------------------------
INFO: [RTGEN 206-100] Finished creating RTL model for 'lsu_accept_completion'.
INFO: [HLS 200-111] Finished Creating RTL model: CPU user time: 0.04 seconds. CPU system time: 0 seconds. Elapsed time: 0.04 seconds; current allocated memory: 592.227 MB.
INFO: [HLS 200-10] ----------------------------------------------------------------
INFO: [HLS 200-10] -- Generating RTL for module 'g6_l1r80_queue_lifecycle_Pipeline_VITIS_LOOP_53_1' 
INFO: [HLS 200-10] ----------------------------------------------------------------
INFO: [HLS 200-1030] Apply Unified Pipeline Control on module 'g6_l1r80_queue_lifecycle_Pipeline_VITIS_LOOP_53_1' pipeline 'VITIS_LOOP_53_1' pipeline type 'loop pipeline'
INFO: [RTGEN 206-100] Finished creating RTL model for 'g6_l1r80_queue_lifecycle_Pipeline_VITIS_LOOP_53_1'.
INFO: [HLS 200-111] Finished Creating RTL model: CPU user time: 0.08 seconds. CPU system time: 0 seconds. Elapsed time: 0.09 seconds; current allocated memory: 594.727 MB.
INFO: [HLS 200-10] ----------------------------------------------------------------
INFO: [HLS 200-10] -- Generating RTL for module 'g6_l1r80_queue_lifecycle_Pipeline_VITIS_LOOP_59_1' 
INFO: [HLS 200-10] ----------------------------------------------------------------
INFO: [HLS 200-1030] Apply Unified Pipeline Control on module 'g6_l1r80_queue_lifecycle_Pipeline_VITIS_LOOP_59_1' pipeline 'VITIS_LOOP_59_1' pipeline type 'loop pipeline'
INFO: [RTGEN 206-100] Finished creating RTL model for 'g6_l1r80_queue_lifecycle_Pipeline_VITIS_LOOP_59_1'.
INFO: [HLS 200-111] Finished Creating RTL model: CPU user time: 0.03 seconds. CPU system time: 0 seconds. Elapsed time: 0.03 seconds; current allocated memory: 595.363 MB.
INFO: [HLS 200-10] ----------------------------------------------------------------
INFO: [HLS 200-10] -- Generating RTL for module 'g6_l1r80_queue_lifecycle' 
INFO: [HLS 200-10] ----------------------------------------------------------------
INFO: [RTGEN 206-500] Setting interface mode on port 'g6_l1r80_queue_lifecycle/queue_kind' to 'ap_none'.
INFO: [RTGEN 206-500] Setting interface mode on port 'g6_l1r80_queue_lifecycle/initial_count' to 'ap_none'.
INFO: [RTGEN 206-500] Setting interface mode on port 'g6_l1r80_queue_lifecycle/initial_slot' to 'ap_none'.
INFO: [RTGEN 206-500] Setting interface mode on port 'g6_l1r80_queue_lifecycle/generation' to 'ap_none'.
INFO: [RTGEN 206-500] Setting interface mode on port 'g6_l1r80_queue_lifecycle/phase_enables' to 'ap_none'.
INFO: [RTGEN 206-500] Setting interface mode on port 'g6_l1r80_queue_lifecycle/allocation_base' to 'ap_none'.
INFO: [RTGEN 206-500] Setting interface mode on port 'g6_l1r80_queue_lifecycle/transaction_r' to 'ap_none'.
INFO: [RTGEN 206-500] Setting interface mode on port 'g6_l1r80_queue_lifecycle/mask' to 'ap_none'.
INFO: [RTGEN 206-500] Setting interface mode on port 'g6_l1r80_queue_lifecycle/obs0' to 'ap_none'.
WARNING: [RTGEN 206-101] Port 'obs0' with mode 'ap_none' may require an associated data valid signal to correctly communicate with other blocks or a test bench; automatic C/RTL co-simulation may not be able to verify such a port.
INFO: [RTGEN 206-500] Setting interface mode on port 'g6_l1r80_queue_lifecycle/obs1' to 'ap_none'.
WARNING: [RTGEN 206-101] Port 'obs1' with mode 'ap_none' may require an associated data valid signal to correctly communicate with other blocks or a test bench; automatic C/RTL co-simulation may not be able to verify such a port.
INFO: [RTGEN 206-500] Setting interface mode on port 'g6_l1r80_queue_lifecycle/obs2' to 'ap_none'.
WARNING: [RTGEN 206-101] Port 'obs2' with mode 'ap_none' may require an associated data valid signal to correctly communicate with other blocks or a test bench; automatic C/RTL co-simulation may not be able to verify such a port.
INFO: [RTGEN 206-500] Setting interface mode on port 'g6_l1r80_queue_lifecycle/obs3' to 'ap_none'.
WARNING: [RTGEN 206-101] Port 'obs3' with mode 'ap_none' may require an associated data valid signal to correctly communicate with other blocks or a test bench; automatic C/RTL co-simulation may not be able to verify such a port.
INFO: [RTGEN 206-500] Setting interface mode on port 'g6_l1r80_queue_lifecycle/obs4' to 'ap_none'.
WARNING: [RTGEN 206-101] Port 'obs4' with mode 'ap_none' may require an associated data valid signal to correctly communicate with other blocks or a test bench; automatic C/RTL co-simulation may not be able to verify such a port.
INFO: [RTGEN 206-500] Setting interface mode on port 'g6_l1r80_queue_lifecycle/obs5' to 'ap_none'.
WARNING: [RTGEN 206-101] Port 'obs5' with mode 'ap_none' may require an associated data valid signal to correctly communicate with other blocks or a test bench; automatic C/RTL co-simulation may not be able to verify such a port.
INFO: [RTGEN 206-500] Setting interface mode on port 'g6_l1r80_queue_lifecycle/obs6' to 'ap_none'.
WARNING: [RTGEN 206-101] Port 'obs6' with mode 'ap_none' may require an associated data valid signal to correctly communicate with other blocks or a test bench; automatic C/RTL co-simulation may not be able to verify such a port.
INFO: [RTGEN 206-500] Setting interface mode on port 'g6_l1r80_queue_lifecycle/obs7' to 'ap_none'.
WARNING: [RTGEN 206-101] Port 'obs7' with mode 'ap_none' may require an associated data valid signal to correctly communicate with other blocks or a test bench; automatic C/RTL co-simulation may not be able to verify such a port.
INFO: [RTGEN 206-500] Setting interface mode on function 'g6_l1r80_queue_lifecycle' to 'ap_ctrl_hs'.
INFO: [RTGEN 206-100] Finished creating RTL model for 'g6_l1r80_queue_lifecycle'.
INFO: [HLS 200-111] Finished Creating RTL model: CPU user time: 0.1 seconds. CPU system time: 0.01 seconds. Elapsed time: 0.1 seconds; current allocated memory: 600.262 MB.
INFO: [RTMG 210-278] Implementing memory 'g6_l1r80_queue_lifecycle_state_6_0_8_RAM_AUTO_0R0W_ram (RAM)' using auto RAMs with power-on initialization.
INFO: [RTMG 210-278] Implementing memory 'g6_l1r80_queue_lifecycle_state_6_0_14_RAM_AUTO_0R0W_ram (RAM)' using auto RAMs with power-on initialization.
INFO: [RTMG 210-278] Implementing memory 'g6_l1r80_queue_lifecycle_state_6_0_15_RAM_AUTO_0R0W_ram (RAM)' using auto RAMs with power-on initialization.
INFO: [RTMG 210-278] Implementing memory 'g6_l1r80_queue_lifecycle_state_6_0_16_RAM_AUTO_0R0W_ram (RAM)' using auto RAMs with power-on initialization.
INFO: [RTMG 210-278] Implementing memory 'g6_l1r80_queue_lifecycle_state_6_0_17_RAM_AUTO_0R0W_ram (RAM)' using auto RAMs with power-on initialization.
INFO: [RTMG 210-278] Implementing memory 'g6_l1r80_queue_lifecycle_state_rob_entries_valid_RAM_AUTO_1R1W_ram (RAM)' using auto RAMs.
INFO: [RTMG 210-278] Implementing memory 'g6_l1r80_queue_lifecycle_state_rob_entries_uop_imm_packed_RAM_AUTO_1R1W_ram (RAM)' using auto RAMs.
INFO: [RTMG 210-278] Implementing memory 'g6_l1r80_queue_lifecycle_state_rob_entries_uop_imm_packed_2_RAM_AUTO_1R1W_ram (RAM)' using auto RAMs.
INFO: [RTMG 210-278] Implementing memory 'g6_l1r80_queue_lifecycle_state_rob_entries_uop_imm_packed_3_RAM_AUTO_1R1W_ram (RAM)' using auto RAMs.
INFO: [RTMG 210-278] Implementing memory 'g6_l1r80_queue_lifecycle_state_lsu_stq_valid_RAM_AUTO_1R1W_ram (RAM)' using auto RAMs.
INFO: [RTMG 210-278] Implementing memory 'g6_l1r80_queue_lifecycle_state_lsu_stq_rob_idx_RAM_AUTO_1R1W_ram (RAM)' using auto RAMs.
INFO: [RTMG 210-278] Implementing memory 'g6_l1r80_queue_lifecycle_state_lsu_stq_rob_allocation_id_RAM_AUTO_1R1W_ram (RAM)' using auto RAMs.
INFO: [RTMG 210-278] Implementing memory 'g6_l1r80_queue_lifecycle_state_lsu_stq_generation_RAM_AUTO_1R1W_ram (RAM)' using auto RAMs.
INFO: [RTMG 210-278] Implementing memory 'g6_l1r80_queue_lifecycle_state_lsu_ldq_response_pending_RAM_AUTO_1R1W_ram (RAM)' using auto RAMs.
INFO: [RTMG 210-278] Implementing memory 'g6_l1r80_queue_lifecycle_state_lsu_ldq_transaction_id_RAM_AUTO_1R1W_ram (RAM)' using auto RAMs.
INFO: [HLS 200-111] Finished Generating all RTL models: CPU user time: 0.71 seconds. CPU system time: 0.03 seconds. Elapsed time: 0.74 seconds; current allocated memory: 617.473 MB.
INFO: [HLS 200-111] Finished Updating report files: CPU user time: 0.34 seconds. CPU system time: 0 seconds. Elapsed time: 0.34 seconds; current allocated memory: 618.605 MB.
INFO: [VHDL 208-304] Generating VHDL RTL for g6_l1r80_queue_lifecycle.
INFO: [VLOG 209-307] Generating Verilog RTL for g6_l1r80_queue_lifecycle.
INFO: [HLS 200-790] **** Loop Constraint Status: All loop constraints were satisfied.
INFO: [HLS 200-789] **** Estimated Fmax: 279.52 MHz
INFO: [HLS 200-111] Finished Command csynth_design CPU user time: 54.32 seconds. CPU system time: 1.3 seconds. Elapsed time: 55.09 seconds; current allocated memory: -733.391 MB.
INFO: [HLS 200-112] Total CPU user time: 55.73 seconds. Total CPU system time: 1.68 seconds. Total elapsed time: 56.19 seconds; peak allocated memory: 1.321 GB.
INFO: [Common 17-206] Exiting vitis_hls at Wed Sep 16 10:51:44 2026...
