Vivado Simulator v2021.2
Copyright 1986-1999, 2001-2021 Xilinx, Inc. All Rights Reserved.
Running: /home/lab_726/Xilinx/Vivado/2021.2/bin/unwrapped/lnx64.o/xelab g6_l1r_focused_80_path_a_tb -s queue_allocate_snapshot -timescale 1ns/1ps 
Multi-threading is on. Using 18 slave threads.
Starting static elaboration
Pass Through NonSizing Optimizer
WARNING: [VRFC 10-3645] port 'ap_local_block' remains unconnected for this instance [/home/lab_726/boom/hls_boom/rtl_tb/gate6_0/g6_l1r_focused_80_path_a_tb.sv:36]
Completed static elaboration
Starting simulation data flow analysis
Completed simulation data flow analysis
Time Resolution for simulation is 1ps
Compiling module work.g6_l1r80_queue_allocate_state_6_...
Compiling module work.g6_l1r80_queue_allocate_state_6_...
Compiling module work.g6_l1r80_queue_allocate_state_6_...
Compiling module work.g6_l1r80_queue_allocate_state_6_...
Compiling module work.g6_l1r80_queue_allocate_state_6_...
Compiling module work.g6_l1r80_queue_allocate_state_ro...
Compiling module work.g6_l1r80_queue_allocate_state_ro...
Compiling module work.g6_l1r80_queue_allocate_state_ro...
Compiling module work.g6_l1r80_queue_allocate_state_ro...
Compiling module work.g6_l1r80_queue_allocate_state_ls...
Compiling module work.g6_l1r80_queue_allocate_state_ls...
Compiling module work.g6_l1r80_queue_allocate_state_ls...
Compiling module work.g6_l1r80_queue_allocate_state_ls...
Compiling module work.g6_l1r80_queue_allocate_flow_con...
Compiling module work.g6_l1r80_queue_allocate_g6_l1r80...
Compiling module work.g6_l1r80_queue_allocate_g6_l1r80...
Compiling module work.g6_l1r80_queue_allocate_g6_l1r80...
Compiling module work.g6_l1r80_queue_allocate_g6_l1r80...
Compiling module work.g6_l1r80_queue_allocate_lsu_acce...
Compiling module work.g6_l1r80_queue_allocate_lsu_acce...
Compiling module work.g6_l1r80_queue_allocate_lsu_acce...
Compiling module work.g6_l1r80_queue_allocate_g6_l1r80...
Compiling module work.g6_l1r80_queue_allocate_g6_l1r80...
Compiling module work.g6_l1r80_queue_allocate
Compiling module work.g6_l1r_focused_80_path_a_tb
Built simulation snapshot queue_allocate_snapshot
