INFO: [VRFC 10-2263] Analyzing Verilog file "/home/lab_726/opencode_tmp/g6_l1_focused_80/image_2_queue_lifecycle/hls_project/solution/syn/verilog/g6_l1r80_queue_lifecycle_flow_control_loop_pipe_sequential_init.v" into library work
INFO: [VRFC 10-311] analyzing module g6_l1r80_queue_lifecycle_flow_control_loop_pipe_sequential_init
INFO: [VRFC 10-2263] Analyzing Verilog file "/home/lab_726/opencode_tmp/g6_l1_focused_80/image_2_queue_lifecycle/hls_project/solution/syn/verilog/g6_l1r80_queue_lifecycle_g6_l1r80_queue_lifecycle_Pipeline_VITIS_LOOP_146_1.v" into library work
INFO: [VRFC 10-311] analyzing module g6_l1r80_queue_lifecycle_g6_l1r80_queue_lifecycle_Pipeline_VITIS_LOOP_146_1
INFO: [VRFC 10-2263] Analyzing Verilog file "/home/lab_726/opencode_tmp/g6_l1_focused_80/image_2_queue_lifecycle/hls_project/solution/syn/verilog/g6_l1r80_queue_lifecycle_g6_l1r80_queue_lifecycle_Pipeline_VITIS_LOOP_152_2.v" into library work
INFO: [VRFC 10-311] analyzing module g6_l1r80_queue_lifecycle_g6_l1r80_queue_lifecycle_Pipeline_VITIS_LOOP_152_2
INFO: [VRFC 10-2263] Analyzing Verilog file "/home/lab_726/opencode_tmp/g6_l1_focused_80/image_2_queue_lifecycle/hls_project/solution/syn/verilog/g6_l1r80_queue_lifecycle_g6_l1r80_queue_lifecycle_Pipeline_VITIS_LOOP_53_1.v" into library work
INFO: [VRFC 10-311] analyzing module g6_l1r80_queue_lifecycle_g6_l1r80_queue_lifecycle_Pipeline_VITIS_LOOP_53_1
INFO: [VRFC 10-2263] Analyzing Verilog file "/home/lab_726/opencode_tmp/g6_l1_focused_80/image_2_queue_lifecycle/hls_project/solution/syn/verilog/g6_l1r80_queue_lifecycle_g6_l1r80_queue_lifecycle_Pipeline_VITIS_LOOP_59_1.v" into library work
INFO: [VRFC 10-311] analyzing module g6_l1r80_queue_lifecycle_g6_l1r80_queue_lifecycle_Pipeline_VITIS_LOOP_59_1
INFO: [VRFC 10-2263] Analyzing Verilog file "/home/lab_726/opencode_tmp/g6_l1_focused_80/image_2_queue_lifecycle/hls_project/solution/syn/verilog/g6_l1r80_queue_lifecycle_lsu_accept_completion_Pipeline_FIND_FREE_LDQ.v" into library work
INFO: [VRFC 10-311] analyzing module g6_l1r80_queue_lifecycle_lsu_accept_completion_Pipeline_FIND_FREE_LDQ
INFO: [VRFC 10-2263] Analyzing Verilog file "/home/lab_726/opencode_tmp/g6_l1_focused_80/image_2_queue_lifecycle/hls_project/solution/syn/verilog/g6_l1r80_queue_lifecycle_lsu_accept_completion_Pipeline_FIND_FREE_STQ.v" into library work
INFO: [VRFC 10-311] analyzing module g6_l1r80_queue_lifecycle_lsu_accept_completion_Pipeline_FIND_FREE_STQ
INFO: [VRFC 10-2263] Analyzing Verilog file "/home/lab_726/opencode_tmp/g6_l1_focused_80/image_2_queue_lifecycle/hls_project/solution/syn/verilog/g6_l1r80_queue_lifecycle_lsu_accept_completion.v" into library work
INFO: [VRFC 10-311] analyzing module g6_l1r80_queue_lifecycle_lsu_accept_completion
INFO: [VRFC 10-2263] Analyzing Verilog file "/home/lab_726/opencode_tmp/g6_l1_focused_80/image_2_queue_lifecycle/hls_project/solution/syn/verilog/g6_l1r80_queue_lifecycle_state_6_0_14_RAM_AUTO_0R0W.v" into library work
INFO: [VRFC 10-311] analyzing module g6_l1r80_queue_lifecycle_state_6_0_14_RAM_AUTO_0R0W
INFO: [VRFC 10-2263] Analyzing Verilog file "/home/lab_726/opencode_tmp/g6_l1_focused_80/image_2_queue_lifecycle/hls_project/solution/syn/verilog/g6_l1r80_queue_lifecycle_state_6_0_15_RAM_AUTO_0R0W.v" into library work
INFO: [VRFC 10-311] analyzing module g6_l1r80_queue_lifecycle_state_6_0_15_RAM_AUTO_0R0W
INFO: [VRFC 10-2263] Analyzing Verilog file "/home/lab_726/opencode_tmp/g6_l1_focused_80/image_2_queue_lifecycle/hls_project/solution/syn/verilog/g6_l1r80_queue_lifecycle_state_6_0_16_RAM_AUTO_0R0W.v" into library work
INFO: [VRFC 10-311] analyzing module g6_l1r80_queue_lifecycle_state_6_0_16_RAM_AUTO_0R0W
INFO: [VRFC 10-2263] Analyzing Verilog file "/home/lab_726/opencode_tmp/g6_l1_focused_80/image_2_queue_lifecycle/hls_project/solution/syn/verilog/g6_l1r80_queue_lifecycle_state_6_0_17_RAM_AUTO_0R0W.v" into library work
INFO: [VRFC 10-311] analyzing module g6_l1r80_queue_lifecycle_state_6_0_17_RAM_AUTO_0R0W
INFO: [VRFC 10-2263] Analyzing Verilog file "/home/lab_726/opencode_tmp/g6_l1_focused_80/image_2_queue_lifecycle/hls_project/solution/syn/verilog/g6_l1r80_queue_lifecycle_state_6_0_8_RAM_AUTO_0R0W.v" into library work
INFO: [VRFC 10-311] analyzing module g6_l1r80_queue_lifecycle_state_6_0_8_RAM_AUTO_0R0W
INFO: [VRFC 10-2263] Analyzing Verilog file "/home/lab_726/opencode_tmp/g6_l1_focused_80/image_2_queue_lifecycle/hls_project/solution/syn/verilog/g6_l1r80_queue_lifecycle_state_lsu_ldq_response_pending_RAM_AUTO_1R1W.v" into library work
INFO: [VRFC 10-311] analyzing module g6_l1r80_queue_lifecycle_state_lsu_ldq_response_pending_RAM_AUTO_1R1W
INFO: [VRFC 10-2263] Analyzing Verilog file "/home/lab_726/opencode_tmp/g6_l1_focused_80/image_2_queue_lifecycle/hls_project/solution/syn/verilog/g6_l1r80_queue_lifecycle_state_lsu_ldq_transaction_id_RAM_AUTO_1R1W.v" into library work
INFO: [VRFC 10-311] analyzing module g6_l1r80_queue_lifecycle_state_lsu_ldq_transaction_id_RAM_AUTO_1R1W
INFO: [VRFC 10-2263] Analyzing Verilog file "/home/lab_726/opencode_tmp/g6_l1_focused_80/image_2_queue_lifecycle/hls_project/solution/syn/verilog/g6_l1r80_queue_lifecycle_state_lsu_stq_generation_RAM_AUTO_1R1W.v" into library work
INFO: [VRFC 10-311] analyzing module g6_l1r80_queue_lifecycle_state_lsu_stq_generation_RAM_AUTO_1R1W
INFO: [VRFC 10-2263] Analyzing Verilog file "/home/lab_726/opencode_tmp/g6_l1_focused_80/image_2_queue_lifecycle/hls_project/solution/syn/verilog/g6_l1r80_queue_lifecycle_state_lsu_stq_rob_allocation_id_RAM_AUTO_1R1W.v" into library work
INFO: [VRFC 10-311] analyzing module g6_l1r80_queue_lifecycle_state_lsu_stq_rob_allocation_id_RAM_AUTO_1R1W
INFO: [VRFC 10-2263] Analyzing Verilog file "/home/lab_726/opencode_tmp/g6_l1_focused_80/image_2_queue_lifecycle/hls_project/solution/syn/verilog/g6_l1r80_queue_lifecycle_state_lsu_stq_rob_idx_RAM_AUTO_1R1W.v" into library work
INFO: [VRFC 10-311] analyzing module g6_l1r80_queue_lifecycle_state_lsu_stq_rob_idx_RAM_AUTO_1R1W
INFO: [VRFC 10-2263] Analyzing Verilog file "/home/lab_726/opencode_tmp/g6_l1_focused_80/image_2_queue_lifecycle/hls_project/solution/syn/verilog/g6_l1r80_queue_lifecycle_state_lsu_stq_valid_RAM_AUTO_1R1W.v" into library work
INFO: [VRFC 10-311] analyzing module g6_l1r80_queue_lifecycle_state_lsu_stq_valid_RAM_AUTO_1R1W
INFO: [VRFC 10-2263] Analyzing Verilog file "/home/lab_726/opencode_tmp/g6_l1_focused_80/image_2_queue_lifecycle/hls_project/solution/syn/verilog/g6_l1r80_queue_lifecycle_state_rob_entries_uop_imm_packed_2_RAM_AUTO_1R1W.v" into library work
INFO: [VRFC 10-311] analyzing module g6_l1r80_queue_lifecycle_state_rob_entries_uop_imm_packed_2_RAM_AUTO_1R1W
INFO: [VRFC 10-2263] Analyzing Verilog file "/home/lab_726/opencode_tmp/g6_l1_focused_80/image_2_queue_lifecycle/hls_project/solution/syn/verilog/g6_l1r80_queue_lifecycle_state_rob_entries_uop_imm_packed_3_RAM_AUTO_1R1W.v" into library work
INFO: [VRFC 10-311] analyzing module g6_l1r80_queue_lifecycle_state_rob_entries_uop_imm_packed_3_RAM_AUTO_1R1W
INFO: [VRFC 10-2263] Analyzing Verilog file "/home/lab_726/opencode_tmp/g6_l1_focused_80/image_2_queue_lifecycle/hls_project/solution/syn/verilog/g6_l1r80_queue_lifecycle_state_rob_entries_uop_imm_packed_RAM_AUTO_1R1W.v" into library work
INFO: [VRFC 10-311] analyzing module g6_l1r80_queue_lifecycle_state_rob_entries_uop_imm_packed_RAM_AUTO_1R1W
INFO: [VRFC 10-2263] Analyzing Verilog file "/home/lab_726/opencode_tmp/g6_l1_focused_80/image_2_queue_lifecycle/hls_project/solution/syn/verilog/g6_l1r80_queue_lifecycle_state_rob_entries_valid_RAM_AUTO_1R1W.v" into library work
INFO: [VRFC 10-311] analyzing module g6_l1r80_queue_lifecycle_state_rob_entries_valid_RAM_AUTO_1R1W
INFO: [VRFC 10-2263] Analyzing Verilog file "/home/lab_726/opencode_tmp/g6_l1_focused_80/image_2_queue_lifecycle/hls_project/solution/syn/verilog/g6_l1r80_queue_lifecycle.v" into library work
INFO: [VRFC 10-311] analyzing module g6_l1r80_queue_lifecycle
