INFO: [VRFC 10-2263] Analyzing Verilog file "/home/lab_726/opencode_tmp/g6_l1_focused_80/image_1_queue_allocate/hls_project/solution/syn/verilog/g6_l1r80_queue_allocate_flow_control_loop_pipe_sequential_init.v" into library work
INFO: [VRFC 10-311] analyzing module g6_l1r80_queue_allocate_flow_control_loop_pipe_sequential_init
INFO: [VRFC 10-2263] Analyzing Verilog file "/home/lab_726/opencode_tmp/g6_l1_focused_80/image_1_queue_allocate/hls_project/solution/syn/verilog/g6_l1r80_queue_allocate_g6_l1r80_queue_allocate_Pipeline_VITIS_LOOP_53_11.v" into library work
INFO: [VRFC 10-311] analyzing module g6_l1r80_queue_allocate_g6_l1r80_queue_allocate_Pipeline_VITIS_LOOP_53_11
INFO: [VRFC 10-2263] Analyzing Verilog file "/home/lab_726/opencode_tmp/g6_l1_focused_80/image_1_queue_allocate/hls_project/solution/syn/verilog/g6_l1r80_queue_allocate_g6_l1r80_queue_allocate_Pipeline_VITIS_LOOP_53_1.v" into library work
INFO: [VRFC 10-311] analyzing module g6_l1r80_queue_allocate_g6_l1r80_queue_allocate_Pipeline_VITIS_LOOP_53_1
INFO: [VRFC 10-2263] Analyzing Verilog file "/home/lab_726/opencode_tmp/g6_l1_focused_80/image_1_queue_allocate/hls_project/solution/syn/verilog/g6_l1r80_queue_allocate_g6_l1r80_queue_allocate_Pipeline_VITIS_LOOP_59_12.v" into library work
INFO: [VRFC 10-311] analyzing module g6_l1r80_queue_allocate_g6_l1r80_queue_allocate_Pipeline_VITIS_LOOP_59_12
INFO: [VRFC 10-2263] Analyzing Verilog file "/home/lab_726/opencode_tmp/g6_l1_focused_80/image_1_queue_allocate/hls_project/solution/syn/verilog/g6_l1r80_queue_allocate_g6_l1r80_queue_allocate_Pipeline_VITIS_LOOP_59_1.v" into library work
INFO: [VRFC 10-311] analyzing module g6_l1r80_queue_allocate_g6_l1r80_queue_allocate_Pipeline_VITIS_LOOP_59_1
INFO: [VRFC 10-2263] Analyzing Verilog file "/home/lab_726/opencode_tmp/g6_l1_focused_80/image_1_queue_allocate/hls_project/solution/syn/verilog/g6_l1r80_queue_allocate_g6_l1r80_queue_allocate_Pipeline_VITIS_LOOP_74_1.v" into library work
INFO: [VRFC 10-311] analyzing module g6_l1r80_queue_allocate_g6_l1r80_queue_allocate_Pipeline_VITIS_LOOP_74_1
INFO: [VRFC 10-2263] Analyzing Verilog file "/home/lab_726/opencode_tmp/g6_l1_focused_80/image_1_queue_allocate/hls_project/solution/syn/verilog/g6_l1r80_queue_allocate_g6_l1r80_queue_allocate_Pipeline_VITIS_LOOP_81_2.v" into library work
INFO: [VRFC 10-311] analyzing module g6_l1r80_queue_allocate_g6_l1r80_queue_allocate_Pipeline_VITIS_LOOP_81_2
INFO: [VRFC 10-2263] Analyzing Verilog file "/home/lab_726/opencode_tmp/g6_l1_focused_80/image_1_queue_allocate/hls_project/solution/syn/verilog/g6_l1r80_queue_allocate_lsu_accept_completion_Pipeline_FIND_FREE_LDQ.v" into library work
INFO: [VRFC 10-311] analyzing module g6_l1r80_queue_allocate_lsu_accept_completion_Pipeline_FIND_FREE_LDQ
INFO: [VRFC 10-2263] Analyzing Verilog file "/home/lab_726/opencode_tmp/g6_l1_focused_80/image_1_queue_allocate/hls_project/solution/syn/verilog/g6_l1r80_queue_allocate_lsu_accept_completion_Pipeline_FIND_FREE_STQ.v" into library work
INFO: [VRFC 10-311] analyzing module g6_l1r80_queue_allocate_lsu_accept_completion_Pipeline_FIND_FREE_STQ
INFO: [VRFC 10-2263] Analyzing Verilog file "/home/lab_726/opencode_tmp/g6_l1_focused_80/image_1_queue_allocate/hls_project/solution/syn/verilog/g6_l1r80_queue_allocate_lsu_accept_completion.v" into library work
INFO: [VRFC 10-311] analyzing module g6_l1r80_queue_allocate_lsu_accept_completion
INFO: [VRFC 10-2263] Analyzing Verilog file "/home/lab_726/opencode_tmp/g6_l1_focused_80/image_1_queue_allocate/hls_project/solution/syn/verilog/g6_l1r80_queue_allocate_state_6_0_14_RAM_AUTO_0R0W.v" into library work
INFO: [VRFC 10-311] analyzing module g6_l1r80_queue_allocate_state_6_0_14_RAM_AUTO_0R0W
INFO: [VRFC 10-2263] Analyzing Verilog file "/home/lab_726/opencode_tmp/g6_l1_focused_80/image_1_queue_allocate/hls_project/solution/syn/verilog/g6_l1r80_queue_allocate_state_6_0_15_RAM_AUTO_0R0W.v" into library work
INFO: [VRFC 10-311] analyzing module g6_l1r80_queue_allocate_state_6_0_15_RAM_AUTO_0R0W
INFO: [VRFC 10-2263] Analyzing Verilog file "/home/lab_726/opencode_tmp/g6_l1_focused_80/image_1_queue_allocate/hls_project/solution/syn/verilog/g6_l1r80_queue_allocate_state_6_0_16_RAM_AUTO_0R0W.v" into library work
INFO: [VRFC 10-311] analyzing module g6_l1r80_queue_allocate_state_6_0_16_RAM_AUTO_0R0W
INFO: [VRFC 10-2263] Analyzing Verilog file "/home/lab_726/opencode_tmp/g6_l1_focused_80/image_1_queue_allocate/hls_project/solution/syn/verilog/g6_l1r80_queue_allocate_state_6_0_17_RAM_AUTO_0R0W.v" into library work
INFO: [VRFC 10-311] analyzing module g6_l1r80_queue_allocate_state_6_0_17_RAM_AUTO_0R0W
INFO: [VRFC 10-2263] Analyzing Verilog file "/home/lab_726/opencode_tmp/g6_l1_focused_80/image_1_queue_allocate/hls_project/solution/syn/verilog/g6_l1r80_queue_allocate_state_6_0_8_RAM_AUTO_0R0W.v" into library work
INFO: [VRFC 10-311] analyzing module g6_l1r80_queue_allocate_state_6_0_8_RAM_AUTO_0R0W
INFO: [VRFC 10-2263] Analyzing Verilog file "/home/lab_726/opencode_tmp/g6_l1_focused_80/image_1_queue_allocate/hls_project/solution/syn/verilog/g6_l1r80_queue_allocate_state_lsu_stq_generation_RAM_AUTO_1R1W.v" into library work
INFO: [VRFC 10-311] analyzing module g6_l1r80_queue_allocate_state_lsu_stq_generation_RAM_AUTO_1R1W
INFO: [VRFC 10-2263] Analyzing Verilog file "/home/lab_726/opencode_tmp/g6_l1_focused_80/image_1_queue_allocate/hls_project/solution/syn/verilog/g6_l1r80_queue_allocate_state_lsu_stq_rob_allocation_id_RAM_AUTO_0R0W.v" into library work
INFO: [VRFC 10-311] analyzing module g6_l1r80_queue_allocate_state_lsu_stq_rob_allocation_id_RAM_AUTO_0R0W
INFO: [VRFC 10-2263] Analyzing Verilog file "/home/lab_726/opencode_tmp/g6_l1_focused_80/image_1_queue_allocate/hls_project/solution/syn/verilog/g6_l1r80_queue_allocate_state_lsu_stq_rob_idx_RAM_AUTO_0R0W.v" into library work
INFO: [VRFC 10-311] analyzing module g6_l1r80_queue_allocate_state_lsu_stq_rob_idx_RAM_AUTO_0R0W
INFO: [VRFC 10-2263] Analyzing Verilog file "/home/lab_726/opencode_tmp/g6_l1_focused_80/image_1_queue_allocate/hls_project/solution/syn/verilog/g6_l1r80_queue_allocate_state_lsu_stq_valid_RAM_AUTO_1R1W.v" into library work
INFO: [VRFC 10-311] analyzing module g6_l1r80_queue_allocate_state_lsu_stq_valid_RAM_AUTO_1R1W
INFO: [VRFC 10-2263] Analyzing Verilog file "/home/lab_726/opencode_tmp/g6_l1_focused_80/image_1_queue_allocate/hls_project/solution/syn/verilog/g6_l1r80_queue_allocate_state_rob_entries_uop_imm_packed_2_RAM_AUTO_1R1W.v" into library work
INFO: [VRFC 10-311] analyzing module g6_l1r80_queue_allocate_state_rob_entries_uop_imm_packed_2_RAM_AUTO_1R1W
INFO: [VRFC 10-2263] Analyzing Verilog file "/home/lab_726/opencode_tmp/g6_l1_focused_80/image_1_queue_allocate/hls_project/solution/syn/verilog/g6_l1r80_queue_allocate_state_rob_entries_uop_imm_packed_3_RAM_AUTO_1R1W.v" into library work
INFO: [VRFC 10-311] analyzing module g6_l1r80_queue_allocate_state_rob_entries_uop_imm_packed_3_RAM_AUTO_1R1W
INFO: [VRFC 10-2263] Analyzing Verilog file "/home/lab_726/opencode_tmp/g6_l1_focused_80/image_1_queue_allocate/hls_project/solution/syn/verilog/g6_l1r80_queue_allocate_state_rob_entries_uop_imm_packed_RAM_AUTO_1R1W.v" into library work
INFO: [VRFC 10-311] analyzing module g6_l1r80_queue_allocate_state_rob_entries_uop_imm_packed_RAM_AUTO_1R1W
INFO: [VRFC 10-2263] Analyzing Verilog file "/home/lab_726/opencode_tmp/g6_l1_focused_80/image_1_queue_allocate/hls_project/solution/syn/verilog/g6_l1r80_queue_allocate_state_rob_entries_valid_RAM_AUTO_1R1W.v" into library work
INFO: [VRFC 10-311] analyzing module g6_l1r80_queue_allocate_state_rob_entries_valid_RAM_AUTO_1R1W
INFO: [VRFC 10-2263] Analyzing Verilog file "/home/lab_726/opencode_tmp/g6_l1_focused_80/image_1_queue_allocate/hls_project/solution/syn/verilog/g6_l1r80_queue_allocate.v" into library work
INFO: [VRFC 10-311] analyzing module g6_l1r80_queue_allocate
