
****** Vitis HLS - High-Level Synthesis from C, C++ and OpenCL v2021.2 (64-bit)
  **** SW Build 3367213 on Tue Oct 19 02:47:39 MDT 2021
  **** IP Build 3369179 on Thu Oct 21 08:25:16 MDT 2021
    ** Copyright 1986-2021 Xilinx, Inc. All Rights Reserved.

source /home/lab_726/Xilinx/Vitis_HLS/2021.2/scripts/vitis_hls/hls.tcl -notrace
INFO: [HLS 200-10] Running '/home/lab_726/Xilinx/Vitis_HLS/2021.2/bin/unwrapped/lnx64.o/vitis_hls'
INFO: [HLS 200-10] For user 'lab_726' on host '726' (Linux_x86_64 version 6.8.0-138-generic) on Wed Sep 16 11:27:15 CST 2026
INFO: [HLS 200-10] On os Ubuntu 22.04.5 LTS
INFO: [HLS 200-10] In directory '/home/lab_726/boom/hls_boom'
Sourcing Tcl script '/home/lab_726/boom/hls_boom/scripts/gate6_0/l1r_focused_80_csynth.tcl'
INFO: [HLS 200-1510] Running: open_project -reset hls_project 
INFO: [HLS 200-10] Creating and opening project '/home/lab_726/opencode_tmp/g6_l1_focused_80/image_1_queue_allocate/hls_project'.
INFO: [HLS 200-1510] Running: set_top g6_l1r80_queue_allocate 
INFO: [HLS 200-1510] Running: add_files -cflags -std=c++11 -DLQ_DEPTH=8 -DSQ_DEPTH=8 -DBOOM_FTQ_STORAGE_LUTRAM -DBOOM_PREDICTOR_STORAGE_LUTRAM -I/home/lab_726/boom/hls_boom/include /home/lab_726/boom/hls_boom/src/boom_core_merged.cpp 
INFO: [HLS 200-10] Adding design file '/home/lab_726/boom/hls_boom/src/boom_core_merged.cpp' to the project
INFO: [HLS 200-1510] Running: add_files -cflags -std=c++11 -DLQ_DEPTH=8 -DSQ_DEPTH=8 -DBOOM_FTQ_STORAGE_LUTRAM -DBOOM_PREDICTOR_STORAGE_LUTRAM -I/home/lab_726/boom/hls_boom/include /home/lab_726/boom/hls_boom/tb/differential/g6_l1r_focused_80_tops.cpp 
INFO: [HLS 200-10] Adding design file '/home/lab_726/boom/hls_boom/tb/differential/g6_l1r_focused_80_tops.cpp' to the project
INFO: [HLS 200-1510] Running: open_solution -reset solution 
INFO: [HLS 200-10] Creating and opening solution '/home/lab_726/opencode_tmp/g6_l1_focused_80/image_1_queue_allocate/hls_project/solution'.
INFO: [HLS 200-10] Cleaning up the solution database.
WARNING: [HLS 200-40] No /home/lab_726/opencode_tmp/g6_l1_focused_80/image_1_queue_allocate/hls_project/solution/solution.aps file found.
INFO: [HLS 200-1505] Using default flow_target 'vivado'
Resolution: For help on HLS 200-1505 see www.xilinx.com/cgi-bin/docs/rdoc?v=2021.2;t=hls+guidance;d=200-1505.html
INFO: [HLS 200-1510] Running: set_part xczu7ev-ffvc1156-2-e 
INFO: [HLS 200-1611] Setting target device to 'xczu7ev-ffvc1156-2-e'
INFO: [HLS 200-1510] Running: create_clock -period 10 -name default 
INFO: [SYN 201-201] Setting up clock 'default' with a period of 10ns.
INFO: [HLS 200-1510] Running: csynth_design 
INFO: [HLS 200-111] Finished File checks and directory preparation: CPU user time: 0.01 seconds. CPU system time: 0 seconds. Elapsed time: 0 seconds; current allocated memory: 1.321 GB.
INFO: [HLS 200-10] Analyzing design file '/home/lab_726/boom/hls_boom/tb/differential/g6_l1r_focused_80_tops.cpp' ... 
INFO: [HLS 200-10] Analyzing design file '/home/lab_726/boom/hls_boom/src/boom_core_merged.cpp' ... 
INFO: [HLS 200-111] Finished Source Code Analysis and Preprocessing: CPU user time: 4.25 seconds. CPU system time: 0.55 seconds. Elapsed time: 4.27 seconds; current allocated memory: 420.406 MB.
INFO: [HLS 200-777] Using interface defaults for 'Vivado' flow target.
INFO: [HLS 214-284] Auto array partition mode is set into default.
INFO: [HLS 214-178] Inlining function 'boom::FetchInstruction::FetchInstruction()' into 'boom::FetchPacket::FetchPacket()' (/home/lab_726/boom/hls_boom/include/fetch_buffer.hpp:38:0)
INFO: [HLS 214-178] Inlining function 'boom::CfiPredecodeResult::CfiPredecodeResult()' into 'boom::CfiPacketPredecodeResult::CfiPacketPredecodeResult()' (/home/lab_726/boom/hls_boom/include/predecode.hpp:43:0)
INFO: [HLS 214-178] Inlining function 'boom::FetchInstruction::FetchInstruction()' into 'boom::FetchBufferState::FetchBufferState()' (/home/lab_726/boom/hls_boom/include/fetch_buffer.hpp:47:0)
INFO: [HLS 214-178] Inlining function 'boom::FetchPacket::FetchPacket()' into 'FrontendState::FrontendState()' (/home/lab_726/boom/hls_boom/include/boom_state.hpp:88:0)
INFO: [HLS 214-178] Inlining function 'boom::CfiPacketPredecodeResult::CfiPacketPredecodeResult()' into 'FrontendState::FrontendState()' (/home/lab_726/boom/hls_boom/include/boom_state.hpp:88:0)
INFO: [HLS 214-178] Inlining function 'boom::FetchBufferState::FetchBufferState()' into 'FrontendState::FrontendState()' (/home/lab_726/boom/hls_boom/include/boom_state.hpp:88:0)
INFO: [HLS 214-178] Inlining function 'MicroOp::MicroOp() (.5)' into 'RenameDispatchPacket::RenameDispatchPacket()' (/home/lab_726/boom/hls_boom/include/boom_state.hpp:135:0)
INFO: [HLS 214-178] Inlining function 'RenameMapTableState::RenameMapTableState()' into 'RenameState::RenameState()' (/home/lab_726/boom/hls_boom/include/boom_state.hpp:138:0)
INFO: [HLS 214-178] Inlining function 'RenameFreeListState::RenameFreeListState()' into 'RenameState::RenameState()' (/home/lab_726/boom/hls_boom/include/boom_state.hpp:138:0)
INFO: [HLS 214-178] Inlining function 'RenameDispatchPacket::RenameDispatchPacket()' into 'RenameState::RenameState()' (/home/lab_726/boom/hls_boom/include/boom_state.hpp:138:0)
INFO: [HLS 214-178] Inlining function 'MicroOp::MicroOp() (.5)' into 'IssueSlotEntry::IssueSlotEntry()' (/home/lab_726/boom/hls_boom/include/boom_types.hpp:193:0)
INFO: [HLS 214-178] Inlining function 'MicroOp::MicroOp() (.5)' into 'IssueGrant::IssueGrant()' (/home/lab_726/boom/hls_boom/include/boom_types.hpp:167:0)
INFO: [HLS 214-178] Inlining function 'MicroOp::MicroOp() (.5)' into 'ExecuteState::AluResult::AluResult()' (/home/lab_726/boom/hls_boom/include/boom_state.hpp:202:0)
INFO: [HLS 214-178] Inlining function 'boom::divider_reset(boom::DividerState&)' into 'boom::DividerState::DividerState()' (/home/lab_726/boom/hls_boom/src/boom_core_merged.cpp:2908:0)
INFO: [HLS 214-178] Inlining function 'boom::DividerState::DividerState()' into 'DividerExecutionState::DividerExecutionState()' (/home/lab_726/boom/hls_boom/include/boom_state.hpp:185:0)
INFO: [HLS 214-178] Inlining function 'MicroOp::MicroOp() (.5)' into 'DividerExecutionState::DividerExecutionState()' (/home/lab_726/boom/hls_boom/include/boom_state.hpp:185:0)
INFO: [HLS 214-178] Inlining function 'MicroOp::MicroOp() (.5)' into 'RobEntry::RobEntry()' (/home/lab_726/boom/hls_boom/include/boom_types.hpp:184:0)
INFO: [HLS 214-178] Inlining function 'CommitEntry::CommitEntry()' into 'RobInternalState::RobInternalState()' (/home/lab_726/boom/hls_boom/include/boom_state.hpp:221:0)
INFO: [HLS 214-178] Inlining function 'StoreQueueEntry::StoreQueueEntry()' into 'LsuState::LsuState()' (/home/lab_726/boom/hls_boom/include/boom_state.hpp:287:0)
INFO: [HLS 214-178] Inlining function 'LoadQueueEntry::LoadQueueEntry()' into 'LsuState::LsuState()' (/home/lab_726/boom/hls_boom/include/boom_state.hpp:287:0)
INFO: [HLS 214-178] Inlining function 'MicroOp::MicroOp() (.5)' into 'RobCompleteEvent::RobCompleteEvent()' (/home/lab_726/boom/hls_boom/include/boom_types.hpp:120:0)
INFO: [HLS 214-178] Inlining function 'WritebackEvent::WritebackEvent()' into 'CompletionPendingState::CompletionPendingState()' (/home/lab_726/boom/hls_boom/include/boom_state.hpp:327:0)
INFO: [HLS 214-178] Inlining function 'WakeupEvent::WakeupEvent()' into 'CompletionPendingState::CompletionPendingState()' (/home/lab_726/boom/hls_boom/include/boom_state.hpp:327:0)
INFO: [HLS 214-178] Inlining function 'BypassEvent::BypassEvent()' into 'CompletionPendingState::CompletionPendingState()' (/home/lab_726/boom/hls_boom/include/boom_state.hpp:327:0)
INFO: [HLS 214-178] Inlining function 'boom::PredictorResponse::PredictorResponse()' into 'boom::PredictorFoundation<256ul, false>::PredictorFoundation()' (/home/lab_726/boom/hls_boom/src/boom_core_merged.cpp:368:0)
INFO: [HLS 214-178] Inlining function 'boom::FtqEntry::FtqEntry()' into 'boom::FtqFoundation<32ul, false>::FtqFoundation()' (/home/lab_726/boom/hls_boom/include/ftq.hpp:191:0)
INFO: [HLS 214-178] Inlining function 'boom::FtqEntry::FtqEntry()' into 'boom::FtqStepOutput::FtqStepOutput()' (/home/lab_726/boom/hls_boom/include/ftq.hpp:118:0)
INFO: [HLS 214-178] Inlining function 'MicroOp::MicroOp() (.5)' into 'BranchUpdate::BranchUpdate()' (/home/lab_726/boom/hls_boom/include/boom_types.hpp:210:0)
INFO: [HLS 214-178] Inlining function 'CsrState::CsrState()' into 'BoomCoreState::BoomCoreState()' (/home/lab_726/boom/hls_boom/include/boom_state.hpp:394:0)
INFO: [HLS 214-178] Inlining function 'LsuState::LsuState()' into 'BoomCoreState::BoomCoreState()' (/home/lab_726/boom/hls_boom/include/boom_state.hpp:394:0)
INFO: [HLS 214-178] Inlining function 'BranchRecoveryState::BranchRecoveryState()' into 'BoomCoreState::BoomCoreState()' (/home/lab_726/boom/hls_boom/include/boom_state.hpp:394:0)
INFO: [HLS 214-178] Inlining function 'boom::PredictorFoundation<256ul, false>::PredictorFoundation()' into 'BoomCoreState::BoomCoreState()' (/home/lab_726/boom/hls_boom/include/boom_state.hpp:394:0)
INFO: [HLS 214-178] Inlining function 'boom::PredictorUpdate::PredictorUpdate()' into 'BoomCoreState::BoomCoreState()' (/home/lab_726/boom/hls_boom/include/boom_state.hpp:394:0)
INFO: [HLS 214-178] Inlining function 'BimTrainingStats::BimTrainingStats()' into 'BoomCoreState::BoomCoreState()' (/home/lab_726/boom/hls_boom/include/boom_state.hpp:394:0)
INFO: [HLS 214-178] Inlining function 'boom::FtqFoundation<32ul, false>::FtqFoundation()' into 'BoomCoreState::BoomCoreState()' (/home/lab_726/boom/hls_boom/include/boom_state.hpp:394:0)
INFO: [HLS 214-178] Inlining function 'boom::FtqLaneEvent::FtqLaneEvent()' into 'BoomCoreState::BoomCoreState()' (/home/lab_726/boom/hls_boom/include/boom_state.hpp:394:0)
INFO: [HLS 214-178] Inlining function 'boom::FtqRedirect::FtqRedirect()' into 'BoomCoreState::BoomCoreState()' (/home/lab_726/boom/hls_boom/include/boom_state.hpp:394:0)
INFO: [HLS 214-178] Inlining function 'boom::FtqStepOutput::FtqStepOutput()' into 'BoomCoreState::BoomCoreState()' (/home/lab_726/boom/hls_boom/include/boom_state.hpp:394:0)
INFO: [HLS 214-178] Inlining function 'FrontendRedirect::FrontendRedirect()' into 'BoomCoreState::BoomCoreState()' (/home/lab_726/boom/hls_boom/include/boom_state.hpp:394:0)
INFO: [HLS 214-178] Inlining function 'ExceptionCommitEvent::ExceptionCommitEvent()' into 'BoomCoreState::BoomCoreState()' (/home/lab_726/boom/hls_boom/include/boom_state.hpp:394:0)
INFO: [HLS 214-178] Inlining function 'MicroOp::MicroOp() (.5)' into 'focused_80_uop(unsigned char, unsigned int, unsigned char, bool)' (/home/lab_726/boom/hls_boom/tb/differential/g6_l1r_focused_80_tops.cpp:30:0)
INFO: [HLS 214-178] Inlining function 'boom::enqueue_store(BoomCoreState&, MicroOp const&, unsigned long, unsigned long, unsigned char, unsigned char, RobEntry&) (.151.172.181.202.211.232.241.262.295.331.342.379.390.427.438.475.486.523.534.571.582.622.633.671.682.719.730.768.779.816.827.865.876.913.924.963.974.1015.1026.1069.1080.1123.1134.1177.1188.1231.1242.1280.1291.1330.1341.1380.1391.1430.1441.1480.1491.1530.1541.1580.1591.1630.1641.1680.1691.1728.1739.1776.1787.1826.1837.1874.1885.1922.1933.1970.1981.2018.2029.2066.2077.2114.2125.2162.2173.2215.2232.2277.2294.2339.2356.2401.2418.2463.2477.2515.2526.2565.2576.2615.2626.2665.2676.2715.2726.2767.2778.2817.2828.2867.2878.2917.2928.2967.2978.3015.3026.3063.3074.3111.3122.3159.3170.3208.3219.3258.3269.3308.3319.3358.3369.3408.3419.3459.3470.3511.3522.3563.3574.3615.3626.3667.3678.3716.3727.3766.3777.3816.3827.3866.3877.3916.3927.3968.3979.4020.4031.4068.4079.4116.4127.4164.4175.4212.4223.4260.4271.4313.4324.4364.4375.4415.4426.4463.4474.4511.4522.4559.4570.4607.4618.4655.4666.4703.4714.4751.4762.4799)' into 'boom::lsu_accept_completion(BoomCoreState&, MicroOp const&, bool, bool, bool, unsigned long, unsigned long, unsigned char, unsigned char)' (/home/lab_726/boom/hls_boom/src/boom_core_merged.cpp:3750:0)
INFO: [HLS 214-178] Inlining function 'boom::enqueue_load(BoomCoreState&, MicroOp const&, bool, unsigned long, unsigned char, unsigned char, RobEntry&) (.148.169.178.199.208.229.238.259.292.328.339.376.387.424.435.472.483.520.531.568.579.619.630.668.679.716.727.765.776.813.824.862.873.910.921.960.971.1012.1023.1066.1077.1120.1131.1174.1185.1228.1239.1277.1288.1327.1338.1377.1388.1427.1438.1477.1488.1527.1538.1577.1588.1627.1638.1677.1688.1725.1736.1773.1784.1823.1834.1871.1882.1919.1930.1967.1978.2015.2026.2063.2074.2111.2122.2159.2170.2209.2226.2271.2288.2333.2350.2395.2412.2457.2474.2512.2523.2562.2573.2612.2623.2662.2673.2712.2723.2764.2775.2814.2825.2864.2875.2914.2925.2964.2975.3012.3023.3060.3071.3108.3119.3156.3167.3205.3216.3255.3266.3305.3316.3355.3366.3405.3416.3456.3467.3508.3519.3560.3571.3612.3623.3664.3675.3713.3724.3763.3774.3813.3824.3863.3874.3913.3924.3965.3976.4017.4028.4065.4076.4113.4124.4161.4172.4209.4220.4257.4268.4310.4321.4361.4372.4412.4423.4460.4471.4508.4519.4556.4567.4604.4615.4652.4663.4700.4711.4748.4759.4796)' into 'boom::lsu_accept_completion(BoomCoreState&, MicroOp const&, bool, bool, bool, unsigned long, unsigned long, unsigned char, unsigned char)' (/home/lab_726/boom/hls_boom/src/boom_core_merged.cpp:3750:0)
INFO: [HLS 214-178] Inlining function 'focused_80_valid_lq(BoomCoreState const&)' into 'g6_l1r80_queue_allocate' (/home/lab_726/boom/hls_boom/tb/differential/g6_l1r_focused_80_tops.cpp:68:0)
INFO: [HLS 214-178] Inlining function 'focused_80_valid_sq(BoomCoreState const&)' into 'g6_l1r80_queue_allocate' (/home/lab_726/boom/hls_boom/tb/differential/g6_l1r_focused_80_tops.cpp:68:0)
INFO: [HLS 214-270] Starting automatic array partition analysis...
INFO: [HLS 200-111] Finished Compiling Optimization and Transform: CPU user time: 33.14 seconds. CPU system time: 0.62 seconds. Elapsed time: 33.78 seconds; current allocated memory: 438.070 MB.
INFO: [HLS 200-111] Finished Checking Pragmas: CPU user time: 0.01 seconds. CPU system time: 0 seconds. Elapsed time: 0.01 seconds; current allocated memory: 438.070 MB.
INFO: [HLS 200-10] Starting code transformations ...
INFO: [HLS 200-111] Finished Standard Transforms: CPU user time: 0.86 seconds. CPU system time: 0.01 seconds. Elapsed time: 0.89 seconds; current allocated memory: 473.254 MB.
INFO: [HLS 200-10] Checking synthesizability ...
INFO: [HLS 200-111] Finished Checking Synthesizability: CPU user time: 0.11 seconds. CPU system time: 0.01 seconds. Elapsed time: 0.11 seconds; current allocated memory: 474.500 MB.
INFO: [XFORM 203-510] Pipelining loop 'FIND_FREE_STQ' (/home/lab_726/boom/hls_boom/src/boom_core_merged.cpp:3720) in function 'boom::lsu_accept_completion' automatically.
INFO: [XFORM 203-510] Pipelining loop 'FIND_FREE_LDQ' (/home/lab_726/boom/hls_boom/src/boom_core_merged.cpp:3832) in function 'boom::lsu_accept_completion' automatically.
INFO: [XFORM 203-510] Pipelining loop 'VITIS_LOOP_74_1' (/home/lab_726/boom/hls_boom/tb/differential/g6_l1r_focused_80_tops.cpp:74) in function 'g6_l1r80_queue_allocate' automatically.
INFO: [XFORM 203-510] Pipelining loop 'VITIS_LOOP_81_2' (/home/lab_726/boom/hls_boom/tb/differential/g6_l1r_focused_80_tops.cpp:81) in function 'g6_l1r80_queue_allocate' automatically.
INFO: [XFORM 203-510] Pipelining loop 'VITIS_LOOP_53_1' (/home/lab_726/boom/hls_boom/tb/differential/g6_l1r_focused_80_tops.cpp:52) in function 'g6_l1r80_queue_allocate' automatically.
INFO: [XFORM 203-510] Pipelining loop 'VITIS_LOOP_59_1' (/home/lab_726/boom/hls_boom/tb/differential/g6_l1r_focused_80_tops.cpp:58) in function 'g6_l1r80_queue_allocate' automatically.
INFO: [XFORM 203-510] Pipelining loop 'VITIS_LOOP_53_1' (/home/lab_726/boom/hls_boom/tb/differential/g6_l1r_focused_80_tops.cpp:52) in function 'g6_l1r80_queue_allocate' automatically.
INFO: [XFORM 203-510] Pipelining loop 'VITIS_LOOP_59_1' (/home/lab_726/boom/hls_boom/tb/differential/g6_l1r_focused_80_tops.cpp:58) in function 'g6_l1r80_queue_allocate' automatically.
INFO: [XFORM 203-602] Inlining function 'focused_80_uop' into 'g6_l1r80_queue_allocate' (/home/lab_726/boom/hls_boom/tb/differential/g6_l1r_focused_80_tops.cpp:101) automatically.
INFO: [XFORM 203-602] Inlining function 'focused_80_install' into 'g6_l1r80_queue_allocate' (/home/lab_726/boom/hls_boom/tb/differential/g6_l1r_focused_80_tops.cpp:102) automatically.
INFO: [XFORM 203-401] Performing if-conversion on hyperblock from (/home/lab_726/boom/hls_boom/tb/differential/g6_l1r_focused_80_tops.cpp:100:19) to (/home/lab_726/boom/hls_boom/tb/differential/g6_l1r_focused_80_tops.cpp:53:22) in function 'g6_l1r80_queue_allocate'... converting 4 basic blocks.
INFO: [XFORM 203-401] Performing if-conversion on hyperblock from (/home/lab_726/boom/hls_boom/src/boom_core_merged.cpp:3720:13) in function 'boom::lsu_accept_completion'... converting 3 basic blocks.
INFO: [XFORM 203-401] Performing if-conversion on hyperblock from (/home/lab_726/boom/hls_boom/src/boom_core_merged.cpp:3832:13) in function 'boom::lsu_accept_completion'... converting 3 basic blocks.
INFO: [HLS 200-111] Finished Loop, function and other optimizations: CPU user time: 0.17 seconds. CPU system time: 0.01 seconds. Elapsed time: 0.18 seconds; current allocated memory: 509.723 MB.
INFO: [HLS 200-472] Inferring partial write operation for 'state_rob_entries_memory_valid' (/home/lab_726/boom/hls_boom/src/boom_core_merged.cpp:3709:24)
INFO: [HLS 200-472] Inferring partial write operation for 'state_rob_entries_is_store' (/home/lab_726/boom/hls_boom/src/boom_core_merged.cpp:3710:20)
INFO: [HLS 200-472] Inferring partial write operation for 'state_rob_entries_is_load' (/home/lab_726/boom/hls_boom/src/boom_core_merged.cpp:3711:19)
INFO: [HLS 200-472] Inferring partial write operation for 'state_rob_entries_memory_completed' (/home/lab_726/boom/hls_boom/src/boom_core_merged.cpp:3712:28)
INFO: [HLS 200-472] Inferring partial write operation for 'state_rob_entries_memory_address' (/home/lab_726/boom/hls_boom/src/boom_core_merged.cpp:3713:26)
INFO: [HLS 200-472] Inferring partial write operation for 'state_rob_entries_memory_data' (/home/lab_726/boom/hls_boom/src/boom_core_merged.cpp:3714:23)
INFO: [HLS 200-472] Inferring partial write operation for 'state_rob_entries_memory_mask' (/home/lab_726/boom/hls_boom/src/boom_core_merged.cpp:3715:23)
INFO: [HLS 200-472] Inferring partial write operation for 'state_rob_entries_memory_size' (/home/lab_726/boom/hls_boom/src/boom_core_merged.cpp:3716:23)
INFO: [HLS 200-472] Inferring partial write operation for 'state_lsu_stq_generation' (/home/lab_726/boom/hls_boom/src/boom_core_merged.cpp:3729:24)
INFO: [HLS 200-472] Inferring partial write operation for 'state_lsu_stq_valid' (/home/lab_726/boom/hls_boom/src/boom_core_merged.cpp:3730:19)
INFO: [HLS 200-472] Inferring partial write operation for 'state_lsu_stq_rob_idx' (/home/lab_726/boom/hls_boom/src/boom_core_merged.cpp:3731:21)
INFO: [HLS 200-472] Inferring partial write operation for 'state_lsu_stq_rob_allocation_id' (/home/lab_726/boom/hls_boom/src/boom_core_merged.cpp:3732:31)
INFO: [HLS 200-472] Inferring partial write operation for 'state_rob_entries_uop_imm_packed.2' (/home/lab_726/boom/hls_boom/src/boom_core_merged.cpp:3740:33)
INFO: [HLS 200-472] Inferring partial write operation for 'state_rob_entries_uop_imm_packed.6' (/home/lab_726/boom/hls_boom/src/boom_core_merged.cpp:3741:40)
INFO: [HLS 200-472] Inferring partial write operation for 'state_rob_entries_memory_valid' (/home/lab_726/boom/hls_boom/src/boom_core_merged.cpp:3822:24)
INFO: [HLS 200-472] Inferring partial write operation for 'state_rob_entries_is_load' (/home/lab_726/boom/hls_boom/src/boom_core_merged.cpp:3823:19)
INFO: [HLS 200-472] Inferring partial write operation for 'state_rob_entries_is_store' (/home/lab_726/boom/hls_boom/src/boom_core_merged.cpp:3824:20)
INFO: [HLS 200-472] Inferring partial write operation for 'state_rob_entries_signed_load' (/home/lab_726/boom/hls_boom/src/boom_core_merged.cpp:3825:23)
INFO: [HLS 200-472] Inferring partial write operation for 'state_rob_entries_memory_address' (/home/lab_726/boom/hls_boom/src/boom_core_merged.cpp:3826:26)
INFO: [HLS 200-472] Inferring partial write operation for 'state_rob_entries_memory_mask' (/home/lab_726/boom/hls_boom/src/boom_core_merged.cpp:3827:23)
INFO: [HLS 200-472] Inferring partial write operation for 'state_rob_entries_memory_size' (/home/lab_726/boom/hls_boom/src/boom_core_merged.cpp:3828:23)
INFO: [HLS 200-472] Inferring partial write operation for 'state_lsu_ldq_generation' (/home/lab_726/boom/hls_boom/src/boom_core_merged.cpp:3841:24)
INFO: [HLS 200-472] Inferring partial write operation for 'state_lsu_ldq_valid' (/home/lab_726/boom/hls_boom/src/boom_core_merged.cpp:3842:19)
INFO: [HLS 200-472] Inferring partial write operation for 'state_lsu_ldq_rob_idx' (/home/lab_726/boom/hls_boom/src/boom_core_merged.cpp:3843:21)
INFO: [HLS 200-472] Inferring partial write operation for 'state_lsu_ldq_rob_allocation_id' (/home/lab_726/boom/hls_boom/src/boom_core_merged.cpp:3844:31)
INFO: [HLS 200-472] Inferring partial write operation for 'state_rob_entries_uop_imm_packed.1' (/home/lab_726/boom/hls_boom/src/boom_core_merged.cpp:3849:33)
INFO: [HLS 200-472] Inferring partial write operation for 'state_rob_entries_uop_imm_packed.5' (/home/lab_726/boom/hls_boom/src/boom_core_merged.cpp:3850:40)
INFO: [HLS 200-472] Inferring partial write operation for 'state.rob.entries.valid' (/home/lab_726/boom/hls_boom/tb/differential/g6_l1r_focused_80_tops.cpp:70:19)
INFO: [HLS 200-472] Inferring partial write operation for 'state.lsu.stq.generation' (/home/lab_726/boom/hls_boom/tb/differential/g6_l1r_focused_80_tops.cpp:90:51)
INFO: [HLS 200-472] Inferring partial write operation for 'state.lsu.stq.generation' (/home/lab_726/boom/hls_boom/tb/differential/g6_l1r_focused_80_tops.cpp:94:54)
INFO: [HLS 200-472] Inferring partial write operation for 'state.lsu.ldq.generation' (/home/lab_726/boom/hls_boom/tb/differential/g6_l1r_focused_80_tops.cpp:91:45)
INFO: [HLS 200-472] Inferring partial write operation for 'state.lsu.ldq.generation' (/home/lab_726/boom/hls_boom/tb/differential/g6_l1r_focused_80_tops.cpp:95:48)
INFO: [HLS 200-472] Inferring partial write operation for 'state.6.0.8' (/home/lab_726/boom/hls_boom/tb/differential/g6_l1r_focused_80_tops.cpp:45:11)
INFO: [HLS 200-472] Inferring partial write operation for 'state.rob.entries.valid' (/home/lab_726/boom/hls_boom/tb/differential/g6_l1r_focused_80_tops.cpp:46:17)
INFO: [HLS 200-472] Inferring partial write operation for 'state.rob.entries.uop.imm_packed' (/home/lab_726/boom/hls_boom/tb/differential/g6_l1r_focused_80_tops.cpp:48:15)
INFO: [HLS 200-472] Inferring partial write operation for 'state.6.0.8' (/home/lab_726/boom/hls_boom/tb/differential/g6_l1r_focused_80_tops.cpp:45:11)
INFO: [HLS 200-472] Inferring partial write operation for 'state.rob.entries.valid' (/home/lab_726/boom/hls_boom/tb/differential/g6_l1r_focused_80_tops.cpp:46:17)
INFO: [HLS 200-472] Inferring partial write operation for 'state.rob.entries.uop.imm_packed' (/home/lab_726/boom/hls_boom/tb/differential/g6_l1r_focused_80_tops.cpp:48:15)
INFO: [HLS 200-472] Inferring partial write operation for 'state.lsu.stq.valid' (/home/lab_726/boom/hls_boom/tb/differential/g6_l1r_focused_80_tops.cpp:82:32)
INFO: [HLS 200-472] Inferring partial write operation for 'state.lsu.stq.rob_idx' (/home/lab_726/boom/hls_boom/tb/differential/g6_l1r_focused_80_tops.cpp:84:38)
INFO: [HLS 200-472] Inferring partial write operation for 'state.lsu.stq.rob_allocation_id' (/home/lab_726/boom/hls_boom/tb/differential/g6_l1r_focused_80_tops.cpp:85:48)
INFO: [HLS 200-472] Inferring partial write operation for 'state.lsu.ldq.valid' (/home/lab_726/boom/hls_boom/tb/differential/g6_l1r_focused_80_tops.cpp:75:32)
INFO: [HLS 200-472] Inferring partial write operation for 'state.lsu.ldq.rob_idx' (/home/lab_726/boom/hls_boom/tb/differential/g6_l1r_focused_80_tops.cpp:77:38)
INFO: [HLS 200-472] Inferring partial write operation for 'state.lsu.ldq.rob_allocation_id' (/home/lab_726/boom/hls_boom/tb/differential/g6_l1r_focused_80_tops.cpp:78:48)
INFO: [HLS 200-111] Finished Architecture Synthesis: CPU user time: 0.11 seconds. CPU system time: 0.01 seconds. Elapsed time: 0.13 seconds; current allocated memory: 593.191 MB.
INFO: [HLS 200-10] Starting hardware synthesis ...
INFO: [HLS 200-10] Synthesizing 'g6_l1r80_queue_allocate' ...
INFO: [HLS 200-10] ----------------------------------------------------------------
INFO: [HLS 200-42] -- Implementing module 'g6_l1r80_queue_allocate_Pipeline_VITIS_LOOP_74_1' 
INFO: [HLS 200-10] ----------------------------------------------------------------
INFO: [SCHED 204-11] Starting scheduling ...
INFO: [SCHED 204-61] Pipelining loop 'VITIS_LOOP_74_1'.
INFO: [HLS 200-1470] Pipelining result : Target II = NA, Final II = 1, Depth = 1, loop 'VITIS_LOOP_74_1'
INFO: [SCHED 204-11] Finished scheduling.
INFO: [HLS 200-111] Finished Scheduling: CPU user time: 0.06 seconds. CPU system time: 0.02 seconds. Elapsed time: 0.08 seconds; current allocated memory: 594.871 MB.
INFO: [BIND 205-100] Starting micro-architecture generation ...
INFO: [BIND 205-101] Performing variable lifetime analysis.
INFO: [BIND 205-101] Exploring resource sharing.
INFO: [BIND 205-101] Binding ...
INFO: [BIND 205-100] Finished micro-architecture generation.
INFO: [HLS 200-111] Finished Binding: CPU user time: 0.01 seconds. CPU system time: 0 seconds. Elapsed time: 0.01 seconds; current allocated memory: 594.871 MB.
INFO: [HLS 200-10] ----------------------------------------------------------------
INFO: [HLS 200-42] -- Implementing module 'g6_l1r80_queue_allocate_Pipeline_VITIS_LOOP_81_2' 
INFO: [HLS 200-10] ----------------------------------------------------------------
INFO: [SCHED 204-11] Starting scheduling ...
INFO: [SCHED 204-61] Pipelining loop 'VITIS_LOOP_81_2'.
INFO: [HLS 200-1470] Pipelining result : Target II = NA, Final II = 1, Depth = 1, loop 'VITIS_LOOP_81_2'
INFO: [SCHED 204-11] Finished scheduling.
INFO: [HLS 200-111] Finished Scheduling: CPU user time: 0.02 seconds. CPU system time: 0 seconds. Elapsed time: 0.02 seconds; current allocated memory: 595.184 MB.
INFO: [BIND 205-100] Starting micro-architecture generation ...
INFO: [BIND 205-101] Performing variable lifetime analysis.
INFO: [BIND 205-101] Exploring resource sharing.
INFO: [BIND 205-101] Binding ...
INFO: [BIND 205-100] Finished micro-architecture generation.
INFO: [HLS 200-111] Finished Binding: CPU user time: 0.01 seconds. CPU system time: 0 seconds. Elapsed time: 0.01 seconds; current allocated memory: 595.184 MB.
INFO: [HLS 200-10] ----------------------------------------------------------------
INFO: [HLS 200-42] -- Implementing module 'g6_l1r80_queue_allocate_Pipeline_VITIS_LOOP_53_1' 
INFO: [HLS 200-10] ----------------------------------------------------------------
INFO: [SCHED 204-11] Starting scheduling ...
INFO: [SCHED 204-61] Pipelining loop 'VITIS_LOOP_53_1'.
INFO: [HLS 200-1470] Pipelining result : Target II = NA, Final II = 1, Depth = 2, loop 'VITIS_LOOP_53_1'
INFO: [SCHED 204-11] Finished scheduling.
INFO: [HLS 200-111] Finished Scheduling: CPU user time: 0.02 seconds. CPU system time: 0 seconds. Elapsed time: 0.02 seconds; current allocated memory: 595.434 MB.
INFO: [BIND 205-100] Starting micro-architecture generation ...
INFO: [BIND 205-101] Performing variable lifetime analysis.
INFO: [BIND 205-101] Exploring resource sharing.
INFO: [BIND 205-101] Binding ...
INFO: [BIND 205-100] Finished micro-architecture generation.
INFO: [HLS 200-111] Finished Binding: CPU user time: 0.01 seconds. CPU system time: 0 seconds. Elapsed time: 0.01 seconds; current allocated memory: 595.434 MB.
INFO: [HLS 200-10] ----------------------------------------------------------------
INFO: [HLS 200-42] -- Implementing module 'g6_l1r80_queue_allocate_Pipeline_VITIS_LOOP_59_1' 
INFO: [HLS 200-10] ----------------------------------------------------------------
INFO: [SCHED 204-11] Starting scheduling ...
INFO: [SCHED 204-61] Pipelining loop 'VITIS_LOOP_59_1'.
INFO: [HLS 200-1470] Pipelining result : Target II = NA, Final II = 1, Depth = 2, loop 'VITIS_LOOP_59_1'
INFO: [SCHED 204-11] Finished scheduling.
INFO: [HLS 200-111] Finished Scheduling: CPU user time: 0.01 seconds. CPU system time: 0 seconds. Elapsed time: 0.01 seconds; current allocated memory: 595.742 MB.
INFO: [BIND 205-100] Starting micro-architecture generation ...
INFO: [BIND 205-101] Performing variable lifetime analysis.
INFO: [BIND 205-101] Exploring resource sharing.
INFO: [BIND 205-101] Binding ...
INFO: [BIND 205-100] Finished micro-architecture generation.
INFO: [HLS 200-111] Finished Binding: CPU user time: 0.01 seconds. CPU system time: 0 seconds. Elapsed time: 0.01 seconds; current allocated memory: 595.742 MB.
INFO: [HLS 200-10] ----------------------------------------------------------------
INFO: [HLS 200-42] -- Implementing module 'lsu_accept_completion_Pipeline_FIND_FREE_LDQ' 
INFO: [HLS 200-10] ----------------------------------------------------------------
INFO: [SCHED 204-11] Starting scheduling ...
INFO: [SCHED 204-61] Pipelining loop 'FIND_FREE_LDQ'.
INFO: [HLS 200-1470] Pipelining result : Target II = NA, Final II = 1, Depth = 2, loop 'FIND_FREE_LDQ'
INFO: [SCHED 204-11] Finished scheduling.
INFO: [HLS 200-111] Finished Scheduling: CPU user time: 0.01 seconds. CPU system time: 0 seconds. Elapsed time: 0.01 seconds; current allocated memory: 595.945 MB.
INFO: [BIND 205-100] Starting micro-architecture generation ...
INFO: [BIND 205-101] Performing variable lifetime analysis.
INFO: [BIND 205-101] Exploring resource sharing.
INFO: [BIND 205-101] Binding ...
INFO: [BIND 205-100] Finished micro-architecture generation.
INFO: [HLS 200-111] Finished Binding: CPU user time: 0.02 seconds. CPU system time: 0 seconds. Elapsed time: 0.01 seconds; current allocated memory: 595.945 MB.
INFO: [HLS 200-10] ----------------------------------------------------------------
INFO: [HLS 200-42] -- Implementing module 'lsu_accept_completion_Pipeline_FIND_FREE_STQ' 
INFO: [HLS 200-10] ----------------------------------------------------------------
INFO: [SCHED 204-11] Starting scheduling ...
INFO: [SCHED 204-61] Pipelining loop 'FIND_FREE_STQ'.
INFO: [HLS 200-1470] Pipelining result : Target II = NA, Final II = 1, Depth = 2, loop 'FIND_FREE_STQ'
INFO: [SCHED 204-11] Finished scheduling.
INFO: [HLS 200-111] Finished Scheduling: CPU user time: 0.02 seconds. CPU system time: 0 seconds. Elapsed time: 0.02 seconds; current allocated memory: 596.258 MB.
INFO: [BIND 205-100] Starting micro-architecture generation ...
INFO: [BIND 205-101] Performing variable lifetime analysis.
INFO: [BIND 205-101] Exploring resource sharing.
INFO: [BIND 205-101] Binding ...
INFO: [BIND 205-100] Finished micro-architecture generation.
INFO: [HLS 200-111] Finished Binding: CPU user time: 0.01 seconds. CPU system time: 0 seconds. Elapsed time: 0.01 seconds; current allocated memory: 596.258 MB.
INFO: [HLS 200-10] ----------------------------------------------------------------
INFO: [HLS 200-42] -- Implementing module 'lsu_accept_completion' 
INFO: [HLS 200-10] ----------------------------------------------------------------
INFO: [SCHED 204-11] Starting scheduling ...
INFO: [SCHED 204-11] Finished scheduling.
INFO: [HLS 200-111] Finished Scheduling: CPU user time: 0.04 seconds. CPU system time: 0.01 seconds. Elapsed time: 0.04 seconds; current allocated memory: 597.344 MB.
INFO: [BIND 205-100] Starting micro-architecture generation ...
INFO: [BIND 205-101] Performing variable lifetime analysis.
INFO: [BIND 205-101] Exploring resource sharing.
INFO: [BIND 205-101] Binding ...
INFO: [BIND 205-100] Finished micro-architecture generation.
INFO: [HLS 200-111] Finished Binding: CPU user time: 0.04 seconds. CPU system time: 0 seconds. Elapsed time: 0.04 seconds; current allocated memory: 597.344 MB.
INFO: [HLS 200-10] ----------------------------------------------------------------
INFO: [HLS 200-42] -- Implementing module 'g6_l1r80_queue_allocate_Pipeline_VITIS_LOOP_53_11' 
INFO: [HLS 200-10] ----------------------------------------------------------------
INFO: [SCHED 204-11] Starting scheduling ...
INFO: [SCHED 204-61] Pipelining loop 'VITIS_LOOP_53_1'.
INFO: [HLS 200-1470] Pipelining result : Target II = NA, Final II = 1, Depth = 2, loop 'VITIS_LOOP_53_1'
INFO: [SCHED 204-11] Finished scheduling.
INFO: [HLS 200-111] Finished Scheduling: CPU user time: 0.04 seconds. CPU system time: 0 seconds. Elapsed time: 0.05 seconds; current allocated memory: 597.629 MB.
INFO: [BIND 205-100] Starting micro-architecture generation ...
INFO: [BIND 205-101] Performing variable lifetime analysis.
INFO: [BIND 205-101] Exploring resource sharing.
INFO: [BIND 205-101] Binding ...
INFO: [BIND 205-100] Finished micro-architecture generation.
INFO: [HLS 200-111] Finished Binding: CPU user time: 0.01 seconds. CPU system time: 0 seconds. Elapsed time: 0.01 seconds; current allocated memory: 597.629 MB.
INFO: [HLS 200-10] ----------------------------------------------------------------
INFO: [HLS 200-42] -- Implementing module 'g6_l1r80_queue_allocate_Pipeline_VITIS_LOOP_59_12' 
INFO: [HLS 200-10] ----------------------------------------------------------------
INFO: [SCHED 204-11] Starting scheduling ...
INFO: [SCHED 204-61] Pipelining loop 'VITIS_LOOP_59_1'.
INFO: [HLS 200-1470] Pipelining result : Target II = NA, Final II = 1, Depth = 2, loop 'VITIS_LOOP_59_1'
INFO: [SCHED 204-11] Finished scheduling.
INFO: [HLS 200-111] Finished Scheduling: CPU user time: 0.02 seconds. CPU system time: 0 seconds. Elapsed time: 0.02 seconds; current allocated memory: 597.902 MB.
INFO: [BIND 205-100] Starting micro-architecture generation ...
INFO: [BIND 205-101] Performing variable lifetime analysis.
INFO: [BIND 205-101] Exploring resource sharing.
INFO: [BIND 205-101] Binding ...
INFO: [BIND 205-100] Finished micro-architecture generation.
INFO: [HLS 200-111] Finished Binding: CPU user time: 0.01 seconds. CPU system time: 0 seconds. Elapsed time: 0.01 seconds; current allocated memory: 597.902 MB.
INFO: [HLS 200-10] ----------------------------------------------------------------
INFO: [HLS 200-42] -- Implementing module 'g6_l1r80_queue_allocate' 
INFO: [HLS 200-10] ----------------------------------------------------------------
INFO: [SCHED 204-11] Starting scheduling ...
INFO: [SCHED 204-11] Finished scheduling.
INFO: [HLS 200-111] Finished Scheduling: CPU user time: 0.17 seconds. CPU system time: 0 seconds. Elapsed time: 0.17 seconds; current allocated memory: 603.133 MB.
INFO: [BIND 205-100] Starting micro-architecture generation ...
INFO: [BIND 205-101] Performing variable lifetime analysis.
INFO: [BIND 205-101] Exploring resource sharing.
INFO: [BIND 205-101] Binding ...
INFO: [BIND 205-100] Finished micro-architecture generation.
INFO: [HLS 200-111] Finished Binding: CPU user time: 0.12 seconds. CPU system time: 0 seconds. Elapsed time: 0.12 seconds; current allocated memory: 603.133 MB.
INFO: [HLS 200-10] ----------------------------------------------------------------
INFO: [HLS 200-10] -- Generating RTL for module 'g6_l1r80_queue_allocate_Pipeline_VITIS_LOOP_74_1' 
INFO: [HLS 200-10] ----------------------------------------------------------------
INFO: [RTGEN 206-100] Finished creating RTL model for 'g6_l1r80_queue_allocate_Pipeline_VITIS_LOOP_74_1'.
INFO: [HLS 200-111] Finished Creating RTL model: CPU user time: 0.12 seconds. CPU system time: 0 seconds. Elapsed time: 0.14 seconds; current allocated memory: 603.133 MB.
INFO: [HLS 200-10] ----------------------------------------------------------------
INFO: [HLS 200-10] -- Generating RTL for module 'g6_l1r80_queue_allocate_Pipeline_VITIS_LOOP_81_2' 
INFO: [HLS 200-10] ----------------------------------------------------------------
INFO: [RTGEN 206-100] Finished creating RTL model for 'g6_l1r80_queue_allocate_Pipeline_VITIS_LOOP_81_2'.
INFO: [HLS 200-111] Finished Creating RTL model: CPU user time: 0.03 seconds. CPU system time: 0.01 seconds. Elapsed time: 0.03 seconds; current allocated memory: 603.133 MB.
INFO: [HLS 200-10] ----------------------------------------------------------------
INFO: [HLS 200-10] -- Generating RTL for module 'g6_l1r80_queue_allocate_Pipeline_VITIS_LOOP_53_1' 
INFO: [HLS 200-10] ----------------------------------------------------------------
INFO: [HLS 200-1030] Apply Unified Pipeline Control on module 'g6_l1r80_queue_allocate_Pipeline_VITIS_LOOP_53_1' pipeline 'VITIS_LOOP_53_1' pipeline type 'loop pipeline'
INFO: [RTGEN 206-100] Finished creating RTL model for 'g6_l1r80_queue_allocate_Pipeline_VITIS_LOOP_53_1'.
INFO: [HLS 200-111] Finished Creating RTL model: CPU user time: 0.03 seconds. CPU system time: 0 seconds. Elapsed time: 0.03 seconds; current allocated memory: 603.133 MB.
INFO: [HLS 200-10] ----------------------------------------------------------------
INFO: [HLS 200-10] -- Generating RTL for module 'g6_l1r80_queue_allocate_Pipeline_VITIS_LOOP_59_1' 
INFO: [HLS 200-10] ----------------------------------------------------------------
INFO: [HLS 200-1030] Apply Unified Pipeline Control on module 'g6_l1r80_queue_allocate_Pipeline_VITIS_LOOP_59_1' pipeline 'VITIS_LOOP_59_1' pipeline type 'loop pipeline'
INFO: [RTGEN 206-100] Finished creating RTL model for 'g6_l1r80_queue_allocate_Pipeline_VITIS_LOOP_59_1'.
INFO: [HLS 200-111] Finished Creating RTL model: CPU user time: 0.03 seconds. CPU system time: 0 seconds. Elapsed time: 0.03 seconds; current allocated memory: 603.676 MB.
INFO: [HLS 200-10] ----------------------------------------------------------------
INFO: [HLS 200-10] -- Generating RTL for module 'lsu_accept_completion_Pipeline_FIND_FREE_LDQ' 
INFO: [HLS 200-10] ----------------------------------------------------------------
INFO: [HLS 200-1030] Apply Unified Pipeline Control on module 'lsu_accept_completion_Pipeline_FIND_FREE_LDQ' pipeline 'FIND_FREE_LDQ' pipeline type 'loop pipeline'
INFO: [RTGEN 206-100] Finished creating RTL model for 'lsu_accept_completion_Pipeline_FIND_FREE_LDQ'.
INFO: [HLS 200-111] Finished Creating RTL model: CPU user time: 0.02 seconds. CPU system time: 0 seconds. Elapsed time: 0.02 seconds; current allocated memory: 604.379 MB.
INFO: [HLS 200-10] ----------------------------------------------------------------
INFO: [HLS 200-10] -- Generating RTL for module 'lsu_accept_completion_Pipeline_FIND_FREE_STQ' 
INFO: [HLS 200-10] ----------------------------------------------------------------
INFO: [HLS 200-1030] Apply Unified Pipeline Control on module 'lsu_accept_completion_Pipeline_FIND_FREE_STQ' pipeline 'FIND_FREE_STQ' pipeline type 'loop pipeline'
INFO: [RTGEN 206-100] Finished creating RTL model for 'lsu_accept_completion_Pipeline_FIND_FREE_STQ'.
INFO: [HLS 200-111] Finished Creating RTL model: CPU user time: 0.04 seconds. CPU system time: 0 seconds. Elapsed time: 0.04 seconds; current allocated memory: 605.160 MB.
INFO: [HLS 200-10] ----------------------------------------------------------------
INFO: [HLS 200-10] -- Generating RTL for module 'lsu_accept_completion' 
INFO: [HLS 200-10] ----------------------------------------------------------------
INFO: [RTGEN 206-100] Finished creating RTL model for 'lsu_accept_completion'.
INFO: [HLS 200-111] Finished Creating RTL model: CPU user time: 0.04 seconds. CPU system time: 0 seconds. Elapsed time: 0.04 seconds; current allocated memory: 606.668 MB.
INFO: [HLS 200-10] ----------------------------------------------------------------
INFO: [HLS 200-10] -- Generating RTL for module 'g6_l1r80_queue_allocate_Pipeline_VITIS_LOOP_53_11' 
INFO: [HLS 200-10] ----------------------------------------------------------------
INFO: [HLS 200-1030] Apply Unified Pipeline Control on module 'g6_l1r80_queue_allocate_Pipeline_VITIS_LOOP_53_11' pipeline 'VITIS_LOOP_53_1' pipeline type 'loop pipeline'
INFO: [RTGEN 206-100] Finished creating RTL model for 'g6_l1r80_queue_allocate_Pipeline_VITIS_LOOP_53_11'.
INFO: [HLS 200-111] Finished Creating RTL model: CPU user time: 0.09 seconds. CPU system time: 0 seconds. Elapsed time: 0.09 seconds; current allocated memory: 609.277 MB.
INFO: [HLS 200-10] ----------------------------------------------------------------
INFO: [HLS 200-10] -- Generating RTL for module 'g6_l1r80_queue_allocate_Pipeline_VITIS_LOOP_59_12' 
INFO: [HLS 200-10] ----------------------------------------------------------------
INFO: [HLS 200-1030] Apply Unified Pipeline Control on module 'g6_l1r80_queue_allocate_Pipeline_VITIS_LOOP_59_12' pipeline 'VITIS_LOOP_59_1' pipeline type 'loop pipeline'
INFO: [RTGEN 206-100] Finished creating RTL model for 'g6_l1r80_queue_allocate_Pipeline_VITIS_LOOP_59_12'.
INFO: [HLS 200-111] Finished Creating RTL model: CPU user time: 0.02 seconds. CPU system time: 0 seconds. Elapsed time: 0.03 seconds; current allocated memory: 610.070 MB.
INFO: [HLS 200-10] ----------------------------------------------------------------
INFO: [HLS 200-10] -- Generating RTL for module 'g6_l1r80_queue_allocate' 
INFO: [HLS 200-10] ----------------------------------------------------------------
INFO: [RTGEN 206-500] Setting interface mode on port 'g6_l1r80_queue_allocate/queue_kind' to 'ap_none'.
INFO: [RTGEN 206-500] Setting interface mode on port 'g6_l1r80_queue_allocate/tail' to 'ap_none'.
INFO: [RTGEN 206-500] Setting interface mode on port 'g6_l1r80_queue_allocate/initial_count' to 'ap_none'.
INFO: [RTGEN 206-500] Setting interface mode on port 'g6_l1r80_queue_allocate/allocations' to 'ap_none'.
INFO: [RTGEN 206-500] Setting interface mode on port 'g6_l1r80_queue_allocate/generation' to 'ap_none'.
INFO: [RTGEN 206-500] Setting interface mode on port 'g6_l1r80_queue_allocate/allocation_base' to 'ap_none'.
INFO: [RTGEN 206-500] Setting interface mode on port 'g6_l1r80_queue_allocate/mask' to 'ap_none'.
INFO: [RTGEN 206-500] Setting interface mode on port 'g6_l1r80_queue_allocate/address' to 'ap_none'.
INFO: [RTGEN 206-500] Setting interface mode on port 'g6_l1r80_queue_allocate/obs0' to 'ap_none'.
WARNING: [RTGEN 206-101] Port 'obs0' with mode 'ap_none' may require an associated data valid signal to correctly communicate with other blocks or a test bench; automatic C/RTL co-simulation may not be able to verify such a port.
INFO: [RTGEN 206-500] Setting interface mode on port 'g6_l1r80_queue_allocate/obs1' to 'ap_none'.
WARNING: [RTGEN 206-101] Port 'obs1' with mode 'ap_none' may require an associated data valid signal to correctly communicate with other blocks or a test bench; automatic C/RTL co-simulation may not be able to verify such a port.
INFO: [RTGEN 206-500] Setting interface mode on port 'g6_l1r80_queue_allocate/obs2' to 'ap_none'.
WARNING: [RTGEN 206-101] Port 'obs2' with mode 'ap_none' may require an associated data valid signal to correctly communicate with other blocks or a test bench; automatic C/RTL co-simulation may not be able to verify such a port.
INFO: [RTGEN 206-500] Setting interface mode on port 'g6_l1r80_queue_allocate/obs3' to 'ap_none'.
WARNING: [RTGEN 206-101] Port 'obs3' with mode 'ap_none' may require an associated data valid signal to correctly communicate with other blocks or a test bench; automatic C/RTL co-simulation may not be able to verify such a port.
INFO: [RTGEN 206-500] Setting interface mode on port 'g6_l1r80_queue_allocate/obs4' to 'ap_none'.
WARNING: [RTGEN 206-101] Port 'obs4' with mode 'ap_none' may require an associated data valid signal to correctly communicate with other blocks or a test bench; automatic C/RTL co-simulation may not be able to verify such a port.
INFO: [RTGEN 206-500] Setting interface mode on port 'g6_l1r80_queue_allocate/obs5' to 'ap_none'.
WARNING: [RTGEN 206-101] Port 'obs5' with mode 'ap_none' may require an associated data valid signal to correctly communicate with other blocks or a test bench; automatic C/RTL co-simulation may not be able to verify such a port.
INFO: [RTGEN 206-500] Setting interface mode on port 'g6_l1r80_queue_allocate/obs6' to 'ap_none'.
WARNING: [RTGEN 206-101] Port 'obs6' with mode 'ap_none' may require an associated data valid signal to correctly communicate with other blocks or a test bench; automatic C/RTL co-simulation may not be able to verify such a port.
INFO: [RTGEN 206-500] Setting interface mode on port 'g6_l1r80_queue_allocate/obs7' to 'ap_none'.
WARNING: [RTGEN 206-101] Port 'obs7' with mode 'ap_none' may require an associated data valid signal to correctly communicate with other blocks or a test bench; automatic C/RTL co-simulation may not be able to verify such a port.
INFO: [RTGEN 206-500] Setting interface mode on function 'g6_l1r80_queue_allocate' to 'ap_ctrl_hs'.
INFO: [RTGEN 206-100] Finished creating RTL model for 'g6_l1r80_queue_allocate'.
INFO: [HLS 200-111] Finished Creating RTL model: CPU user time: 0.09 seconds. CPU system time: 0.01 seconds. Elapsed time: 0.09 seconds; current allocated memory: 613.680 MB.
INFO: [RTMG 210-278] Implementing memory 'g6_l1r80_queue_allocate_state_6_0_8_RAM_AUTO_0R0W_ram (RAM)' using auto RAMs with power-on initialization.
INFO: [RTMG 210-278] Implementing memory 'g6_l1r80_queue_allocate_state_6_0_14_RAM_AUTO_0R0W_ram (RAM)' using auto RAMs with power-on initialization.
INFO: [RTMG 210-278] Implementing memory 'g6_l1r80_queue_allocate_state_6_0_15_RAM_AUTO_0R0W_ram (RAM)' using auto RAMs with power-on initialization.
INFO: [RTMG 210-278] Implementing memory 'g6_l1r80_queue_allocate_state_6_0_16_RAM_AUTO_0R0W_ram (RAM)' using auto RAMs with power-on initialization.
INFO: [RTMG 210-278] Implementing memory 'g6_l1r80_queue_allocate_state_6_0_17_RAM_AUTO_0R0W_ram (RAM)' using auto RAMs with power-on initialization.
INFO: [RTMG 210-278] Implementing memory 'g6_l1r80_queue_allocate_state_rob_entries_valid_RAM_AUTO_1R1W_ram (RAM)' using auto RAMs.
INFO: [RTMG 210-278] Implementing memory 'g6_l1r80_queue_allocate_state_rob_entries_uop_imm_packed_RAM_AUTO_1R1W_ram (RAM)' using auto RAMs.
INFO: [RTMG 210-278] Implementing memory 'g6_l1r80_queue_allocate_state_rob_entries_uop_imm_packed_2_RAM_AUTO_1R1W_ram (RAM)' using auto RAMs.
INFO: [RTMG 210-278] Implementing memory 'g6_l1r80_queue_allocate_state_rob_entries_uop_imm_packed_3_RAM_AUTO_1R1W_ram (RAM)' using auto RAMs.
INFO: [RTMG 210-278] Implementing memory 'g6_l1r80_queue_allocate_state_lsu_stq_valid_RAM_AUTO_1R1W_ram (RAM)' using auto RAMs.
INFO: [RTMG 210-278] Implementing memory 'g6_l1r80_queue_allocate_state_lsu_stq_rob_idx_RAM_AUTO_0R0W_ram (RAM)' using auto RAMs.
INFO: [RTMG 210-278] Implementing memory 'g6_l1r80_queue_allocate_state_lsu_stq_rob_allocation_id_RAM_AUTO_0R0W_ram (RAM)' using auto RAMs.
INFO: [RTMG 210-278] Implementing memory 'g6_l1r80_queue_allocate_state_lsu_stq_generation_RAM_AUTO_1R1W_ram (RAM)' using auto RAMs.
INFO: [HLS 200-111] Finished Generating all RTL models: CPU user time: 0.56 seconds. CPU system time: 0.02 seconds. Elapsed time: 0.58 seconds; current allocated memory: 626.730 MB.
INFO: [HLS 200-111] Finished Updating report files: CPU user time: 0.36 seconds. CPU system time: 0.01 seconds. Elapsed time: 0.37 seconds; current allocated memory: 627.922 MB.
INFO: [VHDL 208-304] Generating VHDL RTL for g6_l1r80_queue_allocate.
INFO: [VLOG 209-307] Generating Verilog RTL for g6_l1r80_queue_allocate.
INFO: [HLS 200-790] **** Loop Constraint Status: All loop constraints were satisfied.
INFO: [HLS 200-789] **** Estimated Fmax: 279.52 MHz
INFO: [HLS 200-111] Finished Command csynth_design CPU user time: 40.77 seconds. CPU system time: 1.29 seconds. Elapsed time: 41.58 seconds; current allocated memory: -723.938 MB.
INFO: [HLS 200-112] Total CPU user time: 42.14 seconds. Total CPU system time: 1.65 seconds. Total elapsed time: 42.66 seconds; peak allocated memory: 1.321 GB.
INFO: [Common 17-206] Exiting vitis_hls at Wed Sep 16 11:27:57 2026...
