	Command being timed: "env HLS_BOOM_ROOT=/home/lab_726/boom/hls_boom G6_L1R_PILOT_WORK=/home/lab_726/opencode_tmp/g6_l1_focused_stateless_pilot/image_5_sq_identity G6_L1R_PILOT_TOP=g6_l1r_pilot_sq_identity LQ_DEPTH=8 SQ_DEPTH=8 FPGA_PART=xczu7ev-ffvc1156-2-e CLOCK_PERIOD=10 /home/lab_726/Xilinx/Vitis_HLS/2021.2/bin/vitis_hls -f /home/lab_726/boom/hls_boom/scripts/gate6_0/l1r_stateless_pilot_csynth.tcl"
	User time (seconds): 65.25
	System time (seconds): 1.49
	Percent of CPU this job got: 101%
	Elapsed (wall clock) time (h:mm:ss or m:ss): 1:05.48
	Average shared text size (kbytes): 0
	Average unshared data size (kbytes): 0
	Average stack size (kbytes): 0
	Average total size (kbytes): 0
	Maximum resident set size (kbytes): 1518476
	Average resident set size (kbytes): 0
	Major (requiring I/O) page faults: 1
	Minor (reclaiming a frame) page faults: 1179166
	Voluntary context switches: 2672
	Involuntary context switches: 2347
	Swaps: 0
	File system inputs: 0
	File system outputs: 125968
	Socket messages sent: 0
	Socket messages received: 0
	Signals delivered: 0
	Page size (bytes): 4096
	Exit status: 0
