INFO: [VRFC 10-2263] Analyzing Verilog file "/home/lab_726/opencode_tmp/g6_l1_focused_stateless_pilot/image_5_sq_identity/hls_project/solution/syn/verilog/g6_l1r_pilot_sq_identity_flow_control_loop_pipe_sequential_init.v" into library work
INFO: [VRFC 10-311] analyzing module g6_l1r_pilot_sq_identity_flow_control_loop_pipe_sequential_init
INFO: [VRFC 10-2263] Analyzing Verilog file "/home/lab_726/opencode_tmp/g6_l1_focused_stateless_pilot/image_5_sq_identity/hls_project/solution/syn/verilog/g6_l1r_pilot_sq_identity_lsu_accept_completion_Pipeline_FIND_FREE_STQ.v" into library work
INFO: [VRFC 10-311] analyzing module g6_l1r_pilot_sq_identity_lsu_accept_completion_Pipeline_FIND_FREE_STQ
INFO: [VRFC 10-2263] Analyzing Verilog file "/home/lab_726/opencode_tmp/g6_l1_focused_stateless_pilot/image_5_sq_identity/hls_project/solution/syn/verilog/g6_l1r_pilot_sq_identity_lsu_accept_completion.v" into library work
INFO: [VRFC 10-311] analyzing module g6_l1r_pilot_sq_identity_lsu_accept_completion
INFO: [VRFC 10-2263] Analyzing Verilog file "/home/lab_726/opencode_tmp/g6_l1_focused_stateless_pilot/image_5_sq_identity/hls_project/solution/syn/verilog/g6_l1r_pilot_sq_identity_state_lsu_stq_address_RAM_AUTO_0R0W.v" into library work
INFO: [VRFC 10-311] analyzing module g6_l1r_pilot_sq_identity_state_lsu_stq_address_RAM_AUTO_0R0W
INFO: [VRFC 10-2263] Analyzing Verilog file "/home/lab_726/opencode_tmp/g6_l1_focused_stateless_pilot/image_5_sq_identity/hls_project/solution/syn/verilog/g6_l1r_pilot_sq_identity_state_lsu_stq_address_valid_RAM_AUTO_0R0W.v" into library work
INFO: [VRFC 10-311] analyzing module g6_l1r_pilot_sq_identity_state_lsu_stq_address_valid_RAM_AUTO_0R0W
INFO: [VRFC 10-2263] Analyzing Verilog file "/home/lab_726/opencode_tmp/g6_l1_focused_stateless_pilot/image_5_sq_identity/hls_project/solution/syn/verilog/g6_l1r_pilot_sq_identity_state_lsu_stq_data_RAM_AUTO_0R0W.v" into library work
INFO: [VRFC 10-311] analyzing module g6_l1r_pilot_sq_identity_state_lsu_stq_data_RAM_AUTO_0R0W
INFO: [VRFC 10-2263] Analyzing Verilog file "/home/lab_726/opencode_tmp/g6_l1_focused_stateless_pilot/image_5_sq_identity/hls_project/solution/syn/verilog/g6_l1r_pilot_sq_identity_state_lsu_stq_generation_RAM_AUTO_1R1W.v" into library work
INFO: [VRFC 10-311] analyzing module g6_l1r_pilot_sq_identity_state_lsu_stq_generation_RAM_AUTO_1R1W
INFO: [VRFC 10-2263] Analyzing Verilog file "/home/lab_726/opencode_tmp/g6_l1_focused_stateless_pilot/image_5_sq_identity/hls_project/solution/syn/verilog/g6_l1r_pilot_sq_identity_state_lsu_stq_mask_RAM_AUTO_0R0W.v" into library work
INFO: [VRFC 10-311] analyzing module g6_l1r_pilot_sq_identity_state_lsu_stq_mask_RAM_AUTO_0R0W
INFO: [VRFC 10-2263] Analyzing Verilog file "/home/lab_726/opencode_tmp/g6_l1_focused_stateless_pilot/image_5_sq_identity/hls_project/solution/syn/verilog/g6_l1r_pilot_sq_identity_state_lsu_stq_rob_allocation_id_RAM_AUTO_1R1W.v" into library work
INFO: [VRFC 10-311] analyzing module g6_l1r_pilot_sq_identity_state_lsu_stq_rob_allocation_id_RAM_AUTO_1R1W
INFO: [VRFC 10-2263] Analyzing Verilog file "/home/lab_726/opencode_tmp/g6_l1_focused_stateless_pilot/image_5_sq_identity/hls_project/solution/syn/verilog/g6_l1r_pilot_sq_identity_state_lsu_stq_rob_idx_RAM_AUTO_1R1W.v" into library work
INFO: [VRFC 10-311] analyzing module g6_l1r_pilot_sq_identity_state_lsu_stq_rob_idx_RAM_AUTO_1R1W
INFO: [VRFC 10-2263] Analyzing Verilog file "/home/lab_726/opencode_tmp/g6_l1_focused_stateless_pilot/image_5_sq_identity/hls_project/solution/syn/verilog/g6_l1r_pilot_sq_identity_state_lsu_stq_valid_RAM_AUTO_1R1W.v" into library work
INFO: [VRFC 10-311] analyzing module g6_l1r_pilot_sq_identity_state_lsu_stq_valid_RAM_AUTO_1R1W
INFO: [VRFC 10-2263] Analyzing Verilog file "/home/lab_726/opencode_tmp/g6_l1_focused_stateless_pilot/image_5_sq_identity/hls_project/solution/syn/verilog/g6_l1r_pilot_sq_identity.v" into library work
INFO: [VRFC 10-311] analyzing module g6_l1r_pilot_sq_identity
