Vivado Simulator v2021.2
Copyright 1986-1999, 2001-2021 Xilinx, Inc. All Rights Reserved.
Running: /home/lab_726/Xilinx/Vivado/2021.2/bin/unwrapped/lnx64.o/xelab g6_l1r_stateless_pilot_tb -s sq_identity_snapshot -timescale 1ns/1ps 
Multi-threading is on. Using 18 slave threads.
Starting static elaboration
Pass Through NonSizing Optimizer
WARNING: [VRFC 10-3645] port 'ap_local_block' remains unconnected for this instance [/home/lab_726/boom/hls_boom/rtl_tb/gate6_0/g6_l1r_stateless_pilot_tb.sv:12]
Completed static elaboration
Starting simulation data flow analysis
Completed simulation data flow analysis
Time Resolution for simulation is 1ps
Compiling module work.g6_l1r_pilot_sq_identity_state_l...
Compiling module work.g6_l1r_pilot_sq_identity_state_l...
Compiling module work.g6_l1r_pilot_sq_identity_state_l...
Compiling module work.g6_l1r_pilot_sq_identity_state_l...
Compiling module work.g6_l1r_pilot_sq_identity_state_l...
Compiling module work.g6_l1r_pilot_sq_identity_state_l...
Compiling module work.g6_l1r_pilot_sq_identity_state_l...
Compiling module work.g6_l1r_pilot_sq_identity_state_l...
Compiling module work.g6_l1r_pilot_sq_identity_flow_co...
Compiling module work.g6_l1r_pilot_sq_identity_lsu_acc...
Compiling module work.g6_l1r_pilot_sq_identity_lsu_acc...
Compiling module work.g6_l1r_pilot_sq_identity
Compiling module work.g6_l1r_stateless_pilot_tb
Built simulation snapshot sq_identity_snapshot
